<?xml version="1.0" encoding="utf-8"?>
<CoverageSession xmlns:xsd="http://www.w3.org/2001/XMLSchema" xmlns:xsi="http://www.w3.org/2001/XMLSchema-instance">
  <Summary numSequencePoints="6783" visitedSequencePoints="4072" numBranchPoints="4265" visitedBranchPoints="2094" sequenceCoverage="60.03" branchCoverage="49.10" maxCyclomaticComplexity="41" minCyclomaticComplexity="1" visitedClasses="132" numClasses="168" visitedMethods="853" numMethods="1253" />
  <Modules>
    <Module hash="7D-5E-24-F6-CF-70-C9-2E-C5-AF-59-05-A8-A5-AC-1F-03-14-E3-10">
      <Summary numSequencePoints="6783" visitedSequencePoints="4072" numBranchPoints="4265" visitedBranchPoints="2094" sequenceCoverage="60.03" branchCoverage="49.10" maxCyclomaticComplexity="41" minCyclomaticComplexity="1" visitedClasses="132" numClasses="168" visitedMethods="853" numMethods="1253" />
      <ModulePath>C:\Users\Ajiemar Santiago\Documents\_Projects\IBM\dot-net-sdk\Test\Test\bin\Release\sdk.dll</ModulePath>
      <ModuleTime>2016-12-15T23:36:04.095539Z</ModuleTime>
      <ModuleName>sdk</ModuleName>
      <Files>
        <File uid="1" fullPath="C:\Users\Ajiemar Santiago\Documents\_Projects\IBM\dot-net-sdk\sdk\src\utilities\DataTypes.cs" />
        <File uid="2" fullPath="C:\Users\Ajiemar Santiago\Documents\_Projects\IBM\dot-net-sdk\sdk\src\utilities\AudioClip.cs" />
        <File uid="3" fullPath="C:\Users\Ajiemar Santiago\Documents\_Projects\IBM\dot-net-sdk\sdk\src\utilities\AudioClipUtil.cs" />
        <File uid="4" fullPath="C:\Users\Ajiemar Santiago\Documents\_Projects\IBM\dot-net-sdk\sdk\src\utilities\Config.cs" />
        <File uid="7" fullPath="C:\Users\Ajiemar Santiago\Documents\_Projects\IBM\dot-net-sdk\sdk\src\utilities\Constants.cs" />
        <File uid="8" fullPath="C:\Users\Ajiemar Santiago\Documents\_Projects\IBM\dot-net-sdk\sdk\src\utilities\Credentials.cs" />
        <File uid="9" fullPath="C:\Users\Ajiemar Santiago\Documents\_Projects\IBM\dot-net-sdk\sdk\src\utilities\DataCache.cs" />
        <File uid="11" fullPath="C:\Users\Ajiemar Santiago\Documents\_Projects\IBM\dot-net-sdk\sdk\src\utilities\EventManager.cs" />
        <File uid="13" fullPath="C:\Users\Ajiemar Santiago\Documents\_Projects\IBM\dot-net-sdk\sdk\src\utilities\Runnable.cs" />
        <File uid="17" fullPath="C:\Users\Ajiemar Santiago\Documents\_Projects\IBM\dot-net-sdk\sdk\src\utilities\Singleton.cs" />
        <File uid="18" fullPath="C:\Users\Ajiemar Santiago\Documents\_Projects\IBM\dot-net-sdk\sdk\src\utilities\Utility.cs" />
        <File uid="20" fullPath="C:\Users\Ajiemar Santiago\Documents\_Projects\IBM\dot-net-sdk\sdk\src\utilities\WatsonException.cs" />
        <File uid="21" fullPath="C:\Users\Ajiemar Santiago\Documents\_Projects\IBM\dot-net-sdk\sdk\src\utilities\WaveFile.cs" />
        <File uid="22" fullPath="C:\Users\Ajiemar Santiago\Documents\_Projects\IBM\dot-net-sdk\sdk\src\testing\UnitTest.cs" />
        <File uid="23" fullPath="C:\Users\Ajiemar Santiago\Documents\_Projects\IBM\dot-net-sdk\sdk\src\testing\TestRunnable.cs" />
        <File uid="55" fullPath="C:\Users\Ajiemar Santiago\Documents\_Projects\IBM\dot-net-sdk\sdk\src\services\VisualRecognition\VisualRecognition.cs" />
        <File uid="94" fullPath="C:\Users\Ajiemar Santiago\Documents\_Projects\IBM\dot-net-sdk\sdk\src\services\TradeoffAnalytics\TradeoffAnalytics.cs" />
        <File uid="103" fullPath="C:\Users\Ajiemar Santiago\Documents\_Projects\IBM\dot-net-sdk\sdk\src\services\ToneAnalyzer\ToneAnalyzer.cs" />
        <File uid="119" fullPath="C:\Users\Ajiemar Santiago\Documents\_Projects\IBM\dot-net-sdk\sdk\src\services\TextToSpeech\TextToSpeech.cs" />
        <File uid="164" fullPath="C:\Users\Ajiemar Santiago\Documents\_Projects\IBM\dot-net-sdk\sdk\src\services\SpeechToText\SpeechToText.cs" />
        <File uid="211" fullPath="C:\Users\Ajiemar Santiago\Documents\_Projects\IBM\dot-net-sdk\sdk\src\services\RetrieveAndRank\RetrieveAndRank.cs" />
        <File uid="238" fullPath="C:\Users\Ajiemar Santiago\Documents\_Projects\IBM\dot-net-sdk\sdk\src\services\PersonalityInsights\v3\PersonalityInsights.cs" />
        <File uid="246" fullPath="C:\Users\Ajiemar Santiago\Documents\_Projects\IBM\dot-net-sdk\sdk\src\services\PersonalityInsights\v2\PersonalityInsights.cs" />
        <File uid="253" fullPath="C:\Users\Ajiemar Santiago\Documents\_Projects\IBM\dot-net-sdk\sdk\src\services\NaturalLanguageClassifier\NaturalLanguageClassifier.cs" />
        <File uid="267" fullPath="C:\Users\Ajiemar Santiago\Documents\_Projects\IBM\dot-net-sdk\sdk\src\services\LanguageTranslator\LanguageTranslator.cs" />
        <File uid="279" fullPath="C:\Users\Ajiemar Santiago\Documents\_Projects\IBM\dot-net-sdk\sdk\src\services\DocumentConversion\DocumentConversion.cs" />
        <File uid="282" fullPath="C:\Users\Ajiemar Santiago\Documents\_Projects\IBM\dot-net-sdk\sdk\src\services\Conversation\Conversation.cs" />
        <File uid="294" fullPath="C:\Users\Ajiemar Santiago\Documents\_Projects\IBM\dot-net-sdk\sdk\src\services\AlchemyAPI\AlchemyAPI.cs" />
        <File uid="364" fullPath="C:\Users\Ajiemar Santiago\Documents\_Projects\IBM\dot-net-sdk\sdk\src\logging\FileReactor.cs" />
        <File uid="365" fullPath="C:\Users\Ajiemar Santiago\Documents\_Projects\IBM\dot-net-sdk\sdk\src\logging\Logger.cs" />
        <File uid="368" fullPath="C:\Users\Ajiemar Santiago\Documents\_Projects\IBM\dot-net-sdk\sdk\src\connection\RESTConnector.cs" />
        <File uid="373" fullPath="C:\Users\Ajiemar Santiago\Documents\_Projects\IBM\dot-net-sdk\sdk\src\connection\WSConnector.cs" />
      </Files>
      <Classes>
        <Class>
          <Summary numSequencePoints="15" visitedSequencePoints="0" numBranchPoints="9" visitedBranchPoints="0" sequenceCoverage="0" branchCoverage="0" maxCyclomaticComplexity="1" minCyclomaticComplexity="1" visitedClasses="0" numClasses="1" visitedMethods="0" numMethods="9" />
          <FullName>IBM.Watson.DeveloperCloud.DataTypes.AudioData</FullName>
          <Methods>
            <Method visited="false" cyclomaticComplexity="1" nPathComplexity="0" sequenceCoverage="0" branchCoverage="0" isConstructor="false" isStatic="false" isGetter="true" isSetter="false">
              <Summary numSequencePoints="1" visitedSequencePoints="0" numBranchPoints="1" visitedBranchPoints="0" sequenceCoverage="0" branchCoverage="0" maxCyclomaticComplexity="1" minCyclomaticComplexity="1" visitedClasses="0" numClasses="0" visitedMethods="0" numMethods="1" />
              <MetadataToken>100663651</MetadataToken>
              <Name>System.String IBM.Watson.DeveloperCloud.DataTypes.AudioData::get_Name()</Name>
              <FileRef uid="1" />
              <SequencePoints>
                <SequencePoint vc="0" uspid="1" ordinal="0" offset="0" sl="12" sc="13" el="12" ec="30" bec="0" bev="0" fileid="1" />
              </SequencePoints>
              <BranchPoints />
              <MethodPoint xsi:type="SequencePoint" vc="0" uspid="1" ordinal="0" offset="0" sl="12" sc="13" el="12" ec="30" bec="0" bev="0" fileid="1" />
            </Method>
            <Method visited="false" cyclomaticComplexity="1" nPathComplexity="0" sequenceCoverage="0" branchCoverage="0" isConstructor="false" isStatic="false" isGetter="true" isSetter="false">
              <Summary numSequencePoints="1" visitedSequencePoints="0" numBranchPoints="1" visitedBranchPoints="0" sequenceCoverage="0" branchCoverage="0" maxCyclomaticComplexity="1" minCyclomaticComplexity="1" visitedClasses="0" numClasses="0" visitedMethods="0" numMethods="1" />
              <MetadataToken>100663656</MetadataToken>
              <Name>IBM.Watson.DeveloperCloud.Utilities.AudioClip IBM.Watson.DeveloperCloud.DataTypes.AudioData::get_Clip()</Name>
              <FileRef uid="1" />
              <SequencePoints>
                <SequencePoint vc="0" uspid="2" ordinal="0" offset="0" sl="48" sc="29" el="48" ec="33" bec="0" bev="0" fileid="1" />
              </SequencePoints>
              <BranchPoints />
              <MethodPoint xsi:type="SequencePoint" vc="0" uspid="2" ordinal="0" offset="0" sl="48" sc="29" el="48" ec="33" bec="0" bev="0" fileid="1" />
            </Method>
            <Method visited="false" cyclomaticComplexity="1" nPathComplexity="0" sequenceCoverage="0" branchCoverage="0" isConstructor="false" isStatic="false" isGetter="false" isSetter="true">
              <Summary numSequencePoints="1" visitedSequencePoints="0" numBranchPoints="1" visitedBranchPoints="0" sequenceCoverage="0" branchCoverage="0" maxCyclomaticComplexity="1" minCyclomaticComplexity="1" visitedClasses="0" numClasses="0" visitedMethods="0" numMethods="1" />
              <MetadataToken>100663657</MetadataToken>
              <Name>System.Void IBM.Watson.DeveloperCloud.DataTypes.AudioData::set_Clip(IBM.Watson.DeveloperCloud.Utilities.AudioClip)</Name>
              <FileRef uid="1" />
              <SequencePoints>
                <SequencePoint vc="0" uspid="3" ordinal="0" offset="0" sl="48" sc="34" el="48" ec="38" bec="0" bev="0" fileid="1" />
              </SequencePoints>
              <BranchPoints />
              <MethodPoint xsi:type="SequencePoint" vc="0" uspid="3" ordinal="0" offset="0" sl="48" sc="34" el="48" ec="38" bec="0" bev="0" fileid="1" />
            </Method>
            <Method visited="false" cyclomaticComplexity="1" nPathComplexity="0" sequenceCoverage="0" branchCoverage="0" isConstructor="false" isStatic="false" isGetter="true" isSetter="false">
              <Summary numSequencePoints="1" visitedSequencePoints="0" numBranchPoints="1" visitedBranchPoints="0" sequenceCoverage="0" branchCoverage="0" maxCyclomaticComplexity="1" minCyclomaticComplexity="1" visitedClasses="0" numClasses="0" visitedMethods="0" numMethods="1" />
              <MetadataToken>100663658</MetadataToken>
              <Name>System.Single IBM.Watson.DeveloperCloud.DataTypes.AudioData::get_MaxLevel()</Name>
              <FileRef uid="1" />
              <SequencePoints>
                <SequencePoint vc="0" uspid="4" ordinal="0" offset="0" sl="52" sc="29" el="52" ec="33" bec="0" bev="0" fileid="1" />
              </SequencePoints>
              <BranchPoints />
              <MethodPoint xsi:type="SequencePoint" vc="0" uspid="4" ordinal="0" offset="0" sl="52" sc="29" el="52" ec="33" bec="0" bev="0" fileid="1" />
            </Method>
            <Method visited="false" cyclomaticComplexity="1" nPathComplexity="0" sequenceCoverage="0" branchCoverage="0" isConstructor="false" isStatic="false" isGetter="false" isSetter="true">
              <Summary numSequencePoints="1" visitedSequencePoints="0" numBranchPoints="1" visitedBranchPoints="0" sequenceCoverage="0" branchCoverage="0" maxCyclomaticComplexity="1" minCyclomaticComplexity="1" visitedClasses="0" numClasses="0" visitedMethods="0" numMethods="1" />
              <MetadataToken>100663659</MetadataToken>
              <Name>System.Void IBM.Watson.DeveloperCloud.DataTypes.AudioData::set_MaxLevel(System.Single)</Name>
              <FileRef uid="1" />
              <SequencePoints>
                <SequencePoint vc="0" uspid="5" ordinal="0" offset="0" sl="52" sc="34" el="52" ec="38" bec="0" bev="0" fileid="1" />
              </SequencePoints>
              <BranchPoints />
              <MethodPoint xsi:type="SequencePoint" vc="0" uspid="5" ordinal="0" offset="0" sl="52" sc="34" el="52" ec="38" bec="0" bev="0" fileid="1" />
            </Method>
            <Method visited="false" cyclomaticComplexity="1" nPathComplexity="0" sequenceCoverage="0" branchCoverage="0" isConstructor="true" isStatic="false" isGetter="false" isSetter="false">
              <Summary numSequencePoints="2" visitedSequencePoints="0" numBranchPoints="1" visitedBranchPoints="0" sequenceCoverage="0" branchCoverage="0" maxCyclomaticComplexity="1" minCyclomaticComplexity="1" visitedClasses="0" numClasses="0" visitedMethods="0" numMethods="1" />
              <MetadataToken>100663652</MetadataToken>
              <Name>System.Void IBM.Watson.DeveloperCloud.DataTypes.AudioData::.ctor()</Name>
              <FileRef uid="1" />
              <SequencePoints>
                <SequencePoint vc="0" uspid="6" ordinal="0" offset="0" sl="17" sc="5" el="17" ec="23" bec="0" bev="0" fileid="1" />
                <SequencePoint vc="0" uspid="7" ordinal="1" offset="6" sl="18" sc="7" el="18" ec="8" bec="0" bev="0" fileid="1" />
              </SequencePoints>
              <BranchPoints />
              <MethodPoint xsi:type="SequencePoint" vc="0" uspid="6" ordinal="0" offset="0" sl="17" sc="5" el="17" ec="23" bec="0" bev="0" fileid="1" />
            </Method>
            <Method visited="false" cyclomaticComplexity="1" nPathComplexity="0" sequenceCoverage="0" branchCoverage="0" isConstructor="false" isStatic="false" isGetter="false" isSetter="false">
              <Summary numSequencePoints="3" visitedSequencePoints="0" numBranchPoints="1" visitedBranchPoints="0" sequenceCoverage="0" branchCoverage="0" maxCyclomaticComplexity="1" minCyclomaticComplexity="1" visitedClasses="0" numClasses="0" visitedMethods="0" numMethods="1" />
              <MetadataToken>100663653</MetadataToken>
              <Name>System.Void IBM.Watson.DeveloperCloud.DataTypes.AudioData::Finalize()</Name>
              <FileRef uid="1" />
              <SequencePoints>
                <SequencePoint vc="0" uspid="8" ordinal="0" offset="0" sl="23" sc="7" el="23" ec="19" bec="0" bev="0" fileid="1" />
                <SequencePoint vc="0" uspid="9" ordinal="1" offset="9" sl="24" sc="5" el="24" ec="6" bec="0" bev="0" fileid="1" />
                <SequencePoint vc="0" uspid="10" ordinal="2" offset="16" sl="24" sc="5" el="24" ec="6" bec="0" bev="0" fileid="1" />
              </SequencePoints>
              <BranchPoints />
              <MethodPoint xsi:type="SequencePoint" vc="0" uspid="8" ordinal="0" offset="0" sl="23" sc="7" el="23" ec="19" bec="0" bev="0" fileid="1" />
            </Method>
            <Method visited="false" cyclomaticComplexity="1" nPathComplexity="0" sequenceCoverage="0" branchCoverage="0" isConstructor="true" isStatic="false" isGetter="false" isSetter="false">
              <Summary numSequencePoints="4" visitedSequencePoints="0" numBranchPoints="1" visitedBranchPoints="0" sequenceCoverage="0" branchCoverage="0" maxCyclomaticComplexity="1" minCyclomaticComplexity="1" visitedClasses="0" numClasses="0" visitedMethods="0" numMethods="1" />
              <MetadataToken>100663654</MetadataToken>
              <Name>System.Void IBM.Watson.DeveloperCloud.DataTypes.AudioData::.ctor(IBM.Watson.DeveloperCloud.Utilities.AudioClip,System.Single)</Name>
              <FileRef uid="1" />
              <SequencePoints>
                <SequencePoint vc="0" uspid="11" ordinal="0" offset="0" sl="31" sc="5" el="31" ec="53" bec="0" bev="0" fileid="1" />
                <SequencePoint vc="0" uspid="12" ordinal="1" offset="6" sl="33" sc="7" el="33" ec="19" bec="0" bev="0" fileid="1" />
                <SequencePoint vc="0" uspid="13" ordinal="2" offset="13" sl="34" sc="7" el="34" ec="27" bec="0" bev="0" fileid="1" />
                <SequencePoint vc="0" uspid="14" ordinal="3" offset="20" sl="35" sc="5" el="35" ec="6" bec="0" bev="0" fileid="1" />
              </SequencePoints>
              <BranchPoints />
              <MethodPoint xsi:type="SequencePoint" vc="0" uspid="11" ordinal="0" offset="0" sl="31" sc="5" el="31" ec="53" bec="0" bev="0" fileid="1" />
            </Method>
            <Method visited="false" cyclomaticComplexity="1" nPathComplexity="0" sequenceCoverage="0" branchCoverage="0" isConstructor="false" isStatic="false" isGetter="false" isSetter="false">
              <Summary numSequencePoints="1" visitedSequencePoints="0" numBranchPoints="1" visitedBranchPoints="0" sequenceCoverage="0" branchCoverage="0" maxCyclomaticComplexity="1" minCyclomaticComplexity="1" visitedClasses="0" numClasses="0" visitedMethods="0" numMethods="1" />
              <MetadataToken>100663655</MetadataToken>
              <Name>System.String IBM.Watson.DeveloperCloud.DataTypes.AudioData::GetName()</Name>
              <FileRef uid="1" />
              <SequencePoints>
                <SequencePoint vc="0" uspid="15" ordinal="0" offset="0" sl="42" sc="7" el="42" ec="22" bec="0" bev="0" fileid="1" />
              </SequencePoints>
              <BranchPoints />
              <MethodPoint xsi:type="SequencePoint" vc="0" uspid="15" ordinal="0" offset="0" sl="42" sc="7" el="42" ec="22" bec="0" bev="0" fileid="1" />
            </Method>
          </Methods>
        </Class>
        <Class>
          <Summary numSequencePoints="29" visitedSequencePoints="21" numBranchPoints="21" visitedBranchPoints="13" sequenceCoverage="72.41" branchCoverage="61.90" maxCyclomaticComplexity="1" minCyclomaticComplexity="1" visitedClasses="1" numClasses="1" visitedMethods="13" numMethods="21" />
          <FullName>IBM.Watson.DeveloperCloud.Utilities.AudioClip</FullName>
          <Methods>
            <Method visited="false" cyclomaticComplexity="1" nPathComplexity="0" sequenceCoverage="0" branchCoverage="0" isConstructor="false" isStatic="false" isGetter="true" isSetter="false">
              <Summary numSequencePoints="1" visitedSequencePoints="0" numBranchPoints="1" visitedBranchPoints="0" sequenceCoverage="0" branchCoverage="0" maxCyclomaticComplexity="1" minCyclomaticComplexity="1" visitedClasses="0" numClasses="0" visitedMethods="0" numMethods="1" />
              <MetadataToken>100663660</MetadataToken>
              <Name>System.String IBM.Watson.DeveloperCloud.Utilities.AudioClip::get_name()</Name>
              <FileRef uid="2" />
              <SequencePoints>
                <SequencePoint vc="0" uspid="16" ordinal="0" offset="0" sl="35" sc="26" el="35" ec="30" bec="0" bev="0" fileid="2" />
              </SequencePoints>
              <BranchPoints />
              <MethodPoint xsi:type="SequencePoint" vc="0" uspid="16" ordinal="0" offset="0" sl="35" sc="26" el="35" ec="30" bec="0" bev="0" fileid="2" />
            </Method>
            <Method visited="true" cyclomaticComplexity="1" nPathComplexity="0" sequenceCoverage="100" branchCoverage="100" isConstructor="false" isStatic="false" isGetter="false" isSetter="true">
              <Summary numSequencePoints="1" visitedSequencePoints="1" numBranchPoints="1" visitedBranchPoints="1" sequenceCoverage="100" branchCoverage="100" maxCyclomaticComplexity="1" minCyclomaticComplexity="1" visitedClasses="0" numClasses="0" visitedMethods="1" numMethods="1" />
              <MetadataToken>100663661</MetadataToken>
              <Name>System.Void IBM.Watson.DeveloperCloud.Utilities.AudioClip::set_name(System.String)</Name>
              <FileRef uid="2" />
              <SequencePoints>
                <SequencePoint vc="3" uspid="17" ordinal="0" offset="0" sl="35" sc="31" el="35" ec="35" bec="0" bev="0" fileid="2" />
              </SequencePoints>
              <BranchPoints />
              <MethodPoint xsi:type="SequencePoint" vc="3" uspid="17" ordinal="0" offset="0" sl="35" sc="31" el="35" ec="35" bec="0" bev="0" fileid="2" />
            </Method>
            <Method visited="true" cyclomaticComplexity="1" nPathComplexity="0" sequenceCoverage="100" branchCoverage="100" isConstructor="false" isStatic="false" isGetter="true" isSetter="false">
              <Summary numSequencePoints="1" visitedSequencePoints="1" numBranchPoints="1" visitedBranchPoints="1" sequenceCoverage="100" branchCoverage="100" maxCyclomaticComplexity="1" minCyclomaticComplexity="1" visitedClasses="0" numClasses="0" visitedMethods="1" numMethods="1" />
              <MetadataToken>100663662</MetadataToken>
              <Name>System.Int32 IBM.Watson.DeveloperCloud.Utilities.AudioClip::get_channels()</Name>
              <FileRef uid="2" />
              <SequencePoints>
                <SequencePoint vc="4" uspid="18" ordinal="0" offset="0" sl="39" sc="27" el="39" ec="31" bec="0" bev="0" fileid="2" />
              </SequencePoints>
              <BranchPoints />
              <MethodPoint xsi:type="SequencePoint" vc="4" uspid="18" ordinal="0" offset="0" sl="39" sc="27" el="39" ec="31" bec="0" bev="0" fileid="2" />
            </Method>
            <Method visited="true" cyclomaticComplexity="1" nPathComplexity="0" sequenceCoverage="100" branchCoverage="100" isConstructor="false" isStatic="false" isGetter="false" isSetter="true">
              <Summary numSequencePoints="1" visitedSequencePoints="1" numBranchPoints="1" visitedBranchPoints="1" sequenceCoverage="100" branchCoverage="100" maxCyclomaticComplexity="1" minCyclomaticComplexity="1" visitedClasses="0" numClasses="0" visitedMethods="1" numMethods="1" />
              <MetadataToken>100663663</MetadataToken>
              <Name>System.Void IBM.Watson.DeveloperCloud.Utilities.AudioClip::set_channels(System.Int32)</Name>
              <FileRef uid="2" />
              <SequencePoints>
                <SequencePoint vc="3" uspid="19" ordinal="0" offset="0" sl="39" sc="32" el="39" ec="36" bec="0" bev="0" fileid="2" />
              </SequencePoints>
              <BranchPoints />
              <MethodPoint xsi:type="SequencePoint" vc="3" uspid="19" ordinal="0" offset="0" sl="39" sc="32" el="39" ec="36" bec="0" bev="0" fileid="2" />
            </Method>
            <Method visited="true" cyclomaticComplexity="1" nPathComplexity="0" sequenceCoverage="100" branchCoverage="100" isConstructor="false" isStatic="false" isGetter="true" isSetter="false">
              <Summary numSequencePoints="1" visitedSequencePoints="1" numBranchPoints="1" visitedBranchPoints="1" sequenceCoverage="100" branchCoverage="100" maxCyclomaticComplexity="1" minCyclomaticComplexity="1" visitedClasses="0" numClasses="0" visitedMethods="1" numMethods="1" />
              <MetadataToken>100663664</MetadataToken>
              <Name>System.Int32 IBM.Watson.DeveloperCloud.Utilities.AudioClip::get_frequency()</Name>
              <FileRef uid="2" />
              <SequencePoints>
                <SequencePoint vc="2" uspid="20" ordinal="0" offset="0" sl="43" sc="28" el="43" ec="32" bec="0" bev="0" fileid="2" />
              </SequencePoints>
              <BranchPoints />
              <MethodPoint xsi:type="SequencePoint" vc="2" uspid="20" ordinal="0" offset="0" sl="43" sc="28" el="43" ec="32" bec="0" bev="0" fileid="2" />
            </Method>
            <Method visited="true" cyclomaticComplexity="1" nPathComplexity="0" sequenceCoverage="100" branchCoverage="100" isConstructor="false" isStatic="false" isGetter="false" isSetter="true">
              <Summary numSequencePoints="1" visitedSequencePoints="1" numBranchPoints="1" visitedBranchPoints="1" sequenceCoverage="100" branchCoverage="100" maxCyclomaticComplexity="1" minCyclomaticComplexity="1" visitedClasses="0" numClasses="0" visitedMethods="1" numMethods="1" />
              <MetadataToken>100663665</MetadataToken>
              <Name>System.Void IBM.Watson.DeveloperCloud.Utilities.AudioClip::set_frequency(System.Int32)</Name>
              <FileRef uid="2" />
              <SequencePoints>
                <SequencePoint vc="3" uspid="21" ordinal="0" offset="0" sl="43" sc="33" el="43" ec="37" bec="0" bev="0" fileid="2" />
              </SequencePoints>
              <BranchPoints />
              <MethodPoint xsi:type="SequencePoint" vc="3" uspid="21" ordinal="0" offset="0" sl="43" sc="33" el="43" ec="37" bec="0" bev="0" fileid="2" />
            </Method>
            <Method visited="false" cyclomaticComplexity="1" nPathComplexity="0" sequenceCoverage="0" branchCoverage="0" isConstructor="false" isStatic="false" isGetter="true" isSetter="false">
              <Summary numSequencePoints="1" visitedSequencePoints="0" numBranchPoints="1" visitedBranchPoints="0" sequenceCoverage="0" branchCoverage="0" maxCyclomaticComplexity="1" minCyclomaticComplexity="1" visitedClasses="0" numClasses="0" visitedMethods="0" numMethods="1" />
              <MetadataToken>100663666</MetadataToken>
              <Name>System.Single IBM.Watson.DeveloperCloud.Utilities.AudioClip::get_length()</Name>
              <FileRef uid="2" />
              <SequencePoints>
                <SequencePoint vc="0" uspid="22" ordinal="0" offset="0" sl="47" sc="27" el="47" ec="31" bec="0" bev="0" fileid="2" />
              </SequencePoints>
              <BranchPoints />
              <MethodPoint xsi:type="SequencePoint" vc="0" uspid="22" ordinal="0" offset="0" sl="47" sc="27" el="47" ec="31" bec="0" bev="0" fileid="2" />
            </Method>
            <Method visited="true" cyclomaticComplexity="1" nPathComplexity="0" sequenceCoverage="100" branchCoverage="100" isConstructor="false" isStatic="false" isGetter="false" isSetter="true">
              <Summary numSequencePoints="1" visitedSequencePoints="1" numBranchPoints="1" visitedBranchPoints="1" sequenceCoverage="100" branchCoverage="100" maxCyclomaticComplexity="1" minCyclomaticComplexity="1" visitedClasses="0" numClasses="0" visitedMethods="1" numMethods="1" />
              <MetadataToken>100663667</MetadataToken>
              <Name>System.Void IBM.Watson.DeveloperCloud.Utilities.AudioClip::set_length(System.Single)</Name>
              <FileRef uid="2" />
              <SequencePoints>
                <SequencePoint vc="3" uspid="23" ordinal="0" offset="0" sl="47" sc="32" el="47" ec="36" bec="0" bev="0" fileid="2" />
              </SequencePoints>
              <BranchPoints />
              <MethodPoint xsi:type="SequencePoint" vc="3" uspid="23" ordinal="0" offset="0" sl="47" sc="32" el="47" ec="36" bec="0" bev="0" fileid="2" />
            </Method>
            <Method visited="false" cyclomaticComplexity="1" nPathComplexity="0" sequenceCoverage="0" branchCoverage="0" isConstructor="false" isStatic="false" isGetter="true" isSetter="false">
              <Summary numSequencePoints="1" visitedSequencePoints="0" numBranchPoints="1" visitedBranchPoints="0" sequenceCoverage="0" branchCoverage="0" maxCyclomaticComplexity="1" minCyclomaticComplexity="1" visitedClasses="0" numClasses="0" visitedMethods="0" numMethods="1" />
              <MetadataToken>100663668</MetadataToken>
              <Name>System.Boolean IBM.Watson.DeveloperCloud.Utilities.AudioClip::get_stream()</Name>
              <FileRef uid="2" />
              <SequencePoints>
                <SequencePoint vc="0" uspid="24" ordinal="0" offset="0" sl="51" sc="26" el="51" ec="30" bec="0" bev="0" fileid="2" />
              </SequencePoints>
              <BranchPoints />
              <MethodPoint xsi:type="SequencePoint" vc="0" uspid="24" ordinal="0" offset="0" sl="51" sc="26" el="51" ec="30" bec="0" bev="0" fileid="2" />
            </Method>
            <Method visited="true" cyclomaticComplexity="1" nPathComplexity="0" sequenceCoverage="100" branchCoverage="100" isConstructor="false" isStatic="false" isGetter="false" isSetter="true">
              <Summary numSequencePoints="1" visitedSequencePoints="1" numBranchPoints="1" visitedBranchPoints="1" sequenceCoverage="100" branchCoverage="100" maxCyclomaticComplexity="1" minCyclomaticComplexity="1" visitedClasses="0" numClasses="0" visitedMethods="1" numMethods="1" />
              <MetadataToken>100663669</MetadataToken>
              <Name>System.Void IBM.Watson.DeveloperCloud.Utilities.AudioClip::set_stream(System.Boolean)</Name>
              <FileRef uid="2" />
              <SequencePoints>
                <SequencePoint vc="3" uspid="25" ordinal="0" offset="0" sl="51" sc="31" el="51" ec="35" bec="0" bev="0" fileid="2" />
              </SequencePoints>
              <BranchPoints />
              <MethodPoint xsi:type="SequencePoint" vc="3" uspid="25" ordinal="0" offset="0" sl="51" sc="31" el="51" ec="35" bec="0" bev="0" fileid="2" />
            </Method>
            <Method visited="false" cyclomaticComplexity="1" nPathComplexity="0" sequenceCoverage="0" branchCoverage="0" isConstructor="false" isStatic="false" isGetter="true" isSetter="false">
              <Summary numSequencePoints="1" visitedSequencePoints="0" numBranchPoints="1" visitedBranchPoints="0" sequenceCoverage="0" branchCoverage="0" maxCyclomaticComplexity="1" minCyclomaticComplexity="1" visitedClasses="0" numClasses="0" visitedMethods="0" numMethods="1" />
              <MetadataToken>100663670</MetadataToken>
              <Name>System.Byte[] IBM.Watson.DeveloperCloud.Utilities.AudioClip::get_audioBytes()</Name>
              <FileRef uid="2" />
              <SequencePoints>
                <SequencePoint vc="0" uspid="26" ordinal="0" offset="0" sl="59" sc="32" el="59" ec="36" bec="0" bev="0" fileid="2" />
              </SequencePoints>
              <BranchPoints />
              <MethodPoint xsi:type="SequencePoint" vc="0" uspid="26" ordinal="0" offset="0" sl="59" sc="32" el="59" ec="36" bec="0" bev="0" fileid="2" />
            </Method>
            <Method visited="false" cyclomaticComplexity="1" nPathComplexity="0" sequenceCoverage="0" branchCoverage="0" isConstructor="false" isStatic="false" isGetter="false" isSetter="true">
              <Summary numSequencePoints="1" visitedSequencePoints="0" numBranchPoints="1" visitedBranchPoints="0" sequenceCoverage="0" branchCoverage="0" maxCyclomaticComplexity="1" minCyclomaticComplexity="1" visitedClasses="0" numClasses="0" visitedMethods="0" numMethods="1" />
              <MetadataToken>100663671</MetadataToken>
              <Name>System.Void IBM.Watson.DeveloperCloud.Utilities.AudioClip::set_audioBytes(System.Byte[])</Name>
              <FileRef uid="2" />
              <SequencePoints>
                <SequencePoint vc="0" uspid="27" ordinal="0" offset="0" sl="59" sc="37" el="59" ec="41" bec="0" bev="0" fileid="2" />
              </SequencePoints>
              <BranchPoints />
              <MethodPoint xsi:type="SequencePoint" vc="0" uspid="27" ordinal="0" offset="0" sl="59" sc="37" el="59" ec="41" bec="0" bev="0" fileid="2" />
            </Method>
            <Method visited="true" cyclomaticComplexity="1" nPathComplexity="0" sequenceCoverage="100" branchCoverage="100" isConstructor="false" isStatic="false" isGetter="true" isSetter="false">
              <Summary numSequencePoints="1" visitedSequencePoints="1" numBranchPoints="1" visitedBranchPoints="1" sequenceCoverage="100" branchCoverage="100" maxCyclomaticComplexity="1" minCyclomaticComplexity="1" visitedClasses="0" numClasses="0" visitedMethods="1" numMethods="1" />
              <MetadataToken>100663672</MetadataToken>
              <Name>System.Single[] IBM.Watson.DeveloperCloud.Utilities.AudioClip::get_audioData()</Name>
              <FileRef uid="2" />
              <SequencePoints>
                <SequencePoint vc="1" uspid="28" ordinal="0" offset="0" sl="63" sc="32" el="63" ec="36" bec="0" bev="0" fileid="2" />
              </SequencePoints>
              <BranchPoints />
              <MethodPoint xsi:type="SequencePoint" vc="1" uspid="28" ordinal="0" offset="0" sl="63" sc="32" el="63" ec="36" bec="0" bev="0" fileid="2" />
            </Method>
            <Method visited="true" cyclomaticComplexity="1" nPathComplexity="0" sequenceCoverage="100" branchCoverage="100" isConstructor="false" isStatic="false" isGetter="false" isSetter="true">
              <Summary numSequencePoints="1" visitedSequencePoints="1" numBranchPoints="1" visitedBranchPoints="1" sequenceCoverage="100" branchCoverage="100" maxCyclomaticComplexity="1" minCyclomaticComplexity="1" visitedClasses="0" numClasses="0" visitedMethods="1" numMethods="1" />
              <MetadataToken>100663673</MetadataToken>
              <Name>System.Void IBM.Watson.DeveloperCloud.Utilities.AudioClip::set_audioData(System.Single[])</Name>
              <FileRef uid="2" />
              <SequencePoints>
                <SequencePoint vc="3" uspid="29" ordinal="0" offset="0" sl="63" sc="37" el="63" ec="41" bec="0" bev="0" fileid="2" />
              </SequencePoints>
              <BranchPoints />
              <MethodPoint xsi:type="SequencePoint" vc="3" uspid="29" ordinal="0" offset="0" sl="63" sc="37" el="63" ec="41" bec="0" bev="0" fileid="2" />
            </Method>
            <Method visited="false" cyclomaticComplexity="1" nPathComplexity="0" sequenceCoverage="0" branchCoverage="0" isConstructor="false" isStatic="false" isGetter="true" isSetter="false">
              <Summary numSequencePoints="1" visitedSequencePoints="0" numBranchPoints="1" visitedBranchPoints="0" sequenceCoverage="0" branchCoverage="0" maxCyclomaticComplexity="1" minCyclomaticComplexity="1" visitedClasses="0" numClasses="0" visitedMethods="0" numMethods="1" />
              <MetadataToken>100663674</MetadataToken>
              <Name>IBM.Watson.DeveloperCloud.Utilities.AudioDataLoadState IBM.Watson.DeveloperCloud.Utilities.AudioClip::get_loadState()</Name>
              <FileRef uid="2" />
              <SequencePoints>
                <SequencePoint vc="0" uspid="30" ordinal="0" offset="0" sl="79" sc="43" el="79" ec="47" bec="0" bev="0" fileid="2" />
              </SequencePoints>
              <BranchPoints />
              <MethodPoint xsi:type="SequencePoint" vc="0" uspid="30" ordinal="0" offset="0" sl="79" sc="43" el="79" ec="47" bec="0" bev="0" fileid="2" />
            </Method>
            <Method visited="false" cyclomaticComplexity="1" nPathComplexity="0" sequenceCoverage="0" branchCoverage="0" isConstructor="false" isStatic="false" isGetter="false" isSetter="true">
              <Summary numSequencePoints="1" visitedSequencePoints="0" numBranchPoints="1" visitedBranchPoints="0" sequenceCoverage="0" branchCoverage="0" maxCyclomaticComplexity="1" minCyclomaticComplexity="1" visitedClasses="0" numClasses="0" visitedMethods="0" numMethods="1" />
              <MetadataToken>100663675</MetadataToken>
              <Name>System.Void IBM.Watson.DeveloperCloud.Utilities.AudioClip::set_loadState(IBM.Watson.DeveloperCloud.Utilities.AudioDataLoadState)</Name>
              <FileRef uid="2" />
              <SequencePoints>
                <SequencePoint vc="0" uspid="31" ordinal="0" offset="0" sl="79" sc="48" el="79" ec="52" bec="0" bev="0" fileid="2" />
              </SequencePoints>
              <BranchPoints />
              <MethodPoint xsi:type="SequencePoint" vc="0" uspid="31" ordinal="0" offset="0" sl="79" sc="48" el="79" ec="52" bec="0" bev="0" fileid="2" />
            </Method>
            <Method visited="false" cyclomaticComplexity="1" nPathComplexity="0" sequenceCoverage="0" branchCoverage="0" isConstructor="false" isStatic="false" isGetter="true" isSetter="false">
              <Summary numSequencePoints="1" visitedSequencePoints="0" numBranchPoints="1" visitedBranchPoints="0" sequenceCoverage="0" branchCoverage="0" maxCyclomaticComplexity="1" minCyclomaticComplexity="1" visitedClasses="0" numClasses="0" visitedMethods="0" numMethods="1" />
              <MetadataToken>100663676</MetadataToken>
              <Name>IBM.Watson.DeveloperCloud.Utilities.AudioClipLoadType IBM.Watson.DeveloperCloud.Utilities.AudioClip::get_loadType()</Name>
              <FileRef uid="2" />
              <SequencePoints>
                <SequencePoint vc="0" uspid="32" ordinal="0" offset="0" sl="83" sc="41" el="83" ec="45" bec="0" bev="0" fileid="2" />
              </SequencePoints>
              <BranchPoints />
              <MethodPoint xsi:type="SequencePoint" vc="0" uspid="32" ordinal="0" offset="0" sl="83" sc="41" el="83" ec="45" bec="0" bev="0" fileid="2" />
            </Method>
            <Method visited="true" cyclomaticComplexity="1" nPathComplexity="0" sequenceCoverage="100" branchCoverage="100" isConstructor="false" isStatic="false" isGetter="true" isSetter="false">
              <Summary numSequencePoints="1" visitedSequencePoints="1" numBranchPoints="1" visitedBranchPoints="1" sequenceCoverage="100" branchCoverage="100" maxCyclomaticComplexity="1" minCyclomaticComplexity="1" visitedClasses="0" numClasses="0" visitedMethods="1" numMethods="1" />
              <MetadataToken>100663677</MetadataToken>
              <Name>System.Int32 IBM.Watson.DeveloperCloud.Utilities.AudioClip::get_samples()</Name>
              <FileRef uid="2" />
              <SequencePoints>
                <SequencePoint vc="2" uspid="33" ordinal="0" offset="0" sl="91" sc="26" el="91" ec="30" bec="0" bev="0" fileid="2" />
              </SequencePoints>
              <BranchPoints />
              <MethodPoint xsi:type="SequencePoint" vc="2" uspid="33" ordinal="0" offset="0" sl="91" sc="26" el="91" ec="30" bec="0" bev="0" fileid="2" />
            </Method>
            <Method visited="true" cyclomaticComplexity="1" nPathComplexity="0" sequenceCoverage="100" branchCoverage="100" isConstructor="false" isStatic="false" isGetter="false" isSetter="false">
              <Summary numSequencePoints="2" visitedSequencePoints="2" numBranchPoints="1" visitedBranchPoints="1" sequenceCoverage="100" branchCoverage="100" maxCyclomaticComplexity="1" minCyclomaticComplexity="1" visitedClasses="0" numClasses="0" visitedMethods="1" numMethods="1" />
              <MetadataToken>100663678</MetadataToken>
              <Name>System.Void IBM.Watson.DeveloperCloud.Utilities.AudioClip::GetData(System.Single[]&amp;,System.Int32)</Name>
              <FileRef uid="2" />
              <SequencePoints>
                <SequencePoint vc="1" uspid="34" ordinal="0" offset="0" sl="107" sc="7" el="107" ec="24" bec="0" bev="0" fileid="2" />
                <SequencePoint vc="1" uspid="35" ordinal="1" offset="8" sl="108" sc="5" el="108" ec="6" bec="0" bev="0" fileid="2" />
              </SequencePoints>
              <BranchPoints />
              <MethodPoint xsi:type="SequencePoint" vc="1" uspid="34" ordinal="0" offset="0" sl="107" sc="7" el="107" ec="24" bec="0" bev="0" fileid="2" />
            </Method>
            <Method visited="true" cyclomaticComplexity="1" nPathComplexity="0" sequenceCoverage="100" branchCoverage="100" isConstructor="false" isStatic="false" isGetter="false" isSetter="false">
              <Summary numSequencePoints="2" visitedSequencePoints="2" numBranchPoints="1" visitedBranchPoints="1" sequenceCoverage="100" branchCoverage="100" maxCyclomaticComplexity="1" minCyclomaticComplexity="1" visitedClasses="0" numClasses="0" visitedMethods="1" numMethods="1" />
              <MetadataToken>100663679</MetadataToken>
              <Name>System.Void IBM.Watson.DeveloperCloud.Utilities.AudioClip::SetData(System.Single[],System.Int32)</Name>
              <FileRef uid="2" />
              <SequencePoints>
                <SequencePoint vc="3" uspid="36" ordinal="0" offset="0" sl="119" sc="7" el="119" ec="24" bec="0" bev="0" fileid="2" />
                <SequencePoint vc="3" uspid="37" ordinal="1" offset="7" sl="120" sc="5" el="120" ec="6" bec="0" bev="0" fileid="2" />
              </SequencePoints>
              <BranchPoints />
              <MethodPoint xsi:type="SequencePoint" vc="3" uspid="36" ordinal="0" offset="0" sl="119" sc="7" el="119" ec="24" bec="0" bev="0" fileid="2" />
            </Method>
            <Method visited="true" cyclomaticComplexity="1" nPathComplexity="0" sequenceCoverage="100" branchCoverage="100" isConstructor="false" isStatic="true" isGetter="false" isSetter="false">
              <Summary numSequencePoints="7" visitedSequencePoints="7" numBranchPoints="1" visitedBranchPoints="1" sequenceCoverage="100" branchCoverage="100" maxCyclomaticComplexity="1" minCyclomaticComplexity="1" visitedClasses="0" numClasses="0" visitedMethods="1" numMethods="1" />
              <MetadataToken>100663680</MetadataToken>
              <Name>IBM.Watson.DeveloperCloud.Utilities.AudioClip IBM.Watson.DeveloperCloud.Utilities.AudioClip::Create(System.String,System.Int32,System.Int32,System.Int32,System.Boolean)</Name>
              <FileRef uid="2" />
              <SequencePoints>
                <SequencePoint vc="3" uspid="38" ordinal="0" offset="0" sl="134" sc="7" el="134" ec="40" bec="0" bev="0" fileid="2" />
                <SequencePoint vc="3" uspid="39" ordinal="1" offset="5" sl="135" sc="7" el="135" ec="24" bec="0" bev="0" fileid="2" />
                <SequencePoint vc="3" uspid="40" ordinal="2" offset="12" sl="136" sc="7" el="136" ec="35" bec="0" bev="0" fileid="2" />
                <SequencePoint vc="3" uspid="41" ordinal="3" offset="20" sl="137" sc="7" el="137" ec="32" bec="0" bev="0" fileid="2" />
                <SequencePoint vc="3" uspid="42" ordinal="4" offset="27" sl="138" sc="7" el="138" ec="34" bec="0" bev="0" fileid="2" />
                <SequencePoint vc="3" uspid="43" ordinal="5" offset="34" sl="139" sc="7" el="139" ec="28" bec="0" bev="0" fileid="2" />
                <SequencePoint vc="3" uspid="44" ordinal="6" offset="42" sl="154" sc="7" el="154" ec="19" bec="0" bev="0" fileid="2" />
              </SequencePoints>
              <BranchPoints />
              <MethodPoint xsi:type="SequencePoint" vc="3" uspid="38" ordinal="0" offset="0" sl="134" sc="7" el="134" ec="40" bec="0" bev="0" fileid="2" />
            </Method>
            <Method visited="true" cyclomaticComplexity="1" nPathComplexity="0" sequenceCoverage="0" branchCoverage="0" isConstructor="true" isStatic="false" isGetter="false" isSetter="false">
              <Summary numSequencePoints="0" visitedSequencePoints="0" numBranchPoints="0" visitedBranchPoints="0" sequenceCoverage="0" branchCoverage="0" maxCyclomaticComplexity="1" minCyclomaticComplexity="1" visitedClasses="0" numClasses="0" visitedMethods="0" numMethods="0" />
              <MetadataToken>100663681</MetadataToken>
              <Name>System.Void IBM.Watson.DeveloperCloud.Utilities.AudioClip::.ctor()</Name>
              <SequencePoints />
              <BranchPoints />
              <MethodPoint vc="3" uspid="45" ordinal="0" offset="0" />
            </Method>
          </Methods>
        </Class>
        <Class>
          <Summary numSequencePoints="41" visitedSequencePoints="0" numBranchPoints="24" visitedBranchPoints="0" sequenceCoverage="0" branchCoverage="0" maxCyclomaticComplexity="11" minCyclomaticComplexity="2" visitedClasses="0" numClasses="1" visitedMethods="0" numMethods="2" />
          <FullName>IBM.Watson.DeveloperCloud.Utilities.AudioClipUtil</FullName>
          <Methods>
            <Method visited="false" cyclomaticComplexity="11" nPathComplexity="1024" sequenceCoverage="0" branchCoverage="0" isConstructor="false" isStatic="true" isGetter="false" isSetter="false">
              <Summary numSequencePoints="29" visitedSequencePoints="0" numBranchPoints="21" visitedBranchPoints="0" sequenceCoverage="0" branchCoverage="0" maxCyclomaticComplexity="11" minCyclomaticComplexity="11" visitedClasses="0" numClasses="0" visitedMethods="0" numMethods="1" />
              <MetadataToken>100663682</MetadataToken>
              <Name>IBM.Watson.DeveloperCloud.Utilities.AudioClip IBM.Watson.DeveloperCloud.Utilities.AudioClipUtil::Combine(IBM.Watson.DeveloperCloud.Utilities.AudioClip[])</Name>
              <FileRef uid="3" />
              <SequencePoints>
                <SequencePoint vc="0" uspid="46" ordinal="0" offset="0" sl="38" sc="7" el="38" ec="46" bec="3" bev="0" fileid="3" />
                <SequencePoint vc="0" uspid="47" ordinal="1" offset="7" sl="39" sc="9" el="39" ec="21" bec="0" bev="0" fileid="3" />
                <SequencePoint vc="0" uspid="48" ordinal="2" offset="9" sl="41" sc="7" el="41" ec="34" bec="0" bev="0" fileid="3" />
                <SequencePoint vc="0" uspid="49" ordinal="3" offset="11" sl="43" sc="7" el="43" ec="22" bec="0" bev="0" fileid="3" />
                <SequencePoint vc="0" uspid="50" ordinal="4" offset="13" sl="44" sc="12" el="44" ec="21" bec="0" bev="0" fileid="3" />
                <SequencePoint vc="0" uspid="51" ordinal="5" offset="17" sl="46" sc="9" el="46" ec="30" bec="2" bev="0" fileid="3" />
                <SequencePoint vc="0" uspid="52" ordinal="6" offset="22" sl="49" sc="9" el="49" ec="31" bec="2" bev="0" fileid="3" />
                <SequencePoint vc="0" uspid="53" ordinal="7" offset="25" sl="51" sc="11" el="52" ec="60" bec="3" bev="0" fileid="3" />
                <SequencePoint vc="0" uspid="54" ordinal="8" offset="57" sl="54" sc="13" el="54" ec="126" bec="0" bev="0" fileid="3" />
                <SequencePoint vc="0" uspid="55" ordinal="9" offset="78" sl="55" sc="13" el="55" ec="25" bec="0" bev="0" fileid="3" />
                <SequencePoint vc="0" uspid="56" ordinal="10" offset="80" sl="59" sc="11" el="59" ec="32" bec="0" bev="0" fileid="3" />
                <SequencePoint vc="0" uspid="57" ordinal="11" offset="84" sl="61" sc="9" el="61" ec="56" bec="0" bev="0" fileid="3" />
                <SequencePoint vc="0" uspid="58" ordinal="12" offset="104" sl="44" sc="41" el="44" ec="44" bec="0" bev="0" fileid="3" />
                <SequencePoint vc="0" uspid="59" ordinal="13" offset="108" sl="44" sc="23" el="44" ec="39" bec="2" bev="0" fileid="3" />
                <SequencePoint vc="0" uspid="60" ordinal="14" offset="114" sl="64" sc="7" el="64" ec="40" bec="0" bev="0" fileid="3" />
                <SequencePoint vc="0" uspid="61" ordinal="15" offset="121" sl="65" sc="7" el="65" ec="18" bec="0" bev="0" fileid="3" />
                <SequencePoint vc="0" uspid="62" ordinal="16" offset="123" sl="66" sc="12" el="66" ec="21" bec="0" bev="0" fileid="3" />
                <SequencePoint vc="0" uspid="63" ordinal="17" offset="128" sl="68" sc="9" el="68" ec="30" bec="2" bev="0" fileid="3" />
                <SequencePoint vc="0" uspid="64" ordinal="18" offset="134" sl="71" sc="9" el="71" ec="74" bec="0" bev="0" fileid="3" />
                <SequencePoint vc="0" uspid="65" ordinal="19" offset="160" sl="72" sc="9" el="72" ec="41" bec="0" bev="0" fileid="3" />
                <SequencePoint vc="0" uspid="66" ordinal="20" offset="172" sl="73" sc="9" el="73" ec="37" bec="0" bev="0" fileid="3" />
                <SequencePoint vc="0" uspid="67" ordinal="21" offset="181" sl="74" sc="9" el="74" ec="33" bec="0" bev="0" fileid="3" />
                <SequencePoint vc="0" uspid="68" ordinal="22" offset="188" sl="66" sc="41" el="66" ec="44" bec="0" bev="0" fileid="3" />
                <SequencePoint vc="0" uspid="69" ordinal="23" offset="194" sl="66" sc="23" el="66" ec="39" bec="2" bev="0" fileid="3" />
                <SequencePoint vc="0" uspid="70" ordinal="24" offset="201" sl="77" sc="7" el="77" ec="23" bec="2" bev="0" fileid="3" />
                <SequencePoint vc="0" uspid="71" ordinal="25" offset="204" sl="78" sc="9" el="78" ec="21" bec="0" bev="0" fileid="3" />
                <SequencePoint vc="0" uspid="72" ordinal="26" offset="206" sl="80" sc="7" el="80" ec="136" bec="0" bev="0" fileid="3" />
                <SequencePoint vc="0" uspid="73" ordinal="27" offset="238" sl="81" sc="7" el="81" ec="31" bec="0" bev="0" fileid="3" />
                <SequencePoint vc="0" uspid="74" ordinal="28" offset="246" sl="83" sc="7" el="83" ec="21" bec="0" bev="0" fileid="3" />
              </SequencePoints>
              <BranchPoints>
                <BranchPoint vc="0" uspid="75" ordinal="0" offset="1" sl="38" path="0" offsetend="3" fileid="3" />
                <BranchPoint vc="0" uspid="76" ordinal="1" offset="1" sl="38" path="1" offsetend="7" fileid="3" />
                <BranchPoint vc="0" uspid="77" ordinal="2" offset="5" sl="38" path="0" offsetend="7" fileid="3" />
                <BranchPoint vc="0" uspid="78" ordinal="3" offset="5" sl="38" path="1" offsetend="9" fileid="3" />
                <BranchPoint vc="0" uspid="79" ordinal="4" offset="20" sl="46" path="0" offsetend="22" fileid="3" />
                <BranchPoint vc="0" uspid="80" ordinal="5" offset="20" sl="46" path="1" offsetend="104" fileid="3" />
                <BranchPoint vc="0" uspid="81" ordinal="6" offset="23" sl="49" path="0" offsetend="25" fileid="3" />
                <BranchPoint vc="0" uspid="82" ordinal="7" offset="23" sl="49" path="1" offsetend="80" fileid="3" />
                <BranchPoint vc="0" uspid="83" ordinal="8" offset="39" sl="51" path="0" offsetend="41" fileid="3" />
                <BranchPoint vc="0" uspid="84" ordinal="9" offset="39" sl="51" path="1" offsetend="57" fileid="3" />
                <BranchPoint vc="0" uspid="85" ordinal="10" offset="55" sl="51" path="0" offsetend="57" fileid="3" />
                <BranchPoint vc="0" uspid="86" ordinal="11" offset="55" sl="51" path="1" offsetend="84" fileid="3" />
                <BranchPoint vc="0" uspid="87" ordinal="12" offset="112" sl="44" path="0" offsetend="114" fileid="3" />
                <BranchPoint vc="0" uspid="88" ordinal="13" offset="112" sl="44" path="1" offsetend="17" fileid="3" />
                <BranchPoint vc="0" uspid="89" ordinal="14" offset="132" sl="68" path="0" offsetend="134" fileid="3" />
                <BranchPoint vc="0" uspid="90" ordinal="15" offset="132" sl="68" path="1" offsetend="188" fileid="3" />
                <BranchPoint vc="0" uspid="91" ordinal="16" offset="199" sl="66" path="0" offsetend="201" fileid="3" />
                <BranchPoint vc="0" uspid="92" ordinal="17" offset="199" sl="66" path="1" offsetend="128" fileid="3" />
                <BranchPoint vc="0" uspid="93" ordinal="18" offset="202" sl="77" path="0" offsetend="204" fileid="3" />
                <BranchPoint vc="0" uspid="94" ordinal="19" offset="202" sl="77" path="1" offsetend="206" fileid="3" />
              </BranchPoints>
              <MethodPoint xsi:type="SequencePoint" vc="0" uspid="46" ordinal="0" offset="0" sl="38" sc="7" el="38" ec="46" bec="3" bev="0" fileid="3" />
            </Method>
            <Method visited="false" cyclomaticComplexity="2" nPathComplexity="2" sequenceCoverage="0" branchCoverage="0" isConstructor="false" isStatic="true" isGetter="false" isSetter="false">
              <Summary numSequencePoints="12" visitedSequencePoints="0" numBranchPoints="3" visitedBranchPoints="0" sequenceCoverage="0" branchCoverage="0" maxCyclomaticComplexity="2" minCyclomaticComplexity="2" visitedClasses="0" numClasses="0" visitedMethods="0" numMethods="1" />
              <MetadataToken>100663683</MetadataToken>
              <Name>System.Byte[] IBM.Watson.DeveloperCloud.Utilities.AudioClipUtil::GetL16(IBM.Watson.DeveloperCloud.Utilities.AudioClip)</Name>
              <FileRef uid="3" />
              <SequencePoints>
                <SequencePoint vc="0" uspid="95" ordinal="0" offset="0" sl="93" sc="7" el="93" ec="48" bec="0" bev="0" fileid="3" />
                <SequencePoint vc="0" uspid="96" ordinal="1" offset="6" sl="94" sc="7" el="94" ec="54" bec="0" bev="0" fileid="3" />
                <SequencePoint vc="0" uspid="97" ordinal="2" offset="13" sl="96" sc="7" el="96" ec="65" bec="0" bev="0" fileid="3" />
                <SequencePoint vc="0" uspid="98" ordinal="3" offset="32" sl="97" sc="7" el="97" ec="36" bec="0" bev="0" fileid="3" />
                <SequencePoint vc="0" uspid="99" ordinal="4" offset="41" sl="99" sc="7" el="99" ec="33" bec="0" bev="0" fileid="3" />
                <SequencePoint vc="0" uspid="100" ordinal="5" offset="47" sl="100" sc="12" el="100" ec="21" bec="0" bev="0" fileid="3" />
                <SequencePoint vc="0" uspid="101" ordinal="6" offset="52" sl="101" sc="9" el="101" ec="53" bec="0" bev="0" fileid="3" />
                <SequencePoint vc="0" uspid="102" ordinal="7" offset="65" sl="100" sc="43" el="100" ec="46" bec="0" bev="0" fileid="3" />
                <SequencePoint vc="0" uspid="103" ordinal="8" offset="71" sl="100" sc="23" el="100" ec="41" bec="2" bev="0" fileid="3" />
                <SequencePoint vc="0" uspid="104" ordinal="9" offset="78" sl="103" sc="7" el="103" ec="50" bec="0" bev="0" fileid="3" />
                <SequencePoint vc="0" uspid="105" ordinal="10" offset="90" sl="104" sc="7" el="104" ec="57" bec="0" bev="0" fileid="3" />
                <SequencePoint vc="0" uspid="106" ordinal="11" offset="107" sl="106" sc="7" el="106" ec="19" bec="0" bev="0" fileid="3" />
              </SequencePoints>
              <BranchPoints>
                <BranchPoint vc="0" uspid="107" ordinal="0" offset="76" sl="100" path="0" offsetend="78" fileid="3" />
                <BranchPoint vc="0" uspid="108" ordinal="1" offset="76" sl="100" path="1" offsetend="52" fileid="3" />
              </BranchPoints>
              <MethodPoint xsi:type="SequencePoint" vc="0" uspid="95" ordinal="0" offset="0" sl="93" sc="7" el="93" ec="48" bec="0" bev="0" fileid="3" />
            </Method>
          </Methods>
        </Class>
        <Class>
          <Summary numSequencePoints="112" visitedSequencePoints="48" numBranchPoints="51" visitedBranchPoints="23" sequenceCoverage="42.86" branchCoverage="45.10" maxCyclomaticComplexity="6" minCyclomaticComplexity="1" visitedClasses="1" numClasses="1" visitedMethods="13" numMethods="23" />
          <FullName>IBM.Watson.DeveloperCloud.Utilities.Config</FullName>
          <Methods>
            <Method visited="true" cyclomaticComplexity="1" nPathComplexity="0" sequenceCoverage="100" branchCoverage="100" isConstructor="false" isStatic="false" isGetter="true" isSetter="false">
              <Summary numSequencePoints="1" visitedSequencePoints="1" numBranchPoints="1" visitedBranchPoints="1" sequenceCoverage="100" branchCoverage="100" maxCyclomaticComplexity="1" minCyclomaticComplexity="1" visitedClasses="0" numClasses="0" visitedMethods="1" numMethods="1" />
              <MetadataToken>100663684</MetadataToken>
              <Name>System.Boolean IBM.Watson.DeveloperCloud.Utilities.Config::get_ConfigLoaded()</Name>
              <FileRef uid="4" />
              <SequencePoints>
                <SequencePoint vc="288" uspid="109" ordinal="0" offset="0" sl="174" sc="32" el="174" ec="36" bec="0" bev="0" fileid="4" />
              </SequencePoints>
              <BranchPoints />
              <MethodPoint xsi:type="SequencePoint" vc="288" uspid="109" ordinal="0" offset="0" sl="174" sc="32" el="174" ec="36" bec="0" bev="0" fileid="4" />
            </Method>
            <Method visited="true" cyclomaticComplexity="1" nPathComplexity="0" sequenceCoverage="100" branchCoverage="100" isConstructor="false" isStatic="false" isGetter="false" isSetter="true">
              <Summary numSequencePoints="1" visitedSequencePoints="1" numBranchPoints="1" visitedBranchPoints="1" sequenceCoverage="100" branchCoverage="100" maxCyclomaticComplexity="1" minCyclomaticComplexity="1" visitedClasses="0" numClasses="0" visitedMethods="1" numMethods="1" />
              <MetadataToken>100663685</MetadataToken>
              <Name>System.Void IBM.Watson.DeveloperCloud.Utilities.Config::set_ConfigLoaded(System.Boolean)</Name>
              <FileRef uid="4" />
              <SequencePoints>
                <SequencePoint vc="1" uspid="110" ordinal="0" offset="0" sl="174" sc="37" el="174" ec="41" bec="0" bev="0" fileid="4" />
              </SequencePoints>
              <BranchPoints />
              <MethodPoint xsi:type="SequencePoint" vc="1" uspid="110" ordinal="0" offset="0" sl="174" sc="37" el="174" ec="41" bec="0" bev="0" fileid="4" />
            </Method>
            <Method visited="true" cyclomaticComplexity="1" nPathComplexity="0" sequenceCoverage="100" branchCoverage="100" isConstructor="false" isStatic="true" isGetter="true" isSetter="false">
              <Summary numSequencePoints="1" visitedSequencePoints="1" numBranchPoints="1" visitedBranchPoints="1" sequenceCoverage="100" branchCoverage="100" maxCyclomaticComplexity="1" minCyclomaticComplexity="1" visitedClasses="0" numClasses="0" visitedMethods="1" numMethods="1" />
              <MetadataToken>100663686</MetadataToken>
              <Name>IBM.Watson.DeveloperCloud.Utilities.Config IBM.Watson.DeveloperCloud.Utilities.Config::get_Instance()</Name>
              <FileRef uid="4" />
              <SequencePoints>
                <SequencePoint vc="674" uspid="111" ordinal="0" offset="0" sl="178" sc="43" el="178" ec="77" bec="0" bev="0" fileid="4" />
              </SequencePoints>
              <BranchPoints />
              <MethodPoint xsi:type="SequencePoint" vc="674" uspid="111" ordinal="0" offset="0" sl="178" sc="43" el="178" ec="77" bec="0" bev="0" fileid="4" />
            </Method>
            <Method visited="true" cyclomaticComplexity="1" nPathComplexity="0" sequenceCoverage="100" branchCoverage="100" isConstructor="false" isStatic="false" isGetter="true" isSetter="false">
              <Summary numSequencePoints="1" visitedSequencePoints="1" numBranchPoints="1" visitedBranchPoints="1" sequenceCoverage="100" branchCoverage="100" maxCyclomaticComplexity="1" minCyclomaticComplexity="1" visitedClasses="0" numClasses="0" visitedMethods="1" numMethods="1" />
              <MetadataToken>100663687</MetadataToken>
              <Name>System.Single IBM.Watson.DeveloperCloud.Utilities.Config::get_TimeOut()</Name>
              <FileRef uid="4" />
              <SequencePoints>
                <SequencePoint vc="131" uspid="112" ordinal="0" offset="0" sl="182" sc="34" el="182" ec="51" bec="0" bev="0" fileid="4" />
              </SequencePoints>
              <BranchPoints />
              <MethodPoint xsi:type="SequencePoint" vc="131" uspid="112" ordinal="0" offset="0" sl="182" sc="34" el="182" ec="51" bec="0" bev="0" fileid="4" />
            </Method>
            <Method visited="false" cyclomaticComplexity="1" nPathComplexity="0" sequenceCoverage="0" branchCoverage="0" isConstructor="false" isStatic="false" isGetter="false" isSetter="true">
              <Summary numSequencePoints="2" visitedSequencePoints="0" numBranchPoints="1" visitedBranchPoints="0" sequenceCoverage="0" branchCoverage="0" maxCyclomaticComplexity="1" minCyclomaticComplexity="1" visitedClasses="0" numClasses="0" visitedMethods="0" numMethods="1" />
              <MetadataToken>100663688</MetadataToken>
              <Name>System.Void IBM.Watson.DeveloperCloud.Utilities.Config::set_TimeOut(System.Single)</Name>
              <FileRef uid="4" />
              <SequencePoints>
                <SequencePoint vc="0" uspid="113" ordinal="0" offset="0" sl="182" sc="60" el="182" ec="78" bec="0" bev="0" fileid="4" />
                <SequencePoint vc="0" uspid="114" ordinal="1" offset="7" sl="182" sc="79" el="182" ec="80" bec="0" bev="0" fileid="4" />
              </SequencePoints>
              <BranchPoints />
              <MethodPoint xsi:type="SequencePoint" vc="0" uspid="113" ordinal="0" offset="0" sl="182" sc="60" el="182" ec="78" bec="0" bev="0" fileid="4" />
            </Method>
            <Method visited="true" cyclomaticComplexity="1" nPathComplexity="0" sequenceCoverage="100" branchCoverage="100" isConstructor="false" isStatic="false" isGetter="true" isSetter="false">
              <Summary numSequencePoints="1" visitedSequencePoints="1" numBranchPoints="1" visitedBranchPoints="1" sequenceCoverage="100" branchCoverage="100" maxCyclomaticComplexity="1" minCyclomaticComplexity="1" visitedClasses="0" numClasses="0" visitedMethods="1" numMethods="1" />
              <MetadataToken>100663689</MetadataToken>
              <Name>System.Int32 IBM.Watson.DeveloperCloud.Utilities.Config::get_MaxRestConnections()</Name>
              <FileRef uid="4" />
              <SequencePoints>
                <SequencePoint vc="144" uspid="115" ordinal="0" offset="0" sl="186" sc="43" el="186" ec="71" bec="0" bev="0" fileid="4" />
              </SequencePoints>
              <BranchPoints />
              <MethodPoint xsi:type="SequencePoint" vc="144" uspid="115" ordinal="0" offset="0" sl="186" sc="43" el="186" ec="71" bec="0" bev="0" fileid="4" />
            </Method>
            <Method visited="false" cyclomaticComplexity="1" nPathComplexity="0" sequenceCoverage="0" branchCoverage="0" isConstructor="false" isStatic="false" isGetter="false" isSetter="true">
              <Summary numSequencePoints="2" visitedSequencePoints="0" numBranchPoints="1" visitedBranchPoints="0" sequenceCoverage="0" branchCoverage="0" maxCyclomaticComplexity="1" minCyclomaticComplexity="1" visitedClasses="0" numClasses="0" visitedMethods="0" numMethods="1" />
              <MetadataToken>100663690</MetadataToken>
              <Name>System.Void IBM.Watson.DeveloperCloud.Utilities.Config::set_MaxRestConnections(System.Int32)</Name>
              <FileRef uid="4" />
              <SequencePoints>
                <SequencePoint vc="0" uspid="116" ordinal="0" offset="0" sl="186" sc="80" el="186" ec="109" bec="0" bev="0" fileid="4" />
                <SequencePoint vc="0" uspid="117" ordinal="1" offset="7" sl="186" sc="110" el="186" ec="111" bec="0" bev="0" fileid="4" />
              </SequencePoints>
              <BranchPoints />
              <MethodPoint xsi:type="SequencePoint" vc="0" uspid="116" ordinal="0" offset="0" sl="186" sc="80" el="186" ec="109" bec="0" bev="0" fileid="4" />
            </Method>
            <Method visited="false" cyclomaticComplexity="1" nPathComplexity="0" sequenceCoverage="0" branchCoverage="0" isConstructor="false" isStatic="false" isGetter="true" isSetter="false">
              <Summary numSequencePoints="1" visitedSequencePoints="0" numBranchPoints="1" visitedBranchPoints="0" sequenceCoverage="0" branchCoverage="0" maxCyclomaticComplexity="1" minCyclomaticComplexity="1" visitedClasses="0" numClasses="0" visitedMethods="0" numMethods="1" />
              <MetadataToken>100663691</MetadataToken>
              <Name>System.Collections.Generic.List`1&lt;IBM.Watson.DeveloperCloud.Utilities.Config/CredentialInfo&gt; IBM.Watson.DeveloperCloud.Utilities.Config::get_Credentials()</Name>
              <FileRef uid="4" />
              <SequencePoints>
                <SequencePoint vc="0" uspid="118" ordinal="0" offset="0" sl="190" sc="53" el="190" ec="74" bec="0" bev="0" fileid="4" />
              </SequencePoints>
              <BranchPoints />
              <MethodPoint xsi:type="SequencePoint" vc="0" uspid="118" ordinal="0" offset="0" sl="190" sc="53" el="190" ec="74" bec="0" bev="0" fileid="4" />
            </Method>
            <Method visited="false" cyclomaticComplexity="1" nPathComplexity="0" sequenceCoverage="0" branchCoverage="0" isConstructor="false" isStatic="false" isGetter="false" isSetter="true">
              <Summary numSequencePoints="2" visitedSequencePoints="0" numBranchPoints="1" visitedBranchPoints="0" sequenceCoverage="0" branchCoverage="0" maxCyclomaticComplexity="1" minCyclomaticComplexity="1" visitedClasses="0" numClasses="0" visitedMethods="0" numMethods="1" />
              <MetadataToken>100663692</MetadataToken>
              <Name>System.Void IBM.Watson.DeveloperCloud.Utilities.Config::set_Credentials(System.Collections.Generic.List`1&lt;IBM.Watson.DeveloperCloud.Utilities.Config/CredentialInfo&gt;)</Name>
              <FileRef uid="4" />
              <SequencePoints>
                <SequencePoint vc="0" uspid="119" ordinal="0" offset="0" sl="190" sc="83" el="190" ec="105" bec="0" bev="0" fileid="4" />
                <SequencePoint vc="0" uspid="120" ordinal="1" offset="7" sl="190" sc="106" el="190" ec="107" bec="0" bev="0" fileid="4" />
              </SequencePoints>
              <BranchPoints />
              <MethodPoint xsi:type="SequencePoint" vc="0" uspid="119" ordinal="0" offset="0" sl="190" sc="83" el="190" ec="105" bec="0" bev="0" fileid="4" />
            </Method>
            <Method visited="false" cyclomaticComplexity="1" nPathComplexity="0" sequenceCoverage="0" branchCoverage="0" isConstructor="false" isStatic="false" isGetter="true" isSetter="false">
              <Summary numSequencePoints="1" visitedSequencePoints="0" numBranchPoints="1" visitedBranchPoints="0" sequenceCoverage="0" branchCoverage="0" maxCyclomaticComplexity="1" minCyclomaticComplexity="1" visitedClasses="0" numClasses="0" visitedMethods="0" numMethods="1" />
              <MetadataToken>100663693</MetadataToken>
              <Name>System.Collections.Generic.List`1&lt;IBM.Watson.DeveloperCloud.Utilities.Config/Variable&gt; IBM.Watson.DeveloperCloud.Utilities.Config::get_Variables()</Name>
              <FileRef uid="4" />
              <SequencePoints>
                <SequencePoint vc="0" uspid="121" ordinal="0" offset="0" sl="194" sc="45" el="194" ec="64" bec="0" bev="0" fileid="4" />
              </SequencePoints>
              <BranchPoints />
              <MethodPoint xsi:type="SequencePoint" vc="0" uspid="121" ordinal="0" offset="0" sl="194" sc="45" el="194" ec="64" bec="0" bev="0" fileid="4" />
            </Method>
            <Method visited="false" cyclomaticComplexity="1" nPathComplexity="0" sequenceCoverage="0" branchCoverage="0" isConstructor="false" isStatic="false" isGetter="false" isSetter="true">
              <Summary numSequencePoints="2" visitedSequencePoints="0" numBranchPoints="1" visitedBranchPoints="0" sequenceCoverage="0" branchCoverage="0" maxCyclomaticComplexity="1" minCyclomaticComplexity="1" visitedClasses="0" numClasses="0" visitedMethods="0" numMethods="1" />
              <MetadataToken>100663694</MetadataToken>
              <Name>System.Void IBM.Watson.DeveloperCloud.Utilities.Config::set_Variables(System.Collections.Generic.List`1&lt;IBM.Watson.DeveloperCloud.Utilities.Config/Variable&gt;)</Name>
              <FileRef uid="4" />
              <SequencePoints>
                <SequencePoint vc="0" uspid="122" ordinal="0" offset="0" sl="194" sc="73" el="194" ec="93" bec="0" bev="0" fileid="4" />
                <SequencePoint vc="0" uspid="123" ordinal="1" offset="7" sl="194" sc="94" el="194" ec="95" bec="0" bev="0" fileid="4" />
              </SequencePoints>
              <BranchPoints />
              <MethodPoint xsi:type="SequencePoint" vc="0" uspid="122" ordinal="0" offset="0" sl="194" sc="73" el="194" ec="93" bec="0" bev="0" fileid="4" />
            </Method>
            <Method visited="true" cyclomaticComplexity="1" nPathComplexity="0" sequenceCoverage="100" branchCoverage="100" isConstructor="true" isStatic="false" isGetter="false" isSetter="false">
              <Summary numSequencePoints="7" visitedSequencePoints="7" numBranchPoints="1" visitedBranchPoints="1" sequenceCoverage="100" branchCoverage="100" maxCyclomaticComplexity="1" minCyclomaticComplexity="1" visitedClasses="0" numClasses="0" visitedMethods="1" numMethods="1" />
              <MetadataToken>100663695</MetadataToken>
              <Name>System.Void IBM.Watson.DeveloperCloud.Utilities.Config::.ctor()</Name>
              <FileRef uid="4" />
              <SequencePoints>
                <SequencePoint vc="1" uspid="124" ordinal="0" offset="0" sl="158" sc="5" el="158" ec="37" bec="0" bev="0" fileid="4" />
                <SequencePoint vc="1" uspid="125" ordinal="1" offset="11" sl="160" sc="5" el="160" ec="42" bec="0" bev="0" fileid="4" />
                <SequencePoint vc="1" uspid="126" ordinal="2" offset="18" sl="162" sc="5" el="162" ec="77" bec="0" bev="0" fileid="4" />
                <SequencePoint vc="1" uspid="127" ordinal="3" offset="29" sl="164" sc="5" el="164" ec="63" bec="0" bev="0" fileid="4" />
                <SequencePoint vc="1" uspid="128" ordinal="4" offset="40" sl="200" sc="5" el="200" ec="20" bec="0" bev="0" fileid="4" />
                <SequencePoint vc="1" uspid="129" ordinal="5" offset="46" sl="202" sc="7" el="202" ec="20" bec="0" bev="0" fileid="4" />
                <SequencePoint vc="1" uspid="130" ordinal="6" offset="52" sl="203" sc="5" el="203" ec="6" bec="0" bev="0" fileid="4" />
              </SequencePoints>
              <BranchPoints />
              <MethodPoint xsi:type="SequencePoint" vc="1" uspid="124" ordinal="0" offset="0" sl="158" sc="5" el="158" ec="37" bec="0" bev="0" fileid="4" />
            </Method>
            <Method visited="true" cyclomaticComplexity="3" nPathComplexity="2" sequenceCoverage="85.71" branchCoverage="100" isConstructor="false" isStatic="false" isGetter="false" isSetter="false">
              <Summary numSequencePoints="7" visitedSequencePoints="6" numBranchPoints="3" visitedBranchPoints="3" sequenceCoverage="85.71" branchCoverage="100" maxCyclomaticComplexity="3" minCyclomaticComplexity="3" visitedClasses="0" numClasses="0" visitedMethods="1" numMethods="1" />
              <MetadataToken>100663696</MetadataToken>
              <Name>IBM.Watson.DeveloperCloud.Utilities.Config/CredentialInfo IBM.Watson.DeveloperCloud.Utilities.Config::FindCredentials(System.String)</Name>
              <FileRef uid="4" />
              <SequencePoints>
                <SequencePoint vc="100" uspid="131" ordinal="0" offset="0" sl="212" sc="28" el="212" ec="41" bec="0" bev="0" fileid="4" />
                <SequencePoint vc="939" uspid="132" ordinal="1" offset="14" sl="212" sc="16" el="212" ec="24" bec="0" bev="0" fileid="4" />
                <SequencePoint vc="939" uspid="133" ordinal="2" offset="22" sl="213" sc="9" el="213" ec="43" bec="2" bev="2" fileid="4" />
                <SequencePoint vc="100" uspid="134" ordinal="3" offset="36" sl="214" sc="11" el="214" ec="23" bec="0" bev="0" fileid="4" />
                <SequencePoint vc="939" uspid="135" ordinal="4" offset="40" sl="212" sc="25" el="212" ec="27" bec="0" bev="0" fileid="4" />
                <SequencePoint vc="0" uspid="136" ordinal="5" offset="65" sl="215" sc="7" el="215" ec="19" bec="0" bev="0" fileid="4" />
                <SequencePoint vc="100" uspid="137" ordinal="6" offset="67" sl="216" sc="5" el="216" ec="6" bec="0" bev="0" fileid="4" />
              </SequencePoints>
              <BranchPoints>
                <BranchPoint vc="100" uspid="138" ordinal="0" offset="34" sl="213" path="0" offsetend="36" fileid="4" />
                <BranchPoint vc="839" uspid="139" ordinal="1" offset="34" sl="213" path="1" offsetend="40" fileid="4" />
              </BranchPoints>
              <MethodPoint xsi:type="SequencePoint" vc="100" uspid="131" ordinal="0" offset="0" sl="212" sc="28" el="212" ec="41" bec="0" bev="0" fileid="4" />
            </Method>
            <Method visited="true" cyclomaticComplexity="1" nPathComplexity="0" sequenceCoverage="42.86" branchCoverage="100" isConstructor="false" isStatic="false" isGetter="false" isSetter="false">
              <Summary numSequencePoints="7" visitedSequencePoints="3" numBranchPoints="1" visitedBranchPoints="1" sequenceCoverage="42.86" branchCoverage="100" maxCyclomaticComplexity="1" minCyclomaticComplexity="1" visitedClasses="0" numClasses="0" visitedMethods="1" numMethods="1" />
              <MetadataToken>100663697</MetadataToken>
              <Name>System.Void IBM.Watson.DeveloperCloud.Utilities.Config::LoadConfig()</Name>
              <FileRef uid="4" />
              <SequencePoints>
                <SequencePoint vc="1" uspid="142" ordinal="0" offset="0" sl="226" sc="9" el="226" ec="178" bec="0" bev="0" fileid="4" />
                <SequencePoint vc="1" uspid="143" ordinal="1" offset="79" sl="227" sc="7" el="227" ec="8" bec="0" bev="0" fileid="4" />
                <SequencePoint vc="0" uspid="144" ordinal="2" offset="81" sl="228" sc="7" el="228" ec="36" bec="0" bev="0" fileid="4" />
                <SequencePoint vc="0" uspid="145" ordinal="3" offset="82" sl="231" sc="9" el="231" ec="60" bec="0" bev="0" fileid="4" />
                <SequencePoint vc="0" uspid="146" ordinal="4" offset="103" sl="232" sc="9" el="232" ec="30" bec="0" bev="0" fileid="4" />
                <SequencePoint vc="0" uspid="147" ordinal="5" offset="110" sl="233" sc="7" el="233" ec="8" bec="0" bev="0" fileid="4" />
                <SequencePoint vc="1" uspid="148" ordinal="6" offset="112" sl="234" sc="5" el="234" ec="6" bec="0" bev="0" fileid="4" />
              </SequencePoints>
              <BranchPoints />
              <MethodPoint xsi:type="SequencePoint" vc="1" uspid="142" ordinal="0" offset="0" sl="226" sc="9" el="226" ec="178" bec="0" bev="0" fileid="4" />
            </Method>
            <Method visited="true" cyclomaticComplexity="3" nPathComplexity="4" sequenceCoverage="50" branchCoverage="60" isConstructor="false" isStatic="false" isGetter="false" isSetter="false">
              <Summary numSequencePoints="18" visitedSequencePoints="9" numBranchPoints="5" visitedBranchPoints="3" sequenceCoverage="50" branchCoverage="60" maxCyclomaticComplexity="3" minCyclomaticComplexity="3" visitedClasses="0" numClasses="0" visitedMethods="1" numMethods="1" />
              <MetadataToken>100663698</MetadataToken>
              <Name>System.Boolean IBM.Watson.DeveloperCloud.Utilities.Config::LoadConfig(System.String)</Name>
              <FileRef uid="4" />
              <SequencePoints>
                <SequencePoint vc="1" uspid="149" ordinal="0" offset="0" sl="245" sc="9" el="245" ec="28" bec="0" bev="0" fileid="4" />
                <SequencePoint vc="1" uspid="150" ordinal="1" offset="2" sl="246" sc="9" el="246" ec="57" bec="0" bev="0" fileid="4" />
                <SequencePoint vc="1" uspid="151" ordinal="2" offset="11" sl="247" sc="9" el="247" ec="26" bec="2" bev="1" fileid="4" />
                <SequencePoint vc="0" uspid="152" ordinal="3" offset="20" sl="249" sc="11" el="249" ec="81" bec="0" bev="0" fileid="4" />
                <SequencePoint vc="0" uspid="153" ordinal="4" offset="57" sl="250" sc="11" el="250" ec="24" bec="0" bev="0" fileid="4" />
                <SequencePoint vc="1" uspid="154" ordinal="5" offset="61" sl="253" sc="9" el="253" ec="27" bec="0" bev="0" fileid="4" />
                <SequencePoint vc="1" uspid="155" ordinal="6" offset="63" sl="254" sc="9" el="254" ec="68" bec="0" bev="0" fileid="4" />
                <SequencePoint vc="1" uspid="156" ordinal="7" offset="83" sl="255" sc="9" el="255" ec="26" bec="2" bev="1" fileid="4" />
                <SequencePoint vc="0" uspid="157" ordinal="8" offset="92" sl="257" sc="11" el="257" ec="81" bec="0" bev="0" fileid="4" />
                <SequencePoint vc="0" uspid="158" ordinal="9" offset="129" sl="258" sc="11" el="258" ec="24" bec="0" bev="0" fileid="4" />
                <SequencePoint vc="1" uspid="159" ordinal="10" offset="133" sl="261" sc="9" el="261" ec="29" bec="0" bev="0" fileid="4" />
                <SequencePoint vc="1" uspid="160" ordinal="11" offset="140" sl="262" sc="9" el="262" ec="21" bec="0" bev="0" fileid="4" />
                <SequencePoint vc="0" uspid="161" ordinal="12" offset="144" sl="264" sc="7" el="264" ec="26" bec="0" bev="0" fileid="4" />
                <SequencePoint vc="0" uspid="162" ordinal="13" offset="146" sl="266" sc="9" el="266" ec="73" bec="0" bev="0" fileid="4" />
                <SequencePoint vc="0" uspid="163" ordinal="14" offset="177" sl="267" sc="7" el="267" ec="8" bec="0" bev="0" fileid="4" />
                <SequencePoint vc="0" uspid="164" ordinal="15" offset="179" sl="269" sc="7" el="269" ec="27" bec="0" bev="0" fileid="4" />
                <SequencePoint vc="0" uspid="165" ordinal="16" offset="186" sl="270" sc="7" el="270" ec="20" bec="0" bev="0" fileid="4" />
                <SequencePoint vc="1" uspid="166" ordinal="17" offset="188" sl="271" sc="5" el="271" ec="6" bec="0" bev="0" fileid="4" />
              </SequencePoints>
              <BranchPoints>
                <BranchPoint vc="0" uspid="167" ordinal="0" offset="18" sl="247" path="0" offsetend="20" fileid="4" />
                <BranchPoint vc="1" uspid="168" ordinal="1" offset="18" sl="247" path="1" offsetend="61" fileid="4" />
                <BranchPoint vc="0" uspid="169" ordinal="2" offset="90" sl="255" path="0" offsetend="92" fileid="4" />
                <BranchPoint vc="1" uspid="170" ordinal="3" offset="90" sl="255" path="1" offsetend="133" fileid="4" />
              </BranchPoints>
              <MethodPoint xsi:type="SequencePoint" vc="1" uspid="149" ordinal="0" offset="0" sl="245" sc="9" el="245" ec="28" bec="0" bev="0" fileid="4" />
            </Method>
            <Method visited="false" cyclomaticComplexity="3" nPathComplexity="4" sequenceCoverage="0" branchCoverage="0" isConstructor="false" isStatic="false" isGetter="false" isSetter="false">
              <Summary numSequencePoints="7" visitedSequencePoints="0" numBranchPoints="5" visitedBranchPoints="0" sequenceCoverage="0" branchCoverage="0" maxCyclomaticComplexity="3" minCyclomaticComplexity="3" visitedClasses="0" numClasses="0" visitedMethods="0" numMethods="1" />
              <MetadataToken>100663699</MetadataToken>
              <Name>System.String IBM.Watson.DeveloperCloud.Utilities.Config::SaveConfig(System.Boolean)</Name>
              <FileRef uid="4" />
              <SequencePoints>
                <SequencePoint vc="0" uspid="171" ordinal="0" offset="0" sl="280" sc="7" el="280" ec="26" bec="0" bev="0" fileid="4" />
                <SequencePoint vc="0" uspid="172" ordinal="1" offset="2" sl="281" sc="7" el="281" ec="61" bec="0" bev="0" fileid="4" />
                <SequencePoint vc="0" uspid="173" ordinal="2" offset="22" sl="283" sc="7" el="283" ec="130" bec="2" bev="0" fileid="4" />
                <SequencePoint vc="0" uspid="174" ordinal="3" offset="57" sl="284" sc="9" el="284" ec="136" bec="0" bev="0" fileid="4" />
                <SequencePoint vc="0" uspid="175" ordinal="4" offset="91" sl="286" sc="7" el="286" ec="18" bec="2" bev="0" fileid="4" />
                <SequencePoint vc="0" uspid="176" ordinal="5" offset="94" sl="287" sc="9" el="287" ec="47" bec="0" bev="0" fileid="4" />
                <SequencePoint vc="0" uspid="177" ordinal="6" offset="101" sl="289" sc="7" el="289" ec="49" bec="0" bev="0" fileid="4" />
              </SequencePoints>
              <BranchPoints>
                <BranchPoint vc="0" uspid="178" ordinal="0" offset="55" sl="283" path="0" offsetend="57" fileid="4" />
                <BranchPoint vc="0" uspid="179" ordinal="1" offset="55" sl="283" path="1" offsetend="91" fileid="4" />
                <BranchPoint vc="0" uspid="180" ordinal="2" offset="92" sl="286" path="0" offsetend="94" fileid="4" />
                <BranchPoint vc="0" uspid="181" ordinal="3" offset="92" sl="286" path="1" offsetend="101" fileid="4" />
              </BranchPoints>
              <MethodPoint xsi:type="SequencePoint" vc="0" uspid="171" ordinal="0" offset="0" sl="280" sc="7" el="280" ec="26" bec="0" bev="0" fileid="4" />
            </Method>
            <Method visited="false" cyclomaticComplexity="1" nPathComplexity="0" sequenceCoverage="0" branchCoverage="0" isConstructor="false" isStatic="false" isGetter="false" isSetter="false">
              <Summary numSequencePoints="8" visitedSequencePoints="0" numBranchPoints="1" visitedBranchPoints="0" sequenceCoverage="0" branchCoverage="0" maxCyclomaticComplexity="1" minCyclomaticComplexity="1" visitedClasses="0" numClasses="0" visitedMethods="0" numMethods="1" />
              <MetadataToken>100663700</MetadataToken>
              <Name>System.Boolean IBM.Watson.DeveloperCloud.Utilities.Config::SaveConfigToFileSystem()</Name>
              <FileRef uid="4" />
              <SequencePoints>
                <SequencePoint vc="0" uspid="182" ordinal="0" offset="0" sl="297" sc="7" el="297" ec="27" bec="0" bev="0" fileid="4" />
                <SequencePoint vc="0" uspid="183" ordinal="1" offset="2" sl="300" sc="9" el="300" ec="155" bec="0" bev="0" fileid="4" />
                <SequencePoint vc="0" uspid="184" ordinal="2" offset="42" sl="301" sc="7" el="301" ec="8" bec="0" bev="0" fileid="4" />
                <SequencePoint vc="0" uspid="185" ordinal="3" offset="44" sl="302" sc="7" el="302" ec="27" bec="0" bev="0" fileid="4" />
                <SequencePoint vc="0" uspid="186" ordinal="4" offset="45" sl="304" sc="9" el="304" ec="25" bec="0" bev="0" fileid="4" />
                <SequencePoint vc="0" uspid="187" ordinal="5" offset="47" sl="305" sc="9" el="305" ec="85" bec="0" bev="0" fileid="4" />
                <SequencePoint vc="0" uspid="188" ordinal="6" offset="77" sl="306" sc="7" el="306" ec="8" bec="0" bev="0" fileid="4" />
                <SequencePoint vc="0" uspid="189" ordinal="7" offset="79" sl="308" sc="7" el="308" ec="22" bec="0" bev="0" fileid="4" />
              </SequencePoints>
              <BranchPoints />
              <MethodPoint xsi:type="SequencePoint" vc="0" uspid="182" ordinal="0" offset="0" sl="297" sc="7" el="297" ec="27" bec="0" bev="0" fileid="4" />
            </Method>
            <Method visited="true" cyclomaticComplexity="3" nPathComplexity="2" sequenceCoverage="100" branchCoverage="100" isConstructor="false" isStatic="false" isGetter="false" isSetter="false">
              <Summary numSequencePoints="7" visitedSequencePoints="7" numBranchPoints="3" visitedBranchPoints="3" sequenceCoverage="100" branchCoverage="100" maxCyclomaticComplexity="3" minCyclomaticComplexity="3" visitedClasses="0" numClasses="0" visitedMethods="1" numMethods="1" />
              <MetadataToken>100663701</MetadataToken>
              <Name>IBM.Watson.DeveloperCloud.Utilities.Config/Variable IBM.Watson.DeveloperCloud.Utilities.Config::GetVariable(System.String)</Name>
              <FileRef uid="4" />
              <SequencePoints>
                <SequencePoint vc="9" uspid="190" ordinal="0" offset="0" sl="318" sc="27" el="318" ec="38" bec="0" bev="0" fileid="4" />
                <SequencePoint vc="31" uspid="191" ordinal="1" offset="14" sl="318" sc="16" el="318" ec="23" bec="0" bev="0" fileid="4" />
                <SequencePoint vc="31" uspid="192" ordinal="2" offset="22" sl="319" sc="9" el="319" ec="28" bec="2" bev="2" fileid="4" />
                <SequencePoint vc="7" uspid="193" ordinal="3" offset="36" sl="320" sc="11" el="320" ec="22" bec="0" bev="0" fileid="4" />
                <SequencePoint vc="33" uspid="194" ordinal="4" offset="40" sl="318" sc="24" el="318" ec="26" bec="0" bev="0" fileid="4" />
                <SequencePoint vc="2" uspid="195" ordinal="5" offset="65" sl="322" sc="7" el="322" ec="19" bec="0" bev="0" fileid="4" />
                <SequencePoint vc="7" uspid="196" ordinal="6" offset="67" sl="323" sc="5" el="323" ec="6" bec="0" bev="0" fileid="4" />
              </SequencePoints>
              <BranchPoints>
                <BranchPoint vc="7" uspid="197" ordinal="0" offset="34" sl="319" path="0" offsetend="36" fileid="4" />
                <BranchPoint vc="24" uspid="198" ordinal="1" offset="34" sl="319" path="1" offsetend="40" fileid="4" />
              </BranchPoints>
              <MethodPoint xsi:type="SequencePoint" vc="9" uspid="190" ordinal="0" offset="0" sl="318" sc="27" el="318" ec="38" bec="0" bev="0" fileid="4" />
            </Method>
            <Method visited="true" cyclomaticComplexity="3" nPathComplexity="2" sequenceCoverage="85.71" branchCoverage="100" isConstructor="false" isStatic="false" isGetter="false" isSetter="false">
              <Summary numSequencePoints="7" visitedSequencePoints="6" numBranchPoints="3" visitedBranchPoints="3" sequenceCoverage="85.71" branchCoverage="100" maxCyclomaticComplexity="3" minCyclomaticComplexity="3" visitedClasses="0" numClasses="0" visitedMethods="1" numMethods="1" />
              <MetadataToken>100663702</MetadataToken>
              <Name>System.String IBM.Watson.DeveloperCloud.Utilities.Config::GetAPIKey(System.String)</Name>
              <FileRef uid="4" />
              <SequencePoints>
                <SequencePoint vc="2" uspid="201" ordinal="0" offset="0" sl="332" sc="28" el="332" ec="41" bec="0" bev="0" fileid="4" />
                <SequencePoint vc="26" uspid="202" ordinal="1" offset="14" sl="332" sc="16" el="332" ec="24" bec="0" bev="0" fileid="4" />
                <SequencePoint vc="26" uspid="203" ordinal="2" offset="22" sl="333" sc="9" el="333" ec="43" bec="2" bev="2" fileid="4" />
                <SequencePoint vc="2" uspid="204" ordinal="3" offset="36" sl="334" sc="11" el="334" ec="32" bec="0" bev="0" fileid="4" />
                <SequencePoint vc="26" uspid="205" ordinal="4" offset="45" sl="332" sc="25" el="332" ec="27" bec="0" bev="0" fileid="4" />
                <SequencePoint vc="0" uspid="206" ordinal="5" offset="70" sl="335" sc="7" el="335" ec="19" bec="0" bev="0" fileid="4" />
                <SequencePoint vc="2" uspid="207" ordinal="6" offset="72" sl="336" sc="5" el="336" ec="6" bec="0" bev="0" fileid="4" />
              </SequencePoints>
              <BranchPoints>
                <BranchPoint vc="2" uspid="208" ordinal="0" offset="34" sl="333" path="0" offsetend="36" fileid="4" />
                <BranchPoint vc="24" uspid="209" ordinal="1" offset="34" sl="333" path="1" offsetend="45" fileid="4" />
              </BranchPoints>
              <MethodPoint xsi:type="SequencePoint" vc="2" uspid="201" ordinal="0" offset="0" sl="332" sc="28" el="332" ec="41" bec="0" bev="0" fileid="4" />
            </Method>
            <Method visited="true" cyclomaticComplexity="2" nPathComplexity="2" sequenceCoverage="100" branchCoverage="100" isConstructor="false" isStatic="false" isGetter="false" isSetter="false">
              <Summary numSequencePoints="4" visitedSequencePoints="4" numBranchPoints="3" visitedBranchPoints="3" sequenceCoverage="100" branchCoverage="100" maxCyclomaticComplexity="2" minCyclomaticComplexity="2" visitedClasses="0" numClasses="0" visitedMethods="1" numMethods="1" />
              <MetadataToken>100663703</MetadataToken>
              <Name>System.String IBM.Watson.DeveloperCloud.Utilities.Config::GetVariableValue(System.String)</Name>
              <FileRef uid="4" />
              <SequencePoints>
                <SequencePoint vc="9" uspid="212" ordinal="0" offset="0" sl="345" sc="7" el="345" ec="37" bec="0" bev="0" fileid="4" />
                <SequencePoint vc="9" uspid="213" ordinal="1" offset="8" sl="346" sc="7" el="346" ec="21" bec="2" bev="2" fileid="4" />
                <SequencePoint vc="7" uspid="214" ordinal="2" offset="11" sl="347" sc="9" el="347" ec="24" bec="0" bev="0" fileid="4" />
                <SequencePoint vc="2" uspid="215" ordinal="3" offset="18" sl="349" sc="7" el="349" ec="19" bec="0" bev="0" fileid="4" />
              </SequencePoints>
              <BranchPoints>
                <BranchPoint vc="7" uspid="216" ordinal="0" offset="9" sl="346" path="0" offsetend="11" fileid="4" />
                <BranchPoint vc="2" uspid="217" ordinal="1" offset="9" sl="346" path="1" offsetend="18" fileid="4" />
              </BranchPoints>
              <MethodPoint xsi:type="SequencePoint" vc="9" uspid="212" ordinal="0" offset="0" sl="345" sc="7" el="345" ec="37" bec="0" bev="0" fileid="4" />
            </Method>
            <Method visited="false" cyclomaticComplexity="3" nPathComplexity="4" sequenceCoverage="0" branchCoverage="0" isConstructor="false" isStatic="false" isGetter="false" isSetter="false">
              <Summary numSequencePoints="9" visitedSequencePoints="0" numBranchPoints="5" visitedBranchPoints="0" sequenceCoverage="0" branchCoverage="0" maxCyclomaticComplexity="3" minCyclomaticComplexity="3" visitedClasses="0" numClasses="0" visitedMethods="0" numMethods="1" />
              <MetadataToken>100663704</MetadataToken>
              <Name>System.Boolean IBM.Watson.DeveloperCloud.Utilities.Config::SetVariableValue(System.String,System.String,System.Boolean)</Name>
              <FileRef uid="4" />
              <SequencePoints>
                <SequencePoint vc="0" uspid="218" ordinal="0" offset="0" sl="360" sc="7" el="360" ec="37" bec="0" bev="0" fileid="4" />
                <SequencePoint vc="0" uspid="219" ordinal="1" offset="8" sl="361" sc="7" el="361" ec="21" bec="2" bev="0" fileid="4" />
                <SequencePoint vc="0" uspid="220" ordinal="2" offset="11" sl="363" sc="9" el="363" ec="19" bec="2" bev="0" fileid="4" />
                <SequencePoint vc="0" uspid="221" ordinal="3" offset="14" sl="364" sc="11" el="364" ec="24" bec="0" bev="0" fileid="4" />
                <SequencePoint vc="0" uspid="222" ordinal="4" offset="16" sl="366" sc="9" el="366" ec="28" bec="0" bev="0" fileid="4" />
                <SequencePoint vc="0" uspid="223" ordinal="5" offset="22" sl="367" sc="9" el="367" ec="21" bec="0" bev="0" fileid="4" />
                <SequencePoint vc="0" uspid="224" ordinal="6" offset="29" sl="368" sc="9" el="368" ec="28" bec="0" bev="0" fileid="4" />
                <SequencePoint vc="0" uspid="225" ordinal="7" offset="41" sl="371" sc="7" el="371" ec="23" bec="0" bev="0" fileid="4" />
                <SequencePoint vc="0" uspid="226" ordinal="8" offset="48" sl="372" sc="7" el="372" ec="19" bec="0" bev="0" fileid="4" />
              </SequencePoints>
              <BranchPoints>
                <BranchPoint vc="0" uspid="227" ordinal="0" offset="9" sl="361" path="0" offsetend="11" fileid="4" />
                <BranchPoint vc="0" uspid="228" ordinal="1" offset="9" sl="361" path="1" offsetend="41" fileid="4" />
                <BranchPoint vc="0" uspid="229" ordinal="2" offset="12" sl="363" path="0" offsetend="14" fileid="4" />
                <BranchPoint vc="0" uspid="230" ordinal="3" offset="12" sl="363" path="1" offsetend="16" fileid="4" />
              </BranchPoints>
              <MethodPoint xsi:type="SequencePoint" vc="0" uspid="218" ordinal="0" offset="0" sl="360" sc="7" el="360" ec="37" bec="0" bev="0" fileid="4" />
            </Method>
            <Method visited="false" cyclomaticComplexity="6" nPathComplexity="16" sequenceCoverage="0" branchCoverage="0" isConstructor="false" isStatic="false" isGetter="false" isSetter="false">
              <Summary numSequencePoints="15" visitedSequencePoints="0" numBranchPoints="9" visitedBranchPoints="0" sequenceCoverage="0" branchCoverage="0" maxCyclomaticComplexity="6" minCyclomaticComplexity="6" visitedClasses="0" numClasses="0" visitedMethods="0" numMethods="1" />
              <MetadataToken>100663705</MetadataToken>
              <Name>System.String IBM.Watson.DeveloperCloud.Utilities.Config::ResolveVariables(System.String,System.Boolean)</Name>
              <FileRef uid="4" />
              <SequencePoints>
                <SequencePoint vc="0" uspid="231" ordinal="0" offset="0" sl="382" sc="7" el="382" ec="29" bec="0" bev="0" fileid="4" />
                <SequencePoint vc="0" uspid="232" ordinal="1" offset="2" sl="383" sc="27" el="383" ec="38" bec="0" bev="0" fileid="4" />
                <SequencePoint vc="0" uspid="233" ordinal="2" offset="16" sl="383" sc="16" el="383" ec="23" bec="0" bev="0" fileid="4" />
                <SequencePoint vc="0" uspid="234" ordinal="3" offset="24" sl="385" sc="9" el="385" ec="34" bec="0" bev="0" fileid="4" />
                <SequencePoint vc="0" uspid="235" ordinal="4" offset="32" sl="386" sc="9" el="386" ec="47" bec="3" bev="0" fileid="4" />
                <SequencePoint vc="0" uspid="236" ordinal="5" offset="49" sl="387" sc="11" el="387" ec="50" bec="0" bev="0" fileid="4" />
                <SequencePoint vc="0" uspid="237" ordinal="6" offset="60" sl="389" sc="9" el="389" ec="62" bec="0" bev="0" fileid="4" />
                <SequencePoint vc="0" uspid="238" ordinal="7" offset="90" sl="383" sc="24" el="383" ec="26" bec="0" bev="0" fileid="4" />
                <SequencePoint vc="0" uspid="239" ordinal="8" offset="115" sl="393" sc="7" el="393" ec="48" bec="0" bev="0" fileid="4" />
                <SequencePoint vc="0" uspid="240" ordinal="9" offset="129" sl="396" sc="9" el="396" ec="62" bec="0" bev="0" fileid="4" />
                <SequencePoint vc="0" uspid="241" ordinal="10" offset="143" sl="397" sc="9" el="397" ec="29" bec="2" bev="0" fileid="4" />
                <SequencePoint vc="0" uspid="242" ordinal="11" offset="148" sl="400" sc="9" el="400" ec="82" bec="0" bev="0" fileid="4" />
                <SequencePoint vc="0" uspid="243" ordinal="12" offset="162" sl="403" sc="9" el="403" ec="46" bec="0" bev="0" fileid="4" />
                <SequencePoint vc="0" uspid="244" ordinal="13" offset="174" sl="394" sc="7" el="394" ec="33" bec="2" bev="0" fileid="4" />
                <SequencePoint vc="0" uspid="245" ordinal="14" offset="178" sl="406" sc="7" el="406" ec="21" bec="0" bev="0" fileid="4" />
              </SequencePoints>
              <BranchPoints>
                <BranchPoint vc="0" uspid="246" ordinal="0" offset="33" sl="386" path="0" offsetend="35" fileid="4" />
                <BranchPoint vc="0" uspid="247" ordinal="1" offset="33" sl="386" path="1" offsetend="60" fileid="4" />
                <BranchPoint vc="0" uspid="248" ordinal="2" offset="47" sl="386" path="0" offsetend="49" fileid="4" />
                <BranchPoint vc="0" uspid="249" ordinal="3" offset="47" sl="386" path="1" offsetend="60" fileid="4" />
                <BranchPoint vc="0" uspid="252" ordinal="6" offset="146" sl="397" path="0" offsetend="148" fileid="4" />
                <BranchPoint vc="0" uspid="253" ordinal="7" offset="146" sl="397" path="1" offsetend="178" fileid="4" />
                <BranchPoint vc="0" uspid="254" ordinal="8" offset="176" sl="394" path="0" offsetend="178" fileid="4" />
                <BranchPoint vc="0" uspid="255" ordinal="9" offset="176" sl="394" path="1" offsetend="129" fileid="4" />
              </BranchPoints>
              <MethodPoint xsi:type="SequencePoint" vc="0" uspid="231" ordinal="0" offset="0" sl="382" sc="7" el="382" ec="29" bec="0" bev="0" fileid="4" />
            </Method>
            <Method visited="true" cyclomaticComplexity="1" nPathComplexity="0" sequenceCoverage="100" branchCoverage="100" isConstructor="true" isStatic="true" isGetter="false" isSetter="false">
              <Summary numSequencePoints="1" visitedSequencePoints="1" numBranchPoints="1" visitedBranchPoints="1" sequenceCoverage="100" branchCoverage="100" maxCyclomaticComplexity="1" minCyclomaticComplexity="1" visitedClasses="0" numClasses="0" visitedMethods="1" numMethods="1" />
              <MetadataToken>100663706</MetadataToken>
              <Name>System.Void IBM.Watson.DeveloperCloud.Utilities.Config::.cctor()</Name>
              <FileRef uid="4" />
              <SequencePoints>
                <SequencePoint vc="1" uspid="256" ordinal="0" offset="0" sl="166" sc="5" el="166" ec="68" bec="0" bev="0" fileid="4" />
              </SequencePoints>
              <BranchPoints />
              <MethodPoint xsi:type="SequencePoint" vc="1" uspid="256" ordinal="0" offset="0" sl="166" sc="5" el="166" ec="68" bec="0" bev="0" fileid="4" />
            </Method>
          </Methods>
        </Class>
        <Class>
          <Summary numSequencePoints="4" visitedSequencePoints="4" numBranchPoints="4" visitedBranchPoints="4" sequenceCoverage="100" branchCoverage="100" maxCyclomaticComplexity="1" minCyclomaticComplexity="1" visitedClasses="1" numClasses="1" visitedMethods="4" numMethods="4" />
          <FullName>IBM.Watson.DeveloperCloud.Utilities.Config/Variable</FullName>
          <Methods>
            <Method visited="true" cyclomaticComplexity="1" nPathComplexity="0" sequenceCoverage="100" branchCoverage="100" isConstructor="false" isStatic="false" isGetter="true" isSetter="false">
              <Summary numSequencePoints="1" visitedSequencePoints="1" numBranchPoints="1" visitedBranchPoints="1" sequenceCoverage="100" branchCoverage="100" maxCyclomaticComplexity="1" minCyclomaticComplexity="1" visitedClasses="0" numClasses="0" visitedMethods="1" numMethods="1" />
              <MetadataToken>100666008</MetadataToken>
              <Name>System.String IBM.Watson.DeveloperCloud.Utilities.Config/Variable::get_Key()</Name>
              <FileRef uid="4" />
              <SequencePoints>
                <SequencePoint vc="37" uspid="257" ordinal="0" offset="0" sl="42" sc="27" el="42" ec="31" bec="0" bev="0" fileid="4" />
              </SequencePoints>
              <BranchPoints />
              <MethodPoint xsi:type="SequencePoint" vc="37" uspid="257" ordinal="0" offset="0" sl="42" sc="27" el="42" ec="31" bec="0" bev="0" fileid="4" />
            </Method>
            <Method visited="true" cyclomaticComplexity="1" nPathComplexity="0" sequenceCoverage="100" branchCoverage="100" isConstructor="false" isStatic="false" isGetter="false" isSetter="true">
              <Summary numSequencePoints="1" visitedSequencePoints="1" numBranchPoints="1" visitedBranchPoints="1" sequenceCoverage="100" branchCoverage="100" maxCyclomaticComplexity="1" minCyclomaticComplexity="1" visitedClasses="0" numClasses="0" visitedMethods="1" numMethods="1" />
              <MetadataToken>100666009</MetadataToken>
              <Name>System.Void IBM.Watson.DeveloperCloud.Utilities.Config/Variable::set_Key(System.String)</Name>
              <FileRef uid="4" />
              <SequencePoints>
                <SequencePoint vc="6" uspid="258" ordinal="0" offset="0" sl="42" sc="32" el="42" ec="36" bec="0" bev="0" fileid="4" />
              </SequencePoints>
              <BranchPoints />
              <MethodPoint xsi:type="SequencePoint" vc="6" uspid="258" ordinal="0" offset="0" sl="42" sc="32" el="42" ec="36" bec="0" bev="0" fileid="4" />
            </Method>
            <Method visited="true" cyclomaticComplexity="1" nPathComplexity="0" sequenceCoverage="100" branchCoverage="100" isConstructor="false" isStatic="false" isGetter="true" isSetter="false">
              <Summary numSequencePoints="1" visitedSequencePoints="1" numBranchPoints="1" visitedBranchPoints="1" sequenceCoverage="100" branchCoverage="100" maxCyclomaticComplexity="1" minCyclomaticComplexity="1" visitedClasses="0" numClasses="0" visitedMethods="1" numMethods="1" />
              <MetadataToken>100666010</MetadataToken>
              <Name>System.String IBM.Watson.DeveloperCloud.Utilities.Config/Variable::get_Value()</Name>
              <FileRef uid="4" />
              <SequencePoints>
                <SequencePoint vc="13" uspid="259" ordinal="0" offset="0" sl="46" sc="29" el="46" ec="33" bec="0" bev="0" fileid="4" />
              </SequencePoints>
              <BranchPoints />
              <MethodPoint xsi:type="SequencePoint" vc="13" uspid="259" ordinal="0" offset="0" sl="46" sc="29" el="46" ec="33" bec="0" bev="0" fileid="4" />
            </Method>
            <Method visited="true" cyclomaticComplexity="1" nPathComplexity="0" sequenceCoverage="100" branchCoverage="100" isConstructor="false" isStatic="false" isGetter="false" isSetter="true">
              <Summary numSequencePoints="1" visitedSequencePoints="1" numBranchPoints="1" visitedBranchPoints="1" sequenceCoverage="100" branchCoverage="100" maxCyclomaticComplexity="1" minCyclomaticComplexity="1" visitedClasses="0" numClasses="0" visitedMethods="1" numMethods="1" />
              <MetadataToken>100666011</MetadataToken>
              <Name>System.Void IBM.Watson.DeveloperCloud.Utilities.Config/Variable::set_Value(System.String)</Name>
              <FileRef uid="4" />
              <SequencePoints>
                <SequencePoint vc="6" uspid="260" ordinal="0" offset="0" sl="46" sc="34" el="46" ec="38" bec="0" bev="0" fileid="4" />
              </SequencePoints>
              <BranchPoints />
              <MethodPoint xsi:type="SequencePoint" vc="6" uspid="260" ordinal="0" offset="0" sl="46" sc="34" el="46" ec="38" bec="0" bev="0" fileid="4" />
            </Method>
            <Method visited="true" cyclomaticComplexity="1" nPathComplexity="0" sequenceCoverage="0" branchCoverage="0" isConstructor="true" isStatic="false" isGetter="false" isSetter="false">
              <Summary numSequencePoints="0" visitedSequencePoints="0" numBranchPoints="0" visitedBranchPoints="0" sequenceCoverage="0" branchCoverage="0" maxCyclomaticComplexity="1" minCyclomaticComplexity="1" visitedClasses="0" numClasses="0" visitedMethods="0" numMethods="0" />
              <MetadataToken>100666012</MetadataToken>
              <Name>System.Void IBM.Watson.DeveloperCloud.Utilities.Config/Variable::.ctor()</Name>
              <SequencePoints />
              <BranchPoints />
              <MethodPoint vc="6" uspid="261" ordinal="0" offset="0" />
            </Method>
          </Methods>
        </Class>
        <Class>
          <Summary numSequencePoints="32" visitedSequencePoints="1" numBranchPoints="12" visitedBranchPoints="1" sequenceCoverage="3.12" branchCoverage="8.33" maxCyclomaticComplexity="5" minCyclomaticComplexity="1" visitedClasses="1" numClasses="1" visitedMethods="1" numMethods="4" />
          <FullName>IBM.Watson.DeveloperCloud.Utilities.Config/CredentialInfo</FullName>
          <Methods>
            <Method visited="false" cyclomaticComplexity="1" nPathComplexity="0" sequenceCoverage="0" branchCoverage="0" isConstructor="false" isStatic="false" isGetter="false" isSetter="false">
              <Summary numSequencePoints="1" visitedSequencePoints="0" numBranchPoints="1" visitedBranchPoints="0" sequenceCoverage="0" branchCoverage="0" maxCyclomaticComplexity="1" minCyclomaticComplexity="1" visitedClasses="0" numClasses="0" visitedMethods="0" numMethods="1" />
              <MetadataToken>100666013</MetadataToken>
              <Name>System.String IBM.Watson.DeveloperCloud.Utilities.Config/CredentialInfo::MakeJSON()</Name>
              <FileRef uid="4" />
              <SequencePoints>
                <SequencePoint vc="0" uspid="262" ordinal="0" offset="0" sl="86" sc="9" el="86" ec="238" bec="0" bev="0" fileid="4" />
              </SequencePoints>
              <BranchPoints />
              <MethodPoint xsi:type="SequencePoint" vc="0" uspid="262" ordinal="0" offset="0" sl="86" sc="9" el="86" ec="238" bec="0" bev="0" fileid="4" />
            </Method>
            <Method visited="false" cyclomaticComplexity="5" nPathComplexity="16" sequenceCoverage="0" branchCoverage="0" isConstructor="false" isStatic="false" isGetter="false" isSetter="false">
              <Summary numSequencePoints="29" visitedSequencePoints="0" numBranchPoints="9" visitedBranchPoints="0" sequenceCoverage="0" branchCoverage="0" maxCyclomaticComplexity="5" minCyclomaticComplexity="5" visitedClasses="0" numClasses="0" visitedMethods="0" numMethods="1" />
              <MetadataToken>100666014</MetadataToken>
              <Name>System.Boolean IBM.Watson.DeveloperCloud.Utilities.Config/CredentialInfo::ParseJSON(System.String)</Name>
              <FileRef uid="4" />
              <SequencePoints>
                <SequencePoint vc="0" uspid="263" ordinal="0" offset="0" sl="98" sc="11" el="98" ec="70" bec="0" bev="0" fileid="4" />
                <SequencePoint vc="0" uspid="264" ordinal="1" offset="11" sl="99" sc="11" el="99" ec="75" bec="0" bev="0" fileid="4" />
                <SequencePoint vc="0" uspid="265" ordinal="2" offset="27" sl="100" sc="11" el="100" ec="47" bec="0" bev="0" fileid="4" />
                <SequencePoint vc="0" uspid="266" ordinal="3" offset="49" sl="101" sc="11" el="101" ec="53" bec="0" bev="0" fileid="4" />
                <SequencePoint vc="0" uspid="267" ordinal="4" offset="71" sl="102" sc="11" el="102" ec="57" bec="0" bev="0" fileid="4" />
                <SequencePoint vc="0" uspid="268" ordinal="5" offset="93" sl="103" sc="11" el="103" ec="49" bec="0" bev="0" fileid="4" />
                <SequencePoint vc="0" uspid="269" ordinal="6" offset="115" sl="104" sc="11" el="104" ec="69" bec="2" bev="0" fileid="4" />
                <SequencePoint vc="0" uspid="270" ordinal="7" offset="138" sl="105" sc="13" el="105" ec="55" bec="0" bev="0" fileid="4" />
                <SequencePoint vc="0" uspid="271" ordinal="8" offset="160" sl="106" sc="11" el="106" ec="70" bec="2" bev="0" fileid="4" />
                <SequencePoint vc="0" uspid="272" ordinal="9" offset="183" sl="107" sc="13" el="107" ec="56" bec="0" bev="0" fileid="4" />
                <SequencePoint vc="0" uspid="273" ordinal="10" offset="205" sl="109" sc="11" el="109" ec="23" bec="0" bev="0" fileid="4" />
                <SequencePoint vc="0" uspid="274" ordinal="11" offset="212" sl="111" sc="9" el="111" ec="28" bec="0" bev="0" fileid="4" />
                <SequencePoint vc="0" uspid="275" ordinal="12" offset="213" sl="115" sc="13" el="115" ec="72" bec="0" bev="0" fileid="4" />
                <SequencePoint vc="0" uspid="276" ordinal="13" offset="225" sl="116" sc="13" el="116" ec="43" bec="0" bev="0" fileid="4" />
                <SequencePoint vc="0" uspid="277" ordinal="14" offset="247" sl="117" sc="13" el="117" ec="49" bec="0" bev="0" fileid="4" />
                <SequencePoint vc="0" uspid="278" ordinal="15" offset="269" sl="118" sc="13" el="118" ec="53" bec="0" bev="0" fileid="4" />
                <SequencePoint vc="0" uspid="279" ordinal="16" offset="291" sl="119" sc="13" el="119" ec="45" bec="0" bev="0" fileid="4" />
                <SequencePoint vc="0" uspid="280" ordinal="17" offset="313" sl="120" sc="13" el="120" ec="65" bec="2" bev="0" fileid="4" />
                <SequencePoint vc="0" uspid="281" ordinal="18" offset="336" sl="121" sc="15" el="121" ec="51" bec="0" bev="0" fileid="4" />
                <SequencePoint vc="0" uspid="282" ordinal="19" offset="358" sl="122" sc="13" el="122" ec="66" bec="2" bev="0" fileid="4" />
                <SequencePoint vc="0" uspid="283" ordinal="20" offset="381" sl="123" sc="15" el="123" ec="52" bec="0" bev="0" fileid="4" />
                <SequencePoint vc="0" uspid="284" ordinal="21" offset="403" sl="125" sc="13" el="125" ec="25" bec="0" bev="0" fileid="4" />
                <SequencePoint vc="0" uspid="285" ordinal="22" offset="407" sl="127" sc="11" el="127" ec="16" bec="0" bev="0" fileid="4" />
                <SequencePoint vc="0" uspid="286" ordinal="23" offset="408" sl="129" sc="13" el="129" ec="72" bec="0" bev="0" fileid="4" />
                <SequencePoint vc="0" uspid="287" ordinal="24" offset="438" sl="130" sc="11" el="130" ec="12" bec="0" bev="0" fileid="4" />
                <SequencePoint vc="0" uspid="288" ordinal="25" offset="440" sl="131" sc="11" el="131" ec="70" bec="0" bev="0" fileid="4" />
                <SequencePoint vc="0" uspid="289" ordinal="26" offset="470" sl="132" sc="9" el="132" ec="10" bec="0" bev="0" fileid="4" />
                <SequencePoint vc="0" uspid="290" ordinal="27" offset="472" sl="134" sc="9" el="134" ec="22" bec="0" bev="0" fileid="4" />
                <SequencePoint vc="0" uspid="291" ordinal="28" offset="474" sl="135" sc="7" el="135" ec="8" bec="0" bev="0" fileid="4" />
              </SequencePoints>
              <BranchPoints>
                <BranchPoint vc="0" uspid="292" ordinal="0" offset="136" sl="104" path="0" offsetend="138" fileid="4" />
                <BranchPoint vc="0" uspid="293" ordinal="1" offset="136" sl="104" path="1" offsetend="160" fileid="4" />
                <BranchPoint vc="0" uspid="294" ordinal="2" offset="181" sl="106" path="0" offsetend="183" fileid="4" />
                <BranchPoint vc="0" uspid="295" ordinal="3" offset="181" sl="106" path="1" offsetend="205" fileid="4" />
                <BranchPoint vc="0" uspid="296" ordinal="4" offset="334" sl="120" path="0" offsetend="336" fileid="4" />
                <BranchPoint vc="0" uspid="297" ordinal="5" offset="334" sl="120" path="1" offsetend="358" fileid="4" />
                <BranchPoint vc="0" uspid="298" ordinal="6" offset="379" sl="122" path="0" offsetend="381" fileid="4" />
                <BranchPoint vc="0" uspid="299" ordinal="7" offset="379" sl="122" path="1" offsetend="403" fileid="4" />
              </BranchPoints>
              <MethodPoint xsi:type="SequencePoint" vc="0" uspid="263" ordinal="0" offset="0" sl="98" sc="11" el="98" ec="70" bec="0" bev="0" fileid="4" />
            </Method>
            <Method visited="true" cyclomaticComplexity="2" nPathComplexity="0" sequenceCoverage="100" branchCoverage="100" isConstructor="false" isStatic="false" isGetter="false" isSetter="false">
              <Summary numSequencePoints="1" visitedSequencePoints="1" numBranchPoints="1" visitedBranchPoints="1" sequenceCoverage="100" branchCoverage="100" maxCyclomaticComplexity="2" minCyclomaticComplexity="2" visitedClasses="0" numClasses="0" visitedMethods="1" numMethods="1" />
              <MetadataToken>100666015</MetadataToken>
              <Name>System.Boolean IBM.Watson.DeveloperCloud.Utilities.Config/CredentialInfo::HasCredentials()</Name>
              <FileRef uid="4" />
              <SequencePoints>
                <SequencePoint vc="100" uspid="300" ordinal="0" offset="0" sl="143" sc="9" el="143" ec="85" bec="0" bev="0" fileid="4" />
              </SequencePoints>
              <BranchPoints />
              <MethodPoint xsi:type="SequencePoint" vc="100" uspid="300" ordinal="0" offset="0" sl="143" sc="9" el="143" ec="85" bec="0" bev="0" fileid="4" />
            </Method>
            <Method visited="false" cyclomaticComplexity="1" nPathComplexity="0" sequenceCoverage="0" branchCoverage="0" isConstructor="false" isStatic="false" isGetter="false" isSetter="false">
              <Summary numSequencePoints="1" visitedSequencePoints="0" numBranchPoints="1" visitedBranchPoints="0" sequenceCoverage="0" branchCoverage="0" maxCyclomaticComplexity="1" minCyclomaticComplexity="1" visitedClasses="0" numClasses="0" visitedMethods="0" numMethods="1" />
              <MetadataToken>100666016</MetadataToken>
              <Name>System.Boolean IBM.Watson.DeveloperCloud.Utilities.Config/CredentialInfo::HasAPIKey()</Name>
              <FileRef uid="4" />
              <SequencePoints>
                <SequencePoint vc="0" uspid="303" ordinal="0" offset="0" sl="152" sc="9" el="152" ec="48" bec="0" bev="0" fileid="4" />
              </SequencePoints>
              <BranchPoints />
              <MethodPoint xsi:type="SequencePoint" vc="0" uspid="303" ordinal="0" offset="0" sl="152" sc="9" el="152" ec="48" bec="0" bev="0" fileid="4" />
            </Method>
            <Method visited="true" cyclomaticComplexity="1" nPathComplexity="0" sequenceCoverage="0" branchCoverage="0" isConstructor="true" isStatic="false" isGetter="false" isSetter="false">
              <Summary numSequencePoints="0" visitedSequencePoints="0" numBranchPoints="0" visitedBranchPoints="0" sequenceCoverage="0" branchCoverage="0" maxCyclomaticComplexity="1" minCyclomaticComplexity="1" visitedClasses="0" numClasses="0" visitedMethods="0" numMethods="0" />
              <MetadataToken>100666017</MetadataToken>
              <Name>System.Void IBM.Watson.DeveloperCloud.Utilities.Config/CredentialInfo::.ctor()</Name>
              <SequencePoints />
              <BranchPoints />
              <MethodPoint vc="15" uspid="304" ordinal="0" offset="0" />
            </Method>
          </Methods>
        </Class>
        <Class>
          <Summary numSequencePoints="3" visitedSequencePoints="3" numBranchPoints="1" visitedBranchPoints="1" sequenceCoverage="100" branchCoverage="100" maxCyclomaticComplexity="1" minCyclomaticComplexity="1" visitedClasses="1" numClasses="1" visitedMethods="1" numMethods="1" />
          <FullName>IBM.Watson.DeveloperCloud.Utilities.Constants/Path</FullName>
          <Methods>
            <Method visited="true" cyclomaticComplexity="1" nPathComplexity="0" sequenceCoverage="100" branchCoverage="100" isConstructor="true" isStatic="true" isGetter="false" isSetter="false">
              <Summary numSequencePoints="3" visitedSequencePoints="3" numBranchPoints="1" visitedBranchPoints="1" sequenceCoverage="100" branchCoverage="100" maxCyclomaticComplexity="1" minCyclomaticComplexity="1" visitedClasses="0" numClasses="0" visitedMethods="1" numMethods="1" />
              <MetadataToken>100666018</MetadataToken>
              <Name>System.Void IBM.Watson.DeveloperCloud.Utilities.Constants/Path::.cctor()</Name>
              <FileRef uid="7" />
              <SequencePoints>
                <SequencePoint vc="1" uspid="305" ordinal="0" offset="0" sl="38" sc="7" el="38" ec="156" bec="0" bev="0" fileid="7" />
                <SequencePoint vc="1" uspid="306" ordinal="1" offset="22" sl="42" sc="7" el="42" ec="152" bec="0" bev="0" fileid="7" />
                <SequencePoint vc="1" uspid="307" ordinal="2" offset="44" sl="47" sc="7" el="47" ec="42" bec="0" bev="0" fileid="7" />
              </SequencePoints>
              <BranchPoints />
              <MethodPoint xsi:type="SequencePoint" vc="1" uspid="305" ordinal="0" offset="0" sl="38" sc="7" el="38" ec="156" bec="0" bev="0" fileid="7" />
            </Method>
          </Methods>
        </Class>
        <Class>
          <Summary numSequencePoints="12" visitedSequencePoints="9" numBranchPoints="8" visitedBranchPoints="6" sequenceCoverage="75" branchCoverage="75" maxCyclomaticComplexity="2" minCyclomaticComplexity="1" visitedClasses="1" numClasses="1" visitedMethods="6" numMethods="8" />
          <FullName>IBM.Watson.DeveloperCloud.Utilities.Credentials</FullName>
          <Methods>
            <Method visited="true" cyclomaticComplexity="1" nPathComplexity="0" sequenceCoverage="100" branchCoverage="100" isConstructor="false" isStatic="false" isGetter="true" isSetter="false">
              <Summary numSequencePoints="1" visitedSequencePoints="1" numBranchPoints="1" visitedBranchPoints="1" sequenceCoverage="100" branchCoverage="100" maxCyclomaticComplexity="1" minCyclomaticComplexity="1" visitedClasses="0" numClasses="0" visitedMethods="1" numMethods="1" />
              <MetadataToken>100663709</MetadataToken>
              <Name>System.String IBM.Watson.DeveloperCloud.Utilities.Credentials::get_User()</Name>
              <FileRef uid="8" />
              <SequencePoints>
                <SequencePoint vc="74" uspid="308" ordinal="0" offset="0" sl="47" sc="26" el="47" ec="30" bec="0" bev="0" fileid="8" />
              </SequencePoints>
              <BranchPoints />
              <MethodPoint xsi:type="SequencePoint" vc="74" uspid="308" ordinal="0" offset="0" sl="47" sc="26" el="47" ec="30" bec="0" bev="0" fileid="8" />
            </Method>
            <Method visited="true" cyclomaticComplexity="1" nPathComplexity="0" sequenceCoverage="100" branchCoverage="100" isConstructor="false" isStatic="false" isGetter="false" isSetter="true">
              <Summary numSequencePoints="1" visitedSequencePoints="1" numBranchPoints="1" visitedBranchPoints="1" sequenceCoverage="100" branchCoverage="100" maxCyclomaticComplexity="1" minCyclomaticComplexity="1" visitedClasses="0" numClasses="0" visitedMethods="1" numMethods="1" />
              <MetadataToken>100663710</MetadataToken>
              <Name>System.Void IBM.Watson.DeveloperCloud.Utilities.Credentials::set_User(System.String)</Name>
              <FileRef uid="8" />
              <SequencePoints>
                <SequencePoint vc="44" uspid="309" ordinal="0" offset="0" sl="47" sc="31" el="47" ec="35" bec="0" bev="0" fileid="8" />
              </SequencePoints>
              <BranchPoints />
              <MethodPoint xsi:type="SequencePoint" vc="44" uspid="309" ordinal="0" offset="0" sl="47" sc="31" el="47" ec="35" bec="0" bev="0" fileid="8" />
            </Method>
            <Method visited="true" cyclomaticComplexity="1" nPathComplexity="0" sequenceCoverage="100" branchCoverage="100" isConstructor="false" isStatic="false" isGetter="true" isSetter="false">
              <Summary numSequencePoints="1" visitedSequencePoints="1" numBranchPoints="1" visitedBranchPoints="1" sequenceCoverage="100" branchCoverage="100" maxCyclomaticComplexity="1" minCyclomaticComplexity="1" visitedClasses="0" numClasses="0" visitedMethods="1" numMethods="1" />
              <MetadataToken>100663711</MetadataToken>
              <Name>System.String IBM.Watson.DeveloperCloud.Utilities.Credentials::get_Password()</Name>
              <FileRef uid="8" />
              <SequencePoints>
                <SequencePoint vc="74" uspid="310" ordinal="0" offset="0" sl="51" sc="30" el="51" ec="34" bec="0" bev="0" fileid="8" />
              </SequencePoints>
              <BranchPoints />
              <MethodPoint xsi:type="SequencePoint" vc="74" uspid="310" ordinal="0" offset="0" sl="51" sc="30" el="51" ec="34" bec="0" bev="0" fileid="8" />
            </Method>
            <Method visited="true" cyclomaticComplexity="1" nPathComplexity="0" sequenceCoverage="100" branchCoverage="100" isConstructor="false" isStatic="false" isGetter="false" isSetter="true">
              <Summary numSequencePoints="1" visitedSequencePoints="1" numBranchPoints="1" visitedBranchPoints="1" sequenceCoverage="100" branchCoverage="100" maxCyclomaticComplexity="1" minCyclomaticComplexity="1" visitedClasses="0" numClasses="0" visitedMethods="1" numMethods="1" />
              <MetadataToken>100663712</MetadataToken>
              <Name>System.Void IBM.Watson.DeveloperCloud.Utilities.Credentials::set_Password(System.String)</Name>
              <FileRef uid="8" />
              <SequencePoints>
                <SequencePoint vc="44" uspid="311" ordinal="0" offset="0" sl="51" sc="35" el="51" ec="39" bec="0" bev="0" fileid="8" />
              </SequencePoints>
              <BranchPoints />
              <MethodPoint xsi:type="SequencePoint" vc="44" uspid="311" ordinal="0" offset="0" sl="51" sc="35" el="51" ec="39" bec="0" bev="0" fileid="8" />
            </Method>
            <Method visited="false" cyclomaticComplexity="1" nPathComplexity="0" sequenceCoverage="0" branchCoverage="0" isConstructor="true" isStatic="false" isGetter="false" isSetter="false">
              <Summary numSequencePoints="2" visitedSequencePoints="0" numBranchPoints="1" visitedBranchPoints="0" sequenceCoverage="0" branchCoverage="0" maxCyclomaticComplexity="1" minCyclomaticComplexity="1" visitedClasses="0" numClasses="0" visitedMethods="0" numMethods="1" />
              <MetadataToken>100663707</MetadataToken>
              <Name>System.Void IBM.Watson.DeveloperCloud.Utilities.Credentials::.ctor()</Name>
              <FileRef uid="8" />
              <SequencePoints>
                <SequencePoint vc="0" uspid="312" ordinal="0" offset="0" sl="31" sc="5" el="31" ec="25" bec="0" bev="0" fileid="8" />
                <SequencePoint vc="0" uspid="313" ordinal="1" offset="6" sl="32" sc="7" el="32" ec="8" bec="0" bev="0" fileid="8" />
              </SequencePoints>
              <BranchPoints />
              <MethodPoint xsi:type="SequencePoint" vc="0" uspid="312" ordinal="0" offset="0" sl="31" sc="5" el="31" ec="25" bec="0" bev="0" fileid="8" />
            </Method>
            <Method visited="true" cyclomaticComplexity="1" nPathComplexity="0" sequenceCoverage="100" branchCoverage="100" isConstructor="true" isStatic="false" isGetter="false" isSetter="false">
              <Summary numSequencePoints="4" visitedSequencePoints="4" numBranchPoints="1" visitedBranchPoints="1" sequenceCoverage="100" branchCoverage="100" maxCyclomaticComplexity="1" minCyclomaticComplexity="1" visitedClasses="0" numClasses="0" visitedMethods="1" numMethods="1" />
              <MetadataToken>100663708</MetadataToken>
              <Name>System.Void IBM.Watson.DeveloperCloud.Utilities.Credentials::.ctor(System.String,System.String)</Name>
              <FileRef uid="8" />
              <SequencePoints>
                <SequencePoint vc="44" uspid="314" ordinal="0" offset="0" sl="38" sc="5" el="38" ec="53" bec="0" bev="0" fileid="8" />
                <SequencePoint vc="44" uspid="315" ordinal="1" offset="6" sl="40" sc="7" el="40" ec="19" bec="0" bev="0" fileid="8" />
                <SequencePoint vc="44" uspid="316" ordinal="2" offset="13" sl="41" sc="7" el="41" ec="27" bec="0" bev="0" fileid="8" />
                <SequencePoint vc="44" uspid="317" ordinal="3" offset="20" sl="42" sc="5" el="42" ec="6" bec="0" bev="0" fileid="8" />
              </SequencePoints>
              <BranchPoints />
              <MethodPoint xsi:type="SequencePoint" vc="44" uspid="314" ordinal="0" offset="0" sl="38" sc="5" el="38" ec="53" bec="0" bev="0" fileid="8" />
            </Method>
            <Method visited="true" cyclomaticComplexity="1" nPathComplexity="0" sequenceCoverage="100" branchCoverage="100" isConstructor="false" isStatic="false" isGetter="false" isSetter="false">
              <Summary numSequencePoints="1" visitedSequencePoints="1" numBranchPoints="1" visitedBranchPoints="1" sequenceCoverage="100" branchCoverage="100" maxCyclomaticComplexity="1" minCyclomaticComplexity="1" visitedClasses="0" numClasses="0" visitedMethods="1" numMethods="1" />
              <MetadataToken>100663713</MetadataToken>
              <Name>System.String IBM.Watson.DeveloperCloud.Utilities.Credentials::CreateAuthorization()</Name>
              <FileRef uid="8" />
              <SequencePoints>
                <SequencePoint vc="74" uspid="318" ordinal="0" offset="0" sl="59" sc="7" el="59" ec="96" bec="0" bev="0" fileid="8" />
              </SequencePoints>
              <BranchPoints />
              <MethodPoint xsi:type="SequencePoint" vc="74" uspid="318" ordinal="0" offset="0" sl="59" sc="7" el="59" ec="96" bec="0" bev="0" fileid="8" />
            </Method>
            <Method visited="false" cyclomaticComplexity="2" nPathComplexity="0" sequenceCoverage="0" branchCoverage="0" isConstructor="false" isStatic="false" isGetter="false" isSetter="false">
              <Summary numSequencePoints="1" visitedSequencePoints="0" numBranchPoints="1" visitedBranchPoints="0" sequenceCoverage="0" branchCoverage="0" maxCyclomaticComplexity="2" minCyclomaticComplexity="2" visitedClasses="0" numClasses="0" visitedMethods="0" numMethods="1" />
              <MetadataToken>100663714</MetadataToken>
              <Name>System.Boolean IBM.Watson.DeveloperCloud.Utilities.Credentials::HasCredentials()</Name>
              <FileRef uid="8" />
              <SequencePoints>
                <SequencePoint vc="0" uspid="319" ordinal="0" offset="0" sl="68" sc="7" el="68" ec="77" bec="0" bev="0" fileid="8" />
              </SequencePoints>
              <BranchPoints />
              <MethodPoint xsi:type="SequencePoint" vc="0" uspid="319" ordinal="0" offset="0" sl="68" sc="7" el="68" ec="77" bec="0" bev="0" fileid="8" />
            </Method>
          </Methods>
        </Class>
        <Class>
          <Summary numSequencePoints="102" visitedSequencePoints="35" numBranchPoints="45" visitedBranchPoints="9" sequenceCoverage="34.31" branchCoverage="20" maxCyclomaticComplexity="5" minCyclomaticComplexity="1" visitedClasses="1" numClasses="1" visitedMethods="3" numMethods="9" />
          <FullName>IBM.Watson.DeveloperCloud.Utilities.DataCache</FullName>
          <Methods>
            <Method visited="true" cyclomaticComplexity="1" nPathComplexity="0" sequenceCoverage="100" branchCoverage="100" isConstructor="true" isStatic="false" isGetter="false" isSetter="false">
              <Summary numSequencePoints="5" visitedSequencePoints="5" numBranchPoints="1" visitedBranchPoints="1" sequenceCoverage="100" branchCoverage="100" maxCyclomaticComplexity="1" minCyclomaticComplexity="1" visitedClasses="0" numClasses="0" visitedMethods="1" numMethods="1" />
              <MetadataToken>100663715</MetadataToken>
              <Name>System.Void IBM.Watson.DeveloperCloud.Utilities.DataCache::.ctor(System.String,System.Int64,System.Double)</Name>
              <FileRef uid="9" />
              <SequencePoints>
                <SequencePoint vc="1" uspid="322" ordinal="0" offset="0" sl="33" sc="5" el="33" ec="38" bec="0" bev="0" fileid="9" />
                <SequencePoint vc="1" uspid="323" ordinal="1" offset="8" sl="44" sc="5" el="44" ec="89" bec="0" bev="0" fileid="9" />
                <SequencePoint vc="1" uspid="324" ordinal="2" offset="19" sl="53" sc="5" el="53" ec="106" bec="0" bev="0" fileid="9" />
                <SequencePoint vc="1" uspid="325" ordinal="3" offset="25" sl="55" sc="7" el="55" ec="56" bec="0" bev="0" fileid="9" />
                <SequencePoint vc="1" uspid="326" ordinal="4" offset="34" sl="56" sc="5" el="56" ec="6" bec="0" bev="0" fileid="9" />
              </SequencePoints>
              <BranchPoints />
              <MethodPoint xsi:type="SequencePoint" vc="1" uspid="322" ordinal="0" offset="0" sl="33" sc="5" el="33" ec="38" bec="0" bev="0" fileid="9" />
            </Method>
            <Method visited="true" cyclomaticComplexity="5" nPathComplexity="8" sequenceCoverage="84" branchCoverage="57.14" isConstructor="false" isStatic="false" isGetter="false" isSetter="false">
              <Summary numSequencePoints="25" visitedSequencePoints="21" numBranchPoints="7" visitedBranchPoints="4" sequenceCoverage="84" branchCoverage="57.14" maxCyclomaticComplexity="5" minCyclomaticComplexity="5" visitedClasses="0" numClasses="0" visitedMethods="1" numMethods="1" />
              <MetadataToken>100663716</MetadataToken>
              <Name>System.Void IBM.Watson.DeveloperCloud.Utilities.DataCache::Initialize(System.String,System.Int64,System.Double)</Name>
              <FileRef uid="9" />
              <SequencePoints>
                <SequencePoint vc="1" uspid="327" ordinal="0" offset="0" sl="66" sc="7" el="66" ec="43" bec="2" bev="1" fileid="9" />
                <SequencePoint vc="0" uspid="328" ordinal="1" offset="8" sl="67" sc="9" el="67" ec="54" bec="0" bev="0" fileid="9" />
                <SequencePoint vc="1" uspid="329" ordinal="2" offset="19" sl="68" sc="7" el="68" ec="47" bec="0" bev="0" fileid="9" />
                <SequencePoint vc="1" uspid="330" ordinal="3" offset="31" sl="70" sc="7" el="70" ec="37" bec="0" bev="0" fileid="9" />
                <SequencePoint vc="1" uspid="331" ordinal="4" offset="38" sl="71" sc="7" el="71" ec="35" bec="0" bev="0" fileid="9" />
                <SequencePoint vc="1" uspid="332" ordinal="5" offset="45" sl="73" sc="7" el="73" ec="165" bec="0" bev="0" fileid="9" />
                <SequencePoint vc="1" uspid="333" ordinal="6" offset="122" sl="74" sc="7" el="74" ec="42" bec="2" bev="1" fileid="9" />
                <SequencePoint vc="0" uspid="334" ordinal="7" offset="135" sl="75" sc="9" el="75" ec="48" bec="0" bev="0" fileid="9" />
                <SequencePoint vc="1" uspid="335" ordinal="8" offset="147" sl="77" sc="25" el="77" ec="56" bec="0" bev="0" fileid="9" />
                <SequencePoint vc="2" uspid="336" ordinal="9" offset="166" sl="77" sc="16" el="77" ec="21" bec="0" bev="0" fileid="9" />
                <SequencePoint vc="2" uspid="337" ordinal="10" offset="170" sl="79" sc="9" el="79" ec="56" bec="0" bev="0" fileid="9" />
                <SequencePoint vc="2" uspid="338" ordinal="11" offset="178" sl="80" sc="9" el="80" ec="60" bec="0" bev="0" fileid="9" />
                <SequencePoint vc="2" uspid="339" ordinal="12" offset="199" sl="81" sc="9" el="81" ec="33" bec="2" bev="1" fileid="9" />
                <SequencePoint vc="2" uspid="340" ordinal="13" offset="207" sl="83" sc="11" el="83" ec="44" bec="0" bev="0" fileid="9" />
                <SequencePoint vc="2" uspid="341" ordinal="14" offset="214" sl="84" sc="11" el="84" ec="25" bec="0" bev="0" fileid="9" />
                <SequencePoint vc="2" uspid="342" ordinal="15" offset="222" sl="85" sc="11" el="85" ec="57" bec="0" bev="0" fileid="9" />
                <SequencePoint vc="2" uspid="343" ordinal="16" offset="235" sl="86" sc="11" el="86" ec="33" bec="0" bev="0" fileid="9" />
                <SequencePoint vc="2" uspid="344" ordinal="17" offset="244" sl="87" sc="11" el="87" ec="28" bec="0" bev="0" fileid="9" />
                <SequencePoint vc="2" uspid="345" ordinal="18" offset="252" sl="89" sc="11" el="89" ec="35" bec="0" bev="0" fileid="9" />
                <SequencePoint vc="2" uspid="346" ordinal="19" offset="272" sl="90" sc="11" el="90" ec="58" bec="0" bev="0" fileid="9" />
                <SequencePoint vc="2" uspid="347" ordinal="20" offset="296" sl="91" sc="9" el="91" ec="10" bec="0" bev="0" fileid="9" />
                <SequencePoint vc="0" uspid="348" ordinal="21" offset="298" sl="94" sc="11" el="94" ec="69" bec="0" bev="0" fileid="9" />
                <SequencePoint vc="0" uspid="349" ordinal="22" offset="323" sl="95" sc="11" el="95" ec="26" bec="0" bev="0" fileid="9" />
                <SequencePoint vc="3" uspid="350" ordinal="23" offset="333" sl="77" sc="22" el="77" ec="24" bec="0" bev="0" fileid="9" />
                <SequencePoint vc="1" uspid="351" ordinal="24" offset="342" sl="98" sc="5" el="98" ec="6" bec="0" bev="0" fileid="9" />
              </SequencePoints>
              <BranchPoints>
                <BranchPoint vc="0" uspid="352" ordinal="0" offset="6" sl="66" path="0" offsetend="8" fileid="9" />
                <BranchPoint vc="1" uspid="353" ordinal="1" offset="6" sl="66" path="1" offsetend="19" fileid="9" />
                <BranchPoint vc="0" uspid="354" ordinal="2" offset="133" sl="74" path="0" offsetend="135" fileid="9" />
                <BranchPoint vc="1" uspid="355" ordinal="3" offset="133" sl="74" path="1" offsetend="147" fileid="9" />
                <BranchPoint vc="2" uspid="356" ordinal="4" offset="205" sl="81" path="0" offsetend="207" fileid="9" />
                <BranchPoint vc="0" uspid="357" ordinal="5" offset="205" sl="81" path="1" offsetend="298" fileid="9" />
              </BranchPoints>
              <MethodPoint xsi:type="SequencePoint" vc="1" uspid="327" ordinal="0" offset="0" sl="66" sc="7" el="66" ec="43" bec="2" bev="1" fileid="9" />
            </Method>
            <Method visited="true" cyclomaticComplexity="4" nPathComplexity="8" sequenceCoverage="90" branchCoverage="57.14" isConstructor="false" isStatic="false" isGetter="false" isSetter="false">
              <Summary numSequencePoints="10" visitedSequencePoints="9" numBranchPoints="7" visitedBranchPoints="4" sequenceCoverage="90" branchCoverage="57.14" maxCyclomaticComplexity="4" minCyclomaticComplexity="4" visitedClasses="0" numClasses="0" visitedMethods="1" numMethods="1" />
              <MetadataToken>100663717</MetadataToken>
              <Name>System.Byte[] IBM.Watson.DeveloperCloud.Utilities.DataCache::Find(System.String)</Name>
              <FileRef uid="9" />
              <SequencePoints>
                <SequencePoint vc="2" uspid="360" ordinal="0" offset="0" sl="107" sc="7" el="107" ec="37" bec="2" bev="1" fileid="9" />
                <SequencePoint vc="2" uspid="361" ordinal="1" offset="8" sl="109" sc="9" el="109" ec="35" bec="0" bev="0" fileid="9" />
                <SequencePoint vc="2" uspid="362" ordinal="2" offset="20" sl="111" sc="9" el="111" ec="31" bec="0" bev="0" fileid="9" />
                <SequencePoint vc="2" uspid="363" ordinal="3" offset="22" sl="112" sc="9" el="112" ec="47" bec="2" bev="1" fileid="9" />
                <SequencePoint vc="2" uspid="364" ordinal="4" offset="38" sl="115" sc="11" el="115" ec="36" bec="0" bev="0" fileid="9" />
                <SequencePoint vc="2" uspid="365" ordinal="5" offset="49" sl="117" sc="11" el="117" ec="55" bec="0" bev="0" fileid="9" />
                <SequencePoint vc="2" uspid="366" ordinal="6" offset="66" sl="120" sc="11" el="120" ec="33" bec="2" bev="1" fileid="9" />
                <SequencePoint vc="2" uspid="367" ordinal="7" offset="74" sl="122" sc="13" el="122" ec="54" bec="0" bev="0" fileid="9" />
                <SequencePoint vc="2" uspid="368" ordinal="8" offset="91" sl="125" sc="11" el="125" ec="28" bec="0" bev="0" fileid="9" />
                <SequencePoint vc="0" uspid="369" ordinal="9" offset="98" sl="129" sc="7" el="129" ec="19" bec="0" bev="0" fileid="9" />
              </SequencePoints>
              <BranchPoints>
                <BranchPoint vc="2" uspid="370" ordinal="0" offset="6" sl="107" path="0" offsetend="8" fileid="9" />
                <BranchPoint vc="0" uspid="371" ordinal="1" offset="6" sl="107" path="1" offsetend="98" fileid="9" />
                <BranchPoint vc="2" uspid="372" ordinal="2" offset="36" sl="112" path="0" offsetend="38" fileid="9" />
                <BranchPoint vc="0" uspid="373" ordinal="3" offset="36" sl="112" path="1" offsetend="98" fileid="9" />
                <BranchPoint vc="2" uspid="374" ordinal="4" offset="72" sl="120" path="0" offsetend="74" fileid="9" />
                <BranchPoint vc="0" uspid="375" ordinal="5" offset="72" sl="120" path="1" offsetend="91" fileid="9" />
              </BranchPoints>
              <MethodPoint xsi:type="SequencePoint" vc="2" uspid="360" ordinal="0" offset="0" sl="107" sc="7" el="107" ec="37" bec="2" bev="1" fileid="9" />
            </Method>
            <Method visited="false" cyclomaticComplexity="3" nPathComplexity="4" sequenceCoverage="0" branchCoverage="0" isConstructor="false" isStatic="false" isGetter="false" isSetter="false">
              <Summary numSequencePoints="7" visitedSequencePoints="0" numBranchPoints="5" visitedBranchPoints="0" sequenceCoverage="0" branchCoverage="0" maxCyclomaticComplexity="3" minCyclomaticComplexity="3" visitedClasses="0" numClasses="0" visitedMethods="0" numMethods="1" />
              <MetadataToken>100663718</MetadataToken>
              <Name>System.Boolean IBM.Watson.DeveloperCloud.Utilities.DataCache::IsCached(System.String)</Name>
              <FileRef uid="9" />
              <SequencePoints>
                <SequencePoint vc="0" uspid="376" ordinal="0" offset="0" sl="139" sc="7" el="139" ec="29" bec="0" bev="0" fileid="9" />
                <SequencePoint vc="0" uspid="377" ordinal="1" offset="2" sl="141" sc="7" el="141" ec="37" bec="2" bev="0" fileid="9" />
                <SequencePoint vc="0" uspid="378" ordinal="2" offset="10" sl="143" sc="9" el="143" ec="35" bec="0" bev="0" fileid="9" />
                <SequencePoint vc="0" uspid="379" ordinal="3" offset="22" sl="145" sc="9" el="145" ec="31" bec="0" bev="0" fileid="9" />
                <SequencePoint vc="0" uspid="380" ordinal="4" offset="24" sl="146" sc="9" el="146" ec="47" bec="2" bev="0" fileid="9" />
                <SequencePoint vc="0" uspid="381" ordinal="5" offset="40" sl="148" sc="11" el="148" ec="45" bec="0" bev="0" fileid="9" />
                <SequencePoint vc="0" uspid="382" ordinal="6" offset="52" sl="152" sc="7" el="152" ec="23" bec="0" bev="0" fileid="9" />
              </SequencePoints>
              <BranchPoints>
                <BranchPoint vc="0" uspid="383" ordinal="0" offset="8" sl="141" path="0" offsetend="10" fileid="9" />
                <BranchPoint vc="0" uspid="384" ordinal="1" offset="8" sl="141" path="1" offsetend="52" fileid="9" />
                <BranchPoint vc="0" uspid="385" ordinal="2" offset="38" sl="146" path="0" offsetend="40" fileid="9" />
                <BranchPoint vc="0" uspid="386" ordinal="3" offset="38" sl="146" path="1" offsetend="52" fileid="9" />
              </BranchPoints>
              <MethodPoint xsi:type="SequencePoint" vc="0" uspid="376" ordinal="0" offset="0" sl="139" sc="7" el="139" ec="29" bec="0" bev="0" fileid="9" />
            </Method>
            <Method visited="false" cyclomaticComplexity="5" nPathComplexity="16" sequenceCoverage="0" branchCoverage="0" isConstructor="false" isStatic="false" isGetter="false" isSetter="false">
              <Summary numSequencePoints="18" visitedSequencePoints="0" numBranchPoints="9" visitedBranchPoints="0" sequenceCoverage="0" branchCoverage="0" maxCyclomaticComplexity="5" minCyclomaticComplexity="5" visitedClasses="0" numClasses="0" visitedMethods="0" numMethods="1" />
              <MetadataToken>100663719</MetadataToken>
              <Name>System.Void IBM.Watson.DeveloperCloud.Utilities.DataCache::Save(System.String,System.Byte[])</Name>
              <FileRef uid="9" />
              <SequencePoints>
                <SequencePoint vc="0" uspid="387" ordinal="0" offset="0" sl="162" sc="7" el="162" ec="43" bec="3" bev="0" fileid="9" />
                <SequencePoint vc="0" uspid="388" ordinal="1" offset="13" sl="164" sc="9" el="164" ec="35" bec="0" bev="0" fileid="9" />
                <SequencePoint vc="0" uspid="389" ordinal="2" offset="25" sl="166" sc="9" el="166" ec="37" bec="2" bev="0" fileid="9" />
                <SequencePoint vc="0" uspid="390" ordinal="3" offset="39" sl="168" sc="11" el="168" ec="90" bec="0" bev="0" fileid="9" />
                <SequencePoint vc="0" uspid="391" ordinal="4" offset="64" sl="169" sc="11" el="169" ec="21" bec="0" bev="0" fileid="9" />
                <SequencePoint vc="0" uspid="392" ordinal="5" offset="71" sl="172" sc="9" el="172" ec="42" bec="0" bev="0" fileid="9" />
                <SequencePoint vc="0" uspid="393" ordinal="6" offset="77" sl="173" sc="9" el="173" ec="49" bec="0" bev="0" fileid="9" />
                <SequencePoint vc="0" uspid="394" ordinal="7" offset="100" sl="174" sc="9" el="174" ec="22" bec="0" bev="0" fileid="9" />
                <SequencePoint vc="0" uspid="395" ordinal="8" offset="107" sl="175" sc="9" el="175" ec="34" bec="0" bev="0" fileid="9" />
                <SequencePoint vc="0" uspid="396" ordinal="9" offset="118" sl="176" sc="9" el="176" ec="26" bec="0" bev="0" fileid="9" />
                <SequencePoint vc="0" uspid="397" ordinal="10" offset="125" sl="178" sc="9" el="178" ec="45" bec="0" bev="0" fileid="9" />
                <SequencePoint vc="0" uspid="398" ordinal="11" offset="137" sl="179" sc="9" el="179" ec="48" bec="0" bev="0" fileid="9" />
                <SequencePoint vc="0" uspid="399" ordinal="12" offset="159" sl="181" sc="9" el="181" ec="28" bec="0" bev="0" fileid="9" />
                <SequencePoint vc="0" uspid="400" ordinal="13" offset="174" sl="184" sc="11" el="184" ec="25" bec="0" bev="0" fileid="9" />
                <SequencePoint vc="0" uspid="401" ordinal="14" offset="180" sl="183" sc="9" el="183" ec="52" bec="2" bev="0" fileid="9" />
                <SequencePoint vc="0" uspid="402" ordinal="15" offset="194" sl="185" sc="7" el="185" ec="8" bec="0" bev="0" fileid="9" />
                <SequencePoint vc="0" uspid="403" ordinal="16" offset="195" sl="188" sc="9" el="188" ec="94" bec="0" bev="0" fileid="9" />
                <SequencePoint vc="0" uspid="404" ordinal="17" offset="216" sl="190" sc="5" el="190" ec="6" bec="0" bev="0" fileid="9" />
              </SequencePoints>
              <BranchPoints>
                <BranchPoint vc="0" uspid="405" ordinal="0" offset="1" sl="162" path="0" offsetend="6" fileid="9" />
                <BranchPoint vc="0" uspid="406" ordinal="1" offset="1" sl="162" path="1" offsetend="195" fileid="9" />
                <BranchPoint vc="0" uspid="407" ordinal="2" offset="8" sl="162" path="0" offsetend="13" fileid="9" />
                <BranchPoint vc="0" uspid="408" ordinal="3" offset="8" sl="162" path="1" offsetend="195" fileid="9" />
                <BranchPoint vc="0" uspid="409" ordinal="4" offset="37" sl="166" path="0" offsetend="39" fileid="9" />
                <BranchPoint vc="0" uspid="410" ordinal="5" offset="37" sl="166" path="1" offsetend="71" fileid="9" />
                <BranchPoint vc="0" uspid="411" ordinal="6" offset="192" sl="183" path="0" offsetend="194" fileid="9" />
                <BranchPoint vc="0" uspid="412" ordinal="7" offset="192" sl="183" path="1" offsetend="174" fileid="9" />
              </BranchPoints>
              <MethodPoint xsi:type="SequencePoint" vc="0" uspid="387" ordinal="0" offset="0" sl="162" sc="7" el="162" ec="43" bec="3" bev="0" fileid="9" />
            </Method>
            <Method visited="false" cyclomaticComplexity="3" nPathComplexity="4" sequenceCoverage="0" branchCoverage="0" isConstructor="false" isStatic="false" isGetter="false" isSetter="false">
              <Summary numSequencePoints="10" visitedSequencePoints="0" numBranchPoints="5" visitedBranchPoints="0" sequenceCoverage="0" branchCoverage="0" maxCyclomaticComplexity="3" minCyclomaticComplexity="3" visitedClasses="0" numClasses="0" visitedMethods="0" numMethods="1" />
              <MetadataToken>100663720</MetadataToken>
              <Name>System.Void IBM.Watson.DeveloperCloud.Utilities.DataCache::Flush(System.String)</Name>
              <FileRef uid="9" />
              <SequencePoints>
                <SequencePoint vc="0" uspid="413" ordinal="0" offset="0" sl="198" sc="7" el="198" ec="33" bec="0" bev="0" fileid="9" />
                <SequencePoint vc="0" uspid="414" ordinal="1" offset="12" sl="200" sc="7" el="200" ec="29" bec="0" bev="0" fileid="9" />
                <SequencePoint vc="0" uspid="415" ordinal="2" offset="14" sl="201" sc="7" el="201" ec="45" bec="2" bev="0" fileid="9" />
                <SequencePoint vc="0" uspid="416" ordinal="3" offset="30" sl="203" sc="9" el="203" ec="71" bec="0" bev="0" fileid="9" />
                <SequencePoint vc="0" uspid="417" ordinal="4" offset="60" sl="205" sc="9" el="205" ec="31" bec="2" bev="0" fileid="9" />
                <SequencePoint vc="0" uspid="418" ordinal="5" offset="68" sl="206" sc="11" el="206" ec="50" bec="0" bev="0" fileid="9" />
                <SequencePoint vc="0" uspid="419" ordinal="6" offset="92" sl="208" sc="11" el="208" ec="66" bec="0" bev="0" fileid="9" />
                <SequencePoint vc="0" uspid="420" ordinal="7" offset="121" sl="210" sc="9" el="210" ec="32" bec="0" bev="0" fileid="9" />
                <SequencePoint vc="0" uspid="421" ordinal="8" offset="132" sl="212" sc="9" el="212" ec="28" bec="0" bev="0" fileid="9" />
                <SequencePoint vc="0" uspid="422" ordinal="9" offset="145" sl="214" sc="5" el="214" ec="6" bec="0" bev="0" fileid="9" />
              </SequencePoints>
              <BranchPoints>
                <BranchPoint vc="0" uspid="423" ordinal="0" offset="28" sl="201" path="0" offsetend="30" fileid="9" />
                <BranchPoint vc="0" uspid="424" ordinal="1" offset="28" sl="201" path="1" offsetend="145" fileid="9" />
                <BranchPoint vc="0" uspid="425" ordinal="2" offset="66" sl="205" path="0" offsetend="68" fileid="9" />
                <BranchPoint vc="0" uspid="426" ordinal="3" offset="66" sl="205" path="1" offsetend="92" fileid="9" />
              </BranchPoints>
              <MethodPoint xsi:type="SequencePoint" vc="0" uspid="413" ordinal="0" offset="0" sl="198" sc="7" el="198" ec="33" bec="0" bev="0" fileid="9" />
            </Method>
            <Method visited="false" cyclomaticComplexity="4" nPathComplexity="2" sequenceCoverage="0" branchCoverage="0" isConstructor="false" isStatic="false" isGetter="false" isSetter="false">
              <Summary numSequencePoints="12" visitedSequencePoints="0" numBranchPoints="3" visitedBranchPoints="0" sequenceCoverage="0" branchCoverage="0" maxCyclomaticComplexity="4" minCyclomaticComplexity="4" visitedClasses="0" numClasses="0" visitedMethods="0" numMethods="1" />
              <MetadataToken>100663721</MetadataToken>
              <Name>System.Void IBM.Watson.DeveloperCloud.Utilities.DataCache::FlushAged()</Name>
              <FileRef uid="9" />
              <SequencePoints>
                <SequencePoint vc="0" uspid="427" ordinal="0" offset="0" sl="221" sc="7" el="221" ec="53" bec="0" bev="0" fileid="9" />
                <SequencePoint vc="0" uspid="428" ordinal="1" offset="6" sl="222" sc="26" el="222" ec="33" bec="0" bev="0" fileid="9" />
                <SequencePoint vc="0" uspid="429" ordinal="2" offset="20" sl="222" sc="16" el="222" ec="22" bec="0" bev="0" fileid="9" />
                <SequencePoint vc="0" uspid="430" ordinal="3" offset="28" sl="224" sc="9" el="224" ec="64" bec="0" bev="0" fileid="9" />
                <SequencePoint vc="0" uspid="431" ordinal="4" offset="58" sl="225" sc="9" el="225" ec="33" bec="2" bev="0" fileid="9" />
                <SequencePoint vc="0" uspid="432" ordinal="5" offset="66" sl="226" sc="11" el="226" ec="31" bec="0" bev="0" fileid="9" />
                <SequencePoint vc="0" uspid="433" ordinal="6" offset="79" sl="222" sc="23" el="222" ec="25" bec="0" bev="0" fileid="9" />
                <SequencePoint vc="0" uspid="434" ordinal="7" offset="104" sl="229" sc="28" el="229" ec="33" bec="0" bev="0" fileid="9" />
                <SequencePoint vc="0" uspid="435" ordinal="8" offset="114" sl="229" sc="16" el="229" ec="24" bec="0" bev="0" fileid="9" />
                <SequencePoint vc="0" uspid="436" ordinal="9" offset="123" sl="230" sc="9" el="230" ec="24" bec="0" bev="0" fileid="9" />
                <SequencePoint vc="0" uspid="437" ordinal="10" offset="136" sl="229" sc="25" el="229" ec="27" bec="0" bev="0" fileid="9" />
                <SequencePoint vc="0" uspid="438" ordinal="11" offset="161" sl="231" sc="5" el="231" ec="6" bec="0" bev="0" fileid="9" />
              </SequencePoints>
              <BranchPoints>
                <BranchPoint vc="0" uspid="439" ordinal="0" offset="64" sl="225" path="0" offsetend="66" fileid="9" />
                <BranchPoint vc="0" uspid="440" ordinal="1" offset="64" sl="225" path="1" offsetend="79" fileid="9" />
              </BranchPoints>
              <MethodPoint xsi:type="SequencePoint" vc="0" uspid="427" ordinal="0" offset="0" sl="221" sc="7" el="221" ec="53" bec="0" bev="0" fileid="9" />
            </Method>
            <Method visited="false" cyclomaticComplexity="5" nPathComplexity="8" sequenceCoverage="0" branchCoverage="0" isConstructor="false" isStatic="false" isGetter="false" isSetter="false">
              <Summary numSequencePoints="9" visitedSequencePoints="0" numBranchPoints="7" visitedBranchPoints="0" sequenceCoverage="0" branchCoverage="0" maxCyclomaticComplexity="5" minCyclomaticComplexity="5" visitedClasses="0" numClasses="0" visitedMethods="0" numMethods="1" />
              <MetadataToken>100663722</MetadataToken>
              <Name>System.Void IBM.Watson.DeveloperCloud.Utilities.DataCache::FlushOldest()</Name>
              <FileRef uid="9" />
              <SequencePoints>
                <SequencePoint vc="0" uspid="445" ordinal="0" offset="0" sl="238" sc="7" el="238" ec="31" bec="0" bev="0" fileid="9" />
                <SequencePoint vc="0" uspid="446" ordinal="1" offset="2" sl="239" sc="26" el="239" ec="33" bec="0" bev="0" fileid="9" />
                <SequencePoint vc="0" uspid="447" ordinal="2" offset="16" sl="239" sc="16" el="239" ec="22" bec="0" bev="0" fileid="9" />
                <SequencePoint vc="0" uspid="448" ordinal="3" offset="24" sl="241" sc="9" el="241" ec="59" bec="3" bev="0" fileid="9" />
                <SequencePoint vc="0" uspid="449" ordinal="4" offset="52" sl="242" sc="11" el="242" ec="29" bec="0" bev="0" fileid="9" />
                <SequencePoint vc="0" uspid="450" ordinal="5" offset="60" sl="239" sc="23" el="239" ec="25" bec="0" bev="0" fileid="9" />
                <SequencePoint vc="0" uspid="451" ordinal="6" offset="85" sl="245" sc="7" el="245" ec="26" bec="2" bev="0" fileid="9" />
                <SequencePoint vc="0" uspid="452" ordinal="7" offset="88" sl="247" sc="9" el="247" ec="26" bec="0" bev="0" fileid="9" />
                <SequencePoint vc="0" uspid="453" ordinal="8" offset="100" sl="249" sc="5" el="249" ec="6" bec="0" bev="0" fileid="9" />
              </SequencePoints>
              <BranchPoints>
                <BranchPoint vc="0" uspid="454" ordinal="0" offset="25" sl="241" path="0" offsetend="27" fileid="9" />
                <BranchPoint vc="0" uspid="455" ordinal="1" offset="25" sl="241" path="1" offsetend="52" fileid="9" />
                <BranchPoint vc="0" uspid="456" ordinal="2" offset="50" sl="241" path="0" offsetend="52" fileid="9" />
                <BranchPoint vc="0" uspid="457" ordinal="3" offset="50" sl="241" path="1" offsetend="60" fileid="9" />
                <BranchPoint vc="0" uspid="460" ordinal="6" offset="86" sl="245" path="0" offsetend="88" fileid="9" />
                <BranchPoint vc="0" uspid="461" ordinal="7" offset="86" sl="245" path="1" offsetend="100" fileid="9" />
              </BranchPoints>
              <MethodPoint xsi:type="SequencePoint" vc="0" uspid="445" ordinal="0" offset="0" sl="238" sc="7" el="238" ec="31" bec="0" bev="0" fileid="9" />
            </Method>
            <Method visited="false" cyclomaticComplexity="2" nPathComplexity="0" sequenceCoverage="0" branchCoverage="0" isConstructor="false" isStatic="false" isGetter="false" isSetter="false">
              <Summary numSequencePoints="6" visitedSequencePoints="0" numBranchPoints="1" visitedBranchPoints="0" sequenceCoverage="0" branchCoverage="0" maxCyclomaticComplexity="2" minCyclomaticComplexity="2" visitedClasses="0" numClasses="0" visitedMethods="0" numMethods="1" />
              <MetadataToken>100663723</MetadataToken>
              <Name>System.Void IBM.Watson.DeveloperCloud.Utilities.DataCache::Flush()</Name>
              <FileRef uid="9" />
              <SequencePoints>
                <SequencePoint vc="0" uspid="462" ordinal="0" offset="0" sl="256" sc="26" el="256" ec="33" bec="0" bev="0" fileid="9" />
                <SequencePoint vc="0" uspid="463" ordinal="1" offset="14" sl="256" sc="16" el="256" ec="22" bec="0" bev="0" fileid="9" />
                <SequencePoint vc="0" uspid="464" ordinal="2" offset="22" sl="257" sc="9" el="257" ec="36" bec="0" bev="0" fileid="9" />
                <SequencePoint vc="0" uspid="465" ordinal="3" offset="39" sl="256" sc="23" el="256" ec="25" bec="0" bev="0" fileid="9" />
                <SequencePoint vc="0" uspid="466" ordinal="4" offset="64" sl="258" sc="7" el="258" ec="23" bec="0" bev="0" fileid="9" />
                <SequencePoint vc="0" uspid="467" ordinal="5" offset="75" sl="259" sc="5" el="259" ec="6" bec="0" bev="0" fileid="9" />
              </SequencePoints>
              <BranchPoints />
              <MethodPoint xsi:type="SequencePoint" vc="0" uspid="462" ordinal="0" offset="0" sl="256" sc="26" el="256" ec="33" bec="0" bev="0" fileid="9" />
            </Method>
          </Methods>
        </Class>
        <Class>
          <Summary numSequencePoints="8" visitedSequencePoints="8" numBranchPoints="8" visitedBranchPoints="8" sequenceCoverage="100" branchCoverage="100" maxCyclomaticComplexity="1" minCyclomaticComplexity="1" visitedClasses="1" numClasses="1" visitedMethods="8" numMethods="8" />
          <FullName>IBM.Watson.DeveloperCloud.Utilities.DataCache/CacheItem</FullName>
          <Methods>
            <Method visited="true" cyclomaticComplexity="1" nPathComplexity="0" sequenceCoverage="100" branchCoverage="100" isConstructor="false" isStatic="false" isGetter="true" isSetter="false">
              <Summary numSequencePoints="1" visitedSequencePoints="1" numBranchPoints="1" visitedBranchPoints="1" sequenceCoverage="100" branchCoverage="100" maxCyclomaticComplexity="1" minCyclomaticComplexity="1" visitedClasses="0" numClasses="0" visitedMethods="1" numMethods="1" />
              <MetadataToken>100666019</MetadataToken>
              <Name>System.String IBM.Watson.DeveloperCloud.Utilities.DataCache/CacheItem::get_Path()</Name>
              <FileRef uid="9" />
              <SequencePoints>
                <SequencePoint vc="4" uspid="470" ordinal="0" offset="0" sl="39" sc="28" el="39" ec="32" bec="0" bev="0" fileid="9" />
              </SequencePoints>
              <BranchPoints />
              <MethodPoint xsi:type="SequencePoint" vc="4" uspid="470" ordinal="0" offset="0" sl="39" sc="28" el="39" ec="32" bec="0" bev="0" fileid="9" />
            </Method>
            <Method visited="true" cyclomaticComplexity="1" nPathComplexity="0" sequenceCoverage="100" branchCoverage="100" isConstructor="false" isStatic="false" isGetter="false" isSetter="true">
              <Summary numSequencePoints="1" visitedSequencePoints="1" numBranchPoints="1" visitedBranchPoints="1" sequenceCoverage="100" branchCoverage="100" maxCyclomaticComplexity="1" minCyclomaticComplexity="1" visitedClasses="0" numClasses="0" visitedMethods="1" numMethods="1" />
              <MetadataToken>100666020</MetadataToken>
              <Name>System.Void IBM.Watson.DeveloperCloud.Utilities.DataCache/CacheItem::set_Path(System.String)</Name>
              <FileRef uid="9" />
              <SequencePoints>
                <SequencePoint vc="2" uspid="471" ordinal="0" offset="0" sl="39" sc="33" el="39" ec="37" bec="0" bev="0" fileid="9" />
              </SequencePoints>
              <BranchPoints />
              <MethodPoint xsi:type="SequencePoint" vc="2" uspid="471" ordinal="0" offset="0" sl="39" sc="33" el="39" ec="37" bec="0" bev="0" fileid="9" />
            </Method>
            <Method visited="true" cyclomaticComplexity="1" nPathComplexity="0" sequenceCoverage="100" branchCoverage="100" isConstructor="false" isStatic="false" isGetter="true" isSetter="false">
              <Summary numSequencePoints="1" visitedSequencePoints="1" numBranchPoints="1" visitedBranchPoints="1" sequenceCoverage="100" branchCoverage="100" maxCyclomaticComplexity="1" minCyclomaticComplexity="1" visitedClasses="0" numClasses="0" visitedMethods="1" numMethods="1" />
              <MetadataToken>100666021</MetadataToken>
              <Name>System.String IBM.Watson.DeveloperCloud.Utilities.DataCache/CacheItem::get_Id()</Name>
              <FileRef uid="9" />
              <SequencePoints>
                <SequencePoint vc="2" uspid="472" ordinal="0" offset="0" sl="40" sc="26" el="40" ec="30" bec="0" bev="0" fileid="9" />
              </SequencePoints>
              <BranchPoints />
              <MethodPoint xsi:type="SequencePoint" vc="2" uspid="472" ordinal="0" offset="0" sl="40" sc="26" el="40" ec="30" bec="0" bev="0" fileid="9" />
            </Method>
            <Method visited="true" cyclomaticComplexity="1" nPathComplexity="0" sequenceCoverage="100" branchCoverage="100" isConstructor="false" isStatic="false" isGetter="false" isSetter="true">
              <Summary numSequencePoints="1" visitedSequencePoints="1" numBranchPoints="1" visitedBranchPoints="1" sequenceCoverage="100" branchCoverage="100" maxCyclomaticComplexity="1" minCyclomaticComplexity="1" visitedClasses="0" numClasses="0" visitedMethods="1" numMethods="1" />
              <MetadataToken>100666022</MetadataToken>
              <Name>System.Void IBM.Watson.DeveloperCloud.Utilities.DataCache/CacheItem::set_Id(System.String)</Name>
              <FileRef uid="9" />
              <SequencePoints>
                <SequencePoint vc="2" uspid="473" ordinal="0" offset="0" sl="40" sc="31" el="40" ec="35" bec="0" bev="0" fileid="9" />
              </SequencePoints>
              <BranchPoints />
              <MethodPoint xsi:type="SequencePoint" vc="2" uspid="473" ordinal="0" offset="0" sl="40" sc="31" el="40" ec="35" bec="0" bev="0" fileid="9" />
            </Method>
            <Method visited="true" cyclomaticComplexity="1" nPathComplexity="0" sequenceCoverage="100" branchCoverage="100" isConstructor="false" isStatic="false" isGetter="true" isSetter="false">
              <Summary numSequencePoints="1" visitedSequencePoints="1" numBranchPoints="1" visitedBranchPoints="1" sequenceCoverage="100" branchCoverage="100" maxCyclomaticComplexity="1" minCyclomaticComplexity="1" visitedClasses="0" numClasses="0" visitedMethods="1" numMethods="1" />
              <MetadataToken>100666023</MetadataToken>
              <Name>System.DateTime IBM.Watson.DeveloperCloud.Utilities.DataCache/CacheItem::get_Time()</Name>
              <FileRef uid="9" />
              <SequencePoints>
                <SequencePoint vc="2" uspid="474" ordinal="0" offset="0" sl="41" sc="30" el="41" ec="34" bec="0" bev="0" fileid="9" />
              </SequencePoints>
              <BranchPoints />
              <MethodPoint xsi:type="SequencePoint" vc="2" uspid="474" ordinal="0" offset="0" sl="41" sc="30" el="41" ec="34" bec="0" bev="0" fileid="9" />
            </Method>
            <Method visited="true" cyclomaticComplexity="1" nPathComplexity="0" sequenceCoverage="100" branchCoverage="100" isConstructor="false" isStatic="false" isGetter="false" isSetter="true">
              <Summary numSequencePoints="1" visitedSequencePoints="1" numBranchPoints="1" visitedBranchPoints="1" sequenceCoverage="100" branchCoverage="100" maxCyclomaticComplexity="1" minCyclomaticComplexity="1" visitedClasses="0" numClasses="0" visitedMethods="1" numMethods="1" />
              <MetadataToken>100666024</MetadataToken>
              <Name>System.Void IBM.Watson.DeveloperCloud.Utilities.DataCache/CacheItem::set_Time(System.DateTime)</Name>
              <FileRef uid="9" />
              <SequencePoints>
                <SequencePoint vc="4" uspid="475" ordinal="0" offset="0" sl="41" sc="35" el="41" ec="39" bec="0" bev="0" fileid="9" />
              </SequencePoints>
              <BranchPoints />
              <MethodPoint xsi:type="SequencePoint" vc="4" uspid="475" ordinal="0" offset="0" sl="41" sc="35" el="41" ec="39" bec="0" bev="0" fileid="9" />
            </Method>
            <Method visited="true" cyclomaticComplexity="1" nPathComplexity="0" sequenceCoverage="100" branchCoverage="100" isConstructor="false" isStatic="false" isGetter="true" isSetter="false">
              <Summary numSequencePoints="1" visitedSequencePoints="1" numBranchPoints="1" visitedBranchPoints="1" sequenceCoverage="100" branchCoverage="100" maxCyclomaticComplexity="1" minCyclomaticComplexity="1" visitedClasses="0" numClasses="0" visitedMethods="1" numMethods="1" />
              <MetadataToken>100666025</MetadataToken>
              <Name>System.Byte[] IBM.Watson.DeveloperCloud.Utilities.DataCache/CacheItem::get_Data()</Name>
              <FileRef uid="9" />
              <SequencePoints>
                <SequencePoint vc="4" uspid="476" ordinal="0" offset="0" sl="42" sc="28" el="42" ec="32" bec="0" bev="0" fileid="9" />
              </SequencePoints>
              <BranchPoints />
              <MethodPoint xsi:type="SequencePoint" vc="4" uspid="476" ordinal="0" offset="0" sl="42" sc="28" el="42" ec="32" bec="0" bev="0" fileid="9" />
            </Method>
            <Method visited="true" cyclomaticComplexity="1" nPathComplexity="0" sequenceCoverage="100" branchCoverage="100" isConstructor="false" isStatic="false" isGetter="false" isSetter="true">
              <Summary numSequencePoints="1" visitedSequencePoints="1" numBranchPoints="1" visitedBranchPoints="1" sequenceCoverage="100" branchCoverage="100" maxCyclomaticComplexity="1" minCyclomaticComplexity="1" visitedClasses="0" numClasses="0" visitedMethods="1" numMethods="1" />
              <MetadataToken>100666026</MetadataToken>
              <Name>System.Void IBM.Watson.DeveloperCloud.Utilities.DataCache/CacheItem::set_Data(System.Byte[])</Name>
              <FileRef uid="9" />
              <SequencePoints>
                <SequencePoint vc="4" uspid="477" ordinal="0" offset="0" sl="42" sc="33" el="42" ec="37" bec="0" bev="0" fileid="9" />
              </SequencePoints>
              <BranchPoints />
              <MethodPoint xsi:type="SequencePoint" vc="4" uspid="477" ordinal="0" offset="0" sl="42" sc="33" el="42" ec="37" bec="0" bev="0" fileid="9" />
            </Method>
            <Method visited="true" cyclomaticComplexity="1" nPathComplexity="0" sequenceCoverage="0" branchCoverage="0" isConstructor="true" isStatic="false" isGetter="false" isSetter="false">
              <Summary numSequencePoints="0" visitedSequencePoints="0" numBranchPoints="0" visitedBranchPoints="0" sequenceCoverage="0" branchCoverage="0" maxCyclomaticComplexity="1" minCyclomaticComplexity="1" visitedClasses="0" numClasses="0" visitedMethods="0" numMethods="0" />
              <MetadataToken>100666027</MetadataToken>
              <Name>System.Void IBM.Watson.DeveloperCloud.Utilities.DataCache/CacheItem::.ctor()</Name>
              <SequencePoints />
              <BranchPoints />
              <MethodPoint vc="2" uspid="478" ordinal="0" offset="0" />
            </Method>
          </Methods>
        </Class>
        <Class>
          <Summary numSequencePoints="43" visitedSequencePoints="0" numBranchPoints="23" visitedBranchPoints="0" sequenceCoverage="0" branchCoverage="0" maxCyclomaticComplexity="5" minCyclomaticComplexity="1" visitedClasses="0" numClasses="1" visitedMethods="0" numMethods="9" />
          <FullName>IBM.Watson.DeveloperCloud.Utilities.EventManager</FullName>
          <Methods>
            <Method visited="false" cyclomaticComplexity="1" nPathComplexity="0" sequenceCoverage="0" branchCoverage="0" isConstructor="false" isStatic="true" isGetter="true" isSetter="false">
              <Summary numSequencePoints="1" visitedSequencePoints="0" numBranchPoints="1" visitedBranchPoints="0" sequenceCoverage="0" branchCoverage="0" maxCyclomaticComplexity="1" minCyclomaticComplexity="1" visitedClasses="0" numClasses="0" visitedMethods="0" numMethods="1" />
              <MetadataToken>100663724</MetadataToken>
              <Name>IBM.Watson.DeveloperCloud.Utilities.EventManager IBM.Watson.DeveloperCloud.Utilities.EventManager::get_Instance()</Name>
              <FileRef uid="11" />
              <SequencePoints>
                <SequencePoint vc="0" uspid="479" ordinal="0" offset="0" sl="35" sc="49" el="35" ec="89" bec="0" bev="0" fileid="11" />
              </SequencePoints>
              <BranchPoints />
              <MethodPoint xsi:type="SequencePoint" vc="0" uspid="479" ordinal="0" offset="0" sl="35" sc="49" el="35" ec="89" bec="0" bev="0" fileid="11" />
            </Method>
            <Method visited="false" cyclomaticComplexity="2" nPathComplexity="2" sequenceCoverage="0" branchCoverage="0" isConstructor="false" isStatic="false" isGetter="false" isSetter="false">
              <Summary numSequencePoints="4" visitedSequencePoints="0" numBranchPoints="3" visitedBranchPoints="0" sequenceCoverage="0" branchCoverage="0" maxCyclomaticComplexity="2" minCyclomaticComplexity="2" visitedClasses="0" numClasses="0" visitedMethods="0" numMethods="1" />
              <MetadataToken>100663725</MetadataToken>
              <Name>System.Void IBM.Watson.DeveloperCloud.Utilities.EventManager::RegisterEventReceiver(System.String,IBM.Watson.DeveloperCloud.Utilities.EventManager/OnReceiveEvent)</Name>
              <FileRef uid="11" />
              <SequencePoints>
                <SequencePoint vc="0" uspid="480" ordinal="0" offset="0" sl="54" sc="7" el="54" ec="46" bec="2" bev="0" fileid="11" />
                <SequencePoint vc="0" uspid="481" ordinal="1" offset="14" sl="55" sc="9" el="55" ec="76" bec="0" bev="0" fileid="11" />
                <SequencePoint vc="0" uspid="482" ordinal="2" offset="39" sl="57" sc="9" el="57" ec="45" bec="0" bev="0" fileid="11" />
                <SequencePoint vc="0" uspid="483" ordinal="3" offset="57" sl="58" sc="5" el="58" ec="6" bec="0" bev="0" fileid="11" />
              </SequencePoints>
              <BranchPoints>
                <BranchPoint vc="0" uspid="484" ordinal="0" offset="12" sl="54" path="0" offsetend="14" fileid="11" />
                <BranchPoint vc="0" uspid="485" ordinal="1" offset="12" sl="54" path="1" offsetend="39" fileid="11" />
              </BranchPoints>
              <MethodPoint xsi:type="SequencePoint" vc="0" uspid="480" ordinal="0" offset="0" sl="54" sc="7" el="54" ec="46" bec="2" bev="0" fileid="11" />
            </Method>
            <Method visited="false" cyclomaticComplexity="1" nPathComplexity="0" sequenceCoverage="0" branchCoverage="0" isConstructor="false" isStatic="false" isGetter="false" isSetter="false">
              <Summary numSequencePoints="2" visitedSequencePoints="0" numBranchPoints="1" visitedBranchPoints="0" sequenceCoverage="0" branchCoverage="0" maxCyclomaticComplexity="1" minCyclomaticComplexity="1" visitedClasses="0" numClasses="0" visitedMethods="0" numMethods="1" />
              <MetadataToken>100663726</MetadataToken>
              <Name>System.Void IBM.Watson.DeveloperCloud.Utilities.EventManager::UnregisterAllEventReceivers()</Name>
              <FileRef uid="11" />
              <SequencePoints>
                <SequencePoint vc="0" uspid="486" ordinal="0" offset="0" sl="65" sc="7" el="65" ec="26" bec="0" bev="0" fileid="11" />
                <SequencePoint vc="0" uspid="487" ordinal="1" offset="11" sl="66" sc="5" el="66" ec="6" bec="0" bev="0" fileid="11" />
              </SequencePoints>
              <BranchPoints />
              <MethodPoint xsi:type="SequencePoint" vc="0" uspid="486" ordinal="0" offset="0" sl="65" sc="7" el="65" ec="26" bec="0" bev="0" fileid="11" />
            </Method>
            <Method visited="false" cyclomaticComplexity="1" nPathComplexity="0" sequenceCoverage="0" branchCoverage="0" isConstructor="false" isStatic="false" isGetter="false" isSetter="false">
              <Summary numSequencePoints="2" visitedSequencePoints="0" numBranchPoints="1" visitedBranchPoints="0" sequenceCoverage="0" branchCoverage="0" maxCyclomaticComplexity="1" minCyclomaticComplexity="1" visitedClasses="0" numClasses="0" visitedMethods="0" numMethods="1" />
              <MetadataToken>100663727</MetadataToken>
              <Name>System.Void IBM.Watson.DeveloperCloud.Utilities.EventManager::UnregisterEventReceivers(System.String)</Name>
              <FileRef uid="11" />
              <SequencePoints>
                <SequencePoint vc="0" uspid="488" ordinal="0" offset="0" sl="74" sc="7" el="74" ec="36" bec="0" bev="0" fileid="11" />
                <SequencePoint vc="0" uspid="489" ordinal="1" offset="13" sl="75" sc="5" el="75" ec="6" bec="0" bev="0" fileid="11" />
              </SequencePoints>
              <BranchPoints />
              <MethodPoint xsi:type="SequencePoint" vc="0" uspid="488" ordinal="0" offset="0" sl="74" sc="7" el="74" ec="36" bec="0" bev="0" fileid="11" />
            </Method>
            <Method visited="false" cyclomaticComplexity="2" nPathComplexity="2" sequenceCoverage="0" branchCoverage="0" isConstructor="false" isStatic="false" isGetter="false" isSetter="false">
              <Summary numSequencePoints="3" visitedSequencePoints="0" numBranchPoints="3" visitedBranchPoints="0" sequenceCoverage="0" branchCoverage="0" maxCyclomaticComplexity="2" minCyclomaticComplexity="2" visitedClasses="0" numClasses="0" visitedMethods="0" numMethods="1" />
              <MetadataToken>100663728</MetadataToken>
              <Name>System.Void IBM.Watson.DeveloperCloud.Utilities.EventManager::UnregisterEventReceiver(System.String,IBM.Watson.DeveloperCloud.Utilities.EventManager/OnReceiveEvent)</Name>
              <FileRef uid="11" />
              <SequencePoints>
                <SequencePoint vc="0" uspid="490" ordinal="0" offset="0" sl="84" sc="7" el="84" ec="45" bec="2" bev="0" fileid="11" />
                <SequencePoint vc="0" uspid="491" ordinal="1" offset="14" sl="85" sc="9" el="85" ec="48" bec="0" bev="0" fileid="11" />
                <SequencePoint vc="0" uspid="492" ordinal="2" offset="33" sl="86" sc="5" el="86" ec="6" bec="0" bev="0" fileid="11" />
              </SequencePoints>
              <BranchPoints>
                <BranchPoint vc="0" uspid="493" ordinal="0" offset="12" sl="84" path="0" offsetend="14" fileid="11" />
                <BranchPoint vc="0" uspid="494" ordinal="1" offset="12" sl="84" path="1" offsetend="33" fileid="11" />
              </BranchPoints>
              <MethodPoint xsi:type="SequencePoint" vc="0" uspid="490" ordinal="0" offset="0" sl="84" sc="7" el="84" ec="45" bec="2" bev="0" fileid="11" />
            </Method>
            <Method visited="false" cyclomaticComplexity="5" nPathComplexity="16" sequenceCoverage="0" branchCoverage="0" isConstructor="false" isStatic="false" isGetter="false" isSetter="false">
              <Summary numSequencePoints="18" visitedSequencePoints="0" numBranchPoints="9" visitedBranchPoints="0" sequenceCoverage="0" branchCoverage="0" maxCyclomaticComplexity="5" minCyclomaticComplexity="5" visitedClasses="0" numClasses="0" visitedMethods="0" numMethods="1" />
              <MetadataToken>100663729</MetadataToken>
              <Name>System.Boolean IBM.Watson.DeveloperCloud.Utilities.EventManager::SendEvent(System.String,System.Object[])</Name>
              <FileRef uid="11" />
              <SequencePoints>
                <SequencePoint vc="0" uspid="495" ordinal="0" offset="0" sl="96" sc="7" el="96" ec="43" bec="2" bev="0" fileid="11" />
                <SequencePoint vc="0" uspid="496" ordinal="1" offset="8" sl="97" sc="9" el="97" ec="52" bec="0" bev="0" fileid="11" />
                <SequencePoint vc="0" uspid="497" ordinal="2" offset="15" sl="99" sc="7" el="99" ec="45" bec="0" bev="0" fileid="11" />
                <SequencePoint vc="0" uspid="498" ordinal="3" offset="17" sl="100" sc="7" el="100" ec="60" bec="2" bev="0" fileid="11" />
                <SequencePoint vc="0" uspid="499" ordinal="4" offset="33" sl="102" sc="14" el="102" ec="23" bec="0" bev="0" fileid="11" />
                <SequencePoint vc="0" uspid="500" ordinal="5" offset="37" sl="104" sc="11" el="104" ec="36" bec="2" bev="0" fileid="11" />
                <SequencePoint vc="0" uspid="501" ordinal="6" offset="46" sl="106" sc="13" el="106" ec="77" bec="0" bev="0" fileid="11" />
                <SequencePoint vc="0" uspid="502" ordinal="7" offset="67" sl="107" sc="13" el="107" ec="37" bec="0" bev="0" fileid="11" />
                <SequencePoint vc="0" uspid="503" ordinal="8" offset="78" sl="108" sc="13" el="108" ec="22" bec="0" bev="0" fileid="11" />
                <SequencePoint vc="0" uspid="504" ordinal="9" offset="81" sl="112" sc="13" el="112" ec="32" bec="0" bev="0" fileid="11" />
                <SequencePoint vc="0" uspid="505" ordinal="10" offset="94" sl="113" sc="11" el="113" ec="12" bec="0" bev="0" fileid="11" />
                <SequencePoint vc="0" uspid="506" ordinal="11" offset="96" sl="114" sc="11" el="114" ec="31" bec="0" bev="0" fileid="11" />
                <SequencePoint vc="0" uspid="507" ordinal="12" offset="97" sl="116" sc="13" el="116" ec="87" bec="0" bev="0" fileid="11" />
                <SequencePoint vc="0" uspid="508" ordinal="13" offset="127" sl="117" sc="11" el="117" ec="12" bec="0" bev="0" fileid="11" />
                <SequencePoint vc="0" uspid="509" ordinal="14" offset="129" sl="102" sc="46" el="102" ec="49" bec="0" bev="0" fileid="11" />
                <SequencePoint vc="0" uspid="510" ordinal="15" offset="133" sl="102" sc="25" el="102" ec="44" bec="2" bev="0" fileid="11" />
                <SequencePoint vc="0" uspid="511" ordinal="16" offset="142" sl="119" sc="9" el="119" ec="21" bec="0" bev="0" fileid="11" />
                <SequencePoint vc="0" uspid="512" ordinal="17" offset="144" sl="121" sc="7" el="121" ec="20" bec="0" bev="0" fileid="11" />
              </SequencePoints>
              <BranchPoints>
                <BranchPoint vc="0" uspid="513" ordinal="0" offset="6" sl="96" path="0" offsetend="8" fileid="11" />
                <BranchPoint vc="0" uspid="514" ordinal="1" offset="6" sl="96" path="1" offsetend="15" fileid="11" />
                <BranchPoint vc="0" uspid="515" ordinal="2" offset="31" sl="100" path="0" offsetend="33" fileid="11" />
                <BranchPoint vc="0" uspid="516" ordinal="3" offset="31" sl="100" path="1" offsetend="144" fileid="11" />
                <BranchPoint vc="0" uspid="517" ordinal="4" offset="44" sl="104" path="0" offsetend="46" fileid="11" />
                <BranchPoint vc="0" uspid="518" ordinal="5" offset="44" sl="104" path="1" offsetend="80" fileid="11" />
                <BranchPoint vc="0" uspid="519" ordinal="6" offset="140" sl="102" path="0" offsetend="142" fileid="11" />
                <BranchPoint vc="0" uspid="520" ordinal="7" offset="140" sl="102" path="1" offsetend="37" fileid="11" />
              </BranchPoints>
              <MethodPoint xsi:type="SequencePoint" vc="0" uspid="495" ordinal="0" offset="0" sl="96" sc="7" el="96" ec="43" bec="2" bev="0" fileid="11" />
            </Method>
            <Method visited="false" cyclomaticComplexity="2" nPathComplexity="2" sequenceCoverage="0" branchCoverage="0" isConstructor="false" isStatic="false" isGetter="false" isSetter="false">
              <Summary numSequencePoints="4" visitedSequencePoints="0" numBranchPoints="3" visitedBranchPoints="0" sequenceCoverage="0" branchCoverage="0" maxCyclomaticComplexity="2" minCyclomaticComplexity="2" visitedClasses="0" numClasses="0" visitedMethods="0" numMethods="1" />
              <MetadataToken>100663730</MetadataToken>
              <Name>System.Void IBM.Watson.DeveloperCloud.Utilities.EventManager::SendEventAsync(System.String,System.Object[])</Name>
              <FileRef uid="11" />
              <SequencePoints>
                <SequencePoint vc="0" uspid="521" ordinal="0" offset="0" sl="131" sc="7" el="131" ec="90" bec="0" bev="0" fileid="11" />
                <SequencePoint vc="0" uspid="522" ordinal="1" offset="30" sl="132" sc="7" el="132" ec="33" bec="2" bev="0" fileid="11" />
                <SequencePoint vc="0" uspid="523" ordinal="2" offset="38" sl="133" sc="9" el="133" ec="44" bec="0" bev="0" fileid="11" />
                <SequencePoint vc="0" uspid="524" ordinal="3" offset="50" sl="134" sc="5" el="134" ec="6" bec="0" bev="0" fileid="11" />
              </SequencePoints>
              <BranchPoints>
                <BranchPoint vc="0" uspid="525" ordinal="0" offset="36" sl="132" path="0" offsetend="38" fileid="11" />
                <BranchPoint vc="0" uspid="526" ordinal="1" offset="36" sl="132" path="1" offsetend="50" fileid="11" />
              </BranchPoints>
              <MethodPoint xsi:type="SequencePoint" vc="0" uspid="521" ordinal="0" offset="0" sl="131" sc="7" el="131" ec="90" bec="0" bev="0" fileid="11" />
            </Method>
            <Method visited="false" cyclomaticComplexity="1" nPathComplexity="0" sequenceCoverage="0" branchCoverage="0" isConstructor="false" isStatic="false" isGetter="false" isSetter="false">
              <Summary numSequencePoints="0" visitedSequencePoints="0" numBranchPoints="0" visitedBranchPoints="0" sequenceCoverage="0" branchCoverage="0" maxCyclomaticComplexity="1" minCyclomaticComplexity="1" visitedClasses="0" numClasses="0" visitedMethods="0" numMethods="0" />
              <MetadataToken>100663731</MetadataToken>
              <Name>System.Collections.IEnumerator IBM.Watson.DeveloperCloud.Utilities.EventManager::ProcessAsyncEvents()</Name>
              <SequencePoints />
              <BranchPoints />
              <MethodPoint vc="0" uspid="527" ordinal="0" offset="0" />
            </Method>
            <Method visited="false" cyclomaticComplexity="2" nPathComplexity="0" sequenceCoverage="0" branchCoverage="0" isConstructor="false" isStatic="false" isGetter="false" isSetter="false">
              <Summary numSequencePoints="6" visitedSequencePoints="0" numBranchPoints="1" visitedBranchPoints="0" sequenceCoverage="0" branchCoverage="0" maxCyclomaticComplexity="2" minCyclomaticComplexity="2" visitedClasses="0" numClasses="0" visitedMethods="0" numMethods="1" />
              <MetadataToken>100663732</MetadataToken>
              <Name>System.Void IBM.Watson.DeveloperCloud.Utilities.EventManager::InitializeEventTypeNames(System.Type)</Name>
              <FileRef uid="11" />
              <SequencePoints>
                <SequencePoint vc="0" uspid="528" ordinal="0" offset="0" sl="166" sc="7" el="166" ec="68" bec="0" bev="0" fileid="11" />
                <SequencePoint vc="0" uspid="529" ordinal="1" offset="17" sl="167" sc="26" el="167" ec="49" bec="0" bev="0" fileid="11" />
                <SequencePoint vc="0" uspid="530" ordinal="2" offset="28" sl="167" sc="16" el="167" ec="22" bec="0" bev="0" fileid="11" />
                <SequencePoint vc="0" uspid="531" ordinal="3" offset="32" sl="168" sc="9" el="168" ec="66" bec="0" bev="0" fileid="11" />
                <SequencePoint vc="0" uspid="532" ordinal="4" offset="61" sl="167" sc="23" el="167" ec="25" bec="0" bev="0" fileid="11" />
                <SequencePoint vc="0" uspid="533" ordinal="5" offset="67" sl="169" sc="5" el="169" ec="6" bec="0" bev="0" fileid="11" />
              </SequencePoints>
              <BranchPoints />
              <MethodPoint xsi:type="SequencePoint" vc="0" uspid="528" ordinal="0" offset="0" sl="166" sc="7" el="166" ec="68" bec="0" bev="0" fileid="11" />
            </Method>
            <Method visited="false" cyclomaticComplexity="1" nPathComplexity="0" sequenceCoverage="0" branchCoverage="0" isConstructor="true" isStatic="false" isGetter="false" isSetter="false">
              <Summary numSequencePoints="3" visitedSequencePoints="0" numBranchPoints="1" visitedBranchPoints="0" sequenceCoverage="0" branchCoverage="0" maxCyclomaticComplexity="1" minCyclomaticComplexity="1" visitedClasses="0" numClasses="0" visitedMethods="0" numMethods="1" />
              <MetadataToken>100663733</MetadataToken>
              <Name>System.Void IBM.Watson.DeveloperCloud.Utilities.EventManager::.ctor()</Name>
              <FileRef uid="11" />
              <SequencePoints>
                <SequencePoint vc="0" uspid="536" ordinal="0" offset="0" sl="138" sc="5" el="138" ec="127" bec="0" bev="0" fileid="11" />
                <SequencePoint vc="0" uspid="537" ordinal="1" offset="11" sl="139" sc="5" el="139" ec="114" bec="0" bev="0" fileid="11" />
                <SequencePoint vc="0" uspid="538" ordinal="2" offset="22" sl="146" sc="5" el="146" ec="71" bec="0" bev="0" fileid="11" />
              </SequencePoints>
              <BranchPoints />
              <MethodPoint xsi:type="SequencePoint" vc="0" uspid="536" ordinal="0" offset="0" sl="138" sc="5" el="138" ec="127" bec="0" bev="0" fileid="11" />
            </Method>
          </Methods>
        </Class>
        <Class>
          <Summary numSequencePoints="0" visitedSequencePoints="0" numBranchPoints="0" visitedBranchPoints="0" sequenceCoverage="0" branchCoverage="0" maxCyclomaticComplexity="0" minCyclomaticComplexity="0" visitedClasses="0" numClasses="0" visitedMethods="0" numMethods="0" />
          <FullName>IBM.Watson.DeveloperCloud.Utilities.EventManager/OnReceiveEvent</FullName>
          <Methods>
            <Method skippedDueTo="Unknown" visited="false" cyclomaticComplexity="0" nPathComplexity="0" sequenceCoverage="0" branchCoverage="0" isConstructor="true" isStatic="false" isGetter="false" isSetter="false">
              <MetadataToken>100666028</MetadataToken>
              <Name>System.Void IBM.Watson.DeveloperCloud.Utilities.EventManager/OnReceiveEvent::.ctor(System.Object,System.IntPtr)</Name>
              <SequencePoints />
              <BranchPoints />
            </Method>
            <Method skippedDueTo="Unknown" visited="false" cyclomaticComplexity="0" nPathComplexity="0" sequenceCoverage="0" branchCoverage="0" isConstructor="false" isStatic="false" isGetter="false" isSetter="false">
              <MetadataToken>100666029</MetadataToken>
              <Name>System.Void IBM.Watson.DeveloperCloud.Utilities.EventManager/OnReceiveEvent::Invoke(System.Object[])</Name>
              <SequencePoints />
              <BranchPoints />
            </Method>
            <Method skippedDueTo="Unknown" visited="false" cyclomaticComplexity="0" nPathComplexity="0" sequenceCoverage="0" branchCoverage="0" isConstructor="false" isStatic="false" isGetter="false" isSetter="false">
              <MetadataToken>100666030</MetadataToken>
              <Name>System.IAsyncResult IBM.Watson.DeveloperCloud.Utilities.EventManager/OnReceiveEvent::BeginInvoke(System.Object[],System.AsyncCallback,System.Object)</Name>
              <SequencePoints />
              <BranchPoints />
            </Method>
            <Method skippedDueTo="Unknown" visited="false" cyclomaticComplexity="0" nPathComplexity="0" sequenceCoverage="0" branchCoverage="0" isConstructor="false" isStatic="false" isGetter="false" isSetter="false">
              <MetadataToken>100666031</MetadataToken>
              <Name>System.Void IBM.Watson.DeveloperCloud.Utilities.EventManager/OnReceiveEvent::EndInvoke(System.IAsyncResult)</Name>
              <SequencePoints />
              <BranchPoints />
            </Method>
          </Methods>
        </Class>
        <Class>
          <Summary numSequencePoints="0" visitedSequencePoints="0" numBranchPoints="0" visitedBranchPoints="0" sequenceCoverage="0" branchCoverage="0" maxCyclomaticComplexity="1" minCyclomaticComplexity="1" visitedClasses="0" numClasses="0" visitedMethods="0" numMethods="0" />
          <FullName>IBM.Watson.DeveloperCloud.Utilities.EventManager/AsyncEvent</FullName>
          <Methods>
            <Method visited="false" cyclomaticComplexity="1" nPathComplexity="0" sequenceCoverage="0" branchCoverage="0" isConstructor="true" isStatic="false" isGetter="false" isSetter="false">
              <Summary numSequencePoints="0" visitedSequencePoints="0" numBranchPoints="0" visitedBranchPoints="0" sequenceCoverage="0" branchCoverage="0" maxCyclomaticComplexity="1" minCyclomaticComplexity="1" visitedClasses="0" numClasses="0" visitedMethods="0" numMethods="0" />
              <MetadataToken>100666032</MetadataToken>
              <Name>System.Void IBM.Watson.DeveloperCloud.Utilities.EventManager/AsyncEvent::.ctor()</Name>
              <SequencePoints />
              <BranchPoints />
              <MethodPoint vc="0" uspid="539" ordinal="0" offset="0" />
            </Method>
          </Methods>
        </Class>
        <Class>
          <Summary numSequencePoints="6" visitedSequencePoints="0" numBranchPoints="3" visitedBranchPoints="0" sequenceCoverage="0" branchCoverage="0" maxCyclomaticComplexity="4" minCyclomaticComplexity="1" visitedClasses="0" numClasses="1" visitedMethods="0" numMethods="1" />
          <FullName>IBM.Watson.DeveloperCloud.Utilities.EventManager/&lt;ProcessAsyncEvents&gt;d__14</FullName>
          <Methods>
            <Method visited="false" cyclomaticComplexity="1" nPathComplexity="0" sequenceCoverage="0" branchCoverage="0" isConstructor="false" isStatic="false" isGetter="true" isSetter="false">
              <Summary numSequencePoints="0" visitedSequencePoints="0" numBranchPoints="0" visitedBranchPoints="0" sequenceCoverage="0" branchCoverage="0" maxCyclomaticComplexity="1" minCyclomaticComplexity="1" visitedClasses="0" numClasses="0" visitedMethods="0" numMethods="0" />
              <MetadataToken>100666036</MetadataToken>
              <Name>System.Object IBM.Watson.DeveloperCloud.Utilities.EventManager/&lt;ProcessAsyncEvents&gt;d__14::System.Collections.Generic.IEnumerator&lt;System.Object&gt;.get_Current()</Name>
              <SequencePoints />
              <BranchPoints />
              <MethodPoint vc="0" uspid="540" ordinal="0" offset="0" />
            </Method>
            <Method visited="false" cyclomaticComplexity="1" nPathComplexity="0" sequenceCoverage="0" branchCoverage="0" isConstructor="false" isStatic="false" isGetter="true" isSetter="false">
              <Summary numSequencePoints="0" visitedSequencePoints="0" numBranchPoints="0" visitedBranchPoints="0" sequenceCoverage="0" branchCoverage="0" maxCyclomaticComplexity="1" minCyclomaticComplexity="1" visitedClasses="0" numClasses="0" visitedMethods="0" numMethods="0" />
              <MetadataToken>100666038</MetadataToken>
              <Name>System.Object IBM.Watson.DeveloperCloud.Utilities.EventManager/&lt;ProcessAsyncEvents&gt;d__14::System.Collections.IEnumerator.get_Current()</Name>
              <SequencePoints />
              <BranchPoints />
              <MethodPoint vc="0" uspid="541" ordinal="0" offset="0" />
            </Method>
            <Method visited="false" cyclomaticComplexity="1" nPathComplexity="0" sequenceCoverage="0" branchCoverage="0" isConstructor="true" isStatic="false" isGetter="false" isSetter="false">
              <Summary numSequencePoints="0" visitedSequencePoints="0" numBranchPoints="0" visitedBranchPoints="0" sequenceCoverage="0" branchCoverage="0" maxCyclomaticComplexity="1" minCyclomaticComplexity="1" visitedClasses="0" numClasses="0" visitedMethods="0" numMethods="0" />
              <MetadataToken>100666033</MetadataToken>
              <Name>System.Void IBM.Watson.DeveloperCloud.Utilities.EventManager/&lt;ProcessAsyncEvents&gt;d__14::.ctor(System.Int32)</Name>
              <SequencePoints />
              <BranchPoints />
              <MethodPoint vc="0" uspid="542" ordinal="0" offset="0" />
            </Method>
            <Method visited="false" cyclomaticComplexity="1" nPathComplexity="0" sequenceCoverage="0" branchCoverage="0" isConstructor="false" isStatic="false" isGetter="false" isSetter="false">
              <Summary numSequencePoints="0" visitedSequencePoints="0" numBranchPoints="0" visitedBranchPoints="0" sequenceCoverage="0" branchCoverage="0" maxCyclomaticComplexity="1" minCyclomaticComplexity="1" visitedClasses="0" numClasses="0" visitedMethods="0" numMethods="0" />
              <MetadataToken>100666034</MetadataToken>
              <Name>System.Void IBM.Watson.DeveloperCloud.Utilities.EventManager/&lt;ProcessAsyncEvents&gt;d__14::System.IDisposable.Dispose()</Name>
              <SequencePoints />
              <BranchPoints />
              <MethodPoint vc="0" uspid="543" ordinal="0" offset="0" />
            </Method>
            <Method visited="false" cyclomaticComplexity="4" nPathComplexity="2" sequenceCoverage="0" branchCoverage="0" isConstructor="false" isStatic="false" isGetter="false" isSetter="false">
              <Summary numSequencePoints="6" visitedSequencePoints="0" numBranchPoints="3" visitedBranchPoints="0" sequenceCoverage="0" branchCoverage="0" maxCyclomaticComplexity="4" minCyclomaticComplexity="4" visitedClasses="0" numClasses="0" visitedMethods="0" numMethods="1" />
              <MetadataToken>100666035</MetadataToken>
              <Name>System.Boolean IBM.Watson.DeveloperCloud.Utilities.EventManager/&lt;ProcessAsyncEvents&gt;d__14::MoveNext()</Name>
              <FileRef uid="11" />
              <SequencePoints>
                <SequencePoint vc="0" uspid="544" ordinal="0" offset="23" sl="151" sc="7" el="151" ec="29" bec="0" bev="0" fileid="11" />
                <SequencePoint vc="0" uspid="545" ordinal="1" offset="47" sl="152" sc="7" el="152" ec="25" bec="0" bev="0" fileid="11" />
                <SequencePoint vc="0" uspid="546" ordinal="2" offset="72" sl="156" sc="9" el="156" ec="51" bec="0" bev="0" fileid="11" />
                <SequencePoint vc="0" uspid="547" ordinal="3" offset="89" sl="157" sc="9" el="157" ec="50" bec="0" bev="0" fileid="11" />
                <SequencePoint vc="0" uspid="548" ordinal="4" offset="113" sl="154" sc="7" el="154" ec="38" bec="2" bev="0" fileid="11" />
                <SequencePoint vc="0" uspid="549" ordinal="5" offset="132" sl="160" sc="7" el="160" ec="29" bec="0" bev="0" fileid="11" />
              </SequencePoints>
              <BranchPoints>
                <BranchPoint vc="0" uspid="553" ordinal="2" offset="130" sl="154" path="0" offsetend="132" fileid="11" />
                <BranchPoint vc="0" uspid="554" ordinal="3" offset="130" sl="154" path="1" offsetend="72" fileid="11" />
              </BranchPoints>
              <MethodPoint vc="0" uspid="555" ordinal="0" offset="0" />
            </Method>
            <Method visited="false" cyclomaticComplexity="1" nPathComplexity="0" sequenceCoverage="0" branchCoverage="0" isConstructor="false" isStatic="false" isGetter="false" isSetter="false">
              <Summary numSequencePoints="0" visitedSequencePoints="0" numBranchPoints="0" visitedBranchPoints="0" sequenceCoverage="0" branchCoverage="0" maxCyclomaticComplexity="1" minCyclomaticComplexity="1" visitedClasses="0" numClasses="0" visitedMethods="0" numMethods="0" />
              <MetadataToken>100666037</MetadataToken>
              <Name>System.Void IBM.Watson.DeveloperCloud.Utilities.EventManager/&lt;ProcessAsyncEvents&gt;d__14::System.Collections.IEnumerator.Reset()</Name>
              <SequencePoints />
              <BranchPoints />
              <MethodPoint vc="0" uspid="556" ordinal="0" offset="0" />
            </Method>
          </Methods>
        </Class>
        <Class>
          <Summary numSequencePoints="22" visitedSequencePoints="0" numBranchPoints="11" visitedBranchPoints="0" sequenceCoverage="0" branchCoverage="0" maxCyclomaticComplexity="4" minCyclomaticComplexity="1" visitedClasses="0" numClasses="1" visitedMethods="0" numMethods="7" />
          <FullName>IBM.Watson.DeveloperCloud.Utilities.Runnable</FullName>
          <Methods>
            <Method visited="false" cyclomaticComplexity="1" nPathComplexity="0" sequenceCoverage="0" branchCoverage="0" isConstructor="false" isStatic="true" isGetter="true" isSetter="false">
              <Summary numSequencePoints="1" visitedSequencePoints="0" numBranchPoints="1" visitedBranchPoints="0" sequenceCoverage="0" branchCoverage="0" maxCyclomaticComplexity="1" minCyclomaticComplexity="1" visitedClasses="0" numClasses="0" visitedMethods="0" numMethods="1" />
              <MetadataToken>100663734</MetadataToken>
              <Name>IBM.Watson.DeveloperCloud.Utilities.Runnable IBM.Watson.DeveloperCloud.Utilities.Runnable::get_Instance()</Name>
              <FileRef uid="13" />
              <SequencePoints>
                <SequencePoint vc="0" uspid="557" ordinal="0" offset="0" sl="35" sc="45" el="35" ec="81" bec="0" bev="0" fileid="13" />
              </SequencePoints>
              <BranchPoints />
              <MethodPoint xsi:type="SequencePoint" vc="0" uspid="557" ordinal="0" offset="0" sl="35" sc="45" el="35" ec="81" bec="0" bev="0" fileid="13" />
            </Method>
            <Method visited="false" cyclomaticComplexity="1" nPathComplexity="0" sequenceCoverage="0" branchCoverage="0" isConstructor="false" isStatic="true" isGetter="false" isSetter="false">
              <Summary numSequencePoints="2" visitedSequencePoints="0" numBranchPoints="1" visitedBranchPoints="0" sequenceCoverage="0" branchCoverage="0" maxCyclomaticComplexity="1" minCyclomaticComplexity="1" visitedClasses="0" numClasses="0" visitedMethods="0" numMethods="1" />
              <MetadataToken>100663735</MetadataToken>
              <Name>System.Int32 IBM.Watson.DeveloperCloud.Utilities.Runnable::Run(System.Collections.IEnumerator)</Name>
              <FileRef uid="13" />
              <SequencePoints>
                <SequencePoint vc="0" uspid="558" ordinal="0" offset="0" sl="46" sc="7" el="46" ec="40" bec="0" bev="0" fileid="13" />
                <SequencePoint vc="0" uspid="559" ordinal="1" offset="6" sl="47" sc="7" el="47" ec="19" bec="0" bev="0" fileid="13" />
              </SequencePoints>
              <BranchPoints />
              <MethodPoint xsi:type="SequencePoint" vc="0" uspid="558" ordinal="0" offset="0" sl="46" sc="7" el="46" ec="40" bec="0" bev="0" fileid="13" />
            </Method>
            <Method visited="false" cyclomaticComplexity="2" nPathComplexity="2" sequenceCoverage="0" branchCoverage="0" isConstructor="false" isStatic="true" isGetter="false" isSetter="false">
              <Summary numSequencePoints="4" visitedSequencePoints="0" numBranchPoints="3" visitedBranchPoints="0" sequenceCoverage="0" branchCoverage="0" maxCyclomaticComplexity="2" minCyclomaticComplexity="2" visitedClasses="0" numClasses="0" visitedMethods="0" numMethods="1" />
              <MetadataToken>100663736</MetadataToken>
              <Name>System.Void IBM.Watson.DeveloperCloud.Utilities.Runnable::Stop(System.Int32)</Name>
              <FileRef uid="13" />
              <SequencePoints>
                <SequencePoint vc="0" uspid="560" ordinal="0" offset="0" sl="56" sc="7" el="56" ec="24" bec="0" bev="0" fileid="13" />
                <SequencePoint vc="0" uspid="561" ordinal="1" offset="2" sl="57" sc="7" el="57" ec="54" bec="2" bev="0" fileid="13" />
                <SequencePoint vc="0" uspid="562" ordinal="2" offset="22" sl="58" sc="9" el="58" ec="23" bec="0" bev="0" fileid="13" />
                <SequencePoint vc="0" uspid="563" ordinal="3" offset="29" sl="59" sc="5" el="59" ec="6" bec="0" bev="0" fileid="13" />
              </SequencePoints>
              <BranchPoints>
                <BranchPoint vc="0" uspid="564" ordinal="0" offset="20" sl="57" path="0" offsetend="22" fileid="13" />
                <BranchPoint vc="0" uspid="565" ordinal="1" offset="20" sl="57" path="1" offsetend="29" fileid="13" />
              </BranchPoints>
              <MethodPoint xsi:type="SequencePoint" vc="0" uspid="560" ordinal="0" offset="0" sl="56" sc="7" el="56" ec="24" bec="0" bev="0" fileid="13" />
            </Method>
            <Method visited="false" cyclomaticComplexity="1" nPathComplexity="0" sequenceCoverage="0" branchCoverage="0" isConstructor="false" isStatic="true" isGetter="false" isSetter="false">
              <Summary numSequencePoints="1" visitedSequencePoints="0" numBranchPoints="1" visitedBranchPoints="0" sequenceCoverage="0" branchCoverage="0" maxCyclomaticComplexity="1" minCyclomaticComplexity="1" visitedClasses="0" numClasses="0" visitedMethods="0" numMethods="1" />
              <MetadataToken>100663737</MetadataToken>
              <Name>System.Boolean IBM.Watson.DeveloperCloud.Utilities.Runnable::IsRunning(System.Int32)</Name>
              <FileRef uid="13" />
              <SequencePoints>
                <SequencePoint vc="0" uspid="566" ordinal="0" offset="0" sl="68" sc="7" el="68" ec="50" bec="0" bev="0" fileid="13" />
              </SequencePoints>
              <BranchPoints />
              <MethodPoint xsi:type="SequencePoint" vc="0" uspid="566" ordinal="0" offset="0" sl="68" sc="7" el="68" ec="50" bec="0" bev="0" fileid="13" />
            </Method>
            <Method visited="false" cyclomaticComplexity="1" nPathComplexity="0" sequenceCoverage="0" branchCoverage="0" isConstructor="false" isStatic="false" isGetter="false" isSetter="false">
              <Summary numSequencePoints="1" visitedSequencePoints="0" numBranchPoints="1" visitedBranchPoints="0" sequenceCoverage="0" branchCoverage="0" maxCyclomaticComplexity="1" minCyclomaticComplexity="1" visitedClasses="0" numClasses="0" visitedMethods="0" numMethods="1" />
              <MetadataToken>100663738</MetadataToken>
              <Name>IBM.Watson.DeveloperCloud.Utilities.Runnable/Coroutine IBM.Watson.DeveloperCloud.Utilities.Runnable::StartCoroutine(IBM.Watson.DeveloperCloud.Utilities.Runnable/Routine)</Name>
              <FileRef uid="13" />
              <SequencePoints>
                <SequencePoint vc="0" uspid="567" ordinal="0" offset="0" sl="128" sc="7" el="128" ec="31" bec="0" bev="0" fileid="13" />
              </SequencePoints>
              <BranchPoints />
              <MethodPoint xsi:type="SequencePoint" vc="0" uspid="567" ordinal="0" offset="0" sl="128" sc="7" el="128" ec="31" bec="0" bev="0" fileid="13" />
            </Method>
            <Method visited="false" cyclomaticComplexity="4" nPathComplexity="2" sequenceCoverage="0" branchCoverage="0" isConstructor="false" isStatic="false" isGetter="false" isSetter="false">
              <Summary numSequencePoints="11" visitedSequencePoints="0" numBranchPoints="3" visitedBranchPoints="0" sequenceCoverage="0" branchCoverage="0" maxCyclomaticComplexity="4" minCyclomaticComplexity="4" visitedClasses="0" numClasses="0" visitedMethods="0" numMethods="1" />
              <MetadataToken>100663739</MetadataToken>
              <Name>System.Void IBM.Watson.DeveloperCloud.Utilities.Runnable::UpdateRoutines()</Name>
              <FileRef uid="13" />
              <SequencePoints>
                <SequencePoint vc="0" uspid="568" ordinal="0" offset="0" sl="219" sc="7" el="219" ec="32" bec="2" bev="0" fileid="13" />
                <SequencePoint vc="0" uspid="569" ordinal="1" offset="14" sl="222" sc="9" el="222" ec="54" bec="0" bev="0" fileid="13" />
                <SequencePoint vc="0" uspid="570" ordinal="2" offset="20" sl="223" sc="28" el="223" ec="38" bec="0" bev="0" fileid="13" />
                <SequencePoint vc="0" uspid="571" ordinal="3" offset="34" sl="223" sc="18" el="223" ec="24" bec="0" bev="0" fileid="13" />
                <SequencePoint vc="0" uspid="572" ordinal="4" offset="42" sl="224" sc="11" el="224" ec="34" bec="0" bev="0" fileid="13" />
                <SequencePoint vc="0" uspid="573" ordinal="5" offset="55" sl="223" sc="25" el="223" ec="27" bec="0" bev="0" fileid="13" />
                <SequencePoint vc="0" uspid="574" ordinal="6" offset="80" sl="226" sc="27" el="226" ec="35" bec="0" bev="0" fileid="13" />
                <SequencePoint vc="0" uspid="575" ordinal="7" offset="89" sl="226" sc="18" el="226" ec="23" bec="0" bev="0" fileid="13" />
                <SequencePoint vc="0" uspid="576" ordinal="8" offset="96" sl="227" sc="11" el="227" ec="24" bec="0" bev="0" fileid="13" />
                <SequencePoint vc="0" uspid="577" ordinal="9" offset="102" sl="226" sc="24" el="226" ec="26" bec="0" bev="0" fileid="13" />
                <SequencePoint vc="0" uspid="578" ordinal="10" offset="127" sl="229" sc="5" el="229" ec="6" bec="0" bev="0" fileid="13" />
              </SequencePoints>
              <BranchPoints>
                <BranchPoint vc="0" uspid="579" ordinal="0" offset="12" sl="219" path="0" offsetend="14" fileid="13" />
                <BranchPoint vc="0" uspid="580" ordinal="1" offset="12" sl="219" path="1" offsetend="127" fileid="13" />
              </BranchPoints>
              <MethodPoint xsi:type="SequencePoint" vc="0" uspid="568" ordinal="0" offset="0" sl="219" sc="7" el="219" ec="32" bec="2" bev="0" fileid="13" />
            </Method>
            <Method visited="false" cyclomaticComplexity="1" nPathComplexity="0" sequenceCoverage="0" branchCoverage="0" isConstructor="true" isStatic="false" isGetter="false" isSetter="false">
              <Summary numSequencePoints="2" visitedSequencePoints="0" numBranchPoints="1" visitedBranchPoints="0" sequenceCoverage="0" branchCoverage="0" maxCyclomaticComplexity="1" minCyclomaticComplexity="1" visitedClasses="0" numClasses="0" visitedMethods="0" numMethods="1" />
              <MetadataToken>100663740</MetadataToken>
              <Name>System.Void IBM.Watson.DeveloperCloud.Utilities.Runnable::.ctor()</Name>
              <FileRef uid="13" />
              <SequencePoints>
                <SequencePoint vc="0" uspid="585" ordinal="0" offset="0" sl="209" sc="5" el="209" ec="82" bec="0" bev="0" fileid="13" />
                <SequencePoint vc="0" uspid="586" ordinal="1" offset="11" sl="210" sc="5" el="210" ec="37" bec="0" bev="0" fileid="13" />
              </SequencePoints>
              <BranchPoints />
              <MethodPoint xsi:type="SequencePoint" vc="0" uspid="585" ordinal="0" offset="0" sl="209" sc="5" el="209" ec="82" bec="0" bev="0" fileid="13" />
            </Method>
          </Methods>
        </Class>
        <Class>
          <Summary numSequencePoints="22" visitedSequencePoints="0" numBranchPoints="14" visitedBranchPoints="0" sequenceCoverage="0" branchCoverage="0" maxCyclomaticComplexity="4" minCyclomaticComplexity="1" visitedClasses="0" numClasses="1" visitedMethods="0" numMethods="8" />
          <FullName>IBM.Watson.DeveloperCloud.Utilities.Runnable/Routine</FullName>
          <Methods>
            <Method visited="false" cyclomaticComplexity="1" nPathComplexity="0" sequenceCoverage="0" branchCoverage="0" isConstructor="false" isStatic="false" isGetter="true" isSetter="false">
              <Summary numSequencePoints="1" visitedSequencePoints="0" numBranchPoints="1" visitedBranchPoints="0" sequenceCoverage="0" branchCoverage="0" maxCyclomaticComplexity="1" minCyclomaticComplexity="1" visitedClasses="0" numClasses="0" visitedMethods="0" numMethods="1" />
              <MetadataToken>100666039</MetadataToken>
              <Name>System.Int32 IBM.Watson.DeveloperCloud.Utilities.Runnable/Routine::get_ID()</Name>
              <FileRef uid="13" />
              <SequencePoints>
                <SequencePoint vc="0" uspid="587" ordinal="0" offset="0" sl="80" sc="23" el="80" ec="27" bec="0" bev="0" fileid="13" />
              </SequencePoints>
              <BranchPoints />
              <MethodPoint xsi:type="SequencePoint" vc="0" uspid="587" ordinal="0" offset="0" sl="80" sc="23" el="80" ec="27" bec="0" bev="0" fileid="13" />
            </Method>
            <Method visited="false" cyclomaticComplexity="1" nPathComplexity="0" sequenceCoverage="0" branchCoverage="0" isConstructor="false" isStatic="false" isGetter="false" isSetter="true">
              <Summary numSequencePoints="1" visitedSequencePoints="0" numBranchPoints="1" visitedBranchPoints="0" sequenceCoverage="0" branchCoverage="0" maxCyclomaticComplexity="1" minCyclomaticComplexity="1" visitedClasses="0" numClasses="0" visitedMethods="0" numMethods="1" />
              <MetadataToken>100666040</MetadataToken>
              <Name>System.Void IBM.Watson.DeveloperCloud.Utilities.Runnable/Routine::set_ID(System.Int32)</Name>
              <FileRef uid="13" />
              <SequencePoints>
                <SequencePoint vc="0" uspid="588" ordinal="0" offset="0" sl="80" sc="28" el="80" ec="40" bec="0" bev="0" fileid="13" />
              </SequencePoints>
              <BranchPoints />
              <MethodPoint xsi:type="SequencePoint" vc="0" uspid="588" ordinal="0" offset="0" sl="80" sc="28" el="80" ec="40" bec="0" bev="0" fileid="13" />
            </Method>
            <Method visited="false" cyclomaticComplexity="1" nPathComplexity="0" sequenceCoverage="0" branchCoverage="0" isConstructor="false" isStatic="false" isGetter="true" isSetter="false">
              <Summary numSequencePoints="1" visitedSequencePoints="0" numBranchPoints="1" visitedBranchPoints="0" sequenceCoverage="0" branchCoverage="0" maxCyclomaticComplexity="1" minCyclomaticComplexity="1" visitedClasses="0" numClasses="0" visitedMethods="0" numMethods="1" />
              <MetadataToken>100666041</MetadataToken>
              <Name>System.Boolean IBM.Watson.DeveloperCloud.Utilities.Runnable/Routine::get_Stop()</Name>
              <FileRef uid="13" />
              <SequencePoints>
                <SequencePoint vc="0" uspid="589" ordinal="0" offset="0" sl="81" sc="26" el="81" ec="30" bec="0" bev="0" fileid="13" />
              </SequencePoints>
              <BranchPoints />
              <MethodPoint xsi:type="SequencePoint" vc="0" uspid="589" ordinal="0" offset="0" sl="81" sc="26" el="81" ec="30" bec="0" bev="0" fileid="13" />
            </Method>
            <Method visited="false" cyclomaticComplexity="1" nPathComplexity="0" sequenceCoverage="0" branchCoverage="0" isConstructor="false" isStatic="false" isGetter="false" isSetter="true">
              <Summary numSequencePoints="1" visitedSequencePoints="0" numBranchPoints="1" visitedBranchPoints="0" sequenceCoverage="0" branchCoverage="0" maxCyclomaticComplexity="1" minCyclomaticComplexity="1" visitedClasses="0" numClasses="0" visitedMethods="0" numMethods="1" />
              <MetadataToken>100666042</MetadataToken>
              <Name>System.Void IBM.Watson.DeveloperCloud.Utilities.Runnable/Routine::set_Stop(System.Boolean)</Name>
              <FileRef uid="13" />
              <SequencePoints>
                <SequencePoint vc="0" uspid="590" ordinal="0" offset="0" sl="81" sc="31" el="81" ec="35" bec="0" bev="0" fileid="13" />
              </SequencePoints>
              <BranchPoints />
              <MethodPoint xsi:type="SequencePoint" vc="0" uspid="590" ordinal="0" offset="0" sl="81" sc="31" el="81" ec="35" bec="0" bev="0" fileid="13" />
            </Method>
            <Method visited="false" cyclomaticComplexity="1" nPathComplexity="0" sequenceCoverage="0" branchCoverage="0" isConstructor="false" isStatic="false" isGetter="true" isSetter="false">
              <Summary numSequencePoints="1" visitedSequencePoints="0" numBranchPoints="1" visitedBranchPoints="0" sequenceCoverage="0" branchCoverage="0" maxCyclomaticComplexity="1" minCyclomaticComplexity="1" visitedClasses="0" numClasses="0" visitedMethods="0" numMethods="1" />
              <MetadataToken>100666044</MetadataToken>
              <Name>System.Object IBM.Watson.DeveloperCloud.Utilities.Runnable/Routine::get_Current()</Name>
              <FileRef uid="13" />
              <SequencePoints>
                <SequencePoint vc="0" uspid="591" ordinal="0" offset="0" sl="105" sc="37" el="105" ec="65" bec="0" bev="0" fileid="13" />
              </SequencePoints>
              <BranchPoints />
              <MethodPoint xsi:type="SequencePoint" vc="0" uspid="591" ordinal="0" offset="0" sl="105" sc="37" el="105" ec="65" bec="0" bev="0" fileid="13" />
            </Method>
            <Method visited="false" cyclomaticComplexity="1" nPathComplexity="0" sequenceCoverage="0" branchCoverage="0" isConstructor="true" isStatic="false" isGetter="false" isSetter="false">
              <Summary numSequencePoints="8" visitedSequencePoints="0" numBranchPoints="1" visitedBranchPoints="0" sequenceCoverage="0" branchCoverage="0" maxCyclomaticComplexity="1" minCyclomaticComplexity="1" visitedClasses="0" numClasses="0" visitedMethods="0" numMethods="1" />
              <MetadataToken>100666043</MetadataToken>
              <Name>System.Void IBM.Watson.DeveloperCloud.Utilities.Runnable/Routine::.ctor(System.Collections.IEnumerator)</Name>
              <FileRef uid="13" />
              <SequencePoints>
                <SequencePoint vc="0" uspid="592" ordinal="0" offset="0" sl="89" sc="7" el="89" ec="47" bec="0" bev="0" fileid="13" />
                <SequencePoint vc="0" uspid="593" ordinal="1" offset="6" sl="91" sc="9" el="91" ec="37" bec="0" bev="0" fileid="13" />
                <SequencePoint vc="0" uspid="594" ordinal="2" offset="13" sl="93" sc="9" el="93" ec="48" bec="0" bev="0" fileid="13" />
                <SequencePoint vc="0" uspid="595" ordinal="3" offset="25" sl="95" sc="9" el="95" ec="22" bec="0" bev="0" fileid="13" />
                <SequencePoint vc="0" uspid="596" ordinal="4" offset="32" sl="96" sc="9" el="96" ec="50" bec="0" bev="0" fileid="13" />
                <SequencePoint vc="0" uspid="597" ordinal="5" offset="59" sl="98" sc="9" el="98" ec="49" bec="0" bev="0" fileid="13" />
                <SequencePoint vc="0" uspid="598" ordinal="6" offset="81" sl="100" sc="9" el="100" ec="78" bec="0" bev="0" fileid="13" />
                <SequencePoint vc="0" uspid="599" ordinal="7" offset="118" sl="102" sc="7" el="102" ec="8" bec="0" bev="0" fileid="13" />
              </SequencePoints>
              <BranchPoints />
              <MethodPoint xsi:type="SequencePoint" vc="0" uspid="592" ordinal="0" offset="0" sl="89" sc="7" el="89" ec="47" bec="0" bev="0" fileid="13" />
            </Method>
            <Method visited="false" cyclomaticComplexity="4" nPathComplexity="8" sequenceCoverage="0" branchCoverage="0" isConstructor="false" isStatic="false" isGetter="false" isSetter="false">
              <Summary numSequencePoints="7" visitedSequencePoints="0" numBranchPoints="7" visitedBranchPoints="0" sequenceCoverage="0" branchCoverage="0" maxCyclomaticComplexity="4" minCyclomaticComplexity="4" visitedClasses="0" numClasses="0" visitedMethods="0" numMethods="1" />
              <MetadataToken>100666045</MetadataToken>
              <Name>System.Boolean IBM.Watson.DeveloperCloud.Utilities.Runnable/Routine::MoveNext()</Name>
              <FileRef uid="13" />
              <SequencePoints>
                <SequencePoint vc="0" uspid="600" ordinal="0" offset="0" sl="108" sc="9" el="108" ec="47" bec="0" bev="0" fileid="13" />
                <SequencePoint vc="0" uspid="601" ordinal="1" offset="17" sl="109" sc="9" el="109" ec="33" bec="3" bev="0" fileid="13" />
                <SequencePoint vc="0" uspid="602" ordinal="2" offset="33" sl="110" sc="11" el="110" ec="31" bec="0" bev="0" fileid="13" />
                <SequencePoint vc="0" uspid="603" ordinal="3" offset="40" sl="112" sc="9" el="112" ec="26" bec="2" bev="0" fileid="13" />
                <SequencePoint vc="0" uspid="604" ordinal="4" offset="48" sl="114" sc="11" el="114" ec="51" bec="0" bev="0" fileid="13" />
                <SequencePoint vc="0" uspid="605" ordinal="5" offset="70" sl="116" sc="10" el="116" ec="79" bec="0" bev="0" fileid="13" />
                <SequencePoint vc="0" uspid="606" ordinal="6" offset="107" sl="120" sc="9" el="120" ec="28" bec="0" bev="0" fileid="13" />
              </SequencePoints>
              <BranchPoints>
                <BranchPoint vc="0" uspid="607" ordinal="0" offset="23" sl="109" path="0" offsetend="25" fileid="13" />
                <BranchPoint vc="0" uspid="608" ordinal="1" offset="23" sl="109" path="1" offsetend="40" fileid="13" />
                <BranchPoint vc="0" uspid="609" ordinal="2" offset="31" sl="109" path="0" offsetend="33" fileid="13" />
                <BranchPoint vc="0" uspid="610" ordinal="3" offset="31" sl="109" path="1" offsetend="40" fileid="13" />
                <BranchPoint vc="0" uspid="611" ordinal="4" offset="46" sl="112" path="0" offsetend="48" fileid="13" />
                <BranchPoint vc="0" uspid="612" ordinal="5" offset="46" sl="112" path="1" offsetend="107" fileid="13" />
              </BranchPoints>
              <MethodPoint xsi:type="SequencePoint" vc="0" uspid="600" ordinal="0" offset="0" sl="108" sc="9" el="108" ec="47" bec="0" bev="0" fileid="13" />
            </Method>
            <Method visited="false" cyclomaticComplexity="1" nPathComplexity="0" sequenceCoverage="0" branchCoverage="0" isConstructor="false" isStatic="false" isGetter="false" isSetter="false">
              <Summary numSequencePoints="2" visitedSequencePoints="0" numBranchPoints="1" visitedBranchPoints="0" sequenceCoverage="0" branchCoverage="0" maxCyclomaticComplexity="1" minCyclomaticComplexity="1" visitedClasses="0" numClasses="0" visitedMethods="0" numMethods="1" />
              <MetadataToken>100666046</MetadataToken>
              <Name>System.Void IBM.Watson.DeveloperCloud.Utilities.Runnable/Routine::Reset()</Name>
              <FileRef uid="13" />
              <SequencePoints>
                <SequencePoint vc="0" uspid="613" ordinal="0" offset="0" sl="122" sc="29" el="122" ec="50" bec="0" bev="0" fileid="13" />
                <SequencePoint vc="0" uspid="614" ordinal="1" offset="11" sl="122" sc="51" el="122" ec="52" bec="0" bev="0" fileid="13" />
              </SequencePoints>
              <BranchPoints />
              <MethodPoint xsi:type="SequencePoint" vc="0" uspid="613" ordinal="0" offset="0" sl="122" sc="29" el="122" ec="50" bec="0" bev="0" fileid="13" />
            </Method>
          </Methods>
        </Class>
        <Class>
          <Summary numSequencePoints="20" visitedSequencePoints="0" numBranchPoints="14" visitedBranchPoints="0" sequenceCoverage="0" branchCoverage="0" maxCyclomaticComplexity="3" minCyclomaticComplexity="1" visitedClasses="0" numClasses="1" visitedMethods="0" numMethods="6" />
          <FullName>IBM.Watson.DeveloperCloud.Utilities.Runnable/Coroutine</FullName>
          <Methods>
            <Method visited="false" cyclomaticComplexity="1" nPathComplexity="0" sequenceCoverage="0" branchCoverage="0" isConstructor="false" isStatic="false" isGetter="true" isSetter="false">
              <Summary numSequencePoints="1" visitedSequencePoints="0" numBranchPoints="1" visitedBranchPoints="0" sequenceCoverage="0" branchCoverage="0" maxCyclomaticComplexity="1" minCyclomaticComplexity="1" visitedClasses="0" numClasses="0" visitedMethods="0" numMethods="1" />
              <MetadataToken>100666047</MetadataToken>
              <Name>IBM.Watson.DeveloperCloud.Utilities.Runnable/CoroutineState IBM.Watson.DeveloperCloud.Utilities.Runnable/Coroutine::get_State()</Name>
              <FileRef uid="13" />
              <SequencePoints>
                <SequencePoint vc="0" uspid="615" ordinal="0" offset="0" sl="137" sc="15" el="137" ec="30" bec="0" bev="0" fileid="13" />
              </SequencePoints>
              <BranchPoints />
              <MethodPoint xsi:type="SequencePoint" vc="0" uspid="615" ordinal="0" offset="0" sl="137" sc="15" el="137" ec="30" bec="0" bev="0" fileid="13" />
            </Method>
            <Method visited="false" cyclomaticComplexity="1" nPathComplexity="0" sequenceCoverage="0" branchCoverage="0" isConstructor="false" isStatic="false" isGetter="false" isSetter="true">
              <Summary numSequencePoints="2" visitedSequencePoints="0" numBranchPoints="1" visitedBranchPoints="0" sequenceCoverage="0" branchCoverage="0" maxCyclomaticComplexity="1" minCyclomaticComplexity="1" visitedClasses="0" numClasses="0" visitedMethods="0" numMethods="1" />
              <MetadataToken>100666048</MetadataToken>
              <Name>System.Void IBM.Watson.DeveloperCloud.Utilities.Runnable/Coroutine::set_State(IBM.Watson.DeveloperCloud.Utilities.Runnable/CoroutineState)</Name>
              <FileRef uid="13" />
              <SequencePoints>
                <SequencePoint vc="0" uspid="616" ordinal="0" offset="0" sl="140" sc="11" el="140" ec="27" bec="0" bev="0" fileid="13" />
                <SequencePoint vc="0" uspid="617" ordinal="1" offset="7" sl="141" sc="9" el="141" ec="10" bec="0" bev="0" fileid="13" />
              </SequencePoints>
              <BranchPoints />
              <MethodPoint xsi:type="SequencePoint" vc="0" uspid="616" ordinal="0" offset="0" sl="140" sc="11" el="140" ec="27" bec="0" bev="0" fileid="13" />
            </Method>
            <Method visited="false" cyclomaticComplexity="1" nPathComplexity="0" sequenceCoverage="0" branchCoverage="0" isConstructor="true" isStatic="false" isGetter="false" isSetter="false">
              <Summary numSequencePoints="5" visitedSequencePoints="0" numBranchPoints="1" visitedBranchPoints="0" sequenceCoverage="0" branchCoverage="0" maxCyclomaticComplexity="1" minCyclomaticComplexity="1" visitedClasses="0" numClasses="0" visitedMethods="0" numMethods="1" />
              <MetadataToken>100666049</MetadataToken>
              <Name>System.Void IBM.Watson.DeveloperCloud.Utilities.Runnable/Coroutine::.ctor(IBM.Watson.DeveloperCloud.Utilities.Runnable/Routine)</Name>
              <FileRef uid="13" />
              <SequencePoints>
                <SequencePoint vc="0" uspid="618" ordinal="0" offset="0" sl="143" sc="7" el="143" ec="34" bec="0" bev="0" fileid="13" />
                <SequencePoint vc="0" uspid="619" ordinal="1" offset="6" sl="145" sc="9" el="145" ec="23" bec="0" bev="0" fileid="13" />
                <SequencePoint vc="0" uspid="620" ordinal="2" offset="13" sl="146" sc="9" el="146" ec="38" bec="0" bev="0" fileid="13" />
                <SequencePoint vc="0" uspid="621" ordinal="3" offset="20" sl="147" sc="9" el="147" ec="17" bec="0" bev="0" fileid="13" />
                <SequencePoint vc="0" uspid="622" ordinal="4" offset="27" sl="148" sc="7" el="148" ec="8" bec="0" bev="0" fileid="13" />
              </SequencePoints>
              <BranchPoints />
              <MethodPoint xsi:type="SequencePoint" vc="0" uspid="618" ordinal="0" offset="0" sl="143" sc="7" el="143" ec="34" bec="0" bev="0" fileid="13" />
            </Method>
            <Method visited="false" cyclomaticComplexity="1" nPathComplexity="0" sequenceCoverage="0" branchCoverage="0" isConstructor="false" isStatic="false" isGetter="false" isSetter="false">
              <Summary numSequencePoints="0" visitedSequencePoints="0" numBranchPoints="0" visitedBranchPoints="0" sequenceCoverage="0" branchCoverage="0" maxCyclomaticComplexity="1" minCyclomaticComplexity="1" visitedClasses="0" numClasses="0" visitedMethods="0" numMethods="0" />
              <MetadataToken>100666050</MetadataToken>
              <Name>System.Collections.IEnumerator IBM.Watson.DeveloperCloud.Utilities.Runnable/Coroutine::Start()</Name>
              <SequencePoints />
              <BranchPoints />
              <MethodPoint vc="0" uspid="623" ordinal="0" offset="0" />
            </Method>
            <Method visited="false" cyclomaticComplexity="3" nPathComplexity="4" sequenceCoverage="0" branchCoverage="0" isConstructor="false" isStatic="false" isGetter="false" isSetter="false">
              <Summary numSequencePoints="4" visitedSequencePoints="0" numBranchPoints="5" visitedBranchPoints="0" sequenceCoverage="0" branchCoverage="0" maxCyclomaticComplexity="3" minCyclomaticComplexity="3" visitedClasses="0" numClasses="0" visitedMethods="0" numMethods="1" />
              <MetadataToken>100666051</MetadataToken>
              <Name>System.Void IBM.Watson.DeveloperCloud.Utilities.Runnable/Coroutine::Stop()</Name>
              <FileRef uid="13" />
              <SequencePoints>
                <SequencePoint vc="0" uspid="624" ordinal="0" offset="0" sl="174" sc="9" el="174" ec="79" bec="3" bev="0" fileid="13" />
                <SequencePoint vc="0" uspid="625" ordinal="1" offset="18" sl="175" sc="11" el="175" ec="101" bec="0" bev="0" fileid="13" />
                <SequencePoint vc="0" uspid="626" ordinal="2" offset="45" sl="177" sc="9" el="177" ec="41" bec="0" bev="0" fileid="13" />
                <SequencePoint vc="0" uspid="627" ordinal="3" offset="52" sl="178" sc="7" el="178" ec="8" bec="0" bev="0" fileid="13" />
              </SequencePoints>
              <BranchPoints>
                <BranchPoint vc="0" uspid="628" ordinal="0" offset="7" sl="174" path="0" offsetend="9" fileid="13" />
                <BranchPoint vc="0" uspid="629" ordinal="1" offset="7" sl="174" path="1" offsetend="45" fileid="13" />
                <BranchPoint vc="0" uspid="630" ordinal="2" offset="16" sl="174" path="0" offsetend="18" fileid="13" />
                <BranchPoint vc="0" uspid="631" ordinal="3" offset="16" sl="174" path="1" offsetend="45" fileid="13" />
              </BranchPoints>
              <MethodPoint xsi:type="SequencePoint" vc="0" uspid="624" ordinal="0" offset="0" sl="174" sc="9" el="174" ec="79" bec="3" bev="0" fileid="13" />
            </Method>
            <Method visited="false" cyclomaticComplexity="2" nPathComplexity="2" sequenceCoverage="0" branchCoverage="0" isConstructor="false" isStatic="false" isGetter="false" isSetter="false">
              <Summary numSequencePoints="4" visitedSequencePoints="0" numBranchPoints="3" visitedBranchPoints="0" sequenceCoverage="0" branchCoverage="0" maxCyclomaticComplexity="2" minCyclomaticComplexity="2" visitedClasses="0" numClasses="0" visitedMethods="0" numMethods="1" />
              <MetadataToken>100666052</MetadataToken>
              <Name>System.Void IBM.Watson.DeveloperCloud.Utilities.Runnable/Coroutine::Pause()</Name>
              <FileRef uid="13" />
              <SequencePoints>
                <SequencePoint vc="0" uspid="632" ordinal="0" offset="0" sl="182" sc="9" el="182" ec="45" bec="2" bev="0" fileid="13" />
                <SequencePoint vc="0" uspid="633" ordinal="1" offset="9" sl="183" sc="11" el="183" ec="102" bec="0" bev="0" fileid="13" />
                <SequencePoint vc="0" uspid="634" ordinal="2" offset="36" sl="185" sc="9" el="185" ec="39" bec="0" bev="0" fileid="13" />
                <SequencePoint vc="0" uspid="635" ordinal="3" offset="43" sl="186" sc="7" el="186" ec="8" bec="0" bev="0" fileid="13" />
              </SequencePoints>
              <BranchPoints>
                <BranchPoint vc="0" uspid="636" ordinal="0" offset="7" sl="182" path="0" offsetend="9" fileid="13" />
                <BranchPoint vc="0" uspid="637" ordinal="1" offset="7" sl="182" path="1" offsetend="36" fileid="13" />
              </BranchPoints>
              <MethodPoint xsi:type="SequencePoint" vc="0" uspid="632" ordinal="0" offset="0" sl="182" sc="9" el="182" ec="45" bec="2" bev="0" fileid="13" />
            </Method>
            <Method visited="false" cyclomaticComplexity="2" nPathComplexity="2" sequenceCoverage="0" branchCoverage="0" isConstructor="false" isStatic="false" isGetter="false" isSetter="false">
              <Summary numSequencePoints="4" visitedSequencePoints="0" numBranchPoints="3" visitedBranchPoints="0" sequenceCoverage="0" branchCoverage="0" maxCyclomaticComplexity="2" minCyclomaticComplexity="2" visitedClasses="0" numClasses="0" visitedMethods="0" numMethods="1" />
              <MetadataToken>100666053</MetadataToken>
              <Name>System.Void IBM.Watson.DeveloperCloud.Utilities.Runnable/Coroutine::Resume()</Name>
              <FileRef uid="13" />
              <SequencePoints>
                <SequencePoint vc="0" uspid="638" ordinal="0" offset="0" sl="190" sc="9" el="190" ec="44" bec="2" bev="0" fileid="13" />
                <SequencePoint vc="0" uspid="639" ordinal="1" offset="9" sl="191" sc="11" el="191" ec="103" bec="0" bev="0" fileid="13" />
                <SequencePoint vc="0" uspid="640" ordinal="2" offset="36" sl="193" sc="9" el="193" ec="40" bec="0" bev="0" fileid="13" />
                <SequencePoint vc="0" uspid="641" ordinal="3" offset="43" sl="194" sc="7" el="194" ec="8" bec="0" bev="0" fileid="13" />
              </SequencePoints>
              <BranchPoints>
                <BranchPoint vc="0" uspid="642" ordinal="0" offset="7" sl="190" path="0" offsetend="9" fileid="13" />
                <BranchPoint vc="0" uspid="643" ordinal="1" offset="7" sl="190" path="1" offsetend="36" fileid="13" />
              </BranchPoints>
              <MethodPoint xsi:type="SequencePoint" vc="0" uspid="638" ordinal="0" offset="0" sl="190" sc="9" el="190" ec="44" bec="2" bev="0" fileid="13" />
            </Method>
          </Methods>
        </Class>
        <Class>
          <Summary numSequencePoints="10" visitedSequencePoints="0" numBranchPoints="9" visitedBranchPoints="0" sequenceCoverage="0" branchCoverage="0" maxCyclomaticComplexity="8" minCyclomaticComplexity="1" visitedClasses="0" numClasses="1" visitedMethods="0" numMethods="1" />
          <FullName>IBM.Watson.DeveloperCloud.Utilities.Runnable/Coroutine/&lt;Start&gt;d__6</FullName>
          <Methods>
            <Method visited="false" cyclomaticComplexity="1" nPathComplexity="0" sequenceCoverage="0" branchCoverage="0" isConstructor="false" isStatic="false" isGetter="true" isSetter="false">
              <Summary numSequencePoints="0" visitedSequencePoints="0" numBranchPoints="0" visitedBranchPoints="0" sequenceCoverage="0" branchCoverage="0" maxCyclomaticComplexity="1" minCyclomaticComplexity="1" visitedClasses="0" numClasses="0" visitedMethods="0" numMethods="0" />
              <MetadataToken>100667339</MetadataToken>
              <Name>System.Object IBM.Watson.DeveloperCloud.Utilities.Runnable/Coroutine/&lt;Start&gt;d__6::System.Collections.Generic.IEnumerator&lt;System.Object&gt;.get_Current()</Name>
              <SequencePoints />
              <BranchPoints />
              <MethodPoint vc="0" uspid="644" ordinal="0" offset="0" />
            </Method>
            <Method visited="false" cyclomaticComplexity="1" nPathComplexity="0" sequenceCoverage="0" branchCoverage="0" isConstructor="false" isStatic="false" isGetter="true" isSetter="false">
              <Summary numSequencePoints="0" visitedSequencePoints="0" numBranchPoints="0" visitedBranchPoints="0" sequenceCoverage="0" branchCoverage="0" maxCyclomaticComplexity="1" minCyclomaticComplexity="1" visitedClasses="0" numClasses="0" visitedMethods="0" numMethods="0" />
              <MetadataToken>100667341</MetadataToken>
              <Name>System.Object IBM.Watson.DeveloperCloud.Utilities.Runnable/Coroutine/&lt;Start&gt;d__6::System.Collections.IEnumerator.get_Current()</Name>
              <SequencePoints />
              <BranchPoints />
              <MethodPoint vc="0" uspid="645" ordinal="0" offset="0" />
            </Method>
            <Method visited="false" cyclomaticComplexity="1" nPathComplexity="0" sequenceCoverage="0" branchCoverage="0" isConstructor="true" isStatic="false" isGetter="false" isSetter="false">
              <Summary numSequencePoints="0" visitedSequencePoints="0" numBranchPoints="0" visitedBranchPoints="0" sequenceCoverage="0" branchCoverage="0" maxCyclomaticComplexity="1" minCyclomaticComplexity="1" visitedClasses="0" numClasses="0" visitedMethods="0" numMethods="0" />
              <MetadataToken>100667336</MetadataToken>
              <Name>System.Void IBM.Watson.DeveloperCloud.Utilities.Runnable/Coroutine/&lt;Start&gt;d__6::.ctor(System.Int32)</Name>
              <SequencePoints />
              <BranchPoints />
              <MethodPoint vc="0" uspid="646" ordinal="0" offset="0" />
            </Method>
            <Method visited="false" cyclomaticComplexity="1" nPathComplexity="0" sequenceCoverage="0" branchCoverage="0" isConstructor="false" isStatic="false" isGetter="false" isSetter="false">
              <Summary numSequencePoints="0" visitedSequencePoints="0" numBranchPoints="0" visitedBranchPoints="0" sequenceCoverage="0" branchCoverage="0" maxCyclomaticComplexity="1" minCyclomaticComplexity="1" visitedClasses="0" numClasses="0" visitedMethods="0" numMethods="0" />
              <MetadataToken>100667337</MetadataToken>
              <Name>System.Void IBM.Watson.DeveloperCloud.Utilities.Runnable/Coroutine/&lt;Start&gt;d__6::System.IDisposable.Dispose()</Name>
              <SequencePoints />
              <BranchPoints />
              <MethodPoint vc="0" uspid="647" ordinal="0" offset="0" />
            </Method>
            <Method visited="false" cyclomaticComplexity="8" nPathComplexity="16" sequenceCoverage="0" branchCoverage="0" isConstructor="false" isStatic="false" isGetter="false" isSetter="false">
              <Summary numSequencePoints="10" visitedSequencePoints="0" numBranchPoints="9" visitedBranchPoints="0" sequenceCoverage="0" branchCoverage="0" maxCyclomaticComplexity="8" minCyclomaticComplexity="8" visitedClasses="0" numClasses="0" visitedMethods="0" numMethods="1" />
              <MetadataToken>100667338</MetadataToken>
              <Name>System.Boolean IBM.Watson.DeveloperCloud.Utilities.Runnable/Coroutine/&lt;Start&gt;d__6::MoveNext()</Name>
              <FileRef uid="13" />
              <SequencePoints>
                <SequencePoint vc="0" uspid="648" ordinal="0" offset="34" sl="152" sc="9" el="152" ec="42" bec="2" bev="0" fileid="13" />
                <SequencePoint vc="0" uspid="649" ordinal="1" offset="47" sl="153" sc="11" el="153" ec="84" bec="0" bev="0" fileid="13" />
                <SequencePoint vc="0" uspid="650" ordinal="2" offset="79" sl="155" sc="9" el="155" ec="40" bec="0" bev="0" fileid="13" />
                <SequencePoint vc="0" uspid="651" ordinal="3" offset="93" sl="158" sc="11" el="158" ec="42" bec="0" bev="0" fileid="13" />
                <SequencePoint vc="0" uspid="652" ordinal="4" offset="133" sl="161" sc="13" el="161" ec="31" bec="0" bev="0" fileid="13" />
                <SequencePoint vc="0" uspid="653" ordinal="5" offset="156" sl="159" sc="11" el="159" ec="49" bec="2" bev="0" fileid="13" />
                <SequencePoint vc="0" uspid="654" ordinal="6" offset="170" sl="163" sc="11" el="163" ec="48" bec="2" bev="0" fileid="13" />
                <SequencePoint vc="0" uspid="655" ordinal="7" offset="184" sl="165" sc="13" el="165" ec="25" bec="0" bev="0" fileid="13" />
                <SequencePoint vc="0" uspid="656" ordinal="8" offset="186" sl="156" sc="9" el="156" ec="37" bec="2" bev="0" fileid="13" />
                <SequencePoint vc="0" uspid="657" ordinal="9" offset="204" sl="169" sc="9" el="169" ec="41" bec="0" bev="0" fileid="13" />
              </SequencePoints>
              <BranchPoints>
                <BranchPoint vc="0" uspid="659" ordinal="0" offset="45" sl="152" path="0" offsetend="47" fileid="13" />
                <BranchPoint vc="0" uspid="660" ordinal="1" offset="45" sl="152" path="1" offsetend="79" fileid="13" />
                <BranchPoint vc="0" uspid="661" ordinal="2" offset="168" sl="159" path="0" offsetend="170" fileid="13" />
                <BranchPoint vc="0" uspid="662" ordinal="3" offset="168" sl="159" path="1" offsetend="133" fileid="13" />
                <BranchPoint vc="0" uspid="663" ordinal="4" offset="182" sl="163" path="0" offsetend="184" fileid="13" />
                <BranchPoint vc="0" uspid="664" ordinal="5" offset="182" sl="163" path="1" offsetend="186" fileid="13" />
                <BranchPoint vc="0" uspid="665" ordinal="6" offset="202" sl="156" path="0" offsetend="204" fileid="13" />
                <BranchPoint vc="0" uspid="666" ordinal="7" offset="202" sl="156" path="1" offsetend="93" fileid="13" />
              </BranchPoints>
              <MethodPoint vc="0" uspid="667" ordinal="0" offset="0" />
            </Method>
            <Method visited="false" cyclomaticComplexity="1" nPathComplexity="0" sequenceCoverage="0" branchCoverage="0" isConstructor="false" isStatic="false" isGetter="false" isSetter="false">
              <Summary numSequencePoints="0" visitedSequencePoints="0" numBranchPoints="0" visitedBranchPoints="0" sequenceCoverage="0" branchCoverage="0" maxCyclomaticComplexity="1" minCyclomaticComplexity="1" visitedClasses="0" numClasses="0" visitedMethods="0" numMethods="0" />
              <MetadataToken>100667340</MetadataToken>
              <Name>System.Void IBM.Watson.DeveloperCloud.Utilities.Runnable/Coroutine/&lt;Start&gt;d__6::System.Collections.IEnumerator.Reset()</Name>
              <SequencePoints />
              <BranchPoints />
              <MethodPoint vc="0" uspid="668" ordinal="0" offset="0" />
            </Method>
          </Methods>
        </Class>
        <Class>
          <Summary numSequencePoints="7" visitedSequencePoints="6" numBranchPoints="6" visitedBranchPoints="5" sequenceCoverage="85.71" branchCoverage="83.33" maxCyclomaticComplexity="2" minCyclomaticComplexity="1" visitedClasses="1" numClasses="1" visitedMethods="2" numMethods="2" />
          <FullName>IBM.Watson.DeveloperCloud.Utilities.Singleton`1</FullName>
          <Methods>
            <Method visited="true" cyclomaticComplexity="2" nPathComplexity="2" sequenceCoverage="100" branchCoverage="100" isConstructor="false" isStatic="true" isGetter="true" isSetter="false">
              <Summary numSequencePoints="3" visitedSequencePoints="3" numBranchPoints="3" visitedBranchPoints="3" sequenceCoverage="100" branchCoverage="100" maxCyclomaticComplexity="2" minCyclomaticComplexity="2" visitedClasses="0" numClasses="0" visitedMethods="1" numMethods="1" />
              <MetadataToken>100663741</MetadataToken>
              <Name>T IBM.Watson.DeveloperCloud.Utilities.Singleton`1::get_Instance()</Name>
              <FileRef uid="17" />
              <SequencePoints>
                <SequencePoint vc="776" uspid="669" ordinal="0" offset="0" sl="41" sc="9" el="41" ec="33" bec="2" bev="2" fileid="17" />
                <SequencePoint vc="2" uspid="670" ordinal="1" offset="12" sl="42" sc="11" el="42" ec="28" bec="0" bev="0" fileid="17" />
                <SequencePoint vc="776" uspid="671" ordinal="2" offset="17" sl="43" sc="9" el="43" ec="28" bec="0" bev="0" fileid="17" />
              </SequencePoints>
              <BranchPoints>
                <BranchPoint vc="2" uspid="672" ordinal="0" offset="10" sl="41" path="0" offsetend="12" fileid="17" />
                <BranchPoint vc="774" uspid="673" ordinal="1" offset="10" sl="41" path="1" offsetend="17" fileid="17" />
              </BranchPoints>
              <MethodPoint xsi:type="SequencePoint" vc="776" uspid="669" ordinal="0" offset="0" sl="41" sc="9" el="41" ec="33" bec="2" bev="2" fileid="17" />
            </Method>
            <Method visited="true" cyclomaticComplexity="2" nPathComplexity="2" sequenceCoverage="75" branchCoverage="66.67" isConstructor="false" isStatic="true" isGetter="false" isSetter="false">
              <Summary numSequencePoints="4" visitedSequencePoints="3" numBranchPoints="3" visitedBranchPoints="2" sequenceCoverage="75" branchCoverage="66.67" maxCyclomaticComplexity="2" minCyclomaticComplexity="2" visitedClasses="0" numClasses="0" visitedMethods="1" numMethods="1" />
              <MetadataToken>100663742</MetadataToken>
              <Name>System.Void IBM.Watson.DeveloperCloud.Utilities.Singleton`1::CreateInstance()</Name>
              <FileRef uid="17" />
              <SequencePoints>
                <SequencePoint vc="2" uspid="674" ordinal="0" offset="0" sl="54" sc="7" el="54" ec="62" bec="0" bev="0" fileid="17" />
                <SequencePoint vc="2" uspid="675" ordinal="1" offset="30" sl="56" sc="7" el="56" ec="31" bec="2" bev="1" fileid="17" />
                <SequencePoint vc="0" uspid="676" ordinal="2" offset="42" sl="57" sc="9" el="57" ec="82" bec="0" bev="0" fileid="17" />
                <SequencePoint vc="2" uspid="677" ordinal="3" offset="73" sl="58" sc="5" el="58" ec="6" bec="0" bev="0" fileid="17" />
              </SequencePoints>
              <BranchPoints>
                <BranchPoint vc="0" uspid="678" ordinal="0" offset="40" sl="56" path="0" offsetend="42" fileid="17" />
                <BranchPoint vc="2" uspid="679" ordinal="1" offset="40" sl="56" path="1" offsetend="73" fileid="17" />
              </BranchPoints>
              <MethodPoint xsi:type="SequencePoint" vc="2" uspid="674" ordinal="0" offset="0" sl="54" sc="7" el="54" ec="62" bec="0" bev="0" fileid="17" />
            </Method>
            <Method visited="false" cyclomaticComplexity="1" nPathComplexity="0" sequenceCoverage="0" branchCoverage="0" isConstructor="true" isStatic="false" isGetter="false" isSetter="false">
              <Summary numSequencePoints="0" visitedSequencePoints="0" numBranchPoints="0" visitedBranchPoints="0" sequenceCoverage="0" branchCoverage="0" maxCyclomaticComplexity="1" minCyclomaticComplexity="1" visitedClasses="0" numClasses="0" visitedMethods="0" numMethods="0" />
              <MetadataToken>100663743</MetadataToken>
              <Name>System.Void IBM.Watson.DeveloperCloud.Utilities.Singleton`1::.ctor()</Name>
              <SequencePoints />
              <BranchPoints />
              <MethodPoint vc="0" uspid="680" ordinal="0" offset="0" />
            </Method>
            <Method visited="true" cyclomaticComplexity="1" nPathComplexity="0" sequenceCoverage="0" branchCoverage="0" isConstructor="true" isStatic="true" isGetter="false" isSetter="false">
              <Summary numSequencePoints="0" visitedSequencePoints="0" numBranchPoints="0" visitedBranchPoints="0" sequenceCoverage="0" branchCoverage="0" maxCyclomaticComplexity="1" minCyclomaticComplexity="1" visitedClasses="0" numClasses="0" visitedMethods="0" numMethods="0" />
              <MetadataToken>100663744</MetadataToken>
              <Name>System.Void IBM.Watson.DeveloperCloud.Utilities.Singleton`1::.cctor()</Name>
              <SequencePoints />
              <BranchPoints />
              <MethodPoint vc="2" uspid="681" ordinal="0" offset="0" />
            </Method>
          </Methods>
        </Class>
        <Class>
          <Summary numSequencePoints="137" visitedSequencePoints="30" numBranchPoints="69" visitedBranchPoints="7" sequenceCoverage="21.90" branchCoverage="10.14" maxCyclomaticComplexity="8" minCyclomaticComplexity="1" visitedClasses="1" numClasses="1" visitedMethods="4" numMethods="21" />
          <FullName>IBM.Watson.DeveloperCloud.Utilities.Utility</FullName>
          <Methods>
            <Method visited="false" cyclomaticComplexity="4" nPathComplexity="4" sequenceCoverage="0" branchCoverage="0" isConstructor="false" isStatic="true" isGetter="true" isSetter="false">
              <Summary numSequencePoints="11" visitedSequencePoints="0" numBranchPoints="5" visitedBranchPoints="0" sequenceCoverage="0" branchCoverage="0" maxCyclomaticComplexity="4" minCyclomaticComplexity="4" visitedClasses="0" numClasses="0" visitedMethods="0" numMethods="1" />
              <MetadataToken>100663755</MetadataToken>
              <Name>System.String IBM.Watson.DeveloperCloud.Utilities.Utility::get_MacAddress()</Name>
              <FileRef uid="18" />
              <SequencePoints>
                <SequencePoint vc="0" uspid="682" ordinal="0" offset="0" sl="213" sc="9" el="213" ec="49" bec="2" bev="0" fileid="18" />
                <SequencePoint vc="0" uspid="683" ordinal="1" offset="12" sl="215" sc="48" el="215" ec="90" bec="0" bev="0" fileid="18" />
                <SequencePoint vc="0" uspid="684" ordinal="2" offset="22" sl="215" sc="20" el="215" ec="44" bec="0" bev="0" fileid="18" />
                <SequencePoint vc="0" uspid="685" ordinal="3" offset="25" sl="217" sc="13" el="217" ec="73" bec="0" bev="0" fileid="18" />
                <SequencePoint vc="0" uspid="686" ordinal="4" offset="36" sl="218" sc="13" el="218" ec="51" bec="2" bev="0" fileid="18" />
                <SequencePoint vc="0" uspid="687" ordinal="5" offset="44" sl="220" sc="15" el="220" ec="69" bec="0" bev="0" fileid="18" />
                <SequencePoint vc="0" uspid="688" ordinal="6" offset="50" sl="221" sc="15" el="221" ec="52" bec="0" bev="0" fileid="18" />
                <SequencePoint vc="0" uspid="689" ordinal="7" offset="57" sl="222" sc="15" el="222" ec="73" bec="0" bev="0" fileid="18" />
                <SequencePoint vc="0" uspid="690" ordinal="8" offset="71" sl="224" sc="15" el="224" ec="21" bec="0" bev="0" fileid="18" />
                <SequencePoint vc="0" uspid="691" ordinal="9" offset="77" sl="215" sc="45" el="215" ec="47" bec="0" bev="0" fileid="18" />
                <SequencePoint vc="0" uspid="692" ordinal="10" offset="83" sl="229" sc="9" el="229" ec="30" bec="0" bev="0" fileid="18" />
              </SequencePoints>
              <BranchPoints>
                <BranchPoint vc="0" uspid="693" ordinal="0" offset="10" sl="213" path="0" offsetend="12" fileid="18" />
                <BranchPoint vc="0" uspid="694" ordinal="1" offset="10" sl="213" path="1" offsetend="83" fileid="18" />
                <BranchPoint vc="0" uspid="695" ordinal="2" offset="42" sl="218" path="0" offsetend="44" fileid="18" />
                <BranchPoint vc="0" uspid="696" ordinal="3" offset="42" sl="218" path="1" offsetend="73" fileid="18" />
              </BranchPoints>
              <MethodPoint xsi:type="SequencePoint" vc="0" uspid="682" ordinal="0" offset="0" sl="213" sc="9" el="213" ec="49" bec="2" bev="0" fileid="18" />
            </Method>
            <Method visited="false" cyclomaticComplexity="6" nPathComplexity="8" sequenceCoverage="0" branchCoverage="0" isConstructor="false" isStatic="true" isGetter="false" isSetter="false">
              <Summary numSequencePoints="11" visitedSequencePoints="0" numBranchPoints="7" visitedBranchPoints="0" sequenceCoverage="0" branchCoverage="0" maxCyclomaticComplexity="6" minCyclomaticComplexity="6" visitedClasses="0" numClasses="0" visitedMethods="0" numMethods="1" />
              <MetadataToken>100663745</MetadataToken>
              <Name>System.Type[] IBM.Watson.DeveloperCloud.Utilities.Utility::FindAllDerivedTypes(System.Type)</Name>
              <FileRef uid="18" />
              <SequencePoints>
                <SequencePoint vc="0" uspid="699" ordinal="0" offset="0" sl="48" sc="7" el="48" ec="43" bec="0" bev="0" fileid="18" />
                <SequencePoint vc="0" uspid="700" ordinal="1" offset="6" sl="49" sc="32" el="49" ec="71" bec="0" bev="0" fileid="18" />
                <SequencePoint vc="0" uspid="701" ordinal="2" offset="21" sl="49" sc="16" el="49" ec="28" bec="0" bev="0" fileid="18" />
                <SequencePoint vc="0" uspid="702" ordinal="3" offset="24" sl="51" sc="27" el="51" ec="46" bec="0" bev="0" fileid="18" />
                <SequencePoint vc="0" uspid="703" ordinal="4" offset="35" sl="51" sc="18" el="51" ec="23" bec="0" bev="0" fileid="18" />
                <SequencePoint vc="0" uspid="704" ordinal="5" offset="41" sl="53" sc="11" el="53" ec="41" bec="3" bev="0" fileid="18" />
                <SequencePoint vc="0" uspid="705" ordinal="6" offset="60" sl="55" sc="11" el="55" ec="40" bec="2" bev="0" fileid="18" />
                <SequencePoint vc="0" uspid="706" ordinal="7" offset="70" sl="56" sc="13" el="56" ec="26" bec="0" bev="0" fileid="18" />
                <SequencePoint vc="0" uspid="707" ordinal="8" offset="84" sl="51" sc="24" el="51" ec="26" bec="0" bev="0" fileid="18" />
                <SequencePoint vc="0" uspid="708" ordinal="9" offset="95" sl="49" sc="29" el="49" ec="31" bec="0" bev="0" fileid="18" />
                <SequencePoint vc="0" uspid="709" ordinal="10" offset="101" sl="60" sc="7" el="60" ec="30" bec="0" bev="0" fileid="18" />
              </SequencePoints>
              <BranchPoints>
                <BranchPoint vc="0" uspid="710" ordinal="0" offset="49" sl="53" path="0" offsetend="51" fileid="18" />
                <BranchPoint vc="0" uspid="711" ordinal="1" offset="49" sl="53" path="1" offsetend="78" fileid="18" />
                <BranchPoint vc="0" uspid="712" ordinal="2" offset="58" sl="53" path="0" offsetend="60" fileid="18" />
                <BranchPoint vc="0" uspid="713" ordinal="3" offset="58" sl="53" path="1" offsetend="78" fileid="18" />
                <BranchPoint vc="0" uspid="714" ordinal="4" offset="68" sl="55" path="0" offsetend="70" fileid="18" />
                <BranchPoint vc="0" uspid="715" ordinal="5" offset="68" sl="55" path="1" offsetend="78" fileid="18" />
              </BranchPoints>
              <MethodPoint xsi:type="SequencePoint" vc="0" uspid="699" ordinal="0" offset="0" sl="48" sc="7" el="48" ec="43" bec="0" bev="0" fileid="18" />
            </Method>
            <Method visited="false" cyclomaticComplexity="1" nPathComplexity="0" sequenceCoverage="0" branchCoverage="0" isConstructor="false" isStatic="true" isGetter="false" isSetter="false">
              <Summary numSequencePoints="1" visitedSequencePoints="0" numBranchPoints="1" visitedBranchPoints="0" sequenceCoverage="0" branchCoverage="0" maxCyclomaticComplexity="1" minCyclomaticComplexity="1" visitedClasses="0" numClasses="0" visitedMethods="0" numMethods="1" />
              <MetadataToken>100663746</MetadataToken>
              <Name>System.Boolean IBM.Watson.DeveloperCloud.Utilities.Utility::Approximately(System.Double,System.Double,System.Double)</Name>
              <FileRef uid="18" />
              <SequencePoints>
                <SequencePoint vc="0" uspid="720" ordinal="0" offset="0" sl="71" sc="7" el="71" ec="44" bec="0" bev="0" fileid="18" />
              </SequencePoints>
              <BranchPoints />
              <MethodPoint xsi:type="SequencePoint" vc="0" uspid="720" ordinal="0" offset="0" sl="71" sc="7" el="71" ec="44" bec="0" bev="0" fileid="18" />
            </Method>
            <Method visited="false" cyclomaticComplexity="1" nPathComplexity="0" sequenceCoverage="0" branchCoverage="0" isConstructor="false" isStatic="true" isGetter="false" isSetter="false">
              <Summary numSequencePoints="1" visitedSequencePoints="0" numBranchPoints="1" visitedBranchPoints="0" sequenceCoverage="0" branchCoverage="0" maxCyclomaticComplexity="1" minCyclomaticComplexity="1" visitedClasses="0" numClasses="0" visitedMethods="0" numMethods="1" />
              <MetadataToken>100663747</MetadataToken>
              <Name>System.Boolean IBM.Watson.DeveloperCloud.Utilities.Utility::Approximately(System.Single,System.Single,System.Single)</Name>
              <FileRef uid="18" />
              <SequencePoints>
                <SequencePoint vc="0" uspid="721" ordinal="0" offset="0" sl="82" sc="7" el="82" ec="44" bec="0" bev="0" fileid="18" />
              </SequencePoints>
              <BranchPoints />
              <MethodPoint xsi:type="SequencePoint" vc="0" uspid="721" ordinal="0" offset="0" sl="82" sc="7" el="82" ec="44" bec="0" bev="0" fileid="18" />
            </Method>
            <Method visited="true" cyclomaticComplexity="3" nPathComplexity="2" sequenceCoverage="90.91" branchCoverage="66.67" isConstructor="false" isStatic="true" isGetter="false" isSetter="false">
              <Summary numSequencePoints="11" visitedSequencePoints="10" numBranchPoints="3" visitedBranchPoints="2" sequenceCoverage="90.91" branchCoverage="66.67" maxCyclomaticComplexity="3" minCyclomaticComplexity="3" visitedClasses="0" numClasses="0" visitedMethods="1" numMethods="1" />
              <MetadataToken>100663748</MetadataToken>
              <Name>System.String IBM.Watson.DeveloperCloud.Utilities.Utility::GetMD5(System.String)</Name>
              <FileRef uid="18" />
              <SequencePoints>
                <SequencePoint vc="3" uspid="722" ordinal="0" offset="0" sl="92" sc="7" el="92" ec="35" bec="2" bev="1" fileid="18" />
                <SequencePoint vc="0" uspid="723" ordinal="1" offset="8" sl="93" sc="9" el="93" ec="29" bec="0" bev="0" fileid="18" />
                <SequencePoint vc="3" uspid="724" ordinal="2" offset="14" sl="95" sc="7" el="95" ec="48" bec="0" bev="0" fileid="18" />
                <SequencePoint vc="3" uspid="725" ordinal="3" offset="19" sl="96" sc="7" el="96" ec="50" bec="0" bev="0" fileid="18" />
                <SequencePoint vc="3" uspid="726" ordinal="4" offset="31" sl="97" sc="7" el="97" ec="45" bec="0" bev="0" fileid="18" />
                <SequencePoint vc="3" uspid="727" ordinal="5" offset="37" sl="99" sc="7" el="99" ec="50" bec="0" bev="0" fileid="18" />
                <SequencePoint vc="3" uspid="728" ordinal="6" offset="43" sl="100" sc="25" el="100" ec="31" bec="0" bev="0" fileid="18" />
                <SequencePoint vc="48" uspid="729" ordinal="7" offset="48" sl="100" sc="16" el="100" ec="21" bec="0" bev="0" fileid="18" />
                <SequencePoint vc="48" uspid="730" ordinal="8" offset="53" sl="101" sc="9" el="101" ec="41" bec="0" bev="0" fileid="18" />
                <SequencePoint vc="51" uspid="731" ordinal="9" offset="76" sl="100" sc="22" el="100" ec="24" bec="0" bev="0" fileid="18" />
                <SequencePoint vc="3" uspid="732" ordinal="10" offset="82" sl="103" sc="7" el="103" ec="32" bec="0" bev="0" fileid="18" />
              </SequencePoints>
              <BranchPoints>
                <BranchPoint vc="0" uspid="733" ordinal="0" offset="6" sl="92" path="0" offsetend="8" fileid="18" />
                <BranchPoint vc="3" uspid="734" ordinal="1" offset="6" sl="92" path="1" offsetend="14" fileid="18" />
              </BranchPoints>
              <MethodPoint xsi:type="SequencePoint" vc="3" uspid="722" ordinal="0" offset="0" sl="92" sc="7" el="92" ec="35" bec="2" bev="1" fileid="18" />
            </Method>
            <Method visited="false" cyclomaticComplexity="8" nPathComplexity="32" sequenceCoverage="0" branchCoverage="0" isConstructor="false" isStatic="true" isGetter="false" isSetter="false">
              <Summary numSequencePoints="10" visitedSequencePoints="0" numBranchPoints="11" visitedBranchPoints="0" sequenceCoverage="0" branchCoverage="0" maxCyclomaticComplexity="8" minCyclomaticComplexity="8" visitedClasses="0" numClasses="0" visitedMethods="0" numMethods="1" />
              <MetadataToken>100663749</MetadataToken>
              <Name>System.String IBM.Watson.DeveloperCloud.Utilities.Utility::RemoveTags(System.String,System.Char,System.Char)</Name>
              <FileRef uid="18" />
              <SequencePoints>
                <SequencePoint vc="0" uspid="737" ordinal="0" offset="0" sl="113" sc="7" el="113" ec="36" bec="2" bev="0" fileid="18" />
                <SequencePoint vc="0" uspid="738" ordinal="1" offset="8" sl="115" sc="9" el="115" ec="48" bec="0" bev="0" fileid="18" />
                <SequencePoint vc="0" uspid="739" ordinal="2" offset="18" sl="118" sc="11" el="118" ec="56" bec="0" bev="0" fileid="18" />
                <SequencePoint vc="0" uspid="740" ordinal="3" offset="27" sl="119" sc="11" el="119" ec="26" bec="2" bev="0" fileid="18" />
                <SequencePoint vc="0" uspid="741" ordinal="4" offset="31" sl="122" sc="11" el="122" ec="79" bec="2" bev="0" fileid="18" />
                <SequencePoint vc="0" uspid="742" ordinal="5" offset="50" sl="123" sc="11" el="123" ec="84" bec="2" bev="0" fileid="18" />
                <SequencePoint vc="0" uspid="743" ordinal="6" offset="76" sl="124" sc="11" el="124" ec="26" bec="0" bev="0" fileid="18" />
                <SequencePoint vc="0" uspid="744" ordinal="7" offset="84" sl="126" sc="11" el="126" ec="46" bec="0" bev="0" fileid="18" />
                <SequencePoint vc="0" uspid="745" ordinal="8" offset="92" sl="116" sc="9" el="116" ec="30" bec="2" bev="0" fileid="18" />
                <SequencePoint vc="0" uspid="746" ordinal="9" offset="96" sl="130" sc="7" el="130" ec="16" bec="0" bev="0" fileid="18" />
              </SequencePoints>
              <BranchPoints>
                <BranchPoint vc="0" uspid="747" ordinal="0" offset="6" sl="113" path="0" offsetend="8" fileid="18" />
                <BranchPoint vc="0" uspid="748" ordinal="1" offset="6" sl="113" path="1" offsetend="96" fileid="18" />
                <BranchPoint vc="0" uspid="749" ordinal="2" offset="29" sl="119" path="0" offsetend="31" fileid="18" />
                <BranchPoint vc="0" uspid="750" ordinal="3" offset="29" sl="119" path="1" offsetend="96" fileid="18" />
                <BranchPoint vc="0" uspid="751" ordinal="4" offset="33" sl="122" path="0" offsetend="35" fileid="18" />
                <BranchPoint vc="0" uspid="752" ordinal="5" offset="33" sl="122" path="1" offsetend="42" fileid="18" />
                <BranchPoint vc="0" uspid="753" ordinal="6" offset="57" sl="123" path="0" offsetend="59" fileid="18" />
                <BranchPoint vc="0" uspid="754" ordinal="7" offset="57" sl="123" path="1" offsetend="66" fileid="18" />
                <BranchPoint vc="0" uspid="755" ordinal="8" offset="94" sl="116" path="0" offsetend="96" fileid="18" />
                <BranchPoint vc="0" uspid="756" ordinal="9" offset="94" sl="116" path="1" offsetend="18" fileid="18" />
              </BranchPoints>
              <MethodPoint xsi:type="SequencePoint" vc="0" uspid="737" ordinal="0" offset="0" sl="113" sc="7" el="113" ec="36" bec="2" bev="0" fileid="18" />
            </Method>
            <Method visited="false" cyclomaticComplexity="2" nPathComplexity="2" sequenceCoverage="0" branchCoverage="0" isConstructor="false" isStatic="true" isGetter="false" isSetter="false">
              <Summary numSequencePoints="1" visitedSequencePoints="0" numBranchPoints="3" visitedBranchPoints="0" sequenceCoverage="0" branchCoverage="0" maxCyclomaticComplexity="2" minCyclomaticComplexity="2" visitedClasses="0" numClasses="0" visitedMethods="0" numMethods="1" />
              <MetadataToken>100663750</MetadataToken>
              <Name>System.String IBM.Watson.DeveloperCloud.Utilities.Utility::GetOnOffString(System.Boolean)</Name>
              <FileRef uid="18" />
              <SequencePoints>
                <SequencePoint vc="0" uspid="757" ordinal="0" offset="0" sl="140" sc="7" el="140" ec="31" bec="2" bev="0" fileid="18" />
              </SequencePoints>
              <BranchPoints>
                <BranchPoint vc="0" uspid="758" ordinal="0" offset="1" sl="140" path="0" offsetend="3" fileid="18" />
                <BranchPoint vc="0" uspid="759" ordinal="1" offset="1" sl="140" path="1" offsetend="9" fileid="18" />
              </BranchPoints>
              <MethodPoint xsi:type="SequencePoint" vc="0" uspid="757" ordinal="0" offset="0" sl="140" sc="7" el="140" ec="31" bec="2" bev="0" fileid="18" />
            </Method>
            <Method visited="false" cyclomaticComplexity="2" nPathComplexity="2" sequenceCoverage="0" branchCoverage="0" isConstructor="false" isStatic="true" isGetter="false" isSetter="false">
              <Summary numSequencePoints="5" visitedSequencePoints="0" numBranchPoints="3" visitedBranchPoints="0" sequenceCoverage="0" branchCoverage="0" maxCyclomaticComplexity="2" minCyclomaticComplexity="2" visitedClasses="0" numClasses="0" visitedMethods="0" numMethods="1" />
              <MetadataToken>100663751</MetadataToken>
              <Name>System.String IBM.Watson.DeveloperCloud.Utilities.Utility::StripString(System.String)</Name>
              <FileRef uid="18" />
              <SequencePoints>
                <SequencePoint vc="0" uspid="760" ordinal="0" offset="0" sl="150" sc="7" el="150" ec="55" bec="0" bev="0" fileid="18" />
                <SequencePoint vc="0" uspid="761" ordinal="1" offset="23" sl="151" sc="7" el="151" ec="79" bec="0" bev="0" fileid="18" />
                <SequencePoint vc="0" uspid="762" ordinal="2" offset="32" sl="152" sc="7" el="152" ec="32" bec="2" bev="0" fileid="18" />
                <SequencePoint vc="0" uspid="763" ordinal="3" offset="38" sl="154" sc="9" el="154" ec="29" bec="0" bev="0" fileid="18" />
                <SequencePoint vc="0" uspid="764" ordinal="4" offset="42" sl="158" sc="9" el="158" ec="18" bec="0" bev="0" fileid="18" />
              </SequencePoints>
              <BranchPoints>
                <BranchPoint vc="0" uspid="765" ordinal="0" offset="36" sl="152" path="0" offsetend="38" fileid="18" />
                <BranchPoint vc="0" uspid="766" ordinal="1" offset="36" sl="152" path="1" offsetend="42" fileid="18" />
              </BranchPoints>
              <MethodPoint xsi:type="SequencePoint" vc="0" uspid="760" ordinal="0" offset="0" sl="150" sc="7" el="150" ec="55" bec="0" bev="0" fileid="18" />
            </Method>
            <Method visited="false" cyclomaticComplexity="1" nPathComplexity="0" sequenceCoverage="0" branchCoverage="0" isConstructor="false" isStatic="true" isGetter="false" isSetter="false">
              <Summary numSequencePoints="2" visitedSequencePoints="0" numBranchPoints="1" visitedBranchPoints="0" sequenceCoverage="0" branchCoverage="0" maxCyclomaticComplexity="1" minCyclomaticComplexity="1" visitedClasses="0" numClasses="0" visitedMethods="0" numMethods="1" />
              <MetadataToken>100663752</MetadataToken>
              <Name>System.Double IBM.Watson.DeveloperCloud.Utilities.Utility::GetEpochUTCMilliseconds()</Name>
              <FileRef uid="18" />
              <SequencePoints>
                <SequencePoint vc="0" uspid="767" ordinal="0" offset="0" sl="169" sc="7" el="169" ec="76" bec="0" bev="0" fileid="18" />
                <SequencePoint vc="0" uspid="768" ordinal="1" offset="18" sl="170" sc="7" el="170" ec="58" bec="0" bev="0" fileid="18" />
              </SequencePoints>
              <BranchPoints />
              <MethodPoint xsi:type="SequencePoint" vc="0" uspid="767" ordinal="0" offset="0" sl="169" sc="7" el="169" ec="76" bec="0" bev="0" fileid="18" />
            </Method>
            <Method visited="false" cyclomaticComplexity="1" nPathComplexity="0" sequenceCoverage="0" branchCoverage="0" isConstructor="false" isStatic="true" isGetter="false" isSetter="false">
              <Summary numSequencePoints="2" visitedSequencePoints="0" numBranchPoints="1" visitedBranchPoints="0" sequenceCoverage="0" branchCoverage="0" maxCyclomaticComplexity="1" minCyclomaticComplexity="1" visitedClasses="0" numClasses="0" visitedMethods="0" numMethods="1" />
              <MetadataToken>100663753</MetadataToken>
              <Name>System.Double IBM.Watson.DeveloperCloud.Utilities.Utility::GetEpochUTCSeconds()</Name>
              <FileRef uid="18" />
              <SequencePoints>
                <SequencePoint vc="0" uspid="769" ordinal="0" offset="0" sl="179" sc="7" el="179" ec="76" bec="0" bev="0" fileid="18" />
                <SequencePoint vc="0" uspid="770" ordinal="1" offset="18" sl="180" sc="7" el="180" ec="53" bec="0" bev="0" fileid="18" />
              </SequencePoints>
              <BranchPoints />
              <MethodPoint xsi:type="SequencePoint" vc="0" uspid="769" ordinal="0" offset="0" sl="179" sc="7" el="179" ec="76" bec="0" bev="0" fileid="18" />
            </Method>
            <Method visited="false" cyclomaticComplexity="1" nPathComplexity="0" sequenceCoverage="0" branchCoverage="0" isConstructor="false" isStatic="true" isGetter="false" isSetter="false">
              <Summary numSequencePoints="8" visitedSequencePoints="0" numBranchPoints="1" visitedBranchPoints="0" sequenceCoverage="0" branchCoverage="0" maxCyclomaticComplexity="1" minCyclomaticComplexity="1" visitedClasses="0" numClasses="0" visitedMethods="0" numMethods="1" />
              <MetadataToken>100663754</MetadataToken>
              <Name>System.DateTime IBM.Watson.DeveloperCloud.Utilities.Utility::GetLocalDateTimeFromEpoch(System.Double)</Name>
              <FileRef uid="18" />
              <SequencePoints>
                <SequencePoint vc="0" uspid="771" ordinal="0" offset="0" sl="191" sc="7" el="191" ec="89" bec="0" bev="0" fileid="18" />
                <SequencePoint vc="0" uspid="772" ordinal="1" offset="19" sl="194" sc="9" el="194" ec="65" bec="0" bev="0" fileid="18" />
                <SequencePoint vc="0" uspid="773" ordinal="2" offset="36" sl="195" sc="7" el="195" ec="8" bec="0" bev="0" fileid="18" />
                <SequencePoint vc="0" uspid="774" ordinal="3" offset="38" sl="196" sc="7" el="196" ec="45" bec="0" bev="0" fileid="18" />
                <SequencePoint vc="0" uspid="775" ordinal="4" offset="39" sl="198" sc="9" el="198" ec="115" bec="0" bev="0" fileid="18" />
                <SequencePoint vc="0" uspid="776" ordinal="5" offset="78" sl="199" sc="9" el="199" ec="70" bec="0" bev="0" fileid="18" />
                <SequencePoint vc="0" uspid="777" ordinal="6" offset="95" sl="200" sc="7" el="200" ec="8" bec="0" bev="0" fileid="18" />
                <SequencePoint vc="0" uspid="778" ordinal="7" offset="97" sl="202" sc="7" el="202" ec="23" bec="0" bev="0" fileid="18" />
              </SequencePoints>
              <BranchPoints />
              <MethodPoint xsi:type="SequencePoint" vc="0" uspid="771" ordinal="0" offset="0" sl="191" sc="7" el="191" ec="89" bec="0" bev="0" fileid="18" />
            </Method>
            <Method visited="false" cyclomaticComplexity="4" nPathComplexity="8" sequenceCoverage="0" branchCoverage="0" isConstructor="false" isStatic="true" isGetter="false" isSetter="false">
              <Summary numSequencePoints="11" visitedSequencePoints="0" numBranchPoints="7" visitedBranchPoints="0" sequenceCoverage="0" branchCoverage="0" maxCyclomaticComplexity="4" minCyclomaticComplexity="4" visitedClasses="0" numClasses="0" visitedMethods="0" numMethods="1" />
              <MetadataToken>100663756</MetadataToken>
              <Name>System.Void IBM.Watson.DeveloperCloud.Utilities.Utility::SaveToCache(System.Collections.Generic.Dictionary`2&lt;System.String,IBM.Watson.DeveloperCloud.Utilities.DataCache&gt;,System.String,System.String,T,System.String,System.Int64,System.Double)</Name>
              <FileRef uid="18" />
              <SequencePoints>
                <SequencePoint vc="0" uspid="779" ordinal="0" offset="0" sl="247" sc="7" el="247" ec="33" bec="2" bev="0" fileid="18" />
                <SequencePoint vc="0" uspid="780" ordinal="1" offset="8" sl="249" sc="9" el="249" ec="32" bec="0" bev="0" fileid="18" />
                <SequencePoint vc="0" uspid="781" ordinal="2" offset="10" sl="251" sc="9" el="251" ec="71" bec="2" bev="0" fileid="18" />
                <SequencePoint vc="0" uspid="782" ordinal="3" offset="21" sl="253" sc="11" el="253" ec="118" bec="0" bev="0" fileid="18" />
                <SequencePoint vc="0" uspid="783" ordinal="4" offset="46" sl="254" sc="11" el="254" ec="53" bec="0" bev="0" fileid="18" />
                <SequencePoint vc="0" uspid="784" ordinal="5" offset="54" sl="257" sc="9" el="257" ec="28" bec="0" bev="0" fileid="18" />
                <SequencePoint vc="0" uspid="785" ordinal="6" offset="56" sl="258" sc="9" el="258" ec="99" bec="0" bev="0" fileid="18" />
                <SequencePoint vc="0" uspid="786" ordinal="7" offset="86" sl="259" sc="9" el="259" ec="26" bec="2" bev="0" fileid="18" />
                <SequencePoint vc="0" uspid="787" ordinal="8" offset="95" sl="260" sc="11" el="260" ec="58" bec="0" bev="0" fileid="18" />
                <SequencePoint vc="0" uspid="788" ordinal="9" offset="108" sl="262" sc="9" el="262" ec="85" bec="0" bev="0" fileid="18" />
                <SequencePoint vc="0" uspid="789" ordinal="10" offset="131" sl="264" sc="5" el="264" ec="6" bec="0" bev="0" fileid="18" />
              </SequencePoints>
              <BranchPoints>
                <BranchPoint vc="0" uspid="790" ordinal="0" offset="6" sl="247" path="0" offsetend="8" fileid="18" />
                <BranchPoint vc="0" uspid="791" ordinal="1" offset="6" sl="247" path="1" offsetend="131" fileid="18" />
                <BranchPoint vc="0" uspid="792" ordinal="2" offset="19" sl="251" path="0" offsetend="21" fileid="18" />
                <BranchPoint vc="0" uspid="793" ordinal="3" offset="19" sl="251" path="1" offsetend="54" fileid="18" />
                <BranchPoint vc="0" uspid="794" ordinal="4" offset="93" sl="259" path="0" offsetend="95" fileid="18" />
                <BranchPoint vc="0" uspid="795" ordinal="5" offset="93" sl="259" path="1" offsetend="108" fileid="18" />
              </BranchPoints>
              <MethodPoint xsi:type="SequencePoint" vc="0" uspid="779" ordinal="0" offset="0" sl="247" sc="7" el="247" ec="33" bec="2" bev="0" fileid="18" />
            </Method>
            <Method visited="false" cyclomaticComplexity="3" nPathComplexity="4" sequenceCoverage="0" branchCoverage="0" isConstructor="false" isStatic="true" isGetter="false" isSetter="false">
              <Summary numSequencePoints="11" visitedSequencePoints="0" numBranchPoints="5" visitedBranchPoints="0" sequenceCoverage="0" branchCoverage="0" maxCyclomaticComplexity="3" minCyclomaticComplexity="3" visitedClasses="0" numClasses="0" visitedMethods="0" numMethods="1" />
              <MetadataToken>100663757</MetadataToken>
              <Name>T IBM.Watson.DeveloperCloud.Utilities.Utility::GetFromCache(System.Collections.Generic.Dictionary`2&lt;System.String,IBM.Watson.DeveloperCloud.Utilities.DataCache&gt;,System.String,System.String,System.String)</Name>
              <FileRef uid="18" />
              <SequencePoints>
                <SequencePoint vc="0" uspid="796" ordinal="0" offset="0" sl="277" sc="7" el="277" ec="29" bec="0" bev="0" fileid="18" />
                <SequencePoint vc="0" uspid="797" ordinal="1" offset="8" sl="279" sc="7" el="279" ec="30" bec="0" bev="0" fileid="18" />
                <SequencePoint vc="0" uspid="798" ordinal="2" offset="10" sl="280" sc="7" el="280" ec="69" bec="2" bev="0" fileid="18" />
                <SequencePoint vc="0" uspid="799" ordinal="3" offset="21" sl="282" sc="9" el="282" ec="58" bec="0" bev="0" fileid="18" />
                <SequencePoint vc="0" uspid="800" ordinal="4" offset="49" sl="283" sc="9" el="283" ec="51" bec="0" bev="0" fileid="18" />
                <SequencePoint vc="0" uspid="801" ordinal="5" offset="57" sl="286" sc="7" el="286" ec="43" bec="0" bev="0" fileid="18" />
                <SequencePoint vc="0" uspid="802" ordinal="6" offset="65" sl="287" sc="7" el="287" ec="26" bec="2" bev="0" fileid="18" />
                <SequencePoint vc="0" uspid="803" ordinal="7" offset="68" sl="289" sc="9" el="289" ec="55" bec="0" bev="0" fileid="18" />
                <SequencePoint vc="0" uspid="804" ordinal="8" offset="76" sl="290" sc="9" el="290" ec="34" bec="0" bev="0" fileid="18" />
                <SequencePoint vc="0" uspid="805" ordinal="9" offset="83" sl="292" sc="11" el="292" ec="31" bec="0" bev="0" fileid="18" />
                <SequencePoint vc="0" uspid="806" ordinal="10" offset="85" sl="296" sc="7" el="296" ec="27" bec="0" bev="0" fileid="18" />
              </SequencePoints>
              <BranchPoints>
                <BranchPoint vc="0" uspid="807" ordinal="0" offset="19" sl="280" path="0" offsetend="21" fileid="18" />
                <BranchPoint vc="0" uspid="808" ordinal="1" offset="19" sl="280" path="1" offsetend="57" fileid="18" />
                <BranchPoint vc="0" uspid="809" ordinal="2" offset="66" sl="287" path="0" offsetend="68" fileid="18" />
                <BranchPoint vc="0" uspid="810" ordinal="3" offset="66" sl="287" path="1" offsetend="85" fileid="18" />
              </BranchPoints>
              <MethodPoint xsi:type="SequencePoint" vc="0" uspid="796" ordinal="0" offset="0" sl="277" sc="7" el="277" ec="29" bec="0" bev="0" fileid="18" />
            </Method>
            <Method visited="false" cyclomaticComplexity="1" nPathComplexity="0" sequenceCoverage="0" branchCoverage="0" isConstructor="false" isStatic="true" isGetter="false" isSetter="false">
              <Summary numSequencePoints="1" visitedSequencePoints="0" numBranchPoints="1" visitedBranchPoints="0" sequenceCoverage="0" branchCoverage="0" maxCyclomaticComplexity="1" minCyclomaticComplexity="1" visitedClasses="0" numClasses="0" visitedMethods="0" numMethods="1" />
              <MetadataToken>100663758</MetadataToken>
              <Name>T IBM.Watson.DeveloperCloud.Utilities.Utility::DeserializeResponse(System.Byte[],System.Object)</Name>
              <FileRef uid="18" />
              <SequencePoints>
                <SequencePoint vc="0" uspid="811" ordinal="0" offset="0" sl="312" sc="7" el="312" ec="73" bec="0" bev="0" fileid="18" />
              </SequencePoints>
              <BranchPoints />
              <MethodPoint xsi:type="SequencePoint" vc="0" uspid="811" ordinal="0" offset="0" sl="312" sc="7" el="312" ec="73" bec="0" bev="0" fileid="18" />
            </Method>
            <Method visited="false" cyclomaticComplexity="4" nPathComplexity="8" sequenceCoverage="0" branchCoverage="0" isConstructor="false" isStatic="true" isGetter="false" isSetter="false">
              <Summary numSequencePoints="15" visitedSequencePoints="0" numBranchPoints="7" visitedBranchPoints="0" sequenceCoverage="0" branchCoverage="0" maxCyclomaticComplexity="4" minCyclomaticComplexity="4" visitedClasses="0" numClasses="0" visitedMethods="0" numMethods="1" />
              <MetadataToken>100663759</MetadataToken>
              <Name>T IBM.Watson.DeveloperCloud.Utilities.Utility::DeserializeResponse(System.String,System.Object)</Name>
              <FileRef uid="18" />
              <SequencePoints>
                <SequencePoint vc="0" uspid="812" ordinal="0" offset="0" sl="326" sc="9" el="326" ec="28" bec="0" bev="0" fileid="18" />
                <SequencePoint vc="0" uspid="813" ordinal="1" offset="2" sl="327" sc="9" el="327" ec="57" bec="0" bev="0" fileid="18" />
                <SequencePoint vc="0" uspid="814" ordinal="2" offset="11" sl="328" sc="9" el="328" ec="26" bec="2" bev="0" fileid="18" />
                <SequencePoint vc="0" uspid="815" ordinal="3" offset="20" sl="329" sc="11" el="329" ec="58" bec="0" bev="0" fileid="18" />
                <SequencePoint vc="0" uspid="816" ordinal="4" offset="33" sl="331" sc="9" el="331" ec="25" bec="2" bev="0" fileid="18" />
                <SequencePoint vc="0" uspid="817" ordinal="5" offset="36" sl="332" sc="11" el="332" ec="25" bec="0" bev="0" fileid="18" />
                <SequencePoint vc="0" uspid="818" ordinal="6" offset="48" sl="334" sc="9" el="334" ec="72" bec="0" bev="0" fileid="18" />
                <SequencePoint vc="0" uspid="819" ordinal="7" offset="68" sl="335" sc="9" el="335" ec="26" bec="2" bev="0" fileid="18" />
                <SequencePoint vc="0" uspid="820" ordinal="8" offset="77" sl="336" sc="11" el="336" ec="58" bec="0" bev="0" fileid="18" />
                <SequencePoint vc="0" uspid="821" ordinal="9" offset="90" sl="338" sc="9" el="338" ec="23" bec="0" bev="0" fileid="18" />
                <SequencePoint vc="0" uspid="822" ordinal="10" offset="99" sl="340" sc="7" el="340" ec="26" bec="0" bev="0" fileid="18" />
                <SequencePoint vc="0" uspid="823" ordinal="11" offset="100" sl="342" sc="9" el="342" ec="82" bec="0" bev="0" fileid="18" />
                <SequencePoint vc="0" uspid="824" ordinal="12" offset="130" sl="343" sc="7" el="343" ec="8" bec="0" bev="0" fileid="18" />
                <SequencePoint vc="0" uspid="825" ordinal="13" offset="132" sl="345" sc="7" el="345" ec="19" bec="0" bev="0" fileid="18" />
                <SequencePoint vc="0" uspid="826" ordinal="14" offset="143" sl="346" sc="5" el="346" ec="6" bec="0" bev="0" fileid="18" />
              </SequencePoints>
              <BranchPoints>
                <BranchPoint vc="0" uspid="827" ordinal="0" offset="18" sl="328" path="0" offsetend="20" fileid="18" />
                <BranchPoint vc="0" uspid="828" ordinal="1" offset="18" sl="328" path="1" offsetend="33" fileid="18" />
                <BranchPoint vc="0" uspid="829" ordinal="2" offset="34" sl="331" path="0" offsetend="36" fileid="18" />
                <BranchPoint vc="0" uspid="830" ordinal="3" offset="34" sl="331" path="1" offsetend="48" fileid="18" />
                <BranchPoint vc="0" uspid="831" ordinal="4" offset="75" sl="335" path="0" offsetend="77" fileid="18" />
                <BranchPoint vc="0" uspid="832" ordinal="5" offset="75" sl="335" path="1" offsetend="90" fileid="18" />
              </BranchPoints>
              <MethodPoint xsi:type="SequencePoint" vc="0" uspid="812" ordinal="0" offset="0" sl="326" sc="9" el="326" ec="28" bec="0" bev="0" fileid="18" />
            </Method>
            <Method visited="false" cyclomaticComplexity="1" nPathComplexity="0" sequenceCoverage="0" branchCoverage="0" isConstructor="false" isStatic="true" isGetter="false" isSetter="false">
              <Summary numSequencePoints="4" visitedSequencePoints="0" numBranchPoints="1" visitedBranchPoints="0" sequenceCoverage="0" branchCoverage="0" maxCyclomaticComplexity="1" minCyclomaticComplexity="1" visitedClasses="0" numClasses="0" visitedMethods="0" numMethods="1" />
              <MetadataToken>100663760</MetadataToken>
              <Name>System.Boolean IBM.Watson.DeveloperCloud.Utilities.Utility::IsLocalFile(System.String)</Name>
              <FileRef uid="18" />
              <SequencePoints>
                <SequencePoint vc="0" uspid="833" ordinal="0" offset="0" sl="359" sc="9" el="359" ec="34" bec="0" bev="0" fileid="18" />
                <SequencePoint vc="0" uspid="834" ordinal="1" offset="14" sl="361" sc="7" el="361" ec="12" bec="0" bev="0" fileid="18" />
                <SequencePoint vc="0" uspid="835" ordinal="2" offset="15" sl="363" sc="9" el="363" ec="22" bec="0" bev="0" fileid="18" />
                <SequencePoint vc="0" uspid="836" ordinal="3" offset="19" sl="365" sc="5" el="365" ec="6" bec="0" bev="0" fileid="18" />
              </SequencePoints>
              <BranchPoints />
              <MethodPoint xsi:type="SequencePoint" vc="0" uspid="833" ordinal="0" offset="0" sl="359" sc="9" el="359" ec="34" bec="0" bev="0" fileid="18" />
            </Method>
            <Method visited="false" cyclomaticComplexity="2" nPathComplexity="0" sequenceCoverage="0" branchCoverage="0" isConstructor="false" isStatic="true" isGetter="false" isSetter="false">
              <Summary numSequencePoints="1" visitedSequencePoints="0" numBranchPoints="1" visitedBranchPoints="0" sequenceCoverage="0" branchCoverage="0" maxCyclomaticComplexity="2" minCyclomaticComplexity="2" visitedClasses="0" numClasses="0" visitedMethods="0" numMethods="1" />
              <MetadataToken>100663761</MetadataToken>
              <Name>System.Boolean IBM.Watson.DeveloperCloud.Utilities.Utility::FilePathHasInvalidChars(System.String)</Name>
              <FileRef uid="18" />
              <SequencePoints>
                <SequencePoint vc="0" uspid="837" ordinal="0" offset="0" sl="371" sc="7" el="371" ec="106" bec="0" bev="0" fileid="18" />
              </SequencePoints>
              <BranchPoints />
              <MethodPoint xsi:type="SequencePoint" vc="0" uspid="837" ordinal="0" offset="0" sl="371" sc="7" el="371" ec="106" bec="0" bev="0" fileid="18" />
            </Method>
            <Method visited="false" cyclomaticComplexity="3" nPathComplexity="4" sequenceCoverage="0" branchCoverage="0" isConstructor="false" isStatic="true" isGetter="false" isSetter="false">
              <Summary numSequencePoints="8" visitedSequencePoints="0" numBranchPoints="5" visitedBranchPoints="0" sequenceCoverage="0" branchCoverage="0" maxCyclomaticComplexity="3" minCyclomaticComplexity="3" visitedClasses="0" numClasses="0" visitedMethods="0" numMethods="1" />
              <MetadataToken>100663762</MetadataToken>
              <Name>IBM.Watson.DeveloperCloud.Utilities.Utility/SourceType IBM.Watson.DeveloperCloud.Utilities.Utility::GetSourceType(System.String)</Name>
              <FileRef uid="18" />
              <SequencePoints>
                <SequencePoint vc="0" uspid="840" ordinal="0" offset="0" sl="378" sc="7" el="378" ec="73" bec="3" bev="0" fileid="18" />
                <SequencePoint vc="0" uspid="841" ordinal="1" offset="26" sl="380" sc="9" el="380" ec="87" bec="0" bev="0" fileid="18" />
                <SequencePoint vc="0" uspid="842" ordinal="2" offset="60" sl="381" sc="9" el="381" ec="31" bec="0" bev="0" fileid="18" />
                <SequencePoint vc="0" uspid="843" ordinal="3" offset="63" sl="387" sc="11" el="387" ec="54" bec="0" bev="0" fileid="18" />
                <SequencePoint vc="0" uspid="844" ordinal="4" offset="70" sl="388" sc="11" el="388" ec="34" bec="0" bev="0" fileid="18" />
                <SequencePoint vc="0" uspid="845" ordinal="5" offset="74" sl="390" sc="9" el="390" ec="14" bec="0" bev="0" fileid="18" />
                <SequencePoint vc="0" uspid="846" ordinal="6" offset="75" sl="392" sc="11" el="392" ec="34" bec="0" bev="0" fileid="18" />
                <SequencePoint vc="0" uspid="847" ordinal="7" offset="79" sl="395" sc="5" el="395" ec="6" bec="0" bev="0" fileid="18" />
              </SequencePoints>
              <BranchPoints>
                <BranchPoint vc="0" uspid="848" ordinal="0" offset="11" sl="378" path="0" offsetend="13" fileid="18" />
                <BranchPoint vc="0" uspid="849" ordinal="1" offset="11" sl="378" path="1" offsetend="26" fileid="18" />
                <BranchPoint vc="0" uspid="850" ordinal="2" offset="24" sl="378" path="0" offsetend="26" fileid="18" />
                <BranchPoint vc="0" uspid="851" ordinal="3" offset="24" sl="378" path="1" offsetend="62" fileid="18" />
              </BranchPoints>
              <MethodPoint xsi:type="SequencePoint" vc="0" uspid="840" ordinal="0" offset="0" sl="378" sc="7" el="378" ec="73" bec="3" bev="0" fileid="18" />
            </Method>
            <Method visited="true" cyclomaticComplexity="2" nPathComplexity="2" sequenceCoverage="100" branchCoverage="100" isConstructor="false" isStatic="true" isGetter="false" isSetter="false">
              <Summary numSequencePoints="9" visitedSequencePoints="9" numBranchPoints="3" visitedBranchPoints="3" sequenceCoverage="100" branchCoverage="100" maxCyclomaticComplexity="2" minCyclomaticComplexity="2" visitedClasses="0" numClasses="0" visitedMethods="1" numMethods="1" />
              <MetadataToken>100663763</MetadataToken>
              <Name>System.Single[] IBM.Watson.DeveloperCloud.Utilities.Utility::Convert16BitToFloat(System.Byte[])</Name>
              <FileRef uid="18" />
              <SequencePoints>
                <SequencePoint vc="1" uspid="852" ordinal="0" offset="0" sl="499" sc="7" el="499" ec="43" bec="0" bev="0" fileid="18" />
                <SequencePoint vc="1" uspid="853" ordinal="1" offset="6" sl="500" sc="7" el="500" ec="48" bec="0" bev="0" fileid="18" />
                <SequencePoint vc="1" uspid="854" ordinal="2" offset="13" sl="501" sc="7" el="501" ec="27" bec="0" bev="0" fileid="18" />
                <SequencePoint vc="1" uspid="855" ordinal="3" offset="15" sl="502" sc="12" el="502" ec="21" bec="0" bev="0" fileid="18" />
                <SequencePoint vc="264600" uspid="856" ordinal="4" offset="19" sl="504" sc="9" el="504" ec="59" bec="0" bev="0" fileid="18" />
                <SequencePoint vc="264600" uspid="857" ordinal="5" offset="30" sl="505" sc="9" el="505" ec="49" bec="0" bev="0" fileid="18" />
                <SequencePoint vc="264600" uspid="858" ordinal="6" offset="46" sl="502" sc="41" el="502" ec="44" bec="0" bev="0" fileid="18" />
                <SequencePoint vc="264601" uspid="859" ordinal="7" offset="50" sl="502" sc="23" el="502" ec="39" bec="2" bev="2" fileid="18" />
                <SequencePoint vc="1" uspid="860" ordinal="8" offset="54" sl="507" sc="7" el="507" ec="21" bec="0" bev="0" fileid="18" />
              </SequencePoints>
              <BranchPoints>
                <BranchPoint vc="1" uspid="861" ordinal="0" offset="52" sl="502" path="0" offsetend="54" fileid="18" />
                <BranchPoint vc="264600" uspid="862" ordinal="1" offset="52" sl="502" path="1" offsetend="19" fileid="18" />
              </BranchPoints>
              <MethodPoint xsi:type="SequencePoint" vc="1" uspid="852" ordinal="0" offset="0" sl="499" sc="7" el="499" ec="43" bec="0" bev="0" fileid="18" />
            </Method>
            <Method visited="true" cyclomaticComplexity="2" nPathComplexity="0" sequenceCoverage="75" branchCoverage="100" isConstructor="false" isStatic="true" isGetter="false" isSetter="false">
              <Summary numSequencePoints="12" visitedSequencePoints="9" numBranchPoints="1" visitedBranchPoints="1" sequenceCoverage="75" branchCoverage="100" maxCyclomaticComplexity="2" minCyclomaticComplexity="2" visitedClasses="0" numClasses="0" visitedMethods="1" numMethods="1" />
              <MetadataToken>100663764</MetadataToken>
              <Name>IBM.Watson.DeveloperCloud.Utilities.AudioClip IBM.Watson.DeveloperCloud.Utilities.Utility::ReadWaveFile(System.String)</Name>
              <FileRef uid="18" />
              <SequencePoints>
                <SequencePoint vc="1" uspid="863" ordinal="0" offset="0" sl="514" sc="7" el="514" ec="29" bec="0" bev="0" fileid="18" />
                <SequencePoint vc="1" uspid="864" ordinal="1" offset="2" sl="518" sc="16" el="518" ec="72" bec="0" bev="0" fileid="18" />
                <SequencePoint vc="1" uspid="865" ordinal="2" offset="9" sl="520" sc="11" el="520" ec="55" bec="0" bev="0" fileid="18" />
                <SequencePoint vc="1" uspid="866" ordinal="3" offset="22" sl="521" sc="11" el="521" ec="62" bec="0" bev="0" fileid="18" />
                <SequencePoint vc="1" uspid="867" ordinal="4" offset="38" sl="523" sc="11" el="523" ec="150" bec="0" bev="0" fileid="18" />
                <SequencePoint vc="1" uspid="868" ordinal="5" offset="79" sl="524" sc="11" el="524" ec="56" bec="0" bev="0" fileid="18" />
                <SequencePoint vc="1" uspid="869" ordinal="6" offset="92" sl="525" sc="9" el="525" ec="10" bec="0" bev="0" fileid="18" />
                <SequencePoint vc="1" uspid="870" ordinal="7" offset="104" sl="526" sc="7" el="526" ec="8" bec="0" bev="0" fileid="18" />
                <SequencePoint vc="0" uspid="871" ordinal="8" offset="106" sl="527" sc="7" el="527" ec="25" bec="0" bev="0" fileid="18" />
                <SequencePoint vc="0" uspid="872" ordinal="9" offset="107" sl="529" sc="9" el="529" ec="61" bec="0" bev="0" fileid="18" />
                <SequencePoint vc="0" uspid="873" ordinal="10" offset="129" sl="530" sc="7" el="530" ec="8" bec="0" bev="0" fileid="18" />
                <SequencePoint vc="1" uspid="874" ordinal="11" offset="131" sl="532" sc="7" el="532" ec="19" bec="0" bev="0" fileid="18" />
              </SequencePoints>
              <BranchPoints />
              <MethodPoint xsi:type="SequencePoint" vc="1" uspid="863" ordinal="0" offset="0" sl="514" sc="7" el="514" ec="29" bec="0" bev="0" fileid="18" />
            </Method>
            <Method visited="true" cyclomaticComplexity="1" nPathComplexity="0" sequenceCoverage="100" branchCoverage="100" isConstructor="true" isStatic="true" isGetter="false" isSetter="false">
              <Summary numSequencePoints="2" visitedSequencePoints="2" numBranchPoints="1" visitedBranchPoints="1" sequenceCoverage="100" branchCoverage="100" maxCyclomaticComplexity="1" minCyclomaticComplexity="1" visitedClasses="0" numClasses="0" visitedMethods="1" numMethods="1" />
              <MetadataToken>100663765</MetadataToken>
              <Name>System.Void IBM.Watson.DeveloperCloud.Utilities.Utility::.cctor()</Name>
              <FileRef uid="18" />
              <SequencePoints>
                <SequencePoint vc="1" uspid="875" ordinal="0" offset="0" sl="38" sc="5" el="38" ec="68" bec="0" bev="0" fileid="18" />
                <SequencePoint vc="1" uspid="876" ordinal="1" offset="10" sl="39" sc="5" el="39" ec="48" bec="0" bev="0" fileid="18" />
              </SequencePoints>
              <BranchPoints />
              <MethodPoint xsi:type="SequencePoint" vc="1" uspid="875" ordinal="0" offset="0" sl="38" sc="5" el="38" ec="68" bec="0" bev="0" fileid="18" />
            </Method>
          </Methods>
        </Class>
        <Class>
          <Summary numSequencePoints="64" visitedSequencePoints="34" numBranchPoints="33" visitedBranchPoints="19" sequenceCoverage="53.12" branchCoverage="57.58" maxCyclomaticComplexity="5" minCyclomaticComplexity="1" visitedClasses="1" numClasses="1" visitedMethods="17" numMethods="21" />
          <FullName>IBM.Watson.DeveloperCloud.Utilities.Utility/ClassifierData</FullName>
          <Methods>
            <Method visited="false" cyclomaticComplexity="1" nPathComplexity="0" sequenceCoverage="0" branchCoverage="0" isConstructor="false" isStatic="false" isGetter="true" isSetter="false">
              <Summary numSequencePoints="1" visitedSequencePoints="0" numBranchPoints="1" visitedBranchPoints="0" sequenceCoverage="0" branchCoverage="0" maxCyclomaticComplexity="1" minCyclomaticComplexity="1" visitedClasses="0" numClasses="0" visitedMethods="0" numMethods="1" />
              <MetadataToken>100666054</MetadataToken>
              <Name>System.String IBM.Watson.DeveloperCloud.Utilities.Utility/ClassifierData::get_FileName()</Name>
              <FileRef uid="18" />
              <SequencePoints>
                <SequencePoint vc="0" uspid="877" ordinal="0" offset="0" sl="408" sc="32" el="408" ec="36" bec="0" bev="0" fileid="18" />
              </SequencePoints>
              <BranchPoints />
              <MethodPoint xsi:type="SequencePoint" vc="0" uspid="877" ordinal="0" offset="0" sl="408" sc="32" el="408" ec="36" bec="0" bev="0" fileid="18" />
            </Method>
            <Method visited="true" cyclomaticComplexity="1" nPathComplexity="0" sequenceCoverage="100" branchCoverage="100" isConstructor="false" isStatic="false" isGetter="false" isSetter="true">
              <Summary numSequencePoints="1" visitedSequencePoints="1" numBranchPoints="1" visitedBranchPoints="1" sequenceCoverage="100" branchCoverage="100" maxCyclomaticComplexity="1" minCyclomaticComplexity="1" visitedClasses="0" numClasses="0" visitedMethods="1" numMethods="1" />
              <MetadataToken>100666055</MetadataToken>
              <Name>System.Void IBM.Watson.DeveloperCloud.Utilities.Utility/ClassifierData::set_FileName(System.String)</Name>
              <FileRef uid="18" />
              <SequencePoints>
                <SequencePoint vc="1" uspid="878" ordinal="0" offset="0" sl="408" sc="37" el="408" ec="41" bec="0" bev="0" fileid="18" />
              </SequencePoints>
              <BranchPoints />
              <MethodPoint xsi:type="SequencePoint" vc="1" uspid="878" ordinal="0" offset="0" sl="408" sc="37" el="408" ec="41" bec="0" bev="0" fileid="18" />
            </Method>
            <Method visited="true" cyclomaticComplexity="1" nPathComplexity="0" sequenceCoverage="100" branchCoverage="100" isConstructor="false" isStatic="false" isGetter="true" isSetter="false">
              <Summary numSequencePoints="1" visitedSequencePoints="1" numBranchPoints="1" visitedBranchPoints="1" sequenceCoverage="100" branchCoverage="100" maxCyclomaticComplexity="1" minCyclomaticComplexity="1" visitedClasses="0" numClasses="0" visitedMethods="1" numMethods="1" />
              <MetadataToken>100666056</MetadataToken>
              <Name>System.Boolean IBM.Watson.DeveloperCloud.Utilities.Utility/ClassifierData::get_Expanded()</Name>
              <FileRef uid="18" />
              <SequencePoints>
                <SequencePoint vc="1" uspid="879" ordinal="0" offset="0" sl="409" sc="30" el="409" ec="34" bec="0" bev="0" fileid="18" />
              </SequencePoints>
              <BranchPoints />
              <MethodPoint xsi:type="SequencePoint" vc="1" uspid="879" ordinal="0" offset="0" sl="409" sc="30" el="409" ec="34" bec="0" bev="0" fileid="18" />
            </Method>
            <Method visited="true" cyclomaticComplexity="1" nPathComplexity="0" sequenceCoverage="100" branchCoverage="100" isConstructor="false" isStatic="false" isGetter="false" isSetter="true">
              <Summary numSequencePoints="1" visitedSequencePoints="1" numBranchPoints="1" visitedBranchPoints="1" sequenceCoverage="100" branchCoverage="100" maxCyclomaticComplexity="1" minCyclomaticComplexity="1" visitedClasses="0" numClasses="0" visitedMethods="1" numMethods="1" />
              <MetadataToken>100666057</MetadataToken>
              <Name>System.Void IBM.Watson.DeveloperCloud.Utilities.Utility/ClassifierData::set_Expanded(System.Boolean)</Name>
              <FileRef uid="18" />
              <SequencePoints>
                <SequencePoint vc="1" uspid="880" ordinal="0" offset="0" sl="409" sc="35" el="409" ec="39" bec="0" bev="0" fileid="18" />
              </SequencePoints>
              <BranchPoints />
              <MethodPoint xsi:type="SequencePoint" vc="1" uspid="880" ordinal="0" offset="0" sl="409" sc="35" el="409" ec="39" bec="0" bev="0" fileid="18" />
            </Method>
            <Method visited="true" cyclomaticComplexity="1" nPathComplexity="0" sequenceCoverage="100" branchCoverage="100" isConstructor="false" isStatic="false" isGetter="true" isSetter="false">
              <Summary numSequencePoints="1" visitedSequencePoints="1" numBranchPoints="1" visitedBranchPoints="1" sequenceCoverage="100" branchCoverage="100" maxCyclomaticComplexity="1" minCyclomaticComplexity="1" visitedClasses="0" numClasses="0" visitedMethods="1" numMethods="1" />
              <MetadataToken>100666058</MetadataToken>
              <Name>System.Boolean IBM.Watson.DeveloperCloud.Utilities.Utility/ClassifierData::get_InstancesExpanded()</Name>
              <FileRef uid="18" />
              <SequencePoints>
                <SequencePoint vc="1" uspid="881" ordinal="0" offset="0" sl="410" sc="39" el="410" ec="43" bec="0" bev="0" fileid="18" />
              </SequencePoints>
              <BranchPoints />
              <MethodPoint xsi:type="SequencePoint" vc="1" uspid="881" ordinal="0" offset="0" sl="410" sc="39" el="410" ec="43" bec="0" bev="0" fileid="18" />
            </Method>
            <Method visited="true" cyclomaticComplexity="1" nPathComplexity="0" sequenceCoverage="100" branchCoverage="100" isConstructor="false" isStatic="false" isGetter="false" isSetter="true">
              <Summary numSequencePoints="1" visitedSequencePoints="1" numBranchPoints="1" visitedBranchPoints="1" sequenceCoverage="100" branchCoverage="100" maxCyclomaticComplexity="1" minCyclomaticComplexity="1" visitedClasses="0" numClasses="0" visitedMethods="1" numMethods="1" />
              <MetadataToken>100666059</MetadataToken>
              <Name>System.Void IBM.Watson.DeveloperCloud.Utilities.Utility/ClassifierData::set_InstancesExpanded(System.Boolean)</Name>
              <FileRef uid="18" />
              <SequencePoints>
                <SequencePoint vc="1" uspid="882" ordinal="0" offset="0" sl="410" sc="44" el="410" ec="48" bec="0" bev="0" fileid="18" />
              </SequencePoints>
              <BranchPoints />
              <MethodPoint xsi:type="SequencePoint" vc="1" uspid="882" ordinal="0" offset="0" sl="410" sc="44" el="410" ec="48" bec="0" bev="0" fileid="18" />
            </Method>
            <Method visited="true" cyclomaticComplexity="1" nPathComplexity="0" sequenceCoverage="100" branchCoverage="100" isConstructor="false" isStatic="false" isGetter="true" isSetter="false">
              <Summary numSequencePoints="1" visitedSequencePoints="1" numBranchPoints="1" visitedBranchPoints="1" sequenceCoverage="100" branchCoverage="100" maxCyclomaticComplexity="1" minCyclomaticComplexity="1" visitedClasses="0" numClasses="0" visitedMethods="1" numMethods="1" />
              <MetadataToken>100666060</MetadataToken>
              <Name>System.Boolean IBM.Watson.DeveloperCloud.Utilities.Utility/ClassifierData::get_ClassesExpanded()</Name>
              <FileRef uid="18" />
              <SequencePoints>
                <SequencePoint vc="1" uspid="883" ordinal="0" offset="0" sl="411" sc="37" el="411" ec="41" bec="0" bev="0" fileid="18" />
              </SequencePoints>
              <BranchPoints />
              <MethodPoint xsi:type="SequencePoint" vc="1" uspid="883" ordinal="0" offset="0" sl="411" sc="37" el="411" ec="41" bec="0" bev="0" fileid="18" />
            </Method>
            <Method visited="true" cyclomaticComplexity="1" nPathComplexity="0" sequenceCoverage="100" branchCoverage="100" isConstructor="false" isStatic="false" isGetter="false" isSetter="true">
              <Summary numSequencePoints="1" visitedSequencePoints="1" numBranchPoints="1" visitedBranchPoints="1" sequenceCoverage="100" branchCoverage="100" maxCyclomaticComplexity="1" minCyclomaticComplexity="1" visitedClasses="0" numClasses="0" visitedMethods="1" numMethods="1" />
              <MetadataToken>100666061</MetadataToken>
              <Name>System.Void IBM.Watson.DeveloperCloud.Utilities.Utility/ClassifierData::set_ClassesExpanded(System.Boolean)</Name>
              <FileRef uid="18" />
              <SequencePoints>
                <SequencePoint vc="1" uspid="884" ordinal="0" offset="0" sl="411" sc="42" el="411" ec="46" bec="0" bev="0" fileid="18" />
              </SequencePoints>
              <BranchPoints />
              <MethodPoint xsi:type="SequencePoint" vc="1" uspid="884" ordinal="0" offset="0" sl="411" sc="42" el="411" ec="46" bec="0" bev="0" fileid="18" />
            </Method>
            <Method visited="true" cyclomaticComplexity="1" nPathComplexity="0" sequenceCoverage="100" branchCoverage="100" isConstructor="false" isStatic="false" isGetter="true" isSetter="false">
              <Summary numSequencePoints="1" visitedSequencePoints="1" numBranchPoints="1" visitedBranchPoints="1" sequenceCoverage="100" branchCoverage="100" maxCyclomaticComplexity="1" minCyclomaticComplexity="1" visitedClasses="0" numClasses="0" visitedMethods="1" numMethods="1" />
              <MetadataToken>100666062</MetadataToken>
              <Name>System.String IBM.Watson.DeveloperCloud.Utilities.Utility/ClassifierData::get_Name()</Name>
              <FileRef uid="18" />
              <SequencePoints>
                <SequencePoint vc="1" uspid="885" ordinal="0" offset="0" sl="412" sc="28" el="412" ec="32" bec="0" bev="0" fileid="18" />
              </SequencePoints>
              <BranchPoints />
              <MethodPoint xsi:type="SequencePoint" vc="1" uspid="885" ordinal="0" offset="0" sl="412" sc="28" el="412" ec="32" bec="0" bev="0" fileid="18" />
            </Method>
            <Method visited="true" cyclomaticComplexity="1" nPathComplexity="0" sequenceCoverage="100" branchCoverage="100" isConstructor="false" isStatic="false" isGetter="false" isSetter="true">
              <Summary numSequencePoints="1" visitedSequencePoints="1" numBranchPoints="1" visitedBranchPoints="1" sequenceCoverage="100" branchCoverage="100" maxCyclomaticComplexity="1" minCyclomaticComplexity="1" visitedClasses="0" numClasses="0" visitedMethods="1" numMethods="1" />
              <MetadataToken>100666063</MetadataToken>
              <Name>System.Void IBM.Watson.DeveloperCloud.Utilities.Utility/ClassifierData::set_Name(System.String)</Name>
              <FileRef uid="18" />
              <SequencePoints>
                <SequencePoint vc="1" uspid="886" ordinal="0" offset="0" sl="412" sc="33" el="412" ec="37" bec="0" bev="0" fileid="18" />
              </SequencePoints>
              <BranchPoints />
              <MethodPoint xsi:type="SequencePoint" vc="1" uspid="886" ordinal="0" offset="0" sl="412" sc="33" el="412" ec="37" bec="0" bev="0" fileid="18" />
            </Method>
            <Method visited="true" cyclomaticComplexity="1" nPathComplexity="0" sequenceCoverage="100" branchCoverage="100" isConstructor="false" isStatic="false" isGetter="true" isSetter="false">
              <Summary numSequencePoints="1" visitedSequencePoints="1" numBranchPoints="1" visitedBranchPoints="1" sequenceCoverage="100" branchCoverage="100" maxCyclomaticComplexity="1" minCyclomaticComplexity="1" visitedClasses="0" numClasses="0" visitedMethods="1" numMethods="1" />
              <MetadataToken>100666064</MetadataToken>
              <Name>System.String IBM.Watson.DeveloperCloud.Utilities.Utility/ClassifierData::get_Language()</Name>
              <FileRef uid="18" />
              <SequencePoints>
                <SequencePoint vc="1" uspid="887" ordinal="0" offset="0" sl="413" sc="32" el="413" ec="36" bec="0" bev="0" fileid="18" />
              </SequencePoints>
              <BranchPoints />
              <MethodPoint xsi:type="SequencePoint" vc="1" uspid="887" ordinal="0" offset="0" sl="413" sc="32" el="413" ec="36" bec="0" bev="0" fileid="18" />
            </Method>
            <Method visited="true" cyclomaticComplexity="1" nPathComplexity="0" sequenceCoverage="100" branchCoverage="100" isConstructor="false" isStatic="false" isGetter="false" isSetter="true">
              <Summary numSequencePoints="1" visitedSequencePoints="1" numBranchPoints="1" visitedBranchPoints="1" sequenceCoverage="100" branchCoverage="100" maxCyclomaticComplexity="1" minCyclomaticComplexity="1" visitedClasses="0" numClasses="0" visitedMethods="1" numMethods="1" />
              <MetadataToken>100666065</MetadataToken>
              <Name>System.Void IBM.Watson.DeveloperCloud.Utilities.Utility/ClassifierData::set_Language(System.String)</Name>
              <FileRef uid="18" />
              <SequencePoints>
                <SequencePoint vc="1" uspid="888" ordinal="0" offset="0" sl="413" sc="37" el="413" ec="41" bec="0" bev="0" fileid="18" />
              </SequencePoints>
              <BranchPoints />
              <MethodPoint xsi:type="SequencePoint" vc="1" uspid="888" ordinal="0" offset="0" sl="413" sc="37" el="413" ec="41" bec="0" bev="0" fileid="18" />
            </Method>
            <Method visited="true" cyclomaticComplexity="1" nPathComplexity="0" sequenceCoverage="100" branchCoverage="100" isConstructor="false" isStatic="false" isGetter="true" isSetter="false">
              <Summary numSequencePoints="1" visitedSequencePoints="1" numBranchPoints="1" visitedBranchPoints="1" sequenceCoverage="100" branchCoverage="100" maxCyclomaticComplexity="1" minCyclomaticComplexity="1" visitedClasses="0" numClasses="0" visitedMethods="1" numMethods="1" />
              <MetadataToken>100666066</MetadataToken>
              <Name>System.Collections.Generic.Dictionary`2&lt;System.String,System.Collections.Generic.List`1&lt;System.String&gt;&gt; IBM.Watson.DeveloperCloud.Utilities.Utility/ClassifierData::get_Data()</Name>
              <FileRef uid="18" />
              <SequencePoints>
                <SequencePoint vc="2" uspid="889" ordinal="0" offset="0" sl="414" sc="54" el="414" ec="58" bec="0" bev="0" fileid="18" />
              </SequencePoints>
              <BranchPoints />
              <MethodPoint xsi:type="SequencePoint" vc="2" uspid="889" ordinal="0" offset="0" sl="414" sc="54" el="414" ec="58" bec="0" bev="0" fileid="18" />
            </Method>
            <Method visited="true" cyclomaticComplexity="1" nPathComplexity="0" sequenceCoverage="100" branchCoverage="100" isConstructor="false" isStatic="false" isGetter="false" isSetter="true">
              <Summary numSequencePoints="1" visitedSequencePoints="1" numBranchPoints="1" visitedBranchPoints="1" sequenceCoverage="100" branchCoverage="100" maxCyclomaticComplexity="1" minCyclomaticComplexity="1" visitedClasses="0" numClasses="0" visitedMethods="1" numMethods="1" />
              <MetadataToken>100666067</MetadataToken>
              <Name>System.Void IBM.Watson.DeveloperCloud.Utilities.Utility/ClassifierData::set_Data(System.Collections.Generic.Dictionary`2&lt;System.String,System.Collections.Generic.List`1&lt;System.String&gt;&gt;)</Name>
              <FileRef uid="18" />
              <SequencePoints>
                <SequencePoint vc="1" uspid="890" ordinal="0" offset="0" sl="414" sc="59" el="414" ec="63" bec="0" bev="0" fileid="18" />
              </SequencePoints>
              <BranchPoints />
              <MethodPoint xsi:type="SequencePoint" vc="1" uspid="890" ordinal="0" offset="0" sl="414" sc="59" el="414" ec="63" bec="0" bev="0" fileid="18" />
            </Method>
            <Method visited="true" cyclomaticComplexity="1" nPathComplexity="0" sequenceCoverage="100" branchCoverage="100" isConstructor="false" isStatic="false" isGetter="true" isSetter="false">
              <Summary numSequencePoints="1" visitedSequencePoints="1" numBranchPoints="1" visitedBranchPoints="1" sequenceCoverage="100" branchCoverage="100" maxCyclomaticComplexity="1" minCyclomaticComplexity="1" visitedClasses="0" numClasses="0" visitedMethods="1" numMethods="1" />
              <MetadataToken>100666068</MetadataToken>
              <Name>System.Collections.Generic.Dictionary`2&lt;System.String,System.Boolean&gt; IBM.Watson.DeveloperCloud.Utilities.Utility/ClassifierData::get_DataExpanded()</Name>
              <FileRef uid="18" />
              <SequencePoints>
                <SequencePoint vc="1" uspid="891" ordinal="0" offset="0" sl="415" sc="54" el="415" ec="58" bec="0" bev="0" fileid="18" />
              </SequencePoints>
              <BranchPoints />
              <MethodPoint xsi:type="SequencePoint" vc="1" uspid="891" ordinal="0" offset="0" sl="415" sc="54" el="415" ec="58" bec="0" bev="0" fileid="18" />
            </Method>
            <Method visited="true" cyclomaticComplexity="1" nPathComplexity="0" sequenceCoverage="100" branchCoverage="100" isConstructor="false" isStatic="false" isGetter="false" isSetter="true">
              <Summary numSequencePoints="1" visitedSequencePoints="1" numBranchPoints="1" visitedBranchPoints="1" sequenceCoverage="100" branchCoverage="100" maxCyclomaticComplexity="1" minCyclomaticComplexity="1" visitedClasses="0" numClasses="0" visitedMethods="1" numMethods="1" />
              <MetadataToken>100666069</MetadataToken>
              <Name>System.Void IBM.Watson.DeveloperCloud.Utilities.Utility/ClassifierData::set_DataExpanded(System.Collections.Generic.Dictionary`2&lt;System.String,System.Boolean&gt;)</Name>
              <FileRef uid="18" />
              <SequencePoints>
                <SequencePoint vc="1" uspid="892" ordinal="0" offset="0" sl="415" sc="59" el="415" ec="63" bec="0" bev="0" fileid="18" />
              </SequencePoints>
              <BranchPoints />
              <MethodPoint xsi:type="SequencePoint" vc="1" uspid="892" ordinal="0" offset="0" sl="415" sc="59" el="415" ec="63" bec="0" bev="0" fileid="18" />
            </Method>
            <Method visited="false" cyclomaticComplexity="5" nPathComplexity="8" sequenceCoverage="0" branchCoverage="0" isConstructor="false" isStatic="false" isGetter="false" isSetter="false">
              <Summary numSequencePoints="14" visitedSequencePoints="0" numBranchPoints="7" visitedBranchPoints="0" sequenceCoverage="0" branchCoverage="0" maxCyclomaticComplexity="5" minCyclomaticComplexity="5" visitedClasses="0" numClasses="0" visitedMethods="0" numMethods="1" />
              <MetadataToken>100666070</MetadataToken>
              <Name>System.Void IBM.Watson.DeveloperCloud.Utilities.Utility/ClassifierData::Import(System.String)</Name>
              <FileRef uid="18" />
              <SequencePoints>
                <SequencePoint vc="0" uspid="893" ordinal="0" offset="0" sl="419" sc="9" el="419" ec="26" bec="2" bev="0" fileid="18" />
                <SequencePoint vc="0" uspid="894" ordinal="1" offset="8" sl="420" sc="11" el="420" ec="57" bec="0" bev="0" fileid="18" />
                <SequencePoint vc="0" uspid="895" ordinal="2" offset="19" sl="422" sc="9" el="422" ec="54" bec="0" bev="0" fileid="18" />
                <SequencePoint vc="0" uspid="896" ordinal="3" offset="25" sl="423" sc="30" el="423" ec="35" bec="0" bev="0" fileid="18" />
                <SequencePoint vc="0" uspid="897" ordinal="4" offset="30" sl="423" sc="18" el="423" ec="26" bec="0" bev="0" fileid="18" />
                <SequencePoint vc="0" uspid="898" ordinal="5" offset="34" sl="425" sc="11" el="425" ec="50" bec="0" bev="0" fileid="18" />
                <SequencePoint vc="0" uspid="899" ordinal="6" offset="43" sl="426" sc="11" el="426" ec="30" bec="2" bev="0" fileid="18" />
                <SequencePoint vc="0" uspid="900" ordinal="7" offset="47" sl="429" sc="11" el="429" ec="53" bec="0" bev="0" fileid="18" />
                <SequencePoint vc="0" uspid="901" ordinal="8" offset="58" sl="430" sc="11" el="430" ec="57" bec="0" bev="0" fileid="18" />
                <SequencePoint vc="0" uspid="902" ordinal="9" offset="68" sl="432" sc="11" el="432" ec="36" bec="2" bev="0" fileid="18" />
                <SequencePoint vc="0" uspid="903" ordinal="10" offset="83" sl="433" sc="13" el="433" ec="42" bec="0" bev="0" fileid="18" />
                <SequencePoint vc="0" uspid="904" ordinal="11" offset="101" sl="434" sc="11" el="434" ec="31" bec="0" bev="0" fileid="18" />
                <SequencePoint vc="0" uspid="905" ordinal="12" offset="125" sl="423" sc="27" el="423" ec="29" bec="0" bev="0" fileid="18" />
                <SequencePoint vc="0" uspid="906" ordinal="13" offset="131" sl="436" sc="7" el="436" ec="8" bec="0" bev="0" fileid="18" />
              </SequencePoints>
              <BranchPoints>
                <BranchPoint vc="0" uspid="907" ordinal="0" offset="6" sl="419" path="0" offsetend="8" fileid="18" />
                <BranchPoint vc="0" uspid="908" ordinal="1" offset="6" sl="419" path="1" offsetend="19" fileid="18" />
                <BranchPoint vc="0" uspid="909" ordinal="2" offset="45" sl="426" path="0" offsetend="47" fileid="18" />
                <BranchPoint vc="0" uspid="910" ordinal="3" offset="45" sl="426" path="1" offsetend="121" fileid="18" />
                <BranchPoint vc="0" uspid="911" ordinal="4" offset="81" sl="432" path="0" offsetend="83" fileid="18" />
                <BranchPoint vc="0" uspid="912" ordinal="5" offset="81" sl="432" path="1" offsetend="101" fileid="18" />
              </BranchPoints>
              <MethodPoint xsi:type="SequencePoint" vc="0" uspid="893" ordinal="0" offset="0" sl="419" sc="9" el="419" ec="26" bec="2" bev="0" fileid="18" />
            </Method>
            <Method visited="true" cyclomaticComplexity="3" nPathComplexity="0" sequenceCoverage="100" branchCoverage="100" isConstructor="false" isStatic="false" isGetter="false" isSetter="false">
              <Summary numSequencePoints="9" visitedSequencePoints="9" numBranchPoints="1" visitedBranchPoints="1" sequenceCoverage="100" branchCoverage="100" maxCyclomaticComplexity="3" minCyclomaticComplexity="3" visitedClasses="0" numClasses="0" visitedMethods="1" numMethods="1" />
              <MetadataToken>100666071</MetadataToken>
              <Name>System.String IBM.Watson.DeveloperCloud.Utilities.Utility/ClassifierData::Export()</Name>
              <FileRef uid="18" />
              <SequencePoints>
                <SequencePoint vc="1" uspid="915" ordinal="0" offset="0" sl="440" sc="9" el="440" ec="48" bec="0" bev="0" fileid="18" />
                <SequencePoint vc="1" uspid="916" ordinal="1" offset="6" sl="441" sc="28" el="441" ec="32" bec="0" bev="0" fileid="18" />
                <SequencePoint vc="2" uspid="917" ordinal="2" offset="20" sl="441" sc="18" el="441" ec="24" bec="0" bev="0" fileid="18" />
                <SequencePoint vc="2" uspid="918" ordinal="3" offset="28" sl="443" sc="29" el="443" ec="37" bec="0" bev="0" fileid="18" />
                <SequencePoint vc="50" uspid="919" ordinal="4" offset="43" sl="443" sc="20" el="443" ec="25" bec="0" bev="0" fileid="18" />
                <SequencePoint vc="50" uspid="920" ordinal="5" offset="52" sl="445" sc="13" el="445" ec="48" bec="0" bev="0" fileid="18" />
                <SequencePoint vc="52" uspid="921" ordinal="6" offset="83" sl="443" sc="26" el="443" ec="28" bec="0" bev="0" fileid="18" />
                <SequencePoint vc="3" uspid="922" ordinal="7" offset="108" sl="441" sc="25" el="441" ec="27" bec="0" bev="0" fileid="18" />
                <SequencePoint vc="1" uspid="923" ordinal="8" offset="133" sl="449" sc="9" el="449" ec="30" bec="0" bev="0" fileid="18" />
              </SequencePoints>
              <BranchPoints />
              <MethodPoint xsi:type="SequencePoint" vc="1" uspid="915" ordinal="0" offset="0" sl="440" sc="9" el="440" ec="48" bec="0" bev="0" fileid="18" />
            </Method>
            <Method visited="false" cyclomaticComplexity="2" nPathComplexity="2" sequenceCoverage="0" branchCoverage="0" isConstructor="false" isStatic="false" isGetter="false" isSetter="false">
              <Summary numSequencePoints="7" visitedSequencePoints="0" numBranchPoints="3" visitedBranchPoints="0" sequenceCoverage="0" branchCoverage="0" maxCyclomaticComplexity="2" minCyclomaticComplexity="2" visitedClasses="0" numClasses="0" visitedMethods="0" numMethods="1" />
              <MetadataToken>100666072</MetadataToken>
              <Name>System.Void IBM.Watson.DeveloperCloud.Utilities.Utility/ClassifierData::Save(System.String)</Name>
              <FileRef uid="18" />
              <SequencePoints>
                <SequencePoint vc="0" uspid="928" ordinal="0" offset="0" sl="454" sc="9" el="454" ec="28" bec="0" bev="0" fileid="18" />
                <SequencePoint vc="0" uspid="929" ordinal="1" offset="2" sl="455" sc="9" el="455" ec="89" bec="0" bev="0" fileid="18" />
                <SequencePoint vc="0" uspid="930" ordinal="2" offset="26" sl="456" sc="9" el="456" ec="26" bec="2" bev="0" fileid="18" />
                <SequencePoint vc="0" uspid="931" ordinal="3" offset="35" sl="457" sc="11" el="457" ec="93" bec="0" bev="0" fileid="18" />
                <SequencePoint vc="0" uspid="932" ordinal="4" offset="58" sl="459" sc="9" el="459" ec="69" bec="0" bev="0" fileid="18" />
                <SequencePoint vc="0" uspid="933" ordinal="5" offset="70" sl="460" sc="9" el="460" ec="29" bec="0" bev="0" fileid="18" />
                <SequencePoint vc="0" uspid="934" ordinal="6" offset="77" sl="461" sc="7" el="461" ec="8" bec="0" bev="0" fileid="18" />
              </SequencePoints>
              <BranchPoints>
                <BranchPoint vc="0" uspid="935" ordinal="0" offset="33" sl="456" path="0" offsetend="35" fileid="18" />
                <BranchPoint vc="0" uspid="936" ordinal="1" offset="33" sl="456" path="1" offsetend="58" fileid="18" />
              </BranchPoints>
              <MethodPoint xsi:type="SequencePoint" vc="0" uspid="928" ordinal="0" offset="0" sl="454" sc="9" el="454" ec="28" bec="0" bev="0" fileid="18" />
            </Method>
            <Method visited="false" cyclomaticComplexity="1" nPathComplexity="0" sequenceCoverage="0" branchCoverage="0" isConstructor="false" isStatic="false" isGetter="false" isSetter="false">
              <Summary numSequencePoints="2" visitedSequencePoints="0" numBranchPoints="1" visitedBranchPoints="0" sequenceCoverage="0" branchCoverage="0" maxCyclomaticComplexity="1" minCyclomaticComplexity="1" visitedClasses="0" numClasses="0" visitedMethods="0" numMethods="1" />
              <MetadataToken>100666073</MetadataToken>
              <Name>System.Void IBM.Watson.DeveloperCloud.Utilities.Utility/ClassifierData::Save()</Name>
              <FileRef uid="18" />
              <SequencePoints>
                <SequencePoint vc="0" uspid="937" ordinal="0" offset="0" sl="465" sc="9" el="465" ec="24" bec="0" bev="0" fileid="18" />
                <SequencePoint vc="0" uspid="938" ordinal="1" offset="12" sl="466" sc="7" el="466" ec="8" bec="0" bev="0" fileid="18" />
              </SequencePoints>
              <BranchPoints />
              <MethodPoint xsi:type="SequencePoint" vc="0" uspid="937" ordinal="0" offset="0" sl="465" sc="9" el="465" ec="24" bec="0" bev="0" fileid="18" />
            </Method>
            <Method visited="true" cyclomaticComplexity="3" nPathComplexity="4" sequenceCoverage="62.5" branchCoverage="60" isConstructor="false" isStatic="false" isGetter="false" isSetter="false">
              <Summary numSequencePoints="16" visitedSequencePoints="10" numBranchPoints="5" visitedBranchPoints="3" sequenceCoverage="62.5" branchCoverage="60" maxCyclomaticComplexity="3" minCyclomaticComplexity="3" visitedClasses="0" numClasses="0" visitedMethods="1" numMethods="1" />
              <MetadataToken>100666074</MetadataToken>
              <Name>System.Boolean IBM.Watson.DeveloperCloud.Utilities.Utility/ClassifierData::Load(System.String)</Name>
              <FileRef uid="18" />
              <SequencePoints>
                <SequencePoint vc="1" uspid="939" ordinal="0" offset="0" sl="472" sc="11" el="472" ec="52" bec="0" bev="0" fileid="18" />
                <SequencePoint vc="1" uspid="940" ordinal="1" offset="6" sl="474" sc="11" el="474" ec="30" bec="0" bev="0" fileid="18" />
                <SequencePoint vc="1" uspid="941" ordinal="2" offset="8" sl="475" sc="11" el="475" ec="59" bec="0" bev="0" fileid="18" />
                <SequencePoint vc="1" uspid="942" ordinal="3" offset="16" sl="476" sc="11" el="476" ec="28" bec="2" bev="1" fileid="18" />
                <SequencePoint vc="0" uspid="943" ordinal="4" offset="25" sl="477" sc="13" el="477" ec="54" bec="0" bev="0" fileid="18" />
                <SequencePoint vc="1" uspid="944" ordinal="5" offset="38" sl="479" sc="11" el="479" ec="29" bec="0" bev="0" fileid="18" />
                <SequencePoint vc="1" uspid="945" ordinal="6" offset="40" sl="480" sc="11" el="480" ec="74" bec="0" bev="0" fileid="18" />
                <SequencePoint vc="1" uspid="946" ordinal="7" offset="60" sl="481" sc="11" el="481" ec="28" bec="2" bev="1" fileid="18" />
                <SequencePoint vc="0" uspid="947" ordinal="8" offset="69" sl="482" sc="13" el="482" ec="54" bec="0" bev="0" fileid="18" />
                <SequencePoint vc="1" uspid="948" ordinal="9" offset="82" sl="483" sc="9" el="483" ec="10" bec="0" bev="0" fileid="18" />
                <SequencePoint vc="0" uspid="949" ordinal="10" offset="84" sl="484" sc="9" el="484" ec="28" bec="0" bev="0" fileid="18" />
                <SequencePoint vc="0" uspid="950" ordinal="11" offset="85" sl="486" sc="11" el="486" ec="123" bec="0" bev="0" fileid="18" />
                <SequencePoint vc="0" uspid="951" ordinal="12" offset="119" sl="487" sc="11" el="487" ec="24" bec="0" bev="0" fileid="18" />
                <SequencePoint vc="1" uspid="952" ordinal="13" offset="124" sl="490" sc="9" el="490" ec="29" bec="0" bev="0" fileid="18" />
                <SequencePoint vc="1" uspid="953" ordinal="14" offset="131" sl="491" sc="9" el="491" ec="21" bec="0" bev="0" fileid="18" />
                <SequencePoint vc="0" uspid="954" ordinal="15" offset="133" sl="492" sc="7" el="492" ec="8" bec="0" bev="0" fileid="18" />
              </SequencePoints>
              <BranchPoints>
                <BranchPoint vc="0" uspid="955" ordinal="0" offset="23" sl="476" path="0" offsetend="25" fileid="18" />
                <BranchPoint vc="1" uspid="956" ordinal="1" offset="23" sl="476" path="1" offsetend="38" fileid="18" />
                <BranchPoint vc="0" uspid="957" ordinal="2" offset="67" sl="481" path="0" offsetend="69" fileid="18" />
                <BranchPoint vc="1" uspid="958" ordinal="3" offset="67" sl="481" path="1" offsetend="82" fileid="18" />
              </BranchPoints>
              <MethodPoint xsi:type="SequencePoint" vc="1" uspid="939" ordinal="0" offset="0" sl="472" sc="11" el="472" ec="52" bec="0" bev="0" fileid="18" />
            </Method>
            <Method visited="true" cyclomaticComplexity="1" nPathComplexity="0" sequenceCoverage="0" branchCoverage="0" isConstructor="true" isStatic="false" isGetter="false" isSetter="false">
              <Summary numSequencePoints="0" visitedSequencePoints="0" numBranchPoints="0" visitedBranchPoints="0" sequenceCoverage="0" branchCoverage="0" maxCyclomaticComplexity="1" minCyclomaticComplexity="1" visitedClasses="0" numClasses="0" visitedMethods="0" numMethods="0" />
              <MetadataToken>100666075</MetadataToken>
              <Name>System.Void IBM.Watson.DeveloperCloud.Utilities.Utility/ClassifierData::.ctor()</Name>
              <SequencePoints />
              <BranchPoints />
              <MethodPoint vc="1" uspid="959" ordinal="0" offset="0" />
            </Method>
          </Methods>
        </Class>
        <Class>
          <Summary numSequencePoints="6" visitedSequencePoints="0" numBranchPoints="2" visitedBranchPoints="0" sequenceCoverage="0" branchCoverage="0" maxCyclomaticComplexity="1" minCyclomaticComplexity="1" visitedClasses="0" numClasses="1" visitedMethods="0" numMethods="2" />
          <FullName>IBM.Watson.DeveloperCloud.Utilities.WatsonException</FullName>
          <Methods>
            <Method visited="false" cyclomaticComplexity="1" nPathComplexity="0" sequenceCoverage="0" branchCoverage="0" isConstructor="true" isStatic="false" isGetter="false" isSetter="false">
              <Summary numSequencePoints="3" visitedSequencePoints="0" numBranchPoints="1" visitedBranchPoints="0" sequenceCoverage="0" branchCoverage="0" maxCyclomaticComplexity="1" minCyclomaticComplexity="1" visitedClasses="0" numClasses="0" visitedMethods="0" numMethods="1" />
              <MetadataToken>100663766</MetadataToken>
              <Name>System.Void IBM.Watson.DeveloperCloud.Utilities.WatsonException::.ctor(System.String)</Name>
              <FileRef uid="20" />
              <SequencePoints>
                <SequencePoint vc="0" uspid="960" ordinal="0" offset="0" sl="27" sc="46" el="27" ec="59" bec="0" bev="0" fileid="20" />
                <SequencePoint vc="0" uspid="961" ordinal="1" offset="7" sl="29" sc="7" el="29" ec="60" bec="0" bev="0" fileid="20" />
                <SequencePoint vc="0" uspid="962" ordinal="2" offset="32" sl="30" sc="5" el="30" ec="6" bec="0" bev="0" fileid="20" />
              </SequencePoints>
              <BranchPoints />
              <MethodPoint xsi:type="SequencePoint" vc="0" uspid="960" ordinal="0" offset="0" sl="27" sc="46" el="27" ec="59" bec="0" bev="0" fileid="20" />
            </Method>
            <Method visited="false" cyclomaticComplexity="1" nPathComplexity="0" sequenceCoverage="0" branchCoverage="0" isConstructor="true" isStatic="false" isGetter="false" isSetter="false">
              <Summary numSequencePoints="3" visitedSequencePoints="0" numBranchPoints="1" visitedBranchPoints="0" sequenceCoverage="0" branchCoverage="0" maxCyclomaticComplexity="1" minCyclomaticComplexity="1" visitedClasses="0" numClasses="0" visitedMethods="0" numMethods="1" />
              <MetadataToken>100663767</MetadataToken>
              <Name>System.Void IBM.Watson.DeveloperCloud.Utilities.WatsonException::.ctor(System.String,IBM.Watson.DeveloperCloud.Utilities.WatsonException)</Name>
              <FileRef uid="20" />
              <SequencePoints>
                <SequencePoint vc="0" uspid="963" ordinal="0" offset="0" sl="31" sc="78" el="31" ec="107" bec="0" bev="0" fileid="20" />
                <SequencePoint vc="0" uspid="964" ordinal="1" offset="8" sl="33" sc="7" el="33" ec="60" bec="0" bev="0" fileid="20" />
                <SequencePoint vc="0" uspid="965" ordinal="2" offset="33" sl="34" sc="5" el="34" ec="6" bec="0" bev="0" fileid="20" />
              </SequencePoints>
              <BranchPoints />
              <MethodPoint xsi:type="SequencePoint" vc="0" uspid="963" ordinal="0" offset="0" sl="31" sc="78" el="31" ec="107" bec="0" bev="0" fileid="20" />
            </Method>
          </Methods>
        </Class>
        <Class>
          <Summary numSequencePoints="125" visitedSequencePoints="91" numBranchPoints="46" visitedBranchPoints="23" sequenceCoverage="72.8" branchCoverage="50" maxCyclomaticComplexity="15" minCyclomaticComplexity="1" visitedClasses="1" numClasses="1" visitedMethods="6" numMethods="6" />
          <FullName>IBM.Watson.DeveloperCloud.Utilities.WaveFile</FullName>
          <Methods>
            <Method visited="true" cyclomaticComplexity="1" nPathComplexity="0" sequenceCoverage="100" branchCoverage="100" isConstructor="false" isStatic="true" isGetter="false" isSetter="false">
              <Summary numSequencePoints="5" visitedSequencePoints="5" numBranchPoints="1" visitedBranchPoints="1" sequenceCoverage="100" branchCoverage="100" maxCyclomaticComplexity="1" minCyclomaticComplexity="1" visitedClasses="0" numClasses="0" visitedMethods="1" numMethods="1" />
              <MetadataToken>100663768</MetadataToken>
              <Name>T IBM.Watson.DeveloperCloud.Utilities.WaveFile::ReadType(System.IO.BinaryReader)</Name>
              <FileRef uid="21" />
              <SequencePoints>
                <SequencePoint vc="10" uspid="966" ordinal="0" offset="0" sl="62" sc="7" el="62" ec="66" bec="0" bev="0" fileid="21" />
                <SequencePoint vc="10" uspid="967" ordinal="1" offset="21" sl="64" sc="7" el="64" ec="68" bec="0" bev="0" fileid="21" />
                <SequencePoint vc="10" uspid="968" ordinal="2" offset="28" sl="65" sc="7" el="65" ec="90" bec="0" bev="0" fileid="21" />
                <SequencePoint vc="10" uspid="969" ordinal="3" offset="55" sl="66" sc="7" el="66" ec="21" bec="0" bev="0" fileid="21" />
                <SequencePoint vc="10" uspid="970" ordinal="4" offset="62" sl="68" sc="7" el="68" ec="27" bec="0" bev="0" fileid="21" />
              </SequencePoints>
              <BranchPoints />
              <MethodPoint xsi:type="SequencePoint" vc="10" uspid="966" ordinal="0" offset="0" sl="62" sc="7" el="62" ec="66" bec="0" bev="0" fileid="21" />
            </Method>
            <Method visited="true" cyclomaticComplexity="1" nPathComplexity="0" sequenceCoverage="100" branchCoverage="100" isConstructor="false" isStatic="true" isGetter="false" isSetter="false">
              <Summary numSequencePoints="8" visitedSequencePoints="8" numBranchPoints="1" visitedBranchPoints="1" sequenceCoverage="100" branchCoverage="100" maxCyclomaticComplexity="1" minCyclomaticComplexity="1" visitedClasses="0" numClasses="0" visitedMethods="1" numMethods="1" />
              <MetadataToken>100663769</MetadataToken>
              <Name>System.Void IBM.Watson.DeveloperCloud.Utilities.WaveFile::WriteType(System.IO.BinaryWriter,T)</Name>
              <FileRef uid="21" />
              <SequencePoints>
                <SequencePoint vc="5" uspid="971" ordinal="0" offset="0" sl="73" sc="7" el="73" ec="39" bec="0" bev="0" fileid="21" />
                <SequencePoint vc="5" uspid="972" ordinal="1" offset="7" sl="74" sc="7" el="74" ec="37" bec="0" bev="0" fileid="21" />
                <SequencePoint vc="5" uspid="973" ordinal="2" offset="14" sl="76" sc="7" el="76" ec="47" bec="0" bev="0" fileid="21" />
                <SequencePoint vc="5" uspid="974" ordinal="3" offset="21" sl="77" sc="7" el="77" ec="47" bec="0" bev="0" fileid="21" />
                <SequencePoint vc="5" uspid="975" ordinal="4" offset="29" sl="78" sc="7" el="78" ec="41" bec="0" bev="0" fileid="21" />
                <SequencePoint vc="5" uspid="976" ordinal="5" offset="38" sl="79" sc="7" el="79" ec="32" bec="0" bev="0" fileid="21" />
                <SequencePoint vc="5" uspid="977" ordinal="6" offset="44" sl="81" sc="7" el="81" ec="36" bec="0" bev="0" fileid="21" />
                <SequencePoint vc="5" uspid="978" ordinal="7" offset="53" sl="82" sc="5" el="82" ec="6" bec="0" bev="0" fileid="21" />
              </SequencePoints>
              <BranchPoints />
              <MethodPoint xsi:type="SequencePoint" vc="5" uspid="971" ordinal="0" offset="0" sl="73" sc="7" el="73" ec="39" bec="0" bev="0" fileid="21" />
            </Method>
            <Method visited="true" cyclomaticComplexity="1" nPathComplexity="0" sequenceCoverage="100" branchCoverage="100" isConstructor="false" isStatic="true" isGetter="false" isSetter="false">
              <Summary numSequencePoints="2" visitedSequencePoints="2" numBranchPoints="1" visitedBranchPoints="1" sequenceCoverage="100" branchCoverage="100" maxCyclomaticComplexity="1" minCyclomaticComplexity="1" visitedClasses="0" numClasses="0" visitedMethods="1" numMethods="1" />
              <MetadataToken>100663770</MetadataToken>
              <Name>System.UInt32 IBM.Watson.DeveloperCloud.Utilities.WaveFile::MakeID(System.String)</Name>
              <FileRef uid="21" />
              <SequencePoints>
                <SequencePoint vc="4" uspid="979" ordinal="0" offset="0" sl="86" sc="7" el="86" ec="50" bec="0" bev="0" fileid="21" />
                <SequencePoint vc="4" uspid="980" ordinal="1" offset="11" sl="87" sc="7" el="87" ec="46" bec="0" bev="0" fileid="21" />
              </SequencePoints>
              <BranchPoints />
              <MethodPoint xsi:type="SequencePoint" vc="4" uspid="979" ordinal="0" offset="0" sl="86" sc="7" el="86" ec="50" bec="0" bev="0" fileid="21" />
            </Method>
            <Method visited="true" cyclomaticComplexity="1" nPathComplexity="0" sequenceCoverage="100" branchCoverage="100" isConstructor="false" isStatic="true" isGetter="false" isSetter="false">
              <Summary numSequencePoints="2" visitedSequencePoints="2" numBranchPoints="1" visitedBranchPoints="1" sequenceCoverage="100" branchCoverage="100" maxCyclomaticComplexity="1" minCyclomaticComplexity="1" visitedClasses="0" numClasses="0" visitedMethods="1" numMethods="1" />
              <MetadataToken>100663771</MetadataToken>
              <Name>System.String IBM.Watson.DeveloperCloud.Utilities.WaveFile::GetID(System.UInt32)</Name>
              <FileRef uid="21" />
              <SequencePoints>
                <SequencePoint vc="14" uspid="981" ordinal="0" offset="0" sl="92" sc="7" el="92" ec="48" bec="0" bev="0" fileid="21" />
                <SequencePoint vc="14" uspid="982" ordinal="1" offset="7" sl="93" sc="7" el="93" ec="104" bec="0" bev="0" fileid="21" />
              </SequencePoints>
              <BranchPoints />
              <MethodPoint xsi:type="SequencePoint" vc="14" uspid="981" ordinal="0" offset="0" sl="92" sc="7" el="92" ec="48" bec="0" bev="0" fileid="21" />
            </Method>
            <Method visited="true" cyclomaticComplexity="15" nPathComplexity="16384" sequenceCoverage="64.91" branchCoverage="51.72" isConstructor="false" isStatic="true" isGetter="false" isSetter="false">
              <Summary numSequencePoints="57" visitedSequencePoints="37" numBranchPoints="29" visitedBranchPoints="15" sequenceCoverage="64.91" branchCoverage="51.72" maxCyclomaticComplexity="15" minCyclomaticComplexity="15" visitedClasses="0" numClasses="0" visitedMethods="1" numMethods="1" />
              <MetadataToken>100663772</MetadataToken>
              <Name>IBM.Watson.DeveloperCloud.Utilities.AudioClip IBM.Watson.DeveloperCloud.Utilities.WaveFile::ParseWAV(System.String,System.Byte[])</Name>
              <FileRef uid="21" />
              <SequencePoints>
                <SequencePoint vc="2" uspid="983" ordinal="0" offset="0" sl="106" sc="7" el="106" ec="59" bec="0" bev="0" fileid="21" />
                <SequencePoint vc="2" uspid="984" ordinal="1" offset="7" sl="107" sc="7" el="107" ec="54" bec="0" bev="0" fileid="21" />
                <SequencePoint vc="2" uspid="985" ordinal="2" offset="13" sl="109" sc="7" el="109" ec="62" bec="0" bev="0" fileid="21" />
                <SequencePoint vc="2" uspid="986" ordinal="3" offset="20" sl="110" sc="7" el="110" ec="69" bec="3" bev="2" fileid="21" />
                <SequencePoint vc="0" uspid="987" ordinal="4" offset="66" sl="112" sc="9" el="112" ec="124" bec="0" bev="0" fileid="21" />
                <SequencePoint vc="0" uspid="988" ordinal="5" offset="115" sl="113" sc="9" el="113" ec="21" bec="0" bev="0" fileid="21" />
                <SequencePoint vc="2" uspid="989" ordinal="6" offset="117" sl="116" sc="7" el="116" ec="38" bec="0" bev="0" fileid="21" />
                <SequencePoint vc="2" uspid="990" ordinal="7" offset="125" sl="117" sc="7" el="117" ec="33" bec="0" bev="0" fileid="21" />
                <SequencePoint vc="6" uspid="991" ordinal="8" offset="132" sl="121" sc="9" el="121" ec="55" bec="0" bev="0" fileid="21" />
                <SequencePoint vc="6" uspid="992" ordinal="9" offset="140" sl="123" sc="9" el="123" ec="45" bec="0" bev="0" fileid="21" />
                <SequencePoint vc="6" uspid="993" ordinal="10" offset="149" sl="124" sc="9" el="124" ec="29" bec="2" bev="2" fileid="21" />
                <SequencePoint vc="2" uspid="994" ordinal="11" offset="154" sl="125" sc="11" el="125" ec="86" bec="0" bev="0" fileid="21" />
                <SequencePoint vc="6" uspid="995" ordinal="12" offset="180" sl="126" sc="9" el="126" ec="38" bec="2" bev="1" fileid="21" />
                <SequencePoint vc="0" uspid="996" ordinal="13" offset="186" sl="127" sc="11" el="127" ec="28" bec="0" bev="0" fileid="21" />
                <SequencePoint vc="6" uspid="997" ordinal="14" offset="192" sl="129" sc="9" el="129" ec="66" bec="0" bev="0" fileid="21" />
                <SequencePoint vc="6" uspid="998" ordinal="15" offset="209" sl="130" sc="9" el="130" ec="39" bec="2" bev="2" fileid="21" />
                <SequencePoint vc="2" uspid="999" ordinal="16" offset="233" sl="132" sc="11" el="132" ec="31" bec="0" bev="0" fileid="21" />
                <SequencePoint vc="2" uspid="1000" ordinal="17" offset="235" sl="133" sc="11" el="133" ec="46" bec="0" bev="0" fileid="21" />
                <SequencePoint vc="2" uspid="1001" ordinal="18" offset="242" sl="134" sc="9" el="134" ec="10" bec="0" bev="0" fileid="21" />
                <SequencePoint vc="4" uspid="1002" ordinal="19" offset="247" sl="135" sc="14" el="135" ec="44" bec="2" bev="2" fileid="21" />
                <SequencePoint vc="2" uspid="1003" ordinal="20" offset="274" sl="137" sc="11" el="137" ec="29" bec="2" bev="1" fileid="21" />
                <SequencePoint vc="0" uspid="1004" ordinal="21" offset="277" sl="139" sc="13" el="139" ec="65" bec="0" bev="0" fileid="21" />
                <SequencePoint vc="0" uspid="1005" ordinal="22" offset="298" sl="140" sc="13" el="140" ec="25" bec="0" bev="0" fileid="21" />
                <SequencePoint vc="2" uspid="1006" ordinal="23" offset="300" sl="142" sc="11" el="142" ec="59" bec="0" bev="0" fileid="21" />
                <SequencePoint vc="2" uspid="1007" ordinal="24" offset="310" sl="145" sc="11" el="145" ec="47" bec="0" bev="0" fileid="21" />
                <SequencePoint vc="2" uspid="1008" ordinal="25" offset="318" sl="146" sc="11" el="146" ec="49" bec="0" bev="0" fileid="21" />
                <SequencePoint vc="2" uspid="1009" ordinal="26" offset="326" sl="147" sc="11" el="147" ec="42" bec="0" bev="0" fileid="21" />
                <SequencePoint vc="2" uspid="1010" ordinal="27" offset="338" sl="148" sc="11" el="148" ec="33" bec="0" bev="0" fileid="21" />
                <SequencePoint vc="2" uspid="1011" ordinal="28" offset="344" sl="149" sc="11" el="149" ec="51" bec="0" bev="0" fileid="21" />
                <SequencePoint vc="2" uspid="1012" ordinal="29" offset="353" sl="151" sc="11" el="152" ec="59" bec="0" bev="0" fileid="21" />
                <SequencePoint vc="2" uspid="1013" ordinal="30" offset="418" sl="154" sc="11" el="154" ec="43" bec="0" bev="0" fileid="21" />
                <SequencePoint vc="2" uspid="1014" ordinal="31" offset="427" sl="155" sc="11" el="155" ec="25" bec="2" bev="1" fileid="21" />
                <SequencePoint vc="2" uspid="1015" ordinal="32" offset="433" sl="157" sc="18" el="157" ec="27" bec="0" bev="0" fileid="21" />
                <SequencePoint vc="86170" uspid="1016" ordinal="33" offset="438" sl="158" sc="15" el="158" ec="86" bec="0" bev="0" fileid="21" />
                <SequencePoint vc="86170" uspid="1017" ordinal="34" offset="459" sl="157" sc="42" el="157" ec="45" bec="0" bev="0" fileid="21" />
                <SequencePoint vc="86172" uspid="1018" ordinal="35" offset="465" sl="157" sc="29" el="157" ec="40" bec="2" bev="2" fileid="21" />
                <SequencePoint vc="2" uspid="1019" ordinal="36" offset="471" sl="159" sc="11" el="159" ec="12" bec="0" bev="0" fileid="21" />
                <SequencePoint vc="0" uspid="1020" ordinal="37" offset="473" sl="160" sc="16" el="160" ec="30" bec="2" bev="0" fileid="21" />
                <SequencePoint vc="0" uspid="1021" ordinal="38" offset="479" sl="162" sc="18" el="162" ec="27" bec="0" bev="0" fileid="21" />
                <SequencePoint vc="0" uspid="1022" ordinal="39" offset="484" sl="163" sc="15" el="163" ec="86" bec="0" bev="0" fileid="21" />
                <SequencePoint vc="0" uspid="1023" ordinal="40" offset="505" sl="162" sc="42" el="162" ec="45" bec="0" bev="0" fileid="21" />
                <SequencePoint vc="0" uspid="1024" ordinal="41" offset="511" sl="162" sc="29" el="162" ec="40" bec="2" bev="0" fileid="21" />
                <SequencePoint vc="0" uspid="1025" ordinal="42" offset="517" sl="164" sc="11" el="164" ec="12" bec="0" bev="0" fileid="21" />
                <SequencePoint vc="0" uspid="1026" ordinal="43" offset="519" sl="165" sc="16" el="165" ec="29" bec="2" bev="0" fileid="21" />
                <SequencePoint vc="0" uspid="1027" ordinal="44" offset="524" sl="167" sc="18" el="167" ec="27" bec="0" bev="0" fileid="21" />
                <SequencePoint vc="0" uspid="1028" ordinal="45" offset="529" sl="168" sc="15" el="168" ec="85" bec="0" bev="0" fileid="21" />
                <SequencePoint vc="0" uspid="1029" ordinal="46" offset="550" sl="167" sc="42" el="167" ec="45" bec="0" bev="0" fileid="21" />
                <SequencePoint vc="0" uspid="1030" ordinal="47" offset="556" sl="167" sc="29" el="167" ec="40" bec="2" bev="0" fileid="21" />
                <SequencePoint vc="0" uspid="1031" ordinal="48" offset="562" sl="169" sc="11" el="169" ec="12" bec="0" bev="0" fileid="21" />
                <SequencePoint vc="0" uspid="1032" ordinal="49" offset="564" sl="172" sc="13" el="172" ec="86" bec="0" bev="0" fileid="21" />
                <SequencePoint vc="0" uspid="1033" ordinal="50" offset="595" sl="173" sc="13" el="173" ec="25" bec="0" bev="0" fileid="21" />
                <SequencePoint vc="2" uspid="1034" ordinal="51" offset="597" sl="176" sc="11" el="176" ec="106" bec="0" bev="0" fileid="21" />
                <SequencePoint vc="2" uspid="1035" ordinal="52" offset="614" sl="177" sc="11" el="177" ec="31" bec="0" bev="0" fileid="21" />
                <SequencePoint vc="2" uspid="1036" ordinal="53" offset="623" sl="179" sc="11" el="179" ec="23" bec="0" bev="0" fileid="21" />
                <SequencePoint vc="4" uspid="1037" ordinal="54" offset="624" sl="182" sc="9" el="182" ec="47" bec="0" bev="0" fileid="21" />
                <SequencePoint vc="6" uspid="1038" ordinal="55" offset="637" sl="119" sc="7" el="119" ec="68" bec="2" bev="1" fileid="21" />
                <SequencePoint vc="0" uspid="1039" ordinal="56" offset="664" sl="185" sc="7" el="185" ec="19" bec="0" bev="0" fileid="21" />
              </SequencePoints>
              <BranchPoints>
                <BranchPoint vc="2" uspid="1040" ordinal="0" offset="41" sl="110" path="0" offsetend="43" fileid="21" />
                <BranchPoint vc="0" uspid="1041" ordinal="1" offset="41" sl="110" path="1" offsetend="66" fileid="21" />
                <BranchPoint vc="0" uspid="1042" ordinal="2" offset="64" sl="110" path="0" offsetend="66" fileid="21" />
                <BranchPoint vc="2" uspid="1043" ordinal="3" offset="64" sl="110" path="1" offsetend="117" fileid="21" />
                <BranchPoint vc="2" uspid="1044" ordinal="4" offset="152" sl="124" path="0" offsetend="154" fileid="21" />
                <BranchPoint vc="4" uspid="1045" ordinal="5" offset="152" sl="124" path="1" offsetend="180" fileid="21" />
                <BranchPoint vc="0" uspid="1046" ordinal="6" offset="184" sl="126" path="0" offsetend="186" fileid="21" />
                <BranchPoint vc="6" uspid="1047" ordinal="7" offset="184" sl="126" path="1" offsetend="192" fileid="21" />
                <BranchPoint vc="2" uspid="1048" ordinal="8" offset="231" sl="130" path="0" offsetend="233" fileid="21" />
                <BranchPoint vc="4" uspid="1049" ordinal="9" offset="231" sl="130" path="1" offsetend="247" fileid="21" />
                <BranchPoint vc="2" uspid="1050" ordinal="10" offset="269" sl="135" path="0" offsetend="274" fileid="21" />
                <BranchPoint vc="2" uspid="1051" ordinal="11" offset="269" sl="135" path="1" offsetend="624" fileid="21" />
                <BranchPoint vc="0" uspid="1052" ordinal="12" offset="275" sl="137" path="0" offsetend="277" fileid="21" />
                <BranchPoint vc="2" uspid="1053" ordinal="13" offset="275" sl="137" path="1" offsetend="300" fileid="21" />
                <BranchPoint vc="2" uspid="1054" ordinal="14" offset="431" sl="155" path="0" offsetend="433" fileid="21" />
                <BranchPoint vc="0" uspid="1055" ordinal="15" offset="431" sl="155" path="1" offsetend="473" fileid="21" />
                <BranchPoint vc="2" uspid="1056" ordinal="16" offset="469" sl="157" path="0" offsetchain="471" offsetend="597" fileid="21" />
                <BranchPoint vc="86170" uspid="1057" ordinal="17" offset="469" sl="157" path="1" offsetend="438" fileid="21" />
                <BranchPoint vc="0" uspid="1058" ordinal="18" offset="477" sl="160" path="0" offsetend="479" fileid="21" />
                <BranchPoint vc="0" uspid="1059" ordinal="19" offset="477" sl="160" path="1" offsetend="519" fileid="21" />
                <BranchPoint vc="0" uspid="1060" ordinal="20" offset="515" sl="162" path="0" offsetchain="517" offsetend="597" fileid="21" />
                <BranchPoint vc="0" uspid="1061" ordinal="21" offset="515" sl="162" path="1" offsetend="484" fileid="21" />
                <BranchPoint vc="0" uspid="1062" ordinal="22" offset="522" sl="165" path="0" offsetend="524" fileid="21" />
                <BranchPoint vc="0" uspid="1063" ordinal="23" offset="522" sl="165" path="1" offsetend="564" fileid="21" />
                <BranchPoint vc="0" uspid="1064" ordinal="24" offset="560" sl="167" path="0" offsetchain="562" offsetend="597" fileid="21" />
                <BranchPoint vc="0" uspid="1065" ordinal="25" offset="560" sl="167" path="1" offsetend="529" fileid="21" />
                <BranchPoint vc="0" uspid="1066" ordinal="26" offset="659" sl="119" path="0" offsetend="664" fileid="21" />
                <BranchPoint vc="6" uspid="1067" ordinal="27" offset="659" sl="119" path="1" offsetend="132" fileid="21" />
              </BranchPoints>
              <MethodPoint xsi:type="SequencePoint" vc="2" uspid="983" ordinal="0" offset="0" sl="106" sc="7" el="106" ec="59" bec="0" bev="0" fileid="21" />
            </Method>
            <Method visited="true" cyclomaticComplexity="7" nPathComplexity="64" sequenceCoverage="72.55" branchCoverage="30.77" isConstructor="false" isStatic="true" isGetter="false" isSetter="false">
              <Summary numSequencePoints="51" visitedSequencePoints="37" numBranchPoints="13" visitedBranchPoints="4" sequenceCoverage="72.55" branchCoverage="30.77" maxCyclomaticComplexity="7" minCyclomaticComplexity="7" visitedClasses="0" numClasses="0" visitedMethods="1" numMethods="1" />
              <MetadataToken>100663773</MetadataToken>
              <Name>System.Byte[] IBM.Watson.DeveloperCloud.Utilities.WaveFile::CreateWAV(IBM.Watson.DeveloperCloud.Utilities.AudioClip,System.Int32)</Name>
              <FileRef uid="21" />
              <SequencePoints>
                <SequencePoint vc="1" uspid="1068" ordinal="0" offset="0" sl="196" sc="7" el="196" ec="48" bec="0" bev="0" fileid="21" />
                <SequencePoint vc="1" uspid="1069" ordinal="1" offset="6" sl="197" sc="7" el="197" ec="54" bec="0" bev="0" fileid="21" />
                <SequencePoint vc="1" uspid="1070" ordinal="2" offset="13" sl="199" sc="7" el="199" ec="50" bec="0" bev="0" fileid="21" />
                <SequencePoint vc="1" uspid="1071" ordinal="3" offset="21" sl="200" sc="7" el="200" ec="37" bec="0" bev="0" fileid="21" />
                <SequencePoint vc="1" uspid="1072" ordinal="4" offset="38" sl="201" sc="7" el="201" ec="37" bec="0" bev="0" fileid="21" />
                <SequencePoint vc="1" uspid="1073" ordinal="5" offset="46" sl="202" sc="7" el="202" ec="32" bec="0" bev="0" fileid="21" />
                <SequencePoint vc="1" uspid="1074" ordinal="6" offset="63" sl="203" sc="7" el="203" ec="31" bec="0" bev="0" fileid="21" />
                <SequencePoint vc="1" uspid="1075" ordinal="7" offset="70" sl="205" sc="7" el="205" ec="52" bec="0" bev="0" fileid="21" />
                <SequencePoint vc="1" uspid="1076" ordinal="8" offset="82" sl="206" sc="7" el="206" ec="38" bec="0" bev="0" fileid="21" />
                <SequencePoint vc="1" uspid="1077" ordinal="9" offset="93" sl="208" sc="7" el="208" ec="38" bec="0" bev="0" fileid="21" />
                <SequencePoint vc="1" uspid="1078" ordinal="10" offset="101" sl="209" sc="7" el="209" ec="29" bec="0" bev="0" fileid="21" />
                <SequencePoint vc="1" uspid="1079" ordinal="11" offset="109" sl="210" sc="7" el="210" ec="28" bec="0" bev="0" fileid="21" />
                <SequencePoint vc="1" uspid="1080" ordinal="12" offset="117" sl="211" sc="7" el="211" ec="44" bec="0" bev="0" fileid="21" />
                <SequencePoint vc="1" uspid="1081" ordinal="13" offset="126" sl="212" sc="7" el="212" ec="49" bec="0" bev="0" fileid="21" />
                <SequencePoint vc="1" uspid="1082" ordinal="14" offset="139" sl="213" sc="7" el="213" ec="47" bec="0" bev="0" fileid="21" />
                <SequencePoint vc="1" uspid="1083" ordinal="15" offset="153" sl="214" sc="7" el="214" ec="85" bec="0" bev="0" fileid="21" />
                <SequencePoint vc="1" uspid="1084" ordinal="16" offset="177" sl="216" sc="7" el="216" ec="39" bec="0" bev="0" fileid="21" />
                <SequencePoint vc="1" uspid="1085" ordinal="17" offset="185" sl="217" sc="7" el="217" ec="31" bec="0" bev="0" fileid="21" />
                <SequencePoint vc="1" uspid="1086" ordinal="18" offset="202" sl="218" sc="7" el="218" ec="49" bec="0" bev="0" fileid="21" />
                <SequencePoint vc="1" uspid="1087" ordinal="19" offset="216" sl="219" sc="7" el="219" ec="30" bec="0" bev="0" fileid="21" />
                <SequencePoint vc="1" uspid="1088" ordinal="20" offset="224" sl="220" sc="7" el="220" ec="33" bec="0" bev="0" fileid="21" />
                <SequencePoint vc="1" uspid="1089" ordinal="21" offset="232" sl="222" sc="7" el="222" ec="40" bec="0" bev="0" fileid="21" />
                <SequencePoint vc="1" uspid="1090" ordinal="22" offset="240" sl="223" sc="7" el="223" ec="32" bec="0" bev="0" fileid="21" />
                <SequencePoint vc="1" uspid="1091" ordinal="23" offset="257" sl="224" sc="7" el="224" ec="70" bec="0" bev="0" fileid="21" />
                <SequencePoint vc="1" uspid="1092" ordinal="24" offset="281" sl="225" sc="7" el="225" ec="31" bec="0" bev="0" fileid="21" />
                <SequencePoint vc="1" uspid="1093" ordinal="25" offset="289" sl="227" sc="7" el="227" ec="65" bec="0" bev="0" fileid="21" />
                <SequencePoint vc="1" uspid="1094" ordinal="26" offset="309" sl="228" sc="7" el="228" ec="36" bec="0" bev="0" fileid="21" />
                <SequencePoint vc="1" uspid="1095" ordinal="27" offset="318" sl="230" sc="7" el="230" ec="21" bec="2" bev="1" fileid="21" />
                <SequencePoint vc="1" uspid="1096" ordinal="28" offset="323" sl="232" sc="14" el="232" ec="23" bec="0" bev="0" fileid="21" />
                <SequencePoint vc="264600" uspid="1097" ordinal="29" offset="328" sl="233" sc="11" el="233" ec="55" bec="0" bev="0" fileid="21" />
                <SequencePoint vc="264600" uspid="1098" ordinal="30" offset="343" sl="232" sc="45" el="232" ec="48" bec="0" bev="0" fileid="21" />
                <SequencePoint vc="264601" uspid="1099" ordinal="31" offset="349" sl="232" sc="25" el="232" ec="43" bec="2" bev="2" fileid="21" />
                <SequencePoint vc="1" uspid="1100" ordinal="32" offset="357" sl="234" sc="7" el="234" ec="8" bec="0" bev="0" fileid="21" />
                <SequencePoint vc="0" uspid="1101" ordinal="33" offset="359" sl="235" sc="12" el="235" ec="26" bec="2" bev="0" fileid="21" />
                <SequencePoint vc="0" uspid="1102" ordinal="34" offset="364" sl="237" sc="14" el="237" ec="23" bec="0" bev="0" fileid="21" />
                <SequencePoint vc="0" uspid="1103" ordinal="35" offset="369" sl="238" sc="11" el="238" ec="53" bec="0" bev="0" fileid="21" />
                <SequencePoint vc="0" uspid="1104" ordinal="36" offset="384" sl="237" sc="45" el="237" ec="48" bec="0" bev="0" fileid="21" />
                <SequencePoint vc="0" uspid="1105" ordinal="37" offset="390" sl="237" sc="25" el="237" ec="43" bec="2" bev="0" fileid="21" />
                <SequencePoint vc="0" uspid="1106" ordinal="38" offset="398" sl="239" sc="7" el="239" ec="8" bec="0" bev="0" fileid="21" />
                <SequencePoint vc="0" uspid="1107" ordinal="39" offset="400" sl="240" sc="12" el="240" ec="25" bec="2" bev="0" fileid="21" />
                <SequencePoint vc="0" uspid="1108" ordinal="40" offset="404" sl="242" sc="14" el="242" ec="23" bec="0" bev="0" fileid="21" />
                <SequencePoint vc="0" uspid="1109" ordinal="41" offset="409" sl="243" sc="11" el="243" ec="54" bec="0" bev="0" fileid="21" />
                <SequencePoint vc="0" uspid="1110" ordinal="42" offset="424" sl="242" sc="45" el="242" ec="48" bec="0" bev="0" fileid="21" />
                <SequencePoint vc="0" uspid="1111" ordinal="43" offset="430" sl="242" sc="25" el="242" ec="43" bec="2" bev="0" fileid="21" />
                <SequencePoint vc="0" uspid="1112" ordinal="44" offset="438" sl="244" sc="7" el="244" ec="8" bec="0" bev="0" fileid="21" />
                <SequencePoint vc="0" uspid="1113" ordinal="45" offset="440" sl="247" sc="9" el="247" ec="84" bec="0" bev="0" fileid="21" />
                <SequencePoint vc="0" uspid="1114" ordinal="46" offset="471" sl="248" sc="9" el="248" ec="21" bec="0" bev="0" fileid="21" />
                <SequencePoint vc="1" uspid="1115" ordinal="47" offset="473" sl="252" sc="7" el="252" ec="74" bec="0" bev="0" fileid="21" />
                <SequencePoint vc="1" uspid="1116" ordinal="48" offset="494" sl="253" sc="7" el="253" ec="40" bec="0" bev="0" fileid="21" />
                <SequencePoint vc="1" uspid="1117" ordinal="49" offset="503" sl="254" sc="7" el="254" ec="31" bec="0" bev="0" fileid="21" />
                <SequencePoint vc="1" uspid="1118" ordinal="50" offset="510" sl="256" sc="7" el="256" ec="33" bec="0" bev="0" fileid="21" />
              </SequencePoints>
              <BranchPoints>
                <BranchPoint vc="1" uspid="1119" ordinal="0" offset="321" sl="230" path="0" offsetend="323" fileid="21" />
                <BranchPoint vc="0" uspid="1120" ordinal="1" offset="321" sl="230" path="1" offsetend="359" fileid="21" />
                <BranchPoint vc="1" uspid="1121" ordinal="2" offset="355" sl="232" path="0" offsetchain="357" offsetend="473" fileid="21" />
                <BranchPoint vc="264600" uspid="1122" ordinal="3" offset="355" sl="232" path="1" offsetend="328" fileid="21" />
                <BranchPoint vc="0" uspid="1123" ordinal="4" offset="362" sl="235" path="0" offsetend="364" fileid="21" />
                <BranchPoint vc="0" uspid="1124" ordinal="5" offset="362" sl="235" path="1" offsetend="400" fileid="21" />
                <BranchPoint vc="0" uspid="1125" ordinal="6" offset="396" sl="237" path="0" offsetchain="398" offsetend="473" fileid="21" />
                <BranchPoint vc="0" uspid="1126" ordinal="7" offset="396" sl="237" path="1" offsetend="369" fileid="21" />
                <BranchPoint vc="0" uspid="1127" ordinal="8" offset="402" sl="240" path="0" offsetend="404" fileid="21" />
                <BranchPoint vc="0" uspid="1128" ordinal="9" offset="402" sl="240" path="1" offsetend="440" fileid="21" />
                <BranchPoint vc="0" uspid="1129" ordinal="10" offset="436" sl="242" path="0" offsetchain="438" offsetend="473" fileid="21" />
                <BranchPoint vc="0" uspid="1130" ordinal="11" offset="436" sl="242" path="1" offsetend="409" fileid="21" />
              </BranchPoints>
              <MethodPoint xsi:type="SequencePoint" vc="1" uspid="1068" ordinal="0" offset="0" sl="196" sc="7" el="196" ec="48" bec="0" bev="0" fileid="21" />
            </Method>
          </Methods>
        </Class>
        <Class>
          <Summary numSequencePoints="9" visitedSequencePoints="0" numBranchPoints="6" visitedBranchPoints="0" sequenceCoverage="0" branchCoverage="0" maxCyclomaticComplexity="2" minCyclomaticComplexity="1" visitedClasses="0" numClasses="1" visitedMethods="0" numMethods="4" />
          <FullName>IBM.Watson.DeveloperCloud.Testing.UnitTest</FullName>
          <Methods>
            <Method visited="false" cyclomaticComplexity="1" nPathComplexity="0" sequenceCoverage="0" branchCoverage="0" isConstructor="false" isStatic="false" isGetter="true" isSetter="false">
              <Summary numSequencePoints="1" visitedSequencePoints="0" numBranchPoints="1" visitedBranchPoints="0" sequenceCoverage="0" branchCoverage="0" maxCyclomaticComplexity="1" minCyclomaticComplexity="1" visitedClasses="0" numClasses="0" visitedMethods="0" numMethods="1" />
              <MetadataToken>100663774</MetadataToken>
              <Name>System.Boolean IBM.Watson.DeveloperCloud.Testing.UnitTest::get_TestFailed()</Name>
              <FileRef uid="22" />
              <SequencePoints>
                <SequencePoint vc="0" uspid="1131" ordinal="0" offset="0" sl="25" sc="30" el="25" ec="34" bec="0" bev="0" fileid="22" />
              </SequencePoints>
              <BranchPoints />
              <MethodPoint xsi:type="SequencePoint" vc="0" uspid="1131" ordinal="0" offset="0" sl="25" sc="30" el="25" ec="34" bec="0" bev="0" fileid="22" />
            </Method>
            <Method visited="false" cyclomaticComplexity="1" nPathComplexity="0" sequenceCoverage="0" branchCoverage="0" isConstructor="false" isStatic="false" isGetter="false" isSetter="true">
              <Summary numSequencePoints="1" visitedSequencePoints="0" numBranchPoints="1" visitedBranchPoints="0" sequenceCoverage="0" branchCoverage="0" maxCyclomaticComplexity="1" minCyclomaticComplexity="1" visitedClasses="0" numClasses="0" visitedMethods="0" numMethods="1" />
              <MetadataToken>100663775</MetadataToken>
              <Name>System.Void IBM.Watson.DeveloperCloud.Testing.UnitTest::set_TestFailed(System.Boolean)</Name>
              <FileRef uid="22" />
              <SequencePoints>
                <SequencePoint vc="0" uspid="1132" ordinal="0" offset="0" sl="25" sc="35" el="25" ec="39" bec="0" bev="0" fileid="22" />
              </SequencePoints>
              <BranchPoints />
              <MethodPoint xsi:type="SequencePoint" vc="0" uspid="1132" ordinal="0" offset="0" sl="25" sc="35" el="25" ec="39" bec="0" bev="0" fileid="22" />
            </Method>
            <Method visited="false" cyclomaticComplexity="2" nPathComplexity="2" sequenceCoverage="0" branchCoverage="0" isConstructor="false" isStatic="false" isGetter="false" isSetter="false">
              <Summary numSequencePoints="6" visitedSequencePoints="0" numBranchPoints="3" visitedBranchPoints="0" sequenceCoverage="0" branchCoverage="0" maxCyclomaticComplexity="2" minCyclomaticComplexity="2" visitedClasses="0" numClasses="0" visitedMethods="0" numMethods="1" />
              <MetadataToken>100663777</MetadataToken>
              <Name>System.Void IBM.Watson.DeveloperCloud.Testing.UnitTest::Test(System.Boolean)</Name>
              <FileRef uid="22" />
              <SequencePoints>
                <SequencePoint vc="0" uspid="1133" ordinal="0" offset="0" sl="35" sc="7" el="35" ec="22" bec="2" bev="0" fileid="22" />
                <SequencePoint vc="0" uspid="1134" ordinal="1" offset="3" sl="37" sc="9" el="37" ec="111" bec="0" bev="0" fileid="22" />
                <SequencePoint vc="0" uspid="1135" ordinal="2" offset="46" sl="38" sc="9" el="38" ec="27" bec="0" bev="0" fileid="22" />
                <SequencePoint vc="0" uspid="1136" ordinal="3" offset="53" sl="39" sc="7" el="39" ec="8" bec="0" bev="0" fileid="22" />
                <SequencePoint vc="0" uspid="1137" ordinal="4" offset="54" sl="42" sc="9" el="42" ec="76" bec="0" bev="0" fileid="22" />
                <SequencePoint vc="0" uspid="1138" ordinal="5" offset="89" sl="44" sc="5" el="44" ec="6" bec="0" bev="0" fileid="22" />
              </SequencePoints>
              <BranchPoints>
                <BranchPoint vc="0" uspid="1139" ordinal="0" offset="1" sl="35" path="0" offsetend="3" fileid="22" />
                <BranchPoint vc="0" uspid="1140" ordinal="1" offset="1" sl="35" path="1" offsetend="54" fileid="22" />
              </BranchPoints>
              <MethodPoint xsi:type="SequencePoint" vc="0" uspid="1133" ordinal="0" offset="0" sl="35" sc="7" el="35" ec="22" bec="2" bev="0" fileid="22" />
            </Method>
            <Method visited="false" cyclomaticComplexity="1" nPathComplexity="0" sequenceCoverage="0" branchCoverage="0" isConstructor="false" isStatic="false" isGetter="false" isSetter="false">
              <Summary numSequencePoints="1" visitedSequencePoints="0" numBranchPoints="1" visitedBranchPoints="0" sequenceCoverage="0" branchCoverage="0" maxCyclomaticComplexity="1" minCyclomaticComplexity="1" visitedClasses="0" numClasses="0" visitedMethods="0" numMethods="1" />
              <MetadataToken>100663778</MetadataToken>
              <Name>System.String IBM.Watson.DeveloperCloud.Testing.UnitTest::ProjectToTest()</Name>
              <FileRef uid="22" />
              <SequencePoints>
                <SequencePoint vc="0" uspid="1141" ordinal="0" offset="0" sl="48" sc="7" el="48" ec="19" bec="0" bev="0" fileid="22" />
              </SequencePoints>
              <BranchPoints />
              <MethodPoint xsi:type="SequencePoint" vc="0" uspid="1141" ordinal="0" offset="0" sl="48" sc="7" el="48" ec="19" bec="0" bev="0" fileid="22" />
            </Method>
            <Method visited="false" cyclomaticComplexity="1" nPathComplexity="0" sequenceCoverage="0" branchCoverage="0" isConstructor="true" isStatic="false" isGetter="false" isSetter="false">
              <Summary numSequencePoints="0" visitedSequencePoints="0" numBranchPoints="0" visitedBranchPoints="0" sequenceCoverage="0" branchCoverage="0" maxCyclomaticComplexity="1" minCyclomaticComplexity="1" visitedClasses="0" numClasses="0" visitedMethods="0" numMethods="0" />
              <MetadataToken>100663779</MetadataToken>
              <Name>System.Void IBM.Watson.DeveloperCloud.Testing.UnitTest::.ctor()</Name>
              <SequencePoints />
              <BranchPoints />
              <MethodPoint vc="0" uspid="1142" ordinal="0" offset="0" />
            </Method>
          </Methods>
        </Class>
        <Class>
          <Summary numSequencePoints="1" visitedSequencePoints="0" numBranchPoints="1" visitedBranchPoints="0" sequenceCoverage="0" branchCoverage="0" maxCyclomaticComplexity="1" minCyclomaticComplexity="1" visitedClasses="0" numClasses="1" visitedMethods="0" numMethods="1" />
          <FullName>IBM.Watson.DeveloperCloud.Testing.TestRunnable</FullName>
          <Methods>
            <Method visited="false" cyclomaticComplexity="1" nPathComplexity="0" sequenceCoverage="0" branchCoverage="0" isConstructor="false" isStatic="false" isGetter="false" isSetter="false">
              <Summary numSequencePoints="1" visitedSequencePoints="0" numBranchPoints="1" visitedBranchPoints="0" sequenceCoverage="0" branchCoverage="0" maxCyclomaticComplexity="1" minCyclomaticComplexity="1" visitedClasses="0" numClasses="0" visitedMethods="0" numMethods="1" />
              <MetadataToken>100663780</MetadataToken>
              <Name>System.Int32 IBM.Watson.DeveloperCloud.Testing.TestRunnable::RunTest()</Name>
              <FileRef uid="23" />
              <SequencePoints>
                <SequencePoint vc="0" uspid="1143" ordinal="0" offset="0" sl="27" sc="7" el="27" ec="43" bec="0" bev="0" fileid="23" />
              </SequencePoints>
              <BranchPoints />
              <MethodPoint xsi:type="SequencePoint" vc="0" uspid="1143" ordinal="0" offset="0" sl="27" sc="7" el="27" ec="43" bec="0" bev="0" fileid="23" />
            </Method>
            <Method visited="false" cyclomaticComplexity="1" nPathComplexity="0" sequenceCoverage="0" branchCoverage="0" isConstructor="true" isStatic="false" isGetter="false" isSetter="false">
              <Summary numSequencePoints="0" visitedSequencePoints="0" numBranchPoints="0" visitedBranchPoints="0" sequenceCoverage="0" branchCoverage="0" maxCyclomaticComplexity="1" minCyclomaticComplexity="1" visitedClasses="0" numClasses="0" visitedMethods="0" numMethods="0" />
              <MetadataToken>100663781</MetadataToken>
              <Name>System.Void IBM.Watson.DeveloperCloud.Testing.TestRunnable::.ctor()</Name>
              <SequencePoints />
              <BranchPoints />
              <MethodPoint vc="0" uspid="1144" ordinal="0" offset="0" />
            </Method>
          </Methods>
        </Class>
        <Class>
          <Summary numSequencePoints="0" visitedSequencePoints="0" numBranchPoints="0" visitedBranchPoints="0" sequenceCoverage="0" branchCoverage="0" maxCyclomaticComplexity="0" minCyclomaticComplexity="0" visitedClasses="0" numClasses="0" visitedMethods="0" numMethods="0" />
          <FullName>IBM.Watson.DeveloperCloud.Services.ServiceStatus</FullName>
          <Methods>
            <Method skippedDueTo="Unknown" visited="false" cyclomaticComplexity="0" nPathComplexity="0" sequenceCoverage="0" branchCoverage="0" isConstructor="true" isStatic="false" isGetter="false" isSetter="false">
              <MetadataToken>100663782</MetadataToken>
              <Name>System.Void IBM.Watson.DeveloperCloud.Services.ServiceStatus::.ctor(System.Object,System.IntPtr)</Name>
              <SequencePoints />
              <BranchPoints />
            </Method>
            <Method skippedDueTo="Unknown" visited="false" cyclomaticComplexity="0" nPathComplexity="0" sequenceCoverage="0" branchCoverage="0" isConstructor="false" isStatic="false" isGetter="false" isSetter="false">
              <MetadataToken>100663783</MetadataToken>
              <Name>System.Void IBM.Watson.DeveloperCloud.Services.ServiceStatus::Invoke(System.String,System.Boolean)</Name>
              <SequencePoints />
              <BranchPoints />
            </Method>
            <Method skippedDueTo="Unknown" visited="false" cyclomaticComplexity="0" nPathComplexity="0" sequenceCoverage="0" branchCoverage="0" isConstructor="false" isStatic="false" isGetter="false" isSetter="false">
              <MetadataToken>100663784</MetadataToken>
              <Name>System.IAsyncResult IBM.Watson.DeveloperCloud.Services.ServiceStatus::BeginInvoke(System.String,System.Boolean,System.AsyncCallback,System.Object)</Name>
              <SequencePoints />
              <BranchPoints />
            </Method>
            <Method skippedDueTo="Unknown" visited="false" cyclomaticComplexity="0" nPathComplexity="0" sequenceCoverage="0" branchCoverage="0" isConstructor="false" isStatic="false" isGetter="false" isSetter="false">
              <MetadataToken>100663785</MetadataToken>
              <Name>System.Void IBM.Watson.DeveloperCloud.Services.ServiceStatus::EndInvoke(System.IAsyncResult)</Name>
              <SequencePoints />
              <BranchPoints />
            </Method>
          </Methods>
        </Class>
        <Class>
          <Summary numSequencePoints="0" visitedSequencePoints="0" numBranchPoints="0" visitedBranchPoints="0" sequenceCoverage="0" branchCoverage="0" maxCyclomaticComplexity="1" minCyclomaticComplexity="1" visitedClasses="0" numClasses="0" visitedMethods="0" numMethods="0" />
          <FullName>IBM.Watson.DeveloperCloud.Services.VisualRecognition.v3.ClassifyTopLevelMultiple</FullName>
          <Methods>
            <Method visited="true" cyclomaticComplexity="1" nPathComplexity="0" sequenceCoverage="0" branchCoverage="0" isConstructor="true" isStatic="false" isGetter="false" isSetter="false">
              <Summary numSequencePoints="0" visitedSequencePoints="0" numBranchPoints="0" visitedBranchPoints="0" sequenceCoverage="0" branchCoverage="0" maxCyclomaticComplexity="1" minCyclomaticComplexity="1" visitedClasses="0" numClasses="0" visitedMethods="0" numMethods="0" />
              <MetadataToken>100663794</MetadataToken>
              <Name>System.Void IBM.Watson.DeveloperCloud.Services.VisualRecognition.v3.ClassifyTopLevelMultiple::.ctor()</Name>
              <SequencePoints />
              <BranchPoints />
              <MethodPoint vc="2" uspid="1145" ordinal="0" offset="0" />
            </Method>
          </Methods>
        </Class>
        <Class>
          <Summary numSequencePoints="0" visitedSequencePoints="0" numBranchPoints="0" visitedBranchPoints="0" sequenceCoverage="0" branchCoverage="0" maxCyclomaticComplexity="1" minCyclomaticComplexity="1" visitedClasses="0" numClasses="0" visitedMethods="0" numMethods="0" />
          <FullName>IBM.Watson.DeveloperCloud.Services.VisualRecognition.v3.ClassifyTopLevelSingle</FullName>
          <Methods>
            <Method visited="true" cyclomaticComplexity="1" nPathComplexity="0" sequenceCoverage="0" branchCoverage="0" isConstructor="true" isStatic="false" isGetter="false" isSetter="false">
              <Summary numSequencePoints="0" visitedSequencePoints="0" numBranchPoints="0" visitedBranchPoints="0" sequenceCoverage="0" branchCoverage="0" maxCyclomaticComplexity="1" minCyclomaticComplexity="1" visitedClasses="0" numClasses="0" visitedMethods="0" numMethods="0" />
              <MetadataToken>100663805</MetadataToken>
              <Name>System.Void IBM.Watson.DeveloperCloud.Services.VisualRecognition.v3.ClassifyTopLevelSingle::.ctor()</Name>
              <SequencePoints />
              <BranchPoints />
              <MethodPoint vc="2" uspid="1146" ordinal="0" offset="0" />
            </Method>
          </Methods>
        </Class>
        <Class>
          <Summary numSequencePoints="0" visitedSequencePoints="0" numBranchPoints="0" visitedBranchPoints="0" sequenceCoverage="0" branchCoverage="0" maxCyclomaticComplexity="1" minCyclomaticComplexity="1" visitedClasses="0" numClasses="0" visitedMethods="0" numMethods="0" />
          <FullName>IBM.Watson.DeveloperCloud.Services.VisualRecognition.v3.ClassifyPerClassifier</FullName>
          <Methods>
            <Method visited="true" cyclomaticComplexity="1" nPathComplexity="0" sequenceCoverage="0" branchCoverage="0" isConstructor="true" isStatic="false" isGetter="false" isSetter="false">
              <Summary numSequencePoints="0" visitedSequencePoints="0" numBranchPoints="0" visitedBranchPoints="0" sequenceCoverage="0" branchCoverage="0" maxCyclomaticComplexity="1" minCyclomaticComplexity="1" visitedClasses="0" numClasses="0" visitedMethods="0" numMethods="0" />
              <MetadataToken>100663812</MetadataToken>
              <Name>System.Void IBM.Watson.DeveloperCloud.Services.VisualRecognition.v3.ClassifyPerClassifier::.ctor()</Name>
              <SequencePoints />
              <BranchPoints />
              <MethodPoint vc="4" uspid="1147" ordinal="0" offset="0" />
            </Method>
          </Methods>
        </Class>
        <Class>
          <Summary numSequencePoints="0" visitedSequencePoints="0" numBranchPoints="0" visitedBranchPoints="0" sequenceCoverage="0" branchCoverage="0" maxCyclomaticComplexity="1" minCyclomaticComplexity="1" visitedClasses="0" numClasses="0" visitedMethods="0" numMethods="0" />
          <FullName>IBM.Watson.DeveloperCloud.Services.VisualRecognition.v3.ClassResult</FullName>
          <Methods>
            <Method visited="true" cyclomaticComplexity="1" nPathComplexity="0" sequenceCoverage="0" branchCoverage="0" isConstructor="true" isStatic="false" isGetter="false" isSetter="false">
              <Summary numSequencePoints="0" visitedSequencePoints="0" numBranchPoints="0" visitedBranchPoints="0" sequenceCoverage="0" branchCoverage="0" maxCyclomaticComplexity="1" minCyclomaticComplexity="1" visitedClasses="0" numClasses="0" visitedMethods="0" numMethods="0" />
              <MetadataToken>100663819</MetadataToken>
              <Name>System.Void IBM.Watson.DeveloperCloud.Services.VisualRecognition.v3.ClassResult::.ctor()</Name>
              <SequencePoints />
              <BranchPoints />
              <MethodPoint vc="12" uspid="1148" ordinal="0" offset="0" />
            </Method>
          </Methods>
        </Class>
        <Class>
          <Summary numSequencePoints="0" visitedSequencePoints="0" numBranchPoints="0" visitedBranchPoints="0" sequenceCoverage="0" branchCoverage="0" maxCyclomaticComplexity="1" minCyclomaticComplexity="1" visitedClasses="0" numClasses="0" visitedMethods="0" numMethods="0" />
          <FullName>IBM.Watson.DeveloperCloud.Services.VisualRecognition.v3.ClassifyParameters</FullName>
          <Methods>
            <Method visited="false" cyclomaticComplexity="1" nPathComplexity="0" sequenceCoverage="0" branchCoverage="0" isConstructor="true" isStatic="false" isGetter="false" isSetter="false">
              <Summary numSequencePoints="0" visitedSequencePoints="0" numBranchPoints="0" visitedBranchPoints="0" sequenceCoverage="0" branchCoverage="0" maxCyclomaticComplexity="1" minCyclomaticComplexity="1" visitedClasses="0" numClasses="0" visitedMethods="0" numMethods="0" />
              <MetadataToken>100663828</MetadataToken>
              <Name>System.Void IBM.Watson.DeveloperCloud.Services.VisualRecognition.v3.ClassifyParameters::.ctor()</Name>
              <SequencePoints />
              <BranchPoints />
              <MethodPoint vc="0" uspid="1149" ordinal="0" offset="0" />
            </Method>
          </Methods>
        </Class>
        <Class>
          <Summary numSequencePoints="0" visitedSequencePoints="0" numBranchPoints="0" visitedBranchPoints="0" sequenceCoverage="0" branchCoverage="0" maxCyclomaticComplexity="1" minCyclomaticComplexity="1" visitedClasses="0" numClasses="0" visitedMethods="0" numMethods="0" />
          <FullName>IBM.Watson.DeveloperCloud.Services.VisualRecognition.v3.FacesTopLevelMultiple</FullName>
          <Methods>
            <Method visited="true" cyclomaticComplexity="1" nPathComplexity="0" sequenceCoverage="0" branchCoverage="0" isConstructor="true" isStatic="false" isGetter="false" isSetter="false">
              <Summary numSequencePoints="0" visitedSequencePoints="0" numBranchPoints="0" visitedBranchPoints="0" sequenceCoverage="0" branchCoverage="0" maxCyclomaticComplexity="1" minCyclomaticComplexity="1" visitedClasses="0" numClasses="0" visitedMethods="0" numMethods="0" />
              <MetadataToken>100663835</MetadataToken>
              <Name>System.Void IBM.Watson.DeveloperCloud.Services.VisualRecognition.v3.FacesTopLevelMultiple::.ctor()</Name>
              <SequencePoints />
              <BranchPoints />
              <MethodPoint vc="2" uspid="1150" ordinal="0" offset="0" />
            </Method>
          </Methods>
        </Class>
        <Class>
          <Summary numSequencePoints="0" visitedSequencePoints="0" numBranchPoints="0" visitedBranchPoints="0" sequenceCoverage="0" branchCoverage="0" maxCyclomaticComplexity="1" minCyclomaticComplexity="1" visitedClasses="0" numClasses="0" visitedMethods="0" numMethods="0" />
          <FullName>IBM.Watson.DeveloperCloud.Services.VisualRecognition.v3.FacesTopLevelSingle</FullName>
          <Methods>
            <Method visited="true" cyclomaticComplexity="1" nPathComplexity="0" sequenceCoverage="0" branchCoverage="0" isConstructor="true" isStatic="false" isGetter="false" isSetter="false">
              <Summary numSequencePoints="0" visitedSequencePoints="0" numBranchPoints="0" visitedBranchPoints="0" sequenceCoverage="0" branchCoverage="0" maxCyclomaticComplexity="1" minCyclomaticComplexity="1" visitedClasses="0" numClasses="0" visitedMethods="0" numMethods="0" />
              <MetadataToken>100663846</MetadataToken>
              <Name>System.Void IBM.Watson.DeveloperCloud.Services.VisualRecognition.v3.FacesTopLevelSingle::.ctor()</Name>
              <SequencePoints />
              <BranchPoints />
              <MethodPoint vc="2" uspid="1151" ordinal="0" offset="0" />
            </Method>
          </Methods>
        </Class>
        <Class>
          <Summary numSequencePoints="0" visitedSequencePoints="0" numBranchPoints="0" visitedBranchPoints="0" sequenceCoverage="0" branchCoverage="0" maxCyclomaticComplexity="1" minCyclomaticComplexity="1" visitedClasses="0" numClasses="0" visitedMethods="0" numMethods="0" />
          <FullName>IBM.Watson.DeveloperCloud.Services.VisualRecognition.v3.OneFaceResult</FullName>
          <Methods>
            <Method visited="true" cyclomaticComplexity="1" nPathComplexity="0" sequenceCoverage="0" branchCoverage="0" isConstructor="true" isStatic="false" isGetter="false" isSetter="false">
              <Summary numSequencePoints="0" visitedSequencePoints="0" numBranchPoints="0" visitedBranchPoints="0" sequenceCoverage="0" branchCoverage="0" maxCyclomaticComplexity="1" minCyclomaticComplexity="1" visitedClasses="0" numClasses="0" visitedMethods="0" numMethods="0" />
              <MetadataToken>100663855</MetadataToken>
              <Name>System.Void IBM.Watson.DeveloperCloud.Services.VisualRecognition.v3.OneFaceResult::.ctor()</Name>
              <SequencePoints />
              <BranchPoints />
              <MethodPoint vc="2" uspid="1152" ordinal="0" offset="0" />
            </Method>
          </Methods>
        </Class>
        <Class>
          <Summary numSequencePoints="0" visitedSequencePoints="0" numBranchPoints="0" visitedBranchPoints="0" sequenceCoverage="0" branchCoverage="0" maxCyclomaticComplexity="1" minCyclomaticComplexity="1" visitedClasses="0" numClasses="0" visitedMethods="0" numMethods="0" />
          <FullName>IBM.Watson.DeveloperCloud.Services.VisualRecognition.v3.DetectFacesParameters</FullName>
          <Methods>
            <Method visited="false" cyclomaticComplexity="1" nPathComplexity="0" sequenceCoverage="0" branchCoverage="0" isConstructor="true" isStatic="false" isGetter="false" isSetter="false">
              <Summary numSequencePoints="0" visitedSequencePoints="0" numBranchPoints="0" visitedBranchPoints="0" sequenceCoverage="0" branchCoverage="0" maxCyclomaticComplexity="1" minCyclomaticComplexity="1" visitedClasses="0" numClasses="0" visitedMethods="0" numMethods="0" />
              <MetadataToken>100663858</MetadataToken>
              <Name>System.Void IBM.Watson.DeveloperCloud.Services.VisualRecognition.v3.DetectFacesParameters::.ctor()</Name>
              <SequencePoints />
              <BranchPoints />
              <MethodPoint vc="0" uspid="1153" ordinal="0" offset="0" />
            </Method>
          </Methods>
        </Class>
        <Class>
          <Summary numSequencePoints="0" visitedSequencePoints="0" numBranchPoints="0" visitedBranchPoints="0" sequenceCoverage="0" branchCoverage="0" maxCyclomaticComplexity="1" minCyclomaticComplexity="1" visitedClasses="0" numClasses="0" visitedMethods="0" numMethods="0" />
          <FullName>IBM.Watson.DeveloperCloud.Services.VisualRecognition.v3.TextRecogTopLevelMultiple</FullName>
          <Methods>
            <Method visited="true" cyclomaticComplexity="1" nPathComplexity="0" sequenceCoverage="0" branchCoverage="0" isConstructor="true" isStatic="false" isGetter="false" isSetter="false">
              <Summary numSequencePoints="0" visitedSequencePoints="0" numBranchPoints="0" visitedBranchPoints="0" sequenceCoverage="0" branchCoverage="0" maxCyclomaticComplexity="1" minCyclomaticComplexity="1" visitedClasses="0" numClasses="0" visitedMethods="0" numMethods="0" />
              <MetadataToken>100663865</MetadataToken>
              <Name>System.Void IBM.Watson.DeveloperCloud.Services.VisualRecognition.v3.TextRecogTopLevelMultiple::.ctor()</Name>
              <SequencePoints />
              <BranchPoints />
              <MethodPoint vc="2" uspid="1154" ordinal="0" offset="0" />
            </Method>
          </Methods>
        </Class>
        <Class>
          <Summary numSequencePoints="0" visitedSequencePoints="0" numBranchPoints="0" visitedBranchPoints="0" sequenceCoverage="0" branchCoverage="0" maxCyclomaticComplexity="1" minCyclomaticComplexity="1" visitedClasses="0" numClasses="0" visitedMethods="0" numMethods="0" />
          <FullName>IBM.Watson.DeveloperCloud.Services.VisualRecognition.v3.TextRecogTopLevelSingle</FullName>
          <Methods>
            <Method visited="true" cyclomaticComplexity="1" nPathComplexity="0" sequenceCoverage="0" branchCoverage="0" isConstructor="true" isStatic="false" isGetter="false" isSetter="false">
              <Summary numSequencePoints="0" visitedSequencePoints="0" numBranchPoints="0" visitedBranchPoints="0" sequenceCoverage="0" branchCoverage="0" maxCyclomaticComplexity="1" minCyclomaticComplexity="1" visitedClasses="0" numClasses="0" visitedMethods="0" numMethods="0" />
              <MetadataToken>100663878</MetadataToken>
              <Name>System.Void IBM.Watson.DeveloperCloud.Services.VisualRecognition.v3.TextRecogTopLevelSingle::.ctor()</Name>
              <SequencePoints />
              <BranchPoints />
              <MethodPoint vc="2" uspid="1155" ordinal="0" offset="0" />
            </Method>
          </Methods>
        </Class>
        <Class>
          <Summary numSequencePoints="0" visitedSequencePoints="0" numBranchPoints="0" visitedBranchPoints="0" sequenceCoverage="0" branchCoverage="0" maxCyclomaticComplexity="1" minCyclomaticComplexity="1" visitedClasses="0" numClasses="0" visitedMethods="0" numMethods="0" />
          <FullName>IBM.Watson.DeveloperCloud.Services.VisualRecognition.v3.TextRecogOneWord</FullName>
          <Methods>
            <Method visited="true" cyclomaticComplexity="1" nPathComplexity="0" sequenceCoverage="0" branchCoverage="0" isConstructor="true" isStatic="false" isGetter="false" isSetter="false">
              <Summary numSequencePoints="0" visitedSequencePoints="0" numBranchPoints="0" visitedBranchPoints="0" sequenceCoverage="0" branchCoverage="0" maxCyclomaticComplexity="1" minCyclomaticComplexity="1" visitedClasses="0" numClasses="0" visitedMethods="0" numMethods="0" />
              <MetadataToken>100663887</MetadataToken>
              <Name>System.Void IBM.Watson.DeveloperCloud.Services.VisualRecognition.v3.TextRecogOneWord::.ctor()</Name>
              <SequencePoints />
              <BranchPoints />
              <MethodPoint vc="298" uspid="1156" ordinal="0" offset="0" />
            </Method>
          </Methods>
        </Class>
        <Class>
          <Summary numSequencePoints="0" visitedSequencePoints="0" numBranchPoints="0" visitedBranchPoints="0" sequenceCoverage="0" branchCoverage="0" maxCyclomaticComplexity="1" minCyclomaticComplexity="1" visitedClasses="0" numClasses="0" visitedMethods="0" numMethods="0" />
          <FullName>IBM.Watson.DeveloperCloud.Services.VisualRecognition.v3.Location</FullName>
          <Methods>
            <Method visited="true" cyclomaticComplexity="1" nPathComplexity="0" sequenceCoverage="0" branchCoverage="0" isConstructor="true" isStatic="false" isGetter="false" isSetter="false">
              <Summary numSequencePoints="0" visitedSequencePoints="0" numBranchPoints="0" visitedBranchPoints="0" sequenceCoverage="0" branchCoverage="0" maxCyclomaticComplexity="1" minCyclomaticComplexity="1" visitedClasses="0" numClasses="0" visitedMethods="0" numMethods="0" />
              <MetadataToken>100663896</MetadataToken>
              <Name>System.Void IBM.Watson.DeveloperCloud.Services.VisualRecognition.v3.Location::.ctor()</Name>
              <SequencePoints />
              <BranchPoints />
              <MethodPoint vc="298" uspid="1157" ordinal="0" offset="0" />
            </Method>
          </Methods>
        </Class>
        <Class>
          <Summary numSequencePoints="0" visitedSequencePoints="0" numBranchPoints="0" visitedBranchPoints="0" sequenceCoverage="0" branchCoverage="0" maxCyclomaticComplexity="1" minCyclomaticComplexity="1" visitedClasses="0" numClasses="0" visitedMethods="0" numMethods="0" />
          <FullName>IBM.Watson.DeveloperCloud.Services.VisualRecognition.v3.RecognizeTextParameters</FullName>
          <Methods>
            <Method visited="false" cyclomaticComplexity="1" nPathComplexity="0" sequenceCoverage="0" branchCoverage="0" isConstructor="true" isStatic="false" isGetter="false" isSetter="false">
              <Summary numSequencePoints="0" visitedSequencePoints="0" numBranchPoints="0" visitedBranchPoints="0" sequenceCoverage="0" branchCoverage="0" maxCyclomaticComplexity="1" minCyclomaticComplexity="1" visitedClasses="0" numClasses="0" visitedMethods="0" numMethods="0" />
              <MetadataToken>100663899</MetadataToken>
              <Name>System.Void IBM.Watson.DeveloperCloud.Services.VisualRecognition.v3.RecognizeTextParameters::.ctor()</Name>
              <SequencePoints />
              <BranchPoints />
              <MethodPoint vc="0" uspid="1158" ordinal="0" offset="0" />
            </Method>
          </Methods>
        </Class>
        <Class>
          <Summary numSequencePoints="0" visitedSequencePoints="0" numBranchPoints="0" visitedBranchPoints="0" sequenceCoverage="0" branchCoverage="0" maxCyclomaticComplexity="1" minCyclomaticComplexity="1" visitedClasses="0" numClasses="0" visitedMethods="0" numMethods="0" />
          <FullName>IBM.Watson.DeveloperCloud.Services.VisualRecognition.v3.GetClassifiersTopLevelBrief</FullName>
          <Methods>
            <Method visited="true" cyclomaticComplexity="1" nPathComplexity="0" sequenceCoverage="0" branchCoverage="0" isConstructor="true" isStatic="false" isGetter="false" isSetter="false">
              <Summary numSequencePoints="0" visitedSequencePoints="0" numBranchPoints="0" visitedBranchPoints="0" sequenceCoverage="0" branchCoverage="0" maxCyclomaticComplexity="1" minCyclomaticComplexity="1" visitedClasses="0" numClasses="0" visitedMethods="0" numMethods="0" />
              <MetadataToken>100663902</MetadataToken>
              <Name>System.Void IBM.Watson.DeveloperCloud.Services.VisualRecognition.v3.GetClassifiersTopLevelBrief::.ctor()</Name>
              <SequencePoints />
              <BranchPoints />
              <MethodPoint vc="2" uspid="1159" ordinal="0" offset="0" />
            </Method>
          </Methods>
        </Class>
        <Class>
          <Summary numSequencePoints="0" visitedSequencePoints="0" numBranchPoints="0" visitedBranchPoints="0" sequenceCoverage="0" branchCoverage="0" maxCyclomaticComplexity="1" minCyclomaticComplexity="1" visitedClasses="0" numClasses="0" visitedMethods="0" numMethods="0" />
          <FullName>IBM.Watson.DeveloperCloud.Services.VisualRecognition.v3.GetClassifiersPerClassifierBrief</FullName>
          <Methods>
            <Method visited="true" cyclomaticComplexity="1" nPathComplexity="0" sequenceCoverage="0" branchCoverage="0" isConstructor="true" isStatic="false" isGetter="false" isSetter="false">
              <Summary numSequencePoints="0" visitedSequencePoints="0" numBranchPoints="0" visitedBranchPoints="0" sequenceCoverage="0" branchCoverage="0" maxCyclomaticComplexity="1" minCyclomaticComplexity="1" visitedClasses="0" numClasses="0" visitedMethods="0" numMethods="0" />
              <MetadataToken>100663907</MetadataToken>
              <Name>System.Void IBM.Watson.DeveloperCloud.Services.VisualRecognition.v3.GetClassifiersPerClassifierBrief::.ctor()</Name>
              <SequencePoints />
              <BranchPoints />
              <MethodPoint vc="40" uspid="1160" ordinal="0" offset="0" />
            </Method>
          </Methods>
        </Class>
        <Class>
          <Summary numSequencePoints="0" visitedSequencePoints="0" numBranchPoints="0" visitedBranchPoints="0" sequenceCoverage="0" branchCoverage="0" maxCyclomaticComplexity="1" minCyclomaticComplexity="1" visitedClasses="0" numClasses="0" visitedMethods="0" numMethods="0" />
          <FullName>IBM.Watson.DeveloperCloud.Services.VisualRecognition.v3.GetClassifiersPerClassifierVerbose</FullName>
          <Methods>
            <Method visited="true" cyclomaticComplexity="1" nPathComplexity="0" sequenceCoverage="0" branchCoverage="0" isConstructor="true" isStatic="false" isGetter="false" isSetter="false">
              <Summary numSequencePoints="0" visitedSequencePoints="0" numBranchPoints="0" visitedBranchPoints="0" sequenceCoverage="0" branchCoverage="0" maxCyclomaticComplexity="1" minCyclomaticComplexity="1" visitedClasses="0" numClasses="0" visitedMethods="0" numMethods="0" />
              <MetadataToken>100663922</MetadataToken>
              <Name>System.Void IBM.Watson.DeveloperCloud.Services.VisualRecognition.v3.GetClassifiersPerClassifierVerbose::.ctor()</Name>
              <SequencePoints />
              <BranchPoints />
              <MethodPoint vc="4" uspid="1161" ordinal="0" offset="0" />
            </Method>
          </Methods>
        </Class>
        <Class>
          <Summary numSequencePoints="0" visitedSequencePoints="0" numBranchPoints="0" visitedBranchPoints="0" sequenceCoverage="0" branchCoverage="0" maxCyclomaticComplexity="1" minCyclomaticComplexity="1" visitedClasses="0" numClasses="0" visitedMethods="0" numMethods="0" />
          <FullName>IBM.Watson.DeveloperCloud.Services.VisualRecognition.v3.Class</FullName>
          <Methods>
            <Method visited="true" cyclomaticComplexity="1" nPathComplexity="0" sequenceCoverage="0" branchCoverage="0" isConstructor="true" isStatic="false" isGetter="false" isSetter="false">
              <Summary numSequencePoints="0" visitedSequencePoints="0" numBranchPoints="0" visitedBranchPoints="0" sequenceCoverage="0" branchCoverage="0" maxCyclomaticComplexity="1" minCyclomaticComplexity="1" visitedClasses="0" numClasses="0" visitedMethods="0" numMethods="0" />
              <MetadataToken>100663925</MetadataToken>
              <Name>System.Void IBM.Watson.DeveloperCloud.Services.VisualRecognition.v3.Class::.ctor()</Name>
              <SequencePoints />
              <BranchPoints />
              <MethodPoint vc="5" uspid="1162" ordinal="0" offset="0" />
            </Method>
          </Methods>
        </Class>
        <Class>
          <Summary numSequencePoints="0" visitedSequencePoints="0" numBranchPoints="0" visitedBranchPoints="0" sequenceCoverage="0" branchCoverage="0" maxCyclomaticComplexity="1" minCyclomaticComplexity="1" visitedClasses="0" numClasses="0" visitedMethods="0" numMethods="0" />
          <FullName>IBM.Watson.DeveloperCloud.Services.VisualRecognition.v3.GetCollections</FullName>
          <Methods>
            <Method visited="true" cyclomaticComplexity="1" nPathComplexity="0" sequenceCoverage="0" branchCoverage="0" isConstructor="true" isStatic="false" isGetter="false" isSetter="false">
              <Summary numSequencePoints="0" visitedSequencePoints="0" numBranchPoints="0" visitedBranchPoints="0" sequenceCoverage="0" branchCoverage="0" maxCyclomaticComplexity="1" minCyclomaticComplexity="1" visitedClasses="0" numClasses="0" visitedMethods="0" numMethods="0" />
              <MetadataToken>100663926</MetadataToken>
              <Name>System.Void IBM.Watson.DeveloperCloud.Services.VisualRecognition.v3.GetCollections::.ctor()</Name>
              <SequencePoints />
              <BranchPoints />
              <MethodPoint vc="1" uspid="1163" ordinal="0" offset="0" />
            </Method>
          </Methods>
        </Class>
        <Class>
          <Summary numSequencePoints="0" visitedSequencePoints="0" numBranchPoints="0" visitedBranchPoints="0" sequenceCoverage="0" branchCoverage="0" maxCyclomaticComplexity="1" minCyclomaticComplexity="1" visitedClasses="0" numClasses="0" visitedMethods="0" numMethods="0" />
          <FullName>IBM.Watson.DeveloperCloud.Services.VisualRecognition.v3.CreateCollection</FullName>
          <Methods>
            <Method visited="true" cyclomaticComplexity="1" nPathComplexity="0" sequenceCoverage="0" branchCoverage="0" isConstructor="true" isStatic="false" isGetter="false" isSetter="false">
              <Summary numSequencePoints="0" visitedSequencePoints="0" numBranchPoints="0" visitedBranchPoints="0" sequenceCoverage="0" branchCoverage="0" maxCyclomaticComplexity="1" minCyclomaticComplexity="1" visitedClasses="0" numClasses="0" visitedMethods="0" numMethods="0" />
              <MetadataToken>100663939</MetadataToken>
              <Name>System.Void IBM.Watson.DeveloperCloud.Services.VisualRecognition.v3.CreateCollection::.ctor()</Name>
              <SequencePoints />
              <BranchPoints />
              <MethodPoint vc="6" uspid="1164" ordinal="0" offset="0" />
            </Method>
          </Methods>
        </Class>
        <Class>
          <Summary numSequencePoints="0" visitedSequencePoints="0" numBranchPoints="0" visitedBranchPoints="0" sequenceCoverage="0" branchCoverage="0" maxCyclomaticComplexity="1" minCyclomaticComplexity="1" visitedClasses="0" numClasses="0" visitedMethods="0" numMethods="0" />
          <FullName>IBM.Watson.DeveloperCloud.Services.VisualRecognition.v3.GetCollectionImages</FullName>
          <Methods>
            <Method visited="true" cyclomaticComplexity="1" nPathComplexity="0" sequenceCoverage="0" branchCoverage="0" isConstructor="true" isStatic="false" isGetter="false" isSetter="false">
              <Summary numSequencePoints="0" visitedSequencePoints="0" numBranchPoints="0" visitedBranchPoints="0" sequenceCoverage="0" branchCoverage="0" maxCyclomaticComplexity="1" minCyclomaticComplexity="1" visitedClasses="0" numClasses="0" visitedMethods="0" numMethods="0" />
              <MetadataToken>100663942</MetadataToken>
              <Name>System.Void IBM.Watson.DeveloperCloud.Services.VisualRecognition.v3.GetCollectionImages::.ctor()</Name>
              <SequencePoints />
              <BranchPoints />
              <MethodPoint vc="1" uspid="1165" ordinal="0" offset="0" />
            </Method>
          </Methods>
        </Class>
        <Class>
          <Summary numSequencePoints="0" visitedSequencePoints="0" numBranchPoints="0" visitedBranchPoints="0" sequenceCoverage="0" branchCoverage="0" maxCyclomaticComplexity="1" minCyclomaticComplexity="1" visitedClasses="0" numClasses="0" visitedMethods="0" numMethods="0" />
          <FullName>IBM.Watson.DeveloperCloud.Services.VisualRecognition.v3.GetCollectionsBrief</FullName>
          <Methods>
            <Method visited="true" cyclomaticComplexity="1" nPathComplexity="0" sequenceCoverage="0" branchCoverage="0" isConstructor="true" isStatic="false" isGetter="false" isSetter="false">
              <Summary numSequencePoints="0" visitedSequencePoints="0" numBranchPoints="0" visitedBranchPoints="0" sequenceCoverage="0" branchCoverage="0" maxCyclomaticComplexity="1" minCyclomaticComplexity="1" visitedClasses="0" numClasses="0" visitedMethods="0" numMethods="0" />
              <MetadataToken>100663951</MetadataToken>
              <Name>System.Void IBM.Watson.DeveloperCloud.Services.VisualRecognition.v3.GetCollectionsBrief::.ctor()</Name>
              <SequencePoints />
              <BranchPoints />
              <MethodPoint vc="2" uspid="1166" ordinal="0" offset="0" />
            </Method>
          </Methods>
        </Class>
        <Class>
          <Summary numSequencePoints="0" visitedSequencePoints="0" numBranchPoints="0" visitedBranchPoints="0" sequenceCoverage="0" branchCoverage="0" maxCyclomaticComplexity="1" minCyclomaticComplexity="1" visitedClasses="0" numClasses="0" visitedMethods="0" numMethods="0" />
          <FullName>IBM.Watson.DeveloperCloud.Services.VisualRecognition.v3.CollectionsConfig</FullName>
          <Methods>
            <Method visited="true" cyclomaticComplexity="1" nPathComplexity="0" sequenceCoverage="0" branchCoverage="0" isConstructor="true" isStatic="false" isGetter="false" isSetter="false">
              <Summary numSequencePoints="0" visitedSequencePoints="0" numBranchPoints="0" visitedBranchPoints="0" sequenceCoverage="0" branchCoverage="0" maxCyclomaticComplexity="1" minCyclomaticComplexity="1" visitedClasses="0" numClasses="0" visitedMethods="0" numMethods="0" />
              <MetadataToken>100663956</MetadataToken>
              <Name>System.Void IBM.Watson.DeveloperCloud.Services.VisualRecognition.v3.CollectionsConfig::.ctor()</Name>
              <SequencePoints />
              <BranchPoints />
              <MethodPoint vc="1" uspid="1167" ordinal="0" offset="0" />
            </Method>
          </Methods>
        </Class>
        <Class>
          <Summary numSequencePoints="0" visitedSequencePoints="0" numBranchPoints="0" visitedBranchPoints="0" sequenceCoverage="0" branchCoverage="0" maxCyclomaticComplexity="1" minCyclomaticComplexity="1" visitedClasses="0" numClasses="0" visitedMethods="0" numMethods="0" />
          <FullName>IBM.Watson.DeveloperCloud.Services.VisualRecognition.v3.CollectionImagesConfig</FullName>
          <Methods>
            <Method visited="true" cyclomaticComplexity="1" nPathComplexity="0" sequenceCoverage="0" branchCoverage="0" isConstructor="true" isStatic="false" isGetter="false" isSetter="false">
              <Summary numSequencePoints="0" visitedSequencePoints="0" numBranchPoints="0" visitedBranchPoints="0" sequenceCoverage="0" branchCoverage="0" maxCyclomaticComplexity="1" minCyclomaticComplexity="1" visitedClasses="0" numClasses="0" visitedMethods="0" numMethods="0" />
              <MetadataToken>100663965</MetadataToken>
              <Name>System.Void IBM.Watson.DeveloperCloud.Services.VisualRecognition.v3.CollectionImagesConfig::.ctor()</Name>
              <SequencePoints />
              <BranchPoints />
              <MethodPoint vc="1" uspid="1168" ordinal="0" offset="0" />
            </Method>
          </Methods>
        </Class>
        <Class>
          <Summary numSequencePoints="0" visitedSequencePoints="0" numBranchPoints="0" visitedBranchPoints="0" sequenceCoverage="0" branchCoverage="0" maxCyclomaticComplexity="1" minCyclomaticComplexity="1" visitedClasses="0" numClasses="0" visitedMethods="0" numMethods="0" />
          <FullName>IBM.Watson.DeveloperCloud.Services.VisualRecognition.v3.SimilarImagesConfig</FullName>
          <Methods>
            <Method visited="true" cyclomaticComplexity="1" nPathComplexity="0" sequenceCoverage="0" branchCoverage="0" isConstructor="true" isStatic="false" isGetter="false" isSetter="false">
              <Summary numSequencePoints="0" visitedSequencePoints="0" numBranchPoints="0" visitedBranchPoints="0" sequenceCoverage="0" branchCoverage="0" maxCyclomaticComplexity="1" minCyclomaticComplexity="1" visitedClasses="0" numClasses="0" visitedMethods="0" numMethods="0" />
              <MetadataToken>100663970</MetadataToken>
              <Name>System.Void IBM.Watson.DeveloperCloud.Services.VisualRecognition.v3.SimilarImagesConfig::.ctor()</Name>
              <SequencePoints />
              <BranchPoints />
              <MethodPoint vc="1" uspid="1169" ordinal="0" offset="0" />
            </Method>
          </Methods>
        </Class>
        <Class>
          <Summary numSequencePoints="0" visitedSequencePoints="0" numBranchPoints="0" visitedBranchPoints="0" sequenceCoverage="0" branchCoverage="0" maxCyclomaticComplexity="1" minCyclomaticComplexity="1" visitedClasses="0" numClasses="0" visitedMethods="0" numMethods="0" />
          <FullName>IBM.Watson.DeveloperCloud.Services.VisualRecognition.v3.SimilarImageConfig</FullName>
          <Methods>
            <Method visited="false" cyclomaticComplexity="1" nPathComplexity="0" sequenceCoverage="0" branchCoverage="0" isConstructor="true" isStatic="false" isGetter="false" isSetter="false">
              <Summary numSequencePoints="0" visitedSequencePoints="0" numBranchPoints="0" visitedBranchPoints="0" sequenceCoverage="0" branchCoverage="0" maxCyclomaticComplexity="1" minCyclomaticComplexity="1" visitedClasses="0" numClasses="0" visitedMethods="0" numMethods="0" />
              <MetadataToken>100663981</MetadataToken>
              <Name>System.Void IBM.Watson.DeveloperCloud.Services.VisualRecognition.v3.SimilarImageConfig::.ctor()</Name>
              <SequencePoints />
              <BranchPoints />
              <MethodPoint vc="0" uspid="1170" ordinal="0" offset="0" />
            </Method>
          </Methods>
        </Class>
        <Class>
          <Summary numSequencePoints="0" visitedSequencePoints="0" numBranchPoints="0" visitedBranchPoints="0" sequenceCoverage="0" branchCoverage="0" maxCyclomaticComplexity="1" minCyclomaticComplexity="1" visitedClasses="0" numClasses="0" visitedMethods="0" numMethods="0" />
          <FullName>IBM.Watson.DeveloperCloud.Services.VisualRecognition.v3.WarningInfo</FullName>
          <Methods>
            <Method visited="false" cyclomaticComplexity="1" nPathComplexity="0" sequenceCoverage="0" branchCoverage="0" isConstructor="true" isStatic="false" isGetter="false" isSetter="false">
              <Summary numSequencePoints="0" visitedSequencePoints="0" numBranchPoints="0" visitedBranchPoints="0" sequenceCoverage="0" branchCoverage="0" maxCyclomaticComplexity="1" minCyclomaticComplexity="1" visitedClasses="0" numClasses="0" visitedMethods="0" numMethods="0" />
              <MetadataToken>100663986</MetadataToken>
              <Name>System.Void IBM.Watson.DeveloperCloud.Services.VisualRecognition.v3.WarningInfo::.ctor()</Name>
              <SequencePoints />
              <BranchPoints />
              <MethodPoint vc="0" uspid="1171" ordinal="0" offset="0" />
            </Method>
          </Methods>
        </Class>
        <Class>
          <Summary numSequencePoints="0" visitedSequencePoints="0" numBranchPoints="0" visitedBranchPoints="0" sequenceCoverage="0" branchCoverage="0" maxCyclomaticComplexity="1" minCyclomaticComplexity="1" visitedClasses="0" numClasses="0" visitedMethods="0" numMethods="0" />
          <FullName>IBM.Watson.DeveloperCloud.Services.VisualRecognition.v3.ErrorInfoNoCode</FullName>
          <Methods>
            <Method visited="false" cyclomaticComplexity="1" nPathComplexity="0" sequenceCoverage="0" branchCoverage="0" isConstructor="true" isStatic="false" isGetter="false" isSetter="false">
              <Summary numSequencePoints="0" visitedSequencePoints="0" numBranchPoints="0" visitedBranchPoints="0" sequenceCoverage="0" branchCoverage="0" maxCyclomaticComplexity="1" minCyclomaticComplexity="1" visitedClasses="0" numClasses="0" visitedMethods="0" numMethods="0" />
              <MetadataToken>100663991</MetadataToken>
              <Name>System.Void IBM.Watson.DeveloperCloud.Services.VisualRecognition.v3.ErrorInfoNoCode::.ctor()</Name>
              <SequencePoints />
              <BranchPoints />
              <MethodPoint vc="0" uspid="1172" ordinal="0" offset="0" />
            </Method>
          </Methods>
        </Class>
        <Class>
          <Summary numSequencePoints="0" visitedSequencePoints="0" numBranchPoints="0" visitedBranchPoints="0" sequenceCoverage="0" branchCoverage="0" maxCyclomaticComplexity="1" minCyclomaticComplexity="1" visitedClasses="0" numClasses="0" visitedMethods="0" numMethods="0" />
          <FullName>IBM.Watson.DeveloperCloud.Services.VisualRecognition.v3.Age</FullName>
          <Methods>
            <Method visited="true" cyclomaticComplexity="1" nPathComplexity="0" sequenceCoverage="0" branchCoverage="0" isConstructor="true" isStatic="false" isGetter="false" isSetter="false">
              <Summary numSequencePoints="0" visitedSequencePoints="0" numBranchPoints="0" visitedBranchPoints="0" sequenceCoverage="0" branchCoverage="0" maxCyclomaticComplexity="1" minCyclomaticComplexity="1" visitedClasses="0" numClasses="0" visitedMethods="0" numMethods="0" />
              <MetadataToken>100663998</MetadataToken>
              <Name>System.Void IBM.Watson.DeveloperCloud.Services.VisualRecognition.v3.Age::.ctor()</Name>
              <SequencePoints />
              <BranchPoints />
              <MethodPoint vc="2" uspid="1173" ordinal="0" offset="0" />
            </Method>
          </Methods>
        </Class>
        <Class>
          <Summary numSequencePoints="0" visitedSequencePoints="0" numBranchPoints="0" visitedBranchPoints="0" sequenceCoverage="0" branchCoverage="0" maxCyclomaticComplexity="1" minCyclomaticComplexity="1" visitedClasses="0" numClasses="0" visitedMethods="0" numMethods="0" />
          <FullName>IBM.Watson.DeveloperCloud.Services.VisualRecognition.v3.Gender</FullName>
          <Methods>
            <Method visited="true" cyclomaticComplexity="1" nPathComplexity="0" sequenceCoverage="0" branchCoverage="0" isConstructor="true" isStatic="false" isGetter="false" isSetter="false">
              <Summary numSequencePoints="0" visitedSequencePoints="0" numBranchPoints="0" visitedBranchPoints="0" sequenceCoverage="0" branchCoverage="0" maxCyclomaticComplexity="1" minCyclomaticComplexity="1" visitedClasses="0" numClasses="0" visitedMethods="0" numMethods="0" />
              <MetadataToken>100664003</MetadataToken>
              <Name>System.Void IBM.Watson.DeveloperCloud.Services.VisualRecognition.v3.Gender::.ctor()</Name>
              <SequencePoints />
              <BranchPoints />
              <MethodPoint vc="2" uspid="1174" ordinal="0" offset="0" />
            </Method>
          </Methods>
        </Class>
        <Class>
          <Summary numSequencePoints="0" visitedSequencePoints="0" numBranchPoints="0" visitedBranchPoints="0" sequenceCoverage="0" branchCoverage="0" maxCyclomaticComplexity="1" minCyclomaticComplexity="1" visitedClasses="0" numClasses="0" visitedMethods="0" numMethods="0" />
          <FullName>IBM.Watson.DeveloperCloud.Services.VisualRecognition.v3.FaceLocation</FullName>
          <Methods>
            <Method visited="true" cyclomaticComplexity="1" nPathComplexity="0" sequenceCoverage="0" branchCoverage="0" isConstructor="true" isStatic="false" isGetter="false" isSetter="false">
              <Summary numSequencePoints="0" visitedSequencePoints="0" numBranchPoints="0" visitedBranchPoints="0" sequenceCoverage="0" branchCoverage="0" maxCyclomaticComplexity="1" minCyclomaticComplexity="1" visitedClasses="0" numClasses="0" visitedMethods="0" numMethods="0" />
              <MetadataToken>100664012</MetadataToken>
              <Name>System.Void IBM.Watson.DeveloperCloud.Services.VisualRecognition.v3.FaceLocation::.ctor()</Name>
              <SequencePoints />
              <BranchPoints />
              <MethodPoint vc="2" uspid="1175" ordinal="0" offset="0" />
            </Method>
          </Methods>
        </Class>
        <Class>
          <Summary numSequencePoints="0" visitedSequencePoints="0" numBranchPoints="0" visitedBranchPoints="0" sequenceCoverage="0" branchCoverage="0" maxCyclomaticComplexity="1" minCyclomaticComplexity="1" visitedClasses="0" numClasses="0" visitedMethods="0" numMethods="0" />
          <FullName>IBM.Watson.DeveloperCloud.Services.VisualRecognition.v3.Identity</FullName>
          <Methods>
            <Method visited="true" cyclomaticComplexity="1" nPathComplexity="0" sequenceCoverage="0" branchCoverage="0" isConstructor="true" isStatic="false" isGetter="false" isSetter="false">
              <Summary numSequencePoints="0" visitedSequencePoints="0" numBranchPoints="0" visitedBranchPoints="0" sequenceCoverage="0" branchCoverage="0" maxCyclomaticComplexity="1" minCyclomaticComplexity="1" visitedClasses="0" numClasses="0" visitedMethods="0" numMethods="0" />
              <MetadataToken>100664019</MetadataToken>
              <Name>System.Void IBM.Watson.DeveloperCloud.Services.VisualRecognition.v3.Identity::.ctor()</Name>
              <SequencePoints />
              <BranchPoints />
              <MethodPoint vc="1" uspid="1176" ordinal="0" offset="0" />
            </Method>
          </Methods>
        </Class>
        <Class>
          <Summary numSequencePoints="0" visitedSequencePoints="0" numBranchPoints="0" visitedBranchPoints="0" sequenceCoverage="0" branchCoverage="0" maxCyclomaticComplexity="1" minCyclomaticComplexity="1" visitedClasses="0" numClasses="0" visitedMethods="0" numMethods="0" />
          <FullName>IBM.Watson.DeveloperCloud.Services.VisualRecognition.v3.VisualRecognitionVersion</FullName>
          <Methods>
            <Method visited="false" cyclomaticComplexity="1" nPathComplexity="0" sequenceCoverage="0" branchCoverage="0" isConstructor="true" isStatic="false" isGetter="false" isSetter="false">
              <Summary numSequencePoints="0" visitedSequencePoints="0" numBranchPoints="0" visitedBranchPoints="0" sequenceCoverage="0" branchCoverage="0" maxCyclomaticComplexity="1" minCyclomaticComplexity="1" visitedClasses="0" numClasses="0" visitedMethods="0" numMethods="0" />
              <MetadataToken>100664020</MetadataToken>
              <Name>System.Void IBM.Watson.DeveloperCloud.Services.VisualRecognition.v3.VisualRecognitionVersion::.ctor()</Name>
              <SequencePoints />
              <BranchPoints />
              <MethodPoint vc="0" uspid="1177" ordinal="0" offset="0" />
            </Method>
          </Methods>
        </Class>
        <Class>
          <Summary numSequencePoints="965" visitedSequencePoints="666" numBranchPoints="602" visitedBranchPoints="311" sequenceCoverage="69.02" branchCoverage="51.66" maxCyclomaticComplexity="14" minCyclomaticComplexity="1" visitedClasses="1" numClasses="1" visitedMethods="53" numMethods="58" />
          <FullName>IBM.Watson.DeveloperCloud.Services.VisualRecognition.v3.VisualRecognition</FullName>
          <Methods>
            <Method visited="true" cyclomaticComplexity="1" nPathComplexity="0" sequenceCoverage="100" branchCoverage="100" isConstructor="false" isStatic="false" isGetter="true" isSetter="false">
              <Summary numSequencePoints="1" visitedSequencePoints="1" numBranchPoints="1" visitedBranchPoints="1" sequenceCoverage="100" branchCoverage="100" maxCyclomaticComplexity="1" minCyclomaticComplexity="1" visitedClasses="0" numClasses="0" visitedMethods="1" numMethods="1" />
              <MetadataToken>100664021</MetadataToken>
              <Name>IBM.Watson.DeveloperCloud.Services.VisualRecognition.v3.VisualRecognition/LoadFileDelegate IBM.Watson.DeveloperCloud.Services.VisualRecognition.v3.VisualRecognition::get_LoadFile()</Name>
              <FileRef uid="55" />
              <SequencePoints>
                <SequencePoint vc="7" uspid="1178" ordinal="0" offset="0" sl="160" sc="40" el="160" ec="44" bec="0" bev="0" fileid="55" />
              </SequencePoints>
              <BranchPoints />
              <MethodPoint xsi:type="SequencePoint" vc="7" uspid="1178" ordinal="0" offset="0" sl="160" sc="40" el="160" ec="44" bec="0" bev="0" fileid="55" />
            </Method>
            <Method visited="false" cyclomaticComplexity="1" nPathComplexity="0" sequenceCoverage="0" branchCoverage="0" isConstructor="false" isStatic="false" isGetter="false" isSetter="true">
              <Summary numSequencePoints="1" visitedSequencePoints="0" numBranchPoints="1" visitedBranchPoints="0" sequenceCoverage="0" branchCoverage="0" maxCyclomaticComplexity="1" minCyclomaticComplexity="1" visitedClasses="0" numClasses="0" visitedMethods="0" numMethods="1" />
              <MetadataToken>100664022</MetadataToken>
              <Name>System.Void IBM.Watson.DeveloperCloud.Services.VisualRecognition.v3.VisualRecognition::set_LoadFile(IBM.Watson.DeveloperCloud.Services.VisualRecognition.v3.VisualRecognition/LoadFileDelegate)</Name>
              <FileRef uid="55" />
              <SequencePoints>
                <SequencePoint vc="0" uspid="1179" ordinal="0" offset="0" sl="160" sc="45" el="160" ec="49" bec="0" bev="0" fileid="55" />
              </SequencePoints>
              <BranchPoints />
              <MethodPoint xsi:type="SequencePoint" vc="0" uspid="1179" ordinal="0" offset="0" sl="160" sc="45" el="160" ec="49" bec="0" bev="0" fileid="55" />
            </Method>
            <Method visited="false" cyclomaticComplexity="1" nPathComplexity="0" sequenceCoverage="0" branchCoverage="0" isConstructor="false" isStatic="true" isGetter="false" isSetter="false">
              <Summary numSequencePoints="2" visitedSequencePoints="0" numBranchPoints="1" visitedBranchPoints="0" sequenceCoverage="0" branchCoverage="0" maxCyclomaticComplexity="1" minCyclomaticComplexity="1" visitedClasses="0" numClasses="0" visitedMethods="0" numMethods="1" />
              <MetadataToken>100664023</MetadataToken>
              <Name>System.Void IBM.Watson.DeveloperCloud.Services.VisualRecognition.v3.VisualRecognition::ClearApiKey()</Name>
              <FileRef uid="55" />
              <SequencePoints>
                <SequencePoint vc="0" uspid="1180" ordinal="0" offset="0" sl="183" sc="7" el="183" ec="35" bec="0" bev="0" fileid="55" />
                <SequencePoint vc="0" uspid="1181" ordinal="1" offset="6" sl="184" sc="5" el="184" ec="6" bec="0" bev="0" fileid="55" />
              </SequencePoints>
              <BranchPoints />
              <MethodPoint xsi:type="SequencePoint" vc="0" uspid="1180" ordinal="0" offset="0" sl="183" sc="7" el="183" ec="35" bec="0" bev="0" fileid="55" />
            </Method>
            <Method visited="true" cyclomaticComplexity="9" nPathComplexity="256" sequenceCoverage="78.57" branchCoverage="52.94" isConstructor="false" isStatic="false" isGetter="false" isSetter="false">
              <Summary numSequencePoints="28" visitedSequencePoints="22" numBranchPoints="17" visitedBranchPoints="9" sequenceCoverage="78.57" branchCoverage="52.94" maxCyclomaticComplexity="9" minCyclomaticComplexity="9" visitedClasses="0" numClasses="0" visitedMethods="1" numMethods="1" />
              <MetadataToken>100664024</MetadataToken>
              <Name>System.Boolean IBM.Watson.DeveloperCloud.Services.VisualRecognition.v3.VisualRecognition::Classify(IBM.Watson.DeveloperCloud.Services.VisualRecognition.v3.VisualRecognition/OnClassify,System.String,System.String[],System.String[],System.Single,System.String,System.String)</Name>
              <FileRef uid="55" />
              <SequencePoints>
                <SequencePoint vc="1" uspid="1182" ordinal="0" offset="0" sl="200" sc="7" el="200" ec="43" bec="2" bev="1" fileid="55" />
                <SequencePoint vc="0" uspid="1183" ordinal="1" offset="12" sl="201" sc="9" el="201" ec="59" bec="0" bev="0" fileid="55" />
                <SequencePoint vc="1" uspid="1184" ordinal="2" offset="32" sl="202" sc="7" el="202" ec="43" bec="2" bev="1" fileid="55" />
                <SequencePoint vc="0" uspid="1185" ordinal="3" offset="44" sl="203" sc="9" el="203" ec="60" bec="0" bev="0" fileid="55" />
                <SequencePoint vc="1" uspid="1186" ordinal="4" offset="55" sl="204" sc="7" el="204" ec="37" bec="2" bev="1" fileid="55" />
                <SequencePoint vc="0" uspid="1187" ordinal="5" offset="63" sl="205" sc="9" el="205" ec="48" bec="0" bev="0" fileid="55" />
                <SequencePoint vc="1" uspid="1188" ordinal="6" offset="74" sl="206" sc="7" el="206" ec="28" bec="2" bev="1" fileid="55" />
                <SequencePoint vc="0" uspid="1189" ordinal="7" offset="77" sl="207" sc="9" el="207" ec="53" bec="0" bev="0" fileid="55" />
                <SequencePoint vc="1" uspid="1190" ordinal="8" offset="88" sl="209" sc="7" el="209" ec="90" bec="0" bev="0" fileid="55" />
                <SequencePoint vc="1" uspid="1191" ordinal="9" offset="105" sl="210" sc="7" el="210" ec="29" bec="2" bev="1" fileid="55" />
                <SequencePoint vc="0" uspid="1192" ordinal="10" offset="108" sl="211" sc="9" el="211" ec="22" bec="0" bev="0" fileid="55" />
                <SequencePoint vc="1" uspid="1193" ordinal="11" offset="110" sl="213" sc="7" el="213" ec="43" bec="0" bev="0" fileid="55" />
                <SequencePoint vc="1" uspid="1194" ordinal="12" offset="116" sl="214" sc="7" el="214" ec="31" bec="0" bev="0" fileid="55" />
                <SequencePoint vc="1" uspid="1195" ordinal="13" offset="123" sl="215" sc="7" el="215" ec="29" bec="0" bev="0" fileid="55" />
                <SequencePoint vc="1" uspid="1196" ordinal="14" offset="131" sl="216" sc="7" el="216" ec="39" bec="0" bev="0" fileid="55" />
                <SequencePoint vc="1" uspid="1197" ordinal="15" offset="149" sl="217" sc="7" el="217" ec="37" bec="0" bev="0" fileid="55" />
                <SequencePoint vc="1" uspid="1198" ordinal="16" offset="160" sl="218" sc="7" el="218" ec="43" bec="0" bev="0" fileid="55" />
                <SequencePoint vc="1" uspid="1199" ordinal="17" offset="168" sl="219" sc="7" el="219" ec="57" bec="0" bev="0" fileid="55" />
                <SequencePoint vc="1" uspid="1200" ordinal="18" offset="186" sl="220" sc="7" el="220" ec="45" bec="0" bev="0" fileid="55" />
                <SequencePoint vc="1" uspid="1201" ordinal="19" offset="207" sl="221" sc="7" el="221" ec="35" bec="0" bev="0" fileid="55" />
                <SequencePoint vc="1" uspid="1202" ordinal="20" offset="224" sl="222" sc="7" el="222" ec="68" bec="0" bev="0" fileid="55" />
                <SequencePoint vc="1" uspid="1203" ordinal="21" offset="245" sl="223" sc="7" el="223" ec="39" bec="2" bev="1" fileid="55" />
                <SequencePoint vc="1" uspid="1204" ordinal="22" offset="248" sl="224" sc="9" el="224" ec="61" bec="0" bev="0" fileid="55" />
                <SequencePoint vc="1" uspid="1205" ordinal="23" offset="275" sl="225" sc="7" el="225" ec="46" bec="2" bev="1" fileid="55" />
                <SequencePoint vc="1" uspid="1206" ordinal="24" offset="279" sl="226" sc="9" el="226" ec="76" bec="0" bev="0" fileid="55" />
                <SequencePoint vc="1" uspid="1207" ordinal="25" offset="307" sl="227" sc="7" el="227" ec="39" bec="2" bev="1" fileid="55" />
                <SequencePoint vc="0" uspid="1208" ordinal="26" offset="316" sl="228" sc="9" el="228" ec="49" bec="0" bev="0" fileid="55" />
                <SequencePoint vc="1" uspid="1209" ordinal="27" offset="339" sl="230" sc="7" el="230" ec="34" bec="0" bev="0" fileid="55" />
              </SequencePoints>
              <BranchPoints>
                <BranchPoint vc="0" uspid="1210" ordinal="0" offset="10" sl="200" path="0" offsetend="12" fileid="55" />
                <BranchPoint vc="1" uspid="1211" ordinal="1" offset="10" sl="200" path="1" offsetend="32" fileid="55" />
                <BranchPoint vc="0" uspid="1212" ordinal="2" offset="42" sl="202" path="0" offsetend="44" fileid="55" />
                <BranchPoint vc="1" uspid="1213" ordinal="3" offset="42" sl="202" path="1" offsetend="55" fileid="55" />
                <BranchPoint vc="0" uspid="1214" ordinal="4" offset="61" sl="204" path="0" offsetend="63" fileid="55" />
                <BranchPoint vc="1" uspid="1215" ordinal="5" offset="61" sl="204" path="1" offsetend="74" fileid="55" />
                <BranchPoint vc="0" uspid="1216" ordinal="6" offset="75" sl="206" path="0" offsetend="77" fileid="55" />
                <BranchPoint vc="1" uspid="1217" ordinal="7" offset="75" sl="206" path="1" offsetend="88" fileid="55" />
                <BranchPoint vc="0" uspid="1218" ordinal="8" offset="106" sl="210" path="0" offsetend="108" fileid="55" />
                <BranchPoint vc="1" uspid="1219" ordinal="9" offset="106" sl="210" path="1" offsetend="110" fileid="55" />
                <BranchPoint vc="1" uspid="1220" ordinal="10" offset="246" sl="223" path="0" offsetend="248" fileid="55" />
                <BranchPoint vc="0" uspid="1221" ordinal="11" offset="246" sl="223" path="1" offsetend="275" fileid="55" />
                <BranchPoint vc="1" uspid="1222" ordinal="12" offset="277" sl="225" path="0" offsetend="279" fileid="55" />
                <BranchPoint vc="0" uspid="1223" ordinal="13" offset="277" sl="225" path="1" offsetend="307" fileid="55" />
                <BranchPoint vc="0" uspid="1224" ordinal="14" offset="314" sl="227" path="0" offsetend="316" fileid="55" />
                <BranchPoint vc="1" uspid="1225" ordinal="15" offset="314" sl="227" path="1" offsetend="339" fileid="55" />
              </BranchPoints>
              <MethodPoint xsi:type="SequencePoint" vc="1" uspid="1182" ordinal="0" offset="0" sl="200" sc="7" el="200" ec="43" bec="2" bev="1" fileid="55" />
            </Method>
            <Method visited="true" cyclomaticComplexity="8" nPathComplexity="128" sequenceCoverage="58.82" branchCoverage="53.33" isConstructor="false" isStatic="false" isGetter="false" isSetter="false">
              <Summary numSequencePoints="17" visitedSequencePoints="10" numBranchPoints="15" visitedBranchPoints="8" sequenceCoverage="58.82" branchCoverage="53.33" maxCyclomaticComplexity="8" minCyclomaticComplexity="8" visitedClasses="0" numClasses="0" visitedMethods="1" numMethods="1" />
              <MetadataToken>100664025</MetadataToken>
              <Name>System.Boolean IBM.Watson.DeveloperCloud.Services.VisualRecognition.v3.VisualRecognition::Classify(System.String,IBM.Watson.DeveloperCloud.Services.VisualRecognition.v3.VisualRecognition/OnClassify,System.String[],System.String[],System.Single,System.String,System.String)</Name>
              <FileRef uid="55" />
              <SequencePoints>
                <SequencePoint vc="1" uspid="1226" ordinal="0" offset="0" sl="245" sc="7" el="245" ec="43" bec="2" bev="1" fileid="55" />
                <SequencePoint vc="0" uspid="1227" ordinal="1" offset="12" sl="246" sc="9" el="246" ec="59" bec="0" bev="0" fileid="55" />
                <SequencePoint vc="1" uspid="1228" ordinal="2" offset="32" sl="247" sc="7" el="247" ec="43" bec="2" bev="1" fileid="55" />
                <SequencePoint vc="0" uspid="1229" ordinal="3" offset="44" sl="248" sc="9" el="248" ec="60" bec="0" bev="0" fileid="55" />
                <SequencePoint vc="1" uspid="1230" ordinal="4" offset="55" sl="249" sc="7" el="249" ec="28" bec="2" bev="1" fileid="55" />
                <SequencePoint vc="0" uspid="1231" ordinal="5" offset="58" sl="250" sc="9" el="250" ec="53" bec="0" bev="0" fileid="55" />
                <SequencePoint vc="1" uspid="1232" ordinal="6" offset="69" sl="251" sc="7" el="251" ec="43" bec="2" bev="1" fileid="55" />
                <SequencePoint vc="0" uspid="1233" ordinal="7" offset="77" sl="252" sc="9" el="252" ec="78" bec="0" bev="0" fileid="55" />
                <SequencePoint vc="1" uspid="1234" ordinal="8" offset="88" sl="254" sc="7" el="254" ec="31" bec="0" bev="0" fileid="55" />
                <SequencePoint vc="1" uspid="1235" ordinal="9" offset="90" sl="255" sc="7" el="255" ec="44" bec="2" bev="1" fileid="55" />
                <SequencePoint vc="1" uspid="1236" ordinal="10" offset="98" sl="257" sc="9" el="257" ec="30" bec="2" bev="1" fileid="55" />
                <SequencePoint vc="0" uspid="1237" ordinal="11" offset="106" sl="259" sc="11" el="259" ec="43" bec="0" bev="0" fileid="55" />
                <SequencePoint vc="0" uspid="1238" ordinal="12" offset="119" sl="260" sc="9" el="260" ec="10" bec="0" bev="0" fileid="55" />
                <SequencePoint vc="1" uspid="1239" ordinal="13" offset="121" sl="264" sc="11" el="264" ec="52" bec="0" bev="0" fileid="55" />
                <SequencePoint vc="1" uspid="1240" ordinal="14" offset="128" sl="268" sc="9" el="268" ec="31" bec="2" bev="1" fileid="55" />
                <SequencePoint vc="0" uspid="1241" ordinal="15" offset="131" sl="269" sc="11" el="269" ec="78" bec="0" bev="0" fileid="55" />
                <SequencePoint vc="1" uspid="1242" ordinal="16" offset="156" sl="272" sc="7" el="272" ec="94" bec="0" bev="0" fileid="55" />
              </SequencePoints>
              <BranchPoints>
                <BranchPoint vc="0" uspid="1243" ordinal="0" offset="10" sl="245" path="0" offsetend="12" fileid="55" />
                <BranchPoint vc="1" uspid="1244" ordinal="1" offset="10" sl="245" path="1" offsetend="32" fileid="55" />
                <BranchPoint vc="0" uspid="1245" ordinal="2" offset="42" sl="247" path="0" offsetend="44" fileid="55" />
                <BranchPoint vc="1" uspid="1246" ordinal="3" offset="42" sl="247" path="1" offsetend="55" fileid="55" />
                <BranchPoint vc="0" uspid="1247" ordinal="4" offset="56" sl="249" path="0" offsetend="58" fileid="55" />
                <BranchPoint vc="1" uspid="1248" ordinal="5" offset="56" sl="249" path="1" offsetend="69" fileid="55" />
                <BranchPoint vc="0" uspid="1249" ordinal="6" offset="75" sl="251" path="0" offsetend="77" fileid="55" />
                <BranchPoint vc="1" uspid="1250" ordinal="7" offset="75" sl="251" path="1" offsetend="88" fileid="55" />
                <BranchPoint vc="1" uspid="1251" ordinal="8" offset="96" sl="255" path="0" offsetend="98" fileid="55" />
                <BranchPoint vc="0" uspid="1252" ordinal="9" offset="96" sl="255" path="1" offsetend="156" fileid="55" />
                <BranchPoint vc="0" uspid="1253" ordinal="10" offset="104" sl="257" path="0" offsetend="106" fileid="55" />
                <BranchPoint vc="1" uspid="1254" ordinal="11" offset="104" sl="257" path="1" offsetend="121" fileid="55" />
                <BranchPoint vc="0" uspid="1255" ordinal="12" offset="129" sl="268" path="0" offsetend="131" fileid="55" />
                <BranchPoint vc="1" uspid="1256" ordinal="13" offset="129" sl="268" path="1" offsetend="156" fileid="55" />
              </BranchPoints>
              <MethodPoint xsi:type="SequencePoint" vc="1" uspid="1226" ordinal="0" offset="0" sl="245" sc="7" el="245" ec="43" bec="2" bev="1" fileid="55" />
            </Method>
            <Method visited="true" cyclomaticComplexity="10" nPathComplexity="512" sequenceCoverage="80" branchCoverage="52.63" isConstructor="false" isStatic="false" isGetter="false" isSetter="false">
              <Summary numSequencePoints="30" visitedSequencePoints="24" numBranchPoints="19" visitedBranchPoints="10" sequenceCoverage="80" branchCoverage="52.63" maxCyclomaticComplexity="10" minCyclomaticComplexity="10" visitedClasses="0" numClasses="0" visitedMethods="1" numMethods="1" />
              <MetadataToken>100664026</MetadataToken>
              <Name>System.Boolean IBM.Watson.DeveloperCloud.Services.VisualRecognition.v3.VisualRecognition::Classify(IBM.Watson.DeveloperCloud.Services.VisualRecognition.v3.VisualRecognition/OnClassify,System.Byte[],System.String[],System.String[],System.Single,System.String,System.String)</Name>
              <FileRef uid="55" />
              <SequencePoints>
                <SequencePoint vc="1" uspid="1257" ordinal="0" offset="0" sl="288" sc="7" el="288" ec="43" bec="2" bev="1" fileid="55" />
                <SequencePoint vc="0" uspid="1258" ordinal="1" offset="12" sl="289" sc="9" el="289" ec="59" bec="0" bev="0" fileid="55" />
                <SequencePoint vc="1" uspid="1259" ordinal="2" offset="32" sl="290" sc="7" el="290" ec="43" bec="2" bev="1" fileid="55" />
                <SequencePoint vc="0" uspid="1260" ordinal="3" offset="44" sl="291" sc="9" el="291" ec="60" bec="0" bev="0" fileid="55" />
                <SequencePoint vc="1" uspid="1261" ordinal="4" offset="55" sl="292" sc="7" el="292" ec="28" bec="2" bev="1" fileid="55" />
                <SequencePoint vc="0" uspid="1262" ordinal="5" offset="58" sl="293" sc="9" el="293" ec="53" bec="0" bev="0" fileid="55" />
                <SequencePoint vc="1" uspid="1263" ordinal="6" offset="69" sl="294" sc="7" el="294" ec="29" bec="2" bev="1" fileid="55" />
                <SequencePoint vc="0" uspid="1264" ordinal="7" offset="72" sl="295" sc="9" el="295" ec="80" bec="0" bev="0" fileid="55" />
                <SequencePoint vc="1" uspid="1265" ordinal="8" offset="83" sl="297" sc="7" el="297" ec="90" bec="0" bev="0" fileid="55" />
                <SequencePoint vc="1" uspid="1266" ordinal="9" offset="100" sl="298" sc="7" el="298" ec="29" bec="2" bev="1" fileid="55" />
                <SequencePoint vc="0" uspid="1267" ordinal="10" offset="103" sl="299" sc="9" el="299" ec="22" bec="0" bev="0" fileid="55" />
                <SequencePoint vc="1" uspid="1268" ordinal="11" offset="105" sl="300" sc="7" el="300" ec="43" bec="0" bev="0" fileid="55" />
                <SequencePoint vc="1" uspid="1269" ordinal="12" offset="111" sl="301" sc="7" el="301" ec="31" bec="0" bev="0" fileid="55" />
                <SequencePoint vc="1" uspid="1270" ordinal="13" offset="118" sl="302" sc="7" el="302" ec="29" bec="0" bev="0" fileid="55" />
                <SequencePoint vc="1" uspid="1271" ordinal="14" offset="126" sl="303" sc="7" el="303" ec="37" bec="0" bev="0" fileid="55" />
                <SequencePoint vc="1" uspid="1272" ordinal="15" offset="137" sl="304" sc="7" el="304" ec="39" bec="0" bev="0" fileid="55" />
                <SequencePoint vc="1" uspid="1273" ordinal="16" offset="155" sl="305" sc="7" el="305" ec="43" bec="0" bev="0" fileid="55" />
                <SequencePoint vc="1" uspid="1274" ordinal="17" offset="163" sl="306" sc="7" el="306" ec="45" bec="0" bev="0" fileid="55" />
                <SequencePoint vc="1" uspid="1275" ordinal="18" offset="184" sl="307" sc="7" el="307" ec="68" bec="0" bev="0" fileid="55" />
                <SequencePoint vc="1" uspid="1276" ordinal="19" offset="205" sl="308" sc="7" el="308" ec="73" bec="0" bev="0" fileid="55" />
                <SequencePoint vc="1" uspid="1277" ordinal="20" offset="226" sl="309" sc="7" el="309" ec="55" bec="0" bev="0" fileid="55" />
                <SequencePoint vc="1" uspid="1278" ordinal="21" offset="244" sl="311" sc="7" el="311" ec="39" bec="2" bev="1" fileid="55" />
                <SequencePoint vc="1" uspid="1279" ordinal="22" offset="247" sl="312" sc="9" el="312" ec="61" bec="0" bev="0" fileid="55" />
                <SequencePoint vc="1" uspid="1280" ordinal="23" offset="274" sl="313" sc="7" el="313" ec="46" bec="2" bev="1" fileid="55" />
                <SequencePoint vc="1" uspid="1281" ordinal="24" offset="278" sl="314" sc="9" el="314" ec="76" bec="0" bev="0" fileid="55" />
                <SequencePoint vc="1" uspid="1282" ordinal="25" offset="306" sl="315" sc="7" el="315" ec="39" bec="2" bev="1" fileid="55" />
                <SequencePoint vc="0" uspid="1283" ordinal="26" offset="315" sl="316" sc="9" el="316" ec="49" bec="0" bev="0" fileid="55" />
                <SequencePoint vc="1" uspid="1284" ordinal="27" offset="338" sl="318" sc="7" el="318" ec="29" bec="2" bev="1" fileid="55" />
                <SequencePoint vc="1" uspid="1285" ordinal="28" offset="341" sl="319" sc="9" el="319" ec="30" bec="0" bev="0" fileid="55" />
                <SequencePoint vc="1" uspid="1286" ordinal="29" offset="348" sl="321" sc="7" el="321" ec="34" bec="0" bev="0" fileid="55" />
              </SequencePoints>
              <BranchPoints>
                <BranchPoint vc="0" uspid="1287" ordinal="0" offset="10" sl="288" path="0" offsetend="12" fileid="55" />
                <BranchPoint vc="1" uspid="1288" ordinal="1" offset="10" sl="288" path="1" offsetend="32" fileid="55" />
                <BranchPoint vc="0" uspid="1289" ordinal="2" offset="42" sl="290" path="0" offsetend="44" fileid="55" />
                <BranchPoint vc="1" uspid="1290" ordinal="3" offset="42" sl="290" path="1" offsetend="55" fileid="55" />
                <BranchPoint vc="0" uspid="1291" ordinal="4" offset="56" sl="292" path="0" offsetend="58" fileid="55" />
                <BranchPoint vc="1" uspid="1292" ordinal="5" offset="56" sl="292" path="1" offsetend="69" fileid="55" />
                <BranchPoint vc="0" uspid="1293" ordinal="6" offset="70" sl="294" path="0" offsetend="72" fileid="55" />
                <BranchPoint vc="1" uspid="1294" ordinal="7" offset="70" sl="294" path="1" offsetend="83" fileid="55" />
                <BranchPoint vc="0" uspid="1295" ordinal="8" offset="101" sl="298" path="0" offsetend="103" fileid="55" />
                <BranchPoint vc="1" uspid="1296" ordinal="9" offset="101" sl="298" path="1" offsetend="105" fileid="55" />
                <BranchPoint vc="1" uspid="1297" ordinal="10" offset="245" sl="311" path="0" offsetend="247" fileid="55" />
                <BranchPoint vc="0" uspid="1298" ordinal="11" offset="245" sl="311" path="1" offsetend="274" fileid="55" />
                <BranchPoint vc="1" uspid="1299" ordinal="12" offset="276" sl="313" path="0" offsetend="278" fileid="55" />
                <BranchPoint vc="0" uspid="1300" ordinal="13" offset="276" sl="313" path="1" offsetend="306" fileid="55" />
                <BranchPoint vc="0" uspid="1301" ordinal="14" offset="313" sl="315" path="0" offsetend="315" fileid="55" />
                <BranchPoint vc="1" uspid="1302" ordinal="15" offset="313" sl="315" path="1" offsetend="338" fileid="55" />
                <BranchPoint vc="1" uspid="1303" ordinal="16" offset="339" sl="318" path="0" offsetend="341" fileid="55" />
                <BranchPoint vc="0" uspid="1304" ordinal="17" offset="339" sl="318" path="1" offsetend="348" fileid="55" />
              </BranchPoints>
              <MethodPoint xsi:type="SequencePoint" vc="1" uspid="1257" ordinal="0" offset="0" sl="288" sc="7" el="288" ec="43" bec="2" bev="1" fileid="55" />
            </Method>
            <Method visited="true" cyclomaticComplexity="7" nPathComplexity="32" sequenceCoverage="72.22" branchCoverage="54.55" isConstructor="false" isStatic="false" isGetter="false" isSetter="false">
              <Summary numSequencePoints="18" visitedSequencePoints="13" numBranchPoints="11" visitedBranchPoints="6" sequenceCoverage="72.22" branchCoverage="54.55" maxCyclomaticComplexity="7" minCyclomaticComplexity="7" visitedClasses="0" numClasses="0" visitedMethods="1" numMethods="1" />
              <MetadataToken>100664027</MetadataToken>
              <Name>System.Void IBM.Watson.DeveloperCloud.Services.VisualRecognition.v3.VisualRecognition::OnClassifyResp(IBM.Watson.DeveloperCloud.Connection.RESTConnector/Request,IBM.Watson.DeveloperCloud.Connection.RESTConnector/Response)</Name>
              <FileRef uid="55" />
              <SequencePoints>
                <SequencePoint vc="2" uspid="1305" ordinal="0" offset="0" sl="345" sc="7" el="345" ec="48" bec="0" bev="0" fileid="55" />
                <SequencePoint vc="2" uspid="1306" ordinal="1" offset="2" sl="346" sc="7" el="346" ec="24" bec="2" bev="1" fileid="55" />
                <SequencePoint vc="2" uspid="1307" ordinal="2" offset="13" sl="350" sc="11" el="350" ec="30" bec="0" bev="0" fileid="55" />
                <SequencePoint vc="2" uspid="1308" ordinal="3" offset="15" sl="351" sc="11" el="351" ec="89" bec="0" bev="0" fileid="55" />
                <SequencePoint vc="2" uspid="1309" ordinal="4" offset="39" sl="352" sc="11" el="352" ec="28" bec="2" bev="1" fileid="55" />
                <SequencePoint vc="0" uspid="1310" ordinal="5" offset="48" sl="353" sc="13" el="353" ec="60" bec="0" bev="0" fileid="55" />
                <SequencePoint vc="2" uspid="1311" ordinal="6" offset="61" sl="355" sc="11" el="355" ec="53" bec="0" bev="0" fileid="55" />
                <SequencePoint vc="2" uspid="1312" ordinal="7" offset="67" sl="357" sc="11" el="357" ec="33" bec="0" bev="0" fileid="55" />
                <SequencePoint vc="2" uspid="1313" ordinal="8" offset="69" sl="358" sc="11" el="358" ec="74" bec="0" bev="0" fileid="55" />
                <SequencePoint vc="2" uspid="1314" ordinal="9" offset="89" sl="359" sc="11" el="359" ec="28" bec="2" bev="1" fileid="55" />
                <SequencePoint vc="0" uspid="1315" ordinal="10" offset="98" sl="360" sc="13" el="360" ec="60" bec="0" bev="0" fileid="55" />
                <SequencePoint vc="2" uspid="1316" ordinal="11" offset="111" sl="361" sc="9" el="361" ec="10" bec="0" bev="0" fileid="55" />
                <SequencePoint vc="0" uspid="1317" ordinal="12" offset="113" sl="362" sc="9" el="362" ec="28" bec="0" bev="0" fileid="55" />
                <SequencePoint vc="0" uspid="1318" ordinal="13" offset="115" sl="364" sc="11" el="364" ec="84" bec="0" bev="0" fileid="55" />
                <SequencePoint vc="0" uspid="1319" ordinal="14" offset="146" sl="365" sc="9" el="365" ec="10" bec="0" bev="0" fileid="55" />
                <SequencePoint vc="2" uspid="1320" ordinal="15" offset="148" sl="368" sc="7" el="368" ec="47" bec="2" bev="1" fileid="55" />
                <SequencePoint vc="2" uspid="1321" ordinal="16" offset="161" sl="369" sc="9" el="369" ec="94" bec="2" bev="1" fileid="55" />
                <SequencePoint vc="2" uspid="1322" ordinal="17" offset="200" sl="370" sc="5" el="370" ec="6" bec="0" bev="0" fileid="55" />
              </SequencePoints>
              <BranchPoints>
                <BranchPoint vc="2" uspid="1323" ordinal="0" offset="8" sl="346" path="0" offsetend="13" fileid="55" />
                <BranchPoint vc="0" uspid="1324" ordinal="1" offset="8" sl="346" path="1" offsetend="148" fileid="55" />
                <BranchPoint vc="0" uspid="1325" ordinal="2" offset="46" sl="352" path="0" offsetend="48" fileid="55" />
                <BranchPoint vc="2" uspid="1326" ordinal="3" offset="46" sl="352" path="1" offsetend="61" fileid="55" />
                <BranchPoint vc="0" uspid="1327" ordinal="4" offset="96" sl="359" path="0" offsetend="98" fileid="55" />
                <BranchPoint vc="2" uspid="1328" ordinal="5" offset="96" sl="359" path="1" offsetend="111" fileid="55" />
                <BranchPoint vc="2" uspid="1329" ordinal="6" offset="159" sl="368" path="0" offsetend="161" fileid="55" />
                <BranchPoint vc="0" uspid="1330" ordinal="7" offset="159" sl="368" path="1" offsetend="200" fileid="55" />
                <BranchPoint vc="0" uspid="1331" ordinal="8" offset="178" sl="369" path="0" offsetend="180" fileid="55" />
                <BranchPoint vc="2" uspid="1332" ordinal="9" offset="178" sl="369" path="1" offsetend="183" fileid="55" />
              </BranchPoints>
              <MethodPoint xsi:type="SequencePoint" vc="2" uspid="1305" ordinal="0" offset="0" sl="345" sc="7" el="345" ec="48" bec="0" bev="0" fileid="55" />
            </Method>
            <Method visited="true" cyclomaticComplexity="6" nPathComplexity="32" sequenceCoverage="75" branchCoverage="54.55" isConstructor="false" isStatic="false" isGetter="false" isSetter="false">
              <Summary numSequencePoints="20" visitedSequencePoints="15" numBranchPoints="11" visitedBranchPoints="6" sequenceCoverage="75" branchCoverage="54.55" maxCyclomaticComplexity="6" minCyclomaticComplexity="6" visitedClasses="0" numClasses="0" visitedMethods="1" numMethods="1" />
              <MetadataToken>100664028</MetadataToken>
              <Name>System.Boolean IBM.Watson.DeveloperCloud.Services.VisualRecognition.v3.VisualRecognition::DetectFaces(IBM.Watson.DeveloperCloud.Services.VisualRecognition.v3.VisualRecognition/OnDetectFaces,System.String,System.String)</Name>
              <FileRef uid="55" />
              <SequencePoints>
                <SequencePoint vc="1" uspid="1333" ordinal="0" offset="0" sl="383" sc="7" el="383" ec="37" bec="2" bev="1" fileid="55" />
                <SequencePoint vc="0" uspid="1334" ordinal="1" offset="8" sl="384" sc="9" el="384" ec="48" bec="0" bev="0" fileid="55" />
                <SequencePoint vc="1" uspid="1335" ordinal="2" offset="19" sl="385" sc="7" el="385" ec="28" bec="2" bev="1" fileid="55" />
                <SequencePoint vc="0" uspid="1336" ordinal="3" offset="22" sl="386" sc="9" el="386" ec="53" bec="0" bev="0" fileid="55" />
                <SequencePoint vc="1" uspid="1337" ordinal="4" offset="33" sl="387" sc="7" el="387" ec="43" bec="2" bev="1" fileid="55" />
                <SequencePoint vc="0" uspid="1338" ordinal="5" offset="45" sl="388" sc="9" el="388" ec="59" bec="0" bev="0" fileid="55" />
                <SequencePoint vc="1" uspid="1339" ordinal="6" offset="65" sl="389" sc="7" el="389" ec="43" bec="2" bev="1" fileid="55" />
                <SequencePoint vc="0" uspid="1340" ordinal="7" offset="77" sl="390" sc="9" el="390" ec="60" bec="0" bev="0" fileid="55" />
                <SequencePoint vc="1" uspid="1341" ordinal="8" offset="88" sl="392" sc="7" el="392" ec="94" bec="0" bev="0" fileid="55" />
                <SequencePoint vc="1" uspid="1342" ordinal="9" offset="105" sl="393" sc="7" el="393" ec="29" bec="2" bev="1" fileid="55" />
                <SequencePoint vc="0" uspid="1343" ordinal="10" offset="108" sl="394" sc="9" el="394" ec="22" bec="0" bev="0" fileid="55" />
                <SequencePoint vc="1" uspid="1344" ordinal="11" offset="110" sl="396" sc="7" el="396" ec="49" bec="0" bev="0" fileid="55" />
                <SequencePoint vc="1" uspid="1345" ordinal="12" offset="116" sl="397" sc="7" el="397" ec="31" bec="0" bev="0" fileid="55" />
                <SequencePoint vc="1" uspid="1346" ordinal="13" offset="123" sl="398" sc="7" el="398" ec="29" bec="0" bev="0" fileid="55" />
                <SequencePoint vc="1" uspid="1347" ordinal="14" offset="130" sl="399" sc="7" el="399" ec="42" bec="0" bev="0" fileid="55" />
                <SequencePoint vc="1" uspid="1348" ordinal="15" offset="148" sl="400" sc="7" el="400" ec="37" bec="0" bev="0" fileid="55" />
                <SequencePoint vc="1" uspid="1349" ordinal="16" offset="159" sl="401" sc="7" el="401" ec="45" bec="0" bev="0" fileid="55" />
                <SequencePoint vc="1" uspid="1350" ordinal="17" offset="180" sl="402" sc="7" el="402" ec="35" bec="0" bev="0" fileid="55" />
                <SequencePoint vc="1" uspid="1351" ordinal="18" offset="197" sl="403" sc="7" el="403" ec="68" bec="0" bev="0" fileid="55" />
                <SequencePoint vc="1" uspid="1352" ordinal="19" offset="218" sl="405" sc="7" el="405" ec="34" bec="0" bev="0" fileid="55" />
              </SequencePoints>
              <BranchPoints>
                <BranchPoint vc="0" uspid="1353" ordinal="0" offset="6" sl="383" path="0" offsetend="8" fileid="55" />
                <BranchPoint vc="1" uspid="1354" ordinal="1" offset="6" sl="383" path="1" offsetend="19" fileid="55" />
                <BranchPoint vc="0" uspid="1355" ordinal="2" offset="20" sl="385" path="0" offsetend="22" fileid="55" />
                <BranchPoint vc="1" uspid="1356" ordinal="3" offset="20" sl="385" path="1" offsetend="33" fileid="55" />
                <BranchPoint vc="0" uspid="1357" ordinal="4" offset="43" sl="387" path="0" offsetend="45" fileid="55" />
                <BranchPoint vc="1" uspid="1358" ordinal="5" offset="43" sl="387" path="1" offsetend="65" fileid="55" />
                <BranchPoint vc="0" uspid="1359" ordinal="6" offset="75" sl="389" path="0" offsetend="77" fileid="55" />
                <BranchPoint vc="1" uspid="1360" ordinal="7" offset="75" sl="389" path="1" offsetend="88" fileid="55" />
                <BranchPoint vc="0" uspid="1361" ordinal="8" offset="106" sl="393" path="0" offsetend="108" fileid="55" />
                <BranchPoint vc="1" uspid="1362" ordinal="9" offset="106" sl="393" path="1" offsetend="110" fileid="55" />
              </BranchPoints>
              <MethodPoint xsi:type="SequencePoint" vc="1" uspid="1333" ordinal="0" offset="0" sl="383" sc="7" el="383" ec="37" bec="2" bev="1" fileid="55" />
            </Method>
            <Method visited="true" cyclomaticComplexity="7" nPathComplexity="64" sequenceCoverage="60" branchCoverage="53.85" isConstructor="false" isStatic="false" isGetter="false" isSetter="false">
              <Summary numSequencePoints="15" visitedSequencePoints="9" numBranchPoints="13" visitedBranchPoints="7" sequenceCoverage="60" branchCoverage="53.85" maxCyclomaticComplexity="7" minCyclomaticComplexity="7" visitedClasses="0" numClasses="0" visitedMethods="1" numMethods="1" />
              <MetadataToken>100664029</MetadataToken>
              <Name>System.Boolean IBM.Watson.DeveloperCloud.Services.VisualRecognition.v3.VisualRecognition::DetectFaces(System.String,IBM.Watson.DeveloperCloud.Services.VisualRecognition.v3.VisualRecognition/OnDetectFaces,System.String)</Name>
              <FileRef uid="55" />
              <SequencePoints>
                <SequencePoint vc="1" uspid="1363" ordinal="0" offset="0" sl="417" sc="7" el="417" ec="43" bec="2" bev="1" fileid="55" />
                <SequencePoint vc="0" uspid="1364" ordinal="1" offset="8" sl="418" sc="9" el="418" ec="78" bec="0" bev="0" fileid="55" />
                <SequencePoint vc="1" uspid="1365" ordinal="2" offset="19" sl="419" sc="7" el="419" ec="43" bec="2" bev="1" fileid="55" />
                <SequencePoint vc="0" uspid="1366" ordinal="3" offset="31" sl="420" sc="9" el="420" ec="59" bec="0" bev="0" fileid="55" />
                <SequencePoint vc="1" uspid="1367" ordinal="4" offset="51" sl="421" sc="7" el="421" ec="43" bec="2" bev="1" fileid="55" />
                <SequencePoint vc="0" uspid="1368" ordinal="5" offset="63" sl="422" sc="9" el="422" ec="60" bec="0" bev="0" fileid="55" />
                <SequencePoint vc="1" uspid="1369" ordinal="6" offset="74" sl="424" sc="7" el="424" ec="31" bec="0" bev="0" fileid="55" />
                <SequencePoint vc="1" uspid="1370" ordinal="7" offset="76" sl="425" sc="7" el="425" ec="40" bec="2" bev="1" fileid="55" />
                <SequencePoint vc="1" uspid="1371" ordinal="8" offset="79" sl="427" sc="9" el="427" ec="30" bec="2" bev="1" fileid="55" />
                <SequencePoint vc="0" uspid="1372" ordinal="9" offset="87" sl="429" sc="11" el="429" ec="43" bec="0" bev="0" fileid="55" />
                <SequencePoint vc="0" uspid="1373" ordinal="10" offset="100" sl="430" sc="9" el="430" ec="10" bec="0" bev="0" fileid="55" />
                <SequencePoint vc="1" uspid="1374" ordinal="11" offset="102" sl="434" sc="11" el="434" ec="52" bec="0" bev="0" fileid="55" />
                <SequencePoint vc="1" uspid="1375" ordinal="12" offset="109" sl="438" sc="9" el="438" ec="31" bec="2" bev="1" fileid="55" />
                <SequencePoint vc="0" uspid="1376" ordinal="13" offset="112" sl="439" sc="11" el="439" ec="78" bec="0" bev="0" fileid="55" />
                <SequencePoint vc="1" uspid="1377" ordinal="14" offset="137" sl="442" sc="7" el="442" ec="59" bec="0" bev="0" fileid="55" />
              </SequencePoints>
              <BranchPoints>
                <BranchPoint vc="0" uspid="1378" ordinal="0" offset="6" sl="417" path="0" offsetend="8" fileid="55" />
                <BranchPoint vc="1" uspid="1379" ordinal="1" offset="6" sl="417" path="1" offsetend="19" fileid="55" />
                <BranchPoint vc="0" uspid="1380" ordinal="2" offset="29" sl="419" path="0" offsetend="31" fileid="55" />
                <BranchPoint vc="1" uspid="1381" ordinal="3" offset="29" sl="419" path="1" offsetend="51" fileid="55" />
                <BranchPoint vc="0" uspid="1382" ordinal="4" offset="61" sl="421" path="0" offsetend="63" fileid="55" />
                <BranchPoint vc="1" uspid="1383" ordinal="5" offset="61" sl="421" path="1" offsetend="74" fileid="55" />
                <BranchPoint vc="1" uspid="1384" ordinal="6" offset="77" sl="425" path="0" offsetend="79" fileid="55" />
                <BranchPoint vc="0" uspid="1385" ordinal="7" offset="77" sl="425" path="1" offsetend="137" fileid="55" />
                <BranchPoint vc="0" uspid="1386" ordinal="8" offset="85" sl="427" path="0" offsetend="87" fileid="55" />
                <BranchPoint vc="1" uspid="1387" ordinal="9" offset="85" sl="427" path="1" offsetend="102" fileid="55" />
                <BranchPoint vc="0" uspid="1388" ordinal="10" offset="110" sl="438" path="0" offsetend="112" fileid="55" />
                <BranchPoint vc="1" uspid="1389" ordinal="11" offset="110" sl="438" path="1" offsetend="137" fileid="55" />
              </BranchPoints>
              <MethodPoint xsi:type="SequencePoint" vc="1" uspid="1363" ordinal="0" offset="0" sl="417" sc="7" el="417" ec="43" bec="2" bev="1" fileid="55" />
            </Method>
            <Method visited="true" cyclomaticComplexity="7" nPathComplexity="64" sequenceCoverage="77.27" branchCoverage="53.85" isConstructor="false" isStatic="false" isGetter="false" isSetter="false">
              <Summary numSequencePoints="22" visitedSequencePoints="17" numBranchPoints="13" visitedBranchPoints="7" sequenceCoverage="77.27" branchCoverage="53.85" maxCyclomaticComplexity="7" minCyclomaticComplexity="7" visitedClasses="0" numClasses="0" visitedMethods="1" numMethods="1" />
              <MetadataToken>100664030</MetadataToken>
              <Name>System.Boolean IBM.Watson.DeveloperCloud.Services.VisualRecognition.v3.VisualRecognition::DetectFaces(IBM.Watson.DeveloperCloud.Services.VisualRecognition.v3.VisualRecognition/OnDetectFaces,System.Byte[],System.String)</Name>
              <FileRef uid="55" />
              <SequencePoints>
                <SequencePoint vc="1" uspid="1390" ordinal="0" offset="0" sl="454" sc="7" el="454" ec="43" bec="2" bev="1" fileid="55" />
                <SequencePoint vc="0" uspid="1391" ordinal="1" offset="12" sl="455" sc="9" el="455" ec="59" bec="0" bev="0" fileid="55" />
                <SequencePoint vc="1" uspid="1392" ordinal="2" offset="32" sl="456" sc="7" el="456" ec="43" bec="2" bev="1" fileid="55" />
                <SequencePoint vc="0" uspid="1393" ordinal="3" offset="44" sl="457" sc="9" el="457" ec="60" bec="0" bev="0" fileid="55" />
                <SequencePoint vc="1" uspid="1394" ordinal="4" offset="55" sl="458" sc="7" el="458" ec="28" bec="2" bev="1" fileid="55" />
                <SequencePoint vc="0" uspid="1395" ordinal="5" offset="58" sl="459" sc="9" el="459" ec="53" bec="0" bev="0" fileid="55" />
                <SequencePoint vc="1" uspid="1396" ordinal="6" offset="69" sl="460" sc="7" el="460" ec="29" bec="2" bev="1" fileid="55" />
                <SequencePoint vc="0" uspid="1397" ordinal="7" offset="72" sl="461" sc="9" el="461" ec="83" bec="0" bev="0" fileid="55" />
                <SequencePoint vc="1" uspid="1398" ordinal="8" offset="83" sl="463" sc="7" el="463" ec="94" bec="0" bev="0" fileid="55" />
                <SequencePoint vc="1" uspid="1399" ordinal="9" offset="100" sl="464" sc="7" el="464" ec="29" bec="2" bev="1" fileid="55" />
                <SequencePoint vc="0" uspid="1400" ordinal="10" offset="103" sl="465" sc="9" el="465" ec="22" bec="0" bev="0" fileid="55" />
                <SequencePoint vc="1" uspid="1401" ordinal="11" offset="105" sl="466" sc="7" el="466" ec="49" bec="0" bev="0" fileid="55" />
                <SequencePoint vc="1" uspid="1402" ordinal="12" offset="111" sl="467" sc="7" el="467" ec="31" bec="0" bev="0" fileid="55" />
                <SequencePoint vc="1" uspid="1403" ordinal="13" offset="118" sl="468" sc="7" el="468" ec="29" bec="0" bev="0" fileid="55" />
                <SequencePoint vc="1" uspid="1404" ordinal="14" offset="125" sl="469" sc="7" el="469" ec="37" bec="0" bev="0" fileid="55" />
                <SequencePoint vc="1" uspid="1405" ordinal="15" offset="136" sl="470" sc="7" el="470" ec="42" bec="0" bev="0" fileid="55" />
                <SequencePoint vc="1" uspid="1406" ordinal="16" offset="154" sl="471" sc="7" el="471" ec="45" bec="0" bev="0" fileid="55" />
                <SequencePoint vc="1" uspid="1407" ordinal="17" offset="175" sl="472" sc="7" el="472" ec="68" bec="0" bev="0" fileid="55" />
                <SequencePoint vc="1" uspid="1408" ordinal="18" offset="196" sl="474" sc="7" el="474" ec="29" bec="2" bev="1" fileid="55" />
                <SequencePoint vc="1" uspid="1409" ordinal="19" offset="199" sl="476" sc="9" el="476" ec="75" bec="0" bev="0" fileid="55" />
                <SequencePoint vc="1" uspid="1410" ordinal="20" offset="220" sl="477" sc="9" el="477" ec="30" bec="0" bev="0" fileid="55" />
                <SequencePoint vc="1" uspid="1411" ordinal="21" offset="227" sl="480" sc="7" el="480" ec="34" bec="0" bev="0" fileid="55" />
              </SequencePoints>
              <BranchPoints>
                <BranchPoint vc="0" uspid="1412" ordinal="0" offset="10" sl="454" path="0" offsetend="12" fileid="55" />
                <BranchPoint vc="1" uspid="1413" ordinal="1" offset="10" sl="454" path="1" offsetend="32" fileid="55" />
                <BranchPoint vc="0" uspid="1414" ordinal="2" offset="42" sl="456" path="0" offsetend="44" fileid="55" />
                <BranchPoint vc="1" uspid="1415" ordinal="3" offset="42" sl="456" path="1" offsetend="55" fileid="55" />
                <BranchPoint vc="0" uspid="1416" ordinal="4" offset="56" sl="458" path="0" offsetend="58" fileid="55" />
                <BranchPoint vc="1" uspid="1417" ordinal="5" offset="56" sl="458" path="1" offsetend="69" fileid="55" />
                <BranchPoint vc="0" uspid="1418" ordinal="6" offset="70" sl="460" path="0" offsetend="72" fileid="55" />
                <BranchPoint vc="1" uspid="1419" ordinal="7" offset="70" sl="460" path="1" offsetend="83" fileid="55" />
                <BranchPoint vc="0" uspid="1420" ordinal="8" offset="101" sl="464" path="0" offsetend="103" fileid="55" />
                <BranchPoint vc="1" uspid="1421" ordinal="9" offset="101" sl="464" path="1" offsetend="105" fileid="55" />
                <BranchPoint vc="1" uspid="1422" ordinal="10" offset="197" sl="474" path="0" offsetend="199" fileid="55" />
                <BranchPoint vc="0" uspid="1423" ordinal="11" offset="197" sl="474" path="1" offsetend="227" fileid="55" />
              </BranchPoints>
              <MethodPoint xsi:type="SequencePoint" vc="1" uspid="1390" ordinal="0" offset="0" sl="454" sc="7" el="454" ec="43" bec="2" bev="1" fileid="55" />
            </Method>
            <Method visited="true" cyclomaticComplexity="7" nPathComplexity="32" sequenceCoverage="72.22" branchCoverage="54.55" isConstructor="false" isStatic="false" isGetter="false" isSetter="false">
              <Summary numSequencePoints="18" visitedSequencePoints="13" numBranchPoints="11" visitedBranchPoints="6" sequenceCoverage="72.22" branchCoverage="54.55" maxCyclomaticComplexity="7" minCyclomaticComplexity="7" visitedClasses="0" numClasses="0" visitedMethods="1" numMethods="1" />
              <MetadataToken>100664031</MetadataToken>
              <Name>System.Void IBM.Watson.DeveloperCloud.Services.VisualRecognition.v3.VisualRecognition::OnDetectFacesResp(IBM.Watson.DeveloperCloud.Connection.RESTConnector/Request,IBM.Watson.DeveloperCloud.Connection.RESTConnector/Response)</Name>
              <FileRef uid="55" />
              <SequencePoints>
                <SequencePoint vc="2" uspid="1424" ordinal="0" offset="0" sl="500" sc="7" el="500" ec="42" bec="0" bev="0" fileid="55" />
                <SequencePoint vc="2" uspid="1425" ordinal="1" offset="2" sl="502" sc="7" el="502" ec="24" bec="2" bev="1" fileid="55" />
                <SequencePoint vc="2" uspid="1426" ordinal="2" offset="13" sl="506" sc="11" el="506" ec="30" bec="0" bev="0" fileid="55" />
                <SequencePoint vc="2" uspid="1427" ordinal="3" offset="15" sl="507" sc="11" el="507" ec="89" bec="0" bev="0" fileid="55" />
                <SequencePoint vc="2" uspid="1428" ordinal="4" offset="39" sl="508" sc="11" el="508" ec="28" bec="2" bev="1" fileid="55" />
                <SequencePoint vc="0" uspid="1429" ordinal="5" offset="48" sl="509" sc="13" el="509" ec="60" bec="0" bev="0" fileid="55" />
                <SequencePoint vc="2" uspid="1430" ordinal="6" offset="61" sl="511" sc="11" el="511" ec="47" bec="0" bev="0" fileid="55" />
                <SequencePoint vc="2" uspid="1431" ordinal="7" offset="67" sl="513" sc="11" el="513" ec="30" bec="0" bev="0" fileid="55" />
                <SequencePoint vc="2" uspid="1432" ordinal="8" offset="69" sl="514" sc="11" el="514" ec="74" bec="0" bev="0" fileid="55" />
                <SequencePoint vc="2" uspid="1433" ordinal="9" offset="89" sl="515" sc="11" el="515" ec="28" bec="2" bev="1" fileid="55" />
                <SequencePoint vc="0" uspid="1434" ordinal="10" offset="98" sl="516" sc="13" el="516" ec="60" bec="0" bev="0" fileid="55" />
                <SequencePoint vc="2" uspid="1435" ordinal="11" offset="111" sl="517" sc="9" el="517" ec="10" bec="0" bev="0" fileid="55" />
                <SequencePoint vc="0" uspid="1436" ordinal="12" offset="113" sl="518" sc="9" el="518" ec="28" bec="0" bev="0" fileid="55" />
                <SequencePoint vc="0" uspid="1437" ordinal="13" offset="115" sl="520" sc="11" el="520" ec="88" bec="0" bev="0" fileid="55" />
                <SequencePoint vc="0" uspid="1438" ordinal="14" offset="146" sl="521" sc="9" el="521" ec="10" bec="0" bev="0" fileid="55" />
                <SequencePoint vc="2" uspid="1439" ordinal="15" offset="148" sl="524" sc="7" el="524" ec="50" bec="2" bev="1" fileid="55" />
                <SequencePoint vc="2" uspid="1440" ordinal="16" offset="161" sl="525" sc="9" el="525" ec="97" bec="2" bev="1" fileid="55" />
                <SequencePoint vc="2" uspid="1441" ordinal="17" offset="200" sl="526" sc="5" el="526" ec="6" bec="0" bev="0" fileid="55" />
              </SequencePoints>
              <BranchPoints>
                <BranchPoint vc="2" uspid="1442" ordinal="0" offset="8" sl="502" path="0" offsetend="13" fileid="55" />
                <BranchPoint vc="0" uspid="1443" ordinal="1" offset="8" sl="502" path="1" offsetend="148" fileid="55" />
                <BranchPoint vc="0" uspid="1444" ordinal="2" offset="46" sl="508" path="0" offsetend="48" fileid="55" />
                <BranchPoint vc="2" uspid="1445" ordinal="3" offset="46" sl="508" path="1" offsetend="61" fileid="55" />
                <BranchPoint vc="0" uspid="1446" ordinal="4" offset="96" sl="515" path="0" offsetend="98" fileid="55" />
                <BranchPoint vc="2" uspid="1447" ordinal="5" offset="96" sl="515" path="1" offsetend="111" fileid="55" />
                <BranchPoint vc="2" uspid="1448" ordinal="6" offset="159" sl="524" path="0" offsetend="161" fileid="55" />
                <BranchPoint vc="0" uspid="1449" ordinal="7" offset="159" sl="524" path="1" offsetend="200" fileid="55" />
                <BranchPoint vc="0" uspid="1450" ordinal="8" offset="178" sl="525" path="0" offsetend="180" fileid="55" />
                <BranchPoint vc="2" uspid="1451" ordinal="9" offset="178" sl="525" path="1" offsetend="183" fileid="55" />
              </BranchPoints>
              <MethodPoint xsi:type="SequencePoint" vc="2" uspid="1424" ordinal="0" offset="0" sl="500" sc="7" el="500" ec="42" bec="0" bev="0" fileid="55" />
            </Method>
            <Method visited="true" cyclomaticComplexity="6" nPathComplexity="32" sequenceCoverage="76.19" branchCoverage="54.55" isConstructor="false" isStatic="false" isGetter="false" isSetter="false">
              <Summary numSequencePoints="21" visitedSequencePoints="16" numBranchPoints="11" visitedBranchPoints="6" sequenceCoverage="76.19" branchCoverage="54.55" maxCyclomaticComplexity="6" minCyclomaticComplexity="6" visitedClasses="0" numClasses="0" visitedMethods="1" numMethods="1" />
              <MetadataToken>100664032</MetadataToken>
              <Name>System.Boolean IBM.Watson.DeveloperCloud.Services.VisualRecognition.v3.VisualRecognition::RecognizeText(IBM.Watson.DeveloperCloud.Services.VisualRecognition.v3.VisualRecognition/OnRecognizeText,System.String,System.String)</Name>
              <FileRef uid="55" />
              <SequencePoints>
                <SequencePoint vc="1" uspid="1452" ordinal="0" offset="0" sl="539" sc="7" el="539" ec="37" bec="2" bev="1" fileid="55" />
                <SequencePoint vc="0" uspid="1453" ordinal="1" offset="8" sl="540" sc="9" el="540" ec="48" bec="0" bev="0" fileid="55" />
                <SequencePoint vc="1" uspid="1454" ordinal="2" offset="19" sl="541" sc="7" el="541" ec="28" bec="2" bev="1" fileid="55" />
                <SequencePoint vc="0" uspid="1455" ordinal="3" offset="22" sl="542" sc="9" el="542" ec="53" bec="0" bev="0" fileid="55" />
                <SequencePoint vc="1" uspid="1456" ordinal="4" offset="33" sl="543" sc="7" el="543" ec="43" bec="2" bev="1" fileid="55" />
                <SequencePoint vc="0" uspid="1457" ordinal="5" offset="45" sl="544" sc="9" el="544" ec="59" bec="0" bev="0" fileid="55" />
                <SequencePoint vc="1" uspid="1458" ordinal="6" offset="65" sl="545" sc="7" el="545" ec="43" bec="2" bev="1" fileid="55" />
                <SequencePoint vc="0" uspid="1459" ordinal="7" offset="77" sl="546" sc="9" el="546" ec="60" bec="0" bev="0" fileid="55" />
                <SequencePoint vc="1" uspid="1460" ordinal="8" offset="88" sl="548" sc="7" el="548" ec="96" bec="0" bev="0" fileid="55" />
                <SequencePoint vc="1" uspid="1461" ordinal="9" offset="105" sl="549" sc="7" el="549" ec="29" bec="2" bev="1" fileid="55" />
                <SequencePoint vc="0" uspid="1462" ordinal="10" offset="108" sl="550" sc="9" el="550" ec="22" bec="0" bev="0" fileid="55" />
                <SequencePoint vc="1" uspid="1463" ordinal="11" offset="110" sl="552" sc="7" el="552" ec="53" bec="0" bev="0" fileid="55" />
                <SequencePoint vc="1" uspid="1464" ordinal="12" offset="116" sl="553" sc="7" el="553" ec="31" bec="0" bev="0" fileid="55" />
                <SequencePoint vc="1" uspid="1465" ordinal="13" offset="123" sl="554" sc="7" el="554" ec="29" bec="0" bev="0" fileid="55" />
                <SequencePoint vc="1" uspid="1466" ordinal="14" offset="130" sl="555" sc="7" el="555" ec="37" bec="0" bev="0" fileid="55" />
                <SequencePoint vc="1" uspid="1467" ordinal="15" offset="141" sl="556" sc="7" el="556" ec="44" bec="0" bev="0" fileid="55" />
                <SequencePoint vc="1" uspid="1468" ordinal="16" offset="159" sl="557" sc="7" el="557" ec="37" bec="0" bev="0" fileid="55" />
                <SequencePoint vc="1" uspid="1469" ordinal="17" offset="170" sl="558" sc="7" el="558" ec="45" bec="0" bev="0" fileid="55" />
                <SequencePoint vc="1" uspid="1470" ordinal="18" offset="191" sl="559" sc="7" el="559" ec="35" bec="0" bev="0" fileid="55" />
                <SequencePoint vc="1" uspid="1471" ordinal="19" offset="208" sl="560" sc="7" el="560" ec="68" bec="0" bev="0" fileid="55" />
                <SequencePoint vc="1" uspid="1472" ordinal="20" offset="229" sl="562" sc="7" el="562" ec="34" bec="0" bev="0" fileid="55" />
              </SequencePoints>
              <BranchPoints>
                <BranchPoint vc="0" uspid="1473" ordinal="0" offset="6" sl="539" path="0" offsetend="8" fileid="55" />
                <BranchPoint vc="1" uspid="1474" ordinal="1" offset="6" sl="539" path="1" offsetend="19" fileid="55" />
                <BranchPoint vc="0" uspid="1475" ordinal="2" offset="20" sl="541" path="0" offsetend="22" fileid="55" />
                <BranchPoint vc="1" uspid="1476" ordinal="3" offset="20" sl="541" path="1" offsetend="33" fileid="55" />
                <BranchPoint vc="0" uspid="1477" ordinal="4" offset="43" sl="543" path="0" offsetend="45" fileid="55" />
                <BranchPoint vc="1" uspid="1478" ordinal="5" offset="43" sl="543" path="1" offsetend="65" fileid="55" />
                <BranchPoint vc="0" uspid="1479" ordinal="6" offset="75" sl="545" path="0" offsetend="77" fileid="55" />
                <BranchPoint vc="1" uspid="1480" ordinal="7" offset="75" sl="545" path="1" offsetend="88" fileid="55" />
                <BranchPoint vc="0" uspid="1481" ordinal="8" offset="106" sl="549" path="0" offsetend="108" fileid="55" />
                <BranchPoint vc="1" uspid="1482" ordinal="9" offset="106" sl="549" path="1" offsetend="110" fileid="55" />
              </BranchPoints>
              <MethodPoint xsi:type="SequencePoint" vc="1" uspid="1452" ordinal="0" offset="0" sl="539" sc="7" el="539" ec="37" bec="2" bev="1" fileid="55" />
            </Method>
            <Method visited="true" cyclomaticComplexity="8" nPathComplexity="128" sequenceCoverage="58.82" branchCoverage="53.33" isConstructor="false" isStatic="false" isGetter="false" isSetter="false">
              <Summary numSequencePoints="17" visitedSequencePoints="10" numBranchPoints="15" visitedBranchPoints="8" sequenceCoverage="58.82" branchCoverage="53.33" maxCyclomaticComplexity="8" minCyclomaticComplexity="8" visitedClasses="0" numClasses="0" visitedMethods="1" numMethods="1" />
              <MetadataToken>100664033</MetadataToken>
              <Name>System.Boolean IBM.Watson.DeveloperCloud.Services.VisualRecognition.v3.VisualRecognition::RecognizeText(System.String,IBM.Watson.DeveloperCloud.Services.VisualRecognition.v3.VisualRecognition/OnRecognizeText,System.String)</Name>
              <FileRef uid="55" />
              <SequencePoints>
                <SequencePoint vc="1" uspid="1483" ordinal="0" offset="0" sl="574" sc="7" el="574" ec="28" bec="2" bev="1" fileid="55" />
                <SequencePoint vc="0" uspid="1484" ordinal="1" offset="3" sl="575" sc="9" el="575" ec="53" bec="0" bev="0" fileid="55" />
                <SequencePoint vc="1" uspid="1485" ordinal="2" offset="14" sl="576" sc="7" el="576" ec="43" bec="2" bev="1" fileid="55" />
                <SequencePoint vc="0" uspid="1486" ordinal="3" offset="22" sl="577" sc="9" el="577" ec="78" bec="0" bev="0" fileid="55" />
                <SequencePoint vc="1" uspid="1487" ordinal="4" offset="33" sl="578" sc="7" el="578" ec="43" bec="2" bev="1" fileid="55" />
                <SequencePoint vc="0" uspid="1488" ordinal="5" offset="45" sl="579" sc="9" el="579" ec="59" bec="0" bev="0" fileid="55" />
                <SequencePoint vc="1" uspid="1489" ordinal="6" offset="65" sl="580" sc="7" el="580" ec="43" bec="2" bev="1" fileid="55" />
                <SequencePoint vc="0" uspid="1490" ordinal="7" offset="77" sl="581" sc="9" el="581" ec="60" bec="0" bev="0" fileid="55" />
                <SequencePoint vc="1" uspid="1491" ordinal="8" offset="88" sl="583" sc="7" el="583" ec="31" bec="0" bev="0" fileid="55" />
                <SequencePoint vc="1" uspid="1492" ordinal="9" offset="90" sl="584" sc="7" el="584" ec="40" bec="2" bev="1" fileid="55" />
                <SequencePoint vc="1" uspid="1493" ordinal="10" offset="93" sl="586" sc="9" el="586" ec="30" bec="2" bev="1" fileid="55" />
                <SequencePoint vc="0" uspid="1494" ordinal="11" offset="101" sl="588" sc="11" el="588" ec="43" bec="0" bev="0" fileid="55" />
                <SequencePoint vc="0" uspid="1495" ordinal="12" offset="114" sl="589" sc="9" el="589" ec="10" bec="0" bev="0" fileid="55" />
                <SequencePoint vc="1" uspid="1496" ordinal="13" offset="116" sl="593" sc="11" el="593" ec="52" bec="0" bev="0" fileid="55" />
                <SequencePoint vc="1" uspid="1497" ordinal="14" offset="123" sl="597" sc="9" el="597" ec="31" bec="2" bev="1" fileid="55" />
                <SequencePoint vc="0" uspid="1498" ordinal="15" offset="126" sl="598" sc="11" el="598" ec="78" bec="0" bev="0" fileid="55" />
                <SequencePoint vc="1" uspid="1499" ordinal="16" offset="151" sl="601" sc="7" el="601" ec="61" bec="0" bev="0" fileid="55" />
              </SequencePoints>
              <BranchPoints>
                <BranchPoint vc="0" uspid="1500" ordinal="0" offset="1" sl="574" path="0" offsetend="3" fileid="55" />
                <BranchPoint vc="1" uspid="1501" ordinal="1" offset="1" sl="574" path="1" offsetend="14" fileid="55" />
                <BranchPoint vc="0" uspid="1502" ordinal="2" offset="20" sl="576" path="0" offsetend="22" fileid="55" />
                <BranchPoint vc="1" uspid="1503" ordinal="3" offset="20" sl="576" path="1" offsetend="33" fileid="55" />
                <BranchPoint vc="0" uspid="1504" ordinal="4" offset="43" sl="578" path="0" offsetend="45" fileid="55" />
                <BranchPoint vc="1" uspid="1505" ordinal="5" offset="43" sl="578" path="1" offsetend="65" fileid="55" />
                <BranchPoint vc="0" uspid="1506" ordinal="6" offset="75" sl="580" path="0" offsetend="77" fileid="55" />
                <BranchPoint vc="1" uspid="1507" ordinal="7" offset="75" sl="580" path="1" offsetend="88" fileid="55" />
                <BranchPoint vc="1" uspid="1508" ordinal="8" offset="91" sl="584" path="0" offsetend="93" fileid="55" />
                <BranchPoint vc="0" uspid="1509" ordinal="9" offset="91" sl="584" path="1" offsetend="151" fileid="55" />
                <BranchPoint vc="0" uspid="1510" ordinal="10" offset="99" sl="586" path="0" offsetend="101" fileid="55" />
                <BranchPoint vc="1" uspid="1511" ordinal="11" offset="99" sl="586" path="1" offsetend="116" fileid="55" />
                <BranchPoint vc="0" uspid="1512" ordinal="12" offset="124" sl="597" path="0" offsetend="126" fileid="55" />
                <BranchPoint vc="1" uspid="1513" ordinal="13" offset="124" sl="597" path="1" offsetend="151" fileid="55" />
              </BranchPoints>
              <MethodPoint xsi:type="SequencePoint" vc="1" uspid="1483" ordinal="0" offset="0" sl="574" sc="7" el="574" ec="28" bec="2" bev="1" fileid="55" />
            </Method>
            <Method visited="true" cyclomaticComplexity="7" nPathComplexity="64" sequenceCoverage="77.27" branchCoverage="53.85" isConstructor="false" isStatic="false" isGetter="false" isSetter="false">
              <Summary numSequencePoints="22" visitedSequencePoints="17" numBranchPoints="13" visitedBranchPoints="7" sequenceCoverage="77.27" branchCoverage="53.85" maxCyclomaticComplexity="7" minCyclomaticComplexity="7" visitedClasses="0" numClasses="0" visitedMethods="1" numMethods="1" />
              <MetadataToken>100664034</MetadataToken>
              <Name>System.Boolean IBM.Watson.DeveloperCloud.Services.VisualRecognition.v3.VisualRecognition::RecognizeText(IBM.Watson.DeveloperCloud.Services.VisualRecognition.v3.VisualRecognition/OnRecognizeText,System.Byte[],System.String)</Name>
              <FileRef uid="55" />
              <SequencePoints>
                <SequencePoint vc="1" uspid="1514" ordinal="0" offset="0" sl="613" sc="7" el="613" ec="43" bec="2" bev="1" fileid="55" />
                <SequencePoint vc="0" uspid="1515" ordinal="1" offset="12" sl="614" sc="9" el="614" ec="59" bec="0" bev="0" fileid="55" />
                <SequencePoint vc="1" uspid="1516" ordinal="2" offset="32" sl="615" sc="7" el="615" ec="43" bec="2" bev="1" fileid="55" />
                <SequencePoint vc="0" uspid="1517" ordinal="3" offset="44" sl="616" sc="9" el="616" ec="60" bec="0" bev="0" fileid="55" />
                <SequencePoint vc="1" uspid="1518" ordinal="4" offset="55" sl="617" sc="7" el="617" ec="28" bec="2" bev="1" fileid="55" />
                <SequencePoint vc="0" uspid="1519" ordinal="5" offset="58" sl="618" sc="9" el="618" ec="53" bec="0" bev="0" fileid="55" />
                <SequencePoint vc="1" uspid="1520" ordinal="6" offset="69" sl="619" sc="7" el="619" ec="29" bec="2" bev="1" fileid="55" />
                <SequencePoint vc="0" uspid="1521" ordinal="7" offset="72" sl="620" sc="9" el="620" ec="85" bec="0" bev="0" fileid="55" />
                <SequencePoint vc="1" uspid="1522" ordinal="8" offset="83" sl="622" sc="7" el="622" ec="96" bec="0" bev="0" fileid="55" />
                <SequencePoint vc="1" uspid="1523" ordinal="9" offset="100" sl="623" sc="7" el="623" ec="29" bec="2" bev="1" fileid="55" />
                <SequencePoint vc="0" uspid="1524" ordinal="10" offset="103" sl="624" sc="9" el="624" ec="22" bec="0" bev="0" fileid="55" />
                <SequencePoint vc="1" uspid="1525" ordinal="11" offset="105" sl="625" sc="7" el="625" ec="53" bec="0" bev="0" fileid="55" />
                <SequencePoint vc="1" uspid="1526" ordinal="12" offset="111" sl="626" sc="7" el="626" ec="31" bec="0" bev="0" fileid="55" />
                <SequencePoint vc="1" uspid="1527" ordinal="13" offset="118" sl="627" sc="7" el="627" ec="29" bec="0" bev="0" fileid="55" />
                <SequencePoint vc="1" uspid="1528" ordinal="14" offset="125" sl="628" sc="7" el="628" ec="37" bec="0" bev="0" fileid="55" />
                <SequencePoint vc="1" uspid="1529" ordinal="15" offset="136" sl="629" sc="7" el="629" ec="44" bec="0" bev="0" fileid="55" />
                <SequencePoint vc="1" uspid="1530" ordinal="16" offset="154" sl="631" sc="7" el="631" ec="45" bec="0" bev="0" fileid="55" />
                <SequencePoint vc="1" uspid="1531" ordinal="17" offset="175" sl="632" sc="7" el="632" ec="68" bec="0" bev="0" fileid="55" />
                <SequencePoint vc="1" uspid="1532" ordinal="18" offset="196" sl="634" sc="7" el="634" ec="29" bec="2" bev="1" fileid="55" />
                <SequencePoint vc="1" uspid="1533" ordinal="19" offset="199" sl="636" sc="9" el="636" ec="75" bec="0" bev="0" fileid="55" />
                <SequencePoint vc="1" uspid="1534" ordinal="20" offset="220" sl="637" sc="9" el="637" ec="30" bec="0" bev="0" fileid="55" />
                <SequencePoint vc="1" uspid="1535" ordinal="21" offset="227" sl="640" sc="7" el="640" ec="34" bec="0" bev="0" fileid="55" />
              </SequencePoints>
              <BranchPoints>
                <BranchPoint vc="0" uspid="1536" ordinal="0" offset="10" sl="613" path="0" offsetend="12" fileid="55" />
                <BranchPoint vc="1" uspid="1537" ordinal="1" offset="10" sl="613" path="1" offsetend="32" fileid="55" />
                <BranchPoint vc="0" uspid="1538" ordinal="2" offset="42" sl="615" path="0" offsetend="44" fileid="55" />
                <BranchPoint vc="1" uspid="1539" ordinal="3" offset="42" sl="615" path="1" offsetend="55" fileid="55" />
                <BranchPoint vc="0" uspid="1540" ordinal="4" offset="56" sl="617" path="0" offsetend="58" fileid="55" />
                <BranchPoint vc="1" uspid="1541" ordinal="5" offset="56" sl="617" path="1" offsetend="69" fileid="55" />
                <BranchPoint vc="0" uspid="1542" ordinal="6" offset="70" sl="619" path="0" offsetend="72" fileid="55" />
                <BranchPoint vc="1" uspid="1543" ordinal="7" offset="70" sl="619" path="1" offsetend="83" fileid="55" />
                <BranchPoint vc="0" uspid="1544" ordinal="8" offset="101" sl="623" path="0" offsetend="103" fileid="55" />
                <BranchPoint vc="1" uspid="1545" ordinal="9" offset="101" sl="623" path="1" offsetend="105" fileid="55" />
                <BranchPoint vc="1" uspid="1546" ordinal="10" offset="197" sl="634" path="0" offsetend="199" fileid="55" />
                <BranchPoint vc="0" uspid="1547" ordinal="11" offset="197" sl="634" path="1" offsetend="227" fileid="55" />
              </BranchPoints>
              <MethodPoint xsi:type="SequencePoint" vc="1" uspid="1514" ordinal="0" offset="0" sl="613" sc="7" el="613" ec="43" bec="2" bev="1" fileid="55" />
            </Method>
            <Method visited="true" cyclomaticComplexity="7" nPathComplexity="32" sequenceCoverage="72.22" branchCoverage="54.55" isConstructor="false" isStatic="false" isGetter="false" isSetter="false">
              <Summary numSequencePoints="18" visitedSequencePoints="13" numBranchPoints="11" visitedBranchPoints="6" sequenceCoverage="72.22" branchCoverage="54.55" maxCyclomaticComplexity="7" minCyclomaticComplexity="7" visitedClasses="0" numClasses="0" visitedMethods="1" numMethods="1" />
              <MetadataToken>100664035</MetadataToken>
              <Name>System.Void IBM.Watson.DeveloperCloud.Services.VisualRecognition.v3.VisualRecognition::OnRecognizeTextResp(IBM.Watson.DeveloperCloud.Connection.RESTConnector/Request,IBM.Watson.DeveloperCloud.Connection.RESTConnector/Response)</Name>
              <FileRef uid="55" />
              <SequencePoints>
                <SequencePoint vc="2" uspid="1548" ordinal="0" offset="0" sl="657" sc="7" el="657" ec="45" bec="0" bev="0" fileid="55" />
                <SequencePoint vc="2" uspid="1549" ordinal="1" offset="2" sl="658" sc="7" el="658" ec="24" bec="2" bev="1" fileid="55" />
                <SequencePoint vc="2" uspid="1550" ordinal="2" offset="13" sl="662" sc="11" el="662" ec="30" bec="0" bev="0" fileid="55" />
                <SequencePoint vc="2" uspid="1551" ordinal="3" offset="15" sl="663" sc="11" el="663" ec="89" bec="0" bev="0" fileid="55" />
                <SequencePoint vc="2" uspid="1552" ordinal="4" offset="39" sl="664" sc="11" el="664" ec="28" bec="2" bev="1" fileid="55" />
                <SequencePoint vc="0" uspid="1553" ordinal="5" offset="48" sl="665" sc="13" el="665" ec="60" bec="0" bev="0" fileid="55" />
                <SequencePoint vc="2" uspid="1554" ordinal="6" offset="61" sl="667" sc="11" el="667" ec="50" bec="0" bev="0" fileid="55" />
                <SequencePoint vc="2" uspid="1555" ordinal="7" offset="67" sl="669" sc="11" el="669" ec="29" bec="0" bev="0" fileid="55" />
                <SequencePoint vc="2" uspid="1556" ordinal="8" offset="69" sl="670" sc="11" el="670" ec="74" bec="0" bev="0" fileid="55" />
                <SequencePoint vc="2" uspid="1557" ordinal="9" offset="89" sl="671" sc="11" el="671" ec="28" bec="2" bev="1" fileid="55" />
                <SequencePoint vc="0" uspid="1558" ordinal="10" offset="98" sl="672" sc="13" el="672" ec="60" bec="0" bev="0" fileid="55" />
                <SequencePoint vc="2" uspid="1559" ordinal="11" offset="111" sl="673" sc="9" el="673" ec="10" bec="0" bev="0" fileid="55" />
                <SequencePoint vc="0" uspid="1560" ordinal="12" offset="113" sl="674" sc="9" el="674" ec="28" bec="0" bev="0" fileid="55" />
                <SequencePoint vc="0" uspid="1561" ordinal="13" offset="115" sl="676" sc="11" el="676" ec="87" bec="0" bev="0" fileid="55" />
                <SequencePoint vc="0" uspid="1562" ordinal="14" offset="146" sl="677" sc="9" el="677" ec="10" bec="0" bev="0" fileid="55" />
                <SequencePoint vc="2" uspid="1563" ordinal="15" offset="148" sl="680" sc="7" el="680" ec="52" bec="2" bev="1" fileid="55" />
                <SequencePoint vc="2" uspid="1564" ordinal="16" offset="161" sl="681" sc="9" el="681" ec="100" bec="2" bev="1" fileid="55" />
                <SequencePoint vc="2" uspid="1565" ordinal="17" offset="200" sl="682" sc="5" el="682" ec="6" bec="0" bev="0" fileid="55" />
              </SequencePoints>
              <BranchPoints>
                <BranchPoint vc="2" uspid="1566" ordinal="0" offset="8" sl="658" path="0" offsetend="13" fileid="55" />
                <BranchPoint vc="0" uspid="1567" ordinal="1" offset="8" sl="658" path="1" offsetend="148" fileid="55" />
                <BranchPoint vc="0" uspid="1568" ordinal="2" offset="46" sl="664" path="0" offsetend="48" fileid="55" />
                <BranchPoint vc="2" uspid="1569" ordinal="3" offset="46" sl="664" path="1" offsetend="61" fileid="55" />
                <BranchPoint vc="0" uspid="1570" ordinal="4" offset="96" sl="671" path="0" offsetend="98" fileid="55" />
                <BranchPoint vc="2" uspid="1571" ordinal="5" offset="96" sl="671" path="1" offsetend="111" fileid="55" />
                <BranchPoint vc="2" uspid="1572" ordinal="6" offset="159" sl="680" path="0" offsetend="161" fileid="55" />
                <BranchPoint vc="0" uspid="1573" ordinal="7" offset="159" sl="680" path="1" offsetend="200" fileid="55" />
                <BranchPoint vc="0" uspid="1574" ordinal="8" offset="178" sl="681" path="0" offsetend="180" fileid="55" />
                <BranchPoint vc="2" uspid="1575" ordinal="9" offset="178" sl="681" path="1" offsetend="183" fileid="55" />
              </BranchPoints>
              <MethodPoint xsi:type="SequencePoint" vc="2" uspid="1548" ordinal="0" offset="0" sl="657" sc="7" el="657" ec="45" bec="0" bev="0" fileid="55" />
            </Method>
            <Method visited="true" cyclomaticComplexity="1" nPathComplexity="0" sequenceCoverage="100" branchCoverage="100" isConstructor="false" isStatic="false" isGetter="false" isSetter="false">
              <Summary numSequencePoints="2" visitedSequencePoints="2" numBranchPoints="1" visitedBranchPoints="1" sequenceCoverage="100" branchCoverage="100" maxCyclomaticComplexity="1" minCyclomaticComplexity="1" visitedClasses="0" numClasses="0" visitedMethods="1" numMethods="1" />
              <MetadataToken>100664036</MetadataToken>
              <Name>System.Void IBM.Watson.DeveloperCloud.Services.VisualRecognition.v3.VisualRecognition::FindClassifier(IBM.Watson.DeveloperCloud.Services.VisualRecognition.v3.VisualRecognition/OnFindClassifier,System.String,System.String)</Name>
              <FileRef uid="55" />
              <SequencePoints>
                <SequencePoint vc="1" uspid="1576" ordinal="0" offset="0" sl="694" sc="7" el="694" ec="73" bec="0" bev="0" fileid="55" />
                <SequencePoint vc="1" uspid="1577" ordinal="1" offset="10" sl="695" sc="5" el="695" ec="6" bec="0" bev="0" fileid="55" />
              </SequencePoints>
              <BranchPoints />
              <MethodPoint xsi:type="SequencePoint" vc="1" uspid="1576" ordinal="0" offset="0" sl="694" sc="7" el="694" ec="73" bec="0" bev="0" fileid="55" />
            </Method>
            <Method visited="true" cyclomaticComplexity="5" nPathComplexity="16" sequenceCoverage="76.47" branchCoverage="55.56" isConstructor="false" isStatic="false" isGetter="false" isSetter="false">
              <Summary numSequencePoints="17" visitedSequencePoints="13" numBranchPoints="9" visitedBranchPoints="5" sequenceCoverage="76.47" branchCoverage="55.56" maxCyclomaticComplexity="5" minCyclomaticComplexity="5" visitedClasses="0" numClasses="0" visitedMethods="1" numMethods="1" />
              <MetadataToken>100664037</MetadataToken>
              <Name>System.Boolean IBM.Watson.DeveloperCloud.Services.VisualRecognition.v3.VisualRecognition::GetClassifiers(IBM.Watson.DeveloperCloud.Services.VisualRecognition.v3.VisualRecognition/OnGetClassifiers,System.String)</Name>
              <FileRef uid="55" />
              <SequencePoints>
                <SequencePoint vc="2" uspid="1578" ordinal="0" offset="0" sl="757" sc="7" el="757" ec="28" bec="2" bev="1" fileid="55" />
                <SequencePoint vc="0" uspid="1579" ordinal="1" offset="3" sl="758" sc="9" el="758" ec="53" bec="0" bev="0" fileid="55" />
                <SequencePoint vc="2" uspid="1580" ordinal="2" offset="14" sl="759" sc="7" el="759" ec="43" bec="2" bev="1" fileid="55" />
                <SequencePoint vc="0" uspid="1581" ordinal="3" offset="26" sl="760" sc="9" el="760" ec="59" bec="0" bev="0" fileid="55" />
                <SequencePoint vc="2" uspid="1582" ordinal="4" offset="46" sl="761" sc="7" el="761" ec="43" bec="2" bev="1" fileid="55" />
                <SequencePoint vc="0" uspid="1583" ordinal="5" offset="58" sl="762" sc="9" el="762" ec="60" bec="0" bev="0" fileid="55" />
                <SequencePoint vc="2" uspid="1584" ordinal="6" offset="69" sl="764" sc="7" el="764" ec="93" bec="0" bev="0" fileid="55" />
                <SequencePoint vc="2" uspid="1585" ordinal="7" offset="86" sl="765" sc="7" el="765" ec="29" bec="2" bev="1" fileid="55" />
                <SequencePoint vc="0" uspid="1586" ordinal="8" offset="89" sl="766" sc="9" el="766" ec="22" bec="0" bev="0" fileid="55" />
                <SequencePoint vc="2" uspid="1587" ordinal="9" offset="91" sl="768" sc="7" el="768" ec="55" bec="0" bev="0" fileid="55" />
                <SequencePoint vc="2" uspid="1588" ordinal="10" offset="97" sl="769" sc="7" el="769" ec="31" bec="0" bev="0" fileid="55" />
                <SequencePoint vc="2" uspid="1589" ordinal="11" offset="104" sl="770" sc="7" el="770" ec="29" bec="0" bev="0" fileid="55" />
                <SequencePoint vc="2" uspid="1590" ordinal="12" offset="111" sl="771" sc="7" el="771" ec="45" bec="0" bev="0" fileid="55" />
                <SequencePoint vc="2" uspid="1591" ordinal="13" offset="132" sl="772" sc="7" el="772" ec="68" bec="0" bev="0" fileid="55" />
                <SequencePoint vc="2" uspid="1592" ordinal="14" offset="153" sl="773" sc="7" el="773" ec="35" bec="0" bev="0" fileid="55" />
                <SequencePoint vc="2" uspid="1593" ordinal="15" offset="164" sl="774" sc="7" el="774" ec="45" bec="0" bev="0" fileid="55" />
                <SequencePoint vc="2" uspid="1594" ordinal="16" offset="182" sl="776" sc="7" el="776" ec="34" bec="0" bev="0" fileid="55" />
              </SequencePoints>
              <BranchPoints>
                <BranchPoint vc="0" uspid="1595" ordinal="0" offset="1" sl="757" path="0" offsetend="3" fileid="55" />
                <BranchPoint vc="2" uspid="1596" ordinal="1" offset="1" sl="757" path="1" offsetend="14" fileid="55" />
                <BranchPoint vc="0" uspid="1597" ordinal="2" offset="24" sl="759" path="0" offsetend="26" fileid="55" />
                <BranchPoint vc="2" uspid="1598" ordinal="3" offset="24" sl="759" path="1" offsetend="46" fileid="55" />
                <BranchPoint vc="0" uspid="1599" ordinal="4" offset="56" sl="761" path="0" offsetend="58" fileid="55" />
                <BranchPoint vc="2" uspid="1600" ordinal="5" offset="56" sl="761" path="1" offsetend="69" fileid="55" />
                <BranchPoint vc="0" uspid="1601" ordinal="6" offset="87" sl="765" path="0" offsetend="89" fileid="55" />
                <BranchPoint vc="2" uspid="1602" ordinal="7" offset="87" sl="765" path="1" offsetend="91" fileid="55" />
              </BranchPoints>
              <MethodPoint xsi:type="SequencePoint" vc="2" uspid="1578" ordinal="0" offset="0" sl="757" sc="7" el="757" ec="28" bec="2" bev="1" fileid="55" />
            </Method>
            <Method visited="true" cyclomaticComplexity="6" nPathComplexity="16" sequenceCoverage="68.75" branchCoverage="55.56" isConstructor="false" isStatic="false" isGetter="false" isSetter="false">
              <Summary numSequencePoints="16" visitedSequencePoints="11" numBranchPoints="9" visitedBranchPoints="5" sequenceCoverage="68.75" branchCoverage="55.56" maxCyclomaticComplexity="6" minCyclomaticComplexity="6" visitedClasses="0" numClasses="0" visitedMethods="1" numMethods="1" />
              <MetadataToken>100664038</MetadataToken>
              <Name>System.Void IBM.Watson.DeveloperCloud.Services.VisualRecognition.v3.VisualRecognition::OnGetClassifiersResp(IBM.Watson.DeveloperCloud.Connection.RESTConnector/Request,IBM.Watson.DeveloperCloud.Connection.RESTConnector/Response)</Name>
              <FileRef uid="55" />
              <SequencePoints>
                <SequencePoint vc="2" uspid="1603" ordinal="0" offset="0" sl="796" sc="7" el="796" ec="83" bec="0" bev="0" fileid="55" />
                <SequencePoint vc="2" uspid="1604" ordinal="1" offset="6" sl="797" sc="7" el="797" ec="24" bec="2" bev="1" fileid="55" />
                <SequencePoint vc="2" uspid="1605" ordinal="2" offset="14" sl="801" sc="11" el="801" ec="30" bec="0" bev="0" fileid="55" />
                <SequencePoint vc="2" uspid="1606" ordinal="3" offset="16" sl="802" sc="11" el="802" ec="89" bec="0" bev="0" fileid="55" />
                <SequencePoint vc="2" uspid="1607" ordinal="4" offset="40" sl="804" sc="11" el="804" ec="36" bec="0" bev="0" fileid="55" />
                <SequencePoint vc="2" uspid="1608" ordinal="5" offset="42" sl="805" sc="11" el="805" ec="74" bec="0" bev="0" fileid="55" />
                <SequencePoint vc="2" uspid="1609" ordinal="6" offset="62" sl="807" sc="11" el="807" ec="28" bec="2" bev="1" fileid="55" />
                <SequencePoint vc="0" uspid="1610" ordinal="7" offset="71" sl="808" sc="13" el="808" ec="60" bec="0" bev="0" fileid="55" />
                <SequencePoint vc="2" uspid="1611" ordinal="8" offset="84" sl="809" sc="9" el="809" ec="10" bec="0" bev="0" fileid="55" />
                <SequencePoint vc="0" uspid="1612" ordinal="9" offset="86" sl="810" sc="9" el="810" ec="28" bec="0" bev="0" fileid="55" />
                <SequencePoint vc="0" uspid="1613" ordinal="10" offset="88" sl="812" sc="11" el="812" ec="89" bec="0" bev="0" fileid="55" />
                <SequencePoint vc="0" uspid="1614" ordinal="11" offset="119" sl="813" sc="11" el="813" ec="32" bec="0" bev="0" fileid="55" />
                <SequencePoint vc="0" uspid="1615" ordinal="12" offset="126" sl="814" sc="9" el="814" ec="10" bec="0" bev="0" fileid="55" />
                <SequencePoint vc="2" uspid="1616" ordinal="13" offset="128" sl="817" sc="7" el="817" ec="53" bec="2" bev="1" fileid="55" />
                <SequencePoint vc="2" uspid="1617" ordinal="14" offset="141" sl="818" sc="9" el="818" ec="109" bec="2" bev="1" fileid="55" />
                <SequencePoint vc="2" uspid="1618" ordinal="15" offset="180" sl="819" sc="5" el="819" ec="6" bec="0" bev="0" fileid="55" />
              </SequencePoints>
              <BranchPoints>
                <BranchPoint vc="2" uspid="1619" ordinal="0" offset="12" sl="797" path="0" offsetend="14" fileid="55" />
                <BranchPoint vc="0" uspid="1620" ordinal="1" offset="12" sl="797" path="1" offsetend="128" fileid="55" />
                <BranchPoint vc="0" uspid="1621" ordinal="2" offset="69" sl="807" path="0" offsetend="71" fileid="55" />
                <BranchPoint vc="2" uspid="1622" ordinal="3" offset="69" sl="807" path="1" offsetend="84" fileid="55" />
                <BranchPoint vc="2" uspid="1623" ordinal="4" offset="139" sl="817" path="0" offsetend="141" fileid="55" />
                <BranchPoint vc="0" uspid="1624" ordinal="5" offset="139" sl="817" path="1" offsetend="180" fileid="55" />
                <BranchPoint vc="0" uspid="1625" ordinal="6" offset="158" sl="818" path="0" offsetend="160" fileid="55" />
                <BranchPoint vc="2" uspid="1626" ordinal="7" offset="158" sl="818" path="1" offsetend="163" fileid="55" />
              </BranchPoints>
              <MethodPoint xsi:type="SequencePoint" vc="2" uspid="1603" ordinal="0" offset="0" sl="796" sc="7" el="796" ec="83" bec="0" bev="0" fileid="55" />
            </Method>
            <Method visited="true" cyclomaticComplexity="6" nPathComplexity="32" sequenceCoverage="70.59" branchCoverage="54.55" isConstructor="false" isStatic="false" isGetter="false" isSetter="false">
              <Summary numSequencePoints="17" visitedSequencePoints="12" numBranchPoints="11" visitedBranchPoints="6" sequenceCoverage="70.59" branchCoverage="54.55" maxCyclomaticComplexity="6" minCyclomaticComplexity="6" visitedClasses="0" numClasses="0" visitedMethods="1" numMethods="1" />
              <MetadataToken>100664039</MetadataToken>
              <Name>System.Boolean IBM.Watson.DeveloperCloud.Services.VisualRecognition.v3.VisualRecognition::GetClassifier(IBM.Watson.DeveloperCloud.Services.VisualRecognition.v3.VisualRecognition/OnGetClassifier,System.String,System.String)</Name>
              <FileRef uid="55" />
              <SequencePoints>
                <SequencePoint vc="2" uspid="1627" ordinal="0" offset="0" sl="831" sc="7" el="831" ec="46" bec="2" bev="1" fileid="55" />
                <SequencePoint vc="0" uspid="1628" ordinal="1" offset="8" sl="832" sc="9" el="832" ec="57" bec="0" bev="0" fileid="55" />
                <SequencePoint vc="2" uspid="1629" ordinal="2" offset="19" sl="833" sc="7" el="833" ec="28" bec="2" bev="1" fileid="55" />
                <SequencePoint vc="0" uspid="1630" ordinal="3" offset="22" sl="834" sc="9" el="834" ec="53" bec="0" bev="0" fileid="55" />
                <SequencePoint vc="2" uspid="1631" ordinal="4" offset="33" sl="835" sc="7" el="835" ec="43" bec="2" bev="1" fileid="55" />
                <SequencePoint vc="0" uspid="1632" ordinal="5" offset="45" sl="836" sc="9" el="836" ec="59" bec="0" bev="0" fileid="55" />
                <SequencePoint vc="2" uspid="1633" ordinal="6" offset="65" sl="837" sc="7" el="837" ec="43" bec="2" bev="1" fileid="55" />
                <SequencePoint vc="0" uspid="1634" ordinal="7" offset="77" sl="838" sc="9" el="838" ec="60" bec="0" bev="0" fileid="55" />
                <SequencePoint vc="2" uspid="1635" ordinal="8" offset="88" sl="840" sc="7" el="840" ec="114" bec="0" bev="0" fileid="55" />
                <SequencePoint vc="2" uspid="1636" ordinal="9" offset="111" sl="841" sc="7" el="841" ec="29" bec="2" bev="1" fileid="55" />
                <SequencePoint vc="0" uspid="1637" ordinal="10" offset="114" sl="842" sc="9" el="842" ec="22" bec="0" bev="0" fileid="55" />
                <SequencePoint vc="2" uspid="1638" ordinal="11" offset="116" sl="844" sc="7" el="844" ec="53" bec="0" bev="0" fileid="55" />
                <SequencePoint vc="2" uspid="1639" ordinal="12" offset="122" sl="845" sc="7" el="845" ec="31" bec="0" bev="0" fileid="55" />
                <SequencePoint vc="2" uspid="1640" ordinal="13" offset="129" sl="846" sc="7" el="846" ec="45" bec="0" bev="0" fileid="55" />
                <SequencePoint vc="2" uspid="1641" ordinal="14" offset="150" sl="847" sc="7" el="847" ec="68" bec="0" bev="0" fileid="55" />
                <SequencePoint vc="2" uspid="1642" ordinal="15" offset="171" sl="848" sc="7" el="848" ec="44" bec="0" bev="0" fileid="55" />
                <SequencePoint vc="2" uspid="1643" ordinal="16" offset="189" sl="850" sc="7" el="850" ec="34" bec="0" bev="0" fileid="55" />
              </SequencePoints>
              <BranchPoints>
                <BranchPoint vc="0" uspid="1644" ordinal="0" offset="6" sl="831" path="0" offsetend="8" fileid="55" />
                <BranchPoint vc="2" uspid="1645" ordinal="1" offset="6" sl="831" path="1" offsetend="19" fileid="55" />
                <BranchPoint vc="0" uspid="1646" ordinal="2" offset="20" sl="833" path="0" offsetend="22" fileid="55" />
                <BranchPoint vc="2" uspid="1647" ordinal="3" offset="20" sl="833" path="1" offsetend="33" fileid="55" />
                <BranchPoint vc="0" uspid="1648" ordinal="4" offset="43" sl="835" path="0" offsetend="45" fileid="55" />
                <BranchPoint vc="2" uspid="1649" ordinal="5" offset="43" sl="835" path="1" offsetend="65" fileid="55" />
                <BranchPoint vc="0" uspid="1650" ordinal="6" offset="75" sl="837" path="0" offsetend="77" fileid="55" />
                <BranchPoint vc="2" uspid="1651" ordinal="7" offset="75" sl="837" path="1" offsetend="88" fileid="55" />
                <BranchPoint vc="0" uspid="1652" ordinal="8" offset="112" sl="841" path="0" offsetend="114" fileid="55" />
                <BranchPoint vc="2" uspid="1653" ordinal="9" offset="112" sl="841" path="1" offsetend="116" fileid="55" />
              </BranchPoints>
              <MethodPoint xsi:type="SequencePoint" vc="2" uspid="1627" ordinal="0" offset="0" sl="831" sc="7" el="831" ec="46" bec="2" bev="1" fileid="55" />
            </Method>
            <Method visited="true" cyclomaticComplexity="7" nPathComplexity="32" sequenceCoverage="66.67" branchCoverage="54.55" isConstructor="false" isStatic="false" isGetter="false" isSetter="false">
              <Summary numSequencePoints="18" visitedSequencePoints="12" numBranchPoints="11" visitedBranchPoints="6" sequenceCoverage="66.67" branchCoverage="54.55" maxCyclomaticComplexity="7" minCyclomaticComplexity="7" visitedClasses="0" numClasses="0" visitedMethods="1" numMethods="1" />
              <MetadataToken>100664040</MetadataToken>
              <Name>System.Void IBM.Watson.DeveloperCloud.Services.VisualRecognition.v3.VisualRecognition::OnGetClassifierResp(IBM.Watson.DeveloperCloud.Connection.RESTConnector/Request,IBM.Watson.DeveloperCloud.Connection.RESTConnector/Response)</Name>
              <FileRef uid="55" />
              <SequencePoints>
                <SequencePoint vc="2" uspid="1654" ordinal="0" offset="0" sl="867" sc="7" el="867" ec="96" bec="0" bev="0" fileid="55" />
                <SequencePoint vc="2" uspid="1655" ordinal="1" offset="6" sl="868" sc="7" el="868" ec="24" bec="2" bev="1" fileid="55" />
                <SequencePoint vc="2" uspid="1656" ordinal="2" offset="17" sl="872" sc="11" el="872" ec="30" bec="0" bev="0" fileid="55" />
                <SequencePoint vc="2" uspid="1657" ordinal="3" offset="19" sl="873" sc="11" el="873" ec="89" bec="0" bev="0" fileid="55" />
                <SequencePoint vc="2" uspid="1658" ordinal="4" offset="43" sl="874" sc="11" el="874" ec="28" bec="2" bev="1" fileid="55" />
                <SequencePoint vc="0" uspid="1659" ordinal="5" offset="52" sl="875" sc="13" el="875" ec="60" bec="0" bev="0" fileid="55" />
                <SequencePoint vc="2" uspid="1660" ordinal="6" offset="65" sl="877" sc="11" el="877" ec="35" bec="0" bev="0" fileid="55" />
                <SequencePoint vc="2" uspid="1661" ordinal="7" offset="67" sl="878" sc="11" el="878" ec="74" bec="0" bev="0" fileid="55" />
                <SequencePoint vc="2" uspid="1662" ordinal="8" offset="87" sl="879" sc="11" el="879" ec="28" bec="2" bev="1" fileid="55" />
                <SequencePoint vc="0" uspid="1663" ordinal="9" offset="96" sl="880" sc="13" el="880" ec="60" bec="0" bev="0" fileid="55" />
                <SequencePoint vc="2" uspid="1664" ordinal="10" offset="109" sl="881" sc="9" el="881" ec="10" bec="0" bev="0" fileid="55" />
                <SequencePoint vc="0" uspid="1665" ordinal="11" offset="111" sl="882" sc="9" el="882" ec="28" bec="0" bev="0" fileid="55" />
                <SequencePoint vc="0" uspid="1666" ordinal="12" offset="113" sl="884" sc="11" el="884" ec="89" bec="0" bev="0" fileid="55" />
                <SequencePoint vc="0" uspid="1667" ordinal="13" offset="144" sl="885" sc="11" el="885" ec="32" bec="0" bev="0" fileid="55" />
                <SequencePoint vc="0" uspid="1668" ordinal="14" offset="151" sl="886" sc="9" el="886" ec="10" bec="0" bev="0" fileid="55" />
                <SequencePoint vc="2" uspid="1669" ordinal="15" offset="153" sl="889" sc="7" el="889" ec="52" bec="2" bev="1" fileid="55" />
                <SequencePoint vc="2" uspid="1670" ordinal="16" offset="166" sl="890" sc="9" el="890" ec="106" bec="2" bev="1" fileid="55" />
                <SequencePoint vc="2" uspid="1671" ordinal="17" offset="205" sl="891" sc="5" el="891" ec="6" bec="0" bev="0" fileid="55" />
              </SequencePoints>
              <BranchPoints>
                <BranchPoint vc="2" uspid="1672" ordinal="0" offset="12" sl="868" path="0" offsetend="17" fileid="55" />
                <BranchPoint vc="0" uspid="1673" ordinal="1" offset="12" sl="868" path="1" offsetend="153" fileid="55" />
                <BranchPoint vc="0" uspid="1674" ordinal="2" offset="50" sl="874" path="0" offsetend="52" fileid="55" />
                <BranchPoint vc="2" uspid="1675" ordinal="3" offset="50" sl="874" path="1" offsetend="65" fileid="55" />
                <BranchPoint vc="0" uspid="1676" ordinal="4" offset="94" sl="879" path="0" offsetend="96" fileid="55" />
                <BranchPoint vc="2" uspid="1677" ordinal="5" offset="94" sl="879" path="1" offsetend="109" fileid="55" />
                <BranchPoint vc="2" uspid="1678" ordinal="6" offset="164" sl="889" path="0" offsetend="166" fileid="55" />
                <BranchPoint vc="0" uspid="1679" ordinal="7" offset="164" sl="889" path="1" offsetend="205" fileid="55" />
                <BranchPoint vc="0" uspid="1680" ordinal="8" offset="183" sl="890" path="0" offsetend="185" fileid="55" />
                <BranchPoint vc="2" uspid="1681" ordinal="9" offset="183" sl="890" path="1" offsetend="188" fileid="55" />
              </BranchPoints>
              <MethodPoint xsi:type="SequencePoint" vc="2" uspid="1654" ordinal="0" offset="0" sl="867" sc="7" el="867" ec="96" bec="0" bev="0" fileid="55" />
            </Method>
            <Method visited="true" cyclomaticComplexity="13" nPathComplexity="1024" sequenceCoverage="58.62" branchCoverage="52.38" isConstructor="false" isStatic="false" isGetter="false" isSetter="false">
              <Summary numSequencePoints="29" visitedSequencePoints="17" numBranchPoints="21" visitedBranchPoints="11" sequenceCoverage="58.62" branchCoverage="52.38" maxCyclomaticComplexity="13" minCyclomaticComplexity="13" visitedClasses="0" numClasses="0" visitedMethods="1" numMethods="1" />
              <MetadataToken>100664041</MetadataToken>
              <Name>System.Boolean IBM.Watson.DeveloperCloud.Services.VisualRecognition.v3.VisualRecognition::TrainClassifier(IBM.Watson.DeveloperCloud.Services.VisualRecognition.v3.VisualRecognition/OnTrainClassifier,System.String,System.Collections.Generic.Dictionary`2&lt;System.String,System.String&gt;,System.String,System.String,System.String)</Name>
              <FileRef uid="55" />
              <SequencePoints>
                <SequencePoint vc="1" uspid="1682" ordinal="0" offset="0" sl="908" sc="7" el="908" ec="43" bec="2" bev="1" fileid="55" />
                <SequencePoint vc="1" uspid="1683" ordinal="1" offset="12" sl="909" sc="9" el="909" ec="59" bec="0" bev="0" fileid="55" />
                <SequencePoint vc="1" uspid="1684" ordinal="2" offset="32" sl="910" sc="7" el="910" ec="43" bec="2" bev="1" fileid="55" />
                <SequencePoint vc="0" uspid="1685" ordinal="3" offset="44" sl="911" sc="9" el="911" ec="60" bec="0" bev="0" fileid="55" />
                <SequencePoint vc="1" uspid="1686" ordinal="4" offset="55" sl="912" sc="7" el="912" ec="48" bec="2" bev="1" fileid="55" />
                <SequencePoint vc="0" uspid="1687" ordinal="5" offset="63" sl="913" sc="9" el="913" ec="59" bec="0" bev="0" fileid="55" />
                <SequencePoint vc="1" uspid="1688" ordinal="6" offset="74" sl="914" sc="7" el="914" ec="36" bec="2" bev="1" fileid="55" />
                <SequencePoint vc="0" uspid="1689" ordinal="7" offset="77" sl="915" sc="9" el="915" ec="80" bec="0" bev="0" fileid="55" />
                <SequencePoint vc="1" uspid="1690" ordinal="8" offset="88" sl="916" sc="7" el="916" ec="84" bec="3" bev="2" fileid="55" />
                <SequencePoint vc="0" uspid="1691" ordinal="9" offset="106" sl="917" sc="9" el="917" ec="172" bec="0" bev="0" fileid="55" />
                <SequencePoint vc="1" uspid="1692" ordinal="10" offset="117" sl="918" sc="7" el="918" ec="28" bec="2" bev="1" fileid="55" />
                <SequencePoint vc="0" uspid="1693" ordinal="11" offset="120" sl="919" sc="9" el="919" ec="53" bec="0" bev="0" fileid="55" />
                <SequencePoint vc="1" uspid="1694" ordinal="12" offset="131" sl="921" sc="7" el="921" ec="90" bec="0" bev="0" fileid="55" />
                <SequencePoint vc="1" uspid="1695" ordinal="13" offset="137" sl="922" sc="7" el="922" ec="42" bec="0" bev="0" fileid="55" />
                <SequencePoint vc="1" uspid="1696" ordinal="14" offset="139" sl="924" sc="7" el="924" ec="28" bec="2" bev="1" fileid="55" />
                <SequencePoint vc="0" uspid="1697" ordinal="15" offset="147" sl="926" sc="53" el="926" ec="69" bec="0" bev="0" fileid="55" />
                <SequencePoint vc="0" uspid="1698" ordinal="16" offset="156" sl="926" sc="18" el="926" ec="49" bec="0" bev="0" fileid="55" />
                <SequencePoint vc="0" uspid="1699" ordinal="17" offset="164" sl="927" sc="11" el="927" ec="64" bec="0" bev="0" fileid="55" />
                <SequencePoint vc="0" uspid="1700" ordinal="18" offset="195" sl="926" sc="50" el="926" ec="52" bec="0" bev="0" fileid="55" />
                <SequencePoint vc="0" uspid="1701" ordinal="19" offset="220" sl="928" sc="9" el="928" ec="63" bec="0" bev="0" fileid="55" />
                <SequencePoint vc="0" uspid="1702" ordinal="20" offset="234" sl="929" sc="7" el="929" ec="8" bec="0" bev="0" fileid="55" />
                <SequencePoint vc="1" uspid="1703" ordinal="21" offset="236" sl="933" sc="53" el="933" ec="69" bec="0" bev="0" fileid="55" />
                <SequencePoint vc="1" uspid="1704" ordinal="22" offset="245" sl="933" sc="18" el="933" ec="49" bec="0" bev="0" fileid="55" />
                <SequencePoint vc="1" uspid="1705" ordinal="23" offset="254" sl="934" sc="11" el="934" ec="73" bec="0" bev="0" fileid="55" />
                <SequencePoint vc="2" uspid="1706" ordinal="24" offset="279" sl="933" sc="50" el="933" ec="52" bec="0" bev="0" fileid="55" />
                <SequencePoint vc="1" uspid="1707" ordinal="25" offset="304" sl="935" sc="9" el="935" ec="72" bec="0" bev="0" fileid="55" />
                <SequencePoint vc="1" uspid="1708" ordinal="26" offset="312" sl="939" sc="7" el="939" ec="75" bec="3" bev="2" fileid="55" />
                <SequencePoint vc="0" uspid="1709" ordinal="27" offset="323" sl="940" sc="9" el="940" ec="91" bec="0" bev="0" fileid="55" />
                <SequencePoint vc="1" uspid="1710" ordinal="28" offset="344" sl="942" sc="7" el="942" ec="122" bec="0" bev="0" fileid="55" />
              </SequencePoints>
              <BranchPoints>
                <BranchPoint vc="1" uspid="1711" ordinal="0" offset="10" sl="908" path="0" offsetend="12" fileid="55" />
                <BranchPoint vc="0" uspid="1712" ordinal="1" offset="10" sl="908" path="1" offsetend="32" fileid="55" />
                <BranchPoint vc="0" uspid="1713" ordinal="2" offset="42" sl="910" path="0" offsetend="44" fileid="55" />
                <BranchPoint vc="1" uspid="1714" ordinal="3" offset="42" sl="910" path="1" offsetend="55" fileid="55" />
                <BranchPoint vc="0" uspid="1715" ordinal="4" offset="61" sl="912" path="0" offsetend="63" fileid="55" />
                <BranchPoint vc="1" uspid="1716" ordinal="5" offset="61" sl="912" path="1" offsetend="74" fileid="55" />
                <BranchPoint vc="0" uspid="1717" ordinal="6" offset="75" sl="914" path="0" offsetend="77" fileid="55" />
                <BranchPoint vc="1" uspid="1718" ordinal="7" offset="75" sl="914" path="1" offsetend="88" fileid="55" />
                <BranchPoint vc="1" uspid="1719" ordinal="8" offset="95" sl="916" path="0" offsetend="97" fileid="55" />
                <BranchPoint vc="0" uspid="1720" ordinal="9" offset="95" sl="916" path="1" offsetend="117" fileid="55" />
                <BranchPoint vc="0" uspid="1721" ordinal="10" offset="104" sl="916" path="0" offsetend="106" fileid="55" />
                <BranchPoint vc="1" uspid="1722" ordinal="11" offset="104" sl="916" path="1" offsetend="117" fileid="55" />
                <BranchPoint vc="0" uspid="1723" ordinal="12" offset="118" sl="918" path="0" offsetend="120" fileid="55" />
                <BranchPoint vc="1" uspid="1724" ordinal="13" offset="118" sl="918" path="1" offsetend="131" fileid="55" />
                <BranchPoint vc="0" uspid="1725" ordinal="14" offset="145" sl="924" path="0" offsetend="147" fileid="55" />
                <BranchPoint vc="1" uspid="1726" ordinal="15" offset="145" sl="924" path="1" offsetend="236" fileid="55" />
                <BranchPoint vc="1" uspid="1731" ordinal="20" offset="318" sl="939" path="0" offsetend="320" fileid="55" />
                <BranchPoint vc="0" uspid="1732" ordinal="21" offset="318" sl="939" path="1" offsetend="323" fileid="55" />
                <BranchPoint vc="0" uspid="1733" ordinal="22" offset="321" sl="939" path="0" offsetend="323" fileid="55" />
                <BranchPoint vc="1" uspid="1734" ordinal="23" offset="321" sl="939" path="1" offsetend="344" fileid="55" />
              </BranchPoints>
              <MethodPoint xsi:type="SequencePoint" vc="1" uspid="1682" ordinal="0" offset="0" sl="908" sc="7" el="908" ec="43" bec="2" bev="1" fileid="55" />
            </Method>
            <Method visited="true" cyclomaticComplexity="10" nPathComplexity="256" sequenceCoverage="78.57" branchCoverage="52.94" isConstructor="false" isStatic="false" isGetter="false" isSetter="false">
              <Summary numSequencePoints="28" visitedSequencePoints="22" numBranchPoints="17" visitedBranchPoints="9" sequenceCoverage="78.57" branchCoverage="52.94" maxCyclomaticComplexity="10" minCyclomaticComplexity="10" visitedClasses="0" numClasses="0" visitedMethods="1" numMethods="1" />
              <MetadataToken>100664042</MetadataToken>
              <Name>System.Boolean IBM.Watson.DeveloperCloud.Services.VisualRecognition.v3.VisualRecognition::TrainClassifier(IBM.Watson.DeveloperCloud.Services.VisualRecognition.v3.VisualRecognition/OnTrainClassifier,System.String,System.Collections.Generic.Dictionary`2&lt;System.String,System.Byte[]&gt;,System.Byte[],System.String,System.String)</Name>
              <FileRef uid="55" />
              <SequencePoints>
                <SequencePoint vc="1" uspid="1735" ordinal="0" offset="0" sl="956" sc="7" el="956" ec="43" bec="2" bev="1" fileid="55" />
                <SequencePoint vc="0" uspid="1736" ordinal="1" offset="12" sl="957" sc="9" el="957" ec="59" bec="0" bev="0" fileid="55" />
                <SequencePoint vc="1" uspid="1737" ordinal="2" offset="32" sl="958" sc="7" el="958" ec="43" bec="2" bev="1" fileid="55" />
                <SequencePoint vc="0" uspid="1738" ordinal="3" offset="44" sl="959" sc="9" el="959" ec="60" bec="0" bev="0" fileid="55" />
                <SequencePoint vc="1" uspid="1739" ordinal="4" offset="55" sl="960" sc="7" el="960" ec="48" bec="2" bev="1" fileid="55" />
                <SequencePoint vc="0" uspid="1740" ordinal="5" offset="63" sl="961" sc="9" el="961" ec="59" bec="0" bev="0" fileid="55" />
                <SequencePoint vc="1" uspid="1741" ordinal="6" offset="74" sl="962" sc="7" el="962" ec="74" bec="3" bev="2" fileid="55" />
                <SequencePoint vc="0" uspid="1742" ordinal="7" offset="87" sl="963" sc="9" el="963" ec="172" bec="0" bev="0" fileid="55" />
                <SequencePoint vc="1" uspid="1743" ordinal="8" offset="98" sl="964" sc="7" el="964" ec="28" bec="2" bev="1" fileid="55" />
                <SequencePoint vc="0" uspid="1744" ordinal="9" offset="101" sl="965" sc="9" el="965" ec="53" bec="0" bev="0" fileid="55" />
                <SequencePoint vc="1" uspid="1745" ordinal="10" offset="112" sl="967" sc="7" el="967" ec="93" bec="0" bev="0" fileid="55" />
                <SequencePoint vc="1" uspid="1746" ordinal="11" offset="129" sl="968" sc="7" el="968" ec="29" bec="2" bev="1" fileid="55" />
                <SequencePoint vc="0" uspid="1747" ordinal="12" offset="132" sl="969" sc="9" el="969" ec="22" bec="0" bev="0" fileid="55" />
                <SequencePoint vc="1" uspid="1748" ordinal="13" offset="134" sl="971" sc="7" el="971" ec="57" bec="0" bev="0" fileid="55" />
                <SequencePoint vc="1" uspid="1749" ordinal="14" offset="140" sl="972" sc="7" el="972" ec="31" bec="0" bev="0" fileid="55" />
                <SequencePoint vc="1" uspid="1750" ordinal="15" offset="147" sl="973" sc="7" el="973" ec="46" bec="0" bev="0" fileid="55" />
                <SequencePoint vc="1" uspid="1751" ordinal="16" offset="165" sl="974" sc="7" el="974" ec="37" bec="0" bev="0" fileid="55" />
                <SequencePoint vc="1" uspid="1752" ordinal="17" offset="176" sl="975" sc="7" el="975" ec="45" bec="0" bev="0" fileid="55" />
                <SequencePoint vc="1" uspid="1753" ordinal="18" offset="197" sl="976" sc="7" el="976" ec="68" bec="0" bev="0" fileid="55" />
                <SequencePoint vc="1" uspid="1754" ordinal="19" offset="218" sl="977" sc="7" el="977" ec="64" bec="0" bev="0" fileid="55" />
                <SequencePoint vc="1" uspid="1755" ordinal="20" offset="229" sl="978" sc="7" el="978" ec="66" bec="0" bev="0" fileid="55" />
                <SequencePoint vc="1" uspid="1756" ordinal="21" offset="251" sl="980" sc="51" el="980" ec="71" bec="0" bev="0" fileid="55" />
                <SequencePoint vc="1" uspid="1757" ordinal="22" offset="260" sl="980" sc="16" el="980" ec="47" bec="0" bev="0" fileid="55" />
                <SequencePoint vc="1" uspid="1758" ordinal="23" offset="268" sl="981" sc="9" el="981" ec="151" bec="0" bev="0" fileid="55" />
                <SequencePoint vc="2" uspid="1759" ordinal="24" offset="335" sl="980" sc="48" el="980" ec="50" bec="0" bev="0" fileid="55" />
                <SequencePoint vc="1" uspid="1760" ordinal="25" offset="360" sl="982" sc="7" el="982" ec="40" bec="2" bev="1" fileid="55" />
                <SequencePoint vc="1" uspid="1761" ordinal="26" offset="364" sl="983" sc="9" el="983" ec="143" bec="0" bev="0" fileid="55" />
                <SequencePoint vc="1" uspid="1762" ordinal="27" offset="407" sl="985" sc="7" el="985" ec="34" bec="0" bev="0" fileid="55" />
              </SequencePoints>
              <BranchPoints>
                <BranchPoint vc="0" uspid="1763" ordinal="0" offset="10" sl="956" path="0" offsetend="12" fileid="55" />
                <BranchPoint vc="1" uspid="1764" ordinal="1" offset="10" sl="956" path="1" offsetend="32" fileid="55" />
                <BranchPoint vc="0" uspid="1765" ordinal="2" offset="42" sl="958" path="0" offsetend="44" fileid="55" />
                <BranchPoint vc="1" uspid="1766" ordinal="3" offset="42" sl="958" path="1" offsetend="55" fileid="55" />
                <BranchPoint vc="0" uspid="1767" ordinal="4" offset="61" sl="960" path="0" offsetend="63" fileid="55" />
                <BranchPoint vc="1" uspid="1768" ordinal="5" offset="61" sl="960" path="1" offsetend="74" fileid="55" />
                <BranchPoint vc="1" uspid="1769" ordinal="6" offset="81" sl="962" path="0" offsetend="83" fileid="55" />
                <BranchPoint vc="0" uspid="1770" ordinal="7" offset="81" sl="962" path="1" offsetend="98" fileid="55" />
                <BranchPoint vc="0" uspid="1771" ordinal="8" offset="85" sl="962" path="0" offsetend="87" fileid="55" />
                <BranchPoint vc="1" uspid="1772" ordinal="9" offset="85" sl="962" path="1" offsetend="98" fileid="55" />
                <BranchPoint vc="0" uspid="1773" ordinal="10" offset="99" sl="964" path="0" offsetend="101" fileid="55" />
                <BranchPoint vc="1" uspid="1774" ordinal="11" offset="99" sl="964" path="1" offsetend="112" fileid="55" />
                <BranchPoint vc="0" uspid="1775" ordinal="12" offset="130" sl="968" path="0" offsetend="132" fileid="55" />
                <BranchPoint vc="1" uspid="1776" ordinal="13" offset="130" sl="968" path="1" offsetend="134" fileid="55" />
                <BranchPoint vc="1" uspid="1779" ordinal="16" offset="362" sl="982" path="0" offsetend="364" fileid="55" />
                <BranchPoint vc="0" uspid="1780" ordinal="17" offset="362" sl="982" path="1" offsetend="407" fileid="55" />
              </BranchPoints>
              <MethodPoint xsi:type="SequencePoint" vc="1" uspid="1735" ordinal="0" offset="0" sl="956" sc="7" el="956" ec="43" bec="2" bev="1" fileid="55" />
            </Method>
            <Method visited="true" cyclomaticComplexity="7" nPathComplexity="32" sequenceCoverage="66.67" branchCoverage="54.55" isConstructor="false" isStatic="false" isGetter="false" isSetter="false">
              <Summary numSequencePoints="18" visitedSequencePoints="12" numBranchPoints="11" visitedBranchPoints="6" sequenceCoverage="66.67" branchCoverage="54.55" maxCyclomaticComplexity="7" minCyclomaticComplexity="7" visitedClasses="0" numClasses="0" visitedMethods="1" numMethods="1" />
              <MetadataToken>100664043</MetadataToken>
              <Name>System.Void IBM.Watson.DeveloperCloud.Services.VisualRecognition.v3.VisualRecognition::OnTrainClassifierResp(IBM.Watson.DeveloperCloud.Connection.RESTConnector/Request,IBM.Watson.DeveloperCloud.Connection.RESTConnector/Response)</Name>
              <FileRef uid="55" />
              <SequencePoints>
                <SequencePoint vc="2" uspid="1781" ordinal="0" offset="0" sl="1005" sc="7" el="1005" ec="96" bec="0" bev="0" fileid="55" />
                <SequencePoint vc="2" uspid="1782" ordinal="1" offset="6" sl="1006" sc="7" el="1006" ec="24" bec="2" bev="1" fileid="55" />
                <SequencePoint vc="2" uspid="1783" ordinal="2" offset="17" sl="1010" sc="11" el="1010" ec="30" bec="0" bev="0" fileid="55" />
                <SequencePoint vc="2" uspid="1784" ordinal="3" offset="19" sl="1011" sc="11" el="1011" ec="89" bec="0" bev="0" fileid="55" />
                <SequencePoint vc="2" uspid="1785" ordinal="4" offset="43" sl="1012" sc="11" el="1012" ec="28" bec="2" bev="1" fileid="55" />
                <SequencePoint vc="0" uspid="1786" ordinal="5" offset="52" sl="1013" sc="13" el="1013" ec="60" bec="0" bev="0" fileid="55" />
                <SequencePoint vc="2" uspid="1787" ordinal="6" offset="65" sl="1015" sc="11" el="1015" ec="35" bec="0" bev="0" fileid="55" />
                <SequencePoint vc="2" uspid="1788" ordinal="7" offset="67" sl="1016" sc="11" el="1016" ec="74" bec="0" bev="0" fileid="55" />
                <SequencePoint vc="2" uspid="1789" ordinal="8" offset="87" sl="1017" sc="11" el="1017" ec="28" bec="2" bev="1" fileid="55" />
                <SequencePoint vc="0" uspid="1790" ordinal="9" offset="96" sl="1018" sc="13" el="1018" ec="60" bec="0" bev="0" fileid="55" />
                <SequencePoint vc="2" uspid="1791" ordinal="10" offset="109" sl="1019" sc="9" el="1019" ec="10" bec="0" bev="0" fileid="55" />
                <SequencePoint vc="0" uspid="1792" ordinal="11" offset="111" sl="1020" sc="9" el="1020" ec="28" bec="0" bev="0" fileid="55" />
                <SequencePoint vc="0" uspid="1793" ordinal="12" offset="113" sl="1022" sc="11" el="1022" ec="91" bec="0" bev="0" fileid="55" />
                <SequencePoint vc="0" uspid="1794" ordinal="13" offset="144" sl="1023" sc="11" el="1023" ec="32" bec="0" bev="0" fileid="55" />
                <SequencePoint vc="0" uspid="1795" ordinal="14" offset="151" sl="1024" sc="9" el="1024" ec="10" bec="0" bev="0" fileid="55" />
                <SequencePoint vc="2" uspid="1796" ordinal="15" offset="153" sl="1027" sc="7" el="1027" ec="54" bec="2" bev="1" fileid="55" />
                <SequencePoint vc="2" uspid="1797" ordinal="16" offset="166" sl="1028" sc="9" el="1028" ec="110" bec="2" bev="1" fileid="55" />
                <SequencePoint vc="2" uspid="1798" ordinal="17" offset="205" sl="1029" sc="5" el="1029" ec="6" bec="0" bev="0" fileid="55" />
              </SequencePoints>
              <BranchPoints>
                <BranchPoint vc="2" uspid="1799" ordinal="0" offset="12" sl="1006" path="0" offsetend="17" fileid="55" />
                <BranchPoint vc="0" uspid="1800" ordinal="1" offset="12" sl="1006" path="1" offsetend="153" fileid="55" />
                <BranchPoint vc="0" uspid="1801" ordinal="2" offset="50" sl="1012" path="0" offsetend="52" fileid="55" />
                <BranchPoint vc="2" uspid="1802" ordinal="3" offset="50" sl="1012" path="1" offsetend="65" fileid="55" />
                <BranchPoint vc="0" uspid="1803" ordinal="4" offset="94" sl="1017" path="0" offsetend="96" fileid="55" />
                <BranchPoint vc="2" uspid="1804" ordinal="5" offset="94" sl="1017" path="1" offsetend="109" fileid="55" />
                <BranchPoint vc="2" uspid="1805" ordinal="6" offset="164" sl="1027" path="0" offsetend="166" fileid="55" />
                <BranchPoint vc="0" uspid="1806" ordinal="7" offset="164" sl="1027" path="1" offsetend="205" fileid="55" />
                <BranchPoint vc="0" uspid="1807" ordinal="8" offset="183" sl="1028" path="0" offsetend="185" fileid="55" />
                <BranchPoint vc="2" uspid="1808" ordinal="9" offset="183" sl="1028" path="1" offsetend="188" fileid="55" />
              </BranchPoints>
              <MethodPoint xsi:type="SequencePoint" vc="2" uspid="1781" ordinal="0" offset="0" sl="1005" sc="7" el="1005" ec="96" bec="0" bev="0" fileid="55" />
            </Method>
            <Method visited="true" cyclomaticComplexity="14" nPathComplexity="2048" sequenceCoverage="51.72" branchCoverage="47.83" isConstructor="false" isStatic="false" isGetter="false" isSetter="false">
              <Summary numSequencePoints="29" visitedSequencePoints="15" numBranchPoints="23" visitedBranchPoints="11" sequenceCoverage="51.72" branchCoverage="47.83" maxCyclomaticComplexity="14" minCyclomaticComplexity="14" visitedClasses="0" numClasses="0" visitedMethods="1" numMethods="1" />
              <MetadataToken>100664044</MetadataToken>
              <Name>System.Boolean IBM.Watson.DeveloperCloud.Services.VisualRecognition.v3.VisualRecognition::UpdateClassifier(IBM.Watson.DeveloperCloud.Services.VisualRecognition.v3.VisualRecognition/OnTrainClassifier,System.String,System.String,System.Collections.Generic.Dictionary`2&lt;System.String,System.String&gt;,System.String,System.String,System.String)</Name>
              <FileRef uid="55" />
              <SequencePoints>
                <SequencePoint vc="1" uspid="1809" ordinal="0" offset="0" sl="1045" sc="7" el="1045" ec="43" bec="2" bev="1" fileid="55" />
                <SequencePoint vc="0" uspid="1810" ordinal="1" offset="12" sl="1046" sc="9" el="1046" ec="59" bec="0" bev="0" fileid="55" />
                <SequencePoint vc="1" uspid="1811" ordinal="2" offset="32" sl="1047" sc="7" el="1047" ec="43" bec="2" bev="1" fileid="55" />
                <SequencePoint vc="0" uspid="1812" ordinal="3" offset="44" sl="1048" sc="9" el="1048" ec="60" bec="0" bev="0" fileid="55" />
                <SequencePoint vc="1" uspid="1813" ordinal="4" offset="55" sl="1049" sc="7" el="1049" ec="48" bec="2" bev="1" fileid="55" />
                <SequencePoint vc="0" uspid="1814" ordinal="5" offset="63" sl="1050" sc="9" el="1050" ec="59" bec="0" bev="0" fileid="55" />
                <SequencePoint vc="1" uspid="1815" ordinal="6" offset="74" sl="1051" sc="7" el="1051" ec="85" bec="3" bev="1" fileid="55" />
                <SequencePoint vc="0" uspid="1816" ordinal="7" offset="92" sl="1052" sc="9" el="1052" ec="104" bec="0" bev="0" fileid="55" />
                <SequencePoint vc="1" uspid="1817" ordinal="8" offset="103" sl="1053" sc="7" el="1053" ec="28" bec="2" bev="1" fileid="55" />
                <SequencePoint vc="0" uspid="1818" ordinal="9" offset="106" sl="1054" sc="9" el="1054" ec="53" bec="0" bev="0" fileid="55" />
                <SequencePoint vc="1" uspid="1819" ordinal="10" offset="117" sl="1056" sc="7" el="1056" ec="90" bec="0" bev="0" fileid="55" />
                <SequencePoint vc="1" uspid="1820" ordinal="11" offset="123" sl="1057" sc="7" el="1057" ec="42" bec="0" bev="0" fileid="55" />
                <SequencePoint vc="1" uspid="1821" ordinal="12" offset="125" sl="1059" sc="7" el="1059" ec="28" bec="2" bev="1" fileid="55" />
                <SequencePoint vc="0" uspid="1822" ordinal="13" offset="133" sl="1061" sc="53" el="1061" ec="69" bec="0" bev="0" fileid="55" />
                <SequencePoint vc="0" uspid="1823" ordinal="14" offset="143" sl="1061" sc="18" el="1061" ec="49" bec="0" bev="0" fileid="55" />
                <SequencePoint vc="0" uspid="1824" ordinal="15" offset="151" sl="1062" sc="11" el="1062" ec="64" bec="0" bev="0" fileid="55" />
                <SequencePoint vc="0" uspid="1825" ordinal="16" offset="182" sl="1061" sc="50" el="1061" ec="52" bec="0" bev="0" fileid="55" />
                <SequencePoint vc="0" uspid="1826" ordinal="17" offset="207" sl="1064" sc="9" el="1064" ec="57" bec="2" bev="0" fileid="55" />
                <SequencePoint vc="0" uspid="1827" ordinal="18" offset="216" sl="1065" sc="11" el="1065" ec="65" bec="0" bev="0" fileid="55" />
                <SequencePoint vc="0" uspid="1828" ordinal="19" offset="230" sl="1066" sc="7" el="1066" ec="8" bec="0" bev="0" fileid="55" />
                <SequencePoint vc="1" uspid="1829" ordinal="20" offset="232" sl="1070" sc="53" el="1070" ec="69" bec="0" bev="0" fileid="55" />
                <SequencePoint vc="1" uspid="1830" ordinal="21" offset="242" sl="1070" sc="18" el="1070" ec="49" bec="0" bev="0" fileid="55" />
                <SequencePoint vc="1" uspid="1831" ordinal="22" offset="251" sl="1071" sc="11" el="1071" ec="73" bec="0" bev="0" fileid="55" />
                <SequencePoint vc="2" uspid="1832" ordinal="23" offset="276" sl="1070" sc="50" el="1070" ec="52" bec="0" bev="0" fileid="55" />
                <SequencePoint vc="1" uspid="1833" ordinal="24" offset="301" sl="1073" sc="9" el="1073" ec="57" bec="2" bev="1" fileid="55" />
                <SequencePoint vc="0" uspid="1834" ordinal="25" offset="310" sl="1074" sc="11" el="1074" ec="74" bec="0" bev="0" fileid="55" />
                <SequencePoint vc="1" uspid="1835" ordinal="26" offset="318" sl="1078" sc="7" el="1078" ec="75" bec="3" bev="1" fileid="55" />
                <SequencePoint vc="0" uspid="1836" ordinal="27" offset="329" sl="1079" sc="9" el="1079" ec="91" bec="0" bev="0" fileid="55" />
                <SequencePoint vc="1" uspid="1837" ordinal="28" offset="350" sl="1081" sc="7" el="1081" ec="137" bec="0" bev="0" fileid="55" />
              </SequencePoints>
              <BranchPoints>
                <BranchPoint vc="0" uspid="1838" ordinal="0" offset="10" sl="1045" path="0" offsetend="12" fileid="55" />
                <BranchPoint vc="1" uspid="1839" ordinal="1" offset="10" sl="1045" path="1" offsetend="32" fileid="55" />
                <BranchPoint vc="0" uspid="1840" ordinal="2" offset="42" sl="1047" path="0" offsetend="44" fileid="55" />
                <BranchPoint vc="1" uspid="1841" ordinal="3" offset="42" sl="1047" path="1" offsetend="55" fileid="55" />
                <BranchPoint vc="0" uspid="1842" ordinal="4" offset="61" sl="1049" path="0" offsetend="63" fileid="55" />
                <BranchPoint vc="1" uspid="1843" ordinal="5" offset="61" sl="1049" path="1" offsetend="74" fileid="55" />
                <BranchPoint vc="0" uspid="1844" ordinal="6" offset="81" sl="1051" path="0" offsetend="83" fileid="55" />
                <BranchPoint vc="1" uspid="1845" ordinal="7" offset="81" sl="1051" path="1" offsetend="103" fileid="55" />
                <BranchPoint vc="0" uspid="1846" ordinal="8" offset="90" sl="1051" path="0" offsetend="92" fileid="55" />
                <BranchPoint vc="1" uspid="1847" ordinal="9" offset="90" sl="1051" path="1" offsetend="103" fileid="55" />
                <BranchPoint vc="0" uspid="1848" ordinal="10" offset="104" sl="1053" path="0" offsetend="106" fileid="55" />
                <BranchPoint vc="1" uspid="1849" ordinal="11" offset="104" sl="1053" path="1" offsetend="117" fileid="55" />
                <BranchPoint vc="0" uspid="1850" ordinal="12" offset="131" sl="1059" path="0" offsetend="133" fileid="55" />
                <BranchPoint vc="1" uspid="1851" ordinal="13" offset="131" sl="1059" path="1" offsetend="232" fileid="55" />
                <BranchPoint vc="0" uspid="1854" ordinal="16" offset="214" sl="1064" path="0" offsetend="216" fileid="55" />
                <BranchPoint vc="0" uspid="1855" ordinal="17" offset="214" sl="1064" path="1" offsetend="318" fileid="55" />
                <BranchPoint vc="0" uspid="1858" ordinal="20" offset="308" sl="1073" path="0" offsetend="310" fileid="55" />
                <BranchPoint vc="1" uspid="1859" ordinal="21" offset="308" sl="1073" path="1" offsetend="318" fileid="55" />
                <BranchPoint vc="0" uspid="1860" ordinal="22" offset="324" sl="1078" path="0" offsetend="326" fileid="55" />
                <BranchPoint vc="1" uspid="1861" ordinal="23" offset="324" sl="1078" path="1" offsetend="350" fileid="55" />
                <BranchPoint vc="0" uspid="1862" ordinal="24" offset="327" sl="1078" path="0" offsetend="329" fileid="55" />
                <BranchPoint vc="1" uspid="1863" ordinal="25" offset="327" sl="1078" path="1" offsetend="350" fileid="55" />
              </BranchPoints>
              <MethodPoint xsi:type="SequencePoint" vc="1" uspid="1809" ordinal="0" offset="0" sl="1045" sc="7" el="1045" ec="43" bec="2" bev="1" fileid="55" />
            </Method>
            <Method visited="true" cyclomaticComplexity="10" nPathComplexity="256" sequenceCoverage="75" branchCoverage="52.94" isConstructor="false" isStatic="false" isGetter="false" isSetter="false">
              <Summary numSequencePoints="28" visitedSequencePoints="21" numBranchPoints="17" visitedBranchPoints="9" sequenceCoverage="75" branchCoverage="52.94" maxCyclomaticComplexity="10" minCyclomaticComplexity="10" visitedClasses="0" numClasses="0" visitedMethods="1" numMethods="1" />
              <MetadataToken>100664045</MetadataToken>
              <Name>System.Boolean IBM.Watson.DeveloperCloud.Services.VisualRecognition.v3.VisualRecognition::UpdateClassifier(IBM.Watson.DeveloperCloud.Services.VisualRecognition.v3.VisualRecognition/OnTrainClassifier,System.String,System.String,System.Collections.Generic.Dictionary`2&lt;System.String,System.Byte[]&gt;,System.Byte[],System.String,System.String)</Name>
              <FileRef uid="55" />
              <SequencePoints>
                <SequencePoint vc="1" uspid="1864" ordinal="0" offset="0" sl="1096" sc="7" el="1096" ec="43" bec="2" bev="1" fileid="55" />
                <SequencePoint vc="0" uspid="1865" ordinal="1" offset="12" sl="1097" sc="9" el="1097" ec="59" bec="0" bev="0" fileid="55" />
                <SequencePoint vc="1" uspid="1866" ordinal="2" offset="32" sl="1098" sc="7" el="1098" ec="43" bec="2" bev="1" fileid="55" />
                <SequencePoint vc="0" uspid="1867" ordinal="3" offset="44" sl="1099" sc="9" el="1099" ec="60" bec="0" bev="0" fileid="55" />
                <SequencePoint vc="1" uspid="1868" ordinal="4" offset="55" sl="1100" sc="7" el="1100" ec="48" bec="2" bev="1" fileid="55" />
                <SequencePoint vc="0" uspid="1869" ordinal="5" offset="63" sl="1101" sc="9" el="1101" ec="59" bec="0" bev="0" fileid="55" />
                <SequencePoint vc="1" uspid="1870" ordinal="6" offset="74" sl="1102" sc="7" el="1102" ec="75" bec="3" bev="1" fileid="55" />
                <SequencePoint vc="0" uspid="1871" ordinal="7" offset="87" sl="1103" sc="9" el="1103" ec="104" bec="0" bev="0" fileid="55" />
                <SequencePoint vc="1" uspid="1872" ordinal="8" offset="98" sl="1104" sc="7" el="1104" ec="28" bec="2" bev="1" fileid="55" />
                <SequencePoint vc="0" uspid="1873" ordinal="9" offset="101" sl="1105" sc="9" el="1105" ec="53" bec="0" bev="0" fileid="55" />
                <SequencePoint vc="1" uspid="1874" ordinal="10" offset="112" sl="1107" sc="7" el="1107" ec="114" bec="0" bev="0" fileid="55" />
                <SequencePoint vc="1" uspid="1875" ordinal="11" offset="135" sl="1108" sc="7" el="1108" ec="29" bec="2" bev="1" fileid="55" />
                <SequencePoint vc="0" uspid="1876" ordinal="12" offset="138" sl="1109" sc="9" el="1109" ec="22" bec="0" bev="0" fileid="55" />
                <SequencePoint vc="1" uspid="1877" ordinal="13" offset="140" sl="1111" sc="7" el="1111" ec="57" bec="0" bev="0" fileid="55" />
                <SequencePoint vc="1" uspid="1878" ordinal="14" offset="146" sl="1112" sc="7" el="1112" ec="31" bec="0" bev="0" fileid="55" />
                <SequencePoint vc="1" uspid="1879" ordinal="15" offset="153" sl="1113" sc="7" el="1113" ec="46" bec="0" bev="0" fileid="55" />
                <SequencePoint vc="1" uspid="1880" ordinal="16" offset="171" sl="1114" sc="7" el="1114" ec="37" bec="0" bev="0" fileid="55" />
                <SequencePoint vc="1" uspid="1881" ordinal="17" offset="182" sl="1115" sc="7" el="1115" ec="45" bec="0" bev="0" fileid="55" />
                <SequencePoint vc="1" uspid="1882" ordinal="18" offset="203" sl="1116" sc="7" el="1116" ec="68" bec="0" bev="0" fileid="55" />
                <SequencePoint vc="1" uspid="1883" ordinal="19" offset="224" sl="1117" sc="7" el="1117" ec="64" bec="0" bev="0" fileid="55" />
                <SequencePoint vc="1" uspid="1884" ordinal="20" offset="235" sl="1118" sc="7" el="1118" ec="66" bec="0" bev="0" fileid="55" />
                <SequencePoint vc="1" uspid="1885" ordinal="21" offset="257" sl="1120" sc="51" el="1120" ec="71" bec="0" bev="0" fileid="55" />
                <SequencePoint vc="1" uspid="1886" ordinal="22" offset="267" sl="1120" sc="16" el="1120" ec="47" bec="0" bev="0" fileid="55" />
                <SequencePoint vc="1" uspid="1887" ordinal="23" offset="275" sl="1121" sc="9" el="1121" ec="151" bec="0" bev="0" fileid="55" />
                <SequencePoint vc="2" uspid="1888" ordinal="24" offset="342" sl="1120" sc="48" el="1120" ec="50" bec="0" bev="0" fileid="55" />
                <SequencePoint vc="1" uspid="1889" ordinal="25" offset="367" sl="1122" sc="7" el="1122" ec="40" bec="2" bev="1" fileid="55" />
                <SequencePoint vc="0" uspid="1890" ordinal="26" offset="371" sl="1123" sc="9" el="1123" ec="143" bec="0" bev="0" fileid="55" />
                <SequencePoint vc="1" uspid="1891" ordinal="27" offset="414" sl="1125" sc="7" el="1125" ec="34" bec="0" bev="0" fileid="55" />
              </SequencePoints>
              <BranchPoints>
                <BranchPoint vc="0" uspid="1892" ordinal="0" offset="10" sl="1096" path="0" offsetend="12" fileid="55" />
                <BranchPoint vc="1" uspid="1893" ordinal="1" offset="10" sl="1096" path="1" offsetend="32" fileid="55" />
                <BranchPoint vc="0" uspid="1894" ordinal="2" offset="42" sl="1098" path="0" offsetend="44" fileid="55" />
                <BranchPoint vc="1" uspid="1895" ordinal="3" offset="42" sl="1098" path="1" offsetend="55" fileid="55" />
                <BranchPoint vc="0" uspid="1896" ordinal="4" offset="61" sl="1100" path="0" offsetend="63" fileid="55" />
                <BranchPoint vc="1" uspid="1897" ordinal="5" offset="61" sl="1100" path="1" offsetend="74" fileid="55" />
                <BranchPoint vc="0" uspid="1898" ordinal="6" offset="81" sl="1102" path="0" offsetend="83" fileid="55" />
                <BranchPoint vc="1" uspid="1899" ordinal="7" offset="81" sl="1102" path="1" offsetend="98" fileid="55" />
                <BranchPoint vc="0" uspid="1900" ordinal="8" offset="85" sl="1102" path="0" offsetend="87" fileid="55" />
                <BranchPoint vc="1" uspid="1901" ordinal="9" offset="85" sl="1102" path="1" offsetend="98" fileid="55" />
                <BranchPoint vc="0" uspid="1902" ordinal="10" offset="99" sl="1104" path="0" offsetend="101" fileid="55" />
                <BranchPoint vc="1" uspid="1903" ordinal="11" offset="99" sl="1104" path="1" offsetend="112" fileid="55" />
                <BranchPoint vc="0" uspid="1904" ordinal="12" offset="136" sl="1108" path="0" offsetend="138" fileid="55" />
                <BranchPoint vc="1" uspid="1905" ordinal="13" offset="136" sl="1108" path="1" offsetend="140" fileid="55" />
                <BranchPoint vc="0" uspid="1908" ordinal="16" offset="369" sl="1122" path="0" offsetend="371" fileid="55" />
                <BranchPoint vc="1" uspid="1909" ordinal="17" offset="369" sl="1122" path="1" offsetend="414" fileid="55" />
              </BranchPoints>
              <MethodPoint xsi:type="SequencePoint" vc="1" uspid="1864" ordinal="0" offset="0" sl="1096" sc="7" el="1096" ec="43" bec="2" bev="1" fileid="55" />
            </Method>
            <Method visited="true" cyclomaticComplexity="6" nPathComplexity="32" sequenceCoverage="76.19" branchCoverage="54.55" isConstructor="false" isStatic="false" isGetter="false" isSetter="false">
              <Summary numSequencePoints="21" visitedSequencePoints="16" numBranchPoints="11" visitedBranchPoints="6" sequenceCoverage="76.19" branchCoverage="54.55" maxCyclomaticComplexity="6" minCyclomaticComplexity="6" visitedClasses="0" numClasses="0" visitedMethods="1" numMethods="1" />
              <MetadataToken>100664046</MetadataToken>
              <Name>System.Boolean IBM.Watson.DeveloperCloud.Services.VisualRecognition.v3.VisualRecognition::DeleteClassifier(IBM.Watson.DeveloperCloud.Services.VisualRecognition.v3.VisualRecognition/OnDeleteClassifier,System.String,System.String)</Name>
              <FileRef uid="55" />
              <SequencePoints>
                <SequencePoint vc="1" uspid="1910" ordinal="0" offset="0" sl="1138" sc="7" el="1138" ec="46" bec="2" bev="1" fileid="55" />
                <SequencePoint vc="0" uspid="1911" ordinal="1" offset="8" sl="1139" sc="9" el="1139" ec="57" bec="0" bev="0" fileid="55" />
                <SequencePoint vc="1" uspid="1912" ordinal="2" offset="19" sl="1140" sc="7" el="1140" ec="28" bec="2" bev="1" fileid="55" />
                <SequencePoint vc="0" uspid="1913" ordinal="3" offset="22" sl="1141" sc="9" el="1141" ec="53" bec="0" bev="0" fileid="55" />
                <SequencePoint vc="1" uspid="1914" ordinal="4" offset="33" sl="1142" sc="7" el="1142" ec="43" bec="2" bev="1" fileid="55" />
                <SequencePoint vc="0" uspid="1915" ordinal="5" offset="45" sl="1143" sc="9" el="1143" ec="59" bec="0" bev="0" fileid="55" />
                <SequencePoint vc="1" uspid="1916" ordinal="6" offset="65" sl="1144" sc="7" el="1144" ec="43" bec="2" bev="1" fileid="55" />
                <SequencePoint vc="0" uspid="1917" ordinal="7" offset="77" sl="1145" sc="9" el="1145" ec="60" bec="0" bev="0" fileid="55" />
                <SequencePoint vc="1" uspid="1918" ordinal="8" offset="88" sl="1147" sc="7" el="1147" ec="91" bec="0" bev="0" fileid="55" />
                <SequencePoint vc="1" uspid="1919" ordinal="9" offset="113" sl="1148" sc="7" el="1148" ec="114" bec="0" bev="0" fileid="55" />
                <SequencePoint vc="1" uspid="1920" ordinal="10" offset="136" sl="1149" sc="7" el="1149" ec="29" bec="2" bev="1" fileid="55" />
                <SequencePoint vc="0" uspid="1921" ordinal="11" offset="139" sl="1150" sc="9" el="1150" ec="22" bec="0" bev="0" fileid="55" />
                <SequencePoint vc="1" uspid="1922" ordinal="12" offset="141" sl="1152" sc="7" el="1152" ec="59" bec="0" bev="0" fileid="55" />
                <SequencePoint vc="1" uspid="1923" ordinal="13" offset="147" sl="1153" sc="7" el="1153" ec="31" bec="0" bev="0" fileid="55" />
                <SequencePoint vc="1" uspid="1924" ordinal="14" offset="154" sl="1154" sc="7" el="1154" ec="29" bec="0" bev="0" fileid="55" />
                <SequencePoint vc="1" uspid="1925" ordinal="15" offset="161" sl="1155" sc="7" el="1155" ec="37" bec="0" bev="0" fileid="55" />
                <SequencePoint vc="1" uspid="1926" ordinal="16" offset="172" sl="1156" sc="7" el="1156" ec="45" bec="0" bev="0" fileid="55" />
                <SequencePoint vc="1" uspid="1927" ordinal="17" offset="193" sl="1157" sc="7" el="1157" ec="68" bec="0" bev="0" fileid="55" />
                <SequencePoint vc="1" uspid="1928" ordinal="18" offset="214" sl="1158" sc="7" el="1158" ec="47" bec="0" bev="0" fileid="55" />
                <SequencePoint vc="1" uspid="1929" ordinal="19" offset="232" sl="1159" sc="7" el="1159" ec="25" bec="0" bev="0" fileid="55" />
                <SequencePoint vc="1" uspid="1930" ordinal="20" offset="239" sl="1161" sc="7" el="1161" ec="34" bec="0" bev="0" fileid="55" />
              </SequencePoints>
              <BranchPoints>
                <BranchPoint vc="0" uspid="1931" ordinal="0" offset="6" sl="1138" path="0" offsetend="8" fileid="55" />
                <BranchPoint vc="1" uspid="1932" ordinal="1" offset="6" sl="1138" path="1" offsetend="19" fileid="55" />
                <BranchPoint vc="0" uspid="1933" ordinal="2" offset="20" sl="1140" path="0" offsetend="22" fileid="55" />
                <BranchPoint vc="1" uspid="1934" ordinal="3" offset="20" sl="1140" path="1" offsetend="33" fileid="55" />
                <BranchPoint vc="0" uspid="1935" ordinal="4" offset="43" sl="1142" path="0" offsetend="45" fileid="55" />
                <BranchPoint vc="1" uspid="1936" ordinal="5" offset="43" sl="1142" path="1" offsetend="65" fileid="55" />
                <BranchPoint vc="0" uspid="1937" ordinal="6" offset="75" sl="1144" path="0" offsetend="77" fileid="55" />
                <BranchPoint vc="1" uspid="1938" ordinal="7" offset="75" sl="1144" path="1" offsetend="88" fileid="55" />
                <BranchPoint vc="0" uspid="1939" ordinal="8" offset="137" sl="1149" path="0" offsetend="139" fileid="55" />
                <BranchPoint vc="1" uspid="1940" ordinal="9" offset="137" sl="1149" path="1" offsetend="141" fileid="55" />
              </BranchPoints>
              <MethodPoint xsi:type="SequencePoint" vc="1" uspid="1910" ordinal="0" offset="0" sl="1138" sc="7" el="1138" ec="46" bec="2" bev="1" fileid="55" />
            </Method>
            <Method visited="true" cyclomaticComplexity="2" nPathComplexity="2" sequenceCoverage="100" branchCoverage="66.67" isConstructor="false" isStatic="false" isGetter="false" isSetter="false">
              <Summary numSequencePoints="3" visitedSequencePoints="3" numBranchPoints="3" visitedBranchPoints="2" sequenceCoverage="100" branchCoverage="66.67" maxCyclomaticComplexity="2" minCyclomaticComplexity="2" visitedClasses="0" numClasses="0" visitedMethods="1" numMethods="1" />
              <MetadataToken>100664047</MetadataToken>
              <Name>System.Void IBM.Watson.DeveloperCloud.Services.VisualRecognition.v3.VisualRecognition::OnDeleteClassifierResp(IBM.Watson.DeveloperCloud.Connection.RESTConnector/Request,IBM.Watson.DeveloperCloud.Connection.RESTConnector/Response)</Name>
              <FileRef uid="55" />
              <SequencePoints>
                <SequencePoint vc="1" uspid="1941" ordinal="0" offset="0" sl="1178" sc="7" el="1178" ec="55" bec="2" bev="1" fileid="55" />
                <SequencePoint vc="1" uspid="1942" ordinal="1" offset="13" sl="1179" sc="9" el="1179" ec="92" bec="0" bev="0" fileid="55" />
                <SequencePoint vc="1" uspid="1943" ordinal="2" offset="46" sl="1180" sc="5" el="1180" ec="6" bec="0" bev="0" fileid="55" />
              </SequencePoints>
              <BranchPoints>
                <BranchPoint vc="1" uspid="1944" ordinal="0" offset="11" sl="1178" path="0" offsetend="13" fileid="55" />
                <BranchPoint vc="0" uspid="1945" ordinal="1" offset="11" sl="1178" path="1" offsetend="46" fileid="55" />
              </BranchPoints>
              <MethodPoint xsi:type="SequencePoint" vc="1" uspid="1941" ordinal="0" offset="0" sl="1178" sc="7" el="1178" ec="55" bec="2" bev="1" fileid="55" />
            </Method>
            <Method visited="true" cyclomaticComplexity="5" nPathComplexity="16" sequenceCoverage="76.47" branchCoverage="55.56" isConstructor="false" isStatic="false" isGetter="false" isSetter="false">
              <Summary numSequencePoints="17" visitedSequencePoints="13" numBranchPoints="9" visitedBranchPoints="5" sequenceCoverage="76.47" branchCoverage="55.56" maxCyclomaticComplexity="5" minCyclomaticComplexity="5" visitedClasses="0" numClasses="0" visitedMethods="1" numMethods="1" />
              <MetadataToken>100664048</MetadataToken>
              <Name>System.Boolean IBM.Watson.DeveloperCloud.Services.VisualRecognition.v3.VisualRecognition::GetCollections(IBM.Watson.DeveloperCloud.Services.VisualRecognition.v3.VisualRecognition/OnGetCollections,System.String)</Name>
              <FileRef uid="55" />
              <SequencePoints>
                <SequencePoint vc="1" uspid="1946" ordinal="0" offset="0" sl="1192" sc="7" el="1192" ec="28" bec="2" bev="1" fileid="55" />
                <SequencePoint vc="0" uspid="1947" ordinal="1" offset="3" sl="1193" sc="9" el="1193" ec="53" bec="0" bev="0" fileid="55" />
                <SequencePoint vc="1" uspid="1948" ordinal="2" offset="14" sl="1194" sc="7" el="1194" ec="43" bec="2" bev="1" fileid="55" />
                <SequencePoint vc="0" uspid="1949" ordinal="3" offset="26" sl="1195" sc="9" el="1195" ec="59" bec="0" bev="0" fileid="55" />
                <SequencePoint vc="1" uspid="1950" ordinal="4" offset="46" sl="1196" sc="7" el="1196" ec="43" bec="2" bev="1" fileid="55" />
                <SequencePoint vc="0" uspid="1951" ordinal="5" offset="58" sl="1197" sc="9" el="1197" ec="60" bec="0" bev="0" fileid="55" />
                <SequencePoint vc="1" uspid="1952" ordinal="6" offset="69" sl="1199" sc="7" el="1199" ec="93" bec="0" bev="0" fileid="55" />
                <SequencePoint vc="1" uspid="1953" ordinal="7" offset="86" sl="1200" sc="7" el="1200" ec="29" bec="2" bev="1" fileid="55" />
                <SequencePoint vc="0" uspid="1954" ordinal="8" offset="89" sl="1201" sc="9" el="1201" ec="22" bec="0" bev="0" fileid="55" />
                <SequencePoint vc="1" uspid="1955" ordinal="9" offset="91" sl="1203" sc="7" el="1203" ec="55" bec="0" bev="0" fileid="55" />
                <SequencePoint vc="1" uspid="1956" ordinal="10" offset="97" sl="1204" sc="7" el="1204" ec="31" bec="0" bev="0" fileid="55" />
                <SequencePoint vc="1" uspid="1957" ordinal="11" offset="104" sl="1205" sc="7" el="1205" ec="29" bec="0" bev="0" fileid="55" />
                <SequencePoint vc="1" uspid="1958" ordinal="12" offset="111" sl="1207" sc="7" el="1207" ec="45" bec="0" bev="0" fileid="55" />
                <SequencePoint vc="1" uspid="1959" ordinal="13" offset="132" sl="1208" sc="7" el="1208" ec="68" bec="0" bev="0" fileid="55" />
                <SequencePoint vc="1" uspid="1960" ordinal="14" offset="153" sl="1209" sc="7" el="1209" ec="35" bec="0" bev="0" fileid="55" />
                <SequencePoint vc="1" uspid="1961" ordinal="15" offset="164" sl="1210" sc="7" el="1210" ec="45" bec="0" bev="0" fileid="55" />
                <SequencePoint vc="1" uspid="1962" ordinal="16" offset="182" sl="1212" sc="7" el="1212" ec="34" bec="0" bev="0" fileid="55" />
              </SequencePoints>
              <BranchPoints>
                <BranchPoint vc="0" uspid="1963" ordinal="0" offset="1" sl="1192" path="0" offsetend="3" fileid="55" />
                <BranchPoint vc="1" uspid="1964" ordinal="1" offset="1" sl="1192" path="1" offsetend="14" fileid="55" />
                <BranchPoint vc="0" uspid="1965" ordinal="2" offset="24" sl="1194" path="0" offsetend="26" fileid="55" />
                <BranchPoint vc="1" uspid="1966" ordinal="3" offset="24" sl="1194" path="1" offsetend="46" fileid="55" />
                <BranchPoint vc="0" uspid="1967" ordinal="4" offset="56" sl="1196" path="0" offsetend="58" fileid="55" />
                <BranchPoint vc="1" uspid="1968" ordinal="5" offset="56" sl="1196" path="1" offsetend="69" fileid="55" />
                <BranchPoint vc="0" uspid="1969" ordinal="6" offset="87" sl="1200" path="0" offsetend="89" fileid="55" />
                <BranchPoint vc="1" uspid="1970" ordinal="7" offset="87" sl="1200" path="1" offsetend="91" fileid="55" />
              </BranchPoints>
              <MethodPoint xsi:type="SequencePoint" vc="1" uspid="1946" ordinal="0" offset="0" sl="1192" sc="7" el="1192" ec="28" bec="2" bev="1" fileid="55" />
            </Method>
            <Method visited="true" cyclomaticComplexity="6" nPathComplexity="16" sequenceCoverage="68.75" branchCoverage="55.56" isConstructor="false" isStatic="false" isGetter="false" isSetter="false">
              <Summary numSequencePoints="16" visitedSequencePoints="11" numBranchPoints="9" visitedBranchPoints="5" sequenceCoverage="68.75" branchCoverage="55.56" maxCyclomaticComplexity="6" minCyclomaticComplexity="6" visitedClasses="0" numClasses="0" visitedMethods="1" numMethods="1" />
              <MetadataToken>100664049</MetadataToken>
              <Name>System.Void IBM.Watson.DeveloperCloud.Services.VisualRecognition.v3.VisualRecognition::OnGetCollectionsResp(IBM.Watson.DeveloperCloud.Connection.RESTConnector/Request,IBM.Watson.DeveloperCloud.Connection.RESTConnector/Response)</Name>
              <FileRef uid="55" />
              <SequencePoints>
                <SequencePoint vc="1" uspid="1971" ordinal="0" offset="0" sl="1229" sc="7" el="1229" ec="57" bec="0" bev="0" fileid="55" />
                <SequencePoint vc="1" uspid="1972" ordinal="1" offset="6" sl="1230" sc="7" el="1230" ec="24" bec="2" bev="1" fileid="55" />
                <SequencePoint vc="1" uspid="1973" ordinal="2" offset="14" sl="1234" sc="11" el="1234" ec="30" bec="0" bev="0" fileid="55" />
                <SequencePoint vc="1" uspid="1974" ordinal="3" offset="16" sl="1235" sc="11" el="1235" ec="89" bec="0" bev="0" fileid="55" />
                <SequencePoint vc="1" uspid="1975" ordinal="4" offset="40" sl="1237" sc="11" el="1237" ec="36" bec="0" bev="0" fileid="55" />
                <SequencePoint vc="1" uspid="1976" ordinal="5" offset="42" sl="1238" sc="11" el="1238" ec="74" bec="0" bev="0" fileid="55" />
                <SequencePoint vc="1" uspid="1977" ordinal="6" offset="62" sl="1240" sc="11" el="1240" ec="28" bec="2" bev="1" fileid="55" />
                <SequencePoint vc="0" uspid="1978" ordinal="7" offset="71" sl="1241" sc="13" el="1241" ec="60" bec="0" bev="0" fileid="55" />
                <SequencePoint vc="1" uspid="1979" ordinal="8" offset="84" sl="1242" sc="9" el="1242" ec="10" bec="0" bev="0" fileid="55" />
                <SequencePoint vc="0" uspid="1980" ordinal="9" offset="86" sl="1243" sc="9" el="1243" ec="28" bec="0" bev="0" fileid="55" />
                <SequencePoint vc="0" uspid="1981" ordinal="10" offset="88" sl="1245" sc="11" el="1245" ec="89" bec="0" bev="0" fileid="55" />
                <SequencePoint vc="0" uspid="1982" ordinal="11" offset="119" sl="1246" sc="11" el="1246" ec="32" bec="0" bev="0" fileid="55" />
                <SequencePoint vc="0" uspid="1983" ordinal="12" offset="126" sl="1247" sc="9" el="1247" ec="10" bec="0" bev="0" fileid="55" />
                <SequencePoint vc="1" uspid="1984" ordinal="13" offset="128" sl="1250" sc="7" el="1250" ec="53" bec="2" bev="1" fileid="55" />
                <SequencePoint vc="1" uspid="1985" ordinal="14" offset="141" sl="1251" sc="9" el="1251" ec="109" bec="2" bev="1" fileid="55" />
                <SequencePoint vc="1" uspid="1986" ordinal="15" offset="180" sl="1252" sc="5" el="1252" ec="6" bec="0" bev="0" fileid="55" />
              </SequencePoints>
              <BranchPoints>
                <BranchPoint vc="1" uspid="1987" ordinal="0" offset="12" sl="1230" path="0" offsetend="14" fileid="55" />
                <BranchPoint vc="0" uspid="1988" ordinal="1" offset="12" sl="1230" path="1" offsetend="128" fileid="55" />
                <BranchPoint vc="0" uspid="1989" ordinal="2" offset="69" sl="1240" path="0" offsetend="71" fileid="55" />
                <BranchPoint vc="1" uspid="1990" ordinal="3" offset="69" sl="1240" path="1" offsetend="84" fileid="55" />
                <BranchPoint vc="1" uspid="1991" ordinal="4" offset="139" sl="1250" path="0" offsetend="141" fileid="55" />
                <BranchPoint vc="0" uspid="1992" ordinal="5" offset="139" sl="1250" path="1" offsetend="180" fileid="55" />
                <BranchPoint vc="0" uspid="1993" ordinal="6" offset="158" sl="1251" path="0" offsetend="160" fileid="55" />
                <BranchPoint vc="1" uspid="1994" ordinal="7" offset="158" sl="1251" path="1" offsetend="163" fileid="55" />
              </BranchPoints>
              <MethodPoint xsi:type="SequencePoint" vc="1" uspid="1971" ordinal="0" offset="0" sl="1229" sc="7" el="1229" ec="57" bec="0" bev="0" fileid="55" />
            </Method>
            <Method visited="true" cyclomaticComplexity="6" nPathComplexity="32" sequenceCoverage="78.26" branchCoverage="54.55" isConstructor="false" isStatic="false" isGetter="false" isSetter="false">
              <Summary numSequencePoints="23" visitedSequencePoints="18" numBranchPoints="11" visitedBranchPoints="6" sequenceCoverage="78.26" branchCoverage="54.55" maxCyclomaticComplexity="6" minCyclomaticComplexity="6" visitedClasses="0" numClasses="0" visitedMethods="1" numMethods="1" />
              <MetadataToken>100664050</MetadataToken>
              <Name>System.Boolean IBM.Watson.DeveloperCloud.Services.VisualRecognition.v3.VisualRecognition::CreateCollection(IBM.Watson.DeveloperCloud.Services.VisualRecognition.v3.VisualRecognition/OnCreateCollection,System.String,System.String)</Name>
              <FileRef uid="55" />
              <SequencePoints>
                <SequencePoint vc="1" uspid="1995" ordinal="0" offset="0" sl="1265" sc="7" el="1265" ec="28" bec="2" bev="1" fileid="55" />
                <SequencePoint vc="0" uspid="1996" ordinal="1" offset="3" sl="1266" sc="9" el="1266" ec="53" bec="0" bev="0" fileid="55" />
                <SequencePoint vc="1" uspid="1997" ordinal="2" offset="14" sl="1267" sc="7" el="1267" ec="38" bec="2" bev="1" fileid="55" />
                <SequencePoint vc="0" uspid="1998" ordinal="3" offset="22" sl="1268" sc="9" el="1268" ec="49" bec="0" bev="0" fileid="55" />
                <SequencePoint vc="1" uspid="1999" ordinal="4" offset="33" sl="1269" sc="7" el="1269" ec="43" bec="2" bev="1" fileid="55" />
                <SequencePoint vc="0" uspid="2000" ordinal="5" offset="45" sl="1270" sc="9" el="1270" ec="59" bec="0" bev="0" fileid="55" />
                <SequencePoint vc="1" uspid="2001" ordinal="6" offset="65" sl="1271" sc="7" el="1271" ec="43" bec="2" bev="1" fileid="55" />
                <SequencePoint vc="0" uspid="2002" ordinal="7" offset="77" sl="1272" sc="9" el="1272" ec="60" bec="0" bev="0" fileid="55" />
                <SequencePoint vc="1" uspid="2003" ordinal="8" offset="88" sl="1274" sc="7" el="1274" ec="93" bec="0" bev="0" fileid="55" />
                <SequencePoint vc="1" uspid="2004" ordinal="9" offset="105" sl="1275" sc="7" el="1275" ec="29" bec="2" bev="1" fileid="55" />
                <SequencePoint vc="0" uspid="2005" ordinal="10" offset="108" sl="1276" sc="9" el="1276" ec="22" bec="0" bev="0" fileid="55" />
                <SequencePoint vc="1" uspid="2006" ordinal="11" offset="110" sl="1278" sc="7" el="1278" ec="59" bec="0" bev="0" fileid="55" />
                <SequencePoint vc="1" uspid="2007" ordinal="12" offset="116" sl="1279" sc="7" el="1279" ec="31" bec="0" bev="0" fileid="55" />
                <SequencePoint vc="1" uspid="2008" ordinal="13" offset="123" sl="1280" sc="7" el="1280" ec="23" bec="0" bev="0" fileid="55" />
                <SequencePoint vc="1" uspid="2009" ordinal="14" offset="130" sl="1281" sc="7" el="1281" ec="29" bec="0" bev="0" fileid="55" />
                <SequencePoint vc="1" uspid="2010" ordinal="15" offset="137" sl="1282" sc="7" el="1282" ec="45" bec="0" bev="0" fileid="55" />
                <SequencePoint vc="1" uspid="2011" ordinal="16" offset="158" sl="1283" sc="7" el="1283" ec="68" bec="0" bev="0" fileid="55" />
                <SequencePoint vc="1" uspid="2012" ordinal="17" offset="179" sl="1284" sc="7" el="1284" ec="64" bec="0" bev="0" fileid="55" />
                <SequencePoint vc="1" uspid="2013" ordinal="18" offset="190" sl="1285" sc="7" el="1285" ec="56" bec="0" bev="0" fileid="55" />
                <SequencePoint vc="1" uspid="2014" ordinal="19" offset="212" sl="1286" sc="7" el="1286" ec="68" bec="0" bev="0" fileid="55" />
                <SequencePoint vc="1" uspid="2015" ordinal="20" offset="241" sl="1288" sc="7" el="1288" ec="35" bec="0" bev="0" fileid="55" />
                <SequencePoint vc="1" uspid="2016" ordinal="21" offset="252" sl="1289" sc="7" el="1289" ec="47" bec="0" bev="0" fileid="55" />
                <SequencePoint vc="1" uspid="2017" ordinal="22" offset="270" sl="1291" sc="7" el="1291" ec="34" bec="0" bev="0" fileid="55" />
              </SequencePoints>
              <BranchPoints>
                <BranchPoint vc="0" uspid="2018" ordinal="0" offset="1" sl="1265" path="0" offsetend="3" fileid="55" />
                <BranchPoint vc="1" uspid="2019" ordinal="1" offset="1" sl="1265" path="1" offsetend="14" fileid="55" />
                <BranchPoint vc="0" uspid="2020" ordinal="2" offset="20" sl="1267" path="0" offsetend="22" fileid="55" />
                <BranchPoint vc="1" uspid="2021" ordinal="3" offset="20" sl="1267" path="1" offsetend="33" fileid="55" />
                <BranchPoint vc="0" uspid="2022" ordinal="4" offset="43" sl="1269" path="0" offsetend="45" fileid="55" />
                <BranchPoint vc="1" uspid="2023" ordinal="5" offset="43" sl="1269" path="1" offsetend="65" fileid="55" />
                <BranchPoint vc="0" uspid="2024" ordinal="6" offset="75" sl="1271" path="0" offsetend="77" fileid="55" />
                <BranchPoint vc="1" uspid="2025" ordinal="7" offset="75" sl="1271" path="1" offsetend="88" fileid="55" />
                <BranchPoint vc="0" uspid="2026" ordinal="8" offset="106" sl="1275" path="0" offsetend="108" fileid="55" />
                <BranchPoint vc="1" uspid="2027" ordinal="9" offset="106" sl="1275" path="1" offsetend="110" fileid="55" />
              </BranchPoints>
              <MethodPoint xsi:type="SequencePoint" vc="1" uspid="1995" ordinal="0" offset="0" sl="1265" sc="7" el="1265" ec="28" bec="2" bev="1" fileid="55" />
            </Method>
            <Method visited="true" cyclomaticComplexity="6" nPathComplexity="16" sequenceCoverage="68.75" branchCoverage="55.56" isConstructor="false" isStatic="false" isGetter="false" isSetter="false">
              <Summary numSequencePoints="16" visitedSequencePoints="11" numBranchPoints="9" visitedBranchPoints="5" sequenceCoverage="68.75" branchCoverage="55.56" maxCyclomaticComplexity="6" minCyclomaticComplexity="6" visitedClasses="0" numClasses="0" visitedMethods="1" numMethods="1" />
              <MetadataToken>100664051</MetadataToken>
              <Name>System.Void IBM.Watson.DeveloperCloud.Services.VisualRecognition.v3.VisualRecognition::OnCreateCollectionResp(IBM.Watson.DeveloperCloud.Connection.RESTConnector/Request,IBM.Watson.DeveloperCloud.Connection.RESTConnector/Response)</Name>
              <FileRef uid="55" />
              <SequencePoints>
                <SequencePoint vc="1" uspid="2028" ordinal="0" offset="0" sl="1312" sc="7" el="1312" ec="60" bec="0" bev="0" fileid="55" />
                <SequencePoint vc="1" uspid="2029" ordinal="1" offset="6" sl="1313" sc="7" el="1313" ec="24" bec="2" bev="1" fileid="55" />
                <SequencePoint vc="1" uspid="2030" ordinal="2" offset="14" sl="1317" sc="11" el="1317" ec="30" bec="0" bev="0" fileid="55" />
                <SequencePoint vc="1" uspid="2031" ordinal="3" offset="16" sl="1318" sc="11" el="1318" ec="89" bec="0" bev="0" fileid="55" />
                <SequencePoint vc="1" uspid="2032" ordinal="4" offset="40" sl="1320" sc="11" el="1320" ec="35" bec="0" bev="0" fileid="55" />
                <SequencePoint vc="1" uspid="2033" ordinal="5" offset="42" sl="1321" sc="11" el="1321" ec="74" bec="0" bev="0" fileid="55" />
                <SequencePoint vc="1" uspid="2034" ordinal="6" offset="62" sl="1323" sc="11" el="1323" ec="28" bec="2" bev="1" fileid="55" />
                <SequencePoint vc="0" uspid="2035" ordinal="7" offset="71" sl="1324" sc="13" el="1324" ec="60" bec="0" bev="0" fileid="55" />
                <SequencePoint vc="1" uspid="2036" ordinal="8" offset="84" sl="1325" sc="9" el="1325" ec="10" bec="0" bev="0" fileid="55" />
                <SequencePoint vc="0" uspid="2037" ordinal="9" offset="86" sl="1326" sc="9" el="1326" ec="28" bec="0" bev="0" fileid="55" />
                <SequencePoint vc="0" uspid="2038" ordinal="10" offset="88" sl="1328" sc="11" el="1328" ec="97" bec="0" bev="0" fileid="55" />
                <SequencePoint vc="0" uspid="2039" ordinal="11" offset="119" sl="1329" sc="11" el="1329" ec="32" bec="0" bev="0" fileid="55" />
                <SequencePoint vc="0" uspid="2040" ordinal="12" offset="126" sl="1330" sc="9" el="1330" ec="10" bec="0" bev="0" fileid="55" />
                <SequencePoint vc="1" uspid="2041" ordinal="13" offset="128" sl="1333" sc="7" el="1333" ec="55" bec="2" bev="1" fileid="55" />
                <SequencePoint vc="1" uspid="2042" ordinal="14" offset="141" sl="1334" sc="9" el="1334" ec="112" bec="2" bev="1" fileid="55" />
                <SequencePoint vc="1" uspid="2043" ordinal="15" offset="180" sl="1335" sc="5" el="1335" ec="6" bec="0" bev="0" fileid="55" />
              </SequencePoints>
              <BranchPoints>
                <BranchPoint vc="1" uspid="2044" ordinal="0" offset="12" sl="1313" path="0" offsetend="14" fileid="55" />
                <BranchPoint vc="0" uspid="2045" ordinal="1" offset="12" sl="1313" path="1" offsetend="128" fileid="55" />
                <BranchPoint vc="0" uspid="2046" ordinal="2" offset="69" sl="1323" path="0" offsetend="71" fileid="55" />
                <BranchPoint vc="1" uspid="2047" ordinal="3" offset="69" sl="1323" path="1" offsetend="84" fileid="55" />
                <BranchPoint vc="1" uspid="2048" ordinal="4" offset="139" sl="1333" path="0" offsetend="141" fileid="55" />
                <BranchPoint vc="0" uspid="2049" ordinal="5" offset="139" sl="1333" path="1" offsetend="180" fileid="55" />
                <BranchPoint vc="0" uspid="2050" ordinal="6" offset="158" sl="1334" path="0" offsetend="160" fileid="55" />
                <BranchPoint vc="1" uspid="2051" ordinal="7" offset="158" sl="1334" path="1" offsetend="163" fileid="55" />
              </BranchPoints>
              <MethodPoint xsi:type="SequencePoint" vc="1" uspid="2028" ordinal="0" offset="0" sl="1312" sc="7" el="1312" ec="60" bec="0" bev="0" fileid="55" />
            </Method>
            <Method visited="true" cyclomaticComplexity="6" nPathComplexity="32" sequenceCoverage="76.19" branchCoverage="54.55" isConstructor="false" isStatic="false" isGetter="false" isSetter="false">
              <Summary numSequencePoints="21" visitedSequencePoints="16" numBranchPoints="11" visitedBranchPoints="6" sequenceCoverage="76.19" branchCoverage="54.55" maxCyclomaticComplexity="6" minCyclomaticComplexity="6" visitedClasses="0" numClasses="0" visitedMethods="1" numMethods="1" />
              <MetadataToken>100664052</MetadataToken>
              <Name>System.Boolean IBM.Watson.DeveloperCloud.Services.VisualRecognition.v3.VisualRecognition::DeleteCollection(IBM.Watson.DeveloperCloud.Services.VisualRecognition.v3.VisualRecognition/OnDeleteCollection,System.String,System.String)</Name>
              <FileRef uid="55" />
              <SequencePoints>
                <SequencePoint vc="1" uspid="2052" ordinal="0" offset="0" sl="1348" sc="7" el="1348" ec="28" bec="2" bev="1" fileid="55" />
                <SequencePoint vc="0" uspid="2053" ordinal="1" offset="3" sl="1349" sc="9" el="1349" ec="53" bec="0" bev="0" fileid="55" />
                <SequencePoint vc="1" uspid="2054" ordinal="2" offset="14" sl="1350" sc="7" el="1350" ec="46" bec="2" bev="1" fileid="55" />
                <SequencePoint vc="0" uspid="2055" ordinal="3" offset="22" sl="1351" sc="9" el="1351" ec="57" bec="0" bev="0" fileid="55" />
                <SequencePoint vc="1" uspid="2056" ordinal="4" offset="33" sl="1352" sc="7" el="1352" ec="43" bec="2" bev="1" fileid="55" />
                <SequencePoint vc="0" uspid="2057" ordinal="5" offset="45" sl="1353" sc="9" el="1353" ec="59" bec="0" bev="0" fileid="55" />
                <SequencePoint vc="1" uspid="2058" ordinal="6" offset="65" sl="1354" sc="7" el="1354" ec="43" bec="2" bev="1" fileid="55" />
                <SequencePoint vc="0" uspid="2059" ordinal="7" offset="77" sl="1355" sc="9" el="1355" ec="60" bec="0" bev="0" fileid="55" />
                <SequencePoint vc="1" uspid="2060" ordinal="8" offset="88" sl="1357" sc="7" el="1357" ec="121" bec="0" bev="0" fileid="55" />
                <SequencePoint vc="1" uspid="2061" ordinal="9" offset="111" sl="1358" sc="7" el="1358" ec="29" bec="2" bev="1" fileid="55" />
                <SequencePoint vc="0" uspid="2062" ordinal="10" offset="114" sl="1359" sc="9" el="1359" ec="22" bec="0" bev="0" fileid="55" />
                <SequencePoint vc="1" uspid="2063" ordinal="11" offset="116" sl="1361" sc="7" el="1361" ec="59" bec="0" bev="0" fileid="55" />
                <SequencePoint vc="1" uspid="2064" ordinal="12" offset="122" sl="1362" sc="7" el="1362" ec="31" bec="0" bev="0" fileid="55" />
                <SequencePoint vc="1" uspid="2065" ordinal="13" offset="129" sl="1363" sc="7" el="1363" ec="39" bec="0" bev="0" fileid="55" />
                <SequencePoint vc="1" uspid="2066" ordinal="14" offset="136" sl="1364" sc="7" el="1364" ec="29" bec="0" bev="0" fileid="55" />
                <SequencePoint vc="1" uspid="2067" ordinal="15" offset="143" sl="1365" sc="7" el="1365" ec="45" bec="0" bev="0" fileid="55" />
                <SequencePoint vc="1" uspid="2068" ordinal="16" offset="164" sl="1366" sc="7" el="1366" ec="68" bec="0" bev="0" fileid="55" />
                <SequencePoint vc="1" uspid="2069" ordinal="17" offset="185" sl="1367" sc="7" el="1367" ec="25" bec="0" bev="0" fileid="55" />
                <SequencePoint vc="1" uspid="2070" ordinal="18" offset="192" sl="1368" sc="7" el="1368" ec="35" bec="0" bev="0" fileid="55" />
                <SequencePoint vc="1" uspid="2071" ordinal="19" offset="203" sl="1369" sc="7" el="1369" ec="47" bec="0" bev="0" fileid="55" />
                <SequencePoint vc="1" uspid="2072" ordinal="20" offset="221" sl="1371" sc="7" el="1371" ec="34" bec="0" bev="0" fileid="55" />
              </SequencePoints>
              <BranchPoints>
                <BranchPoint vc="0" uspid="2073" ordinal="0" offset="1" sl="1348" path="0" offsetend="3" fileid="55" />
                <BranchPoint vc="1" uspid="2074" ordinal="1" offset="1" sl="1348" path="1" offsetend="14" fileid="55" />
                <BranchPoint vc="0" uspid="2075" ordinal="2" offset="20" sl="1350" path="0" offsetend="22" fileid="55" />
                <BranchPoint vc="1" uspid="2076" ordinal="3" offset="20" sl="1350" path="1" offsetend="33" fileid="55" />
                <BranchPoint vc="0" uspid="2077" ordinal="4" offset="43" sl="1352" path="0" offsetend="45" fileid="55" />
                <BranchPoint vc="1" uspid="2078" ordinal="5" offset="43" sl="1352" path="1" offsetend="65" fileid="55" />
                <BranchPoint vc="0" uspid="2079" ordinal="6" offset="75" sl="1354" path="0" offsetend="77" fileid="55" />
                <BranchPoint vc="1" uspid="2080" ordinal="7" offset="75" sl="1354" path="1" offsetend="88" fileid="55" />
                <BranchPoint vc="0" uspid="2081" ordinal="8" offset="112" sl="1358" path="0" offsetend="114" fileid="55" />
                <BranchPoint vc="1" uspid="2082" ordinal="9" offset="112" sl="1358" path="1" offsetend="116" fileid="55" />
              </BranchPoints>
              <MethodPoint xsi:type="SequencePoint" vc="1" uspid="2052" ordinal="0" offset="0" sl="1348" sc="7" el="1348" ec="28" bec="2" bev="1" fileid="55" />
            </Method>
            <Method visited="true" cyclomaticComplexity="2" nPathComplexity="2" sequenceCoverage="100" branchCoverage="66.67" isConstructor="false" isStatic="false" isGetter="false" isSetter="false">
              <Summary numSequencePoints="3" visitedSequencePoints="3" numBranchPoints="3" visitedBranchPoints="2" sequenceCoverage="100" branchCoverage="66.67" maxCyclomaticComplexity="2" minCyclomaticComplexity="2" visitedClasses="0" numClasses="0" visitedMethods="1" numMethods="1" />
              <MetadataToken>100664053</MetadataToken>
              <Name>System.Void IBM.Watson.DeveloperCloud.Services.VisualRecognition.v3.VisualRecognition::OnDeleteCollectionResp(IBM.Watson.DeveloperCloud.Connection.RESTConnector/Request,IBM.Watson.DeveloperCloud.Connection.RESTConnector/Response)</Name>
              <FileRef uid="55" />
              <SequencePoints>
                <SequencePoint vc="1" uspid="2083" ordinal="0" offset="0" sl="1392" sc="7" el="1392" ec="55" bec="2" bev="1" fileid="55" />
                <SequencePoint vc="1" uspid="2084" ordinal="1" offset="13" sl="1393" sc="9" el="1393" ec="92" bec="0" bev="0" fileid="55" />
                <SequencePoint vc="1" uspid="2085" ordinal="2" offset="46" sl="1394" sc="5" el="1394" ec="6" bec="0" bev="0" fileid="55" />
              </SequencePoints>
              <BranchPoints>
                <BranchPoint vc="1" uspid="2086" ordinal="0" offset="11" sl="1392" path="0" offsetend="13" fileid="55" />
                <BranchPoint vc="0" uspid="2087" ordinal="1" offset="11" sl="1392" path="1" offsetend="46" fileid="55" />
              </BranchPoints>
              <MethodPoint xsi:type="SequencePoint" vc="1" uspid="2083" ordinal="0" offset="0" sl="1392" sc="7" el="1392" ec="55" bec="2" bev="1" fileid="55" />
            </Method>
            <Method visited="true" cyclomaticComplexity="6" nPathComplexity="32" sequenceCoverage="75" branchCoverage="54.55" isConstructor="false" isStatic="false" isGetter="false" isSetter="false">
              <Summary numSequencePoints="20" visitedSequencePoints="15" numBranchPoints="11" visitedBranchPoints="6" sequenceCoverage="75" branchCoverage="54.55" maxCyclomaticComplexity="6" minCyclomaticComplexity="6" visitedClasses="0" numClasses="0" visitedMethods="1" numMethods="1" />
              <MetadataToken>100664054</MetadataToken>
              <Name>System.Boolean IBM.Watson.DeveloperCloud.Services.VisualRecognition.v3.VisualRecognition::GetCollection(IBM.Watson.DeveloperCloud.Services.VisualRecognition.v3.VisualRecognition/OnGetCollection,System.String,System.String)</Name>
              <FileRef uid="55" />
              <SequencePoints>
                <SequencePoint vc="1" uspid="2088" ordinal="0" offset="0" sl="1407" sc="7" el="1407" ec="28" bec="2" bev="1" fileid="55" />
                <SequencePoint vc="0" uspid="2089" ordinal="1" offset="3" sl="1408" sc="9" el="1408" ec="53" bec="0" bev="0" fileid="55" />
                <SequencePoint vc="1" uspid="2090" ordinal="2" offset="14" sl="1409" sc="7" el="1409" ec="46" bec="2" bev="1" fileid="55" />
                <SequencePoint vc="0" uspid="2091" ordinal="3" offset="22" sl="1410" sc="9" el="1410" ec="55" bec="0" bev="0" fileid="55" />
                <SequencePoint vc="1" uspid="2092" ordinal="4" offset="29" sl="1411" sc="7" el="1411" ec="43" bec="2" bev="1" fileid="55" />
                <SequencePoint vc="0" uspid="2093" ordinal="5" offset="41" sl="1412" sc="9" el="1412" ec="59" bec="0" bev="0" fileid="55" />
                <SequencePoint vc="1" uspid="2094" ordinal="6" offset="61" sl="1413" sc="7" el="1413" ec="43" bec="2" bev="1" fileid="55" />
                <SequencePoint vc="0" uspid="2095" ordinal="7" offset="73" sl="1414" sc="9" el="1414" ec="60" bec="0" bev="0" fileid="55" />
                <SequencePoint vc="1" uspid="2096" ordinal="8" offset="84" sl="1416" sc="7" el="1416" ec="121" bec="0" bev="0" fileid="55" />
                <SequencePoint vc="1" uspid="2097" ordinal="9" offset="107" sl="1417" sc="7" el="1417" ec="29" bec="2" bev="1" fileid="55" />
                <SequencePoint vc="0" uspid="2098" ordinal="10" offset="110" sl="1418" sc="9" el="1418" ec="22" bec="0" bev="0" fileid="55" />
                <SequencePoint vc="1" uspid="2099" ordinal="11" offset="112" sl="1420" sc="7" el="1420" ec="53" bec="0" bev="0" fileid="55" />
                <SequencePoint vc="1" uspid="2100" ordinal="12" offset="118" sl="1421" sc="7" el="1421" ec="31" bec="0" bev="0" fileid="55" />
                <SequencePoint vc="1" uspid="2101" ordinal="13" offset="125" sl="1422" sc="7" el="1422" ec="29" bec="0" bev="0" fileid="55" />
                <SequencePoint vc="1" uspid="2102" ordinal="14" offset="132" sl="1423" sc="7" el="1423" ec="39" bec="0" bev="0" fileid="55" />
                <SequencePoint vc="1" uspid="2103" ordinal="15" offset="139" sl="1424" sc="7" el="1424" ec="45" bec="0" bev="0" fileid="55" />
                <SequencePoint vc="1" uspid="2104" ordinal="16" offset="160" sl="1425" sc="7" el="1425" ec="68" bec="0" bev="0" fileid="55" />
                <SequencePoint vc="1" uspid="2105" ordinal="17" offset="181" sl="1426" sc="7" el="1426" ec="35" bec="0" bev="0" fileid="55" />
                <SequencePoint vc="1" uspid="2106" ordinal="18" offset="192" sl="1427" sc="7" el="1427" ec="44" bec="0" bev="0" fileid="55" />
                <SequencePoint vc="1" uspid="2107" ordinal="19" offset="210" sl="1429" sc="7" el="1429" ec="34" bec="0" bev="0" fileid="55" />
              </SequencePoints>
              <BranchPoints>
                <BranchPoint vc="0" uspid="2108" ordinal="0" offset="1" sl="1407" path="0" offsetend="3" fileid="55" />
                <BranchPoint vc="1" uspid="2109" ordinal="1" offset="1" sl="1407" path="1" offsetend="14" fileid="55" />
                <BranchPoint vc="0" uspid="2110" ordinal="2" offset="20" sl="1409" path="0" offsetend="22" fileid="55" />
                <BranchPoint vc="1" uspid="2111" ordinal="3" offset="20" sl="1409" path="1" offsetend="29" fileid="55" />
                <BranchPoint vc="0" uspid="2112" ordinal="4" offset="39" sl="1411" path="0" offsetend="41" fileid="55" />
                <BranchPoint vc="1" uspid="2113" ordinal="5" offset="39" sl="1411" path="1" offsetend="61" fileid="55" />
                <BranchPoint vc="0" uspid="2114" ordinal="6" offset="71" sl="1413" path="0" offsetend="73" fileid="55" />
                <BranchPoint vc="1" uspid="2115" ordinal="7" offset="71" sl="1413" path="1" offsetend="84" fileid="55" />
                <BranchPoint vc="0" uspid="2116" ordinal="8" offset="108" sl="1417" path="0" offsetend="110" fileid="55" />
                <BranchPoint vc="1" uspid="2117" ordinal="9" offset="108" sl="1417" path="1" offsetend="112" fileid="55" />
              </BranchPoints>
              <MethodPoint xsi:type="SequencePoint" vc="1" uspid="2088" ordinal="0" offset="0" sl="1407" sc="7" el="1407" ec="28" bec="2" bev="1" fileid="55" />
            </Method>
            <Method visited="true" cyclomaticComplexity="6" nPathComplexity="16" sequenceCoverage="68.75" branchCoverage="55.56" isConstructor="false" isStatic="false" isGetter="false" isSetter="false">
              <Summary numSequencePoints="16" visitedSequencePoints="11" numBranchPoints="9" visitedBranchPoints="5" sequenceCoverage="68.75" branchCoverage="55.56" maxCyclomaticComplexity="6" minCyclomaticComplexity="6" visitedClasses="0" numClasses="0" visitedMethods="1" numMethods="1" />
              <MetadataToken>100664055</MetadataToken>
              <Name>System.Void IBM.Watson.DeveloperCloud.Services.VisualRecognition.v3.VisualRecognition::OnGetCollectionResp(IBM.Watson.DeveloperCloud.Connection.RESTConnector/Request,IBM.Watson.DeveloperCloud.Connection.RESTConnector/Response)</Name>
              <FileRef uid="55" />
              <SequencePoints>
                <SequencePoint vc="1" uspid="2118" ordinal="0" offset="0" sl="1450" sc="7" el="1450" ec="60" bec="0" bev="0" fileid="55" />
                <SequencePoint vc="1" uspid="2119" ordinal="1" offset="6" sl="1451" sc="7" el="1451" ec="24" bec="2" bev="1" fileid="55" />
                <SequencePoint vc="1" uspid="2120" ordinal="2" offset="14" sl="1455" sc="11" el="1455" ec="30" bec="0" bev="0" fileid="55" />
                <SequencePoint vc="1" uspid="2121" ordinal="3" offset="16" sl="1456" sc="11" el="1456" ec="89" bec="0" bev="0" fileid="55" />
                <SequencePoint vc="1" uspid="2122" ordinal="4" offset="40" sl="1458" sc="11" el="1458" ec="35" bec="0" bev="0" fileid="55" />
                <SequencePoint vc="1" uspid="2123" ordinal="5" offset="42" sl="1459" sc="11" el="1459" ec="74" bec="0" bev="0" fileid="55" />
                <SequencePoint vc="1" uspid="2124" ordinal="6" offset="62" sl="1461" sc="11" el="1461" ec="28" bec="2" bev="1" fileid="55" />
                <SequencePoint vc="0" uspid="2125" ordinal="7" offset="71" sl="1462" sc="13" el="1462" ec="60" bec="0" bev="0" fileid="55" />
                <SequencePoint vc="1" uspid="2126" ordinal="8" offset="84" sl="1463" sc="9" el="1463" ec="10" bec="0" bev="0" fileid="55" />
                <SequencePoint vc="0" uspid="2127" ordinal="9" offset="86" sl="1464" sc="9" el="1464" ec="28" bec="0" bev="0" fileid="55" />
                <SequencePoint vc="0" uspid="2128" ordinal="10" offset="88" sl="1466" sc="11" el="1466" ec="88" bec="0" bev="0" fileid="55" />
                <SequencePoint vc="0" uspid="2129" ordinal="11" offset="119" sl="1467" sc="11" el="1467" ec="32" bec="0" bev="0" fileid="55" />
                <SequencePoint vc="0" uspid="2130" ordinal="12" offset="126" sl="1468" sc="9" el="1468" ec="10" bec="0" bev="0" fileid="55" />
                <SequencePoint vc="1" uspid="2131" ordinal="13" offset="128" sl="1471" sc="7" el="1471" ec="52" bec="2" bev="1" fileid="55" />
                <SequencePoint vc="1" uspid="2132" ordinal="14" offset="141" sl="1472" sc="9" el="1472" ec="106" bec="2" bev="1" fileid="55" />
                <SequencePoint vc="1" uspid="2133" ordinal="15" offset="180" sl="1473" sc="5" el="1473" ec="6" bec="0" bev="0" fileid="55" />
              </SequencePoints>
              <BranchPoints>
                <BranchPoint vc="1" uspid="2134" ordinal="0" offset="12" sl="1451" path="0" offsetend="14" fileid="55" />
                <BranchPoint vc="0" uspid="2135" ordinal="1" offset="12" sl="1451" path="1" offsetend="128" fileid="55" />
                <BranchPoint vc="0" uspid="2136" ordinal="2" offset="69" sl="1461" path="0" offsetend="71" fileid="55" />
                <BranchPoint vc="1" uspid="2137" ordinal="3" offset="69" sl="1461" path="1" offsetend="84" fileid="55" />
                <BranchPoint vc="1" uspid="2138" ordinal="4" offset="139" sl="1471" path="0" offsetend="141" fileid="55" />
                <BranchPoint vc="0" uspid="2139" ordinal="5" offset="139" sl="1471" path="1" offsetend="180" fileid="55" />
                <BranchPoint vc="0" uspid="2140" ordinal="6" offset="158" sl="1472" path="0" offsetend="160" fileid="55" />
                <BranchPoint vc="1" uspid="2141" ordinal="7" offset="158" sl="1472" path="1" offsetend="163" fileid="55" />
              </BranchPoints>
              <MethodPoint xsi:type="SequencePoint" vc="1" uspid="2118" ordinal="0" offset="0" sl="1450" sc="7" el="1450" ec="60" bec="0" bev="0" fileid="55" />
            </Method>
            <Method visited="true" cyclomaticComplexity="6" nPathComplexity="32" sequenceCoverage="75" branchCoverage="54.55" isConstructor="false" isStatic="false" isGetter="false" isSetter="false">
              <Summary numSequencePoints="20" visitedSequencePoints="15" numBranchPoints="11" visitedBranchPoints="6" sequenceCoverage="75" branchCoverage="54.55" maxCyclomaticComplexity="6" minCyclomaticComplexity="6" visitedClasses="0" numClasses="0" visitedMethods="1" numMethods="1" />
              <MetadataToken>100664056</MetadataToken>
              <Name>System.Boolean IBM.Watson.DeveloperCloud.Services.VisualRecognition.v3.VisualRecognition::GetCollectionImages(IBM.Watson.DeveloperCloud.Services.VisualRecognition.v3.VisualRecognition/OnGetCollectionImages,System.String,System.String)</Name>
              <FileRef uid="55" />
              <SequencePoints>
                <SequencePoint vc="1" uspid="2142" ordinal="0" offset="0" sl="1486" sc="7" el="1486" ec="28" bec="2" bev="1" fileid="55" />
                <SequencePoint vc="0" uspid="2143" ordinal="1" offset="3" sl="1487" sc="9" el="1487" ec="53" bec="0" bev="0" fileid="55" />
                <SequencePoint vc="1" uspid="2144" ordinal="2" offset="14" sl="1488" sc="7" el="1488" ec="46" bec="2" bev="1" fileid="55" />
                <SequencePoint vc="0" uspid="2145" ordinal="3" offset="22" sl="1489" sc="9" el="1489" ec="55" bec="0" bev="0" fileid="55" />
                <SequencePoint vc="1" uspid="2146" ordinal="4" offset="29" sl="1490" sc="7" el="1490" ec="43" bec="2" bev="1" fileid="55" />
                <SequencePoint vc="0" uspid="2147" ordinal="5" offset="41" sl="1491" sc="9" el="1491" ec="59" bec="0" bev="0" fileid="55" />
                <SequencePoint vc="1" uspid="2148" ordinal="6" offset="61" sl="1492" sc="7" el="1492" ec="43" bec="2" bev="1" fileid="55" />
                <SequencePoint vc="0" uspid="2149" ordinal="7" offset="73" sl="1493" sc="9" el="1493" ec="60" bec="0" bev="0" fileid="55" />
                <SequencePoint vc="1" uspid="2150" ordinal="8" offset="84" sl="1495" sc="7" el="1495" ec="128" bec="0" bev="0" fileid="55" />
                <SequencePoint vc="1" uspid="2151" ordinal="9" offset="107" sl="1496" sc="7" el="1496" ec="29" bec="2" bev="1" fileid="55" />
                <SequencePoint vc="0" uspid="2152" ordinal="10" offset="110" sl="1497" sc="9" el="1497" ec="22" bec="0" bev="0" fileid="55" />
                <SequencePoint vc="1" uspid="2153" ordinal="11" offset="112" sl="1499" sc="7" el="1499" ec="65" bec="0" bev="0" fileid="55" />
                <SequencePoint vc="1" uspid="2154" ordinal="12" offset="118" sl="1500" sc="7" el="1500" ec="31" bec="0" bev="0" fileid="55" />
                <SequencePoint vc="1" uspid="2155" ordinal="13" offset="125" sl="1501" sc="7" el="1501" ec="29" bec="0" bev="0" fileid="55" />
                <SequencePoint vc="1" uspid="2156" ordinal="14" offset="132" sl="1502" sc="7" el="1502" ec="39" bec="0" bev="0" fileid="55" />
                <SequencePoint vc="1" uspid="2157" ordinal="15" offset="139" sl="1503" sc="7" el="1503" ec="45" bec="0" bev="0" fileid="55" />
                <SequencePoint vc="1" uspid="2158" ordinal="16" offset="160" sl="1504" sc="7" el="1504" ec="68" bec="0" bev="0" fileid="55" />
                <SequencePoint vc="1" uspid="2159" ordinal="17" offset="181" sl="1505" sc="7" el="1505" ec="35" bec="0" bev="0" fileid="55" />
                <SequencePoint vc="1" uspid="2160" ordinal="18" offset="192" sl="1506" sc="7" el="1506" ec="50" bec="0" bev="0" fileid="55" />
                <SequencePoint vc="1" uspid="2161" ordinal="19" offset="210" sl="1508" sc="7" el="1508" ec="34" bec="0" bev="0" fileid="55" />
              </SequencePoints>
              <BranchPoints>
                <BranchPoint vc="0" uspid="2162" ordinal="0" offset="1" sl="1486" path="0" offsetend="3" fileid="55" />
                <BranchPoint vc="1" uspid="2163" ordinal="1" offset="1" sl="1486" path="1" offsetend="14" fileid="55" />
                <BranchPoint vc="0" uspid="2164" ordinal="2" offset="20" sl="1488" path="0" offsetend="22" fileid="55" />
                <BranchPoint vc="1" uspid="2165" ordinal="3" offset="20" sl="1488" path="1" offsetend="29" fileid="55" />
                <BranchPoint vc="0" uspid="2166" ordinal="4" offset="39" sl="1490" path="0" offsetend="41" fileid="55" />
                <BranchPoint vc="1" uspid="2167" ordinal="5" offset="39" sl="1490" path="1" offsetend="61" fileid="55" />
                <BranchPoint vc="0" uspid="2168" ordinal="6" offset="71" sl="1492" path="0" offsetend="73" fileid="55" />
                <BranchPoint vc="1" uspid="2169" ordinal="7" offset="71" sl="1492" path="1" offsetend="84" fileid="55" />
                <BranchPoint vc="0" uspid="2170" ordinal="8" offset="108" sl="1496" path="0" offsetend="110" fileid="55" />
                <BranchPoint vc="1" uspid="2171" ordinal="9" offset="108" sl="1496" path="1" offsetend="112" fileid="55" />
              </BranchPoints>
              <MethodPoint xsi:type="SequencePoint" vc="1" uspid="2142" ordinal="0" offset="0" sl="1486" sc="7" el="1486" ec="28" bec="2" bev="1" fileid="55" />
            </Method>
            <Method visited="true" cyclomaticComplexity="6" nPathComplexity="16" sequenceCoverage="68.75" branchCoverage="55.56" isConstructor="false" isStatic="false" isGetter="false" isSetter="false">
              <Summary numSequencePoints="16" visitedSequencePoints="11" numBranchPoints="9" visitedBranchPoints="5" sequenceCoverage="68.75" branchCoverage="55.56" maxCyclomaticComplexity="6" minCyclomaticComplexity="6" visitedClasses="0" numClasses="0" visitedMethods="1" numMethods="1" />
              <MetadataToken>100664057</MetadataToken>
              <Name>System.Void IBM.Watson.DeveloperCloud.Services.VisualRecognition.v3.VisualRecognition::OnGetCollectionImagesResp(IBM.Watson.DeveloperCloud.Connection.RESTConnector/Request,IBM.Watson.DeveloperCloud.Connection.RESTConnector/Response)</Name>
              <FileRef uid="55" />
              <SequencePoints>
                <SequencePoint vc="1" uspid="2172" ordinal="0" offset="0" sl="1529" sc="7" el="1529" ec="72" bec="0" bev="0" fileid="55" />
                <SequencePoint vc="1" uspid="2173" ordinal="1" offset="6" sl="1530" sc="7" el="1530" ec="24" bec="2" bev="1" fileid="55" />
                <SequencePoint vc="1" uspid="2174" ordinal="2" offset="14" sl="1534" sc="11" el="1534" ec="30" bec="0" bev="0" fileid="55" />
                <SequencePoint vc="1" uspid="2175" ordinal="3" offset="16" sl="1535" sc="11" el="1535" ec="89" bec="0" bev="0" fileid="55" />
                <SequencePoint vc="1" uspid="2176" ordinal="4" offset="40" sl="1537" sc="11" el="1537" ec="41" bec="0" bev="0" fileid="55" />
                <SequencePoint vc="1" uspid="2177" ordinal="5" offset="42" sl="1538" sc="11" el="1538" ec="74" bec="0" bev="0" fileid="55" />
                <SequencePoint vc="1" uspid="2178" ordinal="6" offset="62" sl="1540" sc="11" el="1540" ec="28" bec="2" bev="1" fileid="55" />
                <SequencePoint vc="0" uspid="2179" ordinal="7" offset="71" sl="1541" sc="13" el="1541" ec="60" bec="0" bev="0" fileid="55" />
                <SequencePoint vc="1" uspid="2180" ordinal="8" offset="84" sl="1542" sc="9" el="1542" ec="10" bec="0" bev="0" fileid="55" />
                <SequencePoint vc="0" uspid="2181" ordinal="9" offset="86" sl="1543" sc="9" el="1543" ec="28" bec="0" bev="0" fileid="55" />
                <SequencePoint vc="0" uspid="2182" ordinal="10" offset="88" sl="1545" sc="11" el="1545" ec="94" bec="0" bev="0" fileid="55" />
                <SequencePoint vc="0" uspid="2183" ordinal="11" offset="119" sl="1546" sc="11" el="1546" ec="32" bec="0" bev="0" fileid="55" />
                <SequencePoint vc="0" uspid="2184" ordinal="12" offset="126" sl="1547" sc="9" el="1547" ec="10" bec="0" bev="0" fileid="55" />
                <SequencePoint vc="1" uspid="2185" ordinal="13" offset="128" sl="1550" sc="7" el="1550" ec="58" bec="2" bev="1" fileid="55" />
                <SequencePoint vc="1" uspid="2186" ordinal="14" offset="141" sl="1551" sc="9" el="1551" ec="124" bec="2" bev="1" fileid="55" />
                <SequencePoint vc="1" uspid="2187" ordinal="15" offset="180" sl="1552" sc="5" el="1552" ec="6" bec="0" bev="0" fileid="55" />
              </SequencePoints>
              <BranchPoints>
                <BranchPoint vc="1" uspid="2188" ordinal="0" offset="12" sl="1530" path="0" offsetend="14" fileid="55" />
                <BranchPoint vc="0" uspid="2189" ordinal="1" offset="12" sl="1530" path="1" offsetend="128" fileid="55" />
                <BranchPoint vc="0" uspid="2190" ordinal="2" offset="69" sl="1540" path="0" offsetend="71" fileid="55" />
                <BranchPoint vc="1" uspid="2191" ordinal="3" offset="69" sl="1540" path="1" offsetend="84" fileid="55" />
                <BranchPoint vc="1" uspid="2192" ordinal="4" offset="139" sl="1550" path="0" offsetend="141" fileid="55" />
                <BranchPoint vc="0" uspid="2193" ordinal="5" offset="139" sl="1550" path="1" offsetend="180" fileid="55" />
                <BranchPoint vc="0" uspid="2194" ordinal="6" offset="158" sl="1551" path="0" offsetend="160" fileid="55" />
                <BranchPoint vc="1" uspid="2195" ordinal="7" offset="158" sl="1551" path="1" offsetend="163" fileid="55" />
              </BranchPoints>
              <MethodPoint xsi:type="SequencePoint" vc="1" uspid="2172" ordinal="0" offset="0" sl="1529" sc="7" el="1529" ec="72" bec="0" bev="0" fileid="55" />
            </Method>
            <Method visited="true" cyclomaticComplexity="9" nPathComplexity="256" sequenceCoverage="57.89" branchCoverage="52.94" isConstructor="false" isStatic="false" isGetter="false" isSetter="false">
              <Summary numSequencePoints="19" visitedSequencePoints="11" numBranchPoints="17" visitedBranchPoints="9" sequenceCoverage="57.89" branchCoverage="52.94" maxCyclomaticComplexity="9" minCyclomaticComplexity="9" visitedClasses="0" numClasses="0" visitedMethods="1" numMethods="1" />
              <MetadataToken>100664058</MetadataToken>
              <Name>System.Boolean IBM.Watson.DeveloperCloud.Services.VisualRecognition.v3.VisualRecognition::AddCollectionImage(IBM.Watson.DeveloperCloud.Services.VisualRecognition.v3.VisualRecognition/OnAddCollectionImage,System.String,System.String,System.Collections.Generic.Dictionary`2&lt;System.String,System.String&gt;,System.String)</Name>
              <FileRef uid="55" />
              <SequencePoints>
                <SequencePoint vc="1" uspid="2196" ordinal="0" offset="0" sl="1567" sc="7" el="1567" ec="28" bec="2" bev="1" fileid="55" />
                <SequencePoint vc="0" uspid="2197" ordinal="1" offset="3" sl="1568" sc="9" el="1568" ec="53" bec="0" bev="0" fileid="55" />
                <SequencePoint vc="1" uspid="2198" ordinal="2" offset="14" sl="1569" sc="7" el="1569" ec="46" bec="2" bev="1" fileid="55" />
                <SequencePoint vc="0" uspid="2199" ordinal="3" offset="22" sl="1570" sc="9" el="1570" ec="57" bec="0" bev="0" fileid="55" />
                <SequencePoint vc="1" uspid="2200" ordinal="4" offset="33" sl="1571" sc="7" el="1571" ec="43" bec="2" bev="1" fileid="55" />
                <SequencePoint vc="0" uspid="2201" ordinal="5" offset="41" sl="1572" sc="9" el="1572" ec="54" bec="0" bev="0" fileid="55" />
                <SequencePoint vc="1" uspid="2202" ordinal="6" offset="52" sl="1573" sc="7" el="1573" ec="43" bec="2" bev="1" fileid="55" />
                <SequencePoint vc="0" uspid="2203" ordinal="7" offset="64" sl="1574" sc="9" el="1574" ec="59" bec="0" bev="0" fileid="55" />
                <SequencePoint vc="1" uspid="2204" ordinal="8" offset="84" sl="1575" sc="7" el="1575" ec="43" bec="2" bev="1" fileid="55" />
                <SequencePoint vc="0" uspid="2205" ordinal="9" offset="96" sl="1576" sc="9" el="1576" ec="60" bec="0" bev="0" fileid="55" />
                <SequencePoint vc="1" uspid="2206" ordinal="10" offset="107" sl="1578" sc="7" el="1578" ec="31" bec="0" bev="0" fileid="55" />
                <SequencePoint vc="1" uspid="2207" ordinal="11" offset="109" sl="1579" sc="7" el="1579" ec="44" bec="2" bev="1" fileid="55" />
                <SequencePoint vc="1" uspid="2208" ordinal="12" offset="117" sl="1581" sc="9" el="1581" ec="30" bec="2" bev="1" fileid="55" />
                <SequencePoint vc="0" uspid="2209" ordinal="13" offset="125" sl="1583" sc="11" el="1583" ec="43" bec="0" bev="0" fileid="55" />
                <SequencePoint vc="0" uspid="2210" ordinal="14" offset="138" sl="1584" sc="9" el="1584" ec="10" bec="0" bev="0" fileid="55" />
                <SequencePoint vc="1" uspid="2211" ordinal="15" offset="140" sl="1588" sc="11" el="1588" ec="52" bec="0" bev="0" fileid="55" />
                <SequencePoint vc="1" uspid="2212" ordinal="16" offset="147" sl="1592" sc="9" el="1592" ec="31" bec="2" bev="1" fileid="55" />
                <SequencePoint vc="0" uspid="2213" ordinal="17" offset="150" sl="1593" sc="11" el="1593" ec="78" bec="0" bev="0" fileid="55" />
                <SequencePoint vc="1" uspid="2214" ordinal="18" offset="175" sl="1596" sc="7" el="1596" ec="136" bec="0" bev="0" fileid="55" />
              </SequencePoints>
              <BranchPoints>
                <BranchPoint vc="0" uspid="2215" ordinal="0" offset="1" sl="1567" path="0" offsetend="3" fileid="55" />
                <BranchPoint vc="1" uspid="2216" ordinal="1" offset="1" sl="1567" path="1" offsetend="14" fileid="55" />
                <BranchPoint vc="0" uspid="2217" ordinal="2" offset="20" sl="1569" path="0" offsetend="22" fileid="55" />
                <BranchPoint vc="1" uspid="2218" ordinal="3" offset="20" sl="1569" path="1" offsetend="33" fileid="55" />
                <BranchPoint vc="0" uspid="2219" ordinal="4" offset="39" sl="1571" path="0" offsetend="41" fileid="55" />
                <BranchPoint vc="1" uspid="2220" ordinal="5" offset="39" sl="1571" path="1" offsetend="52" fileid="55" />
                <BranchPoint vc="0" uspid="2221" ordinal="6" offset="62" sl="1573" path="0" offsetend="64" fileid="55" />
                <BranchPoint vc="1" uspid="2222" ordinal="7" offset="62" sl="1573" path="1" offsetend="84" fileid="55" />
                <BranchPoint vc="0" uspid="2223" ordinal="8" offset="94" sl="1575" path="0" offsetend="96" fileid="55" />
                <BranchPoint vc="1" uspid="2224" ordinal="9" offset="94" sl="1575" path="1" offsetend="107" fileid="55" />
                <BranchPoint vc="1" uspid="2225" ordinal="10" offset="115" sl="1579" path="0" offsetend="117" fileid="55" />
                <BranchPoint vc="0" uspid="2226" ordinal="11" offset="115" sl="1579" path="1" offsetend="175" fileid="55" />
                <BranchPoint vc="0" uspid="2227" ordinal="12" offset="123" sl="1581" path="0" offsetend="125" fileid="55" />
                <BranchPoint vc="1" uspid="2228" ordinal="13" offset="123" sl="1581" path="1" offsetend="140" fileid="55" />
                <BranchPoint vc="0" uspid="2229" ordinal="14" offset="148" sl="1592" path="0" offsetend="150" fileid="55" />
                <BranchPoint vc="1" uspid="2230" ordinal="15" offset="148" sl="1592" path="1" offsetend="175" fileid="55" />
              </BranchPoints>
              <MethodPoint xsi:type="SequencePoint" vc="1" uspid="2196" ordinal="0" offset="0" sl="1567" sc="7" el="1567" ec="28" bec="2" bev="1" fileid="55" />
            </Method>
            <Method visited="false" cyclomaticComplexity="11" nPathComplexity="1024" sequenceCoverage="0" branchCoverage="0" isConstructor="false" isStatic="false" isGetter="false" isSetter="false">
              <Summary numSequencePoints="24" visitedSequencePoints="0" numBranchPoints="21" visitedBranchPoints="0" sequenceCoverage="0" branchCoverage="0" maxCyclomaticComplexity="11" minCyclomaticComplexity="11" visitedClasses="0" numClasses="0" visitedMethods="0" numMethods="1" />
              <MetadataToken>100664059</MetadataToken>
              <Name>System.Boolean IBM.Watson.DeveloperCloud.Services.VisualRecognition.v3.VisualRecognition::AddCollectionImage(IBM.Watson.DeveloperCloud.Services.VisualRecognition.v3.VisualRecognition/OnAddCollectionImage,System.String,System.String,System.String,System.String)</Name>
              <FileRef uid="55" />
              <SequencePoints>
                <SequencePoint vc="0" uspid="2231" ordinal="0" offset="0" sl="1610" sc="7" el="1610" ec="28" bec="2" bev="0" fileid="55" />
                <SequencePoint vc="0" uspid="2232" ordinal="1" offset="3" sl="1611" sc="9" el="1611" ec="53" bec="0" bev="0" fileid="55" />
                <SequencePoint vc="0" uspid="2233" ordinal="2" offset="14" sl="1612" sc="7" el="1612" ec="46" bec="2" bev="0" fileid="55" />
                <SequencePoint vc="0" uspid="2234" ordinal="3" offset="22" sl="1613" sc="9" el="1613" ec="57" bec="0" bev="0" fileid="55" />
                <SequencePoint vc="0" uspid="2235" ordinal="4" offset="33" sl="1614" sc="7" el="1614" ec="43" bec="2" bev="0" fileid="55" />
                <SequencePoint vc="0" uspid="2236" ordinal="5" offset="41" sl="1615" sc="9" el="1615" ec="54" bec="0" bev="0" fileid="55" />
                <SequencePoint vc="0" uspid="2237" ordinal="6" offset="52" sl="1616" sc="7" el="1616" ec="43" bec="2" bev="0" fileid="55" />
                <SequencePoint vc="0" uspid="2238" ordinal="7" offset="64" sl="1617" sc="9" el="1617" ec="59" bec="0" bev="0" fileid="55" />
                <SequencePoint vc="0" uspid="2239" ordinal="8" offset="84" sl="1618" sc="7" el="1618" ec="43" bec="2" bev="0" fileid="55" />
                <SequencePoint vc="0" uspid="2240" ordinal="9" offset="96" sl="1619" sc="9" el="1619" ec="60" bec="0" bev="0" fileid="55" />
                <SequencePoint vc="0" uspid="2241" ordinal="10" offset="107" sl="1621" sc="7" el="1621" ec="31" bec="0" bev="0" fileid="55" />
                <SequencePoint vc="0" uspid="2242" ordinal="11" offset="109" sl="1622" sc="7" el="1622" ec="44" bec="2" bev="0" fileid="55" />
                <SequencePoint vc="0" uspid="2243" ordinal="12" offset="117" sl="1624" sc="9" el="1624" ec="30" bec="2" bev="0" fileid="55" />
                <SequencePoint vc="0" uspid="2244" ordinal="13" offset="125" sl="1626" sc="11" el="1626" ec="43" bec="0" bev="0" fileid="55" />
                <SequencePoint vc="0" uspid="2245" ordinal="14" offset="138" sl="1627" sc="9" el="1627" ec="10" bec="0" bev="0" fileid="55" />
                <SequencePoint vc="0" uspid="2246" ordinal="15" offset="140" sl="1631" sc="11" el="1631" ec="52" bec="0" bev="0" fileid="55" />
                <SequencePoint vc="0" uspid="2247" ordinal="16" offset="147" sl="1635" sc="9" el="1635" ec="31" bec="2" bev="0" fileid="55" />
                <SequencePoint vc="0" uspid="2248" ordinal="17" offset="150" sl="1636" sc="11" el="1636" ec="78" bec="0" bev="0" fileid="55" />
                <SequencePoint vc="0" uspid="2249" ordinal="18" offset="175" sl="1639" sc="7" el="1639" ec="30" bec="0" bev="0" fileid="55" />
                <SequencePoint vc="0" uspid="2250" ordinal="19" offset="177" sl="1640" sc="7" el="1640" ec="47" bec="2" bev="0" fileid="55" />
                <SequencePoint vc="0" uspid="2251" ordinal="20" offset="186" sl="1642" sc="9" el="1642" ec="51" bec="0" bev="0" fileid="55" />
                <SequencePoint vc="0" uspid="2252" ordinal="21" offset="194" sl="1644" sc="9" el="1644" ec="44" bec="2" bev="0" fileid="55" />
                <SequencePoint vc="0" uspid="2253" ordinal="22" offset="202" sl="1645" sc="11" el="1645" ec="76" bec="0" bev="0" fileid="55" />
                <SequencePoint vc="0" uspid="2254" ordinal="23" offset="227" sl="1648" sc="7" el="1648" ec="119" bec="0" bev="0" fileid="55" />
              </SequencePoints>
              <BranchPoints>
                <BranchPoint vc="0" uspid="2255" ordinal="0" offset="1" sl="1610" path="0" offsetend="3" fileid="55" />
                <BranchPoint vc="0" uspid="2256" ordinal="1" offset="1" sl="1610" path="1" offsetend="14" fileid="55" />
                <BranchPoint vc="0" uspid="2257" ordinal="2" offset="20" sl="1612" path="0" offsetend="22" fileid="55" />
                <BranchPoint vc="0" uspid="2258" ordinal="3" offset="20" sl="1612" path="1" offsetend="33" fileid="55" />
                <BranchPoint vc="0" uspid="2259" ordinal="4" offset="39" sl="1614" path="0" offsetend="41" fileid="55" />
                <BranchPoint vc="0" uspid="2260" ordinal="5" offset="39" sl="1614" path="1" offsetend="52" fileid="55" />
                <BranchPoint vc="0" uspid="2261" ordinal="6" offset="62" sl="1616" path="0" offsetend="64" fileid="55" />
                <BranchPoint vc="0" uspid="2262" ordinal="7" offset="62" sl="1616" path="1" offsetend="84" fileid="55" />
                <BranchPoint vc="0" uspid="2263" ordinal="8" offset="94" sl="1618" path="0" offsetend="96" fileid="55" />
                <BranchPoint vc="0" uspid="2264" ordinal="9" offset="94" sl="1618" path="1" offsetend="107" fileid="55" />
                <BranchPoint vc="0" uspid="2265" ordinal="10" offset="115" sl="1622" path="0" offsetend="117" fileid="55" />
                <BranchPoint vc="0" uspid="2266" ordinal="11" offset="115" sl="1622" path="1" offsetend="175" fileid="55" />
                <BranchPoint vc="0" uspid="2267" ordinal="12" offset="123" sl="1624" path="0" offsetend="125" fileid="55" />
                <BranchPoint vc="0" uspid="2268" ordinal="13" offset="123" sl="1624" path="1" offsetend="140" fileid="55" />
                <BranchPoint vc="0" uspid="2269" ordinal="14" offset="148" sl="1635" path="0" offsetend="150" fileid="55" />
                <BranchPoint vc="0" uspid="2270" ordinal="15" offset="148" sl="1635" path="1" offsetend="175" fileid="55" />
                <BranchPoint vc="0" uspid="2271" ordinal="16" offset="184" sl="1640" path="0" offsetend="186" fileid="55" />
                <BranchPoint vc="0" uspid="2272" ordinal="17" offset="184" sl="1640" path="1" offsetend="227" fileid="55" />
                <BranchPoint vc="0" uspid="2273" ordinal="18" offset="200" sl="1644" path="0" offsetend="202" fileid="55" />
                <BranchPoint vc="0" uspid="2274" ordinal="19" offset="200" sl="1644" path="1" offsetend="227" fileid="55" />
              </BranchPoints>
              <MethodPoint xsi:type="SequencePoint" vc="0" uspid="2231" ordinal="0" offset="0" sl="1610" sc="7" el="1610" ec="28" bec="2" bev="0" fileid="55" />
            </Method>
            <Method visited="true" cyclomaticComplexity="7" nPathComplexity="64" sequenceCoverage="77.78" branchCoverage="53.85" isConstructor="false" isStatic="false" isGetter="false" isSetter="false">
              <Summary numSequencePoints="27" visitedSequencePoints="21" numBranchPoints="13" visitedBranchPoints="7" sequenceCoverage="77.78" branchCoverage="53.85" maxCyclomaticComplexity="7" minCyclomaticComplexity="7" visitedClasses="0" numClasses="0" visitedMethods="1" numMethods="1" />
              <MetadataToken>100664060</MetadataToken>
              <Name>System.Boolean IBM.Watson.DeveloperCloud.Services.VisualRecognition.v3.VisualRecognition::AddCollectionImage(IBM.Watson.DeveloperCloud.Services.VisualRecognition.v3.VisualRecognition/OnAddCollectionImage,System.String,System.Byte[],System.String,System.String,System.String)</Name>
              <FileRef uid="55" />
              <SequencePoints>
                <SequencePoint vc="1" uspid="2275" ordinal="0" offset="0" sl="1662" sc="7" el="1662" ec="28" bec="2" bev="1" fileid="55" />
                <SequencePoint vc="0" uspid="2276" ordinal="1" offset="3" sl="1663" sc="9" el="1663" ec="53" bec="0" bev="0" fileid="55" />
                <SequencePoint vc="1" uspid="2277" ordinal="2" offset="14" sl="1664" sc="7" el="1664" ec="46" bec="2" bev="1" fileid="55" />
                <SequencePoint vc="0" uspid="2278" ordinal="3" offset="22" sl="1665" sc="9" el="1665" ec="57" bec="0" bev="0" fileid="55" />
                <SequencePoint vc="1" uspid="2279" ordinal="4" offset="33" sl="1666" sc="7" el="1666" ec="40" bec="2" bev="1" fileid="55" />
                <SequencePoint vc="0" uspid="2280" ordinal="5" offset="36" sl="1667" sc="9" el="1667" ec="62" bec="0" bev="0" fileid="55" />
                <SequencePoint vc="1" uspid="2281" ordinal="6" offset="47" sl="1668" sc="7" el="1668" ec="43" bec="2" bev="1" fileid="55" />
                <SequencePoint vc="0" uspid="2282" ordinal="7" offset="59" sl="1669" sc="9" el="1669" ec="59" bec="0" bev="0" fileid="55" />
                <SequencePoint vc="1" uspid="2283" ordinal="8" offset="79" sl="1670" sc="7" el="1670" ec="43" bec="2" bev="1" fileid="55" />
                <SequencePoint vc="0" uspid="2284" ordinal="9" offset="91" sl="1671" sc="9" el="1671" ec="60" bec="0" bev="0" fileid="55" />
                <SequencePoint vc="1" uspid="2285" ordinal="10" offset="102" sl="1673" sc="7" el="1673" ec="128" bec="0" bev="0" fileid="55" />
                <SequencePoint vc="1" uspid="2286" ordinal="11" offset="125" sl="1674" sc="7" el="1674" ec="29" bec="2" bev="1" fileid="55" />
                <SequencePoint vc="0" uspid="2287" ordinal="12" offset="128" sl="1675" sc="9" el="1675" ec="22" bec="0" bev="0" fileid="55" />
                <SequencePoint vc="1" uspid="2288" ordinal="13" offset="130" sl="1677" sc="7" el="1677" ec="63" bec="0" bev="0" fileid="55" />
                <SequencePoint vc="1" uspid="2289" ordinal="14" offset="136" sl="1678" sc="7" el="1678" ec="31" bec="0" bev="0" fileid="55" />
                <SequencePoint vc="1" uspid="2290" ordinal="15" offset="143" sl="1679" sc="7" el="1679" ec="39" bec="0" bev="0" fileid="55" />
                <SequencePoint vc="1" uspid="2291" ordinal="16" offset="150" sl="1680" sc="7" el="1680" ec="33" bec="0" bev="0" fileid="55" />
                <SequencePoint vc="1" uspid="2292" ordinal="17" offset="157" sl="1681" sc="7" el="1681" ec="31" bec="0" bev="0" fileid="55" />
                <SequencePoint vc="1" uspid="2293" ordinal="18" offset="165" sl="1682" sc="7" el="1682" ec="29" bec="0" bev="0" fileid="55" />
                <SequencePoint vc="1" uspid="2294" ordinal="19" offset="173" sl="1684" sc="7" el="1684" ec="45" bec="0" bev="0" fileid="55" />
                <SequencePoint vc="1" uspid="2295" ordinal="20" offset="194" sl="1685" sc="7" el="1685" ec="68" bec="0" bev="0" fileid="55" />
                <SequencePoint vc="1" uspid="2296" ordinal="21" offset="215" sl="1686" sc="7" el="1686" ec="64" bec="0" bev="0" fileid="55" />
                <SequencePoint vc="1" uspid="2297" ordinal="22" offset="226" sl="1687" sc="7" el="1687" ec="100" bec="0" bev="0" fileid="55" />
                <SequencePoint vc="1" uspid="2298" ordinal="23" offset="258" sl="1688" sc="7" el="1688" ec="108" bec="0" bev="0" fileid="55" />
                <SequencePoint vc="1" uspid="2299" ordinal="24" offset="297" sl="1690" sc="7" el="1690" ec="35" bec="0" bev="0" fileid="55" />
                <SequencePoint vc="1" uspid="2300" ordinal="25" offset="308" sl="1691" sc="7" el="1691" ec="49" bec="0" bev="0" fileid="55" />
                <SequencePoint vc="1" uspid="2301" ordinal="26" offset="326" sl="1693" sc="7" el="1693" ec="34" bec="0" bev="0" fileid="55" />
              </SequencePoints>
              <BranchPoints>
                <BranchPoint vc="0" uspid="2302" ordinal="0" offset="1" sl="1662" path="0" offsetend="3" fileid="55" />
                <BranchPoint vc="1" uspid="2303" ordinal="1" offset="1" sl="1662" path="1" offsetend="14" fileid="55" />
                <BranchPoint vc="0" uspid="2304" ordinal="2" offset="20" sl="1664" path="0" offsetend="22" fileid="55" />
                <BranchPoint vc="1" uspid="2305" ordinal="3" offset="20" sl="1664" path="1" offsetend="33" fileid="55" />
                <BranchPoint vc="0" uspid="2306" ordinal="4" offset="34" sl="1666" path="0" offsetend="36" fileid="55" />
                <BranchPoint vc="1" uspid="2307" ordinal="5" offset="34" sl="1666" path="1" offsetend="47" fileid="55" />
                <BranchPoint vc="0" uspid="2308" ordinal="6" offset="57" sl="1668" path="0" offsetend="59" fileid="55" />
                <BranchPoint vc="1" uspid="2309" ordinal="7" offset="57" sl="1668" path="1" offsetend="79" fileid="55" />
                <BranchPoint vc="0" uspid="2310" ordinal="8" offset="89" sl="1670" path="0" offsetend="91" fileid="55" />
                <BranchPoint vc="1" uspid="2311" ordinal="9" offset="89" sl="1670" path="1" offsetend="102" fileid="55" />
                <BranchPoint vc="0" uspid="2312" ordinal="10" offset="126" sl="1674" path="0" offsetend="128" fileid="55" />
                <BranchPoint vc="1" uspid="2313" ordinal="11" offset="126" sl="1674" path="1" offsetend="130" fileid="55" />
              </BranchPoints>
              <MethodPoint xsi:type="SequencePoint" vc="1" uspid="2275" ordinal="0" offset="0" sl="1662" sc="7" el="1662" ec="28" bec="2" bev="1" fileid="55" />
            </Method>
            <Method visited="true" cyclomaticComplexity="6" nPathComplexity="16" sequenceCoverage="68.75" branchCoverage="55.56" isConstructor="false" isStatic="false" isGetter="false" isSetter="false">
              <Summary numSequencePoints="16" visitedSequencePoints="11" numBranchPoints="9" visitedBranchPoints="5" sequenceCoverage="68.75" branchCoverage="55.56" maxCyclomaticComplexity="6" minCyclomaticComplexity="6" visitedClasses="0" numClasses="0" visitedMethods="1" numMethods="1" />
              <MetadataToken>100664061</MetadataToken>
              <Name>System.Void IBM.Watson.DeveloperCloud.Services.VisualRecognition.v3.VisualRecognition::OnAddCollectionImageResp(IBM.Watson.DeveloperCloud.Connection.RESTConnector/Request,IBM.Watson.DeveloperCloud.Connection.RESTConnector/Response)</Name>
              <FileRef uid="55" />
              <SequencePoints>
                <SequencePoint vc="1" uspid="2314" ordinal="0" offset="0" sl="1722" sc="7" el="1722" ec="69" bec="0" bev="0" fileid="55" />
                <SequencePoint vc="1" uspid="2315" ordinal="1" offset="6" sl="1723" sc="7" el="1723" ec="24" bec="2" bev="1" fileid="55" />
                <SequencePoint vc="1" uspid="2316" ordinal="2" offset="14" sl="1727" sc="11" el="1727" ec="30" bec="0" bev="0" fileid="55" />
                <SequencePoint vc="1" uspid="2317" ordinal="3" offset="16" sl="1728" sc="11" el="1728" ec="89" bec="0" bev="0" fileid="55" />
                <SequencePoint vc="1" uspid="2318" ordinal="4" offset="40" sl="1730" sc="11" el="1730" ec="42" bec="0" bev="0" fileid="55" />
                <SequencePoint vc="1" uspid="2319" ordinal="5" offset="42" sl="1731" sc="11" el="1731" ec="74" bec="0" bev="0" fileid="55" />
                <SequencePoint vc="1" uspid="2320" ordinal="6" offset="62" sl="1733" sc="11" el="1733" ec="28" bec="2" bev="1" fileid="55" />
                <SequencePoint vc="0" uspid="2321" ordinal="7" offset="71" sl="1734" sc="13" el="1734" ec="60" bec="0" bev="0" fileid="55" />
                <SequencePoint vc="1" uspid="2322" ordinal="8" offset="84" sl="1735" sc="9" el="1735" ec="10" bec="0" bev="0" fileid="55" />
                <SequencePoint vc="0" uspid="2323" ordinal="9" offset="86" sl="1736" sc="9" el="1736" ec="28" bec="0" bev="0" fileid="55" />
                <SequencePoint vc="0" uspid="2324" ordinal="10" offset="88" sl="1738" sc="11" el="1738" ec="97" bec="0" bev="0" fileid="55" />
                <SequencePoint vc="0" uspid="2325" ordinal="11" offset="119" sl="1739" sc="11" el="1739" ec="32" bec="0" bev="0" fileid="55" />
                <SequencePoint vc="0" uspid="2326" ordinal="12" offset="126" sl="1740" sc="9" el="1740" ec="10" bec="0" bev="0" fileid="55" />
                <SequencePoint vc="1" uspid="2327" ordinal="13" offset="128" sl="1743" sc="7" el="1743" ec="57" bec="2" bev="1" fileid="55" />
                <SequencePoint vc="1" uspid="2328" ordinal="14" offset="141" sl="1744" sc="9" el="1744" ec="123" bec="2" bev="1" fileid="55" />
                <SequencePoint vc="1" uspid="2329" ordinal="15" offset="180" sl="1745" sc="5" el="1745" ec="6" bec="0" bev="0" fileid="55" />
              </SequencePoints>
              <BranchPoints>
                <BranchPoint vc="1" uspid="2330" ordinal="0" offset="12" sl="1723" path="0" offsetend="14" fileid="55" />
                <BranchPoint vc="0" uspid="2331" ordinal="1" offset="12" sl="1723" path="1" offsetend="128" fileid="55" />
                <BranchPoint vc="0" uspid="2332" ordinal="2" offset="69" sl="1733" path="0" offsetend="71" fileid="55" />
                <BranchPoint vc="1" uspid="2333" ordinal="3" offset="69" sl="1733" path="1" offsetend="84" fileid="55" />
                <BranchPoint vc="1" uspid="2334" ordinal="4" offset="139" sl="1743" path="0" offsetend="141" fileid="55" />
                <BranchPoint vc="0" uspid="2335" ordinal="5" offset="139" sl="1743" path="1" offsetend="180" fileid="55" />
                <BranchPoint vc="0" uspid="2336" ordinal="6" offset="158" sl="1744" path="0" offsetend="160" fileid="55" />
                <BranchPoint vc="1" uspid="2337" ordinal="7" offset="158" sl="1744" path="1" offsetend="163" fileid="55" />
              </BranchPoints>
              <MethodPoint xsi:type="SequencePoint" vc="1" uspid="2314" ordinal="0" offset="0" sl="1722" sc="7" el="1722" ec="69" bec="0" bev="0" fileid="55" />
            </Method>
            <Method visited="true" cyclomaticComplexity="7" nPathComplexity="64" sequenceCoverage="75" branchCoverage="53.85" isConstructor="false" isStatic="false" isGetter="false" isSetter="false">
              <Summary numSequencePoints="24" visitedSequencePoints="18" numBranchPoints="13" visitedBranchPoints="7" sequenceCoverage="75" branchCoverage="53.85" maxCyclomaticComplexity="7" minCyclomaticComplexity="7" visitedClasses="0" numClasses="0" visitedMethods="1" numMethods="1" />
              <MetadataToken>100664062</MetadataToken>
              <Name>System.Boolean IBM.Watson.DeveloperCloud.Services.VisualRecognition.v3.VisualRecognition::DeleteCollectionImage(IBM.Watson.DeveloperCloud.Services.VisualRecognition.v3.VisualRecognition/OnDeleteCollectionImage,System.String,System.String,System.String)</Name>
              <FileRef uid="55" />
              <SequencePoints>
                <SequencePoint vc="1" uspid="2338" ordinal="0" offset="0" sl="1759" sc="7" el="1759" ec="28" bec="2" bev="1" fileid="55" />
                <SequencePoint vc="0" uspid="2339" ordinal="1" offset="3" sl="1760" sc="9" el="1760" ec="53" bec="0" bev="0" fileid="55" />
                <SequencePoint vc="1" uspid="2340" ordinal="2" offset="14" sl="1761" sc="7" el="1761" ec="46" bec="2" bev="1" fileid="55" />
                <SequencePoint vc="0" uspid="2341" ordinal="3" offset="22" sl="1762" sc="9" el="1762" ec="57" bec="0" bev="0" fileid="55" />
                <SequencePoint vc="1" uspid="2342" ordinal="4" offset="33" sl="1763" sc="7" el="1763" ec="41" bec="2" bev="1" fileid="55" />
                <SequencePoint vc="0" uspid="2343" ordinal="5" offset="41" sl="1764" sc="9" el="1764" ec="52" bec="0" bev="0" fileid="55" />
                <SequencePoint vc="1" uspid="2344" ordinal="6" offset="52" sl="1765" sc="7" el="1765" ec="43" bec="2" bev="1" fileid="55" />
                <SequencePoint vc="0" uspid="2345" ordinal="7" offset="64" sl="1766" sc="9" el="1766" ec="59" bec="0" bev="0" fileid="55" />
                <SequencePoint vc="1" uspid="2346" ordinal="8" offset="84" sl="1767" sc="7" el="1767" ec="43" bec="2" bev="1" fileid="55" />
                <SequencePoint vc="0" uspid="2347" ordinal="9" offset="96" sl="1768" sc="9" el="1768" ec="60" bec="0" bev="0" fileid="55" />
                <SequencePoint vc="1" uspid="2348" ordinal="10" offset="107" sl="1770" sc="7" el="1770" ec="136" bec="0" bev="0" fileid="55" />
                <SequencePoint vc="1" uspid="2349" ordinal="11" offset="131" sl="1771" sc="7" el="1771" ec="29" bec="2" bev="1" fileid="55" />
                <SequencePoint vc="0" uspid="2350" ordinal="12" offset="134" sl="1772" sc="9" el="1772" ec="22" bec="0" bev="0" fileid="55" />
                <SequencePoint vc="1" uspid="2351" ordinal="13" offset="136" sl="1774" sc="7" el="1774" ec="69" bec="0" bev="0" fileid="55" />
                <SequencePoint vc="1" uspid="2352" ordinal="14" offset="142" sl="1775" sc="7" el="1775" ec="31" bec="0" bev="0" fileid="55" />
                <SequencePoint vc="1" uspid="2353" ordinal="15" offset="149" sl="1776" sc="7" el="1776" ec="39" bec="0" bev="0" fileid="55" />
                <SequencePoint vc="1" uspid="2354" ordinal="16" offset="156" sl="1777" sc="7" el="1777" ec="29" bec="0" bev="0" fileid="55" />
                <SequencePoint vc="1" uspid="2355" ordinal="17" offset="163" sl="1778" sc="7" el="1778" ec="29" bec="0" bev="0" fileid="55" />
                <SequencePoint vc="1" uspid="2356" ordinal="18" offset="171" sl="1779" sc="7" el="1779" ec="45" bec="0" bev="0" fileid="55" />
                <SequencePoint vc="1" uspid="2357" ordinal="19" offset="192" sl="1780" sc="7" el="1780" ec="68" bec="0" bev="0" fileid="55" />
                <SequencePoint vc="1" uspid="2358" ordinal="20" offset="213" sl="1781" sc="7" el="1781" ec="25" bec="0" bev="0" fileid="55" />
                <SequencePoint vc="1" uspid="2359" ordinal="21" offset="220" sl="1782" sc="7" el="1782" ec="35" bec="0" bev="0" fileid="55" />
                <SequencePoint vc="1" uspid="2360" ordinal="22" offset="231" sl="1783" sc="7" el="1783" ec="52" bec="0" bev="0" fileid="55" />
                <SequencePoint vc="1" uspid="2361" ordinal="23" offset="249" sl="1785" sc="7" el="1785" ec="34" bec="0" bev="0" fileid="55" />
              </SequencePoints>
              <BranchPoints>
                <BranchPoint vc="0" uspid="2362" ordinal="0" offset="1" sl="1759" path="0" offsetend="3" fileid="55" />
                <BranchPoint vc="1" uspid="2363" ordinal="1" offset="1" sl="1759" path="1" offsetend="14" fileid="55" />
                <BranchPoint vc="0" uspid="2364" ordinal="2" offset="20" sl="1761" path="0" offsetend="22" fileid="55" />
                <BranchPoint vc="1" uspid="2365" ordinal="3" offset="20" sl="1761" path="1" offsetend="33" fileid="55" />
                <BranchPoint vc="0" uspid="2366" ordinal="4" offset="39" sl="1763" path="0" offsetend="41" fileid="55" />
                <BranchPoint vc="1" uspid="2367" ordinal="5" offset="39" sl="1763" path="1" offsetend="52" fileid="55" />
                <BranchPoint vc="0" uspid="2368" ordinal="6" offset="62" sl="1765" path="0" offsetend="64" fileid="55" />
                <BranchPoint vc="1" uspid="2369" ordinal="7" offset="62" sl="1765" path="1" offsetend="84" fileid="55" />
                <BranchPoint vc="0" uspid="2370" ordinal="8" offset="94" sl="1767" path="0" offsetend="96" fileid="55" />
                <BranchPoint vc="1" uspid="2371" ordinal="9" offset="94" sl="1767" path="1" offsetend="107" fileid="55" />
                <BranchPoint vc="0" uspid="2372" ordinal="10" offset="132" sl="1771" path="0" offsetend="134" fileid="55" />
                <BranchPoint vc="1" uspid="2373" ordinal="11" offset="132" sl="1771" path="1" offsetend="136" fileid="55" />
              </BranchPoints>
              <MethodPoint xsi:type="SequencePoint" vc="1" uspid="2338" ordinal="0" offset="0" sl="1759" sc="7" el="1759" ec="28" bec="2" bev="1" fileid="55" />
            </Method>
            <Method visited="true" cyclomaticComplexity="2" nPathComplexity="2" sequenceCoverage="100" branchCoverage="66.67" isConstructor="false" isStatic="false" isGetter="false" isSetter="false">
              <Summary numSequencePoints="3" visitedSequencePoints="3" numBranchPoints="3" visitedBranchPoints="2" sequenceCoverage="100" branchCoverage="66.67" maxCyclomaticComplexity="2" minCyclomaticComplexity="2" visitedClasses="0" numClasses="0" visitedMethods="1" numMethods="1" />
              <MetadataToken>100664063</MetadataToken>
              <Name>System.Void IBM.Watson.DeveloperCloud.Services.VisualRecognition.v3.VisualRecognition::OnDeleteCollectionImageResp(IBM.Watson.DeveloperCloud.Connection.RESTConnector/Request,IBM.Watson.DeveloperCloud.Connection.RESTConnector/Response)</Name>
              <FileRef uid="55" />
              <SequencePoints>
                <SequencePoint vc="1" uspid="2374" ordinal="0" offset="0" sl="1810" sc="7" el="1810" ec="60" bec="2" bev="1" fileid="55" />
                <SequencePoint vc="1" uspid="2375" ordinal="1" offset="13" sl="1811" sc="9" el="1811" ec="102" bec="0" bev="0" fileid="55" />
                <SequencePoint vc="1" uspid="2376" ordinal="2" offset="46" sl="1812" sc="5" el="1812" ec="6" bec="0" bev="0" fileid="55" />
              </SequencePoints>
              <BranchPoints>
                <BranchPoint vc="1" uspid="2377" ordinal="0" offset="11" sl="1810" path="0" offsetend="13" fileid="55" />
                <BranchPoint vc="0" uspid="2378" ordinal="1" offset="11" sl="1810" path="1" offsetend="46" fileid="55" />
              </BranchPoints>
              <MethodPoint xsi:type="SequencePoint" vc="1" uspid="2374" ordinal="0" offset="0" sl="1810" sc="7" el="1810" ec="60" bec="2" bev="1" fileid="55" />
            </Method>
            <Method visited="true" cyclomaticComplexity="7" nPathComplexity="64" sequenceCoverage="73.91" branchCoverage="53.85" isConstructor="false" isStatic="false" isGetter="false" isSetter="false">
              <Summary numSequencePoints="23" visitedSequencePoints="17" numBranchPoints="13" visitedBranchPoints="7" sequenceCoverage="73.91" branchCoverage="53.85" maxCyclomaticComplexity="7" minCyclomaticComplexity="7" visitedClasses="0" numClasses="0" visitedMethods="1" numMethods="1" />
              <MetadataToken>100664064</MetadataToken>
              <Name>System.Boolean IBM.Watson.DeveloperCloud.Services.VisualRecognition.v3.VisualRecognition::GetImage(IBM.Watson.DeveloperCloud.Services.VisualRecognition.v3.VisualRecognition/OnGetImageDetails,System.String,System.String,System.String)</Name>
              <FileRef uid="55" />
              <SequencePoints>
                <SequencePoint vc="1" uspid="2379" ordinal="0" offset="0" sl="1825" sc="7" el="1825" ec="28" bec="2" bev="1" fileid="55" />
                <SequencePoint vc="0" uspid="2380" ordinal="1" offset="3" sl="1826" sc="9" el="1826" ec="53" bec="0" bev="0" fileid="55" />
                <SequencePoint vc="1" uspid="2381" ordinal="2" offset="14" sl="1827" sc="7" el="1827" ec="46" bec="2" bev="1" fileid="55" />
                <SequencePoint vc="0" uspid="2382" ordinal="3" offset="22" sl="1828" sc="9" el="1828" ec="55" bec="0" bev="0" fileid="55" />
                <SequencePoint vc="1" uspid="2383" ordinal="4" offset="29" sl="1829" sc="7" el="1829" ec="41" bec="2" bev="1" fileid="55" />
                <SequencePoint vc="0" uspid="2384" ordinal="5" offset="37" sl="1830" sc="9" el="1830" ec="50" bec="0" bev="0" fileid="55" />
                <SequencePoint vc="1" uspid="2385" ordinal="6" offset="44" sl="1831" sc="7" el="1831" ec="43" bec="2" bev="1" fileid="55" />
                <SequencePoint vc="0" uspid="2386" ordinal="7" offset="56" sl="1832" sc="9" el="1832" ec="59" bec="0" bev="0" fileid="55" />
                <SequencePoint vc="1" uspid="2387" ordinal="8" offset="76" sl="1833" sc="7" el="1833" ec="43" bec="2" bev="1" fileid="55" />
                <SequencePoint vc="0" uspid="2388" ordinal="9" offset="88" sl="1834" sc="9" el="1834" ec="60" bec="0" bev="0" fileid="55" />
                <SequencePoint vc="1" uspid="2389" ordinal="10" offset="99" sl="1836" sc="7" el="1836" ec="136" bec="0" bev="0" fileid="55" />
                <SequencePoint vc="1" uspid="2390" ordinal="11" offset="123" sl="1837" sc="7" el="1837" ec="29" bec="2" bev="1" fileid="55" />
                <SequencePoint vc="0" uspid="2391" ordinal="12" offset="126" sl="1838" sc="9" el="1838" ec="22" bec="0" bev="0" fileid="55" />
                <SequencePoint vc="1" uspid="2392" ordinal="13" offset="128" sl="1840" sc="7" el="1840" ec="63" bec="0" bev="0" fileid="55" />
                <SequencePoint vc="1" uspid="2393" ordinal="14" offset="134" sl="1841" sc="7" el="1841" ec="31" bec="0" bev="0" fileid="55" />
                <SequencePoint vc="1" uspid="2394" ordinal="15" offset="141" sl="1842" sc="7" el="1842" ec="29" bec="0" bev="0" fileid="55" />
                <SequencePoint vc="1" uspid="2395" ordinal="16" offset="149" sl="1843" sc="7" el="1843" ec="39" bec="0" bev="0" fileid="55" />
                <SequencePoint vc="1" uspid="2396" ordinal="17" offset="156" sl="1844" sc="7" el="1844" ec="29" bec="0" bev="0" fileid="55" />
                <SequencePoint vc="1" uspid="2397" ordinal="18" offset="163" sl="1845" sc="7" el="1845" ec="45" bec="0" bev="0" fileid="55" />
                <SequencePoint vc="1" uspid="2398" ordinal="19" offset="184" sl="1846" sc="7" el="1846" ec="68" bec="0" bev="0" fileid="55" />
                <SequencePoint vc="1" uspid="2399" ordinal="20" offset="205" sl="1847" sc="7" el="1847" ec="35" bec="0" bev="0" fileid="55" />
                <SequencePoint vc="1" uspid="2400" ordinal="21" offset="216" sl="1848" sc="7" el="1848" ec="49" bec="0" bev="0" fileid="55" />
                <SequencePoint vc="1" uspid="2401" ordinal="22" offset="234" sl="1850" sc="7" el="1850" ec="34" bec="0" bev="0" fileid="55" />
              </SequencePoints>
              <BranchPoints>
                <BranchPoint vc="0" uspid="2402" ordinal="0" offset="1" sl="1825" path="0" offsetend="3" fileid="55" />
                <BranchPoint vc="1" uspid="2403" ordinal="1" offset="1" sl="1825" path="1" offsetend="14" fileid="55" />
                <BranchPoint vc="0" uspid="2404" ordinal="2" offset="20" sl="1827" path="0" offsetend="22" fileid="55" />
                <BranchPoint vc="1" uspid="2405" ordinal="3" offset="20" sl="1827" path="1" offsetend="29" fileid="55" />
                <BranchPoint vc="0" uspid="2406" ordinal="4" offset="35" sl="1829" path="0" offsetend="37" fileid="55" />
                <BranchPoint vc="1" uspid="2407" ordinal="5" offset="35" sl="1829" path="1" offsetend="44" fileid="55" />
                <BranchPoint vc="0" uspid="2408" ordinal="6" offset="54" sl="1831" path="0" offsetend="56" fileid="55" />
                <BranchPoint vc="1" uspid="2409" ordinal="7" offset="54" sl="1831" path="1" offsetend="76" fileid="55" />
                <BranchPoint vc="0" uspid="2410" ordinal="8" offset="86" sl="1833" path="0" offsetend="88" fileid="55" />
                <BranchPoint vc="1" uspid="2411" ordinal="9" offset="86" sl="1833" path="1" offsetend="99" fileid="55" />
                <BranchPoint vc="0" uspid="2412" ordinal="10" offset="124" sl="1837" path="0" offsetend="126" fileid="55" />
                <BranchPoint vc="1" uspid="2413" ordinal="11" offset="124" sl="1837" path="1" offsetend="128" fileid="55" />
              </BranchPoints>
              <MethodPoint xsi:type="SequencePoint" vc="1" uspid="2379" ordinal="0" offset="0" sl="1825" sc="7" el="1825" ec="28" bec="2" bev="1" fileid="55" />
            </Method>
            <Method visited="true" cyclomaticComplexity="6" nPathComplexity="16" sequenceCoverage="68.75" branchCoverage="55.56" isConstructor="false" isStatic="false" isGetter="false" isSetter="false">
              <Summary numSequencePoints="16" visitedSequencePoints="11" numBranchPoints="9" visitedBranchPoints="5" sequenceCoverage="68.75" branchCoverage="55.56" maxCyclomaticComplexity="6" minCyclomaticComplexity="6" visitedClasses="0" numClasses="0" visitedMethods="1" numMethods="1" />
              <MetadataToken>100664065</MetadataToken>
              <Name>System.Void IBM.Watson.DeveloperCloud.Services.VisualRecognition.v3.VisualRecognition::OnGetCollectionImageResp(IBM.Watson.DeveloperCloud.Connection.RESTConnector/Request,IBM.Watson.DeveloperCloud.Connection.RESTConnector/Response)</Name>
              <FileRef uid="55" />
              <SequencePoints>
                <SequencePoint vc="1" uspid="2414" ordinal="0" offset="0" sl="1875" sc="7" el="1875" ec="61" bec="0" bev="0" fileid="55" />
                <SequencePoint vc="1" uspid="2415" ordinal="1" offset="6" sl="1876" sc="7" el="1876" ec="24" bec="2" bev="1" fileid="55" />
                <SequencePoint vc="1" uspid="2416" ordinal="2" offset="14" sl="1880" sc="11" el="1880" ec="30" bec="0" bev="0" fileid="55" />
                <SequencePoint vc="1" uspid="2417" ordinal="3" offset="16" sl="1881" sc="11" el="1881" ec="89" bec="0" bev="0" fileid="55" />
                <SequencePoint vc="1" uspid="2418" ordinal="4" offset="40" sl="1883" sc="11" el="1883" ec="30" bec="0" bev="0" fileid="55" />
                <SequencePoint vc="1" uspid="2419" ordinal="5" offset="42" sl="1884" sc="11" el="1884" ec="74" bec="0" bev="0" fileid="55" />
                <SequencePoint vc="1" uspid="2420" ordinal="6" offset="62" sl="1886" sc="11" el="1886" ec="28" bec="2" bev="1" fileid="55" />
                <SequencePoint vc="0" uspid="2421" ordinal="7" offset="71" sl="1887" sc="13" el="1887" ec="60" bec="0" bev="0" fileid="55" />
                <SequencePoint vc="1" uspid="2422" ordinal="8" offset="84" sl="1888" sc="9" el="1888" ec="10" bec="0" bev="0" fileid="55" />
                <SequencePoint vc="0" uspid="2423" ordinal="9" offset="86" sl="1889" sc="9" el="1889" ec="28" bec="0" bev="0" fileid="55" />
                <SequencePoint vc="0" uspid="2424" ordinal="10" offset="88" sl="1891" sc="11" el="1891" ec="93" bec="0" bev="0" fileid="55" />
                <SequencePoint vc="0" uspid="2425" ordinal="11" offset="119" sl="1892" sc="11" el="1892" ec="32" bec="0" bev="0" fileid="55" />
                <SequencePoint vc="0" uspid="2426" ordinal="12" offset="126" sl="1893" sc="9" el="1893" ec="10" bec="0" bev="0" fileid="55" />
                <SequencePoint vc="1" uspid="2427" ordinal="13" offset="128" sl="1896" sc="7" el="1896" ec="57" bec="2" bev="1" fileid="55" />
                <SequencePoint vc="1" uspid="2428" ordinal="14" offset="141" sl="1897" sc="9" el="1897" ec="111" bec="2" bev="1" fileid="55" />
                <SequencePoint vc="1" uspid="2429" ordinal="15" offset="180" sl="1898" sc="5" el="1898" ec="6" bec="0" bev="0" fileid="55" />
              </SequencePoints>
              <BranchPoints>
                <BranchPoint vc="1" uspid="2430" ordinal="0" offset="12" sl="1876" path="0" offsetend="14" fileid="55" />
                <BranchPoint vc="0" uspid="2431" ordinal="1" offset="12" sl="1876" path="1" offsetend="128" fileid="55" />
                <BranchPoint vc="0" uspid="2432" ordinal="2" offset="69" sl="1886" path="0" offsetend="71" fileid="55" />
                <BranchPoint vc="1" uspid="2433" ordinal="3" offset="69" sl="1886" path="1" offsetend="84" fileid="55" />
                <BranchPoint vc="1" uspid="2434" ordinal="4" offset="139" sl="1896" path="0" offsetend="141" fileid="55" />
                <BranchPoint vc="0" uspid="2435" ordinal="5" offset="139" sl="1896" path="1" offsetend="180" fileid="55" />
                <BranchPoint vc="0" uspid="2436" ordinal="6" offset="158" sl="1897" path="0" offsetend="160" fileid="55" />
                <BranchPoint vc="1" uspid="2437" ordinal="7" offset="158" sl="1897" path="1" offsetend="163" fileid="55" />
              </BranchPoints>
              <MethodPoint xsi:type="SequencePoint" vc="1" uspid="2414" ordinal="0" offset="0" sl="1875" sc="7" el="1875" ec="61" bec="0" bev="0" fileid="55" />
            </Method>
            <Method visited="true" cyclomaticComplexity="7" nPathComplexity="64" sequenceCoverage="75" branchCoverage="53.85" isConstructor="false" isStatic="false" isGetter="false" isSetter="false">
              <Summary numSequencePoints="24" visitedSequencePoints="18" numBranchPoints="13" visitedBranchPoints="7" sequenceCoverage="75" branchCoverage="53.85" maxCyclomaticComplexity="7" minCyclomaticComplexity="7" visitedClasses="0" numClasses="0" visitedMethods="1" numMethods="1" />
              <MetadataToken>100664066</MetadataToken>
              <Name>System.Boolean IBM.Watson.DeveloperCloud.Services.VisualRecognition.v3.VisualRecognition::DeleteCollectionImageMetadata(IBM.Watson.DeveloperCloud.Services.VisualRecognition.v3.VisualRecognition/OnDeleteImageMetadata,System.String,System.String,System.String)</Name>
              <FileRef uid="55" />
              <SequencePoints>
                <SequencePoint vc="1" uspid="2438" ordinal="0" offset="0" sl="1912" sc="7" el="1912" ec="28" bec="2" bev="1" fileid="55" />
                <SequencePoint vc="0" uspid="2439" ordinal="1" offset="3" sl="1913" sc="9" el="1913" ec="53" bec="0" bev="0" fileid="55" />
                <SequencePoint vc="1" uspid="2440" ordinal="2" offset="14" sl="1914" sc="7" el="1914" ec="46" bec="2" bev="1" fileid="55" />
                <SequencePoint vc="0" uspid="2441" ordinal="3" offset="22" sl="1915" sc="9" el="1915" ec="57" bec="0" bev="0" fileid="55" />
                <SequencePoint vc="1" uspid="2442" ordinal="4" offset="33" sl="1916" sc="7" el="1916" ec="41" bec="2" bev="1" fileid="55" />
                <SequencePoint vc="0" uspid="2443" ordinal="5" offset="41" sl="1917" sc="9" el="1917" ec="52" bec="0" bev="0" fileid="55" />
                <SequencePoint vc="1" uspid="2444" ordinal="6" offset="52" sl="1918" sc="7" el="1918" ec="43" bec="2" bev="1" fileid="55" />
                <SequencePoint vc="0" uspid="2445" ordinal="7" offset="64" sl="1919" sc="9" el="1919" ec="59" bec="0" bev="0" fileid="55" />
                <SequencePoint vc="1" uspid="2446" ordinal="8" offset="84" sl="1920" sc="7" el="1920" ec="43" bec="2" bev="1" fileid="55" />
                <SequencePoint vc="0" uspid="2447" ordinal="9" offset="96" sl="1921" sc="9" el="1921" ec="60" bec="0" bev="0" fileid="55" />
                <SequencePoint vc="1" uspid="2448" ordinal="10" offset="107" sl="1923" sc="7" el="1923" ec="145" bec="0" bev="0" fileid="55" />
                <SequencePoint vc="1" uspid="2449" ordinal="11" offset="131" sl="1924" sc="7" el="1924" ec="29" bec="2" bev="1" fileid="55" />
                <SequencePoint vc="0" uspid="2450" ordinal="12" offset="134" sl="1925" sc="9" el="1925" ec="22" bec="0" bev="0" fileid="55" />
                <SequencePoint vc="1" uspid="2451" ordinal="13" offset="136" sl="1927" sc="7" el="1927" ec="85" bec="0" bev="0" fileid="55" />
                <SequencePoint vc="1" uspid="2452" ordinal="14" offset="142" sl="1928" sc="7" el="1928" ec="31" bec="0" bev="0" fileid="55" />
                <SequencePoint vc="1" uspid="2453" ordinal="15" offset="149" sl="1929" sc="7" el="1929" ec="39" bec="0" bev="0" fileid="55" />
                <SequencePoint vc="1" uspid="2454" ordinal="16" offset="156" sl="1930" sc="7" el="1930" ec="29" bec="0" bev="0" fileid="55" />
                <SequencePoint vc="1" uspid="2455" ordinal="17" offset="163" sl="1931" sc="7" el="1931" ec="29" bec="0" bev="0" fileid="55" />
                <SequencePoint vc="1" uspid="2456" ordinal="18" offset="171" sl="1932" sc="7" el="1932" ec="45" bec="0" bev="0" fileid="55" />
                <SequencePoint vc="1" uspid="2457" ordinal="19" offset="192" sl="1933" sc="7" el="1933" ec="68" bec="0" bev="0" fileid="55" />
                <SequencePoint vc="1" uspid="2458" ordinal="20" offset="213" sl="1934" sc="7" el="1934" ec="25" bec="0" bev="0" fileid="55" />
                <SequencePoint vc="1" uspid="2459" ordinal="21" offset="220" sl="1935" sc="7" el="1935" ec="35" bec="0" bev="0" fileid="55" />
                <SequencePoint vc="1" uspid="2460" ordinal="22" offset="231" sl="1936" sc="7" el="1936" ec="60" bec="0" bev="0" fileid="55" />
                <SequencePoint vc="1" uspid="2461" ordinal="23" offset="249" sl="1938" sc="7" el="1938" ec="34" bec="0" bev="0" fileid="55" />
              </SequencePoints>
              <BranchPoints>
                <BranchPoint vc="0" uspid="2462" ordinal="0" offset="1" sl="1912" path="0" offsetend="3" fileid="55" />
                <BranchPoint vc="1" uspid="2463" ordinal="1" offset="1" sl="1912" path="1" offsetend="14" fileid="55" />
                <BranchPoint vc="0" uspid="2464" ordinal="2" offset="20" sl="1914" path="0" offsetend="22" fileid="55" />
                <BranchPoint vc="1" uspid="2465" ordinal="3" offset="20" sl="1914" path="1" offsetend="33" fileid="55" />
                <BranchPoint vc="0" uspid="2466" ordinal="4" offset="39" sl="1916" path="0" offsetend="41" fileid="55" />
                <BranchPoint vc="1" uspid="2467" ordinal="5" offset="39" sl="1916" path="1" offsetend="52" fileid="55" />
                <BranchPoint vc="0" uspid="2468" ordinal="6" offset="62" sl="1918" path="0" offsetend="64" fileid="55" />
                <BranchPoint vc="1" uspid="2469" ordinal="7" offset="62" sl="1918" path="1" offsetend="84" fileid="55" />
                <BranchPoint vc="0" uspid="2470" ordinal="8" offset="94" sl="1920" path="0" offsetend="96" fileid="55" />
                <BranchPoint vc="1" uspid="2471" ordinal="9" offset="94" sl="1920" path="1" offsetend="107" fileid="55" />
                <BranchPoint vc="0" uspid="2472" ordinal="10" offset="132" sl="1924" path="0" offsetend="134" fileid="55" />
                <BranchPoint vc="1" uspid="2473" ordinal="11" offset="132" sl="1924" path="1" offsetend="136" fileid="55" />
              </BranchPoints>
              <MethodPoint xsi:type="SequencePoint" vc="1" uspid="2438" ordinal="0" offset="0" sl="1912" sc="7" el="1912" ec="28" bec="2" bev="1" fileid="55" />
            </Method>
            <Method visited="true" cyclomaticComplexity="2" nPathComplexity="2" sequenceCoverage="100" branchCoverage="66.67" isConstructor="false" isStatic="false" isGetter="false" isSetter="false">
              <Summary numSequencePoints="3" visitedSequencePoints="3" numBranchPoints="3" visitedBranchPoints="2" sequenceCoverage="100" branchCoverage="66.67" maxCyclomaticComplexity="2" minCyclomaticComplexity="2" visitedClasses="0" numClasses="0" visitedMethods="1" numMethods="1" />
              <MetadataToken>100664067</MetadataToken>
              <Name>System.Void IBM.Watson.DeveloperCloud.Services.VisualRecognition.v3.VisualRecognition::OnDeleteCollectionImageMetadataResp(IBM.Watson.DeveloperCloud.Connection.RESTConnector/Request,IBM.Watson.DeveloperCloud.Connection.RESTConnector/Response)</Name>
              <FileRef uid="55" />
              <SequencePoints>
                <SequencePoint vc="1" uspid="2474" ordinal="0" offset="0" sl="1963" sc="7" el="1963" ec="68" bec="2" bev="1" fileid="55" />
                <SequencePoint vc="1" uspid="2475" ordinal="1" offset="13" sl="1964" sc="9" el="1964" ec="118" bec="0" bev="0" fileid="55" />
                <SequencePoint vc="1" uspid="2476" ordinal="2" offset="46" sl="1965" sc="5" el="1965" ec="6" bec="0" bev="0" fileid="55" />
              </SequencePoints>
              <BranchPoints>
                <BranchPoint vc="1" uspid="2477" ordinal="0" offset="11" sl="1963" path="0" offsetend="13" fileid="55" />
                <BranchPoint vc="0" uspid="2478" ordinal="1" offset="11" sl="1963" path="1" offsetend="46" fileid="55" />
              </BranchPoints>
              <MethodPoint xsi:type="SequencePoint" vc="1" uspid="2474" ordinal="0" offset="0" sl="1963" sc="7" el="1963" ec="68" bec="2" bev="1" fileid="55" />
            </Method>
            <Method visited="true" cyclomaticComplexity="7" nPathComplexity="64" sequenceCoverage="73.91" branchCoverage="53.85" isConstructor="false" isStatic="false" isGetter="false" isSetter="false">
              <Summary numSequencePoints="23" visitedSequencePoints="17" numBranchPoints="13" visitedBranchPoints="7" sequenceCoverage="73.91" branchCoverage="53.85" maxCyclomaticComplexity="7" minCyclomaticComplexity="7" visitedClasses="0" numClasses="0" visitedMethods="1" numMethods="1" />
              <MetadataToken>100664068</MetadataToken>
              <Name>System.Boolean IBM.Watson.DeveloperCloud.Services.VisualRecognition.v3.VisualRecognition::GetMetadata(IBM.Watson.DeveloperCloud.Services.VisualRecognition.v3.VisualRecognition/OnGetImageMetadata,System.String,System.String,System.String)</Name>
              <FileRef uid="55" />
              <SequencePoints>
                <SequencePoint vc="1" uspid="2479" ordinal="0" offset="0" sl="1979" sc="7" el="1979" ec="28" bec="2" bev="1" fileid="55" />
                <SequencePoint vc="0" uspid="2480" ordinal="1" offset="3" sl="1980" sc="9" el="1980" ec="53" bec="0" bev="0" fileid="55" />
                <SequencePoint vc="1" uspid="2481" ordinal="2" offset="14" sl="1981" sc="7" el="1981" ec="46" bec="2" bev="1" fileid="55" />
                <SequencePoint vc="0" uspid="2482" ordinal="3" offset="22" sl="1982" sc="9" el="1982" ec="55" bec="0" bev="0" fileid="55" />
                <SequencePoint vc="1" uspid="2483" ordinal="4" offset="29" sl="1983" sc="7" el="1983" ec="41" bec="2" bev="1" fileid="55" />
                <SequencePoint vc="0" uspid="2484" ordinal="5" offset="37" sl="1984" sc="9" el="1984" ec="50" bec="0" bev="0" fileid="55" />
                <SequencePoint vc="1" uspid="2485" ordinal="6" offset="44" sl="1985" sc="7" el="1985" ec="43" bec="2" bev="1" fileid="55" />
                <SequencePoint vc="0" uspid="2486" ordinal="7" offset="56" sl="1986" sc="9" el="1986" ec="59" bec="0" bev="0" fileid="55" />
                <SequencePoint vc="1" uspid="2487" ordinal="8" offset="76" sl="1987" sc="7" el="1987" ec="43" bec="2" bev="1" fileid="55" />
                <SequencePoint vc="0" uspid="2488" ordinal="9" offset="88" sl="1988" sc="9" el="1988" ec="60" bec="0" bev="0" fileid="55" />
                <SequencePoint vc="1" uspid="2489" ordinal="10" offset="99" sl="1990" sc="7" el="1990" ec="145" bec="0" bev="0" fileid="55" />
                <SequencePoint vc="1" uspid="2490" ordinal="11" offset="123" sl="1991" sc="7" el="1991" ec="29" bec="2" bev="1" fileid="55" />
                <SequencePoint vc="0" uspid="2491" ordinal="12" offset="126" sl="1992" sc="9" el="1992" ec="22" bec="0" bev="0" fileid="55" />
                <SequencePoint vc="1" uspid="2492" ordinal="13" offset="128" sl="1994" sc="7" el="1994" ec="79" bec="0" bev="0" fileid="55" />
                <SequencePoint vc="1" uspid="2493" ordinal="14" offset="134" sl="1995" sc="7" el="1995" ec="31" bec="0" bev="0" fileid="55" />
                <SequencePoint vc="1" uspid="2494" ordinal="15" offset="141" sl="1996" sc="7" el="1996" ec="29" bec="0" bev="0" fileid="55" />
                <SequencePoint vc="1" uspid="2495" ordinal="16" offset="149" sl="1997" sc="7" el="1997" ec="39" bec="0" bev="0" fileid="55" />
                <SequencePoint vc="1" uspid="2496" ordinal="17" offset="156" sl="1998" sc="7" el="1998" ec="29" bec="0" bev="0" fileid="55" />
                <SequencePoint vc="1" uspid="2497" ordinal="18" offset="163" sl="1999" sc="7" el="1999" ec="45" bec="0" bev="0" fileid="55" />
                <SequencePoint vc="1" uspid="2498" ordinal="19" offset="184" sl="2000" sc="7" el="2000" ec="68" bec="0" bev="0" fileid="55" />
                <SequencePoint vc="1" uspid="2499" ordinal="20" offset="205" sl="2001" sc="7" el="2001" ec="35" bec="0" bev="0" fileid="55" />
                <SequencePoint vc="1" uspid="2500" ordinal="21" offset="216" sl="2002" sc="7" el="2002" ec="57" bec="0" bev="0" fileid="55" />
                <SequencePoint vc="1" uspid="2501" ordinal="22" offset="234" sl="2004" sc="7" el="2004" ec="34" bec="0" bev="0" fileid="55" />
              </SequencePoints>
              <BranchPoints>
                <BranchPoint vc="0" uspid="2502" ordinal="0" offset="1" sl="1979" path="0" offsetend="3" fileid="55" />
                <BranchPoint vc="1" uspid="2503" ordinal="1" offset="1" sl="1979" path="1" offsetend="14" fileid="55" />
                <BranchPoint vc="0" uspid="2504" ordinal="2" offset="20" sl="1981" path="0" offsetend="22" fileid="55" />
                <BranchPoint vc="1" uspid="2505" ordinal="3" offset="20" sl="1981" path="1" offsetend="29" fileid="55" />
                <BranchPoint vc="0" uspid="2506" ordinal="4" offset="35" sl="1983" path="0" offsetend="37" fileid="55" />
                <BranchPoint vc="1" uspid="2507" ordinal="5" offset="35" sl="1983" path="1" offsetend="44" fileid="55" />
                <BranchPoint vc="0" uspid="2508" ordinal="6" offset="54" sl="1985" path="0" offsetend="56" fileid="55" />
                <BranchPoint vc="1" uspid="2509" ordinal="7" offset="54" sl="1985" path="1" offsetend="76" fileid="55" />
                <BranchPoint vc="0" uspid="2510" ordinal="8" offset="86" sl="1987" path="0" offsetend="88" fileid="55" />
                <BranchPoint vc="1" uspid="2511" ordinal="9" offset="86" sl="1987" path="1" offsetend="99" fileid="55" />
                <BranchPoint vc="0" uspid="2512" ordinal="10" offset="124" sl="1991" path="0" offsetend="126" fileid="55" />
                <BranchPoint vc="1" uspid="2513" ordinal="11" offset="124" sl="1991" path="1" offsetend="128" fileid="55" />
              </BranchPoints>
              <MethodPoint xsi:type="SequencePoint" vc="1" uspid="2479" ordinal="0" offset="0" sl="1979" sc="7" el="1979" ec="28" bec="2" bev="1" fileid="55" />
            </Method>
            <Method visited="true" cyclomaticComplexity="6" nPathComplexity="16" sequenceCoverage="68.75" branchCoverage="55.56" isConstructor="false" isStatic="false" isGetter="false" isSetter="false">
              <Summary numSequencePoints="16" visitedSequencePoints="11" numBranchPoints="9" visitedBranchPoints="5" sequenceCoverage="68.75" branchCoverage="55.56" maxCyclomaticComplexity="6" minCyclomaticComplexity="6" visitedClasses="0" numClasses="0" visitedMethods="1" numMethods="1" />
              <MetadataToken>100664069</MetadataToken>
              <Name>System.Void IBM.Watson.DeveloperCloud.Services.VisualRecognition.v3.VisualRecognition::OnGetCollectionImageMetadataResp(IBM.Watson.DeveloperCloud.Connection.RESTConnector/Request,IBM.Watson.DeveloperCloud.Connection.RESTConnector/Response)</Name>
              <FileRef uid="55" />
              <SequencePoints>
                <SequencePoint vc="1" uspid="2514" ordinal="0" offset="0" sl="2029" sc="7" el="2029" ec="61" bec="0" bev="0" fileid="55" />
                <SequencePoint vc="1" uspid="2515" ordinal="1" offset="6" sl="2030" sc="7" el="2030" ec="24" bec="2" bev="1" fileid="55" />
                <SequencePoint vc="1" uspid="2516" ordinal="2" offset="14" sl="2034" sc="11" el="2034" ec="30" bec="0" bev="0" fileid="55" />
                <SequencePoint vc="1" uspid="2517" ordinal="3" offset="16" sl="2035" sc="11" el="2035" ec="89" bec="0" bev="0" fileid="55" />
                <SequencePoint vc="1" uspid="2518" ordinal="4" offset="40" sl="2037" sc="11" el="2037" ec="30" bec="0" bev="0" fileid="55" />
                <SequencePoint vc="1" uspid="2519" ordinal="5" offset="42" sl="2038" sc="11" el="2038" ec="74" bec="0" bev="0" fileid="55" />
                <SequencePoint vc="1" uspid="2520" ordinal="6" offset="62" sl="2040" sc="11" el="2040" ec="28" bec="2" bev="1" fileid="55" />
                <SequencePoint vc="0" uspid="2521" ordinal="7" offset="71" sl="2041" sc="13" el="2041" ec="60" bec="0" bev="0" fileid="55" />
                <SequencePoint vc="1" uspid="2522" ordinal="8" offset="84" sl="2042" sc="9" el="2042" ec="10" bec="0" bev="0" fileid="55" />
                <SequencePoint vc="0" uspid="2523" ordinal="9" offset="86" sl="2043" sc="9" el="2043" ec="28" bec="0" bev="0" fileid="55" />
                <SequencePoint vc="0" uspid="2524" ordinal="10" offset="88" sl="2045" sc="11" el="2045" ec="93" bec="0" bev="0" fileid="55" />
                <SequencePoint vc="0" uspid="2525" ordinal="11" offset="119" sl="2046" sc="11" el="2046" ec="32" bec="0" bev="0" fileid="55" />
                <SequencePoint vc="0" uspid="2526" ordinal="12" offset="126" sl="2047" sc="9" el="2047" ec="10" bec="0" bev="0" fileid="55" />
                <SequencePoint vc="1" uspid="2527" ordinal="13" offset="128" sl="2050" sc="7" el="2050" ec="65" bec="2" bev="1" fileid="55" />
                <SequencePoint vc="1" uspid="2528" ordinal="14" offset="141" sl="2051" sc="9" el="2051" ec="127" bec="2" bev="1" fileid="55" />
                <SequencePoint vc="1" uspid="2529" ordinal="15" offset="180" sl="2052" sc="5" el="2052" ec="6" bec="0" bev="0" fileid="55" />
              </SequencePoints>
              <BranchPoints>
                <BranchPoint vc="1" uspid="2530" ordinal="0" offset="12" sl="2030" path="0" offsetend="14" fileid="55" />
                <BranchPoint vc="0" uspid="2531" ordinal="1" offset="12" sl="2030" path="1" offsetend="128" fileid="55" />
                <BranchPoint vc="0" uspid="2532" ordinal="2" offset="69" sl="2040" path="0" offsetend="71" fileid="55" />
                <BranchPoint vc="1" uspid="2533" ordinal="3" offset="69" sl="2040" path="1" offsetend="84" fileid="55" />
                <BranchPoint vc="1" uspid="2534" ordinal="4" offset="139" sl="2050" path="0" offsetend="141" fileid="55" />
                <BranchPoint vc="0" uspid="2535" ordinal="5" offset="139" sl="2050" path="1" offsetend="180" fileid="55" />
                <BranchPoint vc="0" uspid="2536" ordinal="6" offset="158" sl="2051" path="0" offsetend="160" fileid="55" />
                <BranchPoint vc="1" uspid="2537" ordinal="7" offset="158" sl="2051" path="1" offsetend="163" fileid="55" />
              </BranchPoints>
              <MethodPoint xsi:type="SequencePoint" vc="1" uspid="2514" ordinal="0" offset="0" sl="2029" sc="7" el="2029" ec="61" bec="0" bev="0" fileid="55" />
            </Method>
            <Method visited="true" cyclomaticComplexity="9" nPathComplexity="256" sequenceCoverage="57.89" branchCoverage="52.94" isConstructor="false" isStatic="false" isGetter="false" isSetter="false">
              <Summary numSequencePoints="19" visitedSequencePoints="11" numBranchPoints="17" visitedBranchPoints="9" sequenceCoverage="57.89" branchCoverage="52.94" maxCyclomaticComplexity="9" minCyclomaticComplexity="9" visitedClasses="0" numClasses="0" visitedMethods="1" numMethods="1" />
              <MetadataToken>100664070</MetadataToken>
              <Name>System.Boolean IBM.Watson.DeveloperCloud.Services.VisualRecognition.v3.VisualRecognition::FindSimilar(IBM.Watson.DeveloperCloud.Services.VisualRecognition.v3.VisualRecognition/OnFindSimilar,System.String,System.String,System.Int32,System.String)</Name>
              <FileRef uid="55" />
              <SequencePoints>
                <SequencePoint vc="1" uspid="2538" ordinal="0" offset="0" sl="2067" sc="7" el="2067" ec="28" bec="2" bev="1" fileid="55" />
                <SequencePoint vc="0" uspid="2539" ordinal="1" offset="3" sl="2068" sc="9" el="2068" ec="53" bec="0" bev="0" fileid="55" />
                <SequencePoint vc="1" uspid="2540" ordinal="2" offset="14" sl="2069" sc="7" el="2069" ec="46" bec="2" bev="1" fileid="55" />
                <SequencePoint vc="0" uspid="2541" ordinal="3" offset="22" sl="2070" sc="9" el="2070" ec="57" bec="0" bev="0" fileid="55" />
                <SequencePoint vc="1" uspid="2542" ordinal="4" offset="33" sl="2071" sc="7" el="2071" ec="43" bec="2" bev="1" fileid="55" />
                <SequencePoint vc="0" uspid="2543" ordinal="5" offset="41" sl="2072" sc="9" el="2072" ec="54" bec="0" bev="0" fileid="55" />
                <SequencePoint vc="1" uspid="2544" ordinal="6" offset="52" sl="2073" sc="7" el="2073" ec="43" bec="2" bev="1" fileid="55" />
                <SequencePoint vc="0" uspid="2545" ordinal="7" offset="64" sl="2074" sc="9" el="2074" ec="59" bec="0" bev="0" fileid="55" />
                <SequencePoint vc="1" uspid="2546" ordinal="8" offset="84" sl="2075" sc="7" el="2075" ec="43" bec="2" bev="1" fileid="55" />
                <SequencePoint vc="0" uspid="2547" ordinal="9" offset="96" sl="2076" sc="9" el="2076" ec="60" bec="0" bev="0" fileid="55" />
                <SequencePoint vc="1" uspid="2548" ordinal="10" offset="107" sl="2078" sc="7" el="2078" ec="31" bec="0" bev="0" fileid="55" />
                <SequencePoint vc="1" uspid="2549" ordinal="11" offset="109" sl="2079" sc="7" el="2079" ec="44" bec="2" bev="1" fileid="55" />
                <SequencePoint vc="1" uspid="2550" ordinal="12" offset="117" sl="2081" sc="9" el="2081" ec="30" bec="2" bev="1" fileid="55" />
                <SequencePoint vc="0" uspid="2551" ordinal="13" offset="125" sl="2083" sc="11" el="2083" ec="43" bec="0" bev="0" fileid="55" />
                <SequencePoint vc="0" uspid="2552" ordinal="14" offset="138" sl="2084" sc="9" el="2084" ec="10" bec="0" bev="0" fileid="55" />
                <SequencePoint vc="1" uspid="2553" ordinal="15" offset="140" sl="2088" sc="11" el="2088" ec="52" bec="0" bev="0" fileid="55" />
                <SequencePoint vc="1" uspid="2554" ordinal="16" offset="147" sl="2092" sc="9" el="2092" ec="31" bec="2" bev="1" fileid="55" />
                <SequencePoint vc="0" uspid="2555" ordinal="17" offset="150" sl="2093" sc="11" el="2093" ec="78" bec="0" bev="0" fileid="55" />
                <SequencePoint vc="1" uspid="2556" ordinal="18" offset="175" sl="2096" sc="7" el="2096" ec="80" bec="0" bev="0" fileid="55" />
              </SequencePoints>
              <BranchPoints>
                <BranchPoint vc="0" uspid="2557" ordinal="0" offset="1" sl="2067" path="0" offsetend="3" fileid="55" />
                <BranchPoint vc="1" uspid="2558" ordinal="1" offset="1" sl="2067" path="1" offsetend="14" fileid="55" />
                <BranchPoint vc="0" uspid="2559" ordinal="2" offset="20" sl="2069" path="0" offsetend="22" fileid="55" />
                <BranchPoint vc="1" uspid="2560" ordinal="3" offset="20" sl="2069" path="1" offsetend="33" fileid="55" />
                <BranchPoint vc="0" uspid="2561" ordinal="4" offset="39" sl="2071" path="0" offsetend="41" fileid="55" />
                <BranchPoint vc="1" uspid="2562" ordinal="5" offset="39" sl="2071" path="1" offsetend="52" fileid="55" />
                <BranchPoint vc="0" uspid="2563" ordinal="6" offset="62" sl="2073" path="0" offsetend="64" fileid="55" />
                <BranchPoint vc="1" uspid="2564" ordinal="7" offset="62" sl="2073" path="1" offsetend="84" fileid="55" />
                <BranchPoint vc="0" uspid="2565" ordinal="8" offset="94" sl="2075" path="0" offsetend="96" fileid="55" />
                <BranchPoint vc="1" uspid="2566" ordinal="9" offset="94" sl="2075" path="1" offsetend="107" fileid="55" />
                <BranchPoint vc="1" uspid="2567" ordinal="10" offset="115" sl="2079" path="0" offsetend="117" fileid="55" />
                <BranchPoint vc="0" uspid="2568" ordinal="11" offset="115" sl="2079" path="1" offsetend="175" fileid="55" />
                <BranchPoint vc="0" uspid="2569" ordinal="12" offset="123" sl="2081" path="0" offsetend="125" fileid="55" />
                <BranchPoint vc="1" uspid="2570" ordinal="13" offset="123" sl="2081" path="1" offsetend="140" fileid="55" />
                <BranchPoint vc="0" uspid="2571" ordinal="14" offset="148" sl="2092" path="0" offsetend="150" fileid="55" />
                <BranchPoint vc="1" uspid="2572" ordinal="15" offset="148" sl="2092" path="1" offsetend="175" fileid="55" />
              </BranchPoints>
              <MethodPoint xsi:type="SequencePoint" vc="1" uspid="2538" ordinal="0" offset="0" sl="2067" sc="7" el="2067" ec="28" bec="2" bev="1" fileid="55" />
            </Method>
            <Method visited="true" cyclomaticComplexity="7" nPathComplexity="64" sequenceCoverage="76.92" branchCoverage="53.85" isConstructor="false" isStatic="false" isGetter="false" isSetter="false">
              <Summary numSequencePoints="26" visitedSequencePoints="20" numBranchPoints="13" visitedBranchPoints="7" sequenceCoverage="76.92" branchCoverage="53.85" maxCyclomaticComplexity="7" minCyclomaticComplexity="7" visitedClasses="0" numClasses="0" visitedMethods="1" numMethods="1" />
              <MetadataToken>100664071</MetadataToken>
              <Name>System.Boolean IBM.Watson.DeveloperCloud.Services.VisualRecognition.v3.VisualRecognition::FindSimilar(IBM.Watson.DeveloperCloud.Services.VisualRecognition.v3.VisualRecognition/OnFindSimilar,System.String,System.Byte[],System.Int32,System.String)</Name>
              <FileRef uid="55" />
              <SequencePoints>
                <SequencePoint vc="1" uspid="2573" ordinal="0" offset="0" sl="2110" sc="7" el="2110" ec="28" bec="2" bev="1" fileid="55" />
                <SequencePoint vc="0" uspid="2574" ordinal="1" offset="3" sl="2111" sc="9" el="2111" ec="53" bec="0" bev="0" fileid="55" />
                <SequencePoint vc="1" uspid="2575" ordinal="2" offset="14" sl="2112" sc="7" el="2112" ec="46" bec="2" bev="1" fileid="55" />
                <SequencePoint vc="0" uspid="2576" ordinal="3" offset="22" sl="2113" sc="9" el="2113" ec="57" bec="0" bev="0" fileid="55" />
                <SequencePoint vc="1" uspid="2577" ordinal="4" offset="33" sl="2114" sc="7" el="2114" ec="40" bec="2" bev="1" fileid="55" />
                <SequencePoint vc="0" uspid="2578" ordinal="5" offset="36" sl="2115" sc="9" el="2115" ec="62" bec="0" bev="0" fileid="55" />
                <SequencePoint vc="1" uspid="2579" ordinal="6" offset="47" sl="2116" sc="7" el="2116" ec="43" bec="2" bev="1" fileid="55" />
                <SequencePoint vc="0" uspid="2580" ordinal="7" offset="59" sl="2117" sc="9" el="2117" ec="59" bec="0" bev="0" fileid="55" />
                <SequencePoint vc="1" uspid="2581" ordinal="8" offset="79" sl="2118" sc="7" el="2118" ec="43" bec="2" bev="1" fileid="55" />
                <SequencePoint vc="0" uspid="2582" ordinal="9" offset="91" sl="2119" sc="9" el="2119" ec="60" bec="0" bev="0" fileid="55" />
                <SequencePoint vc="1" uspid="2583" ordinal="10" offset="102" sl="2121" sc="7" el="2121" ec="134" bec="0" bev="0" fileid="55" />
                <SequencePoint vc="1" uspid="2584" ordinal="11" offset="125" sl="2122" sc="7" el="2122" ec="29" bec="2" bev="1" fileid="55" />
                <SequencePoint vc="0" uspid="2585" ordinal="12" offset="128" sl="2123" sc="9" el="2123" ec="22" bec="0" bev="0" fileid="55" />
                <SequencePoint vc="1" uspid="2586" ordinal="13" offset="130" sl="2125" sc="7" el="2125" ec="49" bec="0" bev="0" fileid="55" />
                <SequencePoint vc="1" uspid="2587" ordinal="14" offset="136" sl="2126" sc="7" el="2126" ec="31" bec="0" bev="0" fileid="55" />
                <SequencePoint vc="1" uspid="2588" ordinal="15" offset="143" sl="2127" sc="7" el="2127" ec="39" bec="0" bev="0" fileid="55" />
                <SequencePoint vc="1" uspid="2589" ordinal="16" offset="150" sl="2128" sc="7" el="2128" ec="33" bec="0" bev="0" fileid="55" />
                <SequencePoint vc="1" uspid="2590" ordinal="17" offset="157" sl="2129" sc="7" el="2129" ec="25" bec="0" bev="0" fileid="55" />
                <SequencePoint vc="1" uspid="2591" ordinal="18" offset="165" sl="2130" sc="7" el="2130" ec="29" bec="0" bev="0" fileid="55" />
                <SequencePoint vc="1" uspid="2592" ordinal="19" offset="173" sl="2132" sc="7" el="2132" ec="45" bec="0" bev="0" fileid="55" />
                <SequencePoint vc="1" uspid="2593" ordinal="20" offset="194" sl="2133" sc="7" el="2133" ec="68" bec="0" bev="0" fileid="55" />
                <SequencePoint vc="1" uspid="2594" ordinal="21" offset="215" sl="2134" sc="7" el="2134" ec="64" bec="0" bev="0" fileid="55" />
                <SequencePoint vc="1" uspid="2595" ordinal="22" offset="226" sl="2135" sc="7" el="2135" ec="67" bec="0" bev="0" fileid="55" />
                <SequencePoint vc="1" uspid="2596" ordinal="23" offset="250" sl="2137" sc="7" el="2137" ec="35" bec="0" bev="0" fileid="55" />
                <SequencePoint vc="1" uspid="2597" ordinal="24" offset="261" sl="2138" sc="7" el="2138" ec="42" bec="0" bev="0" fileid="55" />
                <SequencePoint vc="1" uspid="2598" ordinal="25" offset="279" sl="2140" sc="7" el="2140" ec="34" bec="0" bev="0" fileid="55" />
              </SequencePoints>
              <BranchPoints>
                <BranchPoint vc="0" uspid="2599" ordinal="0" offset="1" sl="2110" path="0" offsetend="3" fileid="55" />
                <BranchPoint vc="1" uspid="2600" ordinal="1" offset="1" sl="2110" path="1" offsetend="14" fileid="55" />
                <BranchPoint vc="0" uspid="2601" ordinal="2" offset="20" sl="2112" path="0" offsetend="22" fileid="55" />
                <BranchPoint vc="1" uspid="2602" ordinal="3" offset="20" sl="2112" path="1" offsetend="33" fileid="55" />
                <BranchPoint vc="0" uspid="2603" ordinal="4" offset="34" sl="2114" path="0" offsetend="36" fileid="55" />
                <BranchPoint vc="1" uspid="2604" ordinal="5" offset="34" sl="2114" path="1" offsetend="47" fileid="55" />
                <BranchPoint vc="0" uspid="2605" ordinal="6" offset="57" sl="2116" path="0" offsetend="59" fileid="55" />
                <BranchPoint vc="1" uspid="2606" ordinal="7" offset="57" sl="2116" path="1" offsetend="79" fileid="55" />
                <BranchPoint vc="0" uspid="2607" ordinal="8" offset="89" sl="2118" path="0" offsetend="91" fileid="55" />
                <BranchPoint vc="1" uspid="2608" ordinal="9" offset="89" sl="2118" path="1" offsetend="102" fileid="55" />
                <BranchPoint vc="0" uspid="2609" ordinal="10" offset="126" sl="2122" path="0" offsetend="128" fileid="55" />
                <BranchPoint vc="1" uspid="2610" ordinal="11" offset="126" sl="2122" path="1" offsetend="130" fileid="55" />
              </BranchPoints>
              <MethodPoint xsi:type="SequencePoint" vc="1" uspid="2573" ordinal="0" offset="0" sl="2110" sc="7" el="2110" ec="28" bec="2" bev="1" fileid="55" />
            </Method>
            <Method visited="true" cyclomaticComplexity="6" nPathComplexity="16" sequenceCoverage="68.75" branchCoverage="55.56" isConstructor="false" isStatic="false" isGetter="false" isSetter="false">
              <Summary numSequencePoints="16" visitedSequencePoints="11" numBranchPoints="9" visitedBranchPoints="5" sequenceCoverage="68.75" branchCoverage="55.56" maxCyclomaticComplexity="6" minCyclomaticComplexity="6" visitedClasses="0" numClasses="0" visitedMethods="1" numMethods="1" />
              <MetadataToken>100664072</MetadataToken>
              <Name>System.Void IBM.Watson.DeveloperCloud.Services.VisualRecognition.v3.VisualRecognition::OnFindSimilarResp(IBM.Watson.DeveloperCloud.Connection.RESTConnector/Request,IBM.Watson.DeveloperCloud.Connection.RESTConnector/Response)</Name>
              <FileRef uid="55" />
              <SequencePoints>
                <SequencePoint vc="1" uspid="2611" ordinal="0" offset="0" sl="2169" sc="7" el="2169" ec="62" bec="0" bev="0" fileid="55" />
                <SequencePoint vc="1" uspid="2612" ordinal="1" offset="6" sl="2170" sc="7" el="2170" ec="24" bec="2" bev="1" fileid="55" />
                <SequencePoint vc="1" uspid="2613" ordinal="2" offset="14" sl="2174" sc="11" el="2174" ec="30" bec="0" bev="0" fileid="55" />
                <SequencePoint vc="1" uspid="2614" ordinal="3" offset="16" sl="2175" sc="11" el="2175" ec="89" bec="0" bev="0" fileid="55" />
                <SequencePoint vc="1" uspid="2615" ordinal="4" offset="40" sl="2177" sc="11" el="2177" ec="31" bec="0" bev="0" fileid="55" />
                <SequencePoint vc="1" uspid="2616" ordinal="5" offset="42" sl="2178" sc="11" el="2178" ec="74" bec="0" bev="0" fileid="55" />
                <SequencePoint vc="1" uspid="2617" ordinal="6" offset="62" sl="2180" sc="11" el="2180" ec="28" bec="2" bev="1" fileid="55" />
                <SequencePoint vc="0" uspid="2618" ordinal="7" offset="71" sl="2181" sc="13" el="2181" ec="60" bec="0" bev="0" fileid="55" />
                <SequencePoint vc="1" uspid="2619" ordinal="8" offset="84" sl="2182" sc="9" el="2182" ec="10" bec="0" bev="0" fileid="55" />
                <SequencePoint vc="0" uspid="2620" ordinal="9" offset="86" sl="2183" sc="9" el="2183" ec="28" bec="0" bev="0" fileid="55" />
                <SequencePoint vc="0" uspid="2621" ordinal="10" offset="88" sl="2185" sc="11" el="2185" ec="97" bec="0" bev="0" fileid="55" />
                <SequencePoint vc="0" uspid="2622" ordinal="11" offset="119" sl="2186" sc="11" el="2186" ec="32" bec="0" bev="0" fileid="55" />
                <SequencePoint vc="0" uspid="2623" ordinal="12" offset="126" sl="2187" sc="9" el="2187" ec="10" bec="0" bev="0" fileid="55" />
                <SequencePoint vc="1" uspid="2624" ordinal="13" offset="128" sl="2190" sc="7" el="2190" ec="50" bec="2" bev="1" fileid="55" />
                <SequencePoint vc="1" uspid="2625" ordinal="14" offset="141" sl="2191" sc="9" el="2191" ec="98" bec="2" bev="1" fileid="55" />
                <SequencePoint vc="1" uspid="2626" ordinal="15" offset="180" sl="2192" sc="5" el="2192" ec="6" bec="0" bev="0" fileid="55" />
              </SequencePoints>
              <BranchPoints>
                <BranchPoint vc="1" uspid="2627" ordinal="0" offset="12" sl="2170" path="0" offsetend="14" fileid="55" />
                <BranchPoint vc="0" uspid="2628" ordinal="1" offset="12" sl="2170" path="1" offsetend="128" fileid="55" />
                <BranchPoint vc="0" uspid="2629" ordinal="2" offset="69" sl="2180" path="0" offsetend="71" fileid="55" />
                <BranchPoint vc="1" uspid="2630" ordinal="3" offset="69" sl="2180" path="1" offsetend="84" fileid="55" />
                <BranchPoint vc="1" uspid="2631" ordinal="4" offset="139" sl="2190" path="0" offsetend="141" fileid="55" />
                <BranchPoint vc="0" uspid="2632" ordinal="5" offset="139" sl="2190" path="1" offsetend="180" fileid="55" />
                <BranchPoint vc="0" uspid="2633" ordinal="6" offset="158" sl="2191" path="0" offsetend="160" fileid="55" />
                <BranchPoint vc="1" uspid="2634" ordinal="7" offset="158" sl="2191" path="1" offsetend="163" fileid="55" />
              </BranchPoints>
              <MethodPoint xsi:type="SequencePoint" vc="1" uspid="2611" ordinal="0" offset="0" sl="2169" sc="7" el="2169" ec="62" bec="0" bev="0" fileid="55" />
            </Method>
            <Method visited="true" cyclomaticComplexity="6" nPathComplexity="32" sequenceCoverage="41.67" branchCoverage="27.27" isConstructor="false" isStatic="false" isGetter="false" isSetter="false">
              <Summary numSequencePoints="12" visitedSequencePoints="5" numBranchPoints="11" visitedBranchPoints="3" sequenceCoverage="41.67" branchCoverage="27.27" maxCyclomaticComplexity="6" minCyclomaticComplexity="6" visitedClasses="0" numClasses="0" visitedMethods="1" numMethods="1" />
              <MetadataToken>100664073</MetadataToken>
              <Name>System.String IBM.Watson.DeveloperCloud.Services.VisualRecognition.v3.VisualRecognition::GetMimeType(System.String)</Name>
              <FileRef uid="55" />
              <SequencePoints>
                <SequencePoint vc="1" uspid="2635" ordinal="0" offset="0" sl="2198" sc="7" el="2198" ec="28" bec="0" bev="0" fileid="55" />
                <SequencePoint vc="1" uspid="2636" ordinal="1" offset="6" sl="2199" sc="7" el="2199" ec="44" bec="9" bev="1" fileid="55" />
                <SequencePoint vc="1" uspid="2637" ordinal="2" offset="80" sl="2203" sc="11" el="2203" ec="35" bec="0" bev="0" fileid="55" />
                <SequencePoint vc="1" uspid="2638" ordinal="3" offset="86" sl="2204" sc="11" el="2204" ec="17" bec="0" bev="0" fileid="55" />
                <SequencePoint vc="0" uspid="2639" ordinal="4" offset="88" sl="2206" sc="11" el="2206" ec="34" bec="0" bev="0" fileid="55" />
                <SequencePoint vc="0" uspid="2640" ordinal="5" offset="94" sl="2207" sc="11" el="2207" ec="17" bec="0" bev="0" fileid="55" />
                <SequencePoint vc="0" uspid="2641" ordinal="6" offset="96" sl="2209" sc="11" el="2209" ec="34" bec="0" bev="0" fileid="55" />
                <SequencePoint vc="0" uspid="2642" ordinal="7" offset="102" sl="2210" sc="11" el="2210" ec="17" bec="0" bev="0" fileid="55" />
                <SequencePoint vc="0" uspid="2643" ordinal="8" offset="104" sl="2212" sc="11" el="2212" ec="40" bec="0" bev="0" fileid="55" />
                <SequencePoint vc="0" uspid="2644" ordinal="9" offset="110" sl="2213" sc="11" el="2213" ec="17" bec="0" bev="0" fileid="55" />
                <SequencePoint vc="0" uspid="2645" ordinal="10" offset="112" sl="2215" sc="11" el="2215" ec="151" bec="0" bev="0" fileid="55" />
                <SequencePoint vc="1" uspid="2646" ordinal="11" offset="139" sl="2218" sc="7" el="2218" ec="23" bec="0" bev="0" fileid="55" />
              </SequencePoints>
              <BranchPoints>
                <BranchPoint vc="0" uspid="2647" ordinal="0" offset="24" sl="2199" path="0" offsetend="26" fileid="55" />
                <BranchPoint vc="1" uspid="2648" ordinal="1" offset="24" sl="2199" path="1" offsetend="80" fileid="55" />
                <BranchPoint vc="0" uspid="2649" ordinal="2" offset="37" sl="2199" path="0" offsetend="39" fileid="55" />
                <BranchPoint vc="1" uspid="2650" ordinal="3" offset="37" sl="2199" path="1" offsetend="80" fileid="55" />
                <BranchPoint vc="0" uspid="2651" ordinal="4" offset="50" sl="2199" path="0" offsetend="52" fileid="55" />
                <BranchPoint vc="0" uspid="2652" ordinal="5" offset="50" sl="2199" path="1" offsetend="88" fileid="55" />
                <BranchPoint vc="0" uspid="2653" ordinal="6" offset="63" sl="2199" path="0" offsetend="65" fileid="55" />
                <BranchPoint vc="0" uspid="2654" ordinal="7" offset="63" sl="2199" path="1" offsetend="96" fileid="55" />
                <BranchPoint vc="0" uspid="2655" ordinal="8" offset="76" sl="2199" path="0" offsetchain="78" offsetend="112" fileid="55" />
                <BranchPoint vc="0" uspid="2656" ordinal="9" offset="76" sl="2199" path="1" offsetend="104" fileid="55" />
              </BranchPoints>
              <MethodPoint xsi:type="SequencePoint" vc="1" uspid="2635" ordinal="0" offset="0" sl="2198" sc="7" el="2198" ec="28" bec="0" bev="0" fileid="55" />
            </Method>
            <Method visited="true" cyclomaticComplexity="4" nPathComplexity="2" sequenceCoverage="100" branchCoverage="100" isConstructor="false" isStatic="false" isGetter="false" isSetter="false">
              <Summary numSequencePoints="11" visitedSequencePoints="11" numBranchPoints="3" visitedBranchPoints="3" sequenceCoverage="100" branchCoverage="100" maxCyclomaticComplexity="4" minCyclomaticComplexity="4" visitedClasses="0" numClasses="0" visitedMethods="1" numMethods="1" />
              <MetadataToken>100664074</MetadataToken>
              <Name>System.String IBM.Watson.DeveloperCloud.Services.VisualRecognition.v3.VisualRecognition::GetMetadataJson(System.Collections.Generic.Dictionary`2&lt;System.String,System.String&gt;)</Name>
              <FileRef uid="55" />
              <SequencePoints>
                <SequencePoint vc="1" uspid="2657" ordinal="0" offset="0" sl="2223" sc="7" el="2223" ec="25" bec="0" bev="0" fileid="55" />
                <SequencePoint vc="1" uspid="2658" ordinal="1" offset="6" sl="2224" sc="7" el="2224" ec="51" bec="0" bev="0" fileid="55" />
                <SequencePoint vc="1" uspid="2659" ordinal="2" offset="12" sl="2226" sc="7" el="2226" ec="17" bec="0" bev="0" fileid="55" />
                <SequencePoint vc="1" uspid="2660" ordinal="3" offset="14" sl="2227" sc="51" el="2227" ec="59" bec="0" bev="0" fileid="55" />
                <SequencePoint vc="3" uspid="2661" ordinal="4" offset="23" sl="2227" sc="16" el="2227" ec="47" bec="0" bev="0" fileid="55" />
                <SequencePoint vc="3" uspid="2662" ordinal="5" offset="32" sl="2229" sc="9" el="2229" ec="13" bec="0" bev="0" fileid="55" />
                <SequencePoint vc="3" uspid="2663" ordinal="6" offset="36" sl="2230" sc="9" el="2230" ec="54" bec="2" bev="2" fileid="55" />
                <SequencePoint vc="3" uspid="2664" ordinal="7" offset="59" sl="2231" sc="9" el="2231" ec="71" bec="0" bev="0" fileid="55" />
                <SequencePoint vc="4" uspid="2665" ordinal="8" offset="88" sl="2227" sc="48" el="2227" ec="50" bec="0" bev="0" fileid="55" />
                <SequencePoint vc="1" uspid="2666" ordinal="9" offset="113" sl="2241" sc="7" el="2241" ec="21" bec="0" bev="0" fileid="55" />
                <SequencePoint vc="1" uspid="2667" ordinal="10" offset="125" sl="2243" sc="7" el="2243" ec="19" bec="0" bev="0" fileid="55" />
              </SequencePoints>
              <BranchPoints>
                <BranchPoint vc="1" uspid="2668" ordinal="0" offset="43" sl="2230" path="0" offsetend="45" fileid="55" />
                <BranchPoint vc="2" uspid="2669" ordinal="1" offset="43" sl="2230" path="1" offsetend="52" fileid="55" />
              </BranchPoints>
              <MethodPoint xsi:type="SequencePoint" vc="1" uspid="2657" ordinal="0" offset="0" sl="2223" sc="7" el="2223" ec="25" bec="0" bev="0" fileid="55" />
            </Method>
            <Method visited="true" cyclomaticComplexity="5" nPathComplexity="16" sequenceCoverage="41.67" branchCoverage="55.56" isConstructor="false" isStatic="false" isGetter="false" isSetter="false">
              <Summary numSequencePoints="12" visitedSequencePoints="5" numBranchPoints="9" visitedBranchPoints="5" sequenceCoverage="41.67" branchCoverage="55.56" maxCyclomaticComplexity="5" minCyclomaticComplexity="5" visitedClasses="0" numClasses="0" visitedMethods="1" numMethods="1" />
              <MetadataToken>100664075</MetadataToken>
              <Name>System.String IBM.Watson.DeveloperCloud.Services.VisualRecognition.v3.VisualRecognition::GetExtension(System.String)</Name>
              <FileRef uid="55" />
              <SequencePoints>
                <SequencePoint vc="3" uspid="2672" ordinal="0" offset="0" sl="2248" sc="7" el="2248" ec="29" bec="0" bev="0" fileid="55" />
                <SequencePoint vc="3" uspid="2673" ordinal="1" offset="6" sl="2249" sc="7" el="2249" ec="24" bec="8" bev="4" fileid="55" />
                <SequencePoint vc="0" uspid="2674" ordinal="2" offset="60" sl="2252" sc="11" el="2252" ec="30" bec="0" bev="0" fileid="55" />
                <SequencePoint vc="0" uspid="2675" ordinal="3" offset="66" sl="2253" sc="11" el="2253" ec="17" bec="0" bev="0" fileid="55" />
                <SequencePoint vc="0" uspid="2676" ordinal="4" offset="68" sl="2255" sc="11" el="2255" ec="30" bec="0" bev="0" fileid="55" />
                <SequencePoint vc="0" uspid="2677" ordinal="5" offset="74" sl="2256" sc="11" el="2256" ec="17" bec="0" bev="0" fileid="55" />
                <SequencePoint vc="0" uspid="2678" ordinal="6" offset="76" sl="2258" sc="11" el="2258" ec="30" bec="0" bev="0" fileid="55" />
                <SequencePoint vc="0" uspid="2679" ordinal="7" offset="82" sl="2259" sc="11" el="2259" ec="17" bec="0" bev="0" fileid="55" />
                <SequencePoint vc="3" uspid="2680" ordinal="8" offset="84" sl="2261" sc="11" el="2261" ec="30" bec="0" bev="0" fileid="55" />
                <SequencePoint vc="3" uspid="2681" ordinal="9" offset="90" sl="2262" sc="11" el="2262" ec="17" bec="0" bev="0" fileid="55" />
                <SequencePoint vc="0" uspid="2682" ordinal="10" offset="92" sl="2264" sc="11" el="2264" ec="90" bec="0" bev="0" fileid="55" />
                <SequencePoint vc="3" uspid="2683" ordinal="11" offset="109" sl="2267" sc="7" el="2267" ec="24" bec="0" bev="0" fileid="55" />
              </SequencePoints>
              <BranchPoints>
                <BranchPoint vc="3" uspid="2684" ordinal="0" offset="17" sl="2249" path="0" offsetend="19" fileid="55" />
                <BranchPoint vc="0" uspid="2685" ordinal="1" offset="17" sl="2249" path="1" offsetend="60" fileid="55" />
                <BranchPoint vc="3" uspid="2686" ordinal="2" offset="30" sl="2249" path="0" offsetend="32" fileid="55" />
                <BranchPoint vc="0" uspid="2687" ordinal="3" offset="30" sl="2249" path="1" offsetend="68" fileid="55" />
                <BranchPoint vc="3" uspid="2688" ordinal="4" offset="43" sl="2249" path="0" offsetend="45" fileid="55" />
                <BranchPoint vc="0" uspid="2689" ordinal="5" offset="43" sl="2249" path="1" offsetend="76" fileid="55" />
                <BranchPoint vc="0" uspid="2690" ordinal="6" offset="56" sl="2249" path="0" offsetchain="58" offsetend="92" fileid="55" />
                <BranchPoint vc="3" uspid="2691" ordinal="7" offset="56" sl="2249" path="1" offsetend="84" fileid="55" />
              </BranchPoints>
              <MethodPoint xsi:type="SequencePoint" vc="3" uspid="2672" ordinal="0" offset="0" sl="2248" sc="7" el="2248" ec="29" bec="0" bev="0" fileid="55" />
            </Method>
            <Method visited="false" cyclomaticComplexity="1" nPathComplexity="0" sequenceCoverage="0" branchCoverage="0" isConstructor="false" isStatic="false" isGetter="false" isSetter="false">
              <Summary numSequencePoints="1" visitedSequencePoints="0" numBranchPoints="1" visitedBranchPoints="0" sequenceCoverage="0" branchCoverage="0" maxCyclomaticComplexity="1" minCyclomaticComplexity="1" visitedClasses="0" numClasses="0" visitedMethods="0" numMethods="1" />
              <MetadataToken>100664076</MetadataToken>
              <Name>System.String IBM.Watson.DeveloperCloud.Services.VisualRecognition.v3.VisualRecognition::GetServiceID()</Name>
              <FileRef uid="55" />
              <SequencePoints>
                <SequencePoint vc="0" uspid="2692" ordinal="0" offset="0" sl="2275" sc="7" el="2275" ec="25" bec="0" bev="0" fileid="55" />
              </SequencePoints>
              <BranchPoints />
              <MethodPoint xsi:type="SequencePoint" vc="0" uspid="2692" ordinal="0" offset="0" sl="2275" sc="7" el="2275" ec="25" bec="0" bev="0" fileid="55" />
            </Method>
            <Method visited="false" cyclomaticComplexity="2" nPathComplexity="2" sequenceCoverage="0" branchCoverage="0" isConstructor="false" isStatic="false" isGetter="false" isSetter="false">
              <Summary numSequencePoints="4" visitedSequencePoints="0" numBranchPoints="3" visitedBranchPoints="0" sequenceCoverage="0" branchCoverage="0" maxCyclomaticComplexity="2" minCyclomaticComplexity="2" visitedClasses="0" numClasses="0" visitedMethods="0" numMethods="1" />
              <MetadataToken>100664077</MetadataToken>
              <Name>System.Void IBM.Watson.DeveloperCloud.Services.VisualRecognition.v3.VisualRecognition::GetServiceStatus(IBM.Watson.DeveloperCloud.Services.ServiceStatus)</Name>
              <FileRef uid="55" />
              <SequencePoints>
                <SequencePoint vc="0" uspid="2693" ordinal="0" offset="0" sl="2280" sc="7" el="2280" ec="63" bec="2" bev="0" fileid="55" />
                <SequencePoint vc="0" uspid="2694" ordinal="1" offset="17" sl="2281" sc="9" el="2281" ec="48" bec="0" bev="0" fileid="55" />
                <SequencePoint vc="0" uspid="2695" ordinal="2" offset="26" sl="2283" sc="9" el="2283" ec="37" bec="0" bev="0" fileid="55" />
                <SequencePoint vc="0" uspid="2696" ordinal="3" offset="38" sl="2284" sc="5" el="2284" ec="6" bec="0" bev="0" fileid="55" />
              </SequencePoints>
              <BranchPoints>
                <BranchPoint vc="0" uspid="2697" ordinal="0" offset="15" sl="2280" path="0" offsetend="17" fileid="55" />
                <BranchPoint vc="0" uspid="2698" ordinal="1" offset="15" sl="2280" path="1" offsetend="26" fileid="55" />
              </BranchPoints>
              <MethodPoint xsi:type="SequencePoint" vc="0" uspid="2693" ordinal="0" offset="0" sl="2280" sc="7" el="2280" ec="63" bec="2" bev="0" fileid="55" />
            </Method>
            <Method visited="true" cyclomaticComplexity="1" nPathComplexity="0" sequenceCoverage="0" branchCoverage="0" isConstructor="true" isStatic="false" isGetter="false" isSetter="false">
              <Summary numSequencePoints="0" visitedSequencePoints="0" numBranchPoints="0" visitedBranchPoints="0" sequenceCoverage="0" branchCoverage="0" maxCyclomaticComplexity="1" minCyclomaticComplexity="1" visitedClasses="0" numClasses="0" visitedMethods="0" numMethods="0" />
              <MetadataToken>100664078</MetadataToken>
              <Name>System.Void IBM.Watson.DeveloperCloud.Services.VisualRecognition.v3.VisualRecognition::.ctor()</Name>
              <SequencePoints />
              <BranchPoints />
              <MethodPoint vc="1" uspid="2699" ordinal="0" offset="0" />
            </Method>
            <Method visited="true" cyclomaticComplexity="1" nPathComplexity="0" sequenceCoverage="100" branchCoverage="100" isConstructor="true" isStatic="true" isGetter="false" isSetter="false">
              <Summary numSequencePoints="2" visitedSequencePoints="2" numBranchPoints="1" visitedBranchPoints="1" sequenceCoverage="100" branchCoverage="100" maxCyclomaticComplexity="1" minCyclomaticComplexity="1" visitedClasses="0" numClasses="0" visitedMethods="1" numMethods="1" />
              <MetadataToken>100664079</MetadataToken>
              <Name>System.Void IBM.Watson.DeveloperCloud.Services.VisualRecognition.v3.VisualRecognition::.cctor()</Name>
              <FileRef uid="55" />
              <SequencePoints>
                <SequencePoint vc="1" uspid="2700" ordinal="0" offset="0" sl="175" sc="5" el="175" ec="44" bec="0" bev="0" fileid="55" />
                <SequencePoint vc="1" uspid="2701" ordinal="1" offset="6" sl="176" sc="5" el="176" ec="68" bec="0" bev="0" fileid="55" />
              </SequencePoints>
              <BranchPoints />
              <MethodPoint xsi:type="SequencePoint" vc="1" uspid="2700" ordinal="0" offset="0" sl="175" sc="5" el="175" ec="44" bec="0" bev="0" fileid="55" />
            </Method>
          </Methods>
        </Class>
        <Class>
          <Summary numSequencePoints="0" visitedSequencePoints="0" numBranchPoints="0" visitedBranchPoints="0" sequenceCoverage="0" branchCoverage="0" maxCyclomaticComplexity="0" minCyclomaticComplexity="0" visitedClasses="0" numClasses="0" visitedMethods="0" numMethods="0" />
          <FullName>IBM.Watson.DeveloperCloud.Services.VisualRecognition.v3.VisualRecognition/OnFindClassifier</FullName>
          <Methods>
            <Method skippedDueTo="Unknown" visited="false" cyclomaticComplexity="0" nPathComplexity="0" sequenceCoverage="0" branchCoverage="0" isConstructor="true" isStatic="false" isGetter="false" isSetter="false">
              <MetadataToken>100666076</MetadataToken>
              <Name>System.Void IBM.Watson.DeveloperCloud.Services.VisualRecognition.v3.VisualRecognition/OnFindClassifier::.ctor(System.Object,System.IntPtr)</Name>
              <SequencePoints />
              <BranchPoints />
            </Method>
            <Method skippedDueTo="Unknown" visited="false" cyclomaticComplexity="0" nPathComplexity="0" sequenceCoverage="0" branchCoverage="0" isConstructor="false" isStatic="false" isGetter="false" isSetter="false">
              <MetadataToken>100666077</MetadataToken>
              <Name>System.Void IBM.Watson.DeveloperCloud.Services.VisualRecognition.v3.VisualRecognition/OnFindClassifier::Invoke(IBM.Watson.DeveloperCloud.Services.VisualRecognition.v3.GetClassifiersPerClassifierVerbose,System.String)</Name>
              <SequencePoints />
              <BranchPoints />
            </Method>
            <Method skippedDueTo="Unknown" visited="false" cyclomaticComplexity="0" nPathComplexity="0" sequenceCoverage="0" branchCoverage="0" isConstructor="false" isStatic="false" isGetter="false" isSetter="false">
              <MetadataToken>100666078</MetadataToken>
              <Name>System.IAsyncResult IBM.Watson.DeveloperCloud.Services.VisualRecognition.v3.VisualRecognition/OnFindClassifier::BeginInvoke(IBM.Watson.DeveloperCloud.Services.VisualRecognition.v3.GetClassifiersPerClassifierVerbose,System.String,System.AsyncCallback,System.Object)</Name>
              <SequencePoints />
              <BranchPoints />
            </Method>
            <Method skippedDueTo="Unknown" visited="false" cyclomaticComplexity="0" nPathComplexity="0" sequenceCoverage="0" branchCoverage="0" isConstructor="false" isStatic="false" isGetter="false" isSetter="false">
              <MetadataToken>100666079</MetadataToken>
              <Name>System.Void IBM.Watson.DeveloperCloud.Services.VisualRecognition.v3.VisualRecognition/OnFindClassifier::EndInvoke(System.IAsyncResult)</Name>
              <SequencePoints />
              <BranchPoints />
            </Method>
          </Methods>
        </Class>
        <Class>
          <Summary numSequencePoints="0" visitedSequencePoints="0" numBranchPoints="0" visitedBranchPoints="0" sequenceCoverage="0" branchCoverage="0" maxCyclomaticComplexity="0" minCyclomaticComplexity="0" visitedClasses="0" numClasses="0" visitedMethods="0" numMethods="0" />
          <FullName>IBM.Watson.DeveloperCloud.Services.VisualRecognition.v3.VisualRecognition/OnGetClassifiers</FullName>
          <Methods>
            <Method skippedDueTo="Unknown" visited="false" cyclomaticComplexity="0" nPathComplexity="0" sequenceCoverage="0" branchCoverage="0" isConstructor="true" isStatic="false" isGetter="false" isSetter="false">
              <MetadataToken>100666080</MetadataToken>
              <Name>System.Void IBM.Watson.DeveloperCloud.Services.VisualRecognition.v3.VisualRecognition/OnGetClassifiers::.ctor(System.Object,System.IntPtr)</Name>
              <SequencePoints />
              <BranchPoints />
            </Method>
            <Method skippedDueTo="Unknown" visited="false" cyclomaticComplexity="0" nPathComplexity="0" sequenceCoverage="0" branchCoverage="0" isConstructor="false" isStatic="false" isGetter="false" isSetter="false">
              <MetadataToken>100666081</MetadataToken>
              <Name>System.Void IBM.Watson.DeveloperCloud.Services.VisualRecognition.v3.VisualRecognition/OnGetClassifiers::Invoke(IBM.Watson.DeveloperCloud.Services.VisualRecognition.v3.GetClassifiersTopLevelBrief,System.String)</Name>
              <SequencePoints />
              <BranchPoints />
            </Method>
            <Method skippedDueTo="Unknown" visited="false" cyclomaticComplexity="0" nPathComplexity="0" sequenceCoverage="0" branchCoverage="0" isConstructor="false" isStatic="false" isGetter="false" isSetter="false">
              <MetadataToken>100666082</MetadataToken>
              <Name>System.IAsyncResult IBM.Watson.DeveloperCloud.Services.VisualRecognition.v3.VisualRecognition/OnGetClassifiers::BeginInvoke(IBM.Watson.DeveloperCloud.Services.VisualRecognition.v3.GetClassifiersTopLevelBrief,System.String,System.AsyncCallback,System.Object)</Name>
              <SequencePoints />
              <BranchPoints />
            </Method>
            <Method skippedDueTo="Unknown" visited="false" cyclomaticComplexity="0" nPathComplexity="0" sequenceCoverage="0" branchCoverage="0" isConstructor="false" isStatic="false" isGetter="false" isSetter="false">
              <MetadataToken>100666083</MetadataToken>
              <Name>System.Void IBM.Watson.DeveloperCloud.Services.VisualRecognition.v3.VisualRecognition/OnGetClassifiers::EndInvoke(System.IAsyncResult)</Name>
              <SequencePoints />
              <BranchPoints />
            </Method>
          </Methods>
        </Class>
        <Class>
          <Summary numSequencePoints="0" visitedSequencePoints="0" numBranchPoints="0" visitedBranchPoints="0" sequenceCoverage="0" branchCoverage="0" maxCyclomaticComplexity="0" minCyclomaticComplexity="0" visitedClasses="0" numClasses="0" visitedMethods="0" numMethods="0" />
          <FullName>IBM.Watson.DeveloperCloud.Services.VisualRecognition.v3.VisualRecognition/OnGetClassifier</FullName>
          <Methods>
            <Method skippedDueTo="Unknown" visited="false" cyclomaticComplexity="0" nPathComplexity="0" sequenceCoverage="0" branchCoverage="0" isConstructor="true" isStatic="false" isGetter="false" isSetter="false">
              <MetadataToken>100666084</MetadataToken>
              <Name>System.Void IBM.Watson.DeveloperCloud.Services.VisualRecognition.v3.VisualRecognition/OnGetClassifier::.ctor(System.Object,System.IntPtr)</Name>
              <SequencePoints />
              <BranchPoints />
            </Method>
            <Method skippedDueTo="Unknown" visited="false" cyclomaticComplexity="0" nPathComplexity="0" sequenceCoverage="0" branchCoverage="0" isConstructor="false" isStatic="false" isGetter="false" isSetter="false">
              <MetadataToken>100666085</MetadataToken>
              <Name>System.Void IBM.Watson.DeveloperCloud.Services.VisualRecognition.v3.VisualRecognition/OnGetClassifier::Invoke(IBM.Watson.DeveloperCloud.Services.VisualRecognition.v3.GetClassifiersPerClassifierVerbose,System.String)</Name>
              <SequencePoints />
              <BranchPoints />
            </Method>
            <Method skippedDueTo="Unknown" visited="false" cyclomaticComplexity="0" nPathComplexity="0" sequenceCoverage="0" branchCoverage="0" isConstructor="false" isStatic="false" isGetter="false" isSetter="false">
              <MetadataToken>100666086</MetadataToken>
              <Name>System.IAsyncResult IBM.Watson.DeveloperCloud.Services.VisualRecognition.v3.VisualRecognition/OnGetClassifier::BeginInvoke(IBM.Watson.DeveloperCloud.Services.VisualRecognition.v3.GetClassifiersPerClassifierVerbose,System.String,System.AsyncCallback,System.Object)</Name>
              <SequencePoints />
              <BranchPoints />
            </Method>
            <Method skippedDueTo="Unknown" visited="false" cyclomaticComplexity="0" nPathComplexity="0" sequenceCoverage="0" branchCoverage="0" isConstructor="false" isStatic="false" isGetter="false" isSetter="false">
              <MetadataToken>100666087</MetadataToken>
              <Name>System.Void IBM.Watson.DeveloperCloud.Services.VisualRecognition.v3.VisualRecognition/OnGetClassifier::EndInvoke(System.IAsyncResult)</Name>
              <SequencePoints />
              <BranchPoints />
            </Method>
          </Methods>
        </Class>
        <Class>
          <Summary numSequencePoints="0" visitedSequencePoints="0" numBranchPoints="0" visitedBranchPoints="0" sequenceCoverage="0" branchCoverage="0" maxCyclomaticComplexity="0" minCyclomaticComplexity="0" visitedClasses="0" numClasses="0" visitedMethods="0" numMethods="0" />
          <FullName>IBM.Watson.DeveloperCloud.Services.VisualRecognition.v3.VisualRecognition/OnDeleteClassifier</FullName>
          <Methods>
            <Method skippedDueTo="Unknown" visited="false" cyclomaticComplexity="0" nPathComplexity="0" sequenceCoverage="0" branchCoverage="0" isConstructor="true" isStatic="false" isGetter="false" isSetter="false">
              <MetadataToken>100666088</MetadataToken>
              <Name>System.Void IBM.Watson.DeveloperCloud.Services.VisualRecognition.v3.VisualRecognition/OnDeleteClassifier::.ctor(System.Object,System.IntPtr)</Name>
              <SequencePoints />
              <BranchPoints />
            </Method>
            <Method skippedDueTo="Unknown" visited="false" cyclomaticComplexity="0" nPathComplexity="0" sequenceCoverage="0" branchCoverage="0" isConstructor="false" isStatic="false" isGetter="false" isSetter="false">
              <MetadataToken>100666089</MetadataToken>
              <Name>System.Void IBM.Watson.DeveloperCloud.Services.VisualRecognition.v3.VisualRecognition/OnDeleteClassifier::Invoke(System.Boolean,System.String)</Name>
              <SequencePoints />
              <BranchPoints />
            </Method>
            <Method skippedDueTo="Unknown" visited="false" cyclomaticComplexity="0" nPathComplexity="0" sequenceCoverage="0" branchCoverage="0" isConstructor="false" isStatic="false" isGetter="false" isSetter="false">
              <MetadataToken>100666090</MetadataToken>
              <Name>System.IAsyncResult IBM.Watson.DeveloperCloud.Services.VisualRecognition.v3.VisualRecognition/OnDeleteClassifier::BeginInvoke(System.Boolean,System.String,System.AsyncCallback,System.Object)</Name>
              <SequencePoints />
              <BranchPoints />
            </Method>
            <Method skippedDueTo="Unknown" visited="false" cyclomaticComplexity="0" nPathComplexity="0" sequenceCoverage="0" branchCoverage="0" isConstructor="false" isStatic="false" isGetter="false" isSetter="false">
              <MetadataToken>100666091</MetadataToken>
              <Name>System.Void IBM.Watson.DeveloperCloud.Services.VisualRecognition.v3.VisualRecognition/OnDeleteClassifier::EndInvoke(System.IAsyncResult)</Name>
              <SequencePoints />
              <BranchPoints />
            </Method>
          </Methods>
        </Class>
        <Class>
          <Summary numSequencePoints="0" visitedSequencePoints="0" numBranchPoints="0" visitedBranchPoints="0" sequenceCoverage="0" branchCoverage="0" maxCyclomaticComplexity="0" minCyclomaticComplexity="0" visitedClasses="0" numClasses="0" visitedMethods="0" numMethods="0" />
          <FullName>IBM.Watson.DeveloperCloud.Services.VisualRecognition.v3.VisualRecognition/OnTrainClassifier</FullName>
          <Methods>
            <Method skippedDueTo="Unknown" visited="false" cyclomaticComplexity="0" nPathComplexity="0" sequenceCoverage="0" branchCoverage="0" isConstructor="true" isStatic="false" isGetter="false" isSetter="false">
              <MetadataToken>100666092</MetadataToken>
              <Name>System.Void IBM.Watson.DeveloperCloud.Services.VisualRecognition.v3.VisualRecognition/OnTrainClassifier::.ctor(System.Object,System.IntPtr)</Name>
              <SequencePoints />
              <BranchPoints />
            </Method>
            <Method skippedDueTo="Unknown" visited="false" cyclomaticComplexity="0" nPathComplexity="0" sequenceCoverage="0" branchCoverage="0" isConstructor="false" isStatic="false" isGetter="false" isSetter="false">
              <MetadataToken>100666093</MetadataToken>
              <Name>System.Void IBM.Watson.DeveloperCloud.Services.VisualRecognition.v3.VisualRecognition/OnTrainClassifier::Invoke(IBM.Watson.DeveloperCloud.Services.VisualRecognition.v3.GetClassifiersPerClassifierVerbose,System.String)</Name>
              <SequencePoints />
              <BranchPoints />
            </Method>
            <Method skippedDueTo="Unknown" visited="false" cyclomaticComplexity="0" nPathComplexity="0" sequenceCoverage="0" branchCoverage="0" isConstructor="false" isStatic="false" isGetter="false" isSetter="false">
              <MetadataToken>100666094</MetadataToken>
              <Name>System.IAsyncResult IBM.Watson.DeveloperCloud.Services.VisualRecognition.v3.VisualRecognition/OnTrainClassifier::BeginInvoke(IBM.Watson.DeveloperCloud.Services.VisualRecognition.v3.GetClassifiersPerClassifierVerbose,System.String,System.AsyncCallback,System.Object)</Name>
              <SequencePoints />
              <BranchPoints />
            </Method>
            <Method skippedDueTo="Unknown" visited="false" cyclomaticComplexity="0" nPathComplexity="0" sequenceCoverage="0" branchCoverage="0" isConstructor="false" isStatic="false" isGetter="false" isSetter="false">
              <MetadataToken>100666095</MetadataToken>
              <Name>System.Void IBM.Watson.DeveloperCloud.Services.VisualRecognition.v3.VisualRecognition/OnTrainClassifier::EndInvoke(System.IAsyncResult)</Name>
              <SequencePoints />
              <BranchPoints />
            </Method>
          </Methods>
        </Class>
        <Class>
          <Summary numSequencePoints="0" visitedSequencePoints="0" numBranchPoints="0" visitedBranchPoints="0" sequenceCoverage="0" branchCoverage="0" maxCyclomaticComplexity="0" minCyclomaticComplexity="0" visitedClasses="0" numClasses="0" visitedMethods="0" numMethods="0" />
          <FullName>IBM.Watson.DeveloperCloud.Services.VisualRecognition.v3.VisualRecognition/OnClassify</FullName>
          <Methods>
            <Method skippedDueTo="Unknown" visited="false" cyclomaticComplexity="0" nPathComplexity="0" sequenceCoverage="0" branchCoverage="0" isConstructor="true" isStatic="false" isGetter="false" isSetter="false">
              <MetadataToken>100666096</MetadataToken>
              <Name>System.Void IBM.Watson.DeveloperCloud.Services.VisualRecognition.v3.VisualRecognition/OnClassify::.ctor(System.Object,System.IntPtr)</Name>
              <SequencePoints />
              <BranchPoints />
            </Method>
            <Method skippedDueTo="Unknown" visited="false" cyclomaticComplexity="0" nPathComplexity="0" sequenceCoverage="0" branchCoverage="0" isConstructor="false" isStatic="false" isGetter="false" isSetter="false">
              <MetadataToken>100666097</MetadataToken>
              <Name>System.Void IBM.Watson.DeveloperCloud.Services.VisualRecognition.v3.VisualRecognition/OnClassify::Invoke(IBM.Watson.DeveloperCloud.Services.VisualRecognition.v3.ClassifyTopLevelMultiple,System.String)</Name>
              <SequencePoints />
              <BranchPoints />
            </Method>
            <Method skippedDueTo="Unknown" visited="false" cyclomaticComplexity="0" nPathComplexity="0" sequenceCoverage="0" branchCoverage="0" isConstructor="false" isStatic="false" isGetter="false" isSetter="false">
              <MetadataToken>100666098</MetadataToken>
              <Name>System.IAsyncResult IBM.Watson.DeveloperCloud.Services.VisualRecognition.v3.VisualRecognition/OnClassify::BeginInvoke(IBM.Watson.DeveloperCloud.Services.VisualRecognition.v3.ClassifyTopLevelMultiple,System.String,System.AsyncCallback,System.Object)</Name>
              <SequencePoints />
              <BranchPoints />
            </Method>
            <Method skippedDueTo="Unknown" visited="false" cyclomaticComplexity="0" nPathComplexity="0" sequenceCoverage="0" branchCoverage="0" isConstructor="false" isStatic="false" isGetter="false" isSetter="false">
              <MetadataToken>100666099</MetadataToken>
              <Name>System.Void IBM.Watson.DeveloperCloud.Services.VisualRecognition.v3.VisualRecognition/OnClassify::EndInvoke(System.IAsyncResult)</Name>
              <SequencePoints />
              <BranchPoints />
            </Method>
          </Methods>
        </Class>
        <Class>
          <Summary numSequencePoints="0" visitedSequencePoints="0" numBranchPoints="0" visitedBranchPoints="0" sequenceCoverage="0" branchCoverage="0" maxCyclomaticComplexity="0" minCyclomaticComplexity="0" visitedClasses="0" numClasses="0" visitedMethods="0" numMethods="0" />
          <FullName>IBM.Watson.DeveloperCloud.Services.VisualRecognition.v3.VisualRecognition/OnDetectFaces</FullName>
          <Methods>
            <Method skippedDueTo="Unknown" visited="false" cyclomaticComplexity="0" nPathComplexity="0" sequenceCoverage="0" branchCoverage="0" isConstructor="true" isStatic="false" isGetter="false" isSetter="false">
              <MetadataToken>100666100</MetadataToken>
              <Name>System.Void IBM.Watson.DeveloperCloud.Services.VisualRecognition.v3.VisualRecognition/OnDetectFaces::.ctor(System.Object,System.IntPtr)</Name>
              <SequencePoints />
              <BranchPoints />
            </Method>
            <Method skippedDueTo="Unknown" visited="false" cyclomaticComplexity="0" nPathComplexity="0" sequenceCoverage="0" branchCoverage="0" isConstructor="false" isStatic="false" isGetter="false" isSetter="false">
              <MetadataToken>100666101</MetadataToken>
              <Name>System.Void IBM.Watson.DeveloperCloud.Services.VisualRecognition.v3.VisualRecognition/OnDetectFaces::Invoke(IBM.Watson.DeveloperCloud.Services.VisualRecognition.v3.FacesTopLevelMultiple,System.String)</Name>
              <SequencePoints />
              <BranchPoints />
            </Method>
            <Method skippedDueTo="Unknown" visited="false" cyclomaticComplexity="0" nPathComplexity="0" sequenceCoverage="0" branchCoverage="0" isConstructor="false" isStatic="false" isGetter="false" isSetter="false">
              <MetadataToken>100666102</MetadataToken>
              <Name>System.IAsyncResult IBM.Watson.DeveloperCloud.Services.VisualRecognition.v3.VisualRecognition/OnDetectFaces::BeginInvoke(IBM.Watson.DeveloperCloud.Services.VisualRecognition.v3.FacesTopLevelMultiple,System.String,System.AsyncCallback,System.Object)</Name>
              <SequencePoints />
              <BranchPoints />
            </Method>
            <Method skippedDueTo="Unknown" visited="false" cyclomaticComplexity="0" nPathComplexity="0" sequenceCoverage="0" branchCoverage="0" isConstructor="false" isStatic="false" isGetter="false" isSetter="false">
              <MetadataToken>100666103</MetadataToken>
              <Name>System.Void IBM.Watson.DeveloperCloud.Services.VisualRecognition.v3.VisualRecognition/OnDetectFaces::EndInvoke(System.IAsyncResult)</Name>
              <SequencePoints />
              <BranchPoints />
            </Method>
          </Methods>
        </Class>
        <Class>
          <Summary numSequencePoints="0" visitedSequencePoints="0" numBranchPoints="0" visitedBranchPoints="0" sequenceCoverage="0" branchCoverage="0" maxCyclomaticComplexity="0" minCyclomaticComplexity="0" visitedClasses="0" numClasses="0" visitedMethods="0" numMethods="0" />
          <FullName>IBM.Watson.DeveloperCloud.Services.VisualRecognition.v3.VisualRecognition/OnRecognizeText</FullName>
          <Methods>
            <Method skippedDueTo="Unknown" visited="false" cyclomaticComplexity="0" nPathComplexity="0" sequenceCoverage="0" branchCoverage="0" isConstructor="true" isStatic="false" isGetter="false" isSetter="false">
              <MetadataToken>100666104</MetadataToken>
              <Name>System.Void IBM.Watson.DeveloperCloud.Services.VisualRecognition.v3.VisualRecognition/OnRecognizeText::.ctor(System.Object,System.IntPtr)</Name>
              <SequencePoints />
              <BranchPoints />
            </Method>
            <Method skippedDueTo="Unknown" visited="false" cyclomaticComplexity="0" nPathComplexity="0" sequenceCoverage="0" branchCoverage="0" isConstructor="false" isStatic="false" isGetter="false" isSetter="false">
              <MetadataToken>100666105</MetadataToken>
              <Name>System.Void IBM.Watson.DeveloperCloud.Services.VisualRecognition.v3.VisualRecognition/OnRecognizeText::Invoke(IBM.Watson.DeveloperCloud.Services.VisualRecognition.v3.TextRecogTopLevelMultiple,System.String)</Name>
              <SequencePoints />
              <BranchPoints />
            </Method>
            <Method skippedDueTo="Unknown" visited="false" cyclomaticComplexity="0" nPathComplexity="0" sequenceCoverage="0" branchCoverage="0" isConstructor="false" isStatic="false" isGetter="false" isSetter="false">
              <MetadataToken>100666106</MetadataToken>
              <Name>System.IAsyncResult IBM.Watson.DeveloperCloud.Services.VisualRecognition.v3.VisualRecognition/OnRecognizeText::BeginInvoke(IBM.Watson.DeveloperCloud.Services.VisualRecognition.v3.TextRecogTopLevelMultiple,System.String,System.AsyncCallback,System.Object)</Name>
              <SequencePoints />
              <BranchPoints />
            </Method>
            <Method skippedDueTo="Unknown" visited="false" cyclomaticComplexity="0" nPathComplexity="0" sequenceCoverage="0" branchCoverage="0" isConstructor="false" isStatic="false" isGetter="false" isSetter="false">
              <MetadataToken>100666107</MetadataToken>
              <Name>System.Void IBM.Watson.DeveloperCloud.Services.VisualRecognition.v3.VisualRecognition/OnRecognizeText::EndInvoke(System.IAsyncResult)</Name>
              <SequencePoints />
              <BranchPoints />
            </Method>
          </Methods>
        </Class>
        <Class>
          <Summary numSequencePoints="0" visitedSequencePoints="0" numBranchPoints="0" visitedBranchPoints="0" sequenceCoverage="0" branchCoverage="0" maxCyclomaticComplexity="0" minCyclomaticComplexity="0" visitedClasses="0" numClasses="0" visitedMethods="0" numMethods="0" />
          <FullName>IBM.Watson.DeveloperCloud.Services.VisualRecognition.v3.VisualRecognition/OnGetCollections</FullName>
          <Methods>
            <Method skippedDueTo="Unknown" visited="false" cyclomaticComplexity="0" nPathComplexity="0" sequenceCoverage="0" branchCoverage="0" isConstructor="true" isStatic="false" isGetter="false" isSetter="false">
              <MetadataToken>100666108</MetadataToken>
              <Name>System.Void IBM.Watson.DeveloperCloud.Services.VisualRecognition.v3.VisualRecognition/OnGetCollections::.ctor(System.Object,System.IntPtr)</Name>
              <SequencePoints />
              <BranchPoints />
            </Method>
            <Method skippedDueTo="Unknown" visited="false" cyclomaticComplexity="0" nPathComplexity="0" sequenceCoverage="0" branchCoverage="0" isConstructor="false" isStatic="false" isGetter="false" isSetter="false">
              <MetadataToken>100666109</MetadataToken>
              <Name>System.Void IBM.Watson.DeveloperCloud.Services.VisualRecognition.v3.VisualRecognition/OnGetCollections::Invoke(IBM.Watson.DeveloperCloud.Services.VisualRecognition.v3.GetCollections,System.String)</Name>
              <SequencePoints />
              <BranchPoints />
            </Method>
            <Method skippedDueTo="Unknown" visited="false" cyclomaticComplexity="0" nPathComplexity="0" sequenceCoverage="0" branchCoverage="0" isConstructor="false" isStatic="false" isGetter="false" isSetter="false">
              <MetadataToken>100666110</MetadataToken>
              <Name>System.IAsyncResult IBM.Watson.DeveloperCloud.Services.VisualRecognition.v3.VisualRecognition/OnGetCollections::BeginInvoke(IBM.Watson.DeveloperCloud.Services.VisualRecognition.v3.GetCollections,System.String,System.AsyncCallback,System.Object)</Name>
              <SequencePoints />
              <BranchPoints />
            </Method>
            <Method skippedDueTo="Unknown" visited="false" cyclomaticComplexity="0" nPathComplexity="0" sequenceCoverage="0" branchCoverage="0" isConstructor="false" isStatic="false" isGetter="false" isSetter="false">
              <MetadataToken>100666111</MetadataToken>
              <Name>System.Void IBM.Watson.DeveloperCloud.Services.VisualRecognition.v3.VisualRecognition/OnGetCollections::EndInvoke(System.IAsyncResult)</Name>
              <SequencePoints />
              <BranchPoints />
            </Method>
          </Methods>
        </Class>
        <Class>
          <Summary numSequencePoints="0" visitedSequencePoints="0" numBranchPoints="0" visitedBranchPoints="0" sequenceCoverage="0" branchCoverage="0" maxCyclomaticComplexity="0" minCyclomaticComplexity="0" visitedClasses="0" numClasses="0" visitedMethods="0" numMethods="0" />
          <FullName>IBM.Watson.DeveloperCloud.Services.VisualRecognition.v3.VisualRecognition/OnCreateCollection</FullName>
          <Methods>
            <Method skippedDueTo="Unknown" visited="false" cyclomaticComplexity="0" nPathComplexity="0" sequenceCoverage="0" branchCoverage="0" isConstructor="true" isStatic="false" isGetter="false" isSetter="false">
              <MetadataToken>100666112</MetadataToken>
              <Name>System.Void IBM.Watson.DeveloperCloud.Services.VisualRecognition.v3.VisualRecognition/OnCreateCollection::.ctor(System.Object,System.IntPtr)</Name>
              <SequencePoints />
              <BranchPoints />
            </Method>
            <Method skippedDueTo="Unknown" visited="false" cyclomaticComplexity="0" nPathComplexity="0" sequenceCoverage="0" branchCoverage="0" isConstructor="false" isStatic="false" isGetter="false" isSetter="false">
              <MetadataToken>100666113</MetadataToken>
              <Name>System.Void IBM.Watson.DeveloperCloud.Services.VisualRecognition.v3.VisualRecognition/OnCreateCollection::Invoke(IBM.Watson.DeveloperCloud.Services.VisualRecognition.v3.CreateCollection,System.String)</Name>
              <SequencePoints />
              <BranchPoints />
            </Method>
            <Method skippedDueTo="Unknown" visited="false" cyclomaticComplexity="0" nPathComplexity="0" sequenceCoverage="0" branchCoverage="0" isConstructor="false" isStatic="false" isGetter="false" isSetter="false">
              <MetadataToken>100666114</MetadataToken>
              <Name>System.IAsyncResult IBM.Watson.DeveloperCloud.Services.VisualRecognition.v3.VisualRecognition/OnCreateCollection::BeginInvoke(IBM.Watson.DeveloperCloud.Services.VisualRecognition.v3.CreateCollection,System.String,System.AsyncCallback,System.Object)</Name>
              <SequencePoints />
              <BranchPoints />
            </Method>
            <Method skippedDueTo="Unknown" visited="false" cyclomaticComplexity="0" nPathComplexity="0" sequenceCoverage="0" branchCoverage="0" isConstructor="false" isStatic="false" isGetter="false" isSetter="false">
              <MetadataToken>100666115</MetadataToken>
              <Name>System.Void IBM.Watson.DeveloperCloud.Services.VisualRecognition.v3.VisualRecognition/OnCreateCollection::EndInvoke(System.IAsyncResult)</Name>
              <SequencePoints />
              <BranchPoints />
            </Method>
          </Methods>
        </Class>
        <Class>
          <Summary numSequencePoints="0" visitedSequencePoints="0" numBranchPoints="0" visitedBranchPoints="0" sequenceCoverage="0" branchCoverage="0" maxCyclomaticComplexity="0" minCyclomaticComplexity="0" visitedClasses="0" numClasses="0" visitedMethods="0" numMethods="0" />
          <FullName>IBM.Watson.DeveloperCloud.Services.VisualRecognition.v3.VisualRecognition/OnDeleteCollection</FullName>
          <Methods>
            <Method skippedDueTo="Unknown" visited="false" cyclomaticComplexity="0" nPathComplexity="0" sequenceCoverage="0" branchCoverage="0" isConstructor="true" isStatic="false" isGetter="false" isSetter="false">
              <MetadataToken>100666116</MetadataToken>
              <Name>System.Void IBM.Watson.DeveloperCloud.Services.VisualRecognition.v3.VisualRecognition/OnDeleteCollection::.ctor(System.Object,System.IntPtr)</Name>
              <SequencePoints />
              <BranchPoints />
            </Method>
            <Method skippedDueTo="Unknown" visited="false" cyclomaticComplexity="0" nPathComplexity="0" sequenceCoverage="0" branchCoverage="0" isConstructor="false" isStatic="false" isGetter="false" isSetter="false">
              <MetadataToken>100666117</MetadataToken>
              <Name>System.Void IBM.Watson.DeveloperCloud.Services.VisualRecognition.v3.VisualRecognition/OnDeleteCollection::Invoke(System.Boolean,System.String)</Name>
              <SequencePoints />
              <BranchPoints />
            </Method>
            <Method skippedDueTo="Unknown" visited="false" cyclomaticComplexity="0" nPathComplexity="0" sequenceCoverage="0" branchCoverage="0" isConstructor="false" isStatic="false" isGetter="false" isSetter="false">
              <MetadataToken>100666118</MetadataToken>
              <Name>System.IAsyncResult IBM.Watson.DeveloperCloud.Services.VisualRecognition.v3.VisualRecognition/OnDeleteCollection::BeginInvoke(System.Boolean,System.String,System.AsyncCallback,System.Object)</Name>
              <SequencePoints />
              <BranchPoints />
            </Method>
            <Method skippedDueTo="Unknown" visited="false" cyclomaticComplexity="0" nPathComplexity="0" sequenceCoverage="0" branchCoverage="0" isConstructor="false" isStatic="false" isGetter="false" isSetter="false">
              <MetadataToken>100666119</MetadataToken>
              <Name>System.Void IBM.Watson.DeveloperCloud.Services.VisualRecognition.v3.VisualRecognition/OnDeleteCollection::EndInvoke(System.IAsyncResult)</Name>
              <SequencePoints />
              <BranchPoints />
            </Method>
          </Methods>
        </Class>
        <Class>
          <Summary numSequencePoints="0" visitedSequencePoints="0" numBranchPoints="0" visitedBranchPoints="0" sequenceCoverage="0" branchCoverage="0" maxCyclomaticComplexity="0" minCyclomaticComplexity="0" visitedClasses="0" numClasses="0" visitedMethods="0" numMethods="0" />
          <FullName>IBM.Watson.DeveloperCloud.Services.VisualRecognition.v3.VisualRecognition/OnGetCollection</FullName>
          <Methods>
            <Method skippedDueTo="Unknown" visited="false" cyclomaticComplexity="0" nPathComplexity="0" sequenceCoverage="0" branchCoverage="0" isConstructor="true" isStatic="false" isGetter="false" isSetter="false">
              <MetadataToken>100666120</MetadataToken>
              <Name>System.Void IBM.Watson.DeveloperCloud.Services.VisualRecognition.v3.VisualRecognition/OnGetCollection::.ctor(System.Object,System.IntPtr)</Name>
              <SequencePoints />
              <BranchPoints />
            </Method>
            <Method skippedDueTo="Unknown" visited="false" cyclomaticComplexity="0" nPathComplexity="0" sequenceCoverage="0" branchCoverage="0" isConstructor="false" isStatic="false" isGetter="false" isSetter="false">
              <MetadataToken>100666121</MetadataToken>
              <Name>System.Void IBM.Watson.DeveloperCloud.Services.VisualRecognition.v3.VisualRecognition/OnGetCollection::Invoke(IBM.Watson.DeveloperCloud.Services.VisualRecognition.v3.CreateCollection,System.String)</Name>
              <SequencePoints />
              <BranchPoints />
            </Method>
            <Method skippedDueTo="Unknown" visited="false" cyclomaticComplexity="0" nPathComplexity="0" sequenceCoverage="0" branchCoverage="0" isConstructor="false" isStatic="false" isGetter="false" isSetter="false">
              <MetadataToken>100666122</MetadataToken>
              <Name>System.IAsyncResult IBM.Watson.DeveloperCloud.Services.VisualRecognition.v3.VisualRecognition/OnGetCollection::BeginInvoke(IBM.Watson.DeveloperCloud.Services.VisualRecognition.v3.CreateCollection,System.String,System.AsyncCallback,System.Object)</Name>
              <SequencePoints />
              <BranchPoints />
            </Method>
            <Method skippedDueTo="Unknown" visited="false" cyclomaticComplexity="0" nPathComplexity="0" sequenceCoverage="0" branchCoverage="0" isConstructor="false" isStatic="false" isGetter="false" isSetter="false">
              <MetadataToken>100666123</MetadataToken>
              <Name>System.Void IBM.Watson.DeveloperCloud.Services.VisualRecognition.v3.VisualRecognition/OnGetCollection::EndInvoke(System.IAsyncResult)</Name>
              <SequencePoints />
              <BranchPoints />
            </Method>
          </Methods>
        </Class>
        <Class>
          <Summary numSequencePoints="0" visitedSequencePoints="0" numBranchPoints="0" visitedBranchPoints="0" sequenceCoverage="0" branchCoverage="0" maxCyclomaticComplexity="0" minCyclomaticComplexity="0" visitedClasses="0" numClasses="0" visitedMethods="0" numMethods="0" />
          <FullName>IBM.Watson.DeveloperCloud.Services.VisualRecognition.v3.VisualRecognition/OnGetCollectionImages</FullName>
          <Methods>
            <Method skippedDueTo="Unknown" visited="false" cyclomaticComplexity="0" nPathComplexity="0" sequenceCoverage="0" branchCoverage="0" isConstructor="true" isStatic="false" isGetter="false" isSetter="false">
              <MetadataToken>100666124</MetadataToken>
              <Name>System.Void IBM.Watson.DeveloperCloud.Services.VisualRecognition.v3.VisualRecognition/OnGetCollectionImages::.ctor(System.Object,System.IntPtr)</Name>
              <SequencePoints />
              <BranchPoints />
            </Method>
            <Method skippedDueTo="Unknown" visited="false" cyclomaticComplexity="0" nPathComplexity="0" sequenceCoverage="0" branchCoverage="0" isConstructor="false" isStatic="false" isGetter="false" isSetter="false">
              <MetadataToken>100666125</MetadataToken>
              <Name>System.Void IBM.Watson.DeveloperCloud.Services.VisualRecognition.v3.VisualRecognition/OnGetCollectionImages::Invoke(IBM.Watson.DeveloperCloud.Services.VisualRecognition.v3.GetCollectionImages,System.String)</Name>
              <SequencePoints />
              <BranchPoints />
            </Method>
            <Method skippedDueTo="Unknown" visited="false" cyclomaticComplexity="0" nPathComplexity="0" sequenceCoverage="0" branchCoverage="0" isConstructor="false" isStatic="false" isGetter="false" isSetter="false">
              <MetadataToken>100666126</MetadataToken>
              <Name>System.IAsyncResult IBM.Watson.DeveloperCloud.Services.VisualRecognition.v3.VisualRecognition/OnGetCollectionImages::BeginInvoke(IBM.Watson.DeveloperCloud.Services.VisualRecognition.v3.GetCollectionImages,System.String,System.AsyncCallback,System.Object)</Name>
              <SequencePoints />
              <BranchPoints />
            </Method>
            <Method skippedDueTo="Unknown" visited="false" cyclomaticComplexity="0" nPathComplexity="0" sequenceCoverage="0" branchCoverage="0" isConstructor="false" isStatic="false" isGetter="false" isSetter="false">
              <MetadataToken>100666127</MetadataToken>
              <Name>System.Void IBM.Watson.DeveloperCloud.Services.VisualRecognition.v3.VisualRecognition/OnGetCollectionImages::EndInvoke(System.IAsyncResult)</Name>
              <SequencePoints />
              <BranchPoints />
            </Method>
          </Methods>
        </Class>
        <Class>
          <Summary numSequencePoints="0" visitedSequencePoints="0" numBranchPoints="0" visitedBranchPoints="0" sequenceCoverage="0" branchCoverage="0" maxCyclomaticComplexity="0" minCyclomaticComplexity="0" visitedClasses="0" numClasses="0" visitedMethods="0" numMethods="0" />
          <FullName>IBM.Watson.DeveloperCloud.Services.VisualRecognition.v3.VisualRecognition/OnAddCollectionImage</FullName>
          <Methods>
            <Method skippedDueTo="Unknown" visited="false" cyclomaticComplexity="0" nPathComplexity="0" sequenceCoverage="0" branchCoverage="0" isConstructor="true" isStatic="false" isGetter="false" isSetter="false">
              <MetadataToken>100666128</MetadataToken>
              <Name>System.Void IBM.Watson.DeveloperCloud.Services.VisualRecognition.v3.VisualRecognition/OnAddCollectionImage::.ctor(System.Object,System.IntPtr)</Name>
              <SequencePoints />
              <BranchPoints />
            </Method>
            <Method skippedDueTo="Unknown" visited="false" cyclomaticComplexity="0" nPathComplexity="0" sequenceCoverage="0" branchCoverage="0" isConstructor="false" isStatic="false" isGetter="false" isSetter="false">
              <MetadataToken>100666129</MetadataToken>
              <Name>System.Void IBM.Watson.DeveloperCloud.Services.VisualRecognition.v3.VisualRecognition/OnAddCollectionImage::Invoke(IBM.Watson.DeveloperCloud.Services.VisualRecognition.v3.CollectionsConfig,System.String)</Name>
              <SequencePoints />
              <BranchPoints />
            </Method>
            <Method skippedDueTo="Unknown" visited="false" cyclomaticComplexity="0" nPathComplexity="0" sequenceCoverage="0" branchCoverage="0" isConstructor="false" isStatic="false" isGetter="false" isSetter="false">
              <MetadataToken>100666130</MetadataToken>
              <Name>System.IAsyncResult IBM.Watson.DeveloperCloud.Services.VisualRecognition.v3.VisualRecognition/OnAddCollectionImage::BeginInvoke(IBM.Watson.DeveloperCloud.Services.VisualRecognition.v3.CollectionsConfig,System.String,System.AsyncCallback,System.Object)</Name>
              <SequencePoints />
              <BranchPoints />
            </Method>
            <Method skippedDueTo="Unknown" visited="false" cyclomaticComplexity="0" nPathComplexity="0" sequenceCoverage="0" branchCoverage="0" isConstructor="false" isStatic="false" isGetter="false" isSetter="false">
              <MetadataToken>100666131</MetadataToken>
              <Name>System.Void IBM.Watson.DeveloperCloud.Services.VisualRecognition.v3.VisualRecognition/OnAddCollectionImage::EndInvoke(System.IAsyncResult)</Name>
              <SequencePoints />
              <BranchPoints />
            </Method>
          </Methods>
        </Class>
        <Class>
          <Summary numSequencePoints="0" visitedSequencePoints="0" numBranchPoints="0" visitedBranchPoints="0" sequenceCoverage="0" branchCoverage="0" maxCyclomaticComplexity="0" minCyclomaticComplexity="0" visitedClasses="0" numClasses="0" visitedMethods="0" numMethods="0" />
          <FullName>IBM.Watson.DeveloperCloud.Services.VisualRecognition.v3.VisualRecognition/OnDeleteCollectionImage</FullName>
          <Methods>
            <Method skippedDueTo="Unknown" visited="false" cyclomaticComplexity="0" nPathComplexity="0" sequenceCoverage="0" branchCoverage="0" isConstructor="true" isStatic="false" isGetter="false" isSetter="false">
              <MetadataToken>100666132</MetadataToken>
              <Name>System.Void IBM.Watson.DeveloperCloud.Services.VisualRecognition.v3.VisualRecognition/OnDeleteCollectionImage::.ctor(System.Object,System.IntPtr)</Name>
              <SequencePoints />
              <BranchPoints />
            </Method>
            <Method skippedDueTo="Unknown" visited="false" cyclomaticComplexity="0" nPathComplexity="0" sequenceCoverage="0" branchCoverage="0" isConstructor="false" isStatic="false" isGetter="false" isSetter="false">
              <MetadataToken>100666133</MetadataToken>
              <Name>System.Void IBM.Watson.DeveloperCloud.Services.VisualRecognition.v3.VisualRecognition/OnDeleteCollectionImage::Invoke(System.Boolean,System.String)</Name>
              <SequencePoints />
              <BranchPoints />
            </Method>
            <Method skippedDueTo="Unknown" visited="false" cyclomaticComplexity="0" nPathComplexity="0" sequenceCoverage="0" branchCoverage="0" isConstructor="false" isStatic="false" isGetter="false" isSetter="false">
              <MetadataToken>100666134</MetadataToken>
              <Name>System.IAsyncResult IBM.Watson.DeveloperCloud.Services.VisualRecognition.v3.VisualRecognition/OnDeleteCollectionImage::BeginInvoke(System.Boolean,System.String,System.AsyncCallback,System.Object)</Name>
              <SequencePoints />
              <BranchPoints />
            </Method>
            <Method skippedDueTo="Unknown" visited="false" cyclomaticComplexity="0" nPathComplexity="0" sequenceCoverage="0" branchCoverage="0" isConstructor="false" isStatic="false" isGetter="false" isSetter="false">
              <MetadataToken>100666135</MetadataToken>
              <Name>System.Void IBM.Watson.DeveloperCloud.Services.VisualRecognition.v3.VisualRecognition/OnDeleteCollectionImage::EndInvoke(System.IAsyncResult)</Name>
              <SequencePoints />
              <BranchPoints />
            </Method>
          </Methods>
        </Class>
        <Class>
          <Summary numSequencePoints="0" visitedSequencePoints="0" numBranchPoints="0" visitedBranchPoints="0" sequenceCoverage="0" branchCoverage="0" maxCyclomaticComplexity="0" minCyclomaticComplexity="0" visitedClasses="0" numClasses="0" visitedMethods="0" numMethods="0" />
          <FullName>IBM.Watson.DeveloperCloud.Services.VisualRecognition.v3.VisualRecognition/OnGetImageDetails</FullName>
          <Methods>
            <Method skippedDueTo="Unknown" visited="false" cyclomaticComplexity="0" nPathComplexity="0" sequenceCoverage="0" branchCoverage="0" isConstructor="true" isStatic="false" isGetter="false" isSetter="false">
              <MetadataToken>100666136</MetadataToken>
              <Name>System.Void IBM.Watson.DeveloperCloud.Services.VisualRecognition.v3.VisualRecognition/OnGetImageDetails::.ctor(System.Object,System.IntPtr)</Name>
              <SequencePoints />
              <BranchPoints />
            </Method>
            <Method skippedDueTo="Unknown" visited="false" cyclomaticComplexity="0" nPathComplexity="0" sequenceCoverage="0" branchCoverage="0" isConstructor="false" isStatic="false" isGetter="false" isSetter="false">
              <MetadataToken>100666137</MetadataToken>
              <Name>System.Void IBM.Watson.DeveloperCloud.Services.VisualRecognition.v3.VisualRecognition/OnGetImageDetails::Invoke(IBM.Watson.DeveloperCloud.Services.VisualRecognition.v3.GetCollectionsBrief,System.String)</Name>
              <SequencePoints />
              <BranchPoints />
            </Method>
            <Method skippedDueTo="Unknown" visited="false" cyclomaticComplexity="0" nPathComplexity="0" sequenceCoverage="0" branchCoverage="0" isConstructor="false" isStatic="false" isGetter="false" isSetter="false">
              <MetadataToken>100666138</MetadataToken>
              <Name>System.IAsyncResult IBM.Watson.DeveloperCloud.Services.VisualRecognition.v3.VisualRecognition/OnGetImageDetails::BeginInvoke(IBM.Watson.DeveloperCloud.Services.VisualRecognition.v3.GetCollectionsBrief,System.String,System.AsyncCallback,System.Object)</Name>
              <SequencePoints />
              <BranchPoints />
            </Method>
            <Method skippedDueTo="Unknown" visited="false" cyclomaticComplexity="0" nPathComplexity="0" sequenceCoverage="0" branchCoverage="0" isConstructor="false" isStatic="false" isGetter="false" isSetter="false">
              <MetadataToken>100666139</MetadataToken>
              <Name>System.Void IBM.Watson.DeveloperCloud.Services.VisualRecognition.v3.VisualRecognition/OnGetImageDetails::EndInvoke(System.IAsyncResult)</Name>
              <SequencePoints />
              <BranchPoints />
            </Method>
          </Methods>
        </Class>
        <Class>
          <Summary numSequencePoints="0" visitedSequencePoints="0" numBranchPoints="0" visitedBranchPoints="0" sequenceCoverage="0" branchCoverage="0" maxCyclomaticComplexity="0" minCyclomaticComplexity="0" visitedClasses="0" numClasses="0" visitedMethods="0" numMethods="0" />
          <FullName>IBM.Watson.DeveloperCloud.Services.VisualRecognition.v3.VisualRecognition/OnDeleteImageMetadata</FullName>
          <Methods>
            <Method skippedDueTo="Unknown" visited="false" cyclomaticComplexity="0" nPathComplexity="0" sequenceCoverage="0" branchCoverage="0" isConstructor="true" isStatic="false" isGetter="false" isSetter="false">
              <MetadataToken>100666140</MetadataToken>
              <Name>System.Void IBM.Watson.DeveloperCloud.Services.VisualRecognition.v3.VisualRecognition/OnDeleteImageMetadata::.ctor(System.Object,System.IntPtr)</Name>
              <SequencePoints />
              <BranchPoints />
            </Method>
            <Method skippedDueTo="Unknown" visited="false" cyclomaticComplexity="0" nPathComplexity="0" sequenceCoverage="0" branchCoverage="0" isConstructor="false" isStatic="false" isGetter="false" isSetter="false">
              <MetadataToken>100666141</MetadataToken>
              <Name>System.Void IBM.Watson.DeveloperCloud.Services.VisualRecognition.v3.VisualRecognition/OnDeleteImageMetadata::Invoke(System.Boolean,System.String)</Name>
              <SequencePoints />
              <BranchPoints />
            </Method>
            <Method skippedDueTo="Unknown" visited="false" cyclomaticComplexity="0" nPathComplexity="0" sequenceCoverage="0" branchCoverage="0" isConstructor="false" isStatic="false" isGetter="false" isSetter="false">
              <MetadataToken>100666142</MetadataToken>
              <Name>System.IAsyncResult IBM.Watson.DeveloperCloud.Services.VisualRecognition.v3.VisualRecognition/OnDeleteImageMetadata::BeginInvoke(System.Boolean,System.String,System.AsyncCallback,System.Object)</Name>
              <SequencePoints />
              <BranchPoints />
            </Method>
            <Method skippedDueTo="Unknown" visited="false" cyclomaticComplexity="0" nPathComplexity="0" sequenceCoverage="0" branchCoverage="0" isConstructor="false" isStatic="false" isGetter="false" isSetter="false">
              <MetadataToken>100666143</MetadataToken>
              <Name>System.Void IBM.Watson.DeveloperCloud.Services.VisualRecognition.v3.VisualRecognition/OnDeleteImageMetadata::EndInvoke(System.IAsyncResult)</Name>
              <SequencePoints />
              <BranchPoints />
            </Method>
          </Methods>
        </Class>
        <Class>
          <Summary numSequencePoints="0" visitedSequencePoints="0" numBranchPoints="0" visitedBranchPoints="0" sequenceCoverage="0" branchCoverage="0" maxCyclomaticComplexity="0" minCyclomaticComplexity="0" visitedClasses="0" numClasses="0" visitedMethods="0" numMethods="0" />
          <FullName>IBM.Watson.DeveloperCloud.Services.VisualRecognition.v3.VisualRecognition/OnGetImageMetadata</FullName>
          <Methods>
            <Method skippedDueTo="Unknown" visited="false" cyclomaticComplexity="0" nPathComplexity="0" sequenceCoverage="0" branchCoverage="0" isConstructor="true" isStatic="false" isGetter="false" isSetter="false">
              <MetadataToken>100666144</MetadataToken>
              <Name>System.Void IBM.Watson.DeveloperCloud.Services.VisualRecognition.v3.VisualRecognition/OnGetImageMetadata::.ctor(System.Object,System.IntPtr)</Name>
              <SequencePoints />
              <BranchPoints />
            </Method>
            <Method skippedDueTo="Unknown" visited="false" cyclomaticComplexity="0" nPathComplexity="0" sequenceCoverage="0" branchCoverage="0" isConstructor="false" isStatic="false" isGetter="false" isSetter="false">
              <MetadataToken>100666145</MetadataToken>
              <Name>System.Void IBM.Watson.DeveloperCloud.Services.VisualRecognition.v3.VisualRecognition/OnGetImageMetadata::Invoke(System.Object,System.String)</Name>
              <SequencePoints />
              <BranchPoints />
            </Method>
            <Method skippedDueTo="Unknown" visited="false" cyclomaticComplexity="0" nPathComplexity="0" sequenceCoverage="0" branchCoverage="0" isConstructor="false" isStatic="false" isGetter="false" isSetter="false">
              <MetadataToken>100666146</MetadataToken>
              <Name>System.IAsyncResult IBM.Watson.DeveloperCloud.Services.VisualRecognition.v3.VisualRecognition/OnGetImageMetadata::BeginInvoke(System.Object,System.String,System.AsyncCallback,System.Object)</Name>
              <SequencePoints />
              <BranchPoints />
            </Method>
            <Method skippedDueTo="Unknown" visited="false" cyclomaticComplexity="0" nPathComplexity="0" sequenceCoverage="0" branchCoverage="0" isConstructor="false" isStatic="false" isGetter="false" isSetter="false">
              <MetadataToken>100666147</MetadataToken>
              <Name>System.Void IBM.Watson.DeveloperCloud.Services.VisualRecognition.v3.VisualRecognition/OnGetImageMetadata::EndInvoke(System.IAsyncResult)</Name>
              <SequencePoints />
              <BranchPoints />
            </Method>
          </Methods>
        </Class>
        <Class>
          <Summary numSequencePoints="0" visitedSequencePoints="0" numBranchPoints="0" visitedBranchPoints="0" sequenceCoverage="0" branchCoverage="0" maxCyclomaticComplexity="0" minCyclomaticComplexity="0" visitedClasses="0" numClasses="0" visitedMethods="0" numMethods="0" />
          <FullName>IBM.Watson.DeveloperCloud.Services.VisualRecognition.v3.VisualRecognition/OnFindSimilar</FullName>
          <Methods>
            <Method skippedDueTo="Unknown" visited="false" cyclomaticComplexity="0" nPathComplexity="0" sequenceCoverage="0" branchCoverage="0" isConstructor="true" isStatic="false" isGetter="false" isSetter="false">
              <MetadataToken>100666148</MetadataToken>
              <Name>System.Void IBM.Watson.DeveloperCloud.Services.VisualRecognition.v3.VisualRecognition/OnFindSimilar::.ctor(System.Object,System.IntPtr)</Name>
              <SequencePoints />
              <BranchPoints />
            </Method>
            <Method skippedDueTo="Unknown" visited="false" cyclomaticComplexity="0" nPathComplexity="0" sequenceCoverage="0" branchCoverage="0" isConstructor="false" isStatic="false" isGetter="false" isSetter="false">
              <MetadataToken>100666149</MetadataToken>
              <Name>System.Void IBM.Watson.DeveloperCloud.Services.VisualRecognition.v3.VisualRecognition/OnFindSimilar::Invoke(IBM.Watson.DeveloperCloud.Services.VisualRecognition.v3.SimilarImagesConfig,System.String)</Name>
              <SequencePoints />
              <BranchPoints />
            </Method>
            <Method skippedDueTo="Unknown" visited="false" cyclomaticComplexity="0" nPathComplexity="0" sequenceCoverage="0" branchCoverage="0" isConstructor="false" isStatic="false" isGetter="false" isSetter="false">
              <MetadataToken>100666150</MetadataToken>
              <Name>System.IAsyncResult IBM.Watson.DeveloperCloud.Services.VisualRecognition.v3.VisualRecognition/OnFindSimilar::BeginInvoke(IBM.Watson.DeveloperCloud.Services.VisualRecognition.v3.SimilarImagesConfig,System.String,System.AsyncCallback,System.Object)</Name>
              <SequencePoints />
              <BranchPoints />
            </Method>
            <Method skippedDueTo="Unknown" visited="false" cyclomaticComplexity="0" nPathComplexity="0" sequenceCoverage="0" branchCoverage="0" isConstructor="false" isStatic="false" isGetter="false" isSetter="false">
              <MetadataToken>100666151</MetadataToken>
              <Name>System.Void IBM.Watson.DeveloperCloud.Services.VisualRecognition.v3.VisualRecognition/OnFindSimilar::EndInvoke(System.IAsyncResult)</Name>
              <SequencePoints />
              <BranchPoints />
            </Method>
          </Methods>
        </Class>
        <Class>
          <Summary numSequencePoints="0" visitedSequencePoints="0" numBranchPoints="0" visitedBranchPoints="0" sequenceCoverage="0" branchCoverage="0" maxCyclomaticComplexity="0" minCyclomaticComplexity="0" visitedClasses="0" numClasses="0" visitedMethods="0" numMethods="0" />
          <FullName>IBM.Watson.DeveloperCloud.Services.VisualRecognition.v3.VisualRecognition/LoadFileDelegate</FullName>
          <Methods>
            <Method skippedDueTo="Unknown" visited="false" cyclomaticComplexity="0" nPathComplexity="0" sequenceCoverage="0" branchCoverage="0" isConstructor="true" isStatic="false" isGetter="false" isSetter="false">
              <MetadataToken>100666152</MetadataToken>
              <Name>System.Void IBM.Watson.DeveloperCloud.Services.VisualRecognition.v3.VisualRecognition/LoadFileDelegate::.ctor(System.Object,System.IntPtr)</Name>
              <SequencePoints />
              <BranchPoints />
            </Method>
            <Method skippedDueTo="Unknown" visited="false" cyclomaticComplexity="0" nPathComplexity="0" sequenceCoverage="0" branchCoverage="0" isConstructor="false" isStatic="false" isGetter="false" isSetter="false">
              <MetadataToken>100666153</MetadataToken>
              <Name>System.Byte[] IBM.Watson.DeveloperCloud.Services.VisualRecognition.v3.VisualRecognition/LoadFileDelegate::Invoke(System.String)</Name>
              <SequencePoints />
              <BranchPoints />
            </Method>
            <Method skippedDueTo="Unknown" visited="false" cyclomaticComplexity="0" nPathComplexity="0" sequenceCoverage="0" branchCoverage="0" isConstructor="false" isStatic="false" isGetter="false" isSetter="false">
              <MetadataToken>100666154</MetadataToken>
              <Name>System.IAsyncResult IBM.Watson.DeveloperCloud.Services.VisualRecognition.v3.VisualRecognition/LoadFileDelegate::BeginInvoke(System.String,System.AsyncCallback,System.Object)</Name>
              <SequencePoints />
              <BranchPoints />
            </Method>
            <Method skippedDueTo="Unknown" visited="false" cyclomaticComplexity="0" nPathComplexity="0" sequenceCoverage="0" branchCoverage="0" isConstructor="false" isStatic="false" isGetter="false" isSetter="false">
              <MetadataToken>100666155</MetadataToken>
              <Name>System.Byte[] IBM.Watson.DeveloperCloud.Services.VisualRecognition.v3.VisualRecognition/LoadFileDelegate::EndInvoke(System.IAsyncResult)</Name>
              <SequencePoints />
              <BranchPoints />
            </Method>
          </Methods>
        </Class>
        <Class>
          <Summary numSequencePoints="6" visitedSequencePoints="5" numBranchPoints="6" visitedBranchPoints="5" sequenceCoverage="83.33" branchCoverage="83.33" maxCyclomaticComplexity="1" minCyclomaticComplexity="1" visitedClasses="1" numClasses="1" visitedMethods="5" numMethods="6" />
          <FullName>IBM.Watson.DeveloperCloud.Services.VisualRecognition.v3.VisualRecognition/ClassifyReq</FullName>
          <Methods>
            <Method visited="true" cyclomaticComplexity="1" nPathComplexity="0" sequenceCoverage="100" branchCoverage="100" isConstructor="false" isStatic="false" isGetter="true" isSetter="false">
              <Summary numSequencePoints="1" visitedSequencePoints="1" numBranchPoints="1" visitedBranchPoints="1" sequenceCoverage="100" branchCoverage="100" maxCyclomaticComplexity="1" minCyclomaticComplexity="1" visitedClasses="0" numClasses="0" visitedMethods="1" numMethods="1" />
              <MetadataToken>100666156</MetadataToken>
              <Name>System.String IBM.Watson.DeveloperCloud.Services.VisualRecognition.v3.VisualRecognition/ClassifyReq::get_Data()</Name>
              <FileRef uid="55" />
              <SequencePoints>
                <SequencePoint vc="2" uspid="2702" ordinal="0" offset="0" sl="332" sc="28" el="332" ec="32" bec="0" bev="0" fileid="55" />
              </SequencePoints>
              <BranchPoints />
              <MethodPoint xsi:type="SequencePoint" vc="2" uspid="2702" ordinal="0" offset="0" sl="332" sc="28" el="332" ec="32" bec="0" bev="0" fileid="55" />
            </Method>
            <Method visited="true" cyclomaticComplexity="1" nPathComplexity="0" sequenceCoverage="100" branchCoverage="100" isConstructor="false" isStatic="false" isGetter="false" isSetter="true">
              <Summary numSequencePoints="1" visitedSequencePoints="1" numBranchPoints="1" visitedBranchPoints="1" sequenceCoverage="100" branchCoverage="100" maxCyclomaticComplexity="1" minCyclomaticComplexity="1" visitedClasses="0" numClasses="0" visitedMethods="1" numMethods="1" />
              <MetadataToken>100666157</MetadataToken>
              <Name>System.Void IBM.Watson.DeveloperCloud.Services.VisualRecognition.v3.VisualRecognition/ClassifyReq::set_Data(System.String)</Name>
              <FileRef uid="55" />
              <SequencePoints>
                <SequencePoint vc="2" uspid="2703" ordinal="0" offset="0" sl="332" sc="33" el="332" ec="37" bec="0" bev="0" fileid="55" />
              </SequencePoints>
              <BranchPoints />
              <MethodPoint xsi:type="SequencePoint" vc="2" uspid="2703" ordinal="0" offset="0" sl="332" sc="33" el="332" ec="37" bec="0" bev="0" fileid="55" />
            </Method>
            <Method visited="true" cyclomaticComplexity="1" nPathComplexity="0" sequenceCoverage="100" branchCoverage="100" isConstructor="false" isStatic="false" isGetter="true" isSetter="false">
              <Summary numSequencePoints="1" visitedSequencePoints="1" numBranchPoints="1" visitedBranchPoints="1" sequenceCoverage="100" branchCoverage="100" maxCyclomaticComplexity="1" minCyclomaticComplexity="1" visitedClasses="0" numClasses="0" visitedMethods="1" numMethods="1" />
              <MetadataToken>100666158</MetadataToken>
              <Name>IBM.Watson.DeveloperCloud.Services.VisualRecognition.v3.VisualRecognition/OnClassify IBM.Watson.DeveloperCloud.Services.VisualRecognition.v3.VisualRecognition/ClassifyReq::get_Callback()</Name>
              <FileRef uid="55" />
              <SequencePoints>
                <SequencePoint vc="4" uspid="2704" ordinal="0" offset="0" sl="336" sc="36" el="336" ec="40" bec="0" bev="0" fileid="55" />
              </SequencePoints>
              <BranchPoints />
              <MethodPoint xsi:type="SequencePoint" vc="4" uspid="2704" ordinal="0" offset="0" sl="336" sc="36" el="336" ec="40" bec="0" bev="0" fileid="55" />
            </Method>
            <Method visited="true" cyclomaticComplexity="1" nPathComplexity="0" sequenceCoverage="100" branchCoverage="100" isConstructor="false" isStatic="false" isGetter="false" isSetter="true">
              <Summary numSequencePoints="1" visitedSequencePoints="1" numBranchPoints="1" visitedBranchPoints="1" sequenceCoverage="100" branchCoverage="100" maxCyclomaticComplexity="1" minCyclomaticComplexity="1" visitedClasses="0" numClasses="0" visitedMethods="1" numMethods="1" />
              <MetadataToken>100666159</MetadataToken>
              <Name>System.Void IBM.Watson.DeveloperCloud.Services.VisualRecognition.v3.VisualRecognition/ClassifyReq::set_Callback(IBM.Watson.DeveloperCloud.Services.VisualRecognition.v3.VisualRecognition/OnClassify)</Name>
              <FileRef uid="55" />
              <SequencePoints>
                <SequencePoint vc="2" uspid="2705" ordinal="0" offset="0" sl="336" sc="41" el="336" ec="45" bec="0" bev="0" fileid="55" />
              </SequencePoints>
              <BranchPoints />
              <MethodPoint xsi:type="SequencePoint" vc="2" uspid="2705" ordinal="0" offset="0" sl="336" sc="41" el="336" ec="45" bec="0" bev="0" fileid="55" />
            </Method>
            <Method visited="false" cyclomaticComplexity="1" nPathComplexity="0" sequenceCoverage="0" branchCoverage="0" isConstructor="false" isStatic="false" isGetter="true" isSetter="false">
              <Summary numSequencePoints="1" visitedSequencePoints="0" numBranchPoints="1" visitedBranchPoints="0" sequenceCoverage="0" branchCoverage="0" maxCyclomaticComplexity="1" minCyclomaticComplexity="1" visitedClasses="0" numClasses="0" visitedMethods="0" numMethods="1" />
              <MetadataToken>100666160</MetadataToken>
              <Name>System.String IBM.Watson.DeveloperCloud.Services.VisualRecognition.v3.VisualRecognition/ClassifyReq::get_AcceptLanguage()</Name>
              <FileRef uid="55" />
              <SequencePoints>
                <SequencePoint vc="0" uspid="2706" ordinal="0" offset="0" sl="340" sc="38" el="340" ec="42" bec="0" bev="0" fileid="55" />
              </SequencePoints>
              <BranchPoints />
              <MethodPoint xsi:type="SequencePoint" vc="0" uspid="2706" ordinal="0" offset="0" sl="340" sc="38" el="340" ec="42" bec="0" bev="0" fileid="55" />
            </Method>
            <Method visited="true" cyclomaticComplexity="1" nPathComplexity="0" sequenceCoverage="100" branchCoverage="100" isConstructor="false" isStatic="false" isGetter="false" isSetter="true">
              <Summary numSequencePoints="1" visitedSequencePoints="1" numBranchPoints="1" visitedBranchPoints="1" sequenceCoverage="100" branchCoverage="100" maxCyclomaticComplexity="1" minCyclomaticComplexity="1" visitedClasses="0" numClasses="0" visitedMethods="1" numMethods="1" />
              <MetadataToken>100666161</MetadataToken>
              <Name>System.Void IBM.Watson.DeveloperCloud.Services.VisualRecognition.v3.VisualRecognition/ClassifyReq::set_AcceptLanguage(System.String)</Name>
              <FileRef uid="55" />
              <SequencePoints>
                <SequencePoint vc="2" uspid="2707" ordinal="0" offset="0" sl="340" sc="43" el="340" ec="47" bec="0" bev="0" fileid="55" />
              </SequencePoints>
              <BranchPoints />
              <MethodPoint xsi:type="SequencePoint" vc="2" uspid="2707" ordinal="0" offset="0" sl="340" sc="43" el="340" ec="47" bec="0" bev="0" fileid="55" />
            </Method>
            <Method visited="true" cyclomaticComplexity="1" nPathComplexity="0" sequenceCoverage="0" branchCoverage="0" isConstructor="true" isStatic="false" isGetter="false" isSetter="false">
              <Summary numSequencePoints="0" visitedSequencePoints="0" numBranchPoints="0" visitedBranchPoints="0" sequenceCoverage="0" branchCoverage="0" maxCyclomaticComplexity="1" minCyclomaticComplexity="1" visitedClasses="0" numClasses="0" visitedMethods="0" numMethods="0" />
              <MetadataToken>100666162</MetadataToken>
              <Name>System.Void IBM.Watson.DeveloperCloud.Services.VisualRecognition.v3.VisualRecognition/ClassifyReq::.ctor()</Name>
              <SequencePoints />
              <BranchPoints />
              <MethodPoint vc="2" uspid="2708" ordinal="0" offset="0" />
            </Method>
          </Methods>
        </Class>
        <Class>
          <Summary numSequencePoints="4" visitedSequencePoints="4" numBranchPoints="4" visitedBranchPoints="4" sequenceCoverage="100" branchCoverage="100" maxCyclomaticComplexity="1" minCyclomaticComplexity="1" visitedClasses="1" numClasses="1" visitedMethods="4" numMethods="4" />
          <FullName>IBM.Watson.DeveloperCloud.Services.VisualRecognition.v3.VisualRecognition/DetectFacesReq</FullName>
          <Methods>
            <Method visited="true" cyclomaticComplexity="1" nPathComplexity="0" sequenceCoverage="100" branchCoverage="100" isConstructor="false" isStatic="false" isGetter="true" isSetter="false">
              <Summary numSequencePoints="1" visitedSequencePoints="1" numBranchPoints="1" visitedBranchPoints="1" sequenceCoverage="100" branchCoverage="100" maxCyclomaticComplexity="1" minCyclomaticComplexity="1" visitedClasses="0" numClasses="0" visitedMethods="1" numMethods="1" />
              <MetadataToken>100666163</MetadataToken>
              <Name>System.String IBM.Watson.DeveloperCloud.Services.VisualRecognition.v3.VisualRecognition/DetectFacesReq::get_Data()</Name>
              <FileRef uid="55" />
              <SequencePoints>
                <SequencePoint vc="2" uspid="2709" ordinal="0" offset="0" sl="491" sc="28" el="491" ec="32" bec="0" bev="0" fileid="55" />
              </SequencePoints>
              <BranchPoints />
              <MethodPoint xsi:type="SequencePoint" vc="2" uspid="2709" ordinal="0" offset="0" sl="491" sc="28" el="491" ec="32" bec="0" bev="0" fileid="55" />
            </Method>
            <Method visited="true" cyclomaticComplexity="1" nPathComplexity="0" sequenceCoverage="100" branchCoverage="100" isConstructor="false" isStatic="false" isGetter="false" isSetter="true">
              <Summary numSequencePoints="1" visitedSequencePoints="1" numBranchPoints="1" visitedBranchPoints="1" sequenceCoverage="100" branchCoverage="100" maxCyclomaticComplexity="1" minCyclomaticComplexity="1" visitedClasses="0" numClasses="0" visitedMethods="1" numMethods="1" />
              <MetadataToken>100666164</MetadataToken>
              <Name>System.Void IBM.Watson.DeveloperCloud.Services.VisualRecognition.v3.VisualRecognition/DetectFacesReq::set_Data(System.String)</Name>
              <FileRef uid="55" />
              <SequencePoints>
                <SequencePoint vc="2" uspid="2710" ordinal="0" offset="0" sl="491" sc="33" el="491" ec="37" bec="0" bev="0" fileid="55" />
              </SequencePoints>
              <BranchPoints />
              <MethodPoint xsi:type="SequencePoint" vc="2" uspid="2710" ordinal="0" offset="0" sl="491" sc="33" el="491" ec="37" bec="0" bev="0" fileid="55" />
            </Method>
            <Method visited="true" cyclomaticComplexity="1" nPathComplexity="0" sequenceCoverage="100" branchCoverage="100" isConstructor="false" isStatic="false" isGetter="true" isSetter="false">
              <Summary numSequencePoints="1" visitedSequencePoints="1" numBranchPoints="1" visitedBranchPoints="1" sequenceCoverage="100" branchCoverage="100" maxCyclomaticComplexity="1" minCyclomaticComplexity="1" visitedClasses="0" numClasses="0" visitedMethods="1" numMethods="1" />
              <MetadataToken>100666165</MetadataToken>
              <Name>IBM.Watson.DeveloperCloud.Services.VisualRecognition.v3.VisualRecognition/OnDetectFaces IBM.Watson.DeveloperCloud.Services.VisualRecognition.v3.VisualRecognition/DetectFacesReq::get_Callback()</Name>
              <FileRef uid="55" />
              <SequencePoints>
                <SequencePoint vc="4" uspid="2711" ordinal="0" offset="0" sl="495" sc="39" el="495" ec="43" bec="0" bev="0" fileid="55" />
              </SequencePoints>
              <BranchPoints />
              <MethodPoint xsi:type="SequencePoint" vc="4" uspid="2711" ordinal="0" offset="0" sl="495" sc="39" el="495" ec="43" bec="0" bev="0" fileid="55" />
            </Method>
            <Method visited="true" cyclomaticComplexity="1" nPathComplexity="0" sequenceCoverage="100" branchCoverage="100" isConstructor="false" isStatic="false" isGetter="false" isSetter="true">
              <Summary numSequencePoints="1" visitedSequencePoints="1" numBranchPoints="1" visitedBranchPoints="1" sequenceCoverage="100" branchCoverage="100" maxCyclomaticComplexity="1" minCyclomaticComplexity="1" visitedClasses="0" numClasses="0" visitedMethods="1" numMethods="1" />
              <MetadataToken>100666166</MetadataToken>
              <Name>System.Void IBM.Watson.DeveloperCloud.Services.VisualRecognition.v3.VisualRecognition/DetectFacesReq::set_Callback(IBM.Watson.DeveloperCloud.Services.VisualRecognition.v3.VisualRecognition/OnDetectFaces)</Name>
              <FileRef uid="55" />
              <SequencePoints>
                <SequencePoint vc="2" uspid="2712" ordinal="0" offset="0" sl="495" sc="44" el="495" ec="48" bec="0" bev="0" fileid="55" />
              </SequencePoints>
              <BranchPoints />
              <MethodPoint xsi:type="SequencePoint" vc="2" uspid="2712" ordinal="0" offset="0" sl="495" sc="44" el="495" ec="48" bec="0" bev="0" fileid="55" />
            </Method>
            <Method visited="true" cyclomaticComplexity="1" nPathComplexity="0" sequenceCoverage="0" branchCoverage="0" isConstructor="true" isStatic="false" isGetter="false" isSetter="false">
              <Summary numSequencePoints="0" visitedSequencePoints="0" numBranchPoints="0" visitedBranchPoints="0" sequenceCoverage="0" branchCoverage="0" maxCyclomaticComplexity="1" minCyclomaticComplexity="1" visitedClasses="0" numClasses="0" visitedMethods="0" numMethods="0" />
              <MetadataToken>100666167</MetadataToken>
              <Name>System.Void IBM.Watson.DeveloperCloud.Services.VisualRecognition.v3.VisualRecognition/DetectFacesReq::.ctor()</Name>
              <SequencePoints />
              <BranchPoints />
              <MethodPoint vc="2" uspid="2713" ordinal="0" offset="0" />
            </Method>
          </Methods>
        </Class>
        <Class>
          <Summary numSequencePoints="4" visitedSequencePoints="4" numBranchPoints="4" visitedBranchPoints="4" sequenceCoverage="100" branchCoverage="100" maxCyclomaticComplexity="1" minCyclomaticComplexity="1" visitedClasses="1" numClasses="1" visitedMethods="4" numMethods="4" />
          <FullName>IBM.Watson.DeveloperCloud.Services.VisualRecognition.v3.VisualRecognition/RecognizeTextReq</FullName>
          <Methods>
            <Method visited="true" cyclomaticComplexity="1" nPathComplexity="0" sequenceCoverage="100" branchCoverage="100" isConstructor="false" isStatic="false" isGetter="true" isSetter="false">
              <Summary numSequencePoints="1" visitedSequencePoints="1" numBranchPoints="1" visitedBranchPoints="1" sequenceCoverage="100" branchCoverage="100" maxCyclomaticComplexity="1" minCyclomaticComplexity="1" visitedClasses="0" numClasses="0" visitedMethods="1" numMethods="1" />
              <MetadataToken>100666168</MetadataToken>
              <Name>System.String IBM.Watson.DeveloperCloud.Services.VisualRecognition.v3.VisualRecognition/RecognizeTextReq::get_Data()</Name>
              <FileRef uid="55" />
              <SequencePoints>
                <SequencePoint vc="2" uspid="2714" ordinal="0" offset="0" sl="648" sc="28" el="648" ec="32" bec="0" bev="0" fileid="55" />
              </SequencePoints>
              <BranchPoints />
              <MethodPoint xsi:type="SequencePoint" vc="2" uspid="2714" ordinal="0" offset="0" sl="648" sc="28" el="648" ec="32" bec="0" bev="0" fileid="55" />
            </Method>
            <Method visited="true" cyclomaticComplexity="1" nPathComplexity="0" sequenceCoverage="100" branchCoverage="100" isConstructor="false" isStatic="false" isGetter="false" isSetter="true">
              <Summary numSequencePoints="1" visitedSequencePoints="1" numBranchPoints="1" visitedBranchPoints="1" sequenceCoverage="100" branchCoverage="100" maxCyclomaticComplexity="1" minCyclomaticComplexity="1" visitedClasses="0" numClasses="0" visitedMethods="1" numMethods="1" />
              <MetadataToken>100666169</MetadataToken>
              <Name>System.Void IBM.Watson.DeveloperCloud.Services.VisualRecognition.v3.VisualRecognition/RecognizeTextReq::set_Data(System.String)</Name>
              <FileRef uid="55" />
              <SequencePoints>
                <SequencePoint vc="2" uspid="2715" ordinal="0" offset="0" sl="648" sc="33" el="648" ec="37" bec="0" bev="0" fileid="55" />
              </SequencePoints>
              <BranchPoints />
              <MethodPoint xsi:type="SequencePoint" vc="2" uspid="2715" ordinal="0" offset="0" sl="648" sc="33" el="648" ec="37" bec="0" bev="0" fileid="55" />
            </Method>
            <Method visited="true" cyclomaticComplexity="1" nPathComplexity="0" sequenceCoverage="100" branchCoverage="100" isConstructor="false" isStatic="false" isGetter="true" isSetter="false">
              <Summary numSequencePoints="1" visitedSequencePoints="1" numBranchPoints="1" visitedBranchPoints="1" sequenceCoverage="100" branchCoverage="100" maxCyclomaticComplexity="1" minCyclomaticComplexity="1" visitedClasses="0" numClasses="0" visitedMethods="1" numMethods="1" />
              <MetadataToken>100666170</MetadataToken>
              <Name>IBM.Watson.DeveloperCloud.Services.VisualRecognition.v3.VisualRecognition/OnRecognizeText IBM.Watson.DeveloperCloud.Services.VisualRecognition.v3.VisualRecognition/RecognizeTextReq::get_Callback()</Name>
              <FileRef uid="55" />
              <SequencePoints>
                <SequencePoint vc="4" uspid="2716" ordinal="0" offset="0" sl="652" sc="41" el="652" ec="45" bec="0" bev="0" fileid="55" />
              </SequencePoints>
              <BranchPoints />
              <MethodPoint xsi:type="SequencePoint" vc="4" uspid="2716" ordinal="0" offset="0" sl="652" sc="41" el="652" ec="45" bec="0" bev="0" fileid="55" />
            </Method>
            <Method visited="true" cyclomaticComplexity="1" nPathComplexity="0" sequenceCoverage="100" branchCoverage="100" isConstructor="false" isStatic="false" isGetter="false" isSetter="true">
              <Summary numSequencePoints="1" visitedSequencePoints="1" numBranchPoints="1" visitedBranchPoints="1" sequenceCoverage="100" branchCoverage="100" maxCyclomaticComplexity="1" minCyclomaticComplexity="1" visitedClasses="0" numClasses="0" visitedMethods="1" numMethods="1" />
              <MetadataToken>100666171</MetadataToken>
              <Name>System.Void IBM.Watson.DeveloperCloud.Services.VisualRecognition.v3.VisualRecognition/RecognizeTextReq::set_Callback(IBM.Watson.DeveloperCloud.Services.VisualRecognition.v3.VisualRecognition/OnRecognizeText)</Name>
              <FileRef uid="55" />
              <SequencePoints>
                <SequencePoint vc="2" uspid="2717" ordinal="0" offset="0" sl="652" sc="46" el="652" ec="50" bec="0" bev="0" fileid="55" />
              </SequencePoints>
              <BranchPoints />
              <MethodPoint xsi:type="SequencePoint" vc="2" uspid="2717" ordinal="0" offset="0" sl="652" sc="46" el="652" ec="50" bec="0" bev="0" fileid="55" />
            </Method>
            <Method visited="true" cyclomaticComplexity="1" nPathComplexity="0" sequenceCoverage="0" branchCoverage="0" isConstructor="true" isStatic="false" isGetter="false" isSetter="false">
              <Summary numSequencePoints="0" visitedSequencePoints="0" numBranchPoints="0" visitedBranchPoints="0" sequenceCoverage="0" branchCoverage="0" maxCyclomaticComplexity="1" minCyclomaticComplexity="1" visitedClasses="0" numClasses="0" visitedMethods="0" numMethods="0" />
              <MetadataToken>100666172</MetadataToken>
              <Name>System.Void IBM.Watson.DeveloperCloud.Services.VisualRecognition.v3.VisualRecognition/RecognizeTextReq::.ctor()</Name>
              <SequencePoints />
              <BranchPoints />
              <MethodPoint vc="2" uspid="2718" ordinal="0" offset="0" />
            </Method>
          </Methods>
        </Class>
        <Class>
          <Summary numSequencePoints="34" visitedSequencePoints="28" numBranchPoints="23" visitedBranchPoints="17" sequenceCoverage="82.35" branchCoverage="73.91" maxCyclomaticComplexity="5" minCyclomaticComplexity="1" visitedClasses="1" numClasses="1" visitedMethods="9" numMethods="9" />
          <FullName>IBM.Watson.DeveloperCloud.Services.VisualRecognition.v3.VisualRecognition/FindClassifierReq</FullName>
          <Methods>
            <Method visited="true" cyclomaticComplexity="1" nPathComplexity="0" sequenceCoverage="100" branchCoverage="100" isConstructor="false" isStatic="false" isGetter="true" isSetter="false">
              <Summary numSequencePoints="1" visitedSequencePoints="1" numBranchPoints="1" visitedBranchPoints="1" sequenceCoverage="100" branchCoverage="100" maxCyclomaticComplexity="1" minCyclomaticComplexity="1" visitedClasses="0" numClasses="0" visitedMethods="1" numMethods="1" />
              <MetadataToken>100666174</MetadataToken>
              <Name>IBM.Watson.DeveloperCloud.Services.VisualRecognition.v3.VisualRecognition IBM.Watson.DeveloperCloud.Services.VisualRecognition.v3.VisualRecognition/FindClassifierReq::get_Service()</Name>
              <FileRef uid="55" />
              <SequencePoints>
                <SequencePoint vc="2" uspid="2719" ordinal="0" offset="0" sl="717" sc="42" el="717" ec="46" bec="0" bev="0" fileid="55" />
              </SequencePoints>
              <BranchPoints />
              <MethodPoint xsi:type="SequencePoint" vc="2" uspid="2719" ordinal="0" offset="0" sl="717" sc="42" el="717" ec="46" bec="0" bev="0" fileid="55" />
            </Method>
            <Method visited="true" cyclomaticComplexity="1" nPathComplexity="0" sequenceCoverage="100" branchCoverage="100" isConstructor="false" isStatic="false" isGetter="false" isSetter="true">
              <Summary numSequencePoints="1" visitedSequencePoints="1" numBranchPoints="1" visitedBranchPoints="1" sequenceCoverage="100" branchCoverage="100" maxCyclomaticComplexity="1" minCyclomaticComplexity="1" visitedClasses="0" numClasses="0" visitedMethods="1" numMethods="1" />
              <MetadataToken>100666175</MetadataToken>
              <Name>System.Void IBM.Watson.DeveloperCloud.Services.VisualRecognition.v3.VisualRecognition/FindClassifierReq::set_Service(IBM.Watson.DeveloperCloud.Services.VisualRecognition.v3.VisualRecognition)</Name>
              <FileRef uid="55" />
              <SequencePoints>
                <SequencePoint vc="1" uspid="2720" ordinal="0" offset="0" sl="717" sc="47" el="717" ec="51" bec="0" bev="0" fileid="55" />
              </SequencePoints>
              <BranchPoints />
              <MethodPoint xsi:type="SequencePoint" vc="1" uspid="2720" ordinal="0" offset="0" sl="717" sc="47" el="717" ec="51" bec="0" bev="0" fileid="55" />
            </Method>
            <Method visited="true" cyclomaticComplexity="1" nPathComplexity="0" sequenceCoverage="100" branchCoverage="100" isConstructor="false" isStatic="false" isGetter="true" isSetter="false">
              <Summary numSequencePoints="1" visitedSequencePoints="1" numBranchPoints="1" visitedBranchPoints="1" sequenceCoverage="100" branchCoverage="100" maxCyclomaticComplexity="1" minCyclomaticComplexity="1" visitedClasses="0" numClasses="0" visitedMethods="1" numMethods="1" />
              <MetadataToken>100666176</MetadataToken>
              <Name>System.String IBM.Watson.DeveloperCloud.Services.VisualRecognition.v3.VisualRecognition/FindClassifierReq::get_ClassifierName()</Name>
              <FileRef uid="55" />
              <SequencePoints>
                <SequencePoint vc="4" uspid="2721" ordinal="0" offset="0" sl="718" sc="38" el="718" ec="42" bec="0" bev="0" fileid="55" />
              </SequencePoints>
              <BranchPoints />
              <MethodPoint xsi:type="SequencePoint" vc="4" uspid="2721" ordinal="0" offset="0" sl="718" sc="38" el="718" ec="42" bec="0" bev="0" fileid="55" />
            </Method>
            <Method visited="true" cyclomaticComplexity="1" nPathComplexity="0" sequenceCoverage="100" branchCoverage="100" isConstructor="false" isStatic="false" isGetter="false" isSetter="true">
              <Summary numSequencePoints="1" visitedSequencePoints="1" numBranchPoints="1" visitedBranchPoints="1" sequenceCoverage="100" branchCoverage="100" maxCyclomaticComplexity="1" minCyclomaticComplexity="1" visitedClasses="0" numClasses="0" visitedMethods="1" numMethods="1" />
              <MetadataToken>100666177</MetadataToken>
              <Name>System.Void IBM.Watson.DeveloperCloud.Services.VisualRecognition.v3.VisualRecognition/FindClassifierReq::set_ClassifierName(System.String)</Name>
              <FileRef uid="55" />
              <SequencePoints>
                <SequencePoint vc="1" uspid="2722" ordinal="0" offset="0" sl="718" sc="43" el="718" ec="47" bec="0" bev="0" fileid="55" />
              </SequencePoints>
              <BranchPoints />
              <MethodPoint xsi:type="SequencePoint" vc="1" uspid="2722" ordinal="0" offset="0" sl="718" sc="43" el="718" ec="47" bec="0" bev="0" fileid="55" />
            </Method>
            <Method visited="true" cyclomaticComplexity="1" nPathComplexity="0" sequenceCoverage="100" branchCoverage="100" isConstructor="false" isStatic="false" isGetter="true" isSetter="false">
              <Summary numSequencePoints="1" visitedSequencePoints="1" numBranchPoints="1" visitedBranchPoints="1" sequenceCoverage="100" branchCoverage="100" maxCyclomaticComplexity="1" minCyclomaticComplexity="1" visitedClasses="0" numClasses="0" visitedMethods="1" numMethods="1" />
              <MetadataToken>100666178</MetadataToken>
              <Name>IBM.Watson.DeveloperCloud.Services.VisualRecognition.v3.VisualRecognition/OnFindClassifier IBM.Watson.DeveloperCloud.Services.VisualRecognition.v3.VisualRecognition/FindClassifierReq::get_Callback()</Name>
              <FileRef uid="55" />
              <SequencePoints>
                <SequencePoint vc="2" uspid="2723" ordinal="0" offset="0" sl="719" sc="42" el="719" ec="46" bec="0" bev="0" fileid="55" />
              </SequencePoints>
              <BranchPoints />
              <MethodPoint xsi:type="SequencePoint" vc="2" uspid="2723" ordinal="0" offset="0" sl="719" sc="42" el="719" ec="46" bec="0" bev="0" fileid="55" />
            </Method>
            <Method visited="true" cyclomaticComplexity="1" nPathComplexity="0" sequenceCoverage="100" branchCoverage="100" isConstructor="false" isStatic="false" isGetter="false" isSetter="true">
              <Summary numSequencePoints="1" visitedSequencePoints="1" numBranchPoints="1" visitedBranchPoints="1" sequenceCoverage="100" branchCoverage="100" maxCyclomaticComplexity="1" minCyclomaticComplexity="1" visitedClasses="0" numClasses="0" visitedMethods="1" numMethods="1" />
              <MetadataToken>100666179</MetadataToken>
              <Name>System.Void IBM.Watson.DeveloperCloud.Services.VisualRecognition.v3.VisualRecognition/FindClassifierReq::set_Callback(IBM.Watson.DeveloperCloud.Services.VisualRecognition.v3.VisualRecognition/OnFindClassifier)</Name>
              <FileRef uid="55" />
              <SequencePoints>
                <SequencePoint vc="1" uspid="2724" ordinal="0" offset="0" sl="719" sc="47" el="719" ec="51" bec="0" bev="0" fileid="55" />
              </SequencePoints>
              <BranchPoints />
              <MethodPoint xsi:type="SequencePoint" vc="1" uspid="2724" ordinal="0" offset="0" sl="719" sc="47" el="719" ec="51" bec="0" bev="0" fileid="55" />
            </Method>
            <Method visited="true" cyclomaticComplexity="5" nPathComplexity="16" sequenceCoverage="71.43" branchCoverage="55.56" isConstructor="true" isStatic="false" isGetter="false" isSetter="false">
              <Summary numSequencePoints="14" visitedSequencePoints="10" numBranchPoints="9" visitedBranchPoints="5" sequenceCoverage="71.43" branchCoverage="55.56" maxCyclomaticComplexity="5" minCyclomaticComplexity="5" visitedClasses="0" numClasses="0" visitedMethods="1" numMethods="1" />
              <MetadataToken>100666173</MetadataToken>
              <Name>System.Void IBM.Watson.DeveloperCloud.Services.VisualRecognition.v3.VisualRecognition/FindClassifierReq::.ctor(IBM.Watson.DeveloperCloud.Services.VisualRecognition.v3.VisualRecognition/OnFindClassifier,IBM.Watson.DeveloperCloud.Services.VisualRecognition.v3.VisualRecognition,System.String,System.String)</Name>
              <FileRef uid="55" />
              <SequencePoints>
                <SequencePoint vc="1" uspid="2725" ordinal="0" offset="0" sl="699" sc="7" el="699" ec="145" bec="0" bev="0" fileid="55" />
                <SequencePoint vc="1" uspid="2726" ordinal="1" offset="6" sl="701" sc="9" el="701" ec="30" bec="2" bev="1" fileid="55" />
                <SequencePoint vc="0" uspid="2727" ordinal="2" offset="9" sl="702" sc="11" el="702" ec="55" bec="0" bev="0" fileid="55" />
                <SequencePoint vc="1" uspid="2728" ordinal="3" offset="20" sl="703" sc="9" el="703" ec="50" bec="2" bev="1" fileid="55" />
                <SequencePoint vc="0" uspid="2729" ordinal="4" offset="28" sl="704" sc="11" el="704" ec="64" bec="0" bev="0" fileid="55" />
                <SequencePoint vc="1" uspid="2730" ordinal="5" offset="39" sl="705" sc="9" el="705" ec="45" bec="2" bev="1" fileid="55" />
                <SequencePoint vc="0" uspid="2731" ordinal="6" offset="51" sl="706" sc="11" el="706" ec="61" bec="0" bev="0" fileid="55" />
                <SequencePoint vc="1" uspid="2732" ordinal="7" offset="71" sl="707" sc="9" el="707" ec="45" bec="2" bev="1" fileid="55" />
                <SequencePoint vc="0" uspid="2733" ordinal="8" offset="83" sl="708" sc="11" el="708" ec="62" bec="0" bev="0" fileid="55" />
                <SequencePoint vc="1" uspid="2734" ordinal="9" offset="94" sl="710" sc="9" el="710" ec="27" bec="0" bev="0" fileid="55" />
                <SequencePoint vc="1" uspid="2735" ordinal="10" offset="101" sl="711" sc="9" el="711" ec="41" bec="0" bev="0" fileid="55" />
                <SequencePoint vc="1" uspid="2736" ordinal="11" offset="108" sl="712" sc="9" el="712" ec="29" bec="0" bev="0" fileid="55" />
                <SequencePoint vc="1" uspid="2737" ordinal="12" offset="115" sl="714" sc="9" el="714" ec="62" bec="0" bev="0" fileid="55" />
                <SequencePoint vc="1" uspid="2738" ordinal="13" offset="141" sl="715" sc="7" el="715" ec="8" bec="0" bev="0" fileid="55" />
              </SequencePoints>
              <BranchPoints>
                <BranchPoint vc="0" uspid="2739" ordinal="0" offset="7" sl="701" path="0" offsetend="9" fileid="55" />
                <BranchPoint vc="1" uspid="2740" ordinal="1" offset="7" sl="701" path="1" offsetend="20" fileid="55" />
                <BranchPoint vc="0" uspid="2741" ordinal="2" offset="26" sl="703" path="0" offsetend="28" fileid="55" />
                <BranchPoint vc="1" uspid="2742" ordinal="3" offset="26" sl="703" path="1" offsetend="39" fileid="55" />
                <BranchPoint vc="0" uspid="2743" ordinal="4" offset="49" sl="705" path="0" offsetend="51" fileid="55" />
                <BranchPoint vc="1" uspid="2744" ordinal="5" offset="49" sl="705" path="1" offsetend="71" fileid="55" />
                <BranchPoint vc="0" uspid="2745" ordinal="6" offset="81" sl="707" path="0" offsetend="83" fileid="55" />
                <BranchPoint vc="1" uspid="2746" ordinal="7" offset="81" sl="707" path="1" offsetend="94" fileid="55" />
              </BranchPoints>
              <MethodPoint xsi:type="SequencePoint" vc="1" uspid="2725" ordinal="0" offset="0" sl="699" sc="7" el="699" ec="145" bec="0" bev="0" fileid="55" />
            </Method>
            <Method visited="true" cyclomaticComplexity="4" nPathComplexity="4" sequenceCoverage="81.82" branchCoverage="80" isConstructor="false" isStatic="false" isGetter="false" isSetter="false">
              <Summary numSequencePoints="11" visitedSequencePoints="9" numBranchPoints="5" visitedBranchPoints="4" sequenceCoverage="81.82" branchCoverage="80" maxCyclomaticComplexity="4" minCyclomaticComplexity="4" visitedClasses="0" numClasses="0" visitedMethods="1" numMethods="1" />
              <MetadataToken>100666180</MetadataToken>
              <Name>System.Void IBM.Watson.DeveloperCloud.Services.VisualRecognition.v3.VisualRecognition/FindClassifierReq::OnGetClassifiers(IBM.Watson.DeveloperCloud.Services.VisualRecognition.v3.GetClassifiersTopLevelBrief,System.String)</Name>
              <FileRef uid="55" />
              <SequencePoints>
                <SequencePoint vc="1" uspid="2747" ordinal="0" offset="0" sl="723" sc="9" el="723" ec="29" bec="0" bev="0" fileid="55" />
                <SequencePoint vc="1" uspid="2748" ordinal="1" offset="2" sl="724" sc="27" el="724" ec="50" bec="0" bev="0" fileid="55" />
                <SequencePoint vc="4" uspid="2749" ordinal="2" offset="13" sl="724" sc="18" el="724" ec="23" bec="0" bev="0" fileid="55" />
                <SequencePoint vc="4" uspid="2750" ordinal="3" offset="17" sl="726" sc="11" el="726" ec="69" bec="2" bev="2" fileid="55" />
                <SequencePoint vc="1" uspid="2751" ordinal="4" offset="46" sl="728" sc="13" el="728" ec="78" bec="0" bev="0" fileid="55" />
                <SequencePoint vc="1" uspid="2752" ordinal="5" offset="77" sl="729" sc="13" el="729" ec="19" bec="0" bev="0" fileid="55" />
                <SequencePoint vc="4" uspid="2753" ordinal="6" offset="83" sl="724" sc="24" el="724" ec="26" bec="0" bev="0" fileid="55" />
                <SequencePoint vc="1" uspid="2754" ordinal="7" offset="89" sl="733" sc="9" el="733" ec="21" bec="2" bev="1" fileid="55" />
                <SequencePoint vc="0" uspid="2755" ordinal="8" offset="92" sl="735" sc="11" el="735" ec="93" bec="0" bev="0" fileid="55" />
                <SequencePoint vc="0" uspid="2756" ordinal="9" offset="122" sl="736" sc="11" el="736" ec="38" bec="0" bev="0" fileid="55" />
                <SequencePoint vc="1" uspid="2757" ordinal="10" offset="135" sl="738" sc="7" el="738" ec="8" bec="0" bev="0" fileid="55" />
              </SequencePoints>
              <BranchPoints>
                <BranchPoint vc="1" uspid="2758" ordinal="0" offset="44" sl="726" path="0" offsetend="46" fileid="55" />
                <BranchPoint vc="3" uspid="2759" ordinal="1" offset="44" sl="726" path="1" offsetend="79" fileid="55" />
                <BranchPoint vc="0" uspid="2762" ordinal="4" offset="90" sl="733" path="0" offsetend="92" fileid="55" />
                <BranchPoint vc="1" uspid="2763" ordinal="5" offset="90" sl="733" path="1" offsetend="135" fileid="55" />
              </BranchPoints>
              <MethodPoint xsi:type="SequencePoint" vc="1" uspid="2747" ordinal="0" offset="0" sl="723" sc="9" el="723" ec="29" bec="0" bev="0" fileid="55" />
            </Method>
            <Method visited="true" cyclomaticComplexity="2" nPathComplexity="2" sequenceCoverage="100" branchCoverage="66.67" isConstructor="false" isStatic="false" isGetter="false" isSetter="false">
              <Summary numSequencePoints="3" visitedSequencePoints="3" numBranchPoints="3" visitedBranchPoints="2" sequenceCoverage="100" branchCoverage="66.67" maxCyclomaticComplexity="2" minCyclomaticComplexity="2" visitedClasses="0" numClasses="0" visitedMethods="1" numMethods="1" />
              <MetadataToken>100666181</MetadataToken>
              <Name>System.Void IBM.Watson.DeveloperCloud.Services.VisualRecognition.v3.VisualRecognition/FindClassifierReq::OnGetClassifier(IBM.Watson.DeveloperCloud.Services.VisualRecognition.v3.GetClassifiersPerClassifierVerbose,System.String)</Name>
              <FileRef uid="55" />
              <SequencePoints>
                <SequencePoint vc="1" uspid="2764" ordinal="0" offset="0" sl="742" sc="9" el="742" ec="30" bec="2" bev="1" fileid="55" />
                <SequencePoint vc="1" uspid="2765" ordinal="1" offset="8" sl="743" sc="11" el="743" ec="44" bec="0" bev="0" fileid="55" />
                <SequencePoint vc="1" uspid="2766" ordinal="2" offset="21" sl="744" sc="7" el="744" ec="8" bec="0" bev="0" fileid="55" />
              </SequencePoints>
              <BranchPoints>
                <BranchPoint vc="1" uspid="2767" ordinal="0" offset="6" sl="742" path="0" offsetend="8" fileid="55" />
                <BranchPoint vc="0" uspid="2768" ordinal="1" offset="6" sl="742" path="1" offsetend="21" fileid="55" />
              </BranchPoints>
              <MethodPoint xsi:type="SequencePoint" vc="1" uspid="2764" ordinal="0" offset="0" sl="742" sc="9" el="742" ec="30" bec="2" bev="1" fileid="55" />
            </Method>
          </Methods>
        </Class>
        <Class>
          <Summary numSequencePoints="4" visitedSequencePoints="4" numBranchPoints="4" visitedBranchPoints="4" sequenceCoverage="100" branchCoverage="100" maxCyclomaticComplexity="1" minCyclomaticComplexity="1" visitedClasses="1" numClasses="1" visitedMethods="4" numMethods="4" />
          <FullName>IBM.Watson.DeveloperCloud.Services.VisualRecognition.v3.VisualRecognition/GetClassifiersReq</FullName>
          <Methods>
            <Method visited="true" cyclomaticComplexity="1" nPathComplexity="0" sequenceCoverage="100" branchCoverage="100" isConstructor="false" isStatic="false" isGetter="true" isSetter="false">
              <Summary numSequencePoints="1" visitedSequencePoints="1" numBranchPoints="1" visitedBranchPoints="1" sequenceCoverage="100" branchCoverage="100" maxCyclomaticComplexity="1" minCyclomaticComplexity="1" visitedClasses="0" numClasses="0" visitedMethods="1" numMethods="1" />
              <MetadataToken>100666182</MetadataToken>
              <Name>System.String IBM.Watson.DeveloperCloud.Services.VisualRecognition.v3.VisualRecognition/GetClassifiersReq::get_Data()</Name>
              <FileRef uid="55" />
              <SequencePoints>
                <SequencePoint vc="2" uspid="2769" ordinal="0" offset="0" sl="787" sc="28" el="787" ec="32" bec="0" bev="0" fileid="55" />
              </SequencePoints>
              <BranchPoints />
              <MethodPoint xsi:type="SequencePoint" vc="2" uspid="2769" ordinal="0" offset="0" sl="787" sc="28" el="787" ec="32" bec="0" bev="0" fileid="55" />
            </Method>
            <Method visited="true" cyclomaticComplexity="1" nPathComplexity="0" sequenceCoverage="100" branchCoverage="100" isConstructor="false" isStatic="false" isGetter="false" isSetter="true">
              <Summary numSequencePoints="1" visitedSequencePoints="1" numBranchPoints="1" visitedBranchPoints="1" sequenceCoverage="100" branchCoverage="100" maxCyclomaticComplexity="1" minCyclomaticComplexity="1" visitedClasses="0" numClasses="0" visitedMethods="1" numMethods="1" />
              <MetadataToken>100666183</MetadataToken>
              <Name>System.Void IBM.Watson.DeveloperCloud.Services.VisualRecognition.v3.VisualRecognition/GetClassifiersReq::set_Data(System.String)</Name>
              <FileRef uid="55" />
              <SequencePoints>
                <SequencePoint vc="2" uspid="2770" ordinal="0" offset="0" sl="787" sc="33" el="787" ec="37" bec="0" bev="0" fileid="55" />
              </SequencePoints>
              <BranchPoints />
              <MethodPoint xsi:type="SequencePoint" vc="2" uspid="2770" ordinal="0" offset="0" sl="787" sc="33" el="787" ec="37" bec="0" bev="0" fileid="55" />
            </Method>
            <Method visited="true" cyclomaticComplexity="1" nPathComplexity="0" sequenceCoverage="100" branchCoverage="100" isConstructor="false" isStatic="false" isGetter="true" isSetter="false">
              <Summary numSequencePoints="1" visitedSequencePoints="1" numBranchPoints="1" visitedBranchPoints="1" sequenceCoverage="100" branchCoverage="100" maxCyclomaticComplexity="1" minCyclomaticComplexity="1" visitedClasses="0" numClasses="0" visitedMethods="1" numMethods="1" />
              <MetadataToken>100666184</MetadataToken>
              <Name>IBM.Watson.DeveloperCloud.Services.VisualRecognition.v3.VisualRecognition/OnGetClassifiers IBM.Watson.DeveloperCloud.Services.VisualRecognition.v3.VisualRecognition/GetClassifiersReq::get_Callback()</Name>
              <FileRef uid="55" />
              <SequencePoints>
                <SequencePoint vc="4" uspid="2771" ordinal="0" offset="0" sl="791" sc="42" el="791" ec="46" bec="0" bev="0" fileid="55" />
              </SequencePoints>
              <BranchPoints />
              <MethodPoint xsi:type="SequencePoint" vc="4" uspid="2771" ordinal="0" offset="0" sl="791" sc="42" el="791" ec="46" bec="0" bev="0" fileid="55" />
            </Method>
            <Method visited="true" cyclomaticComplexity="1" nPathComplexity="0" sequenceCoverage="100" branchCoverage="100" isConstructor="false" isStatic="false" isGetter="false" isSetter="true">
              <Summary numSequencePoints="1" visitedSequencePoints="1" numBranchPoints="1" visitedBranchPoints="1" sequenceCoverage="100" branchCoverage="100" maxCyclomaticComplexity="1" minCyclomaticComplexity="1" visitedClasses="0" numClasses="0" visitedMethods="1" numMethods="1" />
              <MetadataToken>100666185</MetadataToken>
              <Name>System.Void IBM.Watson.DeveloperCloud.Services.VisualRecognition.v3.VisualRecognition/GetClassifiersReq::set_Callback(IBM.Watson.DeveloperCloud.Services.VisualRecognition.v3.VisualRecognition/OnGetClassifiers)</Name>
              <FileRef uid="55" />
              <SequencePoints>
                <SequencePoint vc="2" uspid="2772" ordinal="0" offset="0" sl="791" sc="47" el="791" ec="51" bec="0" bev="0" fileid="55" />
              </SequencePoints>
              <BranchPoints />
              <MethodPoint xsi:type="SequencePoint" vc="2" uspid="2772" ordinal="0" offset="0" sl="791" sc="47" el="791" ec="51" bec="0" bev="0" fileid="55" />
            </Method>
            <Method visited="true" cyclomaticComplexity="1" nPathComplexity="0" sequenceCoverage="0" branchCoverage="0" isConstructor="true" isStatic="false" isGetter="false" isSetter="false">
              <Summary numSequencePoints="0" visitedSequencePoints="0" numBranchPoints="0" visitedBranchPoints="0" sequenceCoverage="0" branchCoverage="0" maxCyclomaticComplexity="1" minCyclomaticComplexity="1" visitedClasses="0" numClasses="0" visitedMethods="0" numMethods="0" />
              <MetadataToken>100666186</MetadataToken>
              <Name>System.Void IBM.Watson.DeveloperCloud.Services.VisualRecognition.v3.VisualRecognition/GetClassifiersReq::.ctor()</Name>
              <SequencePoints />
              <BranchPoints />
              <MethodPoint vc="2" uspid="2773" ordinal="0" offset="0" />
            </Method>
          </Methods>
        </Class>
        <Class>
          <Summary numSequencePoints="4" visitedSequencePoints="3" numBranchPoints="4" visitedBranchPoints="3" sequenceCoverage="75" branchCoverage="75" maxCyclomaticComplexity="1" minCyclomaticComplexity="1" visitedClasses="1" numClasses="1" visitedMethods="3" numMethods="4" />
          <FullName>IBM.Watson.DeveloperCloud.Services.VisualRecognition.v3.VisualRecognition/GetClassifierReq</FullName>
          <Methods>
            <Method visited="true" cyclomaticComplexity="1" nPathComplexity="0" sequenceCoverage="100" branchCoverage="100" isConstructor="false" isStatic="false" isGetter="true" isSetter="false">
              <Summary numSequencePoints="1" visitedSequencePoints="1" numBranchPoints="1" visitedBranchPoints="1" sequenceCoverage="100" branchCoverage="100" maxCyclomaticComplexity="1" minCyclomaticComplexity="1" visitedClasses="0" numClasses="0" visitedMethods="1" numMethods="1" />
              <MetadataToken>100666187</MetadataToken>
              <Name>System.String IBM.Watson.DeveloperCloud.Services.VisualRecognition.v3.VisualRecognition/GetClassifierReq::get_Data()</Name>
              <FileRef uid="55" />
              <SequencePoints>
                <SequencePoint vc="2" uspid="2774" ordinal="0" offset="0" sl="858" sc="28" el="858" ec="32" bec="0" bev="0" fileid="55" />
              </SequencePoints>
              <BranchPoints />
              <MethodPoint xsi:type="SequencePoint" vc="2" uspid="2774" ordinal="0" offset="0" sl="858" sc="28" el="858" ec="32" bec="0" bev="0" fileid="55" />
            </Method>
            <Method visited="false" cyclomaticComplexity="1" nPathComplexity="0" sequenceCoverage="0" branchCoverage="0" isConstructor="false" isStatic="false" isGetter="false" isSetter="true">
              <Summary numSequencePoints="1" visitedSequencePoints="0" numBranchPoints="1" visitedBranchPoints="0" sequenceCoverage="0" branchCoverage="0" maxCyclomaticComplexity="1" minCyclomaticComplexity="1" visitedClasses="0" numClasses="0" visitedMethods="0" numMethods="1" />
              <MetadataToken>100666188</MetadataToken>
              <Name>System.Void IBM.Watson.DeveloperCloud.Services.VisualRecognition.v3.VisualRecognition/GetClassifierReq::set_Data(System.String)</Name>
              <FileRef uid="55" />
              <SequencePoints>
                <SequencePoint vc="0" uspid="2775" ordinal="0" offset="0" sl="858" sc="33" el="858" ec="37" bec="0" bev="0" fileid="55" />
              </SequencePoints>
              <BranchPoints />
              <MethodPoint xsi:type="SequencePoint" vc="0" uspid="2775" ordinal="0" offset="0" sl="858" sc="33" el="858" ec="37" bec="0" bev="0" fileid="55" />
            </Method>
            <Method visited="true" cyclomaticComplexity="1" nPathComplexity="0" sequenceCoverage="100" branchCoverage="100" isConstructor="false" isStatic="false" isGetter="true" isSetter="false">
              <Summary numSequencePoints="1" visitedSequencePoints="1" numBranchPoints="1" visitedBranchPoints="1" sequenceCoverage="100" branchCoverage="100" maxCyclomaticComplexity="1" minCyclomaticComplexity="1" visitedClasses="0" numClasses="0" visitedMethods="1" numMethods="1" />
              <MetadataToken>100666189</MetadataToken>
              <Name>IBM.Watson.DeveloperCloud.Services.VisualRecognition.v3.VisualRecognition/OnGetClassifier IBM.Watson.DeveloperCloud.Services.VisualRecognition.v3.VisualRecognition/GetClassifierReq::get_Callback()</Name>
              <FileRef uid="55" />
              <SequencePoints>
                <SequencePoint vc="4" uspid="2776" ordinal="0" offset="0" sl="862" sc="41" el="862" ec="45" bec="0" bev="0" fileid="55" />
              </SequencePoints>
              <BranchPoints />
              <MethodPoint xsi:type="SequencePoint" vc="4" uspid="2776" ordinal="0" offset="0" sl="862" sc="41" el="862" ec="45" bec="0" bev="0" fileid="55" />
            </Method>
            <Method visited="true" cyclomaticComplexity="1" nPathComplexity="0" sequenceCoverage="100" branchCoverage="100" isConstructor="false" isStatic="false" isGetter="false" isSetter="true">
              <Summary numSequencePoints="1" visitedSequencePoints="1" numBranchPoints="1" visitedBranchPoints="1" sequenceCoverage="100" branchCoverage="100" maxCyclomaticComplexity="1" minCyclomaticComplexity="1" visitedClasses="0" numClasses="0" visitedMethods="1" numMethods="1" />
              <MetadataToken>100666190</MetadataToken>
              <Name>System.Void IBM.Watson.DeveloperCloud.Services.VisualRecognition.v3.VisualRecognition/GetClassifierReq::set_Callback(IBM.Watson.DeveloperCloud.Services.VisualRecognition.v3.VisualRecognition/OnGetClassifier)</Name>
              <FileRef uid="55" />
              <SequencePoints>
                <SequencePoint vc="2" uspid="2777" ordinal="0" offset="0" sl="862" sc="46" el="862" ec="50" bec="0" bev="0" fileid="55" />
              </SequencePoints>
              <BranchPoints />
              <MethodPoint xsi:type="SequencePoint" vc="2" uspid="2777" ordinal="0" offset="0" sl="862" sc="46" el="862" ec="50" bec="0" bev="0" fileid="55" />
            </Method>
            <Method visited="true" cyclomaticComplexity="1" nPathComplexity="0" sequenceCoverage="0" branchCoverage="0" isConstructor="true" isStatic="false" isGetter="false" isSetter="false">
              <Summary numSequencePoints="0" visitedSequencePoints="0" numBranchPoints="0" visitedBranchPoints="0" sequenceCoverage="0" branchCoverage="0" maxCyclomaticComplexity="1" minCyclomaticComplexity="1" visitedClasses="0" numClasses="0" visitedMethods="0" numMethods="0" />
              <MetadataToken>100666191</MetadataToken>
              <Name>System.Void IBM.Watson.DeveloperCloud.Services.VisualRecognition.v3.VisualRecognition/GetClassifierReq::.ctor()</Name>
              <SequencePoints />
              <BranchPoints />
              <MethodPoint vc="2" uspid="2778" ordinal="0" offset="0" />
            </Method>
          </Methods>
        </Class>
        <Class>
          <Summary numSequencePoints="4" visitedSequencePoints="3" numBranchPoints="4" visitedBranchPoints="3" sequenceCoverage="75" branchCoverage="75" maxCyclomaticComplexity="1" minCyclomaticComplexity="1" visitedClasses="1" numClasses="1" visitedMethods="3" numMethods="4" />
          <FullName>IBM.Watson.DeveloperCloud.Services.VisualRecognition.v3.VisualRecognition/TrainClassifierReq</FullName>
          <Methods>
            <Method visited="true" cyclomaticComplexity="1" nPathComplexity="0" sequenceCoverage="100" branchCoverage="100" isConstructor="false" isStatic="false" isGetter="true" isSetter="false">
              <Summary numSequencePoints="1" visitedSequencePoints="1" numBranchPoints="1" visitedBranchPoints="1" sequenceCoverage="100" branchCoverage="100" maxCyclomaticComplexity="1" minCyclomaticComplexity="1" visitedClasses="0" numClasses="0" visitedMethods="1" numMethods="1" />
              <MetadataToken>100666192</MetadataToken>
              <Name>System.String IBM.Watson.DeveloperCloud.Services.VisualRecognition.v3.VisualRecognition/TrainClassifierReq::get_Data()</Name>
              <FileRef uid="55" />
              <SequencePoints>
                <SequencePoint vc="2" uspid="2779" ordinal="0" offset="0" sl="996" sc="28" el="996" ec="32" bec="0" bev="0" fileid="55" />
              </SequencePoints>
              <BranchPoints />
              <MethodPoint xsi:type="SequencePoint" vc="2" uspid="2779" ordinal="0" offset="0" sl="996" sc="28" el="996" ec="32" bec="0" bev="0" fileid="55" />
            </Method>
            <Method visited="false" cyclomaticComplexity="1" nPathComplexity="0" sequenceCoverage="0" branchCoverage="0" isConstructor="false" isStatic="false" isGetter="false" isSetter="true">
              <Summary numSequencePoints="1" visitedSequencePoints="0" numBranchPoints="1" visitedBranchPoints="0" sequenceCoverage="0" branchCoverage="0" maxCyclomaticComplexity="1" minCyclomaticComplexity="1" visitedClasses="0" numClasses="0" visitedMethods="0" numMethods="1" />
              <MetadataToken>100666193</MetadataToken>
              <Name>System.Void IBM.Watson.DeveloperCloud.Services.VisualRecognition.v3.VisualRecognition/TrainClassifierReq::set_Data(System.String)</Name>
              <FileRef uid="55" />
              <SequencePoints>
                <SequencePoint vc="0" uspid="2780" ordinal="0" offset="0" sl="996" sc="33" el="996" ec="37" bec="0" bev="0" fileid="55" />
              </SequencePoints>
              <BranchPoints />
              <MethodPoint xsi:type="SequencePoint" vc="0" uspid="2780" ordinal="0" offset="0" sl="996" sc="33" el="996" ec="37" bec="0" bev="0" fileid="55" />
            </Method>
            <Method visited="true" cyclomaticComplexity="1" nPathComplexity="0" sequenceCoverage="100" branchCoverage="100" isConstructor="false" isStatic="false" isGetter="true" isSetter="false">
              <Summary numSequencePoints="1" visitedSequencePoints="1" numBranchPoints="1" visitedBranchPoints="1" sequenceCoverage="100" branchCoverage="100" maxCyclomaticComplexity="1" minCyclomaticComplexity="1" visitedClasses="0" numClasses="0" visitedMethods="1" numMethods="1" />
              <MetadataToken>100666194</MetadataToken>
              <Name>IBM.Watson.DeveloperCloud.Services.VisualRecognition.v3.VisualRecognition/OnTrainClassifier IBM.Watson.DeveloperCloud.Services.VisualRecognition.v3.VisualRecognition/TrainClassifierReq::get_Callback()</Name>
              <FileRef uid="55" />
              <SequencePoints>
                <SequencePoint vc="4" uspid="2781" ordinal="0" offset="0" sl="1000" sc="43" el="1000" ec="47" bec="0" bev="0" fileid="55" />
              </SequencePoints>
              <BranchPoints />
              <MethodPoint xsi:type="SequencePoint" vc="4" uspid="2781" ordinal="0" offset="0" sl="1000" sc="43" el="1000" ec="47" bec="0" bev="0" fileid="55" />
            </Method>
            <Method visited="true" cyclomaticComplexity="1" nPathComplexity="0" sequenceCoverage="100" branchCoverage="100" isConstructor="false" isStatic="false" isGetter="false" isSetter="true">
              <Summary numSequencePoints="1" visitedSequencePoints="1" numBranchPoints="1" visitedBranchPoints="1" sequenceCoverage="100" branchCoverage="100" maxCyclomaticComplexity="1" minCyclomaticComplexity="1" visitedClasses="0" numClasses="0" visitedMethods="1" numMethods="1" />
              <MetadataToken>100666195</MetadataToken>
              <Name>System.Void IBM.Watson.DeveloperCloud.Services.VisualRecognition.v3.VisualRecognition/TrainClassifierReq::set_Callback(IBM.Watson.DeveloperCloud.Services.VisualRecognition.v3.VisualRecognition/OnTrainClassifier)</Name>
              <FileRef uid="55" />
              <SequencePoints>
                <SequencePoint vc="2" uspid="2782" ordinal="0" offset="0" sl="1000" sc="48" el="1000" ec="52" bec="0" bev="0" fileid="55" />
              </SequencePoints>
              <BranchPoints />
              <MethodPoint xsi:type="SequencePoint" vc="2" uspid="2782" ordinal="0" offset="0" sl="1000" sc="48" el="1000" ec="52" bec="0" bev="0" fileid="55" />
            </Method>
            <Method visited="true" cyclomaticComplexity="1" nPathComplexity="0" sequenceCoverage="0" branchCoverage="0" isConstructor="true" isStatic="false" isGetter="false" isSetter="false">
              <Summary numSequencePoints="0" visitedSequencePoints="0" numBranchPoints="0" visitedBranchPoints="0" sequenceCoverage="0" branchCoverage="0" maxCyclomaticComplexity="1" minCyclomaticComplexity="1" visitedClasses="0" numClasses="0" visitedMethods="0" numMethods="0" />
              <MetadataToken>100666196</MetadataToken>
              <Name>System.Void IBM.Watson.DeveloperCloud.Services.VisualRecognition.v3.VisualRecognition/TrainClassifierReq::.ctor()</Name>
              <SequencePoints />
              <BranchPoints />
              <MethodPoint vc="2" uspid="2783" ordinal="0" offset="0" />
            </Method>
          </Methods>
        </Class>
        <Class>
          <Summary numSequencePoints="4" visitedSequencePoints="4" numBranchPoints="4" visitedBranchPoints="4" sequenceCoverage="100" branchCoverage="100" maxCyclomaticComplexity="1" minCyclomaticComplexity="1" visitedClasses="1" numClasses="1" visitedMethods="4" numMethods="4" />
          <FullName>IBM.Watson.DeveloperCloud.Services.VisualRecognition.v3.VisualRecognition/DeleteClassifierReq</FullName>
          <Methods>
            <Method visited="true" cyclomaticComplexity="1" nPathComplexity="0" sequenceCoverage="100" branchCoverage="100" isConstructor="false" isStatic="false" isGetter="true" isSetter="false">
              <Summary numSequencePoints="1" visitedSequencePoints="1" numBranchPoints="1" visitedBranchPoints="1" sequenceCoverage="100" branchCoverage="100" maxCyclomaticComplexity="1" minCyclomaticComplexity="1" visitedClasses="0" numClasses="0" visitedMethods="1" numMethods="1" />
              <MetadataToken>100666197</MetadataToken>
              <Name>System.String IBM.Watson.DeveloperCloud.Services.VisualRecognition.v3.VisualRecognition/DeleteClassifierReq::get_Data()</Name>
              <FileRef uid="55" />
              <SequencePoints>
                <SequencePoint vc="1" uspid="2784" ordinal="0" offset="0" sl="1169" sc="28" el="1169" ec="32" bec="0" bev="0" fileid="55" />
              </SequencePoints>
              <BranchPoints />
              <MethodPoint xsi:type="SequencePoint" vc="1" uspid="2784" ordinal="0" offset="0" sl="1169" sc="28" el="1169" ec="32" bec="0" bev="0" fileid="55" />
            </Method>
            <Method visited="true" cyclomaticComplexity="1" nPathComplexity="0" sequenceCoverage="100" branchCoverage="100" isConstructor="false" isStatic="false" isGetter="false" isSetter="true">
              <Summary numSequencePoints="1" visitedSequencePoints="1" numBranchPoints="1" visitedBranchPoints="1" sequenceCoverage="100" branchCoverage="100" maxCyclomaticComplexity="1" minCyclomaticComplexity="1" visitedClasses="0" numClasses="0" visitedMethods="1" numMethods="1" />
              <MetadataToken>100666198</MetadataToken>
              <Name>System.Void IBM.Watson.DeveloperCloud.Services.VisualRecognition.v3.VisualRecognition/DeleteClassifierReq::set_Data(System.String)</Name>
              <FileRef uid="55" />
              <SequencePoints>
                <SequencePoint vc="1" uspid="2785" ordinal="0" offset="0" sl="1169" sc="33" el="1169" ec="37" bec="0" bev="0" fileid="55" />
              </SequencePoints>
              <BranchPoints />
              <MethodPoint xsi:type="SequencePoint" vc="1" uspid="2785" ordinal="0" offset="0" sl="1169" sc="33" el="1169" ec="37" bec="0" bev="0" fileid="55" />
            </Method>
            <Method visited="true" cyclomaticComplexity="1" nPathComplexity="0" sequenceCoverage="100" branchCoverage="100" isConstructor="false" isStatic="false" isGetter="true" isSetter="false">
              <Summary numSequencePoints="1" visitedSequencePoints="1" numBranchPoints="1" visitedBranchPoints="1" sequenceCoverage="100" branchCoverage="100" maxCyclomaticComplexity="1" minCyclomaticComplexity="1" visitedClasses="0" numClasses="0" visitedMethods="1" numMethods="1" />
              <MetadataToken>100666199</MetadataToken>
              <Name>IBM.Watson.DeveloperCloud.Services.VisualRecognition.v3.VisualRecognition/OnDeleteClassifier IBM.Watson.DeveloperCloud.Services.VisualRecognition.v3.VisualRecognition/DeleteClassifierReq::get_Callback()</Name>
              <FileRef uid="55" />
              <SequencePoints>
                <SequencePoint vc="2" uspid="2786" ordinal="0" offset="0" sl="1173" sc="44" el="1173" ec="48" bec="0" bev="0" fileid="55" />
              </SequencePoints>
              <BranchPoints />
              <MethodPoint xsi:type="SequencePoint" vc="2" uspid="2786" ordinal="0" offset="0" sl="1173" sc="44" el="1173" ec="48" bec="0" bev="0" fileid="55" />
            </Method>
            <Method visited="true" cyclomaticComplexity="1" nPathComplexity="0" sequenceCoverage="100" branchCoverage="100" isConstructor="false" isStatic="false" isGetter="false" isSetter="true">
              <Summary numSequencePoints="1" visitedSequencePoints="1" numBranchPoints="1" visitedBranchPoints="1" sequenceCoverage="100" branchCoverage="100" maxCyclomaticComplexity="1" minCyclomaticComplexity="1" visitedClasses="0" numClasses="0" visitedMethods="1" numMethods="1" />
              <MetadataToken>100666200</MetadataToken>
              <Name>System.Void IBM.Watson.DeveloperCloud.Services.VisualRecognition.v3.VisualRecognition/DeleteClassifierReq::set_Callback(IBM.Watson.DeveloperCloud.Services.VisualRecognition.v3.VisualRecognition/OnDeleteClassifier)</Name>
              <FileRef uid="55" />
              <SequencePoints>
                <SequencePoint vc="1" uspid="2787" ordinal="0" offset="0" sl="1173" sc="49" el="1173" ec="53" bec="0" bev="0" fileid="55" />
              </SequencePoints>
              <BranchPoints />
              <MethodPoint xsi:type="SequencePoint" vc="1" uspid="2787" ordinal="0" offset="0" sl="1173" sc="49" el="1173" ec="53" bec="0" bev="0" fileid="55" />
            </Method>
            <Method visited="true" cyclomaticComplexity="1" nPathComplexity="0" sequenceCoverage="0" branchCoverage="0" isConstructor="true" isStatic="false" isGetter="false" isSetter="false">
              <Summary numSequencePoints="0" visitedSequencePoints="0" numBranchPoints="0" visitedBranchPoints="0" sequenceCoverage="0" branchCoverage="0" maxCyclomaticComplexity="1" minCyclomaticComplexity="1" visitedClasses="0" numClasses="0" visitedMethods="0" numMethods="0" />
              <MetadataToken>100666201</MetadataToken>
              <Name>System.Void IBM.Watson.DeveloperCloud.Services.VisualRecognition.v3.VisualRecognition/DeleteClassifierReq::.ctor()</Name>
              <SequencePoints />
              <BranchPoints />
              <MethodPoint vc="1" uspid="2788" ordinal="0" offset="0" />
            </Method>
          </Methods>
        </Class>
        <Class>
          <Summary numSequencePoints="4" visitedSequencePoints="4" numBranchPoints="4" visitedBranchPoints="4" sequenceCoverage="100" branchCoverage="100" maxCyclomaticComplexity="1" minCyclomaticComplexity="1" visitedClasses="1" numClasses="1" visitedMethods="4" numMethods="4" />
          <FullName>IBM.Watson.DeveloperCloud.Services.VisualRecognition.v3.VisualRecognition/GetCollectionsReq</FullName>
          <Methods>
            <Method visited="true" cyclomaticComplexity="1" nPathComplexity="0" sequenceCoverage="100" branchCoverage="100" isConstructor="false" isStatic="false" isGetter="true" isSetter="false">
              <Summary numSequencePoints="1" visitedSequencePoints="1" numBranchPoints="1" visitedBranchPoints="1" sequenceCoverage="100" branchCoverage="100" maxCyclomaticComplexity="1" minCyclomaticComplexity="1" visitedClasses="0" numClasses="0" visitedMethods="1" numMethods="1" />
              <MetadataToken>100666202</MetadataToken>
              <Name>IBM.Watson.DeveloperCloud.Services.VisualRecognition.v3.VisualRecognition/OnGetCollections IBM.Watson.DeveloperCloud.Services.VisualRecognition.v3.VisualRecognition/GetCollectionsReq::get_Callback()</Name>
              <FileRef uid="55" />
              <SequencePoints>
                <SequencePoint vc="2" uspid="2789" ordinal="0" offset="0" sl="1220" sc="42" el="1220" ec="46" bec="0" bev="0" fileid="55" />
              </SequencePoints>
              <BranchPoints />
              <MethodPoint xsi:type="SequencePoint" vc="2" uspid="2789" ordinal="0" offset="0" sl="1220" sc="42" el="1220" ec="46" bec="0" bev="0" fileid="55" />
            </Method>
            <Method visited="true" cyclomaticComplexity="1" nPathComplexity="0" sequenceCoverage="100" branchCoverage="100" isConstructor="false" isStatic="false" isGetter="false" isSetter="true">
              <Summary numSequencePoints="1" visitedSequencePoints="1" numBranchPoints="1" visitedBranchPoints="1" sequenceCoverage="100" branchCoverage="100" maxCyclomaticComplexity="1" minCyclomaticComplexity="1" visitedClasses="0" numClasses="0" visitedMethods="1" numMethods="1" />
              <MetadataToken>100666203</MetadataToken>
              <Name>System.Void IBM.Watson.DeveloperCloud.Services.VisualRecognition.v3.VisualRecognition/GetCollectionsReq::set_Callback(IBM.Watson.DeveloperCloud.Services.VisualRecognition.v3.VisualRecognition/OnGetCollections)</Name>
              <FileRef uid="55" />
              <SequencePoints>
                <SequencePoint vc="1" uspid="2790" ordinal="0" offset="0" sl="1220" sc="47" el="1220" ec="51" bec="0" bev="0" fileid="55" />
              </SequencePoints>
              <BranchPoints />
              <MethodPoint xsi:type="SequencePoint" vc="1" uspid="2790" ordinal="0" offset="0" sl="1220" sc="47" el="1220" ec="51" bec="0" bev="0" fileid="55" />
            </Method>
            <Method visited="true" cyclomaticComplexity="1" nPathComplexity="0" sequenceCoverage="100" branchCoverage="100" isConstructor="false" isStatic="false" isGetter="true" isSetter="false">
              <Summary numSequencePoints="1" visitedSequencePoints="1" numBranchPoints="1" visitedBranchPoints="1" sequenceCoverage="100" branchCoverage="100" maxCyclomaticComplexity="1" minCyclomaticComplexity="1" visitedClasses="0" numClasses="0" visitedMethods="1" numMethods="1" />
              <MetadataToken>100666204</MetadataToken>
              <Name>System.String IBM.Watson.DeveloperCloud.Services.VisualRecognition.v3.VisualRecognition/GetCollectionsReq::get_Data()</Name>
              <FileRef uid="55" />
              <SequencePoints>
                <SequencePoint vc="1" uspid="2791" ordinal="0" offset="0" sl="1224" sc="28" el="1224" ec="32" bec="0" bev="0" fileid="55" />
              </SequencePoints>
              <BranchPoints />
              <MethodPoint xsi:type="SequencePoint" vc="1" uspid="2791" ordinal="0" offset="0" sl="1224" sc="28" el="1224" ec="32" bec="0" bev="0" fileid="55" />
            </Method>
            <Method visited="true" cyclomaticComplexity="1" nPathComplexity="0" sequenceCoverage="100" branchCoverage="100" isConstructor="false" isStatic="false" isGetter="false" isSetter="true">
              <Summary numSequencePoints="1" visitedSequencePoints="1" numBranchPoints="1" visitedBranchPoints="1" sequenceCoverage="100" branchCoverage="100" maxCyclomaticComplexity="1" minCyclomaticComplexity="1" visitedClasses="0" numClasses="0" visitedMethods="1" numMethods="1" />
              <MetadataToken>100666205</MetadataToken>
              <Name>System.Void IBM.Watson.DeveloperCloud.Services.VisualRecognition.v3.VisualRecognition/GetCollectionsReq::set_Data(System.String)</Name>
              <FileRef uid="55" />
              <SequencePoints>
                <SequencePoint vc="1" uspid="2792" ordinal="0" offset="0" sl="1224" sc="33" el="1224" ec="37" bec="0" bev="0" fileid="55" />
              </SequencePoints>
              <BranchPoints />
              <MethodPoint xsi:type="SequencePoint" vc="1" uspid="2792" ordinal="0" offset="0" sl="1224" sc="33" el="1224" ec="37" bec="0" bev="0" fileid="55" />
            </Method>
            <Method visited="true" cyclomaticComplexity="1" nPathComplexity="0" sequenceCoverage="0" branchCoverage="0" isConstructor="true" isStatic="false" isGetter="false" isSetter="false">
              <Summary numSequencePoints="0" visitedSequencePoints="0" numBranchPoints="0" visitedBranchPoints="0" sequenceCoverage="0" branchCoverage="0" maxCyclomaticComplexity="1" minCyclomaticComplexity="1" visitedClasses="0" numClasses="0" visitedMethods="0" numMethods="0" />
              <MetadataToken>100666206</MetadataToken>
              <Name>System.Void IBM.Watson.DeveloperCloud.Services.VisualRecognition.v3.VisualRecognition/GetCollectionsReq::.ctor()</Name>
              <SequencePoints />
              <BranchPoints />
              <MethodPoint vc="1" uspid="2793" ordinal="0" offset="0" />
            </Method>
          </Methods>
        </Class>
        <Class>
          <Summary numSequencePoints="6" visitedSequencePoints="5" numBranchPoints="6" visitedBranchPoints="5" sequenceCoverage="83.33" branchCoverage="83.33" maxCyclomaticComplexity="1" minCyclomaticComplexity="1" visitedClasses="1" numClasses="1" visitedMethods="5" numMethods="6" />
          <FullName>IBM.Watson.DeveloperCloud.Services.VisualRecognition.v3.VisualRecognition/CreateCollectionReq</FullName>
          <Methods>
            <Method visited="true" cyclomaticComplexity="1" nPathComplexity="0" sequenceCoverage="100" branchCoverage="100" isConstructor="false" isStatic="false" isGetter="true" isSetter="false">
              <Summary numSequencePoints="1" visitedSequencePoints="1" numBranchPoints="1" visitedBranchPoints="1" sequenceCoverage="100" branchCoverage="100" maxCyclomaticComplexity="1" minCyclomaticComplexity="1" visitedClasses="0" numClasses="0" visitedMethods="1" numMethods="1" />
              <MetadataToken>100666207</MetadataToken>
              <Name>IBM.Watson.DeveloperCloud.Services.VisualRecognition.v3.VisualRecognition/OnCreateCollection IBM.Watson.DeveloperCloud.Services.VisualRecognition.v3.VisualRecognition/CreateCollectionReq::get_Callback()</Name>
              <FileRef uid="55" />
              <SequencePoints>
                <SequencePoint vc="2" uspid="2794" ordinal="0" offset="0" sl="1299" sc="44" el="1299" ec="48" bec="0" bev="0" fileid="55" />
              </SequencePoints>
              <BranchPoints />
              <MethodPoint xsi:type="SequencePoint" vc="2" uspid="2794" ordinal="0" offset="0" sl="1299" sc="44" el="1299" ec="48" bec="0" bev="0" fileid="55" />
            </Method>
            <Method visited="true" cyclomaticComplexity="1" nPathComplexity="0" sequenceCoverage="100" branchCoverage="100" isConstructor="false" isStatic="false" isGetter="false" isSetter="true">
              <Summary numSequencePoints="1" visitedSequencePoints="1" numBranchPoints="1" visitedBranchPoints="1" sequenceCoverage="100" branchCoverage="100" maxCyclomaticComplexity="1" minCyclomaticComplexity="1" visitedClasses="0" numClasses="0" visitedMethods="1" numMethods="1" />
              <MetadataToken>100666208</MetadataToken>
              <Name>System.Void IBM.Watson.DeveloperCloud.Services.VisualRecognition.v3.VisualRecognition/CreateCollectionReq::set_Callback(IBM.Watson.DeveloperCloud.Services.VisualRecognition.v3.VisualRecognition/OnCreateCollection)</Name>
              <FileRef uid="55" />
              <SequencePoints>
                <SequencePoint vc="1" uspid="2795" ordinal="0" offset="0" sl="1299" sc="49" el="1299" ec="53" bec="0" bev="0" fileid="55" />
              </SequencePoints>
              <BranchPoints />
              <MethodPoint xsi:type="SequencePoint" vc="1" uspid="2795" ordinal="0" offset="0" sl="1299" sc="49" el="1299" ec="53" bec="0" bev="0" fileid="55" />
            </Method>
            <Method visited="false" cyclomaticComplexity="1" nPathComplexity="0" sequenceCoverage="0" branchCoverage="0" isConstructor="false" isStatic="false" isGetter="true" isSetter="false">
              <Summary numSequencePoints="1" visitedSequencePoints="0" numBranchPoints="1" visitedBranchPoints="0" sequenceCoverage="0" branchCoverage="0" maxCyclomaticComplexity="1" minCyclomaticComplexity="1" visitedClasses="0" numClasses="0" visitedMethods="0" numMethods="1" />
              <MetadataToken>100666209</MetadataToken>
              <Name>System.String IBM.Watson.DeveloperCloud.Services.VisualRecognition.v3.VisualRecognition/CreateCollectionReq::get_Name()</Name>
              <FileRef uid="55" />
              <SequencePoints>
                <SequencePoint vc="0" uspid="2796" ordinal="0" offset="0" sl="1303" sc="28" el="1303" ec="32" bec="0" bev="0" fileid="55" />
              </SequencePoints>
              <BranchPoints />
              <MethodPoint xsi:type="SequencePoint" vc="0" uspid="2796" ordinal="0" offset="0" sl="1303" sc="28" el="1303" ec="32" bec="0" bev="0" fileid="55" />
            </Method>
            <Method visited="true" cyclomaticComplexity="1" nPathComplexity="0" sequenceCoverage="100" branchCoverage="100" isConstructor="false" isStatic="false" isGetter="false" isSetter="true">
              <Summary numSequencePoints="1" visitedSequencePoints="1" numBranchPoints="1" visitedBranchPoints="1" sequenceCoverage="100" branchCoverage="100" maxCyclomaticComplexity="1" minCyclomaticComplexity="1" visitedClasses="0" numClasses="0" visitedMethods="1" numMethods="1" />
              <MetadataToken>100666210</MetadataToken>
              <Name>System.Void IBM.Watson.DeveloperCloud.Services.VisualRecognition.v3.VisualRecognition/CreateCollectionReq::set_Name(System.String)</Name>
              <FileRef uid="55" />
              <SequencePoints>
                <SequencePoint vc="1" uspid="2797" ordinal="0" offset="0" sl="1303" sc="33" el="1303" ec="37" bec="0" bev="0" fileid="55" />
              </SequencePoints>
              <BranchPoints />
              <MethodPoint xsi:type="SequencePoint" vc="1" uspid="2797" ordinal="0" offset="0" sl="1303" sc="33" el="1303" ec="37" bec="0" bev="0" fileid="55" />
            </Method>
            <Method visited="true" cyclomaticComplexity="1" nPathComplexity="0" sequenceCoverage="100" branchCoverage="100" isConstructor="false" isStatic="false" isGetter="true" isSetter="false">
              <Summary numSequencePoints="1" visitedSequencePoints="1" numBranchPoints="1" visitedBranchPoints="1" sequenceCoverage="100" branchCoverage="100" maxCyclomaticComplexity="1" minCyclomaticComplexity="1" visitedClasses="0" numClasses="0" visitedMethods="1" numMethods="1" />
              <MetadataToken>100666211</MetadataToken>
              <Name>System.String IBM.Watson.DeveloperCloud.Services.VisualRecognition.v3.VisualRecognition/CreateCollectionReq::get_Data()</Name>
              <FileRef uid="55" />
              <SequencePoints>
                <SequencePoint vc="1" uspid="2798" ordinal="0" offset="0" sl="1307" sc="28" el="1307" ec="32" bec="0" bev="0" fileid="55" />
              </SequencePoints>
              <BranchPoints />
              <MethodPoint xsi:type="SequencePoint" vc="1" uspid="2798" ordinal="0" offset="0" sl="1307" sc="28" el="1307" ec="32" bec="0" bev="0" fileid="55" />
            </Method>
            <Method visited="true" cyclomaticComplexity="1" nPathComplexity="0" sequenceCoverage="100" branchCoverage="100" isConstructor="false" isStatic="false" isGetter="false" isSetter="true">
              <Summary numSequencePoints="1" visitedSequencePoints="1" numBranchPoints="1" visitedBranchPoints="1" sequenceCoverage="100" branchCoverage="100" maxCyclomaticComplexity="1" minCyclomaticComplexity="1" visitedClasses="0" numClasses="0" visitedMethods="1" numMethods="1" />
              <MetadataToken>100666212</MetadataToken>
              <Name>System.Void IBM.Watson.DeveloperCloud.Services.VisualRecognition.v3.VisualRecognition/CreateCollectionReq::set_Data(System.String)</Name>
              <FileRef uid="55" />
              <SequencePoints>
                <SequencePoint vc="1" uspid="2799" ordinal="0" offset="0" sl="1307" sc="33" el="1307" ec="37" bec="0" bev="0" fileid="55" />
              </SequencePoints>
              <BranchPoints />
              <MethodPoint xsi:type="SequencePoint" vc="1" uspid="2799" ordinal="0" offset="0" sl="1307" sc="33" el="1307" ec="37" bec="0" bev="0" fileid="55" />
            </Method>
            <Method visited="true" cyclomaticComplexity="1" nPathComplexity="0" sequenceCoverage="0" branchCoverage="0" isConstructor="true" isStatic="false" isGetter="false" isSetter="false">
              <Summary numSequencePoints="0" visitedSequencePoints="0" numBranchPoints="0" visitedBranchPoints="0" sequenceCoverage="0" branchCoverage="0" maxCyclomaticComplexity="1" minCyclomaticComplexity="1" visitedClasses="0" numClasses="0" visitedMethods="0" numMethods="0" />
              <MetadataToken>100666213</MetadataToken>
              <Name>System.Void IBM.Watson.DeveloperCloud.Services.VisualRecognition.v3.VisualRecognition/CreateCollectionReq::.ctor()</Name>
              <SequencePoints />
              <BranchPoints />
              <MethodPoint vc="1" uspid="2800" ordinal="0" offset="0" />
            </Method>
          </Methods>
        </Class>
        <Class>
          <Summary numSequencePoints="6" visitedSequencePoints="5" numBranchPoints="6" visitedBranchPoints="5" sequenceCoverage="83.33" branchCoverage="83.33" maxCyclomaticComplexity="1" minCyclomaticComplexity="1" visitedClasses="1" numClasses="1" visitedMethods="5" numMethods="6" />
          <FullName>IBM.Watson.DeveloperCloud.Services.VisualRecognition.v3.VisualRecognition/DeleteCollectionReq</FullName>
          <Methods>
            <Method visited="true" cyclomaticComplexity="1" nPathComplexity="0" sequenceCoverage="100" branchCoverage="100" isConstructor="false" isStatic="false" isGetter="true" isSetter="false">
              <Summary numSequencePoints="1" visitedSequencePoints="1" numBranchPoints="1" visitedBranchPoints="1" sequenceCoverage="100" branchCoverage="100" maxCyclomaticComplexity="1" minCyclomaticComplexity="1" visitedClasses="0" numClasses="0" visitedMethods="1" numMethods="1" />
              <MetadataToken>100666214</MetadataToken>
              <Name>IBM.Watson.DeveloperCloud.Services.VisualRecognition.v3.VisualRecognition/OnDeleteCollection IBM.Watson.DeveloperCloud.Services.VisualRecognition.v3.VisualRecognition/DeleteCollectionReq::get_Callback()</Name>
              <FileRef uid="55" />
              <SequencePoints>
                <SequencePoint vc="2" uspid="2801" ordinal="0" offset="0" sl="1379" sc="44" el="1379" ec="48" bec="0" bev="0" fileid="55" />
              </SequencePoints>
              <BranchPoints />
              <MethodPoint xsi:type="SequencePoint" vc="2" uspid="2801" ordinal="0" offset="0" sl="1379" sc="44" el="1379" ec="48" bec="0" bev="0" fileid="55" />
            </Method>
            <Method visited="true" cyclomaticComplexity="1" nPathComplexity="0" sequenceCoverage="100" branchCoverage="100" isConstructor="false" isStatic="false" isGetter="false" isSetter="true">
              <Summary numSequencePoints="1" visitedSequencePoints="1" numBranchPoints="1" visitedBranchPoints="1" sequenceCoverage="100" branchCoverage="100" maxCyclomaticComplexity="1" minCyclomaticComplexity="1" visitedClasses="0" numClasses="0" visitedMethods="1" numMethods="1" />
              <MetadataToken>100666215</MetadataToken>
              <Name>System.Void IBM.Watson.DeveloperCloud.Services.VisualRecognition.v3.VisualRecognition/DeleteCollectionReq::set_Callback(IBM.Watson.DeveloperCloud.Services.VisualRecognition.v3.VisualRecognition/OnDeleteCollection)</Name>
              <FileRef uid="55" />
              <SequencePoints>
                <SequencePoint vc="1" uspid="2802" ordinal="0" offset="0" sl="1379" sc="49" el="1379" ec="53" bec="0" bev="0" fileid="55" />
              </SequencePoints>
              <BranchPoints />
              <MethodPoint xsi:type="SequencePoint" vc="1" uspid="2802" ordinal="0" offset="0" sl="1379" sc="49" el="1379" ec="53" bec="0" bev="0" fileid="55" />
            </Method>
            <Method visited="false" cyclomaticComplexity="1" nPathComplexity="0" sequenceCoverage="0" branchCoverage="0" isConstructor="false" isStatic="false" isGetter="true" isSetter="false">
              <Summary numSequencePoints="1" visitedSequencePoints="0" numBranchPoints="1" visitedBranchPoints="0" sequenceCoverage="0" branchCoverage="0" maxCyclomaticComplexity="1" minCyclomaticComplexity="1" visitedClasses="0" numClasses="0" visitedMethods="0" numMethods="1" />
              <MetadataToken>100666216</MetadataToken>
              <Name>System.String IBM.Watson.DeveloperCloud.Services.VisualRecognition.v3.VisualRecognition/DeleteCollectionReq::get_CollectionID()</Name>
              <FileRef uid="55" />
              <SequencePoints>
                <SequencePoint vc="0" uspid="2803" ordinal="0" offset="0" sl="1383" sc="36" el="1383" ec="40" bec="0" bev="0" fileid="55" />
              </SequencePoints>
              <BranchPoints />
              <MethodPoint xsi:type="SequencePoint" vc="0" uspid="2803" ordinal="0" offset="0" sl="1383" sc="36" el="1383" ec="40" bec="0" bev="0" fileid="55" />
            </Method>
            <Method visited="true" cyclomaticComplexity="1" nPathComplexity="0" sequenceCoverage="100" branchCoverage="100" isConstructor="false" isStatic="false" isGetter="false" isSetter="true">
              <Summary numSequencePoints="1" visitedSequencePoints="1" numBranchPoints="1" visitedBranchPoints="1" sequenceCoverage="100" branchCoverage="100" maxCyclomaticComplexity="1" minCyclomaticComplexity="1" visitedClasses="0" numClasses="0" visitedMethods="1" numMethods="1" />
              <MetadataToken>100666217</MetadataToken>
              <Name>System.Void IBM.Watson.DeveloperCloud.Services.VisualRecognition.v3.VisualRecognition/DeleteCollectionReq::set_CollectionID(System.String)</Name>
              <FileRef uid="55" />
              <SequencePoints>
                <SequencePoint vc="1" uspid="2804" ordinal="0" offset="0" sl="1383" sc="41" el="1383" ec="45" bec="0" bev="0" fileid="55" />
              </SequencePoints>
              <BranchPoints />
              <MethodPoint xsi:type="SequencePoint" vc="1" uspid="2804" ordinal="0" offset="0" sl="1383" sc="41" el="1383" ec="45" bec="0" bev="0" fileid="55" />
            </Method>
            <Method visited="true" cyclomaticComplexity="1" nPathComplexity="0" sequenceCoverage="100" branchCoverage="100" isConstructor="false" isStatic="false" isGetter="true" isSetter="false">
              <Summary numSequencePoints="1" visitedSequencePoints="1" numBranchPoints="1" visitedBranchPoints="1" sequenceCoverage="100" branchCoverage="100" maxCyclomaticComplexity="1" minCyclomaticComplexity="1" visitedClasses="0" numClasses="0" visitedMethods="1" numMethods="1" />
              <MetadataToken>100666218</MetadataToken>
              <Name>System.String IBM.Watson.DeveloperCloud.Services.VisualRecognition.v3.VisualRecognition/DeleteCollectionReq::get_Data()</Name>
              <FileRef uid="55" />
              <SequencePoints>
                <SequencePoint vc="1" uspid="2805" ordinal="0" offset="0" sl="1387" sc="28" el="1387" ec="32" bec="0" bev="0" fileid="55" />
              </SequencePoints>
              <BranchPoints />
              <MethodPoint xsi:type="SequencePoint" vc="1" uspid="2805" ordinal="0" offset="0" sl="1387" sc="28" el="1387" ec="32" bec="0" bev="0" fileid="55" />
            </Method>
            <Method visited="true" cyclomaticComplexity="1" nPathComplexity="0" sequenceCoverage="100" branchCoverage="100" isConstructor="false" isStatic="false" isGetter="false" isSetter="true">
              <Summary numSequencePoints="1" visitedSequencePoints="1" numBranchPoints="1" visitedBranchPoints="1" sequenceCoverage="100" branchCoverage="100" maxCyclomaticComplexity="1" minCyclomaticComplexity="1" visitedClasses="0" numClasses="0" visitedMethods="1" numMethods="1" />
              <MetadataToken>100666219</MetadataToken>
              <Name>System.Void IBM.Watson.DeveloperCloud.Services.VisualRecognition.v3.VisualRecognition/DeleteCollectionReq::set_Data(System.String)</Name>
              <FileRef uid="55" />
              <SequencePoints>
                <SequencePoint vc="1" uspid="2806" ordinal="0" offset="0" sl="1387" sc="33" el="1387" ec="37" bec="0" bev="0" fileid="55" />
              </SequencePoints>
              <BranchPoints />
              <MethodPoint xsi:type="SequencePoint" vc="1" uspid="2806" ordinal="0" offset="0" sl="1387" sc="33" el="1387" ec="37" bec="0" bev="0" fileid="55" />
            </Method>
            <Method visited="true" cyclomaticComplexity="1" nPathComplexity="0" sequenceCoverage="0" branchCoverage="0" isConstructor="true" isStatic="false" isGetter="false" isSetter="false">
              <Summary numSequencePoints="0" visitedSequencePoints="0" numBranchPoints="0" visitedBranchPoints="0" sequenceCoverage="0" branchCoverage="0" maxCyclomaticComplexity="1" minCyclomaticComplexity="1" visitedClasses="0" numClasses="0" visitedMethods="0" numMethods="0" />
              <MetadataToken>100666220</MetadataToken>
              <Name>System.Void IBM.Watson.DeveloperCloud.Services.VisualRecognition.v3.VisualRecognition/DeleteCollectionReq::.ctor()</Name>
              <SequencePoints />
              <BranchPoints />
              <MethodPoint vc="1" uspid="2807" ordinal="0" offset="0" />
            </Method>
          </Methods>
        </Class>
        <Class>
          <Summary numSequencePoints="6" visitedSequencePoints="5" numBranchPoints="6" visitedBranchPoints="5" sequenceCoverage="83.33" branchCoverage="83.33" maxCyclomaticComplexity="1" minCyclomaticComplexity="1" visitedClasses="1" numClasses="1" visitedMethods="5" numMethods="6" />
          <FullName>IBM.Watson.DeveloperCloud.Services.VisualRecognition.v3.VisualRecognition/GetCollectionReq</FullName>
          <Methods>
            <Method visited="true" cyclomaticComplexity="1" nPathComplexity="0" sequenceCoverage="100" branchCoverage="100" isConstructor="false" isStatic="false" isGetter="true" isSetter="false">
              <Summary numSequencePoints="1" visitedSequencePoints="1" numBranchPoints="1" visitedBranchPoints="1" sequenceCoverage="100" branchCoverage="100" maxCyclomaticComplexity="1" minCyclomaticComplexity="1" visitedClasses="0" numClasses="0" visitedMethods="1" numMethods="1" />
              <MetadataToken>100666221</MetadataToken>
              <Name>IBM.Watson.DeveloperCloud.Services.VisualRecognition.v3.VisualRecognition/OnGetCollection IBM.Watson.DeveloperCloud.Services.VisualRecognition.v3.VisualRecognition/GetCollectionReq::get_Callback()</Name>
              <FileRef uid="55" />
              <SequencePoints>
                <SequencePoint vc="2" uspid="2808" ordinal="0" offset="0" sl="1437" sc="41" el="1437" ec="45" bec="0" bev="0" fileid="55" />
              </SequencePoints>
              <BranchPoints />
              <MethodPoint xsi:type="SequencePoint" vc="2" uspid="2808" ordinal="0" offset="0" sl="1437" sc="41" el="1437" ec="45" bec="0" bev="0" fileid="55" />
            </Method>
            <Method visited="true" cyclomaticComplexity="1" nPathComplexity="0" sequenceCoverage="100" branchCoverage="100" isConstructor="false" isStatic="false" isGetter="false" isSetter="true">
              <Summary numSequencePoints="1" visitedSequencePoints="1" numBranchPoints="1" visitedBranchPoints="1" sequenceCoverage="100" branchCoverage="100" maxCyclomaticComplexity="1" minCyclomaticComplexity="1" visitedClasses="0" numClasses="0" visitedMethods="1" numMethods="1" />
              <MetadataToken>100666222</MetadataToken>
              <Name>System.Void IBM.Watson.DeveloperCloud.Services.VisualRecognition.v3.VisualRecognition/GetCollectionReq::set_Callback(IBM.Watson.DeveloperCloud.Services.VisualRecognition.v3.VisualRecognition/OnGetCollection)</Name>
              <FileRef uid="55" />
              <SequencePoints>
                <SequencePoint vc="1" uspid="2809" ordinal="0" offset="0" sl="1437" sc="46" el="1437" ec="50" bec="0" bev="0" fileid="55" />
              </SequencePoints>
              <BranchPoints />
              <MethodPoint xsi:type="SequencePoint" vc="1" uspid="2809" ordinal="0" offset="0" sl="1437" sc="46" el="1437" ec="50" bec="0" bev="0" fileid="55" />
            </Method>
            <Method visited="false" cyclomaticComplexity="1" nPathComplexity="0" sequenceCoverage="0" branchCoverage="0" isConstructor="false" isStatic="false" isGetter="true" isSetter="false">
              <Summary numSequencePoints="1" visitedSequencePoints="0" numBranchPoints="1" visitedBranchPoints="0" sequenceCoverage="0" branchCoverage="0" maxCyclomaticComplexity="1" minCyclomaticComplexity="1" visitedClasses="0" numClasses="0" visitedMethods="0" numMethods="1" />
              <MetadataToken>100666223</MetadataToken>
              <Name>System.String IBM.Watson.DeveloperCloud.Services.VisualRecognition.v3.VisualRecognition/GetCollectionReq::get_CollectionID()</Name>
              <FileRef uid="55" />
              <SequencePoints>
                <SequencePoint vc="0" uspid="2810" ordinal="0" offset="0" sl="1441" sc="36" el="1441" ec="40" bec="0" bev="0" fileid="55" />
              </SequencePoints>
              <BranchPoints />
              <MethodPoint xsi:type="SequencePoint" vc="0" uspid="2810" ordinal="0" offset="0" sl="1441" sc="36" el="1441" ec="40" bec="0" bev="0" fileid="55" />
            </Method>
            <Method visited="true" cyclomaticComplexity="1" nPathComplexity="0" sequenceCoverage="100" branchCoverage="100" isConstructor="false" isStatic="false" isGetter="false" isSetter="true">
              <Summary numSequencePoints="1" visitedSequencePoints="1" numBranchPoints="1" visitedBranchPoints="1" sequenceCoverage="100" branchCoverage="100" maxCyclomaticComplexity="1" minCyclomaticComplexity="1" visitedClasses="0" numClasses="0" visitedMethods="1" numMethods="1" />
              <MetadataToken>100666224</MetadataToken>
              <Name>System.Void IBM.Watson.DeveloperCloud.Services.VisualRecognition.v3.VisualRecognition/GetCollectionReq::set_CollectionID(System.String)</Name>
              <FileRef uid="55" />
              <SequencePoints>
                <SequencePoint vc="1" uspid="2811" ordinal="0" offset="0" sl="1441" sc="41" el="1441" ec="45" bec="0" bev="0" fileid="55" />
              </SequencePoints>
              <BranchPoints />
              <MethodPoint xsi:type="SequencePoint" vc="1" uspid="2811" ordinal="0" offset="0" sl="1441" sc="41" el="1441" ec="45" bec="0" bev="0" fileid="55" />
            </Method>
            <Method visited="true" cyclomaticComplexity="1" nPathComplexity="0" sequenceCoverage="100" branchCoverage="100" isConstructor="false" isStatic="false" isGetter="true" isSetter="false">
              <Summary numSequencePoints="1" visitedSequencePoints="1" numBranchPoints="1" visitedBranchPoints="1" sequenceCoverage="100" branchCoverage="100" maxCyclomaticComplexity="1" minCyclomaticComplexity="1" visitedClasses="0" numClasses="0" visitedMethods="1" numMethods="1" />
              <MetadataToken>100666225</MetadataToken>
              <Name>System.String IBM.Watson.DeveloperCloud.Services.VisualRecognition.v3.VisualRecognition/GetCollectionReq::get_Data()</Name>
              <FileRef uid="55" />
              <SequencePoints>
                <SequencePoint vc="1" uspid="2812" ordinal="0" offset="0" sl="1445" sc="28" el="1445" ec="32" bec="0" bev="0" fileid="55" />
              </SequencePoints>
              <BranchPoints />
              <MethodPoint xsi:type="SequencePoint" vc="1" uspid="2812" ordinal="0" offset="0" sl="1445" sc="28" el="1445" ec="32" bec="0" bev="0" fileid="55" />
            </Method>
            <Method visited="true" cyclomaticComplexity="1" nPathComplexity="0" sequenceCoverage="100" branchCoverage="100" isConstructor="false" isStatic="false" isGetter="false" isSetter="true">
              <Summary numSequencePoints="1" visitedSequencePoints="1" numBranchPoints="1" visitedBranchPoints="1" sequenceCoverage="100" branchCoverage="100" maxCyclomaticComplexity="1" minCyclomaticComplexity="1" visitedClasses="0" numClasses="0" visitedMethods="1" numMethods="1" />
              <MetadataToken>100666226</MetadataToken>
              <Name>System.Void IBM.Watson.DeveloperCloud.Services.VisualRecognition.v3.VisualRecognition/GetCollectionReq::set_Data(System.String)</Name>
              <FileRef uid="55" />
              <SequencePoints>
                <SequencePoint vc="1" uspid="2813" ordinal="0" offset="0" sl="1445" sc="33" el="1445" ec="37" bec="0" bev="0" fileid="55" />
              </SequencePoints>
              <BranchPoints />
              <MethodPoint xsi:type="SequencePoint" vc="1" uspid="2813" ordinal="0" offset="0" sl="1445" sc="33" el="1445" ec="37" bec="0" bev="0" fileid="55" />
            </Method>
            <Method visited="true" cyclomaticComplexity="1" nPathComplexity="0" sequenceCoverage="0" branchCoverage="0" isConstructor="true" isStatic="false" isGetter="false" isSetter="false">
              <Summary numSequencePoints="0" visitedSequencePoints="0" numBranchPoints="0" visitedBranchPoints="0" sequenceCoverage="0" branchCoverage="0" maxCyclomaticComplexity="1" minCyclomaticComplexity="1" visitedClasses="0" numClasses="0" visitedMethods="0" numMethods="0" />
              <MetadataToken>100666227</MetadataToken>
              <Name>System.Void IBM.Watson.DeveloperCloud.Services.VisualRecognition.v3.VisualRecognition/GetCollectionReq::.ctor()</Name>
              <SequencePoints />
              <BranchPoints />
              <MethodPoint vc="1" uspid="2814" ordinal="0" offset="0" />
            </Method>
          </Methods>
        </Class>
        <Class>
          <Summary numSequencePoints="6" visitedSequencePoints="5" numBranchPoints="6" visitedBranchPoints="5" sequenceCoverage="83.33" branchCoverage="83.33" maxCyclomaticComplexity="1" minCyclomaticComplexity="1" visitedClasses="1" numClasses="1" visitedMethods="5" numMethods="6" />
          <FullName>IBM.Watson.DeveloperCloud.Services.VisualRecognition.v3.VisualRecognition/GetCollectionImagesReq</FullName>
          <Methods>
            <Method visited="true" cyclomaticComplexity="1" nPathComplexity="0" sequenceCoverage="100" branchCoverage="100" isConstructor="false" isStatic="false" isGetter="true" isSetter="false">
              <Summary numSequencePoints="1" visitedSequencePoints="1" numBranchPoints="1" visitedBranchPoints="1" sequenceCoverage="100" branchCoverage="100" maxCyclomaticComplexity="1" minCyclomaticComplexity="1" visitedClasses="0" numClasses="0" visitedMethods="1" numMethods="1" />
              <MetadataToken>100666228</MetadataToken>
              <Name>IBM.Watson.DeveloperCloud.Services.VisualRecognition.v3.VisualRecognition/OnGetCollectionImages IBM.Watson.DeveloperCloud.Services.VisualRecognition.v3.VisualRecognition/GetCollectionImagesReq::get_Callback()</Name>
              <FileRef uid="55" />
              <SequencePoints>
                <SequencePoint vc="2" uspid="2815" ordinal="0" offset="0" sl="1516" sc="47" el="1516" ec="51" bec="0" bev="0" fileid="55" />
              </SequencePoints>
              <BranchPoints />
              <MethodPoint xsi:type="SequencePoint" vc="2" uspid="2815" ordinal="0" offset="0" sl="1516" sc="47" el="1516" ec="51" bec="0" bev="0" fileid="55" />
            </Method>
            <Method visited="true" cyclomaticComplexity="1" nPathComplexity="0" sequenceCoverage="100" branchCoverage="100" isConstructor="false" isStatic="false" isGetter="false" isSetter="true">
              <Summary numSequencePoints="1" visitedSequencePoints="1" numBranchPoints="1" visitedBranchPoints="1" sequenceCoverage="100" branchCoverage="100" maxCyclomaticComplexity="1" minCyclomaticComplexity="1" visitedClasses="0" numClasses="0" visitedMethods="1" numMethods="1" />
              <MetadataToken>100666229</MetadataToken>
              <Name>System.Void IBM.Watson.DeveloperCloud.Services.VisualRecognition.v3.VisualRecognition/GetCollectionImagesReq::set_Callback(IBM.Watson.DeveloperCloud.Services.VisualRecognition.v3.VisualRecognition/OnGetCollectionImages)</Name>
              <FileRef uid="55" />
              <SequencePoints>
                <SequencePoint vc="1" uspid="2816" ordinal="0" offset="0" sl="1516" sc="52" el="1516" ec="56" bec="0" bev="0" fileid="55" />
              </SequencePoints>
              <BranchPoints />
              <MethodPoint xsi:type="SequencePoint" vc="1" uspid="2816" ordinal="0" offset="0" sl="1516" sc="52" el="1516" ec="56" bec="0" bev="0" fileid="55" />
            </Method>
            <Method visited="false" cyclomaticComplexity="1" nPathComplexity="0" sequenceCoverage="0" branchCoverage="0" isConstructor="false" isStatic="false" isGetter="true" isSetter="false">
              <Summary numSequencePoints="1" visitedSequencePoints="0" numBranchPoints="1" visitedBranchPoints="0" sequenceCoverage="0" branchCoverage="0" maxCyclomaticComplexity="1" minCyclomaticComplexity="1" visitedClasses="0" numClasses="0" visitedMethods="0" numMethods="1" />
              <MetadataToken>100666230</MetadataToken>
              <Name>System.String IBM.Watson.DeveloperCloud.Services.VisualRecognition.v3.VisualRecognition/GetCollectionImagesReq::get_CollectionID()</Name>
              <FileRef uid="55" />
              <SequencePoints>
                <SequencePoint vc="0" uspid="2817" ordinal="0" offset="0" sl="1520" sc="36" el="1520" ec="40" bec="0" bev="0" fileid="55" />
              </SequencePoints>
              <BranchPoints />
              <MethodPoint xsi:type="SequencePoint" vc="0" uspid="2817" ordinal="0" offset="0" sl="1520" sc="36" el="1520" ec="40" bec="0" bev="0" fileid="55" />
            </Method>
            <Method visited="true" cyclomaticComplexity="1" nPathComplexity="0" sequenceCoverage="100" branchCoverage="100" isConstructor="false" isStatic="false" isGetter="false" isSetter="true">
              <Summary numSequencePoints="1" visitedSequencePoints="1" numBranchPoints="1" visitedBranchPoints="1" sequenceCoverage="100" branchCoverage="100" maxCyclomaticComplexity="1" minCyclomaticComplexity="1" visitedClasses="0" numClasses="0" visitedMethods="1" numMethods="1" />
              <MetadataToken>100666231</MetadataToken>
              <Name>System.Void IBM.Watson.DeveloperCloud.Services.VisualRecognition.v3.VisualRecognition/GetCollectionImagesReq::set_CollectionID(System.String)</Name>
              <FileRef uid="55" />
              <SequencePoints>
                <SequencePoint vc="1" uspid="2818" ordinal="0" offset="0" sl="1520" sc="41" el="1520" ec="45" bec="0" bev="0" fileid="55" />
              </SequencePoints>
              <BranchPoints />
              <MethodPoint xsi:type="SequencePoint" vc="1" uspid="2818" ordinal="0" offset="0" sl="1520" sc="41" el="1520" ec="45" bec="0" bev="0" fileid="55" />
            </Method>
            <Method visited="true" cyclomaticComplexity="1" nPathComplexity="0" sequenceCoverage="100" branchCoverage="100" isConstructor="false" isStatic="false" isGetter="true" isSetter="false">
              <Summary numSequencePoints="1" visitedSequencePoints="1" numBranchPoints="1" visitedBranchPoints="1" sequenceCoverage="100" branchCoverage="100" maxCyclomaticComplexity="1" minCyclomaticComplexity="1" visitedClasses="0" numClasses="0" visitedMethods="1" numMethods="1" />
              <MetadataToken>100666232</MetadataToken>
              <Name>System.String IBM.Watson.DeveloperCloud.Services.VisualRecognition.v3.VisualRecognition/GetCollectionImagesReq::get_Data()</Name>
              <FileRef uid="55" />
              <SequencePoints>
                <SequencePoint vc="1" uspid="2819" ordinal="0" offset="0" sl="1524" sc="28" el="1524" ec="32" bec="0" bev="0" fileid="55" />
              </SequencePoints>
              <BranchPoints />
              <MethodPoint xsi:type="SequencePoint" vc="1" uspid="2819" ordinal="0" offset="0" sl="1524" sc="28" el="1524" ec="32" bec="0" bev="0" fileid="55" />
            </Method>
            <Method visited="true" cyclomaticComplexity="1" nPathComplexity="0" sequenceCoverage="100" branchCoverage="100" isConstructor="false" isStatic="false" isGetter="false" isSetter="true">
              <Summary numSequencePoints="1" visitedSequencePoints="1" numBranchPoints="1" visitedBranchPoints="1" sequenceCoverage="100" branchCoverage="100" maxCyclomaticComplexity="1" minCyclomaticComplexity="1" visitedClasses="0" numClasses="0" visitedMethods="1" numMethods="1" />
              <MetadataToken>100666233</MetadataToken>
              <Name>System.Void IBM.Watson.DeveloperCloud.Services.VisualRecognition.v3.VisualRecognition/GetCollectionImagesReq::set_Data(System.String)</Name>
              <FileRef uid="55" />
              <SequencePoints>
                <SequencePoint vc="1" uspid="2820" ordinal="0" offset="0" sl="1524" sc="33" el="1524" ec="37" bec="0" bev="0" fileid="55" />
              </SequencePoints>
              <BranchPoints />
              <MethodPoint xsi:type="SequencePoint" vc="1" uspid="2820" ordinal="0" offset="0" sl="1524" sc="33" el="1524" ec="37" bec="0" bev="0" fileid="55" />
            </Method>
            <Method visited="true" cyclomaticComplexity="1" nPathComplexity="0" sequenceCoverage="0" branchCoverage="0" isConstructor="true" isStatic="false" isGetter="false" isSetter="false">
              <Summary numSequencePoints="0" visitedSequencePoints="0" numBranchPoints="0" visitedBranchPoints="0" sequenceCoverage="0" branchCoverage="0" maxCyclomaticComplexity="1" minCyclomaticComplexity="1" visitedClasses="0" numClasses="0" visitedMethods="0" numMethods="0" />
              <MetadataToken>100666234</MetadataToken>
              <Name>System.Void IBM.Watson.DeveloperCloud.Services.VisualRecognition.v3.VisualRecognition/GetCollectionImagesReq::.ctor()</Name>
              <SequencePoints />
              <BranchPoints />
              <MethodPoint vc="1" uspid="2821" ordinal="0" offset="0" />
            </Method>
          </Methods>
        </Class>
        <Class>
          <Summary numSequencePoints="10" visitedSequencePoints="7" numBranchPoints="10" visitedBranchPoints="7" sequenceCoverage="70" branchCoverage="70" maxCyclomaticComplexity="1" minCyclomaticComplexity="1" visitedClasses="1" numClasses="1" visitedMethods="7" numMethods="10" />
          <FullName>IBM.Watson.DeveloperCloud.Services.VisualRecognition.v3.VisualRecognition/AddCollectionImageReq</FullName>
          <Methods>
            <Method visited="true" cyclomaticComplexity="1" nPathComplexity="0" sequenceCoverage="100" branchCoverage="100" isConstructor="false" isStatic="false" isGetter="true" isSetter="false">
              <Summary numSequencePoints="1" visitedSequencePoints="1" numBranchPoints="1" visitedBranchPoints="1" sequenceCoverage="100" branchCoverage="100" maxCyclomaticComplexity="1" minCyclomaticComplexity="1" visitedClasses="0" numClasses="0" visitedMethods="1" numMethods="1" />
              <MetadataToken>100666235</MetadataToken>
              <Name>IBM.Watson.DeveloperCloud.Services.VisualRecognition.v3.VisualRecognition/OnAddCollectionImage IBM.Watson.DeveloperCloud.Services.VisualRecognition.v3.VisualRecognition/AddCollectionImageReq::get_Callback()</Name>
              <FileRef uid="55" />
              <SequencePoints>
                <SequencePoint vc="2" uspid="2822" ordinal="0" offset="0" sl="1701" sc="46" el="1701" ec="50" bec="0" bev="0" fileid="55" />
              </SequencePoints>
              <BranchPoints />
              <MethodPoint xsi:type="SequencePoint" vc="2" uspid="2822" ordinal="0" offset="0" sl="1701" sc="46" el="1701" ec="50" bec="0" bev="0" fileid="55" />
            </Method>
            <Method visited="true" cyclomaticComplexity="1" nPathComplexity="0" sequenceCoverage="100" branchCoverage="100" isConstructor="false" isStatic="false" isGetter="false" isSetter="true">
              <Summary numSequencePoints="1" visitedSequencePoints="1" numBranchPoints="1" visitedBranchPoints="1" sequenceCoverage="100" branchCoverage="100" maxCyclomaticComplexity="1" minCyclomaticComplexity="1" visitedClasses="0" numClasses="0" visitedMethods="1" numMethods="1" />
              <MetadataToken>100666236</MetadataToken>
              <Name>System.Void IBM.Watson.DeveloperCloud.Services.VisualRecognition.v3.VisualRecognition/AddCollectionImageReq::set_Callback(IBM.Watson.DeveloperCloud.Services.VisualRecognition.v3.VisualRecognition/OnAddCollectionImage)</Name>
              <FileRef uid="55" />
              <SequencePoints>
                <SequencePoint vc="1" uspid="2823" ordinal="0" offset="0" sl="1701" sc="51" el="1701" ec="55" bec="0" bev="0" fileid="55" />
              </SequencePoints>
              <BranchPoints />
              <MethodPoint xsi:type="SequencePoint" vc="1" uspid="2823" ordinal="0" offset="0" sl="1701" sc="51" el="1701" ec="55" bec="0" bev="0" fileid="55" />
            </Method>
            <Method visited="false" cyclomaticComplexity="1" nPathComplexity="0" sequenceCoverage="0" branchCoverage="0" isConstructor="false" isStatic="false" isGetter="true" isSetter="false">
              <Summary numSequencePoints="1" visitedSequencePoints="0" numBranchPoints="1" visitedBranchPoints="0" sequenceCoverage="0" branchCoverage="0" maxCyclomaticComplexity="1" minCyclomaticComplexity="1" visitedClasses="0" numClasses="0" visitedMethods="0" numMethods="1" />
              <MetadataToken>100666237</MetadataToken>
              <Name>System.String IBM.Watson.DeveloperCloud.Services.VisualRecognition.v3.VisualRecognition/AddCollectionImageReq::get_CollectionID()</Name>
              <FileRef uid="55" />
              <SequencePoints>
                <SequencePoint vc="0" uspid="2824" ordinal="0" offset="0" sl="1705" sc="36" el="1705" ec="40" bec="0" bev="0" fileid="55" />
              </SequencePoints>
              <BranchPoints />
              <MethodPoint xsi:type="SequencePoint" vc="0" uspid="2824" ordinal="0" offset="0" sl="1705" sc="36" el="1705" ec="40" bec="0" bev="0" fileid="55" />
            </Method>
            <Method visited="true" cyclomaticComplexity="1" nPathComplexity="0" sequenceCoverage="100" branchCoverage="100" isConstructor="false" isStatic="false" isGetter="false" isSetter="true">
              <Summary numSequencePoints="1" visitedSequencePoints="1" numBranchPoints="1" visitedBranchPoints="1" sequenceCoverage="100" branchCoverage="100" maxCyclomaticComplexity="1" minCyclomaticComplexity="1" visitedClasses="0" numClasses="0" visitedMethods="1" numMethods="1" />
              <MetadataToken>100666238</MetadataToken>
              <Name>System.Void IBM.Watson.DeveloperCloud.Services.VisualRecognition.v3.VisualRecognition/AddCollectionImageReq::set_CollectionID(System.String)</Name>
              <FileRef uid="55" />
              <SequencePoints>
                <SequencePoint vc="1" uspid="2825" ordinal="0" offset="0" sl="1705" sc="41" el="1705" ec="45" bec="0" bev="0" fileid="55" />
              </SequencePoints>
              <BranchPoints />
              <MethodPoint xsi:type="SequencePoint" vc="1" uspid="2825" ordinal="0" offset="0" sl="1705" sc="41" el="1705" ec="45" bec="0" bev="0" fileid="55" />
            </Method>
            <Method visited="false" cyclomaticComplexity="1" nPathComplexity="0" sequenceCoverage="0" branchCoverage="0" isConstructor="false" isStatic="false" isGetter="true" isSetter="false">
              <Summary numSequencePoints="1" visitedSequencePoints="0" numBranchPoints="1" visitedBranchPoints="0" sequenceCoverage="0" branchCoverage="0" maxCyclomaticComplexity="1" minCyclomaticComplexity="1" visitedClasses="0" numClasses="0" visitedMethods="0" numMethods="1" />
              <MetadataToken>100666239</MetadataToken>
              <Name>System.Byte[] IBM.Watson.DeveloperCloud.Services.VisualRecognition.v3.VisualRecognition/AddCollectionImageReq::get_ImageData()</Name>
              <FileRef uid="55" />
              <SequencePoints>
                <SequencePoint vc="0" uspid="2826" ordinal="0" offset="0" sl="1709" sc="33" el="1709" ec="37" bec="0" bev="0" fileid="55" />
              </SequencePoints>
              <BranchPoints />
              <MethodPoint xsi:type="SequencePoint" vc="0" uspid="2826" ordinal="0" offset="0" sl="1709" sc="33" el="1709" ec="37" bec="0" bev="0" fileid="55" />
            </Method>
            <Method visited="true" cyclomaticComplexity="1" nPathComplexity="0" sequenceCoverage="100" branchCoverage="100" isConstructor="false" isStatic="false" isGetter="false" isSetter="true">
              <Summary numSequencePoints="1" visitedSequencePoints="1" numBranchPoints="1" visitedBranchPoints="1" sequenceCoverage="100" branchCoverage="100" maxCyclomaticComplexity="1" minCyclomaticComplexity="1" visitedClasses="0" numClasses="0" visitedMethods="1" numMethods="1" />
              <MetadataToken>100666240</MetadataToken>
              <Name>System.Void IBM.Watson.DeveloperCloud.Services.VisualRecognition.v3.VisualRecognition/AddCollectionImageReq::set_ImageData(System.Byte[])</Name>
              <FileRef uid="55" />
              <SequencePoints>
                <SequencePoint vc="1" uspid="2827" ordinal="0" offset="0" sl="1709" sc="38" el="1709" ec="42" bec="0" bev="0" fileid="55" />
              </SequencePoints>
              <BranchPoints />
              <MethodPoint xsi:type="SequencePoint" vc="1" uspid="2827" ordinal="0" offset="0" sl="1709" sc="38" el="1709" ec="42" bec="0" bev="0" fileid="55" />
            </Method>
            <Method visited="false" cyclomaticComplexity="1" nPathComplexity="0" sequenceCoverage="0" branchCoverage="0" isConstructor="false" isStatic="false" isGetter="true" isSetter="false">
              <Summary numSequencePoints="1" visitedSequencePoints="0" numBranchPoints="1" visitedBranchPoints="0" sequenceCoverage="0" branchCoverage="0" maxCyclomaticComplexity="1" minCyclomaticComplexity="1" visitedClasses="0" numClasses="0" visitedMethods="0" numMethods="1" />
              <MetadataToken>100666241</MetadataToken>
              <Name>System.String IBM.Watson.DeveloperCloud.Services.VisualRecognition.v3.VisualRecognition/AddCollectionImageReq::get_Metadata()</Name>
              <FileRef uid="55" />
              <SequencePoints>
                <SequencePoint vc="0" uspid="2828" ordinal="0" offset="0" sl="1713" sc="32" el="1713" ec="36" bec="0" bev="0" fileid="55" />
              </SequencePoints>
              <BranchPoints />
              <MethodPoint xsi:type="SequencePoint" vc="0" uspid="2828" ordinal="0" offset="0" sl="1713" sc="32" el="1713" ec="36" bec="0" bev="0" fileid="55" />
            </Method>
            <Method visited="true" cyclomaticComplexity="1" nPathComplexity="0" sequenceCoverage="100" branchCoverage="100" isConstructor="false" isStatic="false" isGetter="false" isSetter="true">
              <Summary numSequencePoints="1" visitedSequencePoints="1" numBranchPoints="1" visitedBranchPoints="1" sequenceCoverage="100" branchCoverage="100" maxCyclomaticComplexity="1" minCyclomaticComplexity="1" visitedClasses="0" numClasses="0" visitedMethods="1" numMethods="1" />
              <MetadataToken>100666242</MetadataToken>
              <Name>System.Void IBM.Watson.DeveloperCloud.Services.VisualRecognition.v3.VisualRecognition/AddCollectionImageReq::set_Metadata(System.String)</Name>
              <FileRef uid="55" />
              <SequencePoints>
                <SequencePoint vc="1" uspid="2829" ordinal="0" offset="0" sl="1713" sc="37" el="1713" ec="41" bec="0" bev="0" fileid="55" />
              </SequencePoints>
              <BranchPoints />
              <MethodPoint xsi:type="SequencePoint" vc="1" uspid="2829" ordinal="0" offset="0" sl="1713" sc="37" el="1713" ec="41" bec="0" bev="0" fileid="55" />
            </Method>
            <Method visited="true" cyclomaticComplexity="1" nPathComplexity="0" sequenceCoverage="100" branchCoverage="100" isConstructor="false" isStatic="false" isGetter="true" isSetter="false">
              <Summary numSequencePoints="1" visitedSequencePoints="1" numBranchPoints="1" visitedBranchPoints="1" sequenceCoverage="100" branchCoverage="100" maxCyclomaticComplexity="1" minCyclomaticComplexity="1" visitedClasses="0" numClasses="0" visitedMethods="1" numMethods="1" />
              <MetadataToken>100666243</MetadataToken>
              <Name>System.String IBM.Watson.DeveloperCloud.Services.VisualRecognition.v3.VisualRecognition/AddCollectionImageReq::get_Data()</Name>
              <FileRef uid="55" />
              <SequencePoints>
                <SequencePoint vc="1" uspid="2830" ordinal="0" offset="0" sl="1717" sc="28" el="1717" ec="32" bec="0" bev="0" fileid="55" />
              </SequencePoints>
              <BranchPoints />
              <MethodPoint xsi:type="SequencePoint" vc="1" uspid="2830" ordinal="0" offset="0" sl="1717" sc="28" el="1717" ec="32" bec="0" bev="0" fileid="55" />
            </Method>
            <Method visited="true" cyclomaticComplexity="1" nPathComplexity="0" sequenceCoverage="100" branchCoverage="100" isConstructor="false" isStatic="false" isGetter="false" isSetter="true">
              <Summary numSequencePoints="1" visitedSequencePoints="1" numBranchPoints="1" visitedBranchPoints="1" sequenceCoverage="100" branchCoverage="100" maxCyclomaticComplexity="1" minCyclomaticComplexity="1" visitedClasses="0" numClasses="0" visitedMethods="1" numMethods="1" />
              <MetadataToken>100666244</MetadataToken>
              <Name>System.Void IBM.Watson.DeveloperCloud.Services.VisualRecognition.v3.VisualRecognition/AddCollectionImageReq::set_Data(System.String)</Name>
              <FileRef uid="55" />
              <SequencePoints>
                <SequencePoint vc="1" uspid="2831" ordinal="0" offset="0" sl="1717" sc="33" el="1717" ec="37" bec="0" bev="0" fileid="55" />
              </SequencePoints>
              <BranchPoints />
              <MethodPoint xsi:type="SequencePoint" vc="1" uspid="2831" ordinal="0" offset="0" sl="1717" sc="33" el="1717" ec="37" bec="0" bev="0" fileid="55" />
            </Method>
            <Method visited="true" cyclomaticComplexity="1" nPathComplexity="0" sequenceCoverage="0" branchCoverage="0" isConstructor="true" isStatic="false" isGetter="false" isSetter="false">
              <Summary numSequencePoints="0" visitedSequencePoints="0" numBranchPoints="0" visitedBranchPoints="0" sequenceCoverage="0" branchCoverage="0" maxCyclomaticComplexity="1" minCyclomaticComplexity="1" visitedClasses="0" numClasses="0" visitedMethods="0" numMethods="0" />
              <MetadataToken>100666245</MetadataToken>
              <Name>System.Void IBM.Watson.DeveloperCloud.Services.VisualRecognition.v3.VisualRecognition/AddCollectionImageReq::.ctor()</Name>
              <SequencePoints />
              <BranchPoints />
              <MethodPoint vc="1" uspid="2832" ordinal="0" offset="0" />
            </Method>
          </Methods>
        </Class>
        <Class>
          <Summary numSequencePoints="8" visitedSequencePoints="6" numBranchPoints="8" visitedBranchPoints="6" sequenceCoverage="75" branchCoverage="75" maxCyclomaticComplexity="1" minCyclomaticComplexity="1" visitedClasses="1" numClasses="1" visitedMethods="6" numMethods="8" />
          <FullName>IBM.Watson.DeveloperCloud.Services.VisualRecognition.v3.VisualRecognition/DeleteCollectionImageReq</FullName>
          <Methods>
            <Method visited="true" cyclomaticComplexity="1" nPathComplexity="0" sequenceCoverage="100" branchCoverage="100" isConstructor="false" isStatic="false" isGetter="true" isSetter="false">
              <Summary numSequencePoints="1" visitedSequencePoints="1" numBranchPoints="1" visitedBranchPoints="1" sequenceCoverage="100" branchCoverage="100" maxCyclomaticComplexity="1" minCyclomaticComplexity="1" visitedClasses="0" numClasses="0" visitedMethods="1" numMethods="1" />
              <MetadataToken>100666246</MetadataToken>
              <Name>IBM.Watson.DeveloperCloud.Services.VisualRecognition.v3.VisualRecognition/OnDeleteCollectionImage IBM.Watson.DeveloperCloud.Services.VisualRecognition.v3.VisualRecognition/DeleteCollectionImageReq::get_Callback()</Name>
              <FileRef uid="55" />
              <SequencePoints>
                <SequencePoint vc="2" uspid="2833" ordinal="0" offset="0" sl="1793" sc="49" el="1793" ec="53" bec="0" bev="0" fileid="55" />
              </SequencePoints>
              <BranchPoints />
              <MethodPoint xsi:type="SequencePoint" vc="2" uspid="2833" ordinal="0" offset="0" sl="1793" sc="49" el="1793" ec="53" bec="0" bev="0" fileid="55" />
            </Method>
            <Method visited="true" cyclomaticComplexity="1" nPathComplexity="0" sequenceCoverage="100" branchCoverage="100" isConstructor="false" isStatic="false" isGetter="false" isSetter="true">
              <Summary numSequencePoints="1" visitedSequencePoints="1" numBranchPoints="1" visitedBranchPoints="1" sequenceCoverage="100" branchCoverage="100" maxCyclomaticComplexity="1" minCyclomaticComplexity="1" visitedClasses="0" numClasses="0" visitedMethods="1" numMethods="1" />
              <MetadataToken>100666247</MetadataToken>
              <Name>System.Void IBM.Watson.DeveloperCloud.Services.VisualRecognition.v3.VisualRecognition/DeleteCollectionImageReq::set_Callback(IBM.Watson.DeveloperCloud.Services.VisualRecognition.v3.VisualRecognition/OnDeleteCollectionImage)</Name>
              <FileRef uid="55" />
              <SequencePoints>
                <SequencePoint vc="1" uspid="2834" ordinal="0" offset="0" sl="1793" sc="54" el="1793" ec="58" bec="0" bev="0" fileid="55" />
              </SequencePoints>
              <BranchPoints />
              <MethodPoint xsi:type="SequencePoint" vc="1" uspid="2834" ordinal="0" offset="0" sl="1793" sc="54" el="1793" ec="58" bec="0" bev="0" fileid="55" />
            </Method>
            <Method visited="false" cyclomaticComplexity="1" nPathComplexity="0" sequenceCoverage="0" branchCoverage="0" isConstructor="false" isStatic="false" isGetter="true" isSetter="false">
              <Summary numSequencePoints="1" visitedSequencePoints="0" numBranchPoints="1" visitedBranchPoints="0" sequenceCoverage="0" branchCoverage="0" maxCyclomaticComplexity="1" minCyclomaticComplexity="1" visitedClasses="0" numClasses="0" visitedMethods="0" numMethods="1" />
              <MetadataToken>100666248</MetadataToken>
              <Name>System.String IBM.Watson.DeveloperCloud.Services.VisualRecognition.v3.VisualRecognition/DeleteCollectionImageReq::get_CollectionID()</Name>
              <FileRef uid="55" />
              <SequencePoints>
                <SequencePoint vc="0" uspid="2835" ordinal="0" offset="0" sl="1797" sc="36" el="1797" ec="40" bec="0" bev="0" fileid="55" />
              </SequencePoints>
              <BranchPoints />
              <MethodPoint xsi:type="SequencePoint" vc="0" uspid="2835" ordinal="0" offset="0" sl="1797" sc="36" el="1797" ec="40" bec="0" bev="0" fileid="55" />
            </Method>
            <Method visited="true" cyclomaticComplexity="1" nPathComplexity="0" sequenceCoverage="100" branchCoverage="100" isConstructor="false" isStatic="false" isGetter="false" isSetter="true">
              <Summary numSequencePoints="1" visitedSequencePoints="1" numBranchPoints="1" visitedBranchPoints="1" sequenceCoverage="100" branchCoverage="100" maxCyclomaticComplexity="1" minCyclomaticComplexity="1" visitedClasses="0" numClasses="0" visitedMethods="1" numMethods="1" />
              <MetadataToken>100666249</MetadataToken>
              <Name>System.Void IBM.Watson.DeveloperCloud.Services.VisualRecognition.v3.VisualRecognition/DeleteCollectionImageReq::set_CollectionID(System.String)</Name>
              <FileRef uid="55" />
              <SequencePoints>
                <SequencePoint vc="1" uspid="2836" ordinal="0" offset="0" sl="1797" sc="41" el="1797" ec="45" bec="0" bev="0" fileid="55" />
              </SequencePoints>
              <BranchPoints />
              <MethodPoint xsi:type="SequencePoint" vc="1" uspid="2836" ordinal="0" offset="0" sl="1797" sc="41" el="1797" ec="45" bec="0" bev="0" fileid="55" />
            </Method>
            <Method visited="false" cyclomaticComplexity="1" nPathComplexity="0" sequenceCoverage="0" branchCoverage="0" isConstructor="false" isStatic="false" isGetter="true" isSetter="false">
              <Summary numSequencePoints="1" visitedSequencePoints="0" numBranchPoints="1" visitedBranchPoints="0" sequenceCoverage="0" branchCoverage="0" maxCyclomaticComplexity="1" minCyclomaticComplexity="1" visitedClasses="0" numClasses="0" visitedMethods="0" numMethods="1" />
              <MetadataToken>100666250</MetadataToken>
              <Name>System.String IBM.Watson.DeveloperCloud.Services.VisualRecognition.v3.VisualRecognition/DeleteCollectionImageReq::get_ImageID()</Name>
              <FileRef uid="55" />
              <SequencePoints>
                <SequencePoint vc="0" uspid="2837" ordinal="0" offset="0" sl="1801" sc="31" el="1801" ec="35" bec="0" bev="0" fileid="55" />
              </SequencePoints>
              <BranchPoints />
              <MethodPoint xsi:type="SequencePoint" vc="0" uspid="2837" ordinal="0" offset="0" sl="1801" sc="31" el="1801" ec="35" bec="0" bev="0" fileid="55" />
            </Method>
            <Method visited="true" cyclomaticComplexity="1" nPathComplexity="0" sequenceCoverage="100" branchCoverage="100" isConstructor="false" isStatic="false" isGetter="false" isSetter="true">
              <Summary numSequencePoints="1" visitedSequencePoints="1" numBranchPoints="1" visitedBranchPoints="1" sequenceCoverage="100" branchCoverage="100" maxCyclomaticComplexity="1" minCyclomaticComplexity="1" visitedClasses="0" numClasses="0" visitedMethods="1" numMethods="1" />
              <MetadataToken>100666251</MetadataToken>
              <Name>System.Void IBM.Watson.DeveloperCloud.Services.VisualRecognition.v3.VisualRecognition/DeleteCollectionImageReq::set_ImageID(System.String)</Name>
              <FileRef uid="55" />
              <SequencePoints>
                <SequencePoint vc="1" uspid="2838" ordinal="0" offset="0" sl="1801" sc="36" el="1801" ec="40" bec="0" bev="0" fileid="55" />
              </SequencePoints>
              <BranchPoints />
              <MethodPoint xsi:type="SequencePoint" vc="1" uspid="2838" ordinal="0" offset="0" sl="1801" sc="36" el="1801" ec="40" bec="0" bev="0" fileid="55" />
            </Method>
            <Method visited="true" cyclomaticComplexity="1" nPathComplexity="0" sequenceCoverage="100" branchCoverage="100" isConstructor="false" isStatic="false" isGetter="true" isSetter="false">
              <Summary numSequencePoints="1" visitedSequencePoints="1" numBranchPoints="1" visitedBranchPoints="1" sequenceCoverage="100" branchCoverage="100" maxCyclomaticComplexity="1" minCyclomaticComplexity="1" visitedClasses="0" numClasses="0" visitedMethods="1" numMethods="1" />
              <MetadataToken>100666252</MetadataToken>
              <Name>System.String IBM.Watson.DeveloperCloud.Services.VisualRecognition.v3.VisualRecognition/DeleteCollectionImageReq::get_Data()</Name>
              <FileRef uid="55" />
              <SequencePoints>
                <SequencePoint vc="1" uspid="2839" ordinal="0" offset="0" sl="1805" sc="28" el="1805" ec="32" bec="0" bev="0" fileid="55" />
              </SequencePoints>
              <BranchPoints />
              <MethodPoint xsi:type="SequencePoint" vc="1" uspid="2839" ordinal="0" offset="0" sl="1805" sc="28" el="1805" ec="32" bec="0" bev="0" fileid="55" />
            </Method>
            <Method visited="true" cyclomaticComplexity="1" nPathComplexity="0" sequenceCoverage="100" branchCoverage="100" isConstructor="false" isStatic="false" isGetter="false" isSetter="true">
              <Summary numSequencePoints="1" visitedSequencePoints="1" numBranchPoints="1" visitedBranchPoints="1" sequenceCoverage="100" branchCoverage="100" maxCyclomaticComplexity="1" minCyclomaticComplexity="1" visitedClasses="0" numClasses="0" visitedMethods="1" numMethods="1" />
              <MetadataToken>100666253</MetadataToken>
              <Name>System.Void IBM.Watson.DeveloperCloud.Services.VisualRecognition.v3.VisualRecognition/DeleteCollectionImageReq::set_Data(System.String)</Name>
              <FileRef uid="55" />
              <SequencePoints>
                <SequencePoint vc="1" uspid="2840" ordinal="0" offset="0" sl="1805" sc="33" el="1805" ec="37" bec="0" bev="0" fileid="55" />
              </SequencePoints>
              <BranchPoints />
              <MethodPoint xsi:type="SequencePoint" vc="1" uspid="2840" ordinal="0" offset="0" sl="1805" sc="33" el="1805" ec="37" bec="0" bev="0" fileid="55" />
            </Method>
            <Method visited="true" cyclomaticComplexity="1" nPathComplexity="0" sequenceCoverage="0" branchCoverage="0" isConstructor="true" isStatic="false" isGetter="false" isSetter="false">
              <Summary numSequencePoints="0" visitedSequencePoints="0" numBranchPoints="0" visitedBranchPoints="0" sequenceCoverage="0" branchCoverage="0" maxCyclomaticComplexity="1" minCyclomaticComplexity="1" visitedClasses="0" numClasses="0" visitedMethods="0" numMethods="0" />
              <MetadataToken>100666254</MetadataToken>
              <Name>System.Void IBM.Watson.DeveloperCloud.Services.VisualRecognition.v3.VisualRecognition/DeleteCollectionImageReq::.ctor()</Name>
              <SequencePoints />
              <BranchPoints />
              <MethodPoint vc="1" uspid="2841" ordinal="0" offset="0" />
            </Method>
          </Methods>
        </Class>
        <Class>
          <Summary numSequencePoints="8" visitedSequencePoints="6" numBranchPoints="8" visitedBranchPoints="6" sequenceCoverage="75" branchCoverage="75" maxCyclomaticComplexity="1" minCyclomaticComplexity="1" visitedClasses="1" numClasses="1" visitedMethods="6" numMethods="8" />
          <FullName>IBM.Watson.DeveloperCloud.Services.VisualRecognition.v3.VisualRecognition/GetCollectionImageReq</FullName>
          <Methods>
            <Method visited="true" cyclomaticComplexity="1" nPathComplexity="0" sequenceCoverage="100" branchCoverage="100" isConstructor="false" isStatic="false" isGetter="true" isSetter="false">
              <Summary numSequencePoints="1" visitedSequencePoints="1" numBranchPoints="1" visitedBranchPoints="1" sequenceCoverage="100" branchCoverage="100" maxCyclomaticComplexity="1" minCyclomaticComplexity="1" visitedClasses="0" numClasses="0" visitedMethods="1" numMethods="1" />
              <MetadataToken>100666255</MetadataToken>
              <Name>IBM.Watson.DeveloperCloud.Services.VisualRecognition.v3.VisualRecognition/OnGetImageDetails IBM.Watson.DeveloperCloud.Services.VisualRecognition.v3.VisualRecognition/GetCollectionImageReq::get_Callback()</Name>
              <FileRef uid="55" />
              <SequencePoints>
                <SequencePoint vc="2" uspid="2842" ordinal="0" offset="0" sl="1858" sc="43" el="1858" ec="47" bec="0" bev="0" fileid="55" />
              </SequencePoints>
              <BranchPoints />
              <MethodPoint xsi:type="SequencePoint" vc="2" uspid="2842" ordinal="0" offset="0" sl="1858" sc="43" el="1858" ec="47" bec="0" bev="0" fileid="55" />
            </Method>
            <Method visited="true" cyclomaticComplexity="1" nPathComplexity="0" sequenceCoverage="100" branchCoverage="100" isConstructor="false" isStatic="false" isGetter="false" isSetter="true">
              <Summary numSequencePoints="1" visitedSequencePoints="1" numBranchPoints="1" visitedBranchPoints="1" sequenceCoverage="100" branchCoverage="100" maxCyclomaticComplexity="1" minCyclomaticComplexity="1" visitedClasses="0" numClasses="0" visitedMethods="1" numMethods="1" />
              <MetadataToken>100666256</MetadataToken>
              <Name>System.Void IBM.Watson.DeveloperCloud.Services.VisualRecognition.v3.VisualRecognition/GetCollectionImageReq::set_Callback(IBM.Watson.DeveloperCloud.Services.VisualRecognition.v3.VisualRecognition/OnGetImageDetails)</Name>
              <FileRef uid="55" />
              <SequencePoints>
                <SequencePoint vc="1" uspid="2843" ordinal="0" offset="0" sl="1858" sc="48" el="1858" ec="52" bec="0" bev="0" fileid="55" />
              </SequencePoints>
              <BranchPoints />
              <MethodPoint xsi:type="SequencePoint" vc="1" uspid="2843" ordinal="0" offset="0" sl="1858" sc="48" el="1858" ec="52" bec="0" bev="0" fileid="55" />
            </Method>
            <Method visited="false" cyclomaticComplexity="1" nPathComplexity="0" sequenceCoverage="0" branchCoverage="0" isConstructor="false" isStatic="false" isGetter="true" isSetter="false">
              <Summary numSequencePoints="1" visitedSequencePoints="0" numBranchPoints="1" visitedBranchPoints="0" sequenceCoverage="0" branchCoverage="0" maxCyclomaticComplexity="1" minCyclomaticComplexity="1" visitedClasses="0" numClasses="0" visitedMethods="0" numMethods="1" />
              <MetadataToken>100666257</MetadataToken>
              <Name>System.String IBM.Watson.DeveloperCloud.Services.VisualRecognition.v3.VisualRecognition/GetCollectionImageReq::get_CollectionID()</Name>
              <FileRef uid="55" />
              <SequencePoints>
                <SequencePoint vc="0" uspid="2844" ordinal="0" offset="0" sl="1862" sc="36" el="1862" ec="40" bec="0" bev="0" fileid="55" />
              </SequencePoints>
              <BranchPoints />
              <MethodPoint xsi:type="SequencePoint" vc="0" uspid="2844" ordinal="0" offset="0" sl="1862" sc="36" el="1862" ec="40" bec="0" bev="0" fileid="55" />
            </Method>
            <Method visited="true" cyclomaticComplexity="1" nPathComplexity="0" sequenceCoverage="100" branchCoverage="100" isConstructor="false" isStatic="false" isGetter="false" isSetter="true">
              <Summary numSequencePoints="1" visitedSequencePoints="1" numBranchPoints="1" visitedBranchPoints="1" sequenceCoverage="100" branchCoverage="100" maxCyclomaticComplexity="1" minCyclomaticComplexity="1" visitedClasses="0" numClasses="0" visitedMethods="1" numMethods="1" />
              <MetadataToken>100666258</MetadataToken>
              <Name>System.Void IBM.Watson.DeveloperCloud.Services.VisualRecognition.v3.VisualRecognition/GetCollectionImageReq::set_CollectionID(System.String)</Name>
              <FileRef uid="55" />
              <SequencePoints>
                <SequencePoint vc="1" uspid="2845" ordinal="0" offset="0" sl="1862" sc="41" el="1862" ec="45" bec="0" bev="0" fileid="55" />
              </SequencePoints>
              <BranchPoints />
              <MethodPoint xsi:type="SequencePoint" vc="1" uspid="2845" ordinal="0" offset="0" sl="1862" sc="41" el="1862" ec="45" bec="0" bev="0" fileid="55" />
            </Method>
            <Method visited="false" cyclomaticComplexity="1" nPathComplexity="0" sequenceCoverage="0" branchCoverage="0" isConstructor="false" isStatic="false" isGetter="true" isSetter="false">
              <Summary numSequencePoints="1" visitedSequencePoints="0" numBranchPoints="1" visitedBranchPoints="0" sequenceCoverage="0" branchCoverage="0" maxCyclomaticComplexity="1" minCyclomaticComplexity="1" visitedClasses="0" numClasses="0" visitedMethods="0" numMethods="1" />
              <MetadataToken>100666259</MetadataToken>
              <Name>System.String IBM.Watson.DeveloperCloud.Services.VisualRecognition.v3.VisualRecognition/GetCollectionImageReq::get_ImageID()</Name>
              <FileRef uid="55" />
              <SequencePoints>
                <SequencePoint vc="0" uspid="2846" ordinal="0" offset="0" sl="1866" sc="31" el="1866" ec="35" bec="0" bev="0" fileid="55" />
              </SequencePoints>
              <BranchPoints />
              <MethodPoint xsi:type="SequencePoint" vc="0" uspid="2846" ordinal="0" offset="0" sl="1866" sc="31" el="1866" ec="35" bec="0" bev="0" fileid="55" />
            </Method>
            <Method visited="true" cyclomaticComplexity="1" nPathComplexity="0" sequenceCoverage="100" branchCoverage="100" isConstructor="false" isStatic="false" isGetter="false" isSetter="true">
              <Summary numSequencePoints="1" visitedSequencePoints="1" numBranchPoints="1" visitedBranchPoints="1" sequenceCoverage="100" branchCoverage="100" maxCyclomaticComplexity="1" minCyclomaticComplexity="1" visitedClasses="0" numClasses="0" visitedMethods="1" numMethods="1" />
              <MetadataToken>100666260</MetadataToken>
              <Name>System.Void IBM.Watson.DeveloperCloud.Services.VisualRecognition.v3.VisualRecognition/GetCollectionImageReq::set_ImageID(System.String)</Name>
              <FileRef uid="55" />
              <SequencePoints>
                <SequencePoint vc="1" uspid="2847" ordinal="0" offset="0" sl="1866" sc="36" el="1866" ec="40" bec="0" bev="0" fileid="55" />
              </SequencePoints>
              <BranchPoints />
              <MethodPoint xsi:type="SequencePoint" vc="1" uspid="2847" ordinal="0" offset="0" sl="1866" sc="36" el="1866" ec="40" bec="0" bev="0" fileid="55" />
            </Method>
            <Method visited="true" cyclomaticComplexity="1" nPathComplexity="0" sequenceCoverage="100" branchCoverage="100" isConstructor="false" isStatic="false" isGetter="true" isSetter="false">
              <Summary numSequencePoints="1" visitedSequencePoints="1" numBranchPoints="1" visitedBranchPoints="1" sequenceCoverage="100" branchCoverage="100" maxCyclomaticComplexity="1" minCyclomaticComplexity="1" visitedClasses="0" numClasses="0" visitedMethods="1" numMethods="1" />
              <MetadataToken>100666261</MetadataToken>
              <Name>System.String IBM.Watson.DeveloperCloud.Services.VisualRecognition.v3.VisualRecognition/GetCollectionImageReq::get_Data()</Name>
              <FileRef uid="55" />
              <SequencePoints>
                <SequencePoint vc="1" uspid="2848" ordinal="0" offset="0" sl="1870" sc="28" el="1870" ec="32" bec="0" bev="0" fileid="55" />
              </SequencePoints>
              <BranchPoints />
              <MethodPoint xsi:type="SequencePoint" vc="1" uspid="2848" ordinal="0" offset="0" sl="1870" sc="28" el="1870" ec="32" bec="0" bev="0" fileid="55" />
            </Method>
            <Method visited="true" cyclomaticComplexity="1" nPathComplexity="0" sequenceCoverage="100" branchCoverage="100" isConstructor="false" isStatic="false" isGetter="false" isSetter="true">
              <Summary numSequencePoints="1" visitedSequencePoints="1" numBranchPoints="1" visitedBranchPoints="1" sequenceCoverage="100" branchCoverage="100" maxCyclomaticComplexity="1" minCyclomaticComplexity="1" visitedClasses="0" numClasses="0" visitedMethods="1" numMethods="1" />
              <MetadataToken>100666262</MetadataToken>
              <Name>System.Void IBM.Watson.DeveloperCloud.Services.VisualRecognition.v3.VisualRecognition/GetCollectionImageReq::set_Data(System.String)</Name>
              <FileRef uid="55" />
              <SequencePoints>
                <SequencePoint vc="1" uspid="2849" ordinal="0" offset="0" sl="1870" sc="33" el="1870" ec="37" bec="0" bev="0" fileid="55" />
              </SequencePoints>
              <BranchPoints />
              <MethodPoint xsi:type="SequencePoint" vc="1" uspid="2849" ordinal="0" offset="0" sl="1870" sc="33" el="1870" ec="37" bec="0" bev="0" fileid="55" />
            </Method>
            <Method visited="true" cyclomaticComplexity="1" nPathComplexity="0" sequenceCoverage="0" branchCoverage="0" isConstructor="true" isStatic="false" isGetter="false" isSetter="false">
              <Summary numSequencePoints="0" visitedSequencePoints="0" numBranchPoints="0" visitedBranchPoints="0" sequenceCoverage="0" branchCoverage="0" maxCyclomaticComplexity="1" minCyclomaticComplexity="1" visitedClasses="0" numClasses="0" visitedMethods="0" numMethods="0" />
              <MetadataToken>100666263</MetadataToken>
              <Name>System.Void IBM.Watson.DeveloperCloud.Services.VisualRecognition.v3.VisualRecognition/GetCollectionImageReq::.ctor()</Name>
              <SequencePoints />
              <BranchPoints />
              <MethodPoint vc="1" uspid="2850" ordinal="0" offset="0" />
            </Method>
          </Methods>
        </Class>
        <Class>
          <Summary numSequencePoints="8" visitedSequencePoints="6" numBranchPoints="8" visitedBranchPoints="6" sequenceCoverage="75" branchCoverage="75" maxCyclomaticComplexity="1" minCyclomaticComplexity="1" visitedClasses="1" numClasses="1" visitedMethods="6" numMethods="8" />
          <FullName>IBM.Watson.DeveloperCloud.Services.VisualRecognition.v3.VisualRecognition/DeleteCollectionImageMetadataReq</FullName>
          <Methods>
            <Method visited="true" cyclomaticComplexity="1" nPathComplexity="0" sequenceCoverage="100" branchCoverage="100" isConstructor="false" isStatic="false" isGetter="true" isSetter="false">
              <Summary numSequencePoints="1" visitedSequencePoints="1" numBranchPoints="1" visitedBranchPoints="1" sequenceCoverage="100" branchCoverage="100" maxCyclomaticComplexity="1" minCyclomaticComplexity="1" visitedClasses="0" numClasses="0" visitedMethods="1" numMethods="1" />
              <MetadataToken>100666264</MetadataToken>
              <Name>IBM.Watson.DeveloperCloud.Services.VisualRecognition.v3.VisualRecognition/OnDeleteImageMetadata IBM.Watson.DeveloperCloud.Services.VisualRecognition.v3.VisualRecognition/DeleteCollectionImageMetadataReq::get_Callback()</Name>
              <FileRef uid="55" />
              <SequencePoints>
                <SequencePoint vc="2" uspid="2851" ordinal="0" offset="0" sl="1946" sc="47" el="1946" ec="51" bec="0" bev="0" fileid="55" />
              </SequencePoints>
              <BranchPoints />
              <MethodPoint xsi:type="SequencePoint" vc="2" uspid="2851" ordinal="0" offset="0" sl="1946" sc="47" el="1946" ec="51" bec="0" bev="0" fileid="55" />
            </Method>
            <Method visited="true" cyclomaticComplexity="1" nPathComplexity="0" sequenceCoverage="100" branchCoverage="100" isConstructor="false" isStatic="false" isGetter="false" isSetter="true">
              <Summary numSequencePoints="1" visitedSequencePoints="1" numBranchPoints="1" visitedBranchPoints="1" sequenceCoverage="100" branchCoverage="100" maxCyclomaticComplexity="1" minCyclomaticComplexity="1" visitedClasses="0" numClasses="0" visitedMethods="1" numMethods="1" />
              <MetadataToken>100666265</MetadataToken>
              <Name>System.Void IBM.Watson.DeveloperCloud.Services.VisualRecognition.v3.VisualRecognition/DeleteCollectionImageMetadataReq::set_Callback(IBM.Watson.DeveloperCloud.Services.VisualRecognition.v3.VisualRecognition/OnDeleteImageMetadata)</Name>
              <FileRef uid="55" />
              <SequencePoints>
                <SequencePoint vc="1" uspid="2852" ordinal="0" offset="0" sl="1946" sc="52" el="1946" ec="56" bec="0" bev="0" fileid="55" />
              </SequencePoints>
              <BranchPoints />
              <MethodPoint xsi:type="SequencePoint" vc="1" uspid="2852" ordinal="0" offset="0" sl="1946" sc="52" el="1946" ec="56" bec="0" bev="0" fileid="55" />
            </Method>
            <Method visited="false" cyclomaticComplexity="1" nPathComplexity="0" sequenceCoverage="0" branchCoverage="0" isConstructor="false" isStatic="false" isGetter="true" isSetter="false">
              <Summary numSequencePoints="1" visitedSequencePoints="0" numBranchPoints="1" visitedBranchPoints="0" sequenceCoverage="0" branchCoverage="0" maxCyclomaticComplexity="1" minCyclomaticComplexity="1" visitedClasses="0" numClasses="0" visitedMethods="0" numMethods="1" />
              <MetadataToken>100666266</MetadataToken>
              <Name>System.String IBM.Watson.DeveloperCloud.Services.VisualRecognition.v3.VisualRecognition/DeleteCollectionImageMetadataReq::get_CollectionID()</Name>
              <FileRef uid="55" />
              <SequencePoints>
                <SequencePoint vc="0" uspid="2853" ordinal="0" offset="0" sl="1950" sc="36" el="1950" ec="40" bec="0" bev="0" fileid="55" />
              </SequencePoints>
              <BranchPoints />
              <MethodPoint xsi:type="SequencePoint" vc="0" uspid="2853" ordinal="0" offset="0" sl="1950" sc="36" el="1950" ec="40" bec="0" bev="0" fileid="55" />
            </Method>
            <Method visited="true" cyclomaticComplexity="1" nPathComplexity="0" sequenceCoverage="100" branchCoverage="100" isConstructor="false" isStatic="false" isGetter="false" isSetter="true">
              <Summary numSequencePoints="1" visitedSequencePoints="1" numBranchPoints="1" visitedBranchPoints="1" sequenceCoverage="100" branchCoverage="100" maxCyclomaticComplexity="1" minCyclomaticComplexity="1" visitedClasses="0" numClasses="0" visitedMethods="1" numMethods="1" />
              <MetadataToken>100666267</MetadataToken>
              <Name>System.Void IBM.Watson.DeveloperCloud.Services.VisualRecognition.v3.VisualRecognition/DeleteCollectionImageMetadataReq::set_CollectionID(System.String)</Name>
              <FileRef uid="55" />
              <SequencePoints>
                <SequencePoint vc="1" uspid="2854" ordinal="0" offset="0" sl="1950" sc="41" el="1950" ec="45" bec="0" bev="0" fileid="55" />
              </SequencePoints>
              <BranchPoints />
              <MethodPoint xsi:type="SequencePoint" vc="1" uspid="2854" ordinal="0" offset="0" sl="1950" sc="41" el="1950" ec="45" bec="0" bev="0" fileid="55" />
            </Method>
            <Method visited="false" cyclomaticComplexity="1" nPathComplexity="0" sequenceCoverage="0" branchCoverage="0" isConstructor="false" isStatic="false" isGetter="true" isSetter="false">
              <Summary numSequencePoints="1" visitedSequencePoints="0" numBranchPoints="1" visitedBranchPoints="0" sequenceCoverage="0" branchCoverage="0" maxCyclomaticComplexity="1" minCyclomaticComplexity="1" visitedClasses="0" numClasses="0" visitedMethods="0" numMethods="1" />
              <MetadataToken>100666268</MetadataToken>
              <Name>System.String IBM.Watson.DeveloperCloud.Services.VisualRecognition.v3.VisualRecognition/DeleteCollectionImageMetadataReq::get_ImageID()</Name>
              <FileRef uid="55" />
              <SequencePoints>
                <SequencePoint vc="0" uspid="2855" ordinal="0" offset="0" sl="1954" sc="31" el="1954" ec="35" bec="0" bev="0" fileid="55" />
              </SequencePoints>
              <BranchPoints />
              <MethodPoint xsi:type="SequencePoint" vc="0" uspid="2855" ordinal="0" offset="0" sl="1954" sc="31" el="1954" ec="35" bec="0" bev="0" fileid="55" />
            </Method>
            <Method visited="true" cyclomaticComplexity="1" nPathComplexity="0" sequenceCoverage="100" branchCoverage="100" isConstructor="false" isStatic="false" isGetter="false" isSetter="true">
              <Summary numSequencePoints="1" visitedSequencePoints="1" numBranchPoints="1" visitedBranchPoints="1" sequenceCoverage="100" branchCoverage="100" maxCyclomaticComplexity="1" minCyclomaticComplexity="1" visitedClasses="0" numClasses="0" visitedMethods="1" numMethods="1" />
              <MetadataToken>100666269</MetadataToken>
              <Name>System.Void IBM.Watson.DeveloperCloud.Services.VisualRecognition.v3.VisualRecognition/DeleteCollectionImageMetadataReq::set_ImageID(System.String)</Name>
              <FileRef uid="55" />
              <SequencePoints>
                <SequencePoint vc="1" uspid="2856" ordinal="0" offset="0" sl="1954" sc="36" el="1954" ec="40" bec="0" bev="0" fileid="55" />
              </SequencePoints>
              <BranchPoints />
              <MethodPoint xsi:type="SequencePoint" vc="1" uspid="2856" ordinal="0" offset="0" sl="1954" sc="36" el="1954" ec="40" bec="0" bev="0" fileid="55" />
            </Method>
            <Method visited="true" cyclomaticComplexity="1" nPathComplexity="0" sequenceCoverage="100" branchCoverage="100" isConstructor="false" isStatic="false" isGetter="true" isSetter="false">
              <Summary numSequencePoints="1" visitedSequencePoints="1" numBranchPoints="1" visitedBranchPoints="1" sequenceCoverage="100" branchCoverage="100" maxCyclomaticComplexity="1" minCyclomaticComplexity="1" visitedClasses="0" numClasses="0" visitedMethods="1" numMethods="1" />
              <MetadataToken>100666270</MetadataToken>
              <Name>System.String IBM.Watson.DeveloperCloud.Services.VisualRecognition.v3.VisualRecognition/DeleteCollectionImageMetadataReq::get_Data()</Name>
              <FileRef uid="55" />
              <SequencePoints>
                <SequencePoint vc="1" uspid="2857" ordinal="0" offset="0" sl="1958" sc="28" el="1958" ec="32" bec="0" bev="0" fileid="55" />
              </SequencePoints>
              <BranchPoints />
              <MethodPoint xsi:type="SequencePoint" vc="1" uspid="2857" ordinal="0" offset="0" sl="1958" sc="28" el="1958" ec="32" bec="0" bev="0" fileid="55" />
            </Method>
            <Method visited="true" cyclomaticComplexity="1" nPathComplexity="0" sequenceCoverage="100" branchCoverage="100" isConstructor="false" isStatic="false" isGetter="false" isSetter="true">
              <Summary numSequencePoints="1" visitedSequencePoints="1" numBranchPoints="1" visitedBranchPoints="1" sequenceCoverage="100" branchCoverage="100" maxCyclomaticComplexity="1" minCyclomaticComplexity="1" visitedClasses="0" numClasses="0" visitedMethods="1" numMethods="1" />
              <MetadataToken>100666271</MetadataToken>
              <Name>System.Void IBM.Watson.DeveloperCloud.Services.VisualRecognition.v3.VisualRecognition/DeleteCollectionImageMetadataReq::set_Data(System.String)</Name>
              <FileRef uid="55" />
              <SequencePoints>
                <SequencePoint vc="1" uspid="2858" ordinal="0" offset="0" sl="1958" sc="33" el="1958" ec="37" bec="0" bev="0" fileid="55" />
              </SequencePoints>
              <BranchPoints />
              <MethodPoint xsi:type="SequencePoint" vc="1" uspid="2858" ordinal="0" offset="0" sl="1958" sc="33" el="1958" ec="37" bec="0" bev="0" fileid="55" />
            </Method>
            <Method visited="true" cyclomaticComplexity="1" nPathComplexity="0" sequenceCoverage="0" branchCoverage="0" isConstructor="true" isStatic="false" isGetter="false" isSetter="false">
              <Summary numSequencePoints="0" visitedSequencePoints="0" numBranchPoints="0" visitedBranchPoints="0" sequenceCoverage="0" branchCoverage="0" maxCyclomaticComplexity="1" minCyclomaticComplexity="1" visitedClasses="0" numClasses="0" visitedMethods="0" numMethods="0" />
              <MetadataToken>100666272</MetadataToken>
              <Name>System.Void IBM.Watson.DeveloperCloud.Services.VisualRecognition.v3.VisualRecognition/DeleteCollectionImageMetadataReq::.ctor()</Name>
              <SequencePoints />
              <BranchPoints />
              <MethodPoint vc="1" uspid="2859" ordinal="0" offset="0" />
            </Method>
          </Methods>
        </Class>
        <Class>
          <Summary numSequencePoints="8" visitedSequencePoints="6" numBranchPoints="8" visitedBranchPoints="6" sequenceCoverage="75" branchCoverage="75" maxCyclomaticComplexity="1" minCyclomaticComplexity="1" visitedClasses="1" numClasses="1" visitedMethods="6" numMethods="8" />
          <FullName>IBM.Watson.DeveloperCloud.Services.VisualRecognition.v3.VisualRecognition/GetCollectionImageMetadataReq</FullName>
          <Methods>
            <Method visited="true" cyclomaticComplexity="1" nPathComplexity="0" sequenceCoverage="100" branchCoverage="100" isConstructor="false" isStatic="false" isGetter="true" isSetter="false">
              <Summary numSequencePoints="1" visitedSequencePoints="1" numBranchPoints="1" visitedBranchPoints="1" sequenceCoverage="100" branchCoverage="100" maxCyclomaticComplexity="1" minCyclomaticComplexity="1" visitedClasses="0" numClasses="0" visitedMethods="1" numMethods="1" />
              <MetadataToken>100666273</MetadataToken>
              <Name>IBM.Watson.DeveloperCloud.Services.VisualRecognition.v3.VisualRecognition/OnGetImageMetadata IBM.Watson.DeveloperCloud.Services.VisualRecognition.v3.VisualRecognition/GetCollectionImageMetadataReq::get_Callback()</Name>
              <FileRef uid="55" />
              <SequencePoints>
                <SequencePoint vc="2" uspid="2860" ordinal="0" offset="0" sl="2012" sc="44" el="2012" ec="48" bec="0" bev="0" fileid="55" />
              </SequencePoints>
              <BranchPoints />
              <MethodPoint xsi:type="SequencePoint" vc="2" uspid="2860" ordinal="0" offset="0" sl="2012" sc="44" el="2012" ec="48" bec="0" bev="0" fileid="55" />
            </Method>
            <Method visited="true" cyclomaticComplexity="1" nPathComplexity="0" sequenceCoverage="100" branchCoverage="100" isConstructor="false" isStatic="false" isGetter="false" isSetter="true">
              <Summary numSequencePoints="1" visitedSequencePoints="1" numBranchPoints="1" visitedBranchPoints="1" sequenceCoverage="100" branchCoverage="100" maxCyclomaticComplexity="1" minCyclomaticComplexity="1" visitedClasses="0" numClasses="0" visitedMethods="1" numMethods="1" />
              <MetadataToken>100666274</MetadataToken>
              <Name>System.Void IBM.Watson.DeveloperCloud.Services.VisualRecognition.v3.VisualRecognition/GetCollectionImageMetadataReq::set_Callback(IBM.Watson.DeveloperCloud.Services.VisualRecognition.v3.VisualRecognition/OnGetImageMetadata)</Name>
              <FileRef uid="55" />
              <SequencePoints>
                <SequencePoint vc="1" uspid="2861" ordinal="0" offset="0" sl="2012" sc="49" el="2012" ec="53" bec="0" bev="0" fileid="55" />
              </SequencePoints>
              <BranchPoints />
              <MethodPoint xsi:type="SequencePoint" vc="1" uspid="2861" ordinal="0" offset="0" sl="2012" sc="49" el="2012" ec="53" bec="0" bev="0" fileid="55" />
            </Method>
            <Method visited="false" cyclomaticComplexity="1" nPathComplexity="0" sequenceCoverage="0" branchCoverage="0" isConstructor="false" isStatic="false" isGetter="true" isSetter="false">
              <Summary numSequencePoints="1" visitedSequencePoints="0" numBranchPoints="1" visitedBranchPoints="0" sequenceCoverage="0" branchCoverage="0" maxCyclomaticComplexity="1" minCyclomaticComplexity="1" visitedClasses="0" numClasses="0" visitedMethods="0" numMethods="1" />
              <MetadataToken>100666275</MetadataToken>
              <Name>System.String IBM.Watson.DeveloperCloud.Services.VisualRecognition.v3.VisualRecognition/GetCollectionImageMetadataReq::get_CollectionID()</Name>
              <FileRef uid="55" />
              <SequencePoints>
                <SequencePoint vc="0" uspid="2862" ordinal="0" offset="0" sl="2016" sc="36" el="2016" ec="40" bec="0" bev="0" fileid="55" />
              </SequencePoints>
              <BranchPoints />
              <MethodPoint xsi:type="SequencePoint" vc="0" uspid="2862" ordinal="0" offset="0" sl="2016" sc="36" el="2016" ec="40" bec="0" bev="0" fileid="55" />
            </Method>
            <Method visited="true" cyclomaticComplexity="1" nPathComplexity="0" sequenceCoverage="100" branchCoverage="100" isConstructor="false" isStatic="false" isGetter="false" isSetter="true">
              <Summary numSequencePoints="1" visitedSequencePoints="1" numBranchPoints="1" visitedBranchPoints="1" sequenceCoverage="100" branchCoverage="100" maxCyclomaticComplexity="1" minCyclomaticComplexity="1" visitedClasses="0" numClasses="0" visitedMethods="1" numMethods="1" />
              <MetadataToken>100666276</MetadataToken>
              <Name>System.Void IBM.Watson.DeveloperCloud.Services.VisualRecognition.v3.VisualRecognition/GetCollectionImageMetadataReq::set_CollectionID(System.String)</Name>
              <FileRef uid="55" />
              <SequencePoints>
                <SequencePoint vc="1" uspid="2863" ordinal="0" offset="0" sl="2016" sc="41" el="2016" ec="45" bec="0" bev="0" fileid="55" />
              </SequencePoints>
              <BranchPoints />
              <MethodPoint xsi:type="SequencePoint" vc="1" uspid="2863" ordinal="0" offset="0" sl="2016" sc="41" el="2016" ec="45" bec="0" bev="0" fileid="55" />
            </Method>
            <Method visited="false" cyclomaticComplexity="1" nPathComplexity="0" sequenceCoverage="0" branchCoverage="0" isConstructor="false" isStatic="false" isGetter="true" isSetter="false">
              <Summary numSequencePoints="1" visitedSequencePoints="0" numBranchPoints="1" visitedBranchPoints="0" sequenceCoverage="0" branchCoverage="0" maxCyclomaticComplexity="1" minCyclomaticComplexity="1" visitedClasses="0" numClasses="0" visitedMethods="0" numMethods="1" />
              <MetadataToken>100666277</MetadataToken>
              <Name>System.String IBM.Watson.DeveloperCloud.Services.VisualRecognition.v3.VisualRecognition/GetCollectionImageMetadataReq::get_ImageID()</Name>
              <FileRef uid="55" />
              <SequencePoints>
                <SequencePoint vc="0" uspid="2864" ordinal="0" offset="0" sl="2020" sc="31" el="2020" ec="35" bec="0" bev="0" fileid="55" />
              </SequencePoints>
              <BranchPoints />
              <MethodPoint xsi:type="SequencePoint" vc="0" uspid="2864" ordinal="0" offset="0" sl="2020" sc="31" el="2020" ec="35" bec="0" bev="0" fileid="55" />
            </Method>
            <Method visited="true" cyclomaticComplexity="1" nPathComplexity="0" sequenceCoverage="100" branchCoverage="100" isConstructor="false" isStatic="false" isGetter="false" isSetter="true">
              <Summary numSequencePoints="1" visitedSequencePoints="1" numBranchPoints="1" visitedBranchPoints="1" sequenceCoverage="100" branchCoverage="100" maxCyclomaticComplexity="1" minCyclomaticComplexity="1" visitedClasses="0" numClasses="0" visitedMethods="1" numMethods="1" />
              <MetadataToken>100666278</MetadataToken>
              <Name>System.Void IBM.Watson.DeveloperCloud.Services.VisualRecognition.v3.VisualRecognition/GetCollectionImageMetadataReq::set_ImageID(System.String)</Name>
              <FileRef uid="55" />
              <SequencePoints>
                <SequencePoint vc="1" uspid="2865" ordinal="0" offset="0" sl="2020" sc="36" el="2020" ec="40" bec="0" bev="0" fileid="55" />
              </SequencePoints>
              <BranchPoints />
              <MethodPoint xsi:type="SequencePoint" vc="1" uspid="2865" ordinal="0" offset="0" sl="2020" sc="36" el="2020" ec="40" bec="0" bev="0" fileid="55" />
            </Method>
            <Method visited="true" cyclomaticComplexity="1" nPathComplexity="0" sequenceCoverage="100" branchCoverage="100" isConstructor="false" isStatic="false" isGetter="true" isSetter="false">
              <Summary numSequencePoints="1" visitedSequencePoints="1" numBranchPoints="1" visitedBranchPoints="1" sequenceCoverage="100" branchCoverage="100" maxCyclomaticComplexity="1" minCyclomaticComplexity="1" visitedClasses="0" numClasses="0" visitedMethods="1" numMethods="1" />
              <MetadataToken>100666279</MetadataToken>
              <Name>System.String IBM.Watson.DeveloperCloud.Services.VisualRecognition.v3.VisualRecognition/GetCollectionImageMetadataReq::get_Data()</Name>
              <FileRef uid="55" />
              <SequencePoints>
                <SequencePoint vc="1" uspid="2866" ordinal="0" offset="0" sl="2024" sc="28" el="2024" ec="32" bec="0" bev="0" fileid="55" />
              </SequencePoints>
              <BranchPoints />
              <MethodPoint xsi:type="SequencePoint" vc="1" uspid="2866" ordinal="0" offset="0" sl="2024" sc="28" el="2024" ec="32" bec="0" bev="0" fileid="55" />
            </Method>
            <Method visited="true" cyclomaticComplexity="1" nPathComplexity="0" sequenceCoverage="100" branchCoverage="100" isConstructor="false" isStatic="false" isGetter="false" isSetter="true">
              <Summary numSequencePoints="1" visitedSequencePoints="1" numBranchPoints="1" visitedBranchPoints="1" sequenceCoverage="100" branchCoverage="100" maxCyclomaticComplexity="1" minCyclomaticComplexity="1" visitedClasses="0" numClasses="0" visitedMethods="1" numMethods="1" />
              <MetadataToken>100666280</MetadataToken>
              <Name>System.Void IBM.Watson.DeveloperCloud.Services.VisualRecognition.v3.VisualRecognition/GetCollectionImageMetadataReq::set_Data(System.String)</Name>
              <FileRef uid="55" />
              <SequencePoints>
                <SequencePoint vc="1" uspid="2867" ordinal="0" offset="0" sl="2024" sc="33" el="2024" ec="37" bec="0" bev="0" fileid="55" />
              </SequencePoints>
              <BranchPoints />
              <MethodPoint xsi:type="SequencePoint" vc="1" uspid="2867" ordinal="0" offset="0" sl="2024" sc="33" el="2024" ec="37" bec="0" bev="0" fileid="55" />
            </Method>
            <Method visited="true" cyclomaticComplexity="1" nPathComplexity="0" sequenceCoverage="0" branchCoverage="0" isConstructor="true" isStatic="false" isGetter="false" isSetter="false">
              <Summary numSequencePoints="0" visitedSequencePoints="0" numBranchPoints="0" visitedBranchPoints="0" sequenceCoverage="0" branchCoverage="0" maxCyclomaticComplexity="1" minCyclomaticComplexity="1" visitedClasses="0" numClasses="0" visitedMethods="0" numMethods="0" />
              <MetadataToken>100666281</MetadataToken>
              <Name>System.Void IBM.Watson.DeveloperCloud.Services.VisualRecognition.v3.VisualRecognition/GetCollectionImageMetadataReq::.ctor()</Name>
              <SequencePoints />
              <BranchPoints />
              <MethodPoint vc="1" uspid="2868" ordinal="0" offset="0" />
            </Method>
          </Methods>
        </Class>
        <Class>
          <Summary numSequencePoints="10" visitedSequencePoints="7" numBranchPoints="10" visitedBranchPoints="7" sequenceCoverage="70" branchCoverage="70" maxCyclomaticComplexity="1" minCyclomaticComplexity="1" visitedClasses="1" numClasses="1" visitedMethods="7" numMethods="10" />
          <FullName>IBM.Watson.DeveloperCloud.Services.VisualRecognition.v3.VisualRecognition/FindSimilarReq</FullName>
          <Methods>
            <Method visited="true" cyclomaticComplexity="1" nPathComplexity="0" sequenceCoverage="100" branchCoverage="100" isConstructor="false" isStatic="false" isGetter="true" isSetter="false">
              <Summary numSequencePoints="1" visitedSequencePoints="1" numBranchPoints="1" visitedBranchPoints="1" sequenceCoverage="100" branchCoverage="100" maxCyclomaticComplexity="1" minCyclomaticComplexity="1" visitedClasses="0" numClasses="0" visitedMethods="1" numMethods="1" />
              <MetadataToken>100666282</MetadataToken>
              <Name>IBM.Watson.DeveloperCloud.Services.VisualRecognition.v3.VisualRecognition/OnFindSimilar IBM.Watson.DeveloperCloud.Services.VisualRecognition.v3.VisualRecognition/FindSimilarReq::get_Callback()</Name>
              <FileRef uid="55" />
              <SequencePoints>
                <SequencePoint vc="2" uspid="2869" ordinal="0" offset="0" sl="2148" sc="39" el="2148" ec="43" bec="0" bev="0" fileid="55" />
              </SequencePoints>
              <BranchPoints />
              <MethodPoint xsi:type="SequencePoint" vc="2" uspid="2869" ordinal="0" offset="0" sl="2148" sc="39" el="2148" ec="43" bec="0" bev="0" fileid="55" />
            </Method>
            <Method visited="true" cyclomaticComplexity="1" nPathComplexity="0" sequenceCoverage="100" branchCoverage="100" isConstructor="false" isStatic="false" isGetter="false" isSetter="true">
              <Summary numSequencePoints="1" visitedSequencePoints="1" numBranchPoints="1" visitedBranchPoints="1" sequenceCoverage="100" branchCoverage="100" maxCyclomaticComplexity="1" minCyclomaticComplexity="1" visitedClasses="0" numClasses="0" visitedMethods="1" numMethods="1" />
              <MetadataToken>100666283</MetadataToken>
              <Name>System.Void IBM.Watson.DeveloperCloud.Services.VisualRecognition.v3.VisualRecognition/FindSimilarReq::set_Callback(IBM.Watson.DeveloperCloud.Services.VisualRecognition.v3.VisualRecognition/OnFindSimilar)</Name>
              <FileRef uid="55" />
              <SequencePoints>
                <SequencePoint vc="1" uspid="2870" ordinal="0" offset="0" sl="2148" sc="44" el="2148" ec="48" bec="0" bev="0" fileid="55" />
              </SequencePoints>
              <BranchPoints />
              <MethodPoint xsi:type="SequencePoint" vc="1" uspid="2870" ordinal="0" offset="0" sl="2148" sc="44" el="2148" ec="48" bec="0" bev="0" fileid="55" />
            </Method>
            <Method visited="false" cyclomaticComplexity="1" nPathComplexity="0" sequenceCoverage="0" branchCoverage="0" isConstructor="false" isStatic="false" isGetter="true" isSetter="false">
              <Summary numSequencePoints="1" visitedSequencePoints="0" numBranchPoints="1" visitedBranchPoints="0" sequenceCoverage="0" branchCoverage="0" maxCyclomaticComplexity="1" minCyclomaticComplexity="1" visitedClasses="0" numClasses="0" visitedMethods="0" numMethods="1" />
              <MetadataToken>100666284</MetadataToken>
              <Name>System.String IBM.Watson.DeveloperCloud.Services.VisualRecognition.v3.VisualRecognition/FindSimilarReq::get_CollectionID()</Name>
              <FileRef uid="55" />
              <SequencePoints>
                <SequencePoint vc="0" uspid="2871" ordinal="0" offset="0" sl="2152" sc="36" el="2152" ec="40" bec="0" bev="0" fileid="55" />
              </SequencePoints>
              <BranchPoints />
              <MethodPoint xsi:type="SequencePoint" vc="0" uspid="2871" ordinal="0" offset="0" sl="2152" sc="36" el="2152" ec="40" bec="0" bev="0" fileid="55" />
            </Method>
            <Method visited="true" cyclomaticComplexity="1" nPathComplexity="0" sequenceCoverage="100" branchCoverage="100" isConstructor="false" isStatic="false" isGetter="false" isSetter="true">
              <Summary numSequencePoints="1" visitedSequencePoints="1" numBranchPoints="1" visitedBranchPoints="1" sequenceCoverage="100" branchCoverage="100" maxCyclomaticComplexity="1" minCyclomaticComplexity="1" visitedClasses="0" numClasses="0" visitedMethods="1" numMethods="1" />
              <MetadataToken>100666285</MetadataToken>
              <Name>System.Void IBM.Watson.DeveloperCloud.Services.VisualRecognition.v3.VisualRecognition/FindSimilarReq::set_CollectionID(System.String)</Name>
              <FileRef uid="55" />
              <SequencePoints>
                <SequencePoint vc="1" uspid="2872" ordinal="0" offset="0" sl="2152" sc="41" el="2152" ec="45" bec="0" bev="0" fileid="55" />
              </SequencePoints>
              <BranchPoints />
              <MethodPoint xsi:type="SequencePoint" vc="1" uspid="2872" ordinal="0" offset="0" sl="2152" sc="41" el="2152" ec="45" bec="0" bev="0" fileid="55" />
            </Method>
            <Method visited="false" cyclomaticComplexity="1" nPathComplexity="0" sequenceCoverage="0" branchCoverage="0" isConstructor="false" isStatic="false" isGetter="true" isSetter="false">
              <Summary numSequencePoints="1" visitedSequencePoints="0" numBranchPoints="1" visitedBranchPoints="0" sequenceCoverage="0" branchCoverage="0" maxCyclomaticComplexity="1" minCyclomaticComplexity="1" visitedClasses="0" numClasses="0" visitedMethods="0" numMethods="1" />
              <MetadataToken>100666286</MetadataToken>
              <Name>System.Byte[] IBM.Watson.DeveloperCloud.Services.VisualRecognition.v3.VisualRecognition/FindSimilarReq::get_ImageData()</Name>
              <FileRef uid="55" />
              <SequencePoints>
                <SequencePoint vc="0" uspid="2873" ordinal="0" offset="0" sl="2156" sc="33" el="2156" ec="37" bec="0" bev="0" fileid="55" />
              </SequencePoints>
              <BranchPoints />
              <MethodPoint xsi:type="SequencePoint" vc="0" uspid="2873" ordinal="0" offset="0" sl="2156" sc="33" el="2156" ec="37" bec="0" bev="0" fileid="55" />
            </Method>
            <Method visited="true" cyclomaticComplexity="1" nPathComplexity="0" sequenceCoverage="100" branchCoverage="100" isConstructor="false" isStatic="false" isGetter="false" isSetter="true">
              <Summary numSequencePoints="1" visitedSequencePoints="1" numBranchPoints="1" visitedBranchPoints="1" sequenceCoverage="100" branchCoverage="100" maxCyclomaticComplexity="1" minCyclomaticComplexity="1" visitedClasses="0" numClasses="0" visitedMethods="1" numMethods="1" />
              <MetadataToken>100666287</MetadataToken>
              <Name>System.Void IBM.Watson.DeveloperCloud.Services.VisualRecognition.v3.VisualRecognition/FindSimilarReq::set_ImageData(System.Byte[])</Name>
              <FileRef uid="55" />
              <SequencePoints>
                <SequencePoint vc="1" uspid="2874" ordinal="0" offset="0" sl="2156" sc="38" el="2156" ec="42" bec="0" bev="0" fileid="55" />
              </SequencePoints>
              <BranchPoints />
              <MethodPoint xsi:type="SequencePoint" vc="1" uspid="2874" ordinal="0" offset="0" sl="2156" sc="38" el="2156" ec="42" bec="0" bev="0" fileid="55" />
            </Method>
            <Method visited="false" cyclomaticComplexity="1" nPathComplexity="0" sequenceCoverage="0" branchCoverage="0" isConstructor="false" isStatic="false" isGetter="true" isSetter="false">
              <Summary numSequencePoints="1" visitedSequencePoints="0" numBranchPoints="1" visitedBranchPoints="0" sequenceCoverage="0" branchCoverage="0" maxCyclomaticComplexity="1" minCyclomaticComplexity="1" visitedClasses="0" numClasses="0" visitedMethods="0" numMethods="1" />
              <MetadataToken>100666288</MetadataToken>
              <Name>System.Int32 IBM.Watson.DeveloperCloud.Services.VisualRecognition.v3.VisualRecognition/FindSimilarReq::get_Limit()</Name>
              <FileRef uid="55" />
              <SequencePoints>
                <SequencePoint vc="0" uspid="2875" ordinal="0" offset="0" sl="2160" sc="26" el="2160" ec="30" bec="0" bev="0" fileid="55" />
              </SequencePoints>
              <BranchPoints />
              <MethodPoint xsi:type="SequencePoint" vc="0" uspid="2875" ordinal="0" offset="0" sl="2160" sc="26" el="2160" ec="30" bec="0" bev="0" fileid="55" />
            </Method>
            <Method visited="true" cyclomaticComplexity="1" nPathComplexity="0" sequenceCoverage="100" branchCoverage="100" isConstructor="false" isStatic="false" isGetter="false" isSetter="true">
              <Summary numSequencePoints="1" visitedSequencePoints="1" numBranchPoints="1" visitedBranchPoints="1" sequenceCoverage="100" branchCoverage="100" maxCyclomaticComplexity="1" minCyclomaticComplexity="1" visitedClasses="0" numClasses="0" visitedMethods="1" numMethods="1" />
              <MetadataToken>100666289</MetadataToken>
              <Name>System.Void IBM.Watson.DeveloperCloud.Services.VisualRecognition.v3.VisualRecognition/FindSimilarReq::set_Limit(System.Int32)</Name>
              <FileRef uid="55" />
              <SequencePoints>
                <SequencePoint vc="1" uspid="2876" ordinal="0" offset="0" sl="2160" sc="31" el="2160" ec="35" bec="0" bev="0" fileid="55" />
              </SequencePoints>
              <BranchPoints />
              <MethodPoint xsi:type="SequencePoint" vc="1" uspid="2876" ordinal="0" offset="0" sl="2160" sc="31" el="2160" ec="35" bec="0" bev="0" fileid="55" />
            </Method>
            <Method visited="true" cyclomaticComplexity="1" nPathComplexity="0" sequenceCoverage="100" branchCoverage="100" isConstructor="false" isStatic="false" isGetter="true" isSetter="false">
              <Summary numSequencePoints="1" visitedSequencePoints="1" numBranchPoints="1" visitedBranchPoints="1" sequenceCoverage="100" branchCoverage="100" maxCyclomaticComplexity="1" minCyclomaticComplexity="1" visitedClasses="0" numClasses="0" visitedMethods="1" numMethods="1" />
              <MetadataToken>100666290</MetadataToken>
              <Name>System.String IBM.Watson.DeveloperCloud.Services.VisualRecognition.v3.VisualRecognition/FindSimilarReq::get_Data()</Name>
              <FileRef uid="55" />
              <SequencePoints>
                <SequencePoint vc="1" uspid="2877" ordinal="0" offset="0" sl="2164" sc="28" el="2164" ec="32" bec="0" bev="0" fileid="55" />
              </SequencePoints>
              <BranchPoints />
              <MethodPoint xsi:type="SequencePoint" vc="1" uspid="2877" ordinal="0" offset="0" sl="2164" sc="28" el="2164" ec="32" bec="0" bev="0" fileid="55" />
            </Method>
            <Method visited="true" cyclomaticComplexity="1" nPathComplexity="0" sequenceCoverage="100" branchCoverage="100" isConstructor="false" isStatic="false" isGetter="false" isSetter="true">
              <Summary numSequencePoints="1" visitedSequencePoints="1" numBranchPoints="1" visitedBranchPoints="1" sequenceCoverage="100" branchCoverage="100" maxCyclomaticComplexity="1" minCyclomaticComplexity="1" visitedClasses="0" numClasses="0" visitedMethods="1" numMethods="1" />
              <MetadataToken>100666291</MetadataToken>
              <Name>System.Void IBM.Watson.DeveloperCloud.Services.VisualRecognition.v3.VisualRecognition/FindSimilarReq::set_Data(System.String)</Name>
              <FileRef uid="55" />
              <SequencePoints>
                <SequencePoint vc="1" uspid="2878" ordinal="0" offset="0" sl="2164" sc="33" el="2164" ec="37" bec="0" bev="0" fileid="55" />
              </SequencePoints>
              <BranchPoints />
              <MethodPoint xsi:type="SequencePoint" vc="1" uspid="2878" ordinal="0" offset="0" sl="2164" sc="33" el="2164" ec="37" bec="0" bev="0" fileid="55" />
            </Method>
            <Method visited="true" cyclomaticComplexity="1" nPathComplexity="0" sequenceCoverage="0" branchCoverage="0" isConstructor="true" isStatic="false" isGetter="false" isSetter="false">
              <Summary numSequencePoints="0" visitedSequencePoints="0" numBranchPoints="0" visitedBranchPoints="0" sequenceCoverage="0" branchCoverage="0" maxCyclomaticComplexity="1" minCyclomaticComplexity="1" visitedClasses="0" numClasses="0" visitedMethods="0" numMethods="0" />
              <MetadataToken>100666292</MetadataToken>
              <Name>System.Void IBM.Watson.DeveloperCloud.Services.VisualRecognition.v3.VisualRecognition/FindSimilarReq::.ctor()</Name>
              <SequencePoints />
              <BranchPoints />
              <MethodPoint vc="1" uspid="2879" ordinal="0" offset="0" />
            </Method>
          </Methods>
        </Class>
        <Class>
          <Summary numSequencePoints="57" visitedSequencePoints="0" numBranchPoints="55" visitedBranchPoints="0" sequenceCoverage="0" branchCoverage="0" maxCyclomaticComplexity="14" minCyclomaticComplexity="2" visitedClasses="0" numClasses="1" visitedMethods="0" numMethods="5" />
          <FullName>IBM.Watson.DeveloperCloud.Services.VisualRecognition.v3.VisualRecognition/CheckServiceStatus</FullName>
          <Methods>
            <Method visited="false" cyclomaticComplexity="2" nPathComplexity="2" sequenceCoverage="0" branchCoverage="0" isConstructor="true" isStatic="false" isGetter="false" isSetter="false">
              <Summary numSequencePoints="6" visitedSequencePoints="0" numBranchPoints="3" visitedBranchPoints="0" sequenceCoverage="0" branchCoverage="0" maxCyclomaticComplexity="2" minCyclomaticComplexity="2" visitedClasses="0" numClasses="0" visitedMethods="0" numMethods="1" />
              <MetadataToken>100666293</MetadataToken>
              <Name>System.Void IBM.Watson.DeveloperCloud.Services.VisualRecognition.v3.VisualRecognition/CheckServiceStatus::.ctor(IBM.Watson.DeveloperCloud.Services.VisualRecognition.v3.VisualRecognition,IBM.Watson.DeveloperCloud.Services.ServiceStatus)</Name>
              <FileRef uid="55" />
              <SequencePoints>
                <SequencePoint vc="0" uspid="2880" ordinal="0" offset="0" sl="2293" sc="7" el="2293" ec="83" bec="0" bev="0" fileid="55" />
                <SequencePoint vc="0" uspid="2881" ordinal="1" offset="6" sl="2295" sc="9" el="2295" ec="29" bec="0" bev="0" fileid="55" />
                <SequencePoint vc="0" uspid="2882" ordinal="2" offset="13" sl="2296" sc="9" el="2296" ec="31" bec="0" bev="0" fileid="55" />
                <SequencePoint vc="0" uspid="2883" ordinal="3" offset="20" sl="2298" sc="9" el="2298" ec="56" bec="2" bev="0" fileid="55" />
                <SequencePoint vc="0" uspid="2884" ordinal="4" offset="46" sl="2299" sc="11" el="2299" ec="51" bec="0" bev="0" fileid="55" />
                <SequencePoint vc="0" uspid="2885" ordinal="5" offset="57" sl="2300" sc="7" el="2300" ec="8" bec="0" bev="0" fileid="55" />
              </SequencePoints>
              <BranchPoints>
                <BranchPoint vc="0" uspid="2886" ordinal="0" offset="44" sl="2298" path="0" offsetend="46" fileid="55" />
                <BranchPoint vc="0" uspid="2887" ordinal="1" offset="44" sl="2298" path="1" offsetend="57" fileid="55" />
              </BranchPoints>
              <MethodPoint xsi:type="SequencePoint" vc="0" uspid="2880" ordinal="0" offset="0" sl="2293" sc="7" el="2293" ec="83" bec="0" bev="0" fileid="55" />
            </Method>
            <Method visited="false" cyclomaticComplexity="14" nPathComplexity="4096" sequenceCoverage="0" branchCoverage="0" isConstructor="false" isStatic="false" isGetter="false" isSetter="false">
              <Summary numSequencePoints="25" visitedSequencePoints="0" numBranchPoints="25" visitedBranchPoints="0" sequenceCoverage="0" branchCoverage="0" maxCyclomaticComplexity="14" minCyclomaticComplexity="14" visitedClasses="0" numClasses="0" visitedMethods="0" numMethods="1" />
              <MetadataToken>100666294</MetadataToken>
              <Name>System.Void IBM.Watson.DeveloperCloud.Services.VisualRecognition.v3.VisualRecognition/CheckServiceStatus::OnCheckServices(IBM.Watson.DeveloperCloud.Services.VisualRecognition.v3.GetClassifiersTopLevelBrief,System.String)</Name>
              <FileRef uid="55" />
              <SequencePoints>
                <SequencePoint vc="0" uspid="2888" ordinal="0" offset="0" sl="2304" sc="9" el="2304" ec="32" bec="2" bev="0" fileid="55" />
                <SequencePoint vc="0" uspid="2889" ordinal="1" offset="11" sl="2306" sc="11" el="2306" ec="35" bec="2" bev="0" fileid="55" />
                <SequencePoint vc="0" uspid="2890" ordinal="2" offset="17" sl="2308" sc="13" el="2308" ec="49" bec="2" bev="0" fileid="55" />
                <SequencePoint vc="0" uspid="2891" ordinal="3" offset="28" sl="2310" sc="15" el="2310" ec="54" bec="2" bev="0" fileid="55" />
                <SequencePoint vc="0" uspid="2892" ordinal="4" offset="37" sl="2313" sc="17" el="2313" ec="112" bec="0" bev="0" fileid="55" />
                <SequencePoint vc="0" uspid="2893" ordinal="5" offset="60" sl="2314" sc="22" el="2314" ec="31" bec="0" bev="0" fileid="55" />
                <SequencePoint vc="0" uspid="2894" ordinal="6" offset="64" sl="2316" sc="19" el="2316" ec="106" bec="2" bev="0" fileid="55" />
                <SequencePoint vc="0" uspid="2895" ordinal="7" offset="103" sl="2318" sc="21" el="2318" ec="86" bec="0" bev="0" fileid="55" />
                <SequencePoint vc="0" uspid="2896" ordinal="8" offset="124" sl="2319" sc="19" el="2319" ec="20" bec="0" bev="0" fileid="55" />
                <SequencePoint vc="0" uspid="2897" ordinal="9" offset="126" sl="2322" sc="21" el="2322" ec="47" bec="0" bev="0" fileid="55" />
                <SequencePoint vc="0" uspid="2898" ordinal="10" offset="140" sl="2314" sc="53" el="2314" ec="56" bec="0" bev="0" fileid="55" />
                <SequencePoint vc="0" uspid="2899" ordinal="11" offset="144" sl="2314" sc="33" el="2314" ec="51" bec="2" bev="0" fileid="55" />
                <SequencePoint vc="0" uspid="2900" ordinal="12" offset="148" sl="2325" sc="15" el="2325" ec="16" bec="0" bev="0" fileid="55" />
                <SequencePoint vc="0" uspid="2901" ordinal="13" offset="149" sl="2328" sc="17" el="2328" ec="69" bec="3" bev="0" fileid="55" />
                <SequencePoint vc="0" uspid="2902" ordinal="14" offset="176" sl="2330" sc="19" el="2330" ec="48" bec="0" bev="0" fileid="55" />
                <SequencePoint vc="0" uspid="2903" ordinal="15" offset="193" sl="2333" sc="13" el="2333" ec="14" bec="0" bev="0" fileid="55" />
                <SequencePoint vc="0" uspid="2904" ordinal="16" offset="194" sl="2336" sc="15" el="2336" ec="82" bec="0" bev="0" fileid="55" />
                <SequencePoint vc="0" uspid="2905" ordinal="17" offset="215" sl="2338" sc="11" el="2338" ec="12" bec="0" bev="0" fileid="55" />
                <SequencePoint vc="0" uspid="2906" ordinal="18" offset="216" sl="2341" sc="13" el="2341" ec="68" bec="0" bev="0" fileid="55" />
                <SequencePoint vc="0" uspid="2907" ordinal="19" offset="237" sl="2342" sc="13" el="2342" ec="65" bec="3" bev="0" fileid="55" />
                <SequencePoint vc="0" uspid="2908" ordinal="20" offset="258" sl="2344" sc="15" el="2344" ec="45" bec="0" bev="0" fileid="55" />
                <SequencePoint vc="0" uspid="2909" ordinal="21" offset="275" sl="2347" sc="9" el="2347" ec="10" bec="0" bev="0" fileid="55" />
                <SequencePoint vc="0" uspid="2910" ordinal="22" offset="276" sl="2350" sc="11" el="2350" ec="63" bec="3" bev="0" fileid="55" />
                <SequencePoint vc="0" uspid="2911" ordinal="23" offset="297" sl="2352" sc="13" el="2352" ec="43" bec="0" bev="0" fileid="55" />
                <SequencePoint vc="0" uspid="2912" ordinal="24" offset="314" sl="2355" sc="7" el="2355" ec="8" bec="0" bev="0" fileid="55" />
              </SequencePoints>
              <BranchPoints>
                <BranchPoint vc="0" uspid="2913" ordinal="0" offset="6" sl="2304" path="0" offsetend="11" fileid="55" />
                <BranchPoint vc="0" uspid="2914" ordinal="1" offset="6" sl="2304" path="1" offsetend="276" fileid="55" />
                <BranchPoint vc="0" uspid="2915" ordinal="2" offset="12" sl="2306" path="0" offsetend="17" fileid="55" />
                <BranchPoint vc="0" uspid="2916" ordinal="3" offset="12" sl="2306" path="1" offsetend="216" fileid="55" />
                <BranchPoint vc="0" uspid="2917" ordinal="4" offset="23" sl="2308" path="0" offsetend="28" fileid="55" />
                <BranchPoint vc="0" uspid="2918" ordinal="5" offset="23" sl="2308" path="1" offsetend="194" fileid="55" />
                <BranchPoint vc="0" uspid="2919" ordinal="6" offset="35" sl="2310" path="0" offsetend="37" fileid="55" />
                <BranchPoint vc="0" uspid="2920" ordinal="7" offset="35" sl="2310" path="1" offsetend="149" fileid="55" />
                <BranchPoint vc="0" uspid="2923" ordinal="10" offset="101" sl="2316" path="0" offsetend="103" fileid="55" />
                <BranchPoint vc="0" uspid="2924" ordinal="11" offset="101" sl="2316" path="1" offsetend="126" fileid="55" />
                <BranchPoint vc="0" uspid="2925" ordinal="12" offset="146" sl="2314" path="0" offsetend="148" fileid="55" />
                <BranchPoint vc="0" uspid="2926" ordinal="13" offset="146" sl="2314" path="1" offsetend="64" fileid="55" />
                <BranchPoint vc="0" uspid="2927" ordinal="14" offset="155" sl="2328" path="0" offsetend="160" fileid="55" />
                <BranchPoint vc="0" uspid="2928" ordinal="15" offset="155" sl="2328" path="1" offsetend="314" fileid="55" />
                <BranchPoint vc="0" uspid="2929" ordinal="16" offset="171" sl="2328" path="0" offsetend="176" fileid="55" />
                <BranchPoint vc="0" uspid="2930" ordinal="17" offset="171" sl="2328" path="1" offsetend="314" fileid="55" />
                <BranchPoint vc="0" uspid="2931" ordinal="18" offset="243" sl="2342" path="0" offsetend="245" fileid="55" />
                <BranchPoint vc="0" uspid="2932" ordinal="19" offset="243" sl="2342" path="1" offsetend="314" fileid="55" />
                <BranchPoint vc="0" uspid="2933" ordinal="20" offset="256" sl="2342" path="0" offsetend="258" fileid="55" />
                <BranchPoint vc="0" uspid="2934" ordinal="21" offset="256" sl="2342" path="1" offsetend="314" fileid="55" />
                <BranchPoint vc="0" uspid="2935" ordinal="22" offset="282" sl="2350" path="0" offsetend="284" fileid="55" />
                <BranchPoint vc="0" uspid="2936" ordinal="23" offset="282" sl="2350" path="1" offsetend="314" fileid="55" />
                <BranchPoint vc="0" uspid="2937" ordinal="24" offset="295" sl="2350" path="0" offsetend="297" fileid="55" />
                <BranchPoint vc="0" uspid="2938" ordinal="25" offset="295" sl="2350" path="1" offsetend="314" fileid="55" />
              </BranchPoints>
              <MethodPoint xsi:type="SequencePoint" vc="0" uspid="2888" ordinal="0" offset="0" sl="2304" sc="9" el="2304" ec="32" bec="2" bev="0" fileid="55" />
            </Method>
            <Method visited="false" cyclomaticComplexity="6" nPathComplexity="32" sequenceCoverage="0" branchCoverage="0" isConstructor="false" isStatic="false" isGetter="false" isSetter="false">
              <Summary numSequencePoints="14" visitedSequencePoints="0" numBranchPoints="11" visitedBranchPoints="0" sequenceCoverage="0" branchCoverage="0" maxCyclomaticComplexity="6" minCyclomaticComplexity="6" visitedClasses="0" numClasses="0" visitedMethods="0" numMethods="1" />
              <MetadataToken>100666295</MetadataToken>
              <Name>System.Void IBM.Watson.DeveloperCloud.Services.VisualRecognition.v3.VisualRecognition/CheckServiceStatus::OnCheckService(IBM.Watson.DeveloperCloud.Services.VisualRecognition.v3.GetClassifiersPerClassifierVerbose,System.String)</Name>
              <FileRef uid="55" />
              <SequencePoints>
                <SequencePoint vc="0" uspid="2939" ordinal="0" offset="0" sl="2359" sc="9" el="2359" ec="38" bec="2" bev="0" fileid="55" />
                <SequencePoint vc="0" uspid="2940" ordinal="1" offset="12" sl="2361" sc="11" el="2361" ec="37" bec="0" bev="0" fileid="55" />
                <SequencePoint vc="0" uspid="2941" ordinal="2" offset="26" sl="2362" sc="11" el="2362" ec="34" bec="2" bev="0" fileid="55" />
                <SequencePoint vc="0" uspid="2942" ordinal="3" offset="32" sl="2364" sc="13" el="2364" ec="89" bec="0" bev="0" fileid="55" />
                <SequencePoint vc="0" uspid="2943" ordinal="4" offset="62" sl="2365" sc="13" el="2365" ec="85" bec="3" bev="0" fileid="55" />
                <SequencePoint vc="0" uspid="2944" ordinal="5" offset="98" sl="2367" sc="15" el="2367" ec="137" bec="0" bev="0" fileid="55" />
                <SequencePoint vc="0" uspid="2945" ordinal="6" offset="137" sl="2368" sc="13" el="2368" ec="14" bec="0" bev="0" fileid="55" />
                <SequencePoint vc="0" uspid="2946" ordinal="7" offset="138" sl="2372" sc="15" el="2372" ec="144" bec="2" bev="0" fileid="55" />
                <SequencePoint vc="0" uspid="2947" ordinal="8" offset="181" sl="2374" sc="17" el="2374" ec="78" bec="0" bev="0" fileid="55" />
                <SequencePoint vc="0" uspid="2948" ordinal="9" offset="202" sl="2375" sc="15" el="2375" ec="16" bec="0" bev="0" fileid="55" />
                <SequencePoint vc="0" uspid="2949" ordinal="10" offset="203" sl="2378" sc="17" el="2378" ec="38" bec="0" bev="0" fileid="55" />
                <SequencePoint vc="0" uspid="2950" ordinal="11" offset="217" sl="2381" sc="11" el="2381" ec="12" bec="0" bev="0" fileid="55" />
                <SequencePoint vc="0" uspid="2951" ordinal="12" offset="218" sl="2384" sc="13" el="2384" ec="52" bec="0" bev="0" fileid="55" />
                <SequencePoint vc="0" uspid="2952" ordinal="13" offset="229" sl="2387" sc="7" el="2387" ec="8" bec="0" bev="0" fileid="55" />
              </SequencePoints>
              <BranchPoints>
                <BranchPoint vc="0" uspid="2953" ordinal="0" offset="7" sl="2359" path="0" offsetend="12" fileid="55" />
                <BranchPoint vc="0" uspid="2954" ordinal="1" offset="7" sl="2359" path="1" offsetend="229" fileid="55" />
                <BranchPoint vc="0" uspid="2955" ordinal="2" offset="27" sl="2362" path="0" offsetend="32" fileid="55" />
                <BranchPoint vc="0" uspid="2956" ordinal="3" offset="27" sl="2362" path="1" offsetend="218" fileid="55" />
                <BranchPoint vc="0" uspid="2957" ordinal="4" offset="78" sl="2365" path="0" offsetend="80" fileid="55" />
                <BranchPoint vc="0" uspid="2958" ordinal="5" offset="78" sl="2365" path="1" offsetend="98" fileid="55" />
                <BranchPoint vc="0" uspid="2959" ordinal="6" offset="96" sl="2365" path="0" offsetend="98" fileid="55" />
                <BranchPoint vc="0" uspid="2960" ordinal="7" offset="96" sl="2365" path="1" offsetend="138" fileid="55" />
                <BranchPoint vc="0" uspid="2961" ordinal="8" offset="179" sl="2372" path="0" offsetend="181" fileid="55" />
                <BranchPoint vc="0" uspid="2962" ordinal="9" offset="179" sl="2372" path="1" offsetend="203" fileid="55" />
              </BranchPoints>
              <MethodPoint xsi:type="SequencePoint" vc="0" uspid="2939" ordinal="0" offset="0" sl="2359" sc="9" el="2359" ec="38" bec="2" bev="0" fileid="55" />
            </Method>
            <Method visited="false" cyclomaticComplexity="6" nPathComplexity="32" sequenceCoverage="0" branchCoverage="0" isConstructor="false" isStatic="false" isGetter="false" isSetter="false">
              <Summary numSequencePoints="8" visitedSequencePoints="0" numBranchPoints="11" visitedBranchPoints="0" sequenceCoverage="0" branchCoverage="0" maxCyclomaticComplexity="6" minCyclomaticComplexity="6" visitedClasses="0" numClasses="0" visitedMethods="0" numMethods="1" />
              <MetadataToken>100666296</MetadataToken>
              <Name>System.Void IBM.Watson.DeveloperCloud.Services.VisualRecognition.v3.VisualRecognition/CheckServiceStatus::OnClassify(IBM.Watson.DeveloperCloud.Services.VisualRecognition.v3.ClassifyTopLevelMultiple,System.String)</Name>
              <FileRef uid="55" />
              <SequencePoints>
                <SequencePoint vc="0" uspid="2963" ordinal="0" offset="0" sl="2391" sc="9" el="2391" ec="33" bec="2" bev="0" fileid="55" />
                <SequencePoint vc="0" uspid="2964" ordinal="1" offset="9" sl="2393" sc="11" el="2393" ec="32" bec="0" bev="0" fileid="55" />
                <SequencePoint vc="0" uspid="2965" ordinal="2" offset="23" sl="2394" sc="11" el="2394" ec="30" bec="2" bev="0" fileid="55" />
                <SequencePoint vc="0" uspid="2966" ordinal="3" offset="26" sl="2397" sc="13" el="2397" ec="89" bec="4" bev="0" fileid="55" />
                <SequencePoint vc="0" uspid="2967" ordinal="4" offset="55" sl="2399" sc="15" el="2399" ec="44" bec="0" bev="0" fileid="55" />
                <SequencePoint vc="0" uspid="2968" ordinal="5" offset="72" sl="2401" sc="11" el="2401" ec="12" bec="0" bev="0" fileid="55" />
                <SequencePoint vc="0" uspid="2969" ordinal="6" offset="73" sl="2404" sc="13" el="2404" ec="46" bec="0" bev="0" fileid="55" />
                <SequencePoint vc="0" uspid="2970" ordinal="7" offset="84" sl="2407" sc="7" el="2407" ec="8" bec="0" bev="0" fileid="55" />
              </SequencePoints>
              <BranchPoints>
                <BranchPoint vc="0" uspid="2971" ordinal="0" offset="7" sl="2391" path="0" offsetend="9" fileid="55" />
                <BranchPoint vc="0" uspid="2972" ordinal="1" offset="7" sl="2391" path="1" offsetend="84" fileid="55" />
                <BranchPoint vc="0" uspid="2973" ordinal="2" offset="24" sl="2394" path="0" offsetend="26" fileid="55" />
                <BranchPoint vc="0" uspid="2974" ordinal="3" offset="24" sl="2394" path="1" offsetend="73" fileid="55" />
                <BranchPoint vc="0" uspid="2975" ordinal="4" offset="32" sl="2397" path="0" offsetend="34" fileid="55" />
                <BranchPoint vc="0" uspid="2976" ordinal="5" offset="32" sl="2397" path="1" offsetend="84" fileid="55" />
                <BranchPoint vc="0" uspid="2977" ordinal="6" offset="40" sl="2397" path="0" offsetend="42" fileid="55" />
                <BranchPoint vc="0" uspid="2978" ordinal="7" offset="40" sl="2397" path="1" offsetend="84" fileid="55" />
                <BranchPoint vc="0" uspid="2979" ordinal="8" offset="53" sl="2397" path="0" offsetend="55" fileid="55" />
                <BranchPoint vc="0" uspid="2980" ordinal="9" offset="53" sl="2397" path="1" offsetend="84" fileid="55" />
              </BranchPoints>
              <MethodPoint xsi:type="SequencePoint" vc="0" uspid="2963" ordinal="0" offset="0" sl="2391" sc="9" el="2391" ec="33" bec="2" bev="0" fileid="55" />
            </Method>
            <Method visited="false" cyclomaticComplexity="3" nPathComplexity="4" sequenceCoverage="0" branchCoverage="0" isConstructor="false" isStatic="false" isGetter="false" isSetter="false">
              <Summary numSequencePoints="4" visitedSequencePoints="0" numBranchPoints="5" visitedBranchPoints="0" sequenceCoverage="0" branchCoverage="0" maxCyclomaticComplexity="3" minCyclomaticComplexity="3" visitedClasses="0" numClasses="0" visitedMethods="0" numMethods="1" />
              <MetadataToken>100666297</MetadataToken>
              <Name>System.Void IBM.Watson.DeveloperCloud.Services.VisualRecognition.v3.VisualRecognition/CheckServiceStatus::OnFailure(System.String)</Name>
              <FileRef uid="55" />
              <SequencePoints>
                <SequencePoint vc="0" uspid="2981" ordinal="0" offset="0" sl="2411" sc="9" el="2411" ec="45" bec="0" bev="0" fileid="55" />
                <SequencePoint vc="0" uspid="2982" ordinal="1" offset="17" sl="2412" sc="9" el="2412" ec="61" bec="3" bev="0" fileid="55" />
                <SequencePoint vc="0" uspid="2983" ordinal="2" offset="38" sl="2414" sc="11" el="2414" ec="41" bec="0" bev="0" fileid="55" />
                <SequencePoint vc="0" uspid="2984" ordinal="3" offset="55" sl="2416" sc="7" el="2416" ec="8" bec="0" bev="0" fileid="55" />
              </SequencePoints>
              <BranchPoints>
                <BranchPoint vc="0" uspid="2985" ordinal="0" offset="23" sl="2412" path="0" offsetend="25" fileid="55" />
                <BranchPoint vc="0" uspid="2986" ordinal="1" offset="23" sl="2412" path="1" offsetend="55" fileid="55" />
                <BranchPoint vc="0" uspid="2987" ordinal="2" offset="36" sl="2412" path="0" offsetend="38" fileid="55" />
                <BranchPoint vc="0" uspid="2988" ordinal="3" offset="36" sl="2412" path="1" offsetend="55" fileid="55" />
              </BranchPoints>
              <MethodPoint xsi:type="SequencePoint" vc="0" uspid="2981" ordinal="0" offset="0" sl="2411" sc="9" el="2411" ec="45" bec="0" bev="0" fileid="55" />
            </Method>
          </Methods>
        </Class>
        <Class>
          <Summary numSequencePoints="0" visitedSequencePoints="0" numBranchPoints="0" visitedBranchPoints="0" sequenceCoverage="0" branchCoverage="0" maxCyclomaticComplexity="1" minCyclomaticComplexity="1" visitedClasses="0" numClasses="0" visitedMethods="0" numMethods="0" />
          <FullName>IBM.Watson.DeveloperCloud.Services.TradeoffAnalytics.v1.DilemmasResponse</FullName>
          <Methods>
            <Method visited="true" cyclomaticComplexity="1" nPathComplexity="0" sequenceCoverage="0" branchCoverage="0" isConstructor="true" isStatic="false" isGetter="false" isSetter="false">
              <Summary numSequencePoints="0" visitedSequencePoints="0" numBranchPoints="0" visitedBranchPoints="0" sequenceCoverage="0" branchCoverage="0" maxCyclomaticComplexity="1" minCyclomaticComplexity="1" visitedClasses="0" numClasses="0" visitedMethods="0" numMethods="0" />
              <MetadataToken>100664084</MetadataToken>
              <Name>System.Void IBM.Watson.DeveloperCloud.Services.TradeoffAnalytics.v1.DilemmasResponse::.ctor()</Name>
              <SequencePoints />
              <BranchPoints />
              <MethodPoint vc="1" uspid="2989" ordinal="0" offset="0" />
            </Method>
          </Methods>
        </Class>
        <Class>
          <Summary numSequencePoints="0" visitedSequencePoints="0" numBranchPoints="0" visitedBranchPoints="0" sequenceCoverage="0" branchCoverage="0" maxCyclomaticComplexity="1" minCyclomaticComplexity="1" visitedClasses="0" numClasses="0" visitedMethods="0" numMethods="0" />
          <FullName>IBM.Watson.DeveloperCloud.Services.TradeoffAnalytics.v1.Problem</FullName>
          <Methods>
            <Method visited="true" cyclomaticComplexity="1" nPathComplexity="0" sequenceCoverage="0" branchCoverage="0" isConstructor="true" isStatic="false" isGetter="false" isSetter="false">
              <Summary numSequencePoints="0" visitedSequencePoints="0" numBranchPoints="0" visitedBranchPoints="0" sequenceCoverage="0" branchCoverage="0" maxCyclomaticComplexity="1" minCyclomaticComplexity="1" visitedClasses="0" numClasses="0" visitedMethods="0" numMethods="0" />
              <MetadataToken>100664091</MetadataToken>
              <Name>System.Void IBM.Watson.DeveloperCloud.Services.TradeoffAnalytics.v1.Problem::.ctor()</Name>
              <SequencePoints />
              <BranchPoints />
              <MethodPoint vc="2" uspid="2990" ordinal="0" offset="0" />
            </Method>
          </Methods>
        </Class>
        <Class>
          <Summary numSequencePoints="0" visitedSequencePoints="0" numBranchPoints="0" visitedBranchPoints="0" sequenceCoverage="0" branchCoverage="0" maxCyclomaticComplexity="1" minCyclomaticComplexity="1" visitedClasses="0" numClasses="0" visitedMethods="0" numMethods="0" />
          <FullName>IBM.Watson.DeveloperCloud.Services.TradeoffAnalytics.v1.Column</FullName>
          <Methods>
            <Method visited="true" cyclomaticComplexity="1" nPathComplexity="0" sequenceCoverage="0" branchCoverage="0" isConstructor="true" isStatic="false" isGetter="false" isSetter="false">
              <Summary numSequencePoints="0" visitedSequencePoints="0" numBranchPoints="0" visitedBranchPoints="0" sequenceCoverage="0" branchCoverage="0" maxCyclomaticComplexity="1" minCyclomaticComplexity="1" visitedClasses="0" numClasses="0" visitedMethods="0" numMethods="0" />
              <MetadataToken>100664116</MetadataToken>
              <Name>System.Void IBM.Watson.DeveloperCloud.Services.TradeoffAnalytics.v1.Column::.ctor()</Name>
              <SequencePoints />
              <BranchPoints />
              <MethodPoint vc="5" uspid="2991" ordinal="0" offset="0" />
            </Method>
          </Methods>
        </Class>
        <Class>
          <Summary numSequencePoints="0" visitedSequencePoints="0" numBranchPoints="0" visitedBranchPoints="0" sequenceCoverage="0" branchCoverage="0" maxCyclomaticComplexity="1" minCyclomaticComplexity="1" visitedClasses="0" numClasses="0" visitedMethods="0" numMethods="0" />
          <FullName>IBM.Watson.DeveloperCloud.Services.TradeoffAnalytics.v1.Range</FullName>
          <Methods>
            <Method visited="true" cyclomaticComplexity="1" nPathComplexity="0" sequenceCoverage="0" branchCoverage="0" isConstructor="true" isStatic="false" isGetter="false" isSetter="false">
              <Summary numSequencePoints="0" visitedSequencePoints="0" numBranchPoints="0" visitedBranchPoints="0" sequenceCoverage="0" branchCoverage="0" maxCyclomaticComplexity="1" minCyclomaticComplexity="1" visitedClasses="0" numClasses="0" visitedMethods="0" numMethods="0" />
              <MetadataToken>100664117</MetadataToken>
              <Name>System.Void IBM.Watson.DeveloperCloud.Services.TradeoffAnalytics.v1.Range::.ctor()</Name>
              <SequencePoints />
              <BranchPoints />
              <MethodPoint vc="3" uspid="2992" ordinal="0" offset="0" />
            </Method>
          </Methods>
        </Class>
        <Class>
          <Summary numSequencePoints="0" visitedSequencePoints="0" numBranchPoints="0" visitedBranchPoints="0" sequenceCoverage="0" branchCoverage="0" maxCyclomaticComplexity="1" minCyclomaticComplexity="1" visitedClasses="0" numClasses="0" visitedMethods="0" numMethods="0" />
          <FullName>IBM.Watson.DeveloperCloud.Services.TradeoffAnalytics.v1.CategoricalRange</FullName>
          <Methods>
            <Method visited="true" cyclomaticComplexity="1" nPathComplexity="0" sequenceCoverage="0" branchCoverage="0" isConstructor="true" isStatic="false" isGetter="false" isSetter="false">
              <Summary numSequencePoints="0" visitedSequencePoints="0" numBranchPoints="0" visitedBranchPoints="0" sequenceCoverage="0" branchCoverage="0" maxCyclomaticComplexity="1" minCyclomaticComplexity="1" visitedClasses="0" numClasses="0" visitedMethods="0" numMethods="0" />
              <MetadataToken>100664120</MetadataToken>
              <Name>System.Void IBM.Watson.DeveloperCloud.Services.TradeoffAnalytics.v1.CategoricalRange::.ctor()</Name>
              <SequencePoints />
              <BranchPoints />
              <MethodPoint vc="1" uspid="2993" ordinal="0" offset="0" />
            </Method>
          </Methods>
        </Class>
        <Class>
          <Summary numSequencePoints="0" visitedSequencePoints="0" numBranchPoints="0" visitedBranchPoints="0" sequenceCoverage="0" branchCoverage="0" maxCyclomaticComplexity="1" minCyclomaticComplexity="1" visitedClasses="0" numClasses="0" visitedMethods="0" numMethods="0" />
          <FullName>IBM.Watson.DeveloperCloud.Services.TradeoffAnalytics.v1.DateRange</FullName>
          <Methods>
            <Method visited="false" cyclomaticComplexity="1" nPathComplexity="0" sequenceCoverage="0" branchCoverage="0" isConstructor="true" isStatic="false" isGetter="false" isSetter="false">
              <Summary numSequencePoints="0" visitedSequencePoints="0" numBranchPoints="0" visitedBranchPoints="0" sequenceCoverage="0" branchCoverage="0" maxCyclomaticComplexity="1" minCyclomaticComplexity="1" visitedClasses="0" numClasses="0" visitedMethods="0" numMethods="0" />
              <MetadataToken>100664125</MetadataToken>
              <Name>System.Void IBM.Watson.DeveloperCloud.Services.TradeoffAnalytics.v1.DateRange::.ctor()</Name>
              <SequencePoints />
              <BranchPoints />
              <MethodPoint vc="0" uspid="2994" ordinal="0" offset="0" />
            </Method>
          </Methods>
        </Class>
        <Class>
          <Summary numSequencePoints="0" visitedSequencePoints="0" numBranchPoints="0" visitedBranchPoints="0" sequenceCoverage="0" branchCoverage="0" maxCyclomaticComplexity="1" minCyclomaticComplexity="1" visitedClasses="0" numClasses="0" visitedMethods="0" numMethods="0" />
          <FullName>IBM.Watson.DeveloperCloud.Services.TradeoffAnalytics.v1.ValueRange</FullName>
          <Methods>
            <Method visited="true" cyclomaticComplexity="1" nPathComplexity="0" sequenceCoverage="0" branchCoverage="0" isConstructor="true" isStatic="false" isGetter="false" isSetter="false">
              <Summary numSequencePoints="0" visitedSequencePoints="0" numBranchPoints="0" visitedBranchPoints="0" sequenceCoverage="0" branchCoverage="0" maxCyclomaticComplexity="1" minCyclomaticComplexity="1" visitedClasses="0" numClasses="0" visitedMethods="0" numMethods="0" />
              <MetadataToken>100664130</MetadataToken>
              <Name>System.Void IBM.Watson.DeveloperCloud.Services.TradeoffAnalytics.v1.ValueRange::.ctor()</Name>
              <SequencePoints />
              <BranchPoints />
              <MethodPoint vc="1" uspid="2995" ordinal="0" offset="0" />
            </Method>
          </Methods>
        </Class>
        <Class>
          <Summary numSequencePoints="0" visitedSequencePoints="0" numBranchPoints="0" visitedBranchPoints="0" sequenceCoverage="0" branchCoverage="0" maxCyclomaticComplexity="1" minCyclomaticComplexity="1" visitedClasses="0" numClasses="0" visitedMethods="0" numMethods="0" />
          <FullName>IBM.Watson.DeveloperCloud.Services.TradeoffAnalytics.v1.Option</FullName>
          <Methods>
            <Method visited="true" cyclomaticComplexity="1" nPathComplexity="0" sequenceCoverage="0" branchCoverage="0" isConstructor="true" isStatic="false" isGetter="false" isSetter="false">
              <Summary numSequencePoints="0" visitedSequencePoints="0" numBranchPoints="0" visitedBranchPoints="0" sequenceCoverage="0" branchCoverage="0" maxCyclomaticComplexity="1" minCyclomaticComplexity="1" visitedClasses="0" numClasses="0" visitedMethods="0" numMethods="0" />
              <MetadataToken>100664141</MetadataToken>
              <Name>System.Void IBM.Watson.DeveloperCloud.Services.TradeoffAnalytics.v1.Option::.ctor()</Name>
              <SequencePoints />
              <BranchPoints />
              <MethodPoint vc="6" uspid="2996" ordinal="0" offset="0" />
            </Method>
          </Methods>
        </Class>
        <Class>
          <Summary numSequencePoints="0" visitedSequencePoints="0" numBranchPoints="0" visitedBranchPoints="0" sequenceCoverage="0" branchCoverage="0" maxCyclomaticComplexity="1" minCyclomaticComplexity="1" visitedClasses="0" numClasses="0" visitedMethods="0" numMethods="0" />
          <FullName>IBM.Watson.DeveloperCloud.Services.TradeoffAnalytics.v1.ApplicationData</FullName>
          <Methods>
            <Method visited="false" cyclomaticComplexity="1" nPathComplexity="0" sequenceCoverage="0" branchCoverage="0" isConstructor="true" isStatic="false" isGetter="false" isSetter="false">
              <Summary numSequencePoints="0" visitedSequencePoints="0" numBranchPoints="0" visitedBranchPoints="0" sequenceCoverage="0" branchCoverage="0" maxCyclomaticComplexity="1" minCyclomaticComplexity="1" visitedClasses="0" numClasses="0" visitedMethods="0" numMethods="0" />
              <MetadataToken>100664142</MetadataToken>
              <Name>System.Void IBM.Watson.DeveloperCloud.Services.TradeoffAnalytics.v1.ApplicationData::.ctor()</Name>
              <SequencePoints />
              <BranchPoints />
              <MethodPoint vc="0" uspid="2997" ordinal="0" offset="0" />
            </Method>
          </Methods>
        </Class>
        <Class>
          <Summary numSequencePoints="0" visitedSequencePoints="0" numBranchPoints="0" visitedBranchPoints="0" sequenceCoverage="0" branchCoverage="0" maxCyclomaticComplexity="1" minCyclomaticComplexity="1" visitedClasses="0" numClasses="0" visitedMethods="0" numMethods="0" />
          <FullName>IBM.Watson.DeveloperCloud.Services.TradeoffAnalytics.v1.ApplicationDataValue</FullName>
          <Methods>
            <Method visited="true" cyclomaticComplexity="1" nPathComplexity="0" sequenceCoverage="0" branchCoverage="0" isConstructor="true" isStatic="false" isGetter="false" isSetter="false">
              <Summary numSequencePoints="0" visitedSequencePoints="0" numBranchPoints="0" visitedBranchPoints="0" sequenceCoverage="0" branchCoverage="0" maxCyclomaticComplexity="1" minCyclomaticComplexity="1" visitedClasses="0" numClasses="0" visitedMethods="0" numMethods="0" />
              <MetadataToken>100664143</MetadataToken>
              <Name>System.Void IBM.Watson.DeveloperCloud.Services.TradeoffAnalytics.v1.ApplicationDataValue::.ctor()</Name>
              <SequencePoints />
              <BranchPoints />
              <MethodPoint vc="6" uspid="2998" ordinal="0" offset="0" />
            </Method>
          </Methods>
        </Class>
        <Class>
          <Summary numSequencePoints="0" visitedSequencePoints="0" numBranchPoints="0" visitedBranchPoints="0" sequenceCoverage="0" branchCoverage="0" maxCyclomaticComplexity="1" minCyclomaticComplexity="1" visitedClasses="0" numClasses="0" visitedMethods="0" numMethods="0" />
          <FullName>IBM.Watson.DeveloperCloud.Services.TradeoffAnalytics.v1.Resolution</FullName>
          <Methods>
            <Method visited="true" cyclomaticComplexity="1" nPathComplexity="0" sequenceCoverage="0" branchCoverage="0" isConstructor="true" isStatic="false" isGetter="false" isSetter="false">
              <Summary numSequencePoints="0" visitedSequencePoints="0" numBranchPoints="0" visitedBranchPoints="0" sequenceCoverage="0" branchCoverage="0" maxCyclomaticComplexity="1" minCyclomaticComplexity="1" visitedClasses="0" numClasses="0" visitedMethods="0" numMethods="0" />
              <MetadataToken>100664148</MetadataToken>
              <Name>System.Void IBM.Watson.DeveloperCloud.Services.TradeoffAnalytics.v1.Resolution::.ctor()</Name>
              <SequencePoints />
              <BranchPoints />
              <MethodPoint vc="1" uspid="2999" ordinal="0" offset="0" />
            </Method>
          </Methods>
        </Class>
        <Class>
          <Summary numSequencePoints="0" visitedSequencePoints="0" numBranchPoints="0" visitedBranchPoints="0" sequenceCoverage="0" branchCoverage="0" maxCyclomaticComplexity="1" minCyclomaticComplexity="1" visitedClasses="0" numClasses="0" visitedMethods="0" numMethods="0" />
          <FullName>IBM.Watson.DeveloperCloud.Services.TradeoffAnalytics.v1.Map</FullName>
          <Methods>
            <Method visited="false" cyclomaticComplexity="1" nPathComplexity="0" sequenceCoverage="0" branchCoverage="0" isConstructor="true" isStatic="false" isGetter="false" isSetter="false">
              <Summary numSequencePoints="0" visitedSequencePoints="0" numBranchPoints="0" visitedBranchPoints="0" sequenceCoverage="0" branchCoverage="0" maxCyclomaticComplexity="1" minCyclomaticComplexity="1" visitedClasses="0" numClasses="0" visitedMethods="0" numMethods="0" />
              <MetadataToken>100664157</MetadataToken>
              <Name>System.Void IBM.Watson.DeveloperCloud.Services.TradeoffAnalytics.v1.Map::.ctor()</Name>
              <SequencePoints />
              <BranchPoints />
              <MethodPoint vc="0" uspid="3000" ordinal="0" offset="0" />
            </Method>
          </Methods>
        </Class>
        <Class>
          <Summary numSequencePoints="0" visitedSequencePoints="0" numBranchPoints="0" visitedBranchPoints="0" sequenceCoverage="0" branchCoverage="0" maxCyclomaticComplexity="1" minCyclomaticComplexity="1" visitedClasses="0" numClasses="0" visitedMethods="0" numMethods="0" />
          <FullName>IBM.Watson.DeveloperCloud.Services.TradeoffAnalytics.v1.Anchor</FullName>
          <Methods>
            <Method visited="false" cyclomaticComplexity="1" nPathComplexity="0" sequenceCoverage="0" branchCoverage="0" isConstructor="true" isStatic="false" isGetter="false" isSetter="false">
              <Summary numSequencePoints="0" visitedSequencePoints="0" numBranchPoints="0" visitedBranchPoints="0" sequenceCoverage="0" branchCoverage="0" maxCyclomaticComplexity="1" minCyclomaticComplexity="1" visitedClasses="0" numClasses="0" visitedMethods="0" numMethods="0" />
              <MetadataToken>100664162</MetadataToken>
              <Name>System.Void IBM.Watson.DeveloperCloud.Services.TradeoffAnalytics.v1.Anchor::.ctor()</Name>
              <SequencePoints />
              <BranchPoints />
              <MethodPoint vc="0" uspid="3001" ordinal="0" offset="0" />
            </Method>
          </Methods>
        </Class>
        <Class>
          <Summary numSequencePoints="0" visitedSequencePoints="0" numBranchPoints="0" visitedBranchPoints="0" sequenceCoverage="0" branchCoverage="0" maxCyclomaticComplexity="1" minCyclomaticComplexity="1" visitedClasses="0" numClasses="0" visitedMethods="0" numMethods="0" />
          <FullName>IBM.Watson.DeveloperCloud.Services.TradeoffAnalytics.v1.Position</FullName>
          <Methods>
            <Method visited="false" cyclomaticComplexity="1" nPathComplexity="0" sequenceCoverage="0" branchCoverage="0" isConstructor="true" isStatic="false" isGetter="false" isSetter="false">
              <Summary numSequencePoints="0" visitedSequencePoints="0" numBranchPoints="0" visitedBranchPoints="0" sequenceCoverage="0" branchCoverage="0" maxCyclomaticComplexity="1" minCyclomaticComplexity="1" visitedClasses="0" numClasses="0" visitedMethods="0" numMethods="0" />
              <MetadataToken>100664167</MetadataToken>
              <Name>System.Void IBM.Watson.DeveloperCloud.Services.TradeoffAnalytics.v1.Position::.ctor()</Name>
              <SequencePoints />
              <BranchPoints />
              <MethodPoint vc="0" uspid="3002" ordinal="0" offset="0" />
            </Method>
          </Methods>
        </Class>
        <Class>
          <Summary numSequencePoints="0" visitedSequencePoints="0" numBranchPoints="0" visitedBranchPoints="0" sequenceCoverage="0" branchCoverage="0" maxCyclomaticComplexity="1" minCyclomaticComplexity="1" visitedClasses="0" numClasses="0" visitedMethods="0" numMethods="0" />
          <FullName>IBM.Watson.DeveloperCloud.Services.TradeoffAnalytics.v1.Config</FullName>
          <Methods>
            <Method visited="false" cyclomaticComplexity="1" nPathComplexity="0" sequenceCoverage="0" branchCoverage="0" isConstructor="true" isStatic="false" isGetter="false" isSetter="false">
              <Summary numSequencePoints="0" visitedSequencePoints="0" numBranchPoints="0" visitedBranchPoints="0" sequenceCoverage="0" branchCoverage="0" maxCyclomaticComplexity="1" minCyclomaticComplexity="1" visitedClasses="0" numClasses="0" visitedMethods="0" numMethods="0" />
              <MetadataToken>100664172</MetadataToken>
              <Name>System.Void IBM.Watson.DeveloperCloud.Services.TradeoffAnalytics.v1.Config::.ctor()</Name>
              <SequencePoints />
              <BranchPoints />
              <MethodPoint vc="0" uspid="3003" ordinal="0" offset="0" />
            </Method>
          </Methods>
        </Class>
        <Class>
          <Summary numSequencePoints="0" visitedSequencePoints="0" numBranchPoints="0" visitedBranchPoints="0" sequenceCoverage="0" branchCoverage="0" maxCyclomaticComplexity="1" minCyclomaticComplexity="1" visitedClasses="0" numClasses="0" visitedMethods="0" numMethods="0" />
          <FullName>IBM.Watson.DeveloperCloud.Services.TradeoffAnalytics.v1.Drivers</FullName>
          <Methods>
            <Method visited="false" cyclomaticComplexity="1" nPathComplexity="0" sequenceCoverage="0" branchCoverage="0" isConstructor="true" isStatic="false" isGetter="false" isSetter="false">
              <Summary numSequencePoints="0" visitedSequencePoints="0" numBranchPoints="0" visitedBranchPoints="0" sequenceCoverage="0" branchCoverage="0" maxCyclomaticComplexity="1" minCyclomaticComplexity="1" visitedClasses="0" numClasses="0" visitedMethods="0" numMethods="0" />
              <MetadataToken>100664189</MetadataToken>
              <Name>System.Void IBM.Watson.DeveloperCloud.Services.TradeoffAnalytics.v1.Drivers::.ctor()</Name>
              <SequencePoints />
              <BranchPoints />
              <MethodPoint vc="0" uspid="3004" ordinal="0" offset="0" />
            </Method>
          </Methods>
        </Class>
        <Class>
          <Summary numSequencePoints="0" visitedSequencePoints="0" numBranchPoints="0" visitedBranchPoints="0" sequenceCoverage="0" branchCoverage="0" maxCyclomaticComplexity="1" minCyclomaticComplexity="1" visitedClasses="0" numClasses="0" visitedMethods="0" numMethods="0" />
          <FullName>IBM.Watson.DeveloperCloud.Services.TradeoffAnalytics.v1.Params</FullName>
          <Methods>
            <Method visited="false" cyclomaticComplexity="1" nPathComplexity="0" sequenceCoverage="0" branchCoverage="0" isConstructor="true" isStatic="false" isGetter="false" isSetter="false">
              <Summary numSequencePoints="0" visitedSequencePoints="0" numBranchPoints="0" visitedBranchPoints="0" sequenceCoverage="0" branchCoverage="0" maxCyclomaticComplexity="1" minCyclomaticComplexity="1" visitedClasses="0" numClasses="0" visitedMethods="0" numMethods="0" />
              <MetadataToken>100664206</MetadataToken>
              <Name>System.Void IBM.Watson.DeveloperCloud.Services.TradeoffAnalytics.v1.Params::.ctor()</Name>
              <SequencePoints />
              <BranchPoints />
              <MethodPoint vc="0" uspid="3005" ordinal="0" offset="0" />
            </Method>
          </Methods>
        </Class>
        <Class>
          <Summary numSequencePoints="0" visitedSequencePoints="0" numBranchPoints="0" visitedBranchPoints="0" sequenceCoverage="0" branchCoverage="0" maxCyclomaticComplexity="1" minCyclomaticComplexity="1" visitedClasses="0" numClasses="0" visitedMethods="0" numMethods="0" />
          <FullName>IBM.Watson.DeveloperCloud.Services.TradeoffAnalytics.v1.Metrics</FullName>
          <Methods>
            <Method visited="false" cyclomaticComplexity="1" nPathComplexity="0" sequenceCoverage="0" branchCoverage="0" isConstructor="true" isStatic="false" isGetter="false" isSetter="false">
              <Summary numSequencePoints="0" visitedSequencePoints="0" numBranchPoints="0" visitedBranchPoints="0" sequenceCoverage="0" branchCoverage="0" maxCyclomaticComplexity="1" minCyclomaticComplexity="1" visitedClasses="0" numClasses="0" visitedMethods="0" numMethods="0" />
              <MetadataToken>100664211</MetadataToken>
              <Name>System.Void IBM.Watson.DeveloperCloud.Services.TradeoffAnalytics.v1.Metrics::.ctor()</Name>
              <SequencePoints />
              <BranchPoints />
              <MethodPoint vc="0" uspid="3006" ordinal="0" offset="0" />
            </Method>
          </Methods>
        </Class>
        <Class>
          <Summary numSequencePoints="0" visitedSequencePoints="0" numBranchPoints="0" visitedBranchPoints="0" sequenceCoverage="0" branchCoverage="0" maxCyclomaticComplexity="1" minCyclomaticComplexity="1" visitedClasses="0" numClasses="0" visitedMethods="0" numMethods="0" />
          <FullName>IBM.Watson.DeveloperCloud.Services.TradeoffAnalytics.v1.Node</FullName>
          <Methods>
            <Method visited="false" cyclomaticComplexity="1" nPathComplexity="0" sequenceCoverage="0" branchCoverage="0" isConstructor="true" isStatic="false" isGetter="false" isSetter="false">
              <Summary numSequencePoints="0" visitedSequencePoints="0" numBranchPoints="0" visitedBranchPoints="0" sequenceCoverage="0" branchCoverage="0" maxCyclomaticComplexity="1" minCyclomaticComplexity="1" visitedClasses="0" numClasses="0" visitedMethods="0" numMethods="0" />
              <MetadataToken>100664216</MetadataToken>
              <Name>System.Void IBM.Watson.DeveloperCloud.Services.TradeoffAnalytics.v1.Node::.ctor()</Name>
              <SequencePoints />
              <BranchPoints />
              <MethodPoint vc="0" uspid="3007" ordinal="0" offset="0" />
            </Method>
          </Methods>
        </Class>
        <Class>
          <Summary numSequencePoints="0" visitedSequencePoints="0" numBranchPoints="0" visitedBranchPoints="0" sequenceCoverage="0" branchCoverage="0" maxCyclomaticComplexity="1" minCyclomaticComplexity="1" visitedClasses="0" numClasses="0" visitedMethods="0" numMethods="0" />
          <FullName>IBM.Watson.DeveloperCloud.Services.TradeoffAnalytics.v1.Solution</FullName>
          <Methods>
            <Method visited="true" cyclomaticComplexity="1" nPathComplexity="0" sequenceCoverage="0" branchCoverage="0" isConstructor="true" isStatic="false" isGetter="false" isSetter="false">
              <Summary numSequencePoints="0" visitedSequencePoints="0" numBranchPoints="0" visitedBranchPoints="0" sequenceCoverage="0" branchCoverage="0" maxCyclomaticComplexity="1" minCyclomaticComplexity="1" visitedClasses="0" numClasses="0" visitedMethods="0" numMethods="0" />
              <MetadataToken>100664227</MetadataToken>
              <Name>System.Void IBM.Watson.DeveloperCloud.Services.TradeoffAnalytics.v1.Solution::.ctor()</Name>
              <SequencePoints />
              <BranchPoints />
              <MethodPoint vc="3" uspid="3008" ordinal="0" offset="0" />
            </Method>
          </Methods>
        </Class>
        <Class>
          <Summary numSequencePoints="0" visitedSequencePoints="0" numBranchPoints="0" visitedBranchPoints="0" sequenceCoverage="0" branchCoverage="0" maxCyclomaticComplexity="1" minCyclomaticComplexity="1" visitedClasses="0" numClasses="0" visitedMethods="0" numMethods="0" />
          <FullName>IBM.Watson.DeveloperCloud.Services.TradeoffAnalytics.v1.StatusCause</FullName>
          <Methods>
            <Method visited="false" cyclomaticComplexity="1" nPathComplexity="0" sequenceCoverage="0" branchCoverage="0" isConstructor="true" isStatic="false" isGetter="false" isSetter="false">
              <Summary numSequencePoints="0" visitedSequencePoints="0" numBranchPoints="0" visitedBranchPoints="0" sequenceCoverage="0" branchCoverage="0" maxCyclomaticComplexity="1" minCyclomaticComplexity="1" visitedClasses="0" numClasses="0" visitedMethods="0" numMethods="0" />
              <MetadataToken>100664234</MetadataToken>
              <Name>System.Void IBM.Watson.DeveloperCloud.Services.TradeoffAnalytics.v1.StatusCause::.ctor()</Name>
              <SequencePoints />
              <BranchPoints />
              <MethodPoint vc="0" uspid="3009" ordinal="0" offset="0" />
            </Method>
          </Methods>
        </Class>
        <Class>
          <Summary numSequencePoints="39" visitedSequencePoints="26" numBranchPoints="21" visitedBranchPoints="10" sequenceCoverage="66.67" branchCoverage="47.62" maxCyclomaticComplexity="7" minCyclomaticComplexity="1" visitedClasses="1" numClasses="1" visitedMethods="3" numMethods="5" />
          <FullName>IBM.Watson.DeveloperCloud.Services.TradeoffAnalytics.v1.TradeoffAnalytics</FullName>
          <Methods>
            <Method visited="true" cyclomaticComplexity="3" nPathComplexity="4" sequenceCoverage="86.67" branchCoverage="60" isConstructor="false" isStatic="false" isGetter="false" isSetter="false">
              <Summary numSequencePoints="15" visitedSequencePoints="13" numBranchPoints="5" visitedBranchPoints="3" sequenceCoverage="86.67" branchCoverage="60" maxCyclomaticComplexity="3" minCyclomaticComplexity="3" visitedClasses="0" numClasses="0" visitedMethods="1" numMethods="1" />
              <MetadataToken>100664235</MetadataToken>
              <Name>System.Boolean IBM.Watson.DeveloperCloud.Services.TradeoffAnalytics.v1.TradeoffAnalytics::GetDilemma(IBM.Watson.DeveloperCloud.Services.TradeoffAnalytics.v1.TradeoffAnalytics/OnDilemma,IBM.Watson.DeveloperCloud.Services.TradeoffAnalytics.v1.Problem,System.Boolean)</Name>
              <FileRef uid="94" />
              <SequencePoints>
                <SequencePoint vc="1" uspid="3010" ordinal="0" offset="0" sl="51" sc="7" el="51" ec="28" bec="2" bev="1" fileid="94" />
                <SequencePoint vc="0" uspid="3011" ordinal="1" offset="3" sl="52" sc="9" el="52" ec="53" bec="0" bev="0" fileid="94" />
                <SequencePoint vc="1" uspid="3012" ordinal="2" offset="14" sl="54" sc="7" el="54" ec="90" bec="0" bev="0" fileid="94" />
                <SequencePoint vc="1" uspid="3013" ordinal="3" offset="31" sl="55" sc="7" el="55" ec="29" bec="2" bev="1" fileid="94" />
                <SequencePoint vc="0" uspid="3014" ordinal="4" offset="34" sl="56" sc="9" el="56" ec="22" bec="0" bev="0" fileid="94" />
                <SequencePoint vc="1" uspid="3015" ordinal="5" offset="36" sl="58" sc="7" el="58" ec="55" bec="0" bev="0" fileid="94" />
                <SequencePoint vc="1" uspid="3016" ordinal="6" offset="42" sl="59" sc="7" el="59" ec="31" bec="0" bev="0" fileid="94" />
                <SequencePoint vc="1" uspid="3017" ordinal="7" offset="49" sl="60" sc="7" el="60" ec="43" bec="0" bev="0" fileid="94" />
                <SequencePoint vc="1" uspid="3018" ordinal="8" offset="67" sl="61" sc="7" el="61" ec="83" bec="0" bev="0" fileid="94" />
                <SequencePoint vc="1" uspid="3019" ordinal="9" offset="90" sl="63" sc="7" el="63" ec="30" bec="0" bev="0" fileid="94" />
                <SequencePoint vc="1" uspid="3020" ordinal="10" offset="92" sl="64" sc="7" el="64" ec="66" bec="0" bev="0" fileid="94" />
                <SequencePoint vc="1" uspid="3021" ordinal="11" offset="106" sl="66" sc="7" el="66" ec="66" bec="0" bev="0" fileid="94" />
                <SequencePoint vc="1" uspid="3022" ordinal="12" offset="136" sl="68" sc="7" el="68" ec="62" bec="0" bev="0" fileid="94" />
                <SequencePoint vc="1" uspid="3023" ordinal="13" offset="158" sl="69" sc="7" el="69" ec="56" bec="0" bev="0" fileid="94" />
                <SequencePoint vc="1" uspid="3024" ordinal="14" offset="179" sl="71" sc="7" el="71" ec="34" bec="0" bev="0" fileid="94" />
              </SequencePoints>
              <BranchPoints>
                <BranchPoint vc="0" uspid="3025" ordinal="0" offset="1" sl="51" path="0" offsetend="3" fileid="94" />
                <BranchPoint vc="1" uspid="3026" ordinal="1" offset="1" sl="51" path="1" offsetend="14" fileid="94" />
                <BranchPoint vc="0" uspid="3027" ordinal="2" offset="32" sl="55" path="0" offsetend="34" fileid="94" />
                <BranchPoint vc="1" uspid="3028" ordinal="3" offset="32" sl="55" path="1" offsetend="36" fileid="94" />
              </BranchPoints>
              <MethodPoint xsi:type="SequencePoint" vc="1" uspid="3010" ordinal="0" offset="0" sl="51" sc="7" el="51" ec="28" bec="2" bev="1" fileid="94" />
            </Method>
            <Method visited="true" cyclomaticComplexity="7" nPathComplexity="32" sequenceCoverage="66.67" branchCoverage="54.55" isConstructor="false" isStatic="false" isGetter="false" isSetter="false">
              <Summary numSequencePoints="18" visitedSequencePoints="12" numBranchPoints="11" visitedBranchPoints="6" sequenceCoverage="66.67" branchCoverage="54.55" maxCyclomaticComplexity="7" minCyclomaticComplexity="7" visitedClasses="0" numClasses="0" visitedMethods="1" numMethods="1" />
              <MetadataToken>100664236</MetadataToken>
              <Name>System.Void IBM.Watson.DeveloperCloud.Services.TradeoffAnalytics.v1.TradeoffAnalytics::GetDilemmaResponse(IBM.Watson.DeveloperCloud.Connection.RESTConnector/Request,IBM.Watson.DeveloperCloud.Connection.RESTConnector/Response)</Name>
              <FileRef uid="94" />
              <SequencePoints>
                <SequencePoint vc="1" uspid="3029" ordinal="0" offset="0" sl="81" sc="7" el="81" ec="58" bec="0" bev="0" fileid="94" />
                <SequencePoint vc="1" uspid="3030" ordinal="1" offset="6" sl="82" sc="7" el="82" ec="24" bec="2" bev="1" fileid="94" />
                <SequencePoint vc="1" uspid="3031" ordinal="2" offset="17" sl="86" sc="11" el="86" ec="30" bec="0" bev="0" fileid="94" />
                <SequencePoint vc="1" uspid="3032" ordinal="3" offset="19" sl="87" sc="11" el="87" ec="89" bec="0" bev="0" fileid="94" />
                <SequencePoint vc="1" uspid="3033" ordinal="4" offset="43" sl="88" sc="11" el="88" ec="28" bec="2" bev="1" fileid="94" />
                <SequencePoint vc="0" uspid="3034" ordinal="5" offset="52" sl="89" sc="13" el="89" ec="60" bec="0" bev="0" fileid="94" />
                <SequencePoint vc="1" uspid="3035" ordinal="6" offset="65" sl="91" sc="11" el="91" ec="33" bec="0" bev="0" fileid="94" />
                <SequencePoint vc="1" uspid="3036" ordinal="7" offset="67" sl="92" sc="11" el="92" ec="74" bec="0" bev="0" fileid="94" />
                <SequencePoint vc="1" uspid="3037" ordinal="8" offset="87" sl="93" sc="11" el="93" ec="28" bec="2" bev="1" fileid="94" />
                <SequencePoint vc="0" uspid="3038" ordinal="9" offset="96" sl="94" sc="13" el="94" ec="60" bec="0" bev="0" fileid="94" />
                <SequencePoint vc="1" uspid="3039" ordinal="10" offset="109" sl="95" sc="9" el="95" ec="10" bec="0" bev="0" fileid="94" />
                <SequencePoint vc="0" uspid="3040" ordinal="11" offset="111" sl="96" sc="9" el="96" ec="28" bec="0" bev="0" fileid="94" />
                <SequencePoint vc="0" uspid="3041" ordinal="12" offset="113" sl="98" sc="11" el="98" ec="93" bec="0" bev="0" fileid="94" />
                <SequencePoint vc="0" uspid="3042" ordinal="13" offset="144" sl="99" sc="11" el="99" ec="32" bec="0" bev="0" fileid="94" />
                <SequencePoint vc="0" uspid="3043" ordinal="14" offset="151" sl="100" sc="9" el="100" ec="10" bec="0" bev="0" fileid="94" />
                <SequencePoint vc="1" uspid="3044" ordinal="15" offset="153" sl="103" sc="7" el="103" ec="53" bec="2" bev="1" fileid="94" />
                <SequencePoint vc="1" uspid="3045" ordinal="16" offset="166" sl="104" sc="9" el="104" ec="75" bec="2" bev="1" fileid="94" />
                <SequencePoint vc="1" uspid="3046" ordinal="17" offset="194" sl="105" sc="5" el="105" ec="6" bec="0" bev="0" fileid="94" />
              </SequencePoints>
              <BranchPoints>
                <BranchPoint vc="1" uspid="3047" ordinal="0" offset="12" sl="82" path="0" offsetend="17" fileid="94" />
                <BranchPoint vc="0" uspid="3048" ordinal="1" offset="12" sl="82" path="1" offsetend="153" fileid="94" />
                <BranchPoint vc="0" uspid="3049" ordinal="2" offset="50" sl="88" path="0" offsetend="52" fileid="94" />
                <BranchPoint vc="1" uspid="3050" ordinal="3" offset="50" sl="88" path="1" offsetend="65" fileid="94" />
                <BranchPoint vc="0" uspid="3051" ordinal="4" offset="94" sl="93" path="0" offsetend="96" fileid="94" />
                <BranchPoint vc="1" uspid="3052" ordinal="5" offset="94" sl="93" path="1" offsetend="109" fileid="94" />
                <BranchPoint vc="1" uspid="3053" ordinal="6" offset="164" sl="103" path="0" offsetend="166" fileid="94" />
                <BranchPoint vc="0" uspid="3054" ordinal="7" offset="164" sl="103" path="1" offsetend="194" fileid="94" />
                <BranchPoint vc="0" uspid="3055" ordinal="8" offset="183" sl="104" path="0" offsetend="185" fileid="94" />
                <BranchPoint vc="1" uspid="3056" ordinal="9" offset="183" sl="104" path="1" offsetend="188" fileid="94" />
              </BranchPoints>
              <MethodPoint xsi:type="SequencePoint" vc="1" uspid="3029" ordinal="0" offset="0" sl="81" sc="7" el="81" ec="58" bec="0" bev="0" fileid="94" />
            </Method>
            <Method visited="false" cyclomaticComplexity="1" nPathComplexity="0" sequenceCoverage="0" branchCoverage="0" isConstructor="false" isStatic="false" isGetter="false" isSetter="false">
              <Summary numSequencePoints="1" visitedSequencePoints="0" numBranchPoints="1" visitedBranchPoints="0" sequenceCoverage="0" branchCoverage="0" maxCyclomaticComplexity="1" minCyclomaticComplexity="1" visitedClasses="0" numClasses="0" visitedMethods="0" numMethods="1" />
              <MetadataToken>100664237</MetadataToken>
              <Name>System.String IBM.Watson.DeveloperCloud.Services.TradeoffAnalytics.v1.TradeoffAnalytics::GetServiceID()</Name>
              <FileRef uid="94" />
              <SequencePoints>
                <SequencePoint vc="0" uspid="3057" ordinal="0" offset="0" sl="113" sc="7" el="113" ec="25" bec="0" bev="0" fileid="94" />
              </SequencePoints>
              <BranchPoints />
              <MethodPoint xsi:type="SequencePoint" vc="0" uspid="3057" ordinal="0" offset="0" sl="113" sc="7" el="113" ec="25" bec="0" bev="0" fileid="94" />
            </Method>
            <Method visited="false" cyclomaticComplexity="2" nPathComplexity="2" sequenceCoverage="0" branchCoverage="0" isConstructor="false" isStatic="false" isGetter="false" isSetter="false">
              <Summary numSequencePoints="4" visitedSequencePoints="0" numBranchPoints="3" visitedBranchPoints="0" sequenceCoverage="0" branchCoverage="0" maxCyclomaticComplexity="2" minCyclomaticComplexity="2" visitedClasses="0" numClasses="0" visitedMethods="0" numMethods="1" />
              <MetadataToken>100664238</MetadataToken>
              <Name>System.Void IBM.Watson.DeveloperCloud.Services.TradeoffAnalytics.v1.TradeoffAnalytics::GetServiceStatus(IBM.Watson.DeveloperCloud.Services.ServiceStatus)</Name>
              <FileRef uid="94" />
              <SequencePoints>
                <SequencePoint vc="0" uspid="3058" ordinal="0" offset="0" sl="119" sc="7" el="119" ec="73" bec="2" bev="0" fileid="94" />
                <SequencePoint vc="0" uspid="3059" ordinal="1" offset="17" sl="120" sc="9" el="120" ec="48" bec="0" bev="0" fileid="94" />
                <SequencePoint vc="0" uspid="3060" ordinal="2" offset="26" sl="122" sc="9" el="122" ec="37" bec="0" bev="0" fileid="94" />
                <SequencePoint vc="0" uspid="3061" ordinal="3" offset="38" sl="123" sc="5" el="123" ec="6" bec="0" bev="0" fileid="94" />
              </SequencePoints>
              <BranchPoints>
                <BranchPoint vc="0" uspid="3062" ordinal="0" offset="15" sl="119" path="0" offsetend="17" fileid="94" />
                <BranchPoint vc="0" uspid="3063" ordinal="1" offset="15" sl="119" path="1" offsetend="26" fileid="94" />
              </BranchPoints>
              <MethodPoint xsi:type="SequencePoint" vc="0" uspid="3058" ordinal="0" offset="0" sl="119" sc="7" el="119" ec="73" bec="2" bev="0" fileid="94" />
            </Method>
            <Method visited="true" cyclomaticComplexity="1" nPathComplexity="0" sequenceCoverage="0" branchCoverage="0" isConstructor="true" isStatic="false" isGetter="false" isSetter="false">
              <Summary numSequencePoints="0" visitedSequencePoints="0" numBranchPoints="0" visitedBranchPoints="0" sequenceCoverage="0" branchCoverage="0" maxCyclomaticComplexity="1" minCyclomaticComplexity="1" visitedClasses="0" numClasses="0" visitedMethods="0" numMethods="0" />
              <MetadataToken>100664239</MetadataToken>
              <Name>System.Void IBM.Watson.DeveloperCloud.Services.TradeoffAnalytics.v1.TradeoffAnalytics::.ctor()</Name>
              <SequencePoints />
              <BranchPoints />
              <MethodPoint vc="1" uspid="3064" ordinal="0" offset="0" />
            </Method>
            <Method visited="true" cyclomaticComplexity="1" nPathComplexity="0" sequenceCoverage="100" branchCoverage="100" isConstructor="true" isStatic="true" isGetter="false" isSetter="false">
              <Summary numSequencePoints="1" visitedSequencePoints="1" numBranchPoints="1" visitedBranchPoints="1" sequenceCoverage="100" branchCoverage="100" maxCyclomaticComplexity="1" minCyclomaticComplexity="1" visitedClasses="0" numClasses="0" visitedMethods="1" numMethods="1" />
              <MetadataToken>100664240</MetadataToken>
              <Name>System.Void IBM.Watson.DeveloperCloud.Services.TradeoffAnalytics.v1.TradeoffAnalytics::.cctor()</Name>
              <FileRef uid="94" />
              <SequencePoints>
                <SequencePoint vc="1" uspid="3065" ordinal="0" offset="0" sl="38" sc="5" el="38" ec="68" bec="0" bev="0" fileid="94" />
              </SequencePoints>
              <BranchPoints />
              <MethodPoint xsi:type="SequencePoint" vc="1" uspid="3065" ordinal="0" offset="0" sl="38" sc="5" el="38" ec="68" bec="0" bev="0" fileid="94" />
            </Method>
          </Methods>
        </Class>
        <Class>
          <Summary numSequencePoints="0" visitedSequencePoints="0" numBranchPoints="0" visitedBranchPoints="0" sequenceCoverage="0" branchCoverage="0" maxCyclomaticComplexity="0" minCyclomaticComplexity="0" visitedClasses="0" numClasses="0" visitedMethods="0" numMethods="0" />
          <FullName>IBM.Watson.DeveloperCloud.Services.TradeoffAnalytics.v1.TradeoffAnalytics/OnDilemma</FullName>
          <Methods>
            <Method skippedDueTo="Unknown" visited="false" cyclomaticComplexity="0" nPathComplexity="0" sequenceCoverage="0" branchCoverage="0" isConstructor="true" isStatic="false" isGetter="false" isSetter="false">
              <MetadataToken>100666298</MetadataToken>
              <Name>System.Void IBM.Watson.DeveloperCloud.Services.TradeoffAnalytics.v1.TradeoffAnalytics/OnDilemma::.ctor(System.Object,System.IntPtr)</Name>
              <SequencePoints />
              <BranchPoints />
            </Method>
            <Method skippedDueTo="Unknown" visited="false" cyclomaticComplexity="0" nPathComplexity="0" sequenceCoverage="0" branchCoverage="0" isConstructor="false" isStatic="false" isGetter="false" isSetter="false">
              <MetadataToken>100666299</MetadataToken>
              <Name>System.Void IBM.Watson.DeveloperCloud.Services.TradeoffAnalytics.v1.TradeoffAnalytics/OnDilemma::Invoke(IBM.Watson.DeveloperCloud.Services.TradeoffAnalytics.v1.DilemmasResponse)</Name>
              <SequencePoints />
              <BranchPoints />
            </Method>
            <Method skippedDueTo="Unknown" visited="false" cyclomaticComplexity="0" nPathComplexity="0" sequenceCoverage="0" branchCoverage="0" isConstructor="false" isStatic="false" isGetter="false" isSetter="false">
              <MetadataToken>100666300</MetadataToken>
              <Name>System.IAsyncResult IBM.Watson.DeveloperCloud.Services.TradeoffAnalytics.v1.TradeoffAnalytics/OnDilemma::BeginInvoke(IBM.Watson.DeveloperCloud.Services.TradeoffAnalytics.v1.DilemmasResponse,System.AsyncCallback,System.Object)</Name>
              <SequencePoints />
              <BranchPoints />
            </Method>
            <Method skippedDueTo="Unknown" visited="false" cyclomaticComplexity="0" nPathComplexity="0" sequenceCoverage="0" branchCoverage="0" isConstructor="false" isStatic="false" isGetter="false" isSetter="false">
              <MetadataToken>100666301</MetadataToken>
              <Name>System.Void IBM.Watson.DeveloperCloud.Services.TradeoffAnalytics.v1.TradeoffAnalytics/OnDilemma::EndInvoke(System.IAsyncResult)</Name>
              <SequencePoints />
              <BranchPoints />
            </Method>
          </Methods>
        </Class>
        <Class>
          <Summary numSequencePoints="2" visitedSequencePoints="2" numBranchPoints="2" visitedBranchPoints="2" sequenceCoverage="100" branchCoverage="100" maxCyclomaticComplexity="1" minCyclomaticComplexity="1" visitedClasses="1" numClasses="1" visitedMethods="2" numMethods="2" />
          <FullName>IBM.Watson.DeveloperCloud.Services.TradeoffAnalytics.v1.TradeoffAnalytics/GetDilemmaRequest</FullName>
          <Methods>
            <Method visited="true" cyclomaticComplexity="1" nPathComplexity="0" sequenceCoverage="100" branchCoverage="100" isConstructor="false" isStatic="false" isGetter="true" isSetter="false">
              <Summary numSequencePoints="1" visitedSequencePoints="1" numBranchPoints="1" visitedBranchPoints="1" sequenceCoverage="100" branchCoverage="100" maxCyclomaticComplexity="1" minCyclomaticComplexity="1" visitedClasses="0" numClasses="0" visitedMethods="1" numMethods="1" />
              <MetadataToken>100666302</MetadataToken>
              <Name>IBM.Watson.DeveloperCloud.Services.TradeoffAnalytics.v1.TradeoffAnalytics/OnDilemma IBM.Watson.DeveloperCloud.Services.TradeoffAnalytics.v1.TradeoffAnalytics/GetDilemmaRequest::get_Callback()</Name>
              <FileRef uid="94" />
              <SequencePoints>
                <SequencePoint vc="2" uspid="3066" ordinal="0" offset="0" sl="76" sc="35" el="76" ec="39" bec="0" bev="0" fileid="94" />
              </SequencePoints>
              <BranchPoints />
              <MethodPoint xsi:type="SequencePoint" vc="2" uspid="3066" ordinal="0" offset="0" sl="76" sc="35" el="76" ec="39" bec="0" bev="0" fileid="94" />
            </Method>
            <Method visited="true" cyclomaticComplexity="1" nPathComplexity="0" sequenceCoverage="100" branchCoverage="100" isConstructor="false" isStatic="false" isGetter="false" isSetter="true">
              <Summary numSequencePoints="1" visitedSequencePoints="1" numBranchPoints="1" visitedBranchPoints="1" sequenceCoverage="100" branchCoverage="100" maxCyclomaticComplexity="1" minCyclomaticComplexity="1" visitedClasses="0" numClasses="0" visitedMethods="1" numMethods="1" />
              <MetadataToken>100666303</MetadataToken>
              <Name>System.Void IBM.Watson.DeveloperCloud.Services.TradeoffAnalytics.v1.TradeoffAnalytics/GetDilemmaRequest::set_Callback(IBM.Watson.DeveloperCloud.Services.TradeoffAnalytics.v1.TradeoffAnalytics/OnDilemma)</Name>
              <FileRef uid="94" />
              <SequencePoints>
                <SequencePoint vc="1" uspid="3067" ordinal="0" offset="0" sl="76" sc="40" el="76" ec="44" bec="0" bev="0" fileid="94" />
              </SequencePoints>
              <BranchPoints />
              <MethodPoint xsi:type="SequencePoint" vc="1" uspid="3067" ordinal="0" offset="0" sl="76" sc="40" el="76" ec="44" bec="0" bev="0" fileid="94" />
            </Method>
            <Method visited="true" cyclomaticComplexity="1" nPathComplexity="0" sequenceCoverage="0" branchCoverage="0" isConstructor="true" isStatic="false" isGetter="false" isSetter="false">
              <Summary numSequencePoints="0" visitedSequencePoints="0" numBranchPoints="0" visitedBranchPoints="0" sequenceCoverage="0" branchCoverage="0" maxCyclomaticComplexity="1" minCyclomaticComplexity="1" visitedClasses="0" numClasses="0" visitedMethods="0" numMethods="0" />
              <MetadataToken>100666304</MetadataToken>
              <Name>System.Void IBM.Watson.DeveloperCloud.Services.TradeoffAnalytics.v1.TradeoffAnalytics/GetDilemmaRequest::.ctor()</Name>
              <SequencePoints />
              <BranchPoints />
              <MethodPoint vc="1" uspid="3068" ordinal="0" offset="0" />
            </Method>
          </Methods>
        </Class>
        <Class>
          <Summary numSequencePoints="2" visitedSequencePoints="0" numBranchPoints="2" visitedBranchPoints="0" sequenceCoverage="0" branchCoverage="0" maxCyclomaticComplexity="1" minCyclomaticComplexity="1" visitedClasses="0" numClasses="1" visitedMethods="0" numMethods="2" />
          <FullName>IBM.Watson.DeveloperCloud.Services.TradeoffAnalytics.v1.TradeoffAnalytics/PingDataValue</FullName>
          <Methods>
            <Method visited="false" cyclomaticComplexity="1" nPathComplexity="0" sequenceCoverage="0" branchCoverage="0" isConstructor="false" isStatic="false" isGetter="true" isSetter="false">
              <Summary numSequencePoints="1" visitedSequencePoints="0" numBranchPoints="1" visitedBranchPoints="0" sequenceCoverage="0" branchCoverage="0" maxCyclomaticComplexity="1" minCyclomaticComplexity="1" visitedClasses="0" numClasses="0" visitedMethods="0" numMethods="1" />
              <MetadataToken>100666305</MetadataToken>
              <Name>System.Double IBM.Watson.DeveloperCloud.Services.TradeoffAnalytics.v1.TradeoffAnalytics/PingDataValue::get_ping()</Name>
              <FileRef uid="94" />
              <SequencePoints>
                <SequencePoint vc="0" uspid="3069" ordinal="0" offset="0" sl="131" sc="28" el="131" ec="32" bec="0" bev="0" fileid="94" />
              </SequencePoints>
              <BranchPoints />
              <MethodPoint xsi:type="SequencePoint" vc="0" uspid="3069" ordinal="0" offset="0" sl="131" sc="28" el="131" ec="32" bec="0" bev="0" fileid="94" />
            </Method>
            <Method visited="false" cyclomaticComplexity="1" nPathComplexity="0" sequenceCoverage="0" branchCoverage="0" isConstructor="false" isStatic="false" isGetter="false" isSetter="true">
              <Summary numSequencePoints="1" visitedSequencePoints="0" numBranchPoints="1" visitedBranchPoints="0" sequenceCoverage="0" branchCoverage="0" maxCyclomaticComplexity="1" minCyclomaticComplexity="1" visitedClasses="0" numClasses="0" visitedMethods="0" numMethods="1" />
              <MetadataToken>100666306</MetadataToken>
              <Name>System.Void IBM.Watson.DeveloperCloud.Services.TradeoffAnalytics.v1.TradeoffAnalytics/PingDataValue::set_ping(System.Double)</Name>
              <FileRef uid="94" />
              <SequencePoints>
                <SequencePoint vc="0" uspid="3070" ordinal="0" offset="0" sl="131" sc="33" el="131" ec="37" bec="0" bev="0" fileid="94" />
              </SequencePoints>
              <BranchPoints />
              <MethodPoint xsi:type="SequencePoint" vc="0" uspid="3070" ordinal="0" offset="0" sl="131" sc="33" el="131" ec="37" bec="0" bev="0" fileid="94" />
            </Method>
            <Method visited="false" cyclomaticComplexity="1" nPathComplexity="0" sequenceCoverage="0" branchCoverage="0" isConstructor="true" isStatic="false" isGetter="false" isSetter="false">
              <Summary numSequencePoints="0" visitedSequencePoints="0" numBranchPoints="0" visitedBranchPoints="0" sequenceCoverage="0" branchCoverage="0" maxCyclomaticComplexity="1" minCyclomaticComplexity="1" visitedClasses="0" numClasses="0" visitedMethods="0" numMethods="0" />
              <MetadataToken>100666307</MetadataToken>
              <Name>System.Void IBM.Watson.DeveloperCloud.Services.TradeoffAnalytics.v1.TradeoffAnalytics/PingDataValue::.ctor()</Name>
              <SequencePoints />
              <BranchPoints />
              <MethodPoint vc="0" uspid="3071" ordinal="0" offset="0" />
            </Method>
          </Methods>
        </Class>
        <Class>
          <Summary numSequencePoints="0" visitedSequencePoints="0" numBranchPoints="0" visitedBranchPoints="0" sequenceCoverage="0" branchCoverage="0" maxCyclomaticComplexity="1" minCyclomaticComplexity="1" visitedClasses="0" numClasses="0" visitedMethods="0" numMethods="0" />
          <FullName>IBM.Watson.DeveloperCloud.Services.TradeoffAnalytics.v1.TradeoffAnalytics/PingData</FullName>
          <Methods>
            <Method visited="false" cyclomaticComplexity="1" nPathComplexity="0" sequenceCoverage="0" branchCoverage="0" isConstructor="true" isStatic="false" isGetter="false" isSetter="false">
              <Summary numSequencePoints="0" visitedSequencePoints="0" numBranchPoints="0" visitedBranchPoints="0" sequenceCoverage="0" branchCoverage="0" maxCyclomaticComplexity="1" minCyclomaticComplexity="1" visitedClasses="0" numClasses="0" visitedMethods="0" numMethods="0" />
              <MetadataToken>100666308</MetadataToken>
              <Name>System.Void IBM.Watson.DeveloperCloud.Services.TradeoffAnalytics.v1.TradeoffAnalytics/PingData::.ctor()</Name>
              <SequencePoints />
              <BranchPoints />
              <MethodPoint vc="0" uspid="3072" ordinal="0" offset="0" />
            </Method>
          </Methods>
        </Class>
        <Class>
          <Summary numSequencePoints="34" visitedSequencePoints="0" numBranchPoints="9" visitedBranchPoints="0" sequenceCoverage="0" branchCoverage="0" maxCyclomaticComplexity="3" minCyclomaticComplexity="1" visitedClasses="0" numClasses="1" visitedMethods="0" numMethods="3" />
          <FullName>IBM.Watson.DeveloperCloud.Services.TradeoffAnalytics.v1.TradeoffAnalytics/CheckServiceStatus</FullName>
          <Methods>
            <Method visited="false" cyclomaticComplexity="2" nPathComplexity="2" sequenceCoverage="0" branchCoverage="0" isConstructor="true" isStatic="false" isGetter="false" isSetter="false">
              <Summary numSequencePoints="26" visitedSequencePoints="0" numBranchPoints="3" visitedBranchPoints="0" sequenceCoverage="0" branchCoverage="0" maxCyclomaticComplexity="2" minCyclomaticComplexity="2" visitedClasses="0" numClasses="0" visitedMethods="0" numMethods="1" />
              <MetadataToken>100666309</MetadataToken>
              <Name>System.Void IBM.Watson.DeveloperCloud.Services.TradeoffAnalytics.v1.TradeoffAnalytics/CheckServiceStatus::.ctor(IBM.Watson.DeveloperCloud.Services.TradeoffAnalytics.v1.TradeoffAnalytics,IBM.Watson.DeveloperCloud.Services.ServiceStatus)</Name>
              <FileRef uid="94" />
              <SequencePoints>
                <SequencePoint vc="0" uspid="3073" ordinal="0" offset="0" sl="148" sc="7" el="148" ec="83" bec="0" bev="0" fileid="94" />
                <SequencePoint vc="0" uspid="3074" ordinal="1" offset="6" sl="150" sc="9" el="150" ec="29" bec="0" bev="0" fileid="94" />
                <SequencePoint vc="0" uspid="3075" ordinal="2" offset="13" sl="151" sc="9" el="151" ec="31" bec="0" bev="0" fileid="94" />
                <SequencePoint vc="0" uspid="3076" ordinal="3" offset="20" sl="153" sc="9" el="153" ec="41" bec="0" bev="0" fileid="94" />
                <SequencePoint vc="0" uspid="3077" ordinal="4" offset="26" sl="154" sc="9" el="154" ec="34" bec="0" bev="0" fileid="94" />
                <SequencePoint vc="0" uspid="3078" ordinal="5" offset="37" sl="156" sc="9" el="156" ec="54" bec="0" bev="0" fileid="94" />
                <SequencePoint vc="0" uspid="3079" ordinal="6" offset="43" sl="157" sc="9" el="157" ec="42" bec="0" bev="0" fileid="94" />
                <SequencePoint vc="0" uspid="3080" ordinal="7" offset="49" sl="158" sc="9" el="158" ec="33" bec="0" bev="0" fileid="94" />
                <SequencePoint vc="0" uspid="3081" ordinal="8" offset="60" sl="159" sc="9" el="159" ec="37" bec="0" bev="0" fileid="94" />
                <SequencePoint vc="0" uspid="3082" ordinal="9" offset="71" sl="160" sc="9" el="160" ec="33" bec="0" bev="0" fileid="94" />
                <SequencePoint vc="0" uspid="3083" ordinal="10" offset="82" sl="161" sc="9" el="161" ec="40" bec="0" bev="0" fileid="94" />
                <SequencePoint vc="0" uspid="3084" ordinal="11" offset="89" sl="162" sc="9" el="162" ec="45" bec="0" bev="0" fileid="94" />
                <SequencePoint vc="0" uspid="3085" ordinal="12" offset="100" sl="163" sc="9" el="163" ec="49" bec="0" bev="0" fileid="94" />
                <SequencePoint vc="0" uspid="3086" ordinal="13" offset="125" sl="164" sc="9" el="164" ec="48" bec="0" bev="0" fileid="94" />
                <SequencePoint vc="0" uspid="3087" ordinal="14" offset="150" sl="165" sc="9" el="165" ec="36" bec="0" bev="0" fileid="94" />
                <SequencePoint vc="0" uspid="3088" ordinal="15" offset="157" sl="167" sc="9" el="167" ec="48" bec="0" bev="0" fileid="94" />
                <SequencePoint vc="0" uspid="3089" ordinal="16" offset="169" sl="169" sc="9" el="169" ec="54" bec="0" bev="0" fileid="94" />
                <SequencePoint vc="0" uspid="3090" ordinal="17" offset="175" sl="170" sc="9" el="170" ec="42" bec="0" bev="0" fileid="94" />
                <SequencePoint vc="0" uspid="3091" ordinal="18" offset="182" sl="171" sc="9" el="171" ec="33" bec="0" bev="0" fileid="94" />
                <SequencePoint vc="0" uspid="3092" ordinal="19" offset="194" sl="172" sc="9" el="172" ec="49" bec="0" bev="0" fileid="94" />
                <SequencePoint vc="0" uspid="3093" ordinal="20" offset="206" sl="173" sc="9" el="173" ec="55" bec="0" bev="0" fileid="94" />
                <SequencePoint vc="0" uspid="3094" ordinal="21" offset="232" sl="174" sc="9" el="174" ec="36" bec="0" bev="0" fileid="94" />
                <SequencePoint vc="0" uspid="3095" ordinal="22" offset="240" sl="176" sc="9" el="176" ec="48" bec="0" bev="0" fileid="94" />
                <SequencePoint vc="0" uspid="3096" ordinal="23" offset="252" sl="178" sc="9" el="178" ec="65" bec="2" bev="0" fileid="94" />
                <SequencePoint vc="0" uspid="3097" ordinal="24" offset="279" sl="179" sc="11" el="179" ec="57" bec="0" bev="0" fileid="94" />
                <SequencePoint vc="0" uspid="3098" ordinal="25" offset="290" sl="180" sc="7" el="180" ec="8" bec="0" bev="0" fileid="94" />
              </SequencePoints>
              <BranchPoints>
                <BranchPoint vc="0" uspid="3099" ordinal="0" offset="277" sl="178" path="0" offsetend="279" fileid="94" />
                <BranchPoint vc="0" uspid="3100" ordinal="1" offset="277" sl="178" path="1" offsetend="290" fileid="94" />
              </BranchPoints>
              <MethodPoint xsi:type="SequencePoint" vc="0" uspid="3073" ordinal="0" offset="0" sl="148" sc="7" el="148" ec="83" bec="0" bev="0" fileid="94" />
            </Method>
            <Method visited="false" cyclomaticComplexity="3" nPathComplexity="4" sequenceCoverage="0" branchCoverage="0" isConstructor="false" isStatic="false" isGetter="false" isSetter="false">
              <Summary numSequencePoints="5" visitedSequencePoints="0" numBranchPoints="5" visitedBranchPoints="0" sequenceCoverage="0" branchCoverage="0" maxCyclomaticComplexity="3" minCyclomaticComplexity="3" visitedClasses="0" numClasses="0" visitedMethods="0" numMethods="1" />
              <MetadataToken>100666310</MetadataToken>
              <Name>System.Void IBM.Watson.DeveloperCloud.Services.TradeoffAnalytics.v1.TradeoffAnalytics/CheckServiceStatus::OnGetDilemma(IBM.Watson.DeveloperCloud.Services.TradeoffAnalytics.v1.DilemmasResponse)</Name>
              <FileRef uid="94" />
              <SequencePoints>
                <SequencePoint vc="0" uspid="3101" ordinal="0" offset="0" sl="184" sc="9" el="184" ec="48" bec="3" bev="0" fileid="94" />
                <SequencePoint vc="0" uspid="3102" ordinal="1" offset="11" sl="186" sc="11" el="186" ec="40" bec="0" bev="0" fileid="94" />
                <SequencePoint vc="0" uspid="3103" ordinal="2" offset="28" sl="187" sc="9" el="187" ec="10" bec="0" bev="0" fileid="94" />
                <SequencePoint vc="0" uspid="3104" ordinal="3" offset="29" sl="190" sc="11" el="190" ec="48" bec="0" bev="0" fileid="94" />
                <SequencePoint vc="0" uspid="3105" ordinal="4" offset="40" sl="192" sc="7" el="192" ec="8" bec="0" bev="0" fileid="94" />
              </SequencePoints>
              <BranchPoints>
                <BranchPoint vc="0" uspid="3106" ordinal="0" offset="6" sl="184" path="0" offsetend="8" fileid="94" />
                <BranchPoint vc="0" uspid="3107" ordinal="1" offset="6" sl="184" path="1" offsetend="29" fileid="94" />
                <BranchPoint vc="0" uspid="3108" ordinal="2" offset="9" sl="184" path="0" offsetend="11" fileid="94" />
                <BranchPoint vc="0" uspid="3109" ordinal="3" offset="9" sl="184" path="1" offsetend="29" fileid="94" />
              </BranchPoints>
              <MethodPoint xsi:type="SequencePoint" vc="0" uspid="3101" ordinal="0" offset="0" sl="184" sc="9" el="184" ec="48" bec="3" bev="0" fileid="94" />
            </Method>
            <Method visited="false" cyclomaticComplexity="1" nPathComplexity="0" sequenceCoverage="0" branchCoverage="0" isConstructor="false" isStatic="false" isGetter="false" isSetter="false">
              <Summary numSequencePoints="3" visitedSequencePoints="0" numBranchPoints="1" visitedBranchPoints="0" sequenceCoverage="0" branchCoverage="0" maxCyclomaticComplexity="1" minCyclomaticComplexity="1" visitedClasses="0" numClasses="0" visitedMethods="0" numMethods="1" />
              <MetadataToken>100666311</MetadataToken>
              <Name>System.Void IBM.Watson.DeveloperCloud.Services.TradeoffAnalytics.v1.TradeoffAnalytics/CheckServiceStatus::OnFailure(System.String)</Name>
              <FileRef uid="94" />
              <SequencePoints>
                <SequencePoint vc="0" uspid="3110" ordinal="0" offset="0" sl="196" sc="9" el="196" ec="45" bec="0" bev="0" fileid="94" />
                <SequencePoint vc="0" uspid="3111" ordinal="1" offset="17" sl="197" sc="9" el="197" ec="39" bec="0" bev="0" fileid="94" />
                <SequencePoint vc="0" uspid="3112" ordinal="2" offset="34" sl="198" sc="7" el="198" ec="8" bec="0" bev="0" fileid="94" />
              </SequencePoints>
              <BranchPoints />
              <MethodPoint xsi:type="SequencePoint" vc="0" uspid="3110" ordinal="0" offset="0" sl="196" sc="9" el="196" ec="45" bec="0" bev="0" fileid="94" />
            </Method>
          </Methods>
        </Class>
        <Class>
          <Summary numSequencePoints="0" visitedSequencePoints="0" numBranchPoints="0" visitedBranchPoints="0" sequenceCoverage="0" branchCoverage="0" maxCyclomaticComplexity="1" minCyclomaticComplexity="1" visitedClasses="0" numClasses="0" visitedMethods="0" numMethods="0" />
          <FullName>IBM.Watson.DeveloperCloud.Services.ToneAnalyzer.v3.ToneAnalyzerResponse</FullName>
          <Methods>
            <Method visited="true" cyclomaticComplexity="1" nPathComplexity="0" sequenceCoverage="0" branchCoverage="0" isConstructor="true" isStatic="false" isGetter="false" isSetter="false">
              <Summary numSequencePoints="0" visitedSequencePoints="0" numBranchPoints="0" visitedBranchPoints="0" sequenceCoverage="0" branchCoverage="0" maxCyclomaticComplexity="1" minCyclomaticComplexity="1" visitedClasses="0" numClasses="0" visitedMethods="0" numMethods="0" />
              <MetadataToken>100664246</MetadataToken>
              <Name>System.Void IBM.Watson.DeveloperCloud.Services.ToneAnalyzer.v3.ToneAnalyzerResponse::.ctor()</Name>
              <SequencePoints />
              <BranchPoints />
              <MethodPoint vc="2" uspid="3113" ordinal="0" offset="0" />
            </Method>
          </Methods>
        </Class>
        <Class>
          <Summary numSequencePoints="0" visitedSequencePoints="0" numBranchPoints="0" visitedBranchPoints="0" sequenceCoverage="0" branchCoverage="0" maxCyclomaticComplexity="1" minCyclomaticComplexity="1" visitedClasses="0" numClasses="0" visitedMethods="0" numMethods="0" />
          <FullName>IBM.Watson.DeveloperCloud.Services.ToneAnalyzer.v3.DocumentTone</FullName>
          <Methods>
            <Method visited="false" cyclomaticComplexity="1" nPathComplexity="0" sequenceCoverage="0" branchCoverage="0" isConstructor="true" isStatic="false" isGetter="false" isSetter="false">
              <Summary numSequencePoints="0" visitedSequencePoints="0" numBranchPoints="0" visitedBranchPoints="0" sequenceCoverage="0" branchCoverage="0" maxCyclomaticComplexity="1" minCyclomaticComplexity="1" visitedClasses="0" numClasses="0" visitedMethods="0" numMethods="0" />
              <MetadataToken>100664250</MetadataToken>
              <Name>System.Void IBM.Watson.DeveloperCloud.Services.ToneAnalyzer.v3.DocumentTone::.ctor()</Name>
              <SequencePoints />
              <BranchPoints />
              <MethodPoint vc="0" uspid="3114" ordinal="0" offset="0" />
            </Method>
          </Methods>
        </Class>
        <Class>
          <Summary numSequencePoints="0" visitedSequencePoints="0" numBranchPoints="0" visitedBranchPoints="0" sequenceCoverage="0" branchCoverage="0" maxCyclomaticComplexity="1" minCyclomaticComplexity="1" visitedClasses="0" numClasses="0" visitedMethods="0" numMethods="0" />
          <FullName>IBM.Watson.DeveloperCloud.Services.ToneAnalyzer.v3.ToneCategory</FullName>
          <Methods>
            <Method visited="false" cyclomaticComplexity="1" nPathComplexity="0" sequenceCoverage="0" branchCoverage="0" isConstructor="true" isStatic="false" isGetter="false" isSetter="false">
              <Summary numSequencePoints="0" visitedSequencePoints="0" numBranchPoints="0" visitedBranchPoints="0" sequenceCoverage="0" branchCoverage="0" maxCyclomaticComplexity="1" minCyclomaticComplexity="1" visitedClasses="0" numClasses="0" visitedMethods="0" numMethods="0" />
              <MetadataToken>100664258</MetadataToken>
              <Name>System.Void IBM.Watson.DeveloperCloud.Services.ToneAnalyzer.v3.ToneCategory::.ctor()</Name>
              <SequencePoints />
              <BranchPoints />
              <MethodPoint vc="0" uspid="3115" ordinal="0" offset="0" />
            </Method>
          </Methods>
        </Class>
        <Class>
          <Summary numSequencePoints="0" visitedSequencePoints="0" numBranchPoints="0" visitedBranchPoints="0" sequenceCoverage="0" branchCoverage="0" maxCyclomaticComplexity="1" minCyclomaticComplexity="1" visitedClasses="0" numClasses="0" visitedMethods="0" numMethods="0" />
          <FullName>IBM.Watson.DeveloperCloud.Services.ToneAnalyzer.v3.Tone</FullName>
          <Methods>
            <Method visited="false" cyclomaticComplexity="1" nPathComplexity="0" sequenceCoverage="0" branchCoverage="0" isConstructor="true" isStatic="false" isGetter="false" isSetter="false">
              <Summary numSequencePoints="0" visitedSequencePoints="0" numBranchPoints="0" visitedBranchPoints="0" sequenceCoverage="0" branchCoverage="0" maxCyclomaticComplexity="1" minCyclomaticComplexity="1" visitedClasses="0" numClasses="0" visitedMethods="0" numMethods="0" />
              <MetadataToken>100664266</MetadataToken>
              <Name>System.Void IBM.Watson.DeveloperCloud.Services.ToneAnalyzer.v3.Tone::.ctor()</Name>
              <SequencePoints />
              <BranchPoints />
              <MethodPoint vc="0" uspid="3116" ordinal="0" offset="0" />
            </Method>
          </Methods>
        </Class>
        <Class>
          <Summary numSequencePoints="54" visitedSequencePoints="39" numBranchPoints="26" visitedBranchPoints="13" sequenceCoverage="72.22" branchCoverage="50" maxCyclomaticComplexity="7" minCyclomaticComplexity="1" visitedClasses="1" numClasses="1" visitedMethods="4" numMethods="6" />
          <FullName>IBM.Watson.DeveloperCloud.Services.ToneAnalyzer.v3.ToneAnalyzer</FullName>
          <Methods>
            <Method visited="true" cyclomaticComplexity="3" nPathComplexity="4" sequenceCoverage="87.5" branchCoverage="60" isConstructor="false" isStatic="false" isGetter="false" isSetter="false">
              <Summary numSequencePoints="16" visitedSequencePoints="14" numBranchPoints="5" visitedBranchPoints="3" sequenceCoverage="87.5" branchCoverage="60" maxCyclomaticComplexity="3" minCyclomaticComplexity="3" visitedClasses="0" numClasses="0" visitedMethods="1" numMethods="1" />
              <MetadataToken>100664282</MetadataToken>
              <Name>System.Boolean IBM.Watson.DeveloperCloud.Services.ToneAnalyzer.v3.ToneAnalyzer::GetToneAnalyze(IBM.Watson.DeveloperCloud.Services.ToneAnalyzer.v3.ToneAnalyzer/OnGetToneAnalyzed,System.String,System.String)</Name>
              <FileRef uid="103" />
              <SequencePoints>
                <SequencePoint vc="1" uspid="3117" ordinal="0" offset="0" sl="59" sc="7" el="59" ec="28" bec="2" bev="1" fileid="103" />
                <SequencePoint vc="0" uspid="3118" ordinal="1" offset="3" sl="60" sc="9" el="60" ec="53" bec="0" bev="0" fileid="103" />
                <SequencePoint vc="1" uspid="3119" ordinal="2" offset="14" sl="62" sc="7" el="62" ec="87" bec="0" bev="0" fileid="103" />
                <SequencePoint vc="1" uspid="3120" ordinal="3" offset="31" sl="63" sc="7" el="63" ec="29" bec="2" bev="1" fileid="103" />
                <SequencePoint vc="0" uspid="3121" ordinal="4" offset="34" sl="64" sc="9" el="64" ec="22" bec="0" bev="0" fileid="103" />
                <SequencePoint vc="1" uspid="3122" ordinal="5" offset="36" sl="66" sc="7" el="66" ec="65" bec="0" bev="0" fileid="103" />
                <SequencePoint vc="1" uspid="3123" ordinal="6" offset="42" sl="67" sc="7" el="67" ec="31" bec="0" bev="0" fileid="103" />
                <SequencePoint vc="1" uspid="3124" ordinal="7" offset="49" sl="68" sc="7" el="68" ec="48" bec="0" bev="0" fileid="103" />
                <SequencePoint vc="1" uspid="3125" ordinal="8" offset="67" sl="70" sc="7" el="70" ec="76" bec="0" bev="0" fileid="103" />
                <SequencePoint vc="1" uspid="3126" ordinal="9" offset="73" sl="71" sc="7" el="71" ec="43" bec="0" bev="0" fileid="103" />
                <SequencePoint vc="1" uspid="3127" ordinal="10" offset="100" sl="72" sc="7" el="72" ec="65" bec="0" bev="0" fileid="103" />
                <SequencePoint vc="1" uspid="3128" ordinal="11" offset="122" sl="73" sc="7" el="73" ec="23" bec="0" bev="0" fileid="103" />
                <SequencePoint vc="1" uspid="3129" ordinal="12" offset="129" sl="74" sc="7" el="74" ec="56" bec="0" bev="0" fileid="103" />
                <SequencePoint vc="1" uspid="3130" ordinal="13" offset="150" sl="75" sc="7" el="75" ec="48" bec="0" bev="0" fileid="103" />
                <SequencePoint vc="1" uspid="3131" ordinal="14" offset="171" sl="76" sc="7" el="76" ec="44" bec="0" bev="0" fileid="103" />
                <SequencePoint vc="1" uspid="3132" ordinal="15" offset="192" sl="77" sc="7" el="77" ec="34" bec="0" bev="0" fileid="103" />
              </SequencePoints>
              <BranchPoints>
                <BranchPoint vc="0" uspid="3133" ordinal="0" offset="1" sl="59" path="0" offsetend="3" fileid="103" />
                <BranchPoint vc="1" uspid="3134" ordinal="1" offset="1" sl="59" path="1" offsetend="14" fileid="103" />
                <BranchPoint vc="0" uspid="3135" ordinal="2" offset="32" sl="63" path="0" offsetend="34" fileid="103" />
                <BranchPoint vc="1" uspid="3136" ordinal="3" offset="32" sl="63" path="1" offsetend="36" fileid="103" />
              </BranchPoints>
              <MethodPoint xsi:type="SequencePoint" vc="1" uspid="3117" ordinal="0" offset="0" sl="59" sc="7" el="59" ec="28" bec="2" bev="1" fileid="103" />
            </Method>
            <Method visited="true" cyclomaticComplexity="3" nPathComplexity="4" sequenceCoverage="85.71" branchCoverage="60" isConstructor="false" isStatic="false" isGetter="false" isSetter="false">
              <Summary numSequencePoints="14" visitedSequencePoints="12" numBranchPoints="5" visitedBranchPoints="3" sequenceCoverage="85.71" branchCoverage="60" maxCyclomaticComplexity="3" minCyclomaticComplexity="3" visitedClasses="0" numClasses="0" visitedMethods="1" numMethods="1" />
              <MetadataToken>100664283</MetadataToken>
              <Name>System.Boolean IBM.Watson.DeveloperCloud.Services.ToneAnalyzer.v3.ToneAnalyzer::GetToneAnalyze(System.String,IBM.Watson.DeveloperCloud.Services.ToneAnalyzer.v3.ToneAnalyzer/OnGetToneAnalyzed,System.String)</Name>
              <FileRef uid="103" />
              <SequencePoints>
                <SequencePoint vc="1" uspid="3137" ordinal="0" offset="0" sl="89" sc="7" el="89" ec="28" bec="2" bev="1" fileid="103" />
                <SequencePoint vc="0" uspid="3138" ordinal="1" offset="3" sl="90" sc="9" el="90" ec="53" bec="0" bev="0" fileid="103" />
                <SequencePoint vc="1" uspid="3139" ordinal="2" offset="14" sl="92" sc="7" el="92" ec="87" bec="0" bev="0" fileid="103" />
                <SequencePoint vc="1" uspid="3140" ordinal="3" offset="31" sl="93" sc="7" el="93" ec="29" bec="2" bev="1" fileid="103" />
                <SequencePoint vc="0" uspid="3141" ordinal="4" offset="34" sl="94" sc="9" el="94" ec="22" bec="0" bev="0" fileid="103" />
                <SequencePoint vc="1" uspid="3142" ordinal="5" offset="36" sl="96" sc="7" el="96" ec="65" bec="0" bev="0" fileid="103" />
                <SequencePoint vc="1" uspid="3143" ordinal="6" offset="42" sl="97" sc="7" el="97" ec="31" bec="0" bev="0" fileid="103" />
                <SequencePoint vc="1" uspid="3144" ordinal="7" offset="49" sl="98" sc="7" el="98" ec="48" bec="0" bev="0" fileid="103" />
                <SequencePoint vc="1" uspid="3145" ordinal="8" offset="67" sl="103" sc="7" el="103" ec="23" bec="0" bev="0" fileid="103" />
                <SequencePoint vc="1" uspid="3146" ordinal="9" offset="74" sl="104" sc="7" el="104" ec="56" bec="0" bev="0" fileid="103" />
                <SequencePoint vc="1" uspid="3147" ordinal="10" offset="95" sl="105" sc="7" el="105" ec="48" bec="0" bev="0" fileid="103" />
                <SequencePoint vc="1" uspid="3148" ordinal="11" offset="116" sl="106" sc="7" el="106" ec="44" bec="0" bev="0" fileid="103" />
                <SequencePoint vc="1" uspid="3149" ordinal="12" offset="137" sl="107" sc="7" el="107" ec="37" bec="0" bev="0" fileid="103" />
                <SequencePoint vc="1" uspid="3150" ordinal="13" offset="154" sl="108" sc="7" el="108" ec="34" bec="0" bev="0" fileid="103" />
              </SequencePoints>
              <BranchPoints>
                <BranchPoint vc="0" uspid="3151" ordinal="0" offset="1" sl="89" path="0" offsetend="3" fileid="103" />
                <BranchPoint vc="1" uspid="3152" ordinal="1" offset="1" sl="89" path="1" offsetend="14" fileid="103" />
                <BranchPoint vc="0" uspid="3153" ordinal="2" offset="32" sl="93" path="0" offsetend="34" fileid="103" />
                <BranchPoint vc="1" uspid="3154" ordinal="3" offset="32" sl="93" path="1" offsetend="36" fileid="103" />
              </BranchPoints>
              <MethodPoint xsi:type="SequencePoint" vc="1" uspid="3137" ordinal="0" offset="0" sl="89" sc="7" el="89" ec="28" bec="2" bev="1" fileid="103" />
            </Method>
            <Method visited="true" cyclomaticComplexity="7" nPathComplexity="32" sequenceCoverage="66.67" branchCoverage="54.55" isConstructor="false" isStatic="false" isGetter="false" isSetter="false">
              <Summary numSequencePoints="18" visitedSequencePoints="12" numBranchPoints="11" visitedBranchPoints="6" sequenceCoverage="66.67" branchCoverage="54.55" maxCyclomaticComplexity="7" minCyclomaticComplexity="7" visitedClasses="0" numClasses="0" visitedMethods="1" numMethods="1" />
              <MetadataToken>100664284</MetadataToken>
              <Name>System.Void IBM.Watson.DeveloperCloud.Services.ToneAnalyzer.v3.ToneAnalyzer::GetToneAnalyzerResponse(IBM.Watson.DeveloperCloud.Connection.RESTConnector/Request,IBM.Watson.DeveloperCloud.Connection.RESTConnector/Response)</Name>
              <FileRef uid="103" />
              <SequencePoints>
                <SequencePoint vc="2" uspid="3155" ordinal="0" offset="0" sl="119" sc="7" el="119" ec="66" bec="0" bev="0" fileid="103" />
                <SequencePoint vc="2" uspid="3156" ordinal="1" offset="6" sl="120" sc="7" el="120" ec="24" bec="2" bev="1" fileid="103" />
                <SequencePoint vc="2" uspid="3157" ordinal="2" offset="17" sl="124" sc="11" el="124" ec="30" bec="0" bev="0" fileid="103" />
                <SequencePoint vc="2" uspid="3158" ordinal="3" offset="19" sl="125" sc="11" el="125" ec="89" bec="0" bev="0" fileid="103" />
                <SequencePoint vc="2" uspid="3159" ordinal="4" offset="43" sl="126" sc="11" el="126" ec="28" bec="2" bev="1" fileid="103" />
                <SequencePoint vc="0" uspid="3160" ordinal="5" offset="52" sl="127" sc="13" el="127" ec="60" bec="0" bev="0" fileid="103" />
                <SequencePoint vc="2" uspid="3161" ordinal="6" offset="65" sl="129" sc="11" el="129" ec="33" bec="0" bev="0" fileid="103" />
                <SequencePoint vc="2" uspid="3162" ordinal="7" offset="67" sl="130" sc="11" el="130" ec="74" bec="0" bev="0" fileid="103" />
                <SequencePoint vc="2" uspid="3163" ordinal="8" offset="87" sl="131" sc="11" el="131" ec="28" bec="2" bev="1" fileid="103" />
                <SequencePoint vc="0" uspid="3164" ordinal="9" offset="96" sl="132" sc="13" el="132" ec="60" bec="0" bev="0" fileid="103" />
                <SequencePoint vc="2" uspid="3165" ordinal="10" offset="109" sl="133" sc="9" el="133" ec="10" bec="0" bev="0" fileid="103" />
                <SequencePoint vc="0" uspid="3166" ordinal="11" offset="111" sl="134" sc="9" el="134" ec="28" bec="0" bev="0" fileid="103" />
                <SequencePoint vc="0" uspid="3167" ordinal="12" offset="113" sl="136" sc="11" el="136" ec="93" bec="0" bev="0" fileid="103" />
                <SequencePoint vc="0" uspid="3168" ordinal="13" offset="144" sl="137" sc="11" el="137" ec="32" bec="0" bev="0" fileid="103" />
                <SequencePoint vc="0" uspid="3169" ordinal="14" offset="151" sl="138" sc="9" el="138" ec="10" bec="0" bev="0" fileid="103" />
                <SequencePoint vc="2" uspid="3170" ordinal="15" offset="153" sl="141" sc="7" el="141" ec="58" bec="2" bev="1" fileid="103" />
                <SequencePoint vc="2" uspid="3171" ordinal="16" offset="166" sl="142" sc="9" el="142" ec="116" bec="2" bev="1" fileid="103" />
                <SequencePoint vc="2" uspid="3172" ordinal="17" offset="205" sl="143" sc="5" el="143" ec="6" bec="0" bev="0" fileid="103" />
              </SequencePoints>
              <BranchPoints>
                <BranchPoint vc="2" uspid="3173" ordinal="0" offset="12" sl="120" path="0" offsetend="17" fileid="103" />
                <BranchPoint vc="0" uspid="3174" ordinal="1" offset="12" sl="120" path="1" offsetend="153" fileid="103" />
                <BranchPoint vc="0" uspid="3175" ordinal="2" offset="50" sl="126" path="0" offsetend="52" fileid="103" />
                <BranchPoint vc="2" uspid="3176" ordinal="3" offset="50" sl="126" path="1" offsetend="65" fileid="103" />
                <BranchPoint vc="0" uspid="3177" ordinal="4" offset="94" sl="131" path="0" offsetend="96" fileid="103" />
                <BranchPoint vc="2" uspid="3178" ordinal="5" offset="94" sl="131" path="1" offsetend="109" fileid="103" />
                <BranchPoint vc="2" uspid="3179" ordinal="6" offset="164" sl="141" path="0" offsetend="166" fileid="103" />
                <BranchPoint vc="0" uspid="3180" ordinal="7" offset="164" sl="141" path="1" offsetend="205" fileid="103" />
                <BranchPoint vc="0" uspid="3181" ordinal="8" offset="183" sl="142" path="0" offsetend="185" fileid="103" />
                <BranchPoint vc="2" uspid="3182" ordinal="9" offset="183" sl="142" path="1" offsetend="188" fileid="103" />
              </BranchPoints>
              <MethodPoint xsi:type="SequencePoint" vc="2" uspid="3155" ordinal="0" offset="0" sl="119" sc="7" el="119" ec="66" bec="0" bev="0" fileid="103" />
            </Method>
            <Method visited="false" cyclomaticComplexity="1" nPathComplexity="0" sequenceCoverage="0" branchCoverage="0" isConstructor="false" isStatic="false" isGetter="false" isSetter="false">
              <Summary numSequencePoints="1" visitedSequencePoints="0" numBranchPoints="1" visitedBranchPoints="0" sequenceCoverage="0" branchCoverage="0" maxCyclomaticComplexity="1" minCyclomaticComplexity="1" visitedClasses="0" numClasses="0" visitedMethods="0" numMethods="1" />
              <MetadataToken>100664285</MetadataToken>
              <Name>System.String IBM.Watson.DeveloperCloud.Services.ToneAnalyzer.v3.ToneAnalyzer::GetServiceID()</Name>
              <FileRef uid="103" />
              <SequencePoints>
                <SequencePoint vc="0" uspid="3183" ordinal="0" offset="0" sl="152" sc="7" el="152" ec="25" bec="0" bev="0" fileid="103" />
              </SequencePoints>
              <BranchPoints />
              <MethodPoint xsi:type="SequencePoint" vc="0" uspid="3183" ordinal="0" offset="0" sl="152" sc="7" el="152" ec="25" bec="0" bev="0" fileid="103" />
            </Method>
            <Method visited="false" cyclomaticComplexity="2" nPathComplexity="2" sequenceCoverage="0" branchCoverage="0" isConstructor="false" isStatic="false" isGetter="false" isSetter="false">
              <Summary numSequencePoints="4" visitedSequencePoints="0" numBranchPoints="3" visitedBranchPoints="0" sequenceCoverage="0" branchCoverage="0" maxCyclomaticComplexity="2" minCyclomaticComplexity="2" visitedClasses="0" numClasses="0" visitedMethods="0" numMethods="1" />
              <MetadataToken>100664286</MetadataToken>
              <Name>System.Void IBM.Watson.DeveloperCloud.Services.ToneAnalyzer.v3.ToneAnalyzer::GetServiceStatus(IBM.Watson.DeveloperCloud.Services.ServiceStatus)</Name>
              <FileRef uid="103" />
              <SequencePoints>
                <SequencePoint vc="0" uspid="3184" ordinal="0" offset="0" sl="158" sc="7" el="158" ec="73" bec="2" bev="0" fileid="103" />
                <SequencePoint vc="0" uspid="3185" ordinal="1" offset="17" sl="159" sc="9" el="159" ec="48" bec="0" bev="0" fileid="103" />
                <SequencePoint vc="0" uspid="3186" ordinal="2" offset="26" sl="161" sc="9" el="161" ec="37" bec="0" bev="0" fileid="103" />
                <SequencePoint vc="0" uspid="3187" ordinal="3" offset="38" sl="162" sc="5" el="162" ec="6" bec="0" bev="0" fileid="103" />
              </SequencePoints>
              <BranchPoints>
                <BranchPoint vc="0" uspid="3188" ordinal="0" offset="15" sl="158" path="0" offsetend="17" fileid="103" />
                <BranchPoint vc="0" uspid="3189" ordinal="1" offset="15" sl="158" path="1" offsetend="26" fileid="103" />
              </BranchPoints>
              <MethodPoint xsi:type="SequencePoint" vc="0" uspid="3184" ordinal="0" offset="0" sl="158" sc="7" el="158" ec="73" bec="2" bev="0" fileid="103" />
            </Method>
            <Method visited="true" cyclomaticComplexity="1" nPathComplexity="0" sequenceCoverage="0" branchCoverage="0" isConstructor="true" isStatic="false" isGetter="false" isSetter="false">
              <Summary numSequencePoints="0" visitedSequencePoints="0" numBranchPoints="0" visitedBranchPoints="0" sequenceCoverage="0" branchCoverage="0" maxCyclomaticComplexity="1" minCyclomaticComplexity="1" visitedClasses="0" numClasses="0" visitedMethods="0" numMethods="0" />
              <MetadataToken>100664287</MetadataToken>
              <Name>System.Void IBM.Watson.DeveloperCloud.Services.ToneAnalyzer.v3.ToneAnalyzer::.ctor()</Name>
              <SequencePoints />
              <BranchPoints />
              <MethodPoint vc="1" uspid="3190" ordinal="0" offset="0" />
            </Method>
            <Method visited="true" cyclomaticComplexity="1" nPathComplexity="0" sequenceCoverage="100" branchCoverage="100" isConstructor="true" isStatic="true" isGetter="false" isSetter="false">
              <Summary numSequencePoints="1" visitedSequencePoints="1" numBranchPoints="1" visitedBranchPoints="1" sequenceCoverage="100" branchCoverage="100" maxCyclomaticComplexity="1" minCyclomaticComplexity="1" visitedClasses="0" numClasses="0" visitedMethods="1" numMethods="1" />
              <MetadataToken>100664288</MetadataToken>
              <Name>System.Void IBM.Watson.DeveloperCloud.Services.ToneAnalyzer.v3.ToneAnalyzer::.cctor()</Name>
              <FileRef uid="103" />
              <SequencePoints>
                <SequencePoint vc="1" uspid="3191" ordinal="0" offset="0" sl="37" sc="5" el="37" ec="68" bec="0" bev="0" fileid="103" />
              </SequencePoints>
              <BranchPoints />
              <MethodPoint xsi:type="SequencePoint" vc="1" uspid="3191" ordinal="0" offset="0" sl="37" sc="5" el="37" ec="68" bec="0" bev="0" fileid="103" />
            </Method>
          </Methods>
        </Class>
        <Class>
          <Summary numSequencePoints="0" visitedSequencePoints="0" numBranchPoints="0" visitedBranchPoints="0" sequenceCoverage="0" branchCoverage="0" maxCyclomaticComplexity="0" minCyclomaticComplexity="0" visitedClasses="0" numClasses="0" visitedMethods="0" numMethods="0" />
          <FullName>IBM.Watson.DeveloperCloud.Services.ToneAnalyzer.v3.ToneAnalyzer/OnGetToneAnalyzed</FullName>
          <Methods>
            <Method skippedDueTo="Unknown" visited="false" cyclomaticComplexity="0" nPathComplexity="0" sequenceCoverage="0" branchCoverage="0" isConstructor="true" isStatic="false" isGetter="false" isSetter="false">
              <MetadataToken>100666312</MetadataToken>
              <Name>System.Void IBM.Watson.DeveloperCloud.Services.ToneAnalyzer.v3.ToneAnalyzer/OnGetToneAnalyzed::.ctor(System.Object,System.IntPtr)</Name>
              <SequencePoints />
              <BranchPoints />
            </Method>
            <Method skippedDueTo="Unknown" visited="false" cyclomaticComplexity="0" nPathComplexity="0" sequenceCoverage="0" branchCoverage="0" isConstructor="false" isStatic="false" isGetter="false" isSetter="false">
              <MetadataToken>100666313</MetadataToken>
              <Name>System.Void IBM.Watson.DeveloperCloud.Services.ToneAnalyzer.v3.ToneAnalyzer/OnGetToneAnalyzed::Invoke(IBM.Watson.DeveloperCloud.Services.ToneAnalyzer.v3.ToneAnalyzerResponse,System.String)</Name>
              <SequencePoints />
              <BranchPoints />
            </Method>
            <Method skippedDueTo="Unknown" visited="false" cyclomaticComplexity="0" nPathComplexity="0" sequenceCoverage="0" branchCoverage="0" isConstructor="false" isStatic="false" isGetter="false" isSetter="false">
              <MetadataToken>100666314</MetadataToken>
              <Name>System.IAsyncResult IBM.Watson.DeveloperCloud.Services.ToneAnalyzer.v3.ToneAnalyzer/OnGetToneAnalyzed::BeginInvoke(IBM.Watson.DeveloperCloud.Services.ToneAnalyzer.v3.ToneAnalyzerResponse,System.String,System.AsyncCallback,System.Object)</Name>
              <SequencePoints />
              <BranchPoints />
            </Method>
            <Method skippedDueTo="Unknown" visited="false" cyclomaticComplexity="0" nPathComplexity="0" sequenceCoverage="0" branchCoverage="0" isConstructor="false" isStatic="false" isGetter="false" isSetter="false">
              <MetadataToken>100666315</MetadataToken>
              <Name>System.Void IBM.Watson.DeveloperCloud.Services.ToneAnalyzer.v3.ToneAnalyzer/OnGetToneAnalyzed::EndInvoke(System.IAsyncResult)</Name>
              <SequencePoints />
              <BranchPoints />
            </Method>
          </Methods>
        </Class>
        <Class>
          <Summary numSequencePoints="4" visitedSequencePoints="4" numBranchPoints="4" visitedBranchPoints="4" sequenceCoverage="100" branchCoverage="100" maxCyclomaticComplexity="1" minCyclomaticComplexity="1" visitedClasses="1" numClasses="1" visitedMethods="4" numMethods="4" />
          <FullName>IBM.Watson.DeveloperCloud.Services.ToneAnalyzer.v3.ToneAnalyzer/GetToneAnalyzerRequest</FullName>
          <Methods>
            <Method visited="true" cyclomaticComplexity="1" nPathComplexity="0" sequenceCoverage="100" branchCoverage="100" isConstructor="false" isStatic="false" isGetter="true" isSetter="false">
              <Summary numSequencePoints="1" visitedSequencePoints="1" numBranchPoints="1" visitedBranchPoints="1" sequenceCoverage="100" branchCoverage="100" maxCyclomaticComplexity="1" minCyclomaticComplexity="1" visitedClasses="0" numClasses="0" visitedMethods="1" numMethods="1" />
              <MetadataToken>100666316</MetadataToken>
              <Name>System.String IBM.Watson.DeveloperCloud.Services.ToneAnalyzer.v3.ToneAnalyzer/GetToneAnalyzerRequest::get_Data()</Name>
              <FileRef uid="103" />
              <SequencePoints>
                <SequencePoint vc="2" uspid="3192" ordinal="0" offset="0" sl="113" sc="28" el="113" ec="32" bec="0" bev="0" fileid="103" />
              </SequencePoints>
              <BranchPoints />
              <MethodPoint xsi:type="SequencePoint" vc="2" uspid="3192" ordinal="0" offset="0" sl="113" sc="28" el="113" ec="32" bec="0" bev="0" fileid="103" />
            </Method>
            <Method visited="true" cyclomaticComplexity="1" nPathComplexity="0" sequenceCoverage="100" branchCoverage="100" isConstructor="false" isStatic="false" isGetter="false" isSetter="true">
              <Summary numSequencePoints="1" visitedSequencePoints="1" numBranchPoints="1" visitedBranchPoints="1" sequenceCoverage="100" branchCoverage="100" maxCyclomaticComplexity="1" minCyclomaticComplexity="1" visitedClasses="0" numClasses="0" visitedMethods="1" numMethods="1" />
              <MetadataToken>100666317</MetadataToken>
              <Name>System.Void IBM.Watson.DeveloperCloud.Services.ToneAnalyzer.v3.ToneAnalyzer/GetToneAnalyzerRequest::set_Data(System.String)</Name>
              <FileRef uid="103" />
              <SequencePoints>
                <SequencePoint vc="2" uspid="3193" ordinal="0" offset="0" sl="113" sc="33" el="113" ec="37" bec="0" bev="0" fileid="103" />
              </SequencePoints>
              <BranchPoints />
              <MethodPoint xsi:type="SequencePoint" vc="2" uspid="3193" ordinal="0" offset="0" sl="113" sc="33" el="113" ec="37" bec="0" bev="0" fileid="103" />
            </Method>
            <Method visited="true" cyclomaticComplexity="1" nPathComplexity="0" sequenceCoverage="100" branchCoverage="100" isConstructor="false" isStatic="false" isGetter="true" isSetter="false">
              <Summary numSequencePoints="1" visitedSequencePoints="1" numBranchPoints="1" visitedBranchPoints="1" sequenceCoverage="100" branchCoverage="100" maxCyclomaticComplexity="1" minCyclomaticComplexity="1" visitedClasses="0" numClasses="0" visitedMethods="1" numMethods="1" />
              <MetadataToken>100666318</MetadataToken>
              <Name>IBM.Watson.DeveloperCloud.Services.ToneAnalyzer.v3.ToneAnalyzer/OnGetToneAnalyzed IBM.Watson.DeveloperCloud.Services.ToneAnalyzer.v3.ToneAnalyzer/GetToneAnalyzerRequest::get_Callback()</Name>
              <FileRef uid="103" />
              <SequencePoints>
                <SequencePoint vc="4" uspid="3194" ordinal="0" offset="0" sl="114" sc="43" el="114" ec="47" bec="0" bev="0" fileid="103" />
              </SequencePoints>
              <BranchPoints />
              <MethodPoint xsi:type="SequencePoint" vc="4" uspid="3194" ordinal="0" offset="0" sl="114" sc="43" el="114" ec="47" bec="0" bev="0" fileid="103" />
            </Method>
            <Method visited="true" cyclomaticComplexity="1" nPathComplexity="0" sequenceCoverage="100" branchCoverage="100" isConstructor="false" isStatic="false" isGetter="false" isSetter="true">
              <Summary numSequencePoints="1" visitedSequencePoints="1" numBranchPoints="1" visitedBranchPoints="1" sequenceCoverage="100" branchCoverage="100" maxCyclomaticComplexity="1" minCyclomaticComplexity="1" visitedClasses="0" numClasses="0" visitedMethods="1" numMethods="1" />
              <MetadataToken>100666319</MetadataToken>
              <Name>System.Void IBM.Watson.DeveloperCloud.Services.ToneAnalyzer.v3.ToneAnalyzer/GetToneAnalyzerRequest::set_Callback(IBM.Watson.DeveloperCloud.Services.ToneAnalyzer.v3.ToneAnalyzer/OnGetToneAnalyzed)</Name>
              <FileRef uid="103" />
              <SequencePoints>
                <SequencePoint vc="2" uspid="3195" ordinal="0" offset="0" sl="114" sc="48" el="114" ec="52" bec="0" bev="0" fileid="103" />
              </SequencePoints>
              <BranchPoints />
              <MethodPoint xsi:type="SequencePoint" vc="2" uspid="3195" ordinal="0" offset="0" sl="114" sc="48" el="114" ec="52" bec="0" bev="0" fileid="103" />
            </Method>
            <Method visited="true" cyclomaticComplexity="1" nPathComplexity="0" sequenceCoverage="0" branchCoverage="0" isConstructor="true" isStatic="false" isGetter="false" isSetter="false">
              <Summary numSequencePoints="0" visitedSequencePoints="0" numBranchPoints="0" visitedBranchPoints="0" sequenceCoverage="0" branchCoverage="0" maxCyclomaticComplexity="1" minCyclomaticComplexity="1" visitedClasses="0" numClasses="0" visitedMethods="0" numMethods="0" />
              <MetadataToken>100666320</MetadataToken>
              <Name>System.Void IBM.Watson.DeveloperCloud.Services.ToneAnalyzer.v3.ToneAnalyzer/GetToneAnalyzerRequest::.ctor()</Name>
              <SequencePoints />
              <BranchPoints />
              <MethodPoint vc="2" uspid="3196" ordinal="0" offset="0" />
            </Method>
          </Methods>
        </Class>
        <Class>
          <Summary numSequencePoints="9" visitedSequencePoints="0" numBranchPoints="6" visitedBranchPoints="0" sequenceCoverage="0" branchCoverage="0" maxCyclomaticComplexity="2" minCyclomaticComplexity="2" visitedClasses="0" numClasses="1" visitedMethods="0" numMethods="2" />
          <FullName>IBM.Watson.DeveloperCloud.Services.ToneAnalyzer.v3.ToneAnalyzer/CheckServiceStatus</FullName>
          <Methods>
            <Method visited="false" cyclomaticComplexity="2" nPathComplexity="2" sequenceCoverage="0" branchCoverage="0" isConstructor="true" isStatic="false" isGetter="false" isSetter="false">
              <Summary numSequencePoints="6" visitedSequencePoints="0" numBranchPoints="3" visitedBranchPoints="0" sequenceCoverage="0" branchCoverage="0" maxCyclomaticComplexity="2" minCyclomaticComplexity="2" visitedClasses="0" numClasses="0" visitedMethods="0" numMethods="1" />
              <MetadataToken>100666321</MetadataToken>
              <Name>System.Void IBM.Watson.DeveloperCloud.Services.ToneAnalyzer.v3.ToneAnalyzer/CheckServiceStatus::.ctor(IBM.Watson.DeveloperCloud.Services.ToneAnalyzer.v3.ToneAnalyzer,IBM.Watson.DeveloperCloud.Services.ServiceStatus)</Name>
              <FileRef uid="103" />
              <SequencePoints>
                <SequencePoint vc="0" uspid="3197" ordinal="0" offset="0" sl="169" sc="7" el="169" ec="78" bec="0" bev="0" fileid="103" />
                <SequencePoint vc="0" uspid="3198" ordinal="1" offset="6" sl="171" sc="9" el="171" ec="29" bec="0" bev="0" fileid="103" />
                <SequencePoint vc="0" uspid="3199" ordinal="2" offset="13" sl="172" sc="9" el="172" ec="31" bec="0" bev="0" fileid="103" />
                <SequencePoint vc="0" uspid="3200" ordinal="3" offset="20" sl="174" sc="9" el="174" ec="66" bec="2" bev="0" fileid="103" />
                <SequencePoint vc="0" uspid="3201" ordinal="4" offset="51" sl="175" sc="11" el="175" ec="41" bec="0" bev="0" fileid="103" />
                <SequencePoint vc="0" uspid="3202" ordinal="5" offset="68" sl="176" sc="7" el="176" ec="8" bec="0" bev="0" fileid="103" />
              </SequencePoints>
              <BranchPoints>
                <BranchPoint vc="0" uspid="3203" ordinal="0" offset="49" sl="174" path="0" offsetend="51" fileid="103" />
                <BranchPoint vc="0" uspid="3204" ordinal="1" offset="49" sl="174" path="1" offsetend="68" fileid="103" />
              </BranchPoints>
              <MethodPoint xsi:type="SequencePoint" vc="0" uspid="3197" ordinal="0" offset="0" sl="169" sc="7" el="169" ec="78" bec="0" bev="0" fileid="103" />
            </Method>
            <Method visited="false" cyclomaticComplexity="2" nPathComplexity="2" sequenceCoverage="0" branchCoverage="0" isConstructor="false" isStatic="false" isGetter="false" isSetter="false">
              <Summary numSequencePoints="3" visitedSequencePoints="0" numBranchPoints="3" visitedBranchPoints="0" sequenceCoverage="0" branchCoverage="0" maxCyclomaticComplexity="2" minCyclomaticComplexity="2" visitedClasses="0" numClasses="0" visitedMethods="0" numMethods="1" />
              <MetadataToken>100666322</MetadataToken>
              <Name>System.Void IBM.Watson.DeveloperCloud.Services.ToneAnalyzer.v3.ToneAnalyzer/CheckServiceStatus::OnGetToneAnalyzed(IBM.Watson.DeveloperCloud.Services.ToneAnalyzer.v3.ToneAnalyzerResponse,System.String)</Name>
              <FileRef uid="103" />
              <SequencePoints>
                <SequencePoint vc="0" uspid="3205" ordinal="0" offset="0" sl="180" sc="9" el="180" ec="32" bec="2" bev="0" fileid="103" />
                <SequencePoint vc="0" uspid="3206" ordinal="1" offset="8" sl="181" sc="11" el="181" ec="48" bec="0" bev="0" fileid="103" />
                <SequencePoint vc="0" uspid="3207" ordinal="2" offset="28" sl="182" sc="7" el="182" ec="8" bec="0" bev="0" fileid="103" />
              </SequencePoints>
              <BranchPoints>
                <BranchPoint vc="0" uspid="3208" ordinal="0" offset="6" sl="180" path="0" offsetend="8" fileid="103" />
                <BranchPoint vc="0" uspid="3209" ordinal="1" offset="6" sl="180" path="1" offsetend="28" fileid="103" />
              </BranchPoints>
              <MethodPoint xsi:type="SequencePoint" vc="0" uspid="3205" ordinal="0" offset="0" sl="180" sc="9" el="180" ec="32" bec="2" bev="0" fileid="103" />
            </Method>
          </Methods>
        </Class>
        <Class>
          <Summary numSequencePoints="0" visitedSequencePoints="0" numBranchPoints="0" visitedBranchPoints="0" sequenceCoverage="0" branchCoverage="0" maxCyclomaticComplexity="1" minCyclomaticComplexity="1" visitedClasses="0" numClasses="0" visitedMethods="0" numMethods="0" />
          <FullName>IBM.Watson.DeveloperCloud.Services.TextToSpeech.v1.Voice</FullName>
          <Methods>
            <Method visited="true" cyclomaticComplexity="1" nPathComplexity="0" sequenceCoverage="0" branchCoverage="0" isConstructor="true" isStatic="false" isGetter="false" isSetter="false">
              <Summary numSequencePoints="0" visitedSequencePoints="0" numBranchPoints="0" visitedBranchPoints="0" sequenceCoverage="0" branchCoverage="0" maxCyclomaticComplexity="1" minCyclomaticComplexity="1" visitedClasses="0" numClasses="0" visitedMethods="0" numMethods="0" />
              <MetadataToken>100664301</MetadataToken>
              <Name>System.Void IBM.Watson.DeveloperCloud.Services.TextToSpeech.v1.Voice::.ctor()</Name>
              <SequencePoints />
              <BranchPoints />
              <MethodPoint vc="15" uspid="3210" ordinal="0" offset="0" />
            </Method>
          </Methods>
        </Class>
        <Class>
          <Summary numSequencePoints="0" visitedSequencePoints="0" numBranchPoints="0" visitedBranchPoints="0" sequenceCoverage="0" branchCoverage="0" maxCyclomaticComplexity="1" minCyclomaticComplexity="1" visitedClasses="0" numClasses="0" visitedMethods="0" numMethods="0" />
          <FullName>IBM.Watson.DeveloperCloud.Services.TextToSpeech.v1.Voices</FullName>
          <Methods>
            <Method visited="true" cyclomaticComplexity="1" nPathComplexity="0" sequenceCoverage="0" branchCoverage="0" isConstructor="true" isStatic="false" isGetter="false" isSetter="false">
              <Summary numSequencePoints="0" visitedSequencePoints="0" numBranchPoints="0" visitedBranchPoints="0" sequenceCoverage="0" branchCoverage="0" maxCyclomaticComplexity="1" minCyclomaticComplexity="1" visitedClasses="0" numClasses="0" visitedMethods="0" numMethods="0" />
              <MetadataToken>100664305</MetadataToken>
              <Name>System.Void IBM.Watson.DeveloperCloud.Services.TextToSpeech.v1.Voices::.ctor()</Name>
              <SequencePoints />
              <BranchPoints />
              <MethodPoint vc="1" uspid="3211" ordinal="0" offset="0" />
            </Method>
          </Methods>
        </Class>
        <Class>
          <Summary numSequencePoints="0" visitedSequencePoints="0" numBranchPoints="0" visitedBranchPoints="0" sequenceCoverage="0" branchCoverage="0" maxCyclomaticComplexity="1" minCyclomaticComplexity="1" visitedClasses="0" numClasses="0" visitedMethods="0" numMethods="0" />
          <FullName>IBM.Watson.DeveloperCloud.Services.TextToSpeech.v1.Pronunciation</FullName>
          <Methods>
            <Method visited="true" cyclomaticComplexity="1" nPathComplexity="0" sequenceCoverage="0" branchCoverage="0" isConstructor="true" isStatic="false" isGetter="false" isSetter="false">
              <Summary numSequencePoints="0" visitedSequencePoints="0" numBranchPoints="0" visitedBranchPoints="0" sequenceCoverage="0" branchCoverage="0" maxCyclomaticComplexity="1" minCyclomaticComplexity="1" visitedClasses="0" numClasses="0" visitedMethods="0" numMethods="0" />
              <MetadataToken>100664308</MetadataToken>
              <Name>System.Void IBM.Watson.DeveloperCloud.Services.TextToSpeech.v1.Pronunciation::.ctor()</Name>
              <SequencePoints />
              <BranchPoints />
              <MethodPoint vc="1" uspid="3212" ordinal="0" offset="0" />
            </Method>
          </Methods>
        </Class>
        <Class>
          <Summary numSequencePoints="0" visitedSequencePoints="0" numBranchPoints="0" visitedBranchPoints="0" sequenceCoverage="0" branchCoverage="0" maxCyclomaticComplexity="1" minCyclomaticComplexity="1" visitedClasses="0" numClasses="0" visitedMethods="0" numMethods="0" />
          <FullName>IBM.Watson.DeveloperCloud.Services.TextToSpeech.v1.Customizations</FullName>
          <Methods>
            <Method visited="true" cyclomaticComplexity="1" nPathComplexity="0" sequenceCoverage="0" branchCoverage="0" isConstructor="true" isStatic="false" isGetter="false" isSetter="false">
              <Summary numSequencePoints="0" visitedSequencePoints="0" numBranchPoints="0" visitedBranchPoints="0" sequenceCoverage="0" branchCoverage="0" maxCyclomaticComplexity="1" minCyclomaticComplexity="1" visitedClasses="0" numClasses="0" visitedMethods="0" numMethods="0" />
              <MetadataToken>100664312</MetadataToken>
              <Name>System.Void IBM.Watson.DeveloperCloud.Services.TextToSpeech.v1.Customizations::.ctor()</Name>
              <SequencePoints />
              <BranchPoints />
              <MethodPoint vc="1" uspid="3213" ordinal="0" offset="0" />
            </Method>
          </Methods>
        </Class>
        <Class>
          <Summary numSequencePoints="0" visitedSequencePoints="0" numBranchPoints="0" visitedBranchPoints="0" sequenceCoverage="0" branchCoverage="0" maxCyclomaticComplexity="1" minCyclomaticComplexity="1" visitedClasses="0" numClasses="0" visitedMethods="0" numMethods="0" />
          <FullName>IBM.Watson.DeveloperCloud.Services.TextToSpeech.v1.Customization</FullName>
          <Methods>
            <Method visited="true" cyclomaticComplexity="1" nPathComplexity="0" sequenceCoverage="0" branchCoverage="0" isConstructor="true" isStatic="false" isGetter="false" isSetter="false">
              <Summary numSequencePoints="0" visitedSequencePoints="0" numBranchPoints="0" visitedBranchPoints="0" sequenceCoverage="0" branchCoverage="0" maxCyclomaticComplexity="1" minCyclomaticComplexity="1" visitedClasses="0" numClasses="0" visitedMethods="0" numMethods="0" />
              <MetadataToken>100664328</MetadataToken>
              <Name>System.Void IBM.Watson.DeveloperCloud.Services.TextToSpeech.v1.Customization::.ctor()</Name>
              <SequencePoints />
              <BranchPoints />
              <MethodPoint vc="12" uspid="3214" ordinal="0" offset="0" />
            </Method>
          </Methods>
        </Class>
        <Class>
          <Summary numSequencePoints="0" visitedSequencePoints="0" numBranchPoints="0" visitedBranchPoints="0" sequenceCoverage="0" branchCoverage="0" maxCyclomaticComplexity="1" minCyclomaticComplexity="1" visitedClasses="0" numClasses="0" visitedMethods="0" numMethods="0" />
          <FullName>IBM.Watson.DeveloperCloud.Services.TextToSpeech.v1.CustomizationID</FullName>
          <Methods>
            <Method visited="true" cyclomaticComplexity="1" nPathComplexity="0" sequenceCoverage="0" branchCoverage="0" isConstructor="true" isStatic="false" isGetter="false" isSetter="false">
              <Summary numSequencePoints="0" visitedSequencePoints="0" numBranchPoints="0" visitedBranchPoints="0" sequenceCoverage="0" branchCoverage="0" maxCyclomaticComplexity="1" minCyclomaticComplexity="1" visitedClasses="0" numClasses="0" visitedMethods="0" numMethods="0" />
              <MetadataToken>100664331</MetadataToken>
              <Name>System.Void IBM.Watson.DeveloperCloud.Services.TextToSpeech.v1.CustomizationID::.ctor()</Name>
              <SequencePoints />
              <BranchPoints />
              <MethodPoint vc="1" uspid="3215" ordinal="0" offset="0" />
            </Method>
          </Methods>
        </Class>
        <Class>
          <Summary numSequencePoints="0" visitedSequencePoints="0" numBranchPoints="0" visitedBranchPoints="0" sequenceCoverage="0" branchCoverage="0" maxCyclomaticComplexity="1" minCyclomaticComplexity="1" visitedClasses="0" numClasses="0" visitedMethods="0" numMethods="0" />
          <FullName>IBM.Watson.DeveloperCloud.Services.TextToSpeech.v1.CustomVoice</FullName>
          <Methods>
            <Method visited="true" cyclomaticComplexity="1" nPathComplexity="0" sequenceCoverage="0" branchCoverage="0" isConstructor="true" isStatic="false" isGetter="false" isSetter="false">
              <Summary numSequencePoints="0" visitedSequencePoints="0" numBranchPoints="0" visitedBranchPoints="0" sequenceCoverage="0" branchCoverage="0" maxCyclomaticComplexity="1" minCyclomaticComplexity="1" visitedClasses="0" numClasses="0" visitedMethods="0" numMethods="0" />
              <MetadataToken>100664338</MetadataToken>
              <Name>System.Void IBM.Watson.DeveloperCloud.Services.TextToSpeech.v1.CustomVoice::.ctor()</Name>
              <SequencePoints />
              <BranchPoints />
              <MethodPoint vc="1" uspid="3216" ordinal="0" offset="0" />
            </Method>
          </Methods>
        </Class>
        <Class>
          <Summary numSequencePoints="0" visitedSequencePoints="0" numBranchPoints="0" visitedBranchPoints="0" sequenceCoverage="0" branchCoverage="0" maxCyclomaticComplexity="1" minCyclomaticComplexity="1" visitedClasses="0" numClasses="0" visitedMethods="0" numMethods="0" />
          <FullName>IBM.Watson.DeveloperCloud.Services.TextToSpeech.v1.CustomizationWords</FullName>
          <Methods>
            <Method visited="false" cyclomaticComplexity="1" nPathComplexity="0" sequenceCoverage="0" branchCoverage="0" isConstructor="true" isStatic="false" isGetter="false" isSetter="false">
              <Summary numSequencePoints="0" visitedSequencePoints="0" numBranchPoints="0" visitedBranchPoints="0" sequenceCoverage="0" branchCoverage="0" maxCyclomaticComplexity="1" minCyclomaticComplexity="1" visitedClasses="0" numClasses="0" visitedMethods="0" numMethods="0" />
              <MetadataToken>100664355</MetadataToken>
              <Name>System.Void IBM.Watson.DeveloperCloud.Services.TextToSpeech.v1.CustomizationWords::.ctor()</Name>
              <SequencePoints />
              <BranchPoints />
              <MethodPoint vc="0" uspid="3217" ordinal="0" offset="0" />
            </Method>
          </Methods>
        </Class>
        <Class>
          <Summary numSequencePoints="0" visitedSequencePoints="0" numBranchPoints="0" visitedBranchPoints="0" sequenceCoverage="0" branchCoverage="0" maxCyclomaticComplexity="1" minCyclomaticComplexity="1" visitedClasses="0" numClasses="0" visitedMethods="0" numMethods="0" />
          <FullName>IBM.Watson.DeveloperCloud.Services.TextToSpeech.v1.Words</FullName>
          <Methods>
            <Method visited="true" cyclomaticComplexity="1" nPathComplexity="0" sequenceCoverage="0" branchCoverage="0" isConstructor="true" isStatic="false" isGetter="false" isSetter="false">
              <Summary numSequencePoints="0" visitedSequencePoints="0" numBranchPoints="0" visitedBranchPoints="0" sequenceCoverage="0" branchCoverage="0" maxCyclomaticComplexity="1" minCyclomaticComplexity="1" visitedClasses="0" numClasses="0" visitedMethods="0" numMethods="0" />
              <MetadataToken>100664359</MetadataToken>
              <Name>System.Void IBM.Watson.DeveloperCloud.Services.TextToSpeech.v1.Words::.ctor()</Name>
              <SequencePoints />
              <BranchPoints />
              <MethodPoint vc="2" uspid="3218" ordinal="0" offset="0" />
            </Method>
          </Methods>
        </Class>
        <Class>
          <Summary numSequencePoints="0" visitedSequencePoints="0" numBranchPoints="0" visitedBranchPoints="0" sequenceCoverage="0" branchCoverage="0" maxCyclomaticComplexity="1" minCyclomaticComplexity="1" visitedClasses="0" numClasses="0" visitedMethods="0" numMethods="0" />
          <FullName>IBM.Watson.DeveloperCloud.Services.TextToSpeech.v1.Word</FullName>
          <Methods>
            <Method visited="true" cyclomaticComplexity="1" nPathComplexity="0" sequenceCoverage="0" branchCoverage="0" isConstructor="true" isStatic="false" isGetter="false" isSetter="false">
              <Summary numSequencePoints="0" visitedSequencePoints="0" numBranchPoints="0" visitedBranchPoints="0" sequenceCoverage="0" branchCoverage="0" maxCyclomaticComplexity="1" minCyclomaticComplexity="1" visitedClasses="0" numClasses="0" visitedMethods="0" numMethods="0" />
              <MetadataToken>100664364</MetadataToken>
              <Name>System.Void IBM.Watson.DeveloperCloud.Services.TextToSpeech.v1.Word::.ctor()</Name>
              <SequencePoints />
              <BranchPoints />
              <MethodPoint vc="3" uspid="3219" ordinal="0" offset="0" />
            </Method>
          </Methods>
        </Class>
        <Class>
          <Summary numSequencePoints="0" visitedSequencePoints="0" numBranchPoints="0" visitedBranchPoints="0" sequenceCoverage="0" branchCoverage="0" maxCyclomaticComplexity="1" minCyclomaticComplexity="1" visitedClasses="0" numClasses="0" visitedMethods="0" numMethods="0" />
          <FullName>IBM.Watson.DeveloperCloud.Services.TextToSpeech.v1.CustomVoiceUpdate</FullName>
          <Methods>
            <Method visited="true" cyclomaticComplexity="1" nPathComplexity="0" sequenceCoverage="0" branchCoverage="0" isConstructor="true" isStatic="false" isGetter="false" isSetter="false">
              <Summary numSequencePoints="0" visitedSequencePoints="0" numBranchPoints="0" visitedBranchPoints="0" sequenceCoverage="0" branchCoverage="0" maxCyclomaticComplexity="1" minCyclomaticComplexity="1" visitedClasses="0" numClasses="0" visitedMethods="0" numMethods="0" />
              <MetadataToken>100664372</MetadataToken>
              <Name>System.Void IBM.Watson.DeveloperCloud.Services.TextToSpeech.v1.CustomVoiceUpdate::.ctor()</Name>
              <SequencePoints />
              <BranchPoints />
              <MethodPoint vc="1" uspid="3220" ordinal="0" offset="0" />
            </Method>
          </Methods>
        </Class>
        <Class>
          <Summary numSequencePoints="0" visitedSequencePoints="0" numBranchPoints="0" visitedBranchPoints="0" sequenceCoverage="0" branchCoverage="0" maxCyclomaticComplexity="1" minCyclomaticComplexity="1" visitedClasses="0" numClasses="0" visitedMethods="0" numMethods="0" />
          <FullName>IBM.Watson.DeveloperCloud.Services.TextToSpeech.v1.Translation</FullName>
          <Methods>
            <Method visited="true" cyclomaticComplexity="1" nPathComplexity="0" sequenceCoverage="0" branchCoverage="0" isConstructor="true" isStatic="false" isGetter="false" isSetter="false">
              <Summary numSequencePoints="0" visitedSequencePoints="0" numBranchPoints="0" visitedBranchPoints="0" sequenceCoverage="0" branchCoverage="0" maxCyclomaticComplexity="1" minCyclomaticComplexity="1" visitedClasses="0" numClasses="0" visitedMethods="0" numMethods="0" />
              <MetadataToken>100664375</MetadataToken>
              <Name>System.Void IBM.Watson.DeveloperCloud.Services.TextToSpeech.v1.Translation::.ctor()</Name>
              <SequencePoints />
              <BranchPoints />
              <MethodPoint vc="1" uspid="3221" ordinal="0" offset="0" />
            </Method>
          </Methods>
        </Class>
        <Class>
          <Summary numSequencePoints="0" visitedSequencePoints="0" numBranchPoints="0" visitedBranchPoints="0" sequenceCoverage="0" branchCoverage="0" maxCyclomaticComplexity="1" minCyclomaticComplexity="1" visitedClasses="0" numClasses="0" visitedMethods="0" numMethods="0" />
          <FullName>IBM.Watson.DeveloperCloud.Services.TextToSpeech.v1.ErrorModel</FullName>
          <Methods>
            <Method visited="false" cyclomaticComplexity="1" nPathComplexity="0" sequenceCoverage="0" branchCoverage="0" isConstructor="true" isStatic="false" isGetter="false" isSetter="false">
              <Summary numSequencePoints="0" visitedSequencePoints="0" numBranchPoints="0" visitedBranchPoints="0" sequenceCoverage="0" branchCoverage="0" maxCyclomaticComplexity="1" minCyclomaticComplexity="1" visitedClasses="0" numClasses="0" visitedMethods="0" numMethods="0" />
              <MetadataToken>100664382</MetadataToken>
              <Name>System.Void IBM.Watson.DeveloperCloud.Services.TextToSpeech.v1.ErrorModel::.ctor()</Name>
              <SequencePoints />
              <BranchPoints />
              <MethodPoint vc="0" uspid="3222" ordinal="0" offset="0" />
            </Method>
          </Methods>
        </Class>
        <Class>
          <Summary numSequencePoints="462" visitedSequencePoints="292" numBranchPoints="258" visitedBranchPoints="124" sequenceCoverage="63.20" branchCoverage="48.06" maxCyclomaticComplexity="10" minCyclomaticComplexity="1" visitedClasses="1" numClasses="1" visitedMethods="30" numMethods="40" />
          <FullName>IBM.Watson.DeveloperCloud.Services.TextToSpeech.v1.TextToSpeech</FullName>
          <Methods>
            <Method visited="true" cyclomaticComplexity="1" nPathComplexity="0" sequenceCoverage="100" branchCoverage="100" isConstructor="false" isStatic="false" isGetter="true" isSetter="false">
              <Summary numSequencePoints="1" visitedSequencePoints="1" numBranchPoints="1" visitedBranchPoints="1" sequenceCoverage="100" branchCoverage="100" maxCyclomaticComplexity="1" minCyclomaticComplexity="1" visitedClasses="0" numClasses="0" visitedMethods="1" numMethods="1" />
              <MetadataToken>100664383</MetadataToken>
              <Name>System.Boolean IBM.Watson.DeveloperCloud.Services.TextToSpeech.v1.TextToSpeech::get_DisableCache()</Name>
              <FileRef uid="119" />
              <SequencePoints>
                <SequencePoint vc="2" uspid="3223" ordinal="0" offset="0" sl="73" sc="32" el="73" ec="36" bec="0" bev="0" fileid="119" />
              </SequencePoints>
              <BranchPoints />
              <MethodPoint xsi:type="SequencePoint" vc="2" uspid="3223" ordinal="0" offset="0" sl="73" sc="32" el="73" ec="36" bec="0" bev="0" fileid="119" />
            </Method>
            <Method visited="false" cyclomaticComplexity="1" nPathComplexity="0" sequenceCoverage="0" branchCoverage="0" isConstructor="false" isStatic="false" isGetter="false" isSetter="true">
              <Summary numSequencePoints="1" visitedSequencePoints="0" numBranchPoints="1" visitedBranchPoints="0" sequenceCoverage="0" branchCoverage="0" maxCyclomaticComplexity="1" minCyclomaticComplexity="1" visitedClasses="0" numClasses="0" visitedMethods="0" numMethods="1" />
              <MetadataToken>100664384</MetadataToken>
              <Name>System.Void IBM.Watson.DeveloperCloud.Services.TextToSpeech.v1.TextToSpeech::set_DisableCache(System.Boolean)</Name>
              <FileRef uid="119" />
              <SequencePoints>
                <SequencePoint vc="0" uspid="3224" ordinal="0" offset="0" sl="73" sc="37" el="73" ec="41" bec="0" bev="0" fileid="119" />
              </SequencePoints>
              <BranchPoints />
              <MethodPoint xsi:type="SequencePoint" vc="0" uspid="3224" ordinal="0" offset="0" sl="73" sc="37" el="73" ec="41" bec="0" bev="0" fileid="119" />
            </Method>
            <Method visited="false" cyclomaticComplexity="1" nPathComplexity="0" sequenceCoverage="0" branchCoverage="0" isConstructor="false" isStatic="false" isGetter="true" isSetter="false">
              <Summary numSequencePoints="1" visitedSequencePoints="0" numBranchPoints="1" visitedBranchPoints="0" sequenceCoverage="0" branchCoverage="0" maxCyclomaticComplexity="1" minCyclomaticComplexity="1" visitedClasses="0" numClasses="0" visitedMethods="0" numMethods="1" />
              <MetadataToken>100664385</MetadataToken>
              <Name>IBM.Watson.DeveloperCloud.Services.TextToSpeech.v1.AudioFormatType IBM.Watson.DeveloperCloud.Services.TextToSpeech.v1.TextToSpeech::get_AudioFormat()</Name>
              <FileRef uid="119" />
              <SequencePoints>
                <SequencePoint vc="0" uspid="3225" ordinal="0" offset="0" sl="77" sc="48" el="77" ec="69" bec="0" bev="0" fileid="119" />
              </SequencePoints>
              <BranchPoints />
              <MethodPoint xsi:type="SequencePoint" vc="0" uspid="3225" ordinal="0" offset="0" sl="77" sc="48" el="77" ec="69" bec="0" bev="0" fileid="119" />
            </Method>
            <Method visited="false" cyclomaticComplexity="1" nPathComplexity="0" sequenceCoverage="0" branchCoverage="0" isConstructor="false" isStatic="false" isGetter="false" isSetter="true">
              <Summary numSequencePoints="2" visitedSequencePoints="0" numBranchPoints="1" visitedBranchPoints="0" sequenceCoverage="0" branchCoverage="0" maxCyclomaticComplexity="1" minCyclomaticComplexity="1" visitedClasses="0" numClasses="0" visitedMethods="0" numMethods="1" />
              <MetadataToken>100664386</MetadataToken>
              <Name>System.Void IBM.Watson.DeveloperCloud.Services.TextToSpeech.v1.TextToSpeech::set_AudioFormat(IBM.Watson.DeveloperCloud.Services.TextToSpeech.v1.AudioFormatType)</Name>
              <FileRef uid="119" />
              <SequencePoints>
                <SequencePoint vc="0" uspid="3226" ordinal="0" offset="0" sl="77" sc="78" el="77" ec="100" bec="0" bev="0" fileid="119" />
                <SequencePoint vc="0" uspid="3227" ordinal="1" offset="7" sl="77" sc="101" el="77" ec="102" bec="0" bev="0" fileid="119" />
              </SequencePoints>
              <BranchPoints />
              <MethodPoint xsi:type="SequencePoint" vc="0" uspid="3226" ordinal="0" offset="0" sl="77" sc="78" el="77" ec="100" bec="0" bev="0" fileid="119" />
            </Method>
            <Method visited="false" cyclomaticComplexity="1" nPathComplexity="0" sequenceCoverage="0" branchCoverage="0" isConstructor="false" isStatic="false" isGetter="true" isSetter="false">
              <Summary numSequencePoints="1" visitedSequencePoints="0" numBranchPoints="1" visitedBranchPoints="0" sequenceCoverage="0" branchCoverage="0" maxCyclomaticComplexity="1" minCyclomaticComplexity="1" visitedClasses="0" numClasses="0" visitedMethods="0" numMethods="1" />
              <MetadataToken>100664387</MetadataToken>
              <Name>IBM.Watson.DeveloperCloud.Services.TextToSpeech.v1.VoiceType IBM.Watson.DeveloperCloud.Services.TextToSpeech.v1.TextToSpeech::get_Voice()</Name>
              <FileRef uid="119" />
              <SequencePoints>
                <SequencePoint vc="0" uspid="3228" ordinal="0" offset="0" sl="83" sc="13" el="83" ec="28" bec="0" bev="0" fileid="119" />
              </SequencePoints>
              <BranchPoints />
              <MethodPoint xsi:type="SequencePoint" vc="0" uspid="3228" ordinal="0" offset="0" sl="83" sc="13" el="83" ec="28" bec="0" bev="0" fileid="119" />
            </Method>
            <Method visited="false" cyclomaticComplexity="2" nPathComplexity="2" sequenceCoverage="0" branchCoverage="0" isConstructor="false" isStatic="false" isGetter="false" isSetter="true">
              <Summary numSequencePoints="4" visitedSequencePoints="0" numBranchPoints="3" visitedBranchPoints="0" sequenceCoverage="0" branchCoverage="0" maxCyclomaticComplexity="2" minCyclomaticComplexity="2" visitedClasses="0" numClasses="0" visitedMethods="0" numMethods="1" />
              <MetadataToken>100664388</MetadataToken>
              <Name>System.Void IBM.Watson.DeveloperCloud.Services.TextToSpeech.v1.TextToSpeech::set_Voice(IBM.Watson.DeveloperCloud.Services.TextToSpeech.v1.VoiceType)</Name>
              <FileRef uid="119" />
              <SequencePoints>
                <SequencePoint vc="0" uspid="3229" ordinal="0" offset="0" sl="86" sc="9" el="86" ec="30" bec="2" bev="0" fileid="119" />
                <SequencePoint vc="0" uspid="3230" ordinal="1" offset="9" sl="88" sc="11" el="88" ec="27" bec="0" bev="0" fileid="119" />
                <SequencePoint vc="0" uspid="3231" ordinal="2" offset="16" sl="89" sc="11" el="89" ec="32" bec="0" bev="0" fileid="119" />
                <SequencePoint vc="0" uspid="3232" ordinal="3" offset="23" sl="91" sc="7" el="91" ec="8" bec="0" bev="0" fileid="119" />
              </SequencePoints>
              <BranchPoints>
                <BranchPoint vc="0" uspid="3233" ordinal="0" offset="7" sl="86" path="0" offsetend="9" fileid="119" />
                <BranchPoint vc="0" uspid="3234" ordinal="1" offset="7" sl="86" path="1" offsetend="23" fileid="119" />
              </BranchPoints>
              <MethodPoint xsi:type="SequencePoint" vc="0" uspid="3229" ordinal="0" offset="0" sl="86" sc="9" el="86" ec="30" bec="2" bev="0" fileid="119" />
            </Method>
            <Method visited="true" cyclomaticComplexity="2" nPathComplexity="2" sequenceCoverage="66.67" branchCoverage="66.67" isConstructor="false" isStatic="false" isGetter="false" isSetter="false">
              <Summary numSequencePoints="6" visitedSequencePoints="4" numBranchPoints="3" visitedBranchPoints="2" sequenceCoverage="66.67" branchCoverage="66.67" maxCyclomaticComplexity="2" minCyclomaticComplexity="2" visitedClasses="0" numClasses="0" visitedMethods="1" numMethods="1" />
              <MetadataToken>100664389</MetadataToken>
              <Name>System.String IBM.Watson.DeveloperCloud.Services.TextToSpeech.v1.TextToSpeech::GetVoiceType(IBM.Watson.DeveloperCloud.Services.TextToSpeech.v1.VoiceType)</Name>
              <FileRef uid="119" />
              <SequencePoints>
                <SequencePoint vc="2" uspid="3235" ordinal="0" offset="0" sl="98" sc="7" el="98" ec="47" bec="2" bev="1" fileid="119" />
                <SequencePoint vc="2" uspid="3236" ordinal="1" offset="14" sl="100" sc="9" el="100" ec="31" bec="0" bev="0" fileid="119" />
                <SequencePoint vc="2" uspid="3237" ordinal="2" offset="20" sl="101" sc="9" el="101" ec="60" bec="0" bev="0" fileid="119" />
                <SequencePoint vc="2" uspid="3238" ordinal="3" offset="35" sl="102" sc="9" el="102" ec="26" bec="0" bev="0" fileid="119" />
                <SequencePoint vc="0" uspid="3239" ordinal="4" offset="37" sl="106" sc="9" el="106" ec="82" bec="0" bev="0" fileid="119" />
                <SequencePoint vc="0" uspid="3240" ordinal="5" offset="67" sl="107" sc="9" el="107" ec="21" bec="0" bev="0" fileid="119" />
              </SequencePoints>
              <BranchPoints>
                <BranchPoint vc="2" uspid="3241" ordinal="0" offset="12" sl="98" path="0" offsetend="14" fileid="119" />
                <BranchPoint vc="0" uspid="3242" ordinal="1" offset="12" sl="98" path="1" offsetend="37" fileid="119" />
              </BranchPoints>
              <MethodPoint xsi:type="SequencePoint" vc="2" uspid="3235" ordinal="0" offset="0" sl="98" sc="7" el="98" ec="47" bec="2" bev="1" fileid="119" />
            </Method>
            <Method visited="true" cyclomaticComplexity="3" nPathComplexity="4" sequenceCoverage="77.78" branchCoverage="60" isConstructor="false" isStatic="false" isGetter="false" isSetter="false">
              <Summary numSequencePoints="9" visitedSequencePoints="7" numBranchPoints="5" visitedBranchPoints="3" sequenceCoverage="77.78" branchCoverage="60" maxCyclomaticComplexity="3" minCyclomaticComplexity="3" visitedClasses="0" numClasses="0" visitedMethods="1" numMethods="1" />
              <MetadataToken>100664390</MetadataToken>
              <Name>System.Boolean IBM.Watson.DeveloperCloud.Services.TextToSpeech.v1.TextToSpeech::GetVoices(IBM.Watson.DeveloperCloud.Services.TextToSpeech.v1.TextToSpeech/GetVoicesCallback)</Name>
              <FileRef uid="119" />
              <SequencePoints>
                <SequencePoint vc="1" uspid="3243" ordinal="0" offset="0" sl="125" sc="7" el="125" ec="28" bec="2" bev="1" fileid="119" />
                <SequencePoint vc="0" uspid="3244" ordinal="1" offset="3" sl="126" sc="9" el="126" ec="53" bec="0" bev="0" fileid="119" />
                <SequencePoint vc="1" uspid="3245" ordinal="2" offset="14" sl="128" sc="7" el="128" ec="86" bec="0" bev="0" fileid="119" />
                <SequencePoint vc="1" uspid="3246" ordinal="3" offset="31" sl="129" sc="7" el="129" ec="29" bec="2" bev="1" fileid="119" />
                <SequencePoint vc="0" uspid="3247" ordinal="4" offset="34" sl="130" sc="9" el="130" ec="22" bec="0" bev="0" fileid="119" />
                <SequencePoint vc="1" uspid="3248" ordinal="5" offset="36" sl="132" sc="7" el="132" ec="45" bec="0" bev="0" fileid="119" />
                <SequencePoint vc="1" uspid="3249" ordinal="6" offset="42" sl="133" sc="7" el="133" ec="31" bec="0" bev="0" fileid="119" />
                <SequencePoint vc="1" uspid="3250" ordinal="7" offset="49" sl="134" sc="7" el="134" ec="40" bec="0" bev="0" fileid="119" />
                <SequencePoint vc="1" uspid="3251" ordinal="8" offset="67" sl="136" sc="7" el="136" ec="34" bec="0" bev="0" fileid="119" />
              </SequencePoints>
              <BranchPoints>
                <BranchPoint vc="0" uspid="3252" ordinal="0" offset="1" sl="125" path="0" offsetend="3" fileid="119" />
                <BranchPoint vc="1" uspid="3253" ordinal="1" offset="1" sl="125" path="1" offsetend="14" fileid="119" />
                <BranchPoint vc="0" uspid="3254" ordinal="2" offset="32" sl="129" path="0" offsetend="34" fileid="119" />
                <BranchPoint vc="1" uspid="3255" ordinal="3" offset="32" sl="129" path="1" offsetend="36" fileid="119" />
              </BranchPoints>
              <MethodPoint xsi:type="SequencePoint" vc="1" uspid="3243" ordinal="0" offset="0" sl="125" sc="7" el="125" ec="28" bec="2" bev="1" fileid="119" />
            </Method>
            <Method visited="true" cyclomaticComplexity="7" nPathComplexity="32" sequenceCoverage="66.67" branchCoverage="54.55" isConstructor="false" isStatic="false" isGetter="false" isSetter="false">
              <Summary numSequencePoints="18" visitedSequencePoints="12" numBranchPoints="11" visitedBranchPoints="6" sequenceCoverage="66.67" branchCoverage="54.55" maxCyclomaticComplexity="7" minCyclomaticComplexity="7" visitedClasses="0" numClasses="0" visitedMethods="1" numMethods="1" />
              <MetadataToken>100664391</MetadataToken>
              <Name>System.Void IBM.Watson.DeveloperCloud.Services.TextToSpeech.v1.TextToSpeech::OnGetVoicesResp(IBM.Watson.DeveloperCloud.Connection.RESTConnector/Request,IBM.Watson.DeveloperCloud.Connection.RESTConnector/Response)</Name>
              <FileRef uid="119" />
              <SequencePoints>
                <SequencePoint vc="1" uspid="3256" ordinal="0" offset="0" sl="144" sc="7" el="144" ec="36" bec="0" bev="0" fileid="119" />
                <SequencePoint vc="1" uspid="3257" ordinal="1" offset="6" sl="145" sc="7" el="145" ec="24" bec="2" bev="1" fileid="119" />
                <SequencePoint vc="1" uspid="3258" ordinal="2" offset="17" sl="149" sc="11" el="149" ec="30" bec="0" bev="0" fileid="119" />
                <SequencePoint vc="1" uspid="3259" ordinal="3" offset="19" sl="150" sc="11" el="150" ec="89" bec="0" bev="0" fileid="119" />
                <SequencePoint vc="1" uspid="3260" ordinal="4" offset="43" sl="151" sc="11" el="151" ec="28" bec="2" bev="1" fileid="119" />
                <SequencePoint vc="0" uspid="3261" ordinal="5" offset="52" sl="152" sc="13" el="152" ec="60" bec="0" bev="0" fileid="119" />
                <SequencePoint vc="1" uspid="3262" ordinal="6" offset="65" sl="154" sc="11" el="154" ec="31" bec="0" bev="0" fileid="119" />
                <SequencePoint vc="1" uspid="3263" ordinal="7" offset="67" sl="155" sc="11" el="155" ec="74" bec="0" bev="0" fileid="119" />
                <SequencePoint vc="1" uspid="3264" ordinal="8" offset="87" sl="156" sc="11" el="156" ec="28" bec="2" bev="1" fileid="119" />
                <SequencePoint vc="0" uspid="3265" ordinal="9" offset="96" sl="157" sc="13" el="157" ec="60" bec="0" bev="0" fileid="119" />
                <SequencePoint vc="1" uspid="3266" ordinal="10" offset="109" sl="158" sc="9" el="158" ec="10" bec="0" bev="0" fileid="119" />
                <SequencePoint vc="0" uspid="3267" ordinal="11" offset="111" sl="159" sc="9" el="159" ec="28" bec="0" bev="0" fileid="119" />
                <SequencePoint vc="0" uspid="3268" ordinal="12" offset="113" sl="161" sc="11" el="161" ec="94" bec="0" bev="0" fileid="119" />
                <SequencePoint vc="0" uspid="3269" ordinal="13" offset="144" sl="162" sc="11" el="162" ec="32" bec="0" bev="0" fileid="119" />
                <SequencePoint vc="0" uspid="3270" ordinal="14" offset="151" sl="163" sc="9" el="163" ec="10" bec="0" bev="0" fileid="119" />
                <SequencePoint vc="1" uspid="3271" ordinal="15" offset="153" sl="166" sc="7" el="166" ec="48" bec="2" bev="1" fileid="119" />
                <SequencePoint vc="1" uspid="3272" ordinal="16" offset="166" sl="167" sc="9" el="167" ec="68" bec="2" bev="1" fileid="119" />
                <SequencePoint vc="1" uspid="3273" ordinal="17" offset="194" sl="168" sc="5" el="168" ec="6" bec="0" bev="0" fileid="119" />
              </SequencePoints>
              <BranchPoints>
                <BranchPoint vc="1" uspid="3274" ordinal="0" offset="12" sl="145" path="0" offsetend="17" fileid="119" />
                <BranchPoint vc="0" uspid="3275" ordinal="1" offset="12" sl="145" path="1" offsetend="153" fileid="119" />
                <BranchPoint vc="0" uspid="3276" ordinal="2" offset="50" sl="151" path="0" offsetend="52" fileid="119" />
                <BranchPoint vc="1" uspid="3277" ordinal="3" offset="50" sl="151" path="1" offsetend="65" fileid="119" />
                <BranchPoint vc="0" uspid="3278" ordinal="4" offset="94" sl="156" path="0" offsetend="96" fileid="119" />
                <BranchPoint vc="1" uspid="3279" ordinal="5" offset="94" sl="156" path="1" offsetend="109" fileid="119" />
                <BranchPoint vc="1" uspid="3280" ordinal="6" offset="164" sl="166" path="0" offsetend="166" fileid="119" />
                <BranchPoint vc="0" uspid="3281" ordinal="7" offset="164" sl="166" path="1" offsetend="194" fileid="119" />
                <BranchPoint vc="0" uspid="3282" ordinal="8" offset="183" sl="167" path="0" offsetend="185" fileid="119" />
                <BranchPoint vc="1" uspid="3283" ordinal="9" offset="183" sl="167" path="1" offsetend="188" fileid="119" />
              </BranchPoints>
              <MethodPoint xsi:type="SequencePoint" vc="1" uspid="3256" ordinal="0" offset="0" sl="144" sc="7" el="144" ec="36" bec="0" bev="0" fileid="119" />
            </Method>
            <Method visited="true" cyclomaticComplexity="4" nPathComplexity="8" sequenceCoverage="75" branchCoverage="57.14" isConstructor="false" isStatic="false" isGetter="false" isSetter="false">
              <Summary numSequencePoints="12" visitedSequencePoints="9" numBranchPoints="7" visitedBranchPoints="4" sequenceCoverage="75" branchCoverage="57.14" maxCyclomaticComplexity="4" minCyclomaticComplexity="4" visitedClasses="0" numClasses="0" visitedMethods="1" numMethods="1" />
              <MetadataToken>100664392</MetadataToken>
              <Name>System.Boolean IBM.Watson.DeveloperCloud.Services.TextToSpeech.v1.TextToSpeech::GetVoice(IBM.Watson.DeveloperCloud.Services.TextToSpeech.v1.TextToSpeech/GetVoiceCallback,System.Nullable`1&lt;IBM.Watson.DeveloperCloud.Services.TextToSpeech.v1.VoiceType&gt;)</Name>
              <FileRef uid="119" />
              <SequencePoints>
                <SequencePoint vc="1" uspid="3284" ordinal="0" offset="0" sl="185" sc="7" el="185" ec="28" bec="2" bev="1" fileid="119" />
                <SequencePoint vc="0" uspid="3285" ordinal="1" offset="3" sl="186" sc="9" el="186" ec="53" bec="0" bev="0" fileid="119" />
                <SequencePoint vc="1" uspid="3286" ordinal="2" offset="14" sl="187" sc="7" el="187" ec="25" bec="2" bev="1" fileid="119" />
                <SequencePoint vc="0" uspid="3287" ordinal="3" offset="23" sl="188" sc="9" el="188" ec="25" bec="0" bev="0" fileid="119" />
                <SequencePoint vc="1" uspid="3288" ordinal="4" offset="36" sl="190" sc="7" el="190" ec="41" bec="0" bev="0" fileid="119" />
                <SequencePoint vc="1" uspid="3289" ordinal="5" offset="42" sl="191" sc="7" el="191" ec="128" bec="0" bev="0" fileid="119" />
                <SequencePoint vc="1" uspid="3290" ordinal="6" offset="73" sl="192" sc="7" el="192" ec="29" bec="2" bev="1" fileid="119" />
                <SequencePoint vc="0" uspid="3291" ordinal="7" offset="76" sl="193" sc="9" el="193" ec="22" bec="0" bev="0" fileid="119" />
                <SequencePoint vc="1" uspid="3292" ordinal="8" offset="78" sl="195" sc="7" el="195" ec="43" bec="0" bev="0" fileid="119" />
                <SequencePoint vc="1" uspid="3293" ordinal="9" offset="84" sl="196" sc="7" el="196" ec="31" bec="0" bev="0" fileid="119" />
                <SequencePoint vc="1" uspid="3294" ordinal="10" offset="91" sl="197" sc="7" el="197" ec="39" bec="0" bev="0" fileid="119" />
                <SequencePoint vc="1" uspid="3295" ordinal="11" offset="109" sl="199" sc="7" el="199" ec="34" bec="0" bev="0" fileid="119" />
              </SequencePoints>
              <BranchPoints>
                <BranchPoint vc="0" uspid="3296" ordinal="0" offset="1" sl="185" path="0" offsetend="3" fileid="119" />
                <BranchPoint vc="1" uspid="3297" ordinal="1" offset="1" sl="185" path="1" offsetend="14" fileid="119" />
                <BranchPoint vc="0" uspid="3298" ordinal="2" offset="21" sl="187" path="0" offsetend="23" fileid="119" />
                <BranchPoint vc="1" uspid="3299" ordinal="3" offset="21" sl="187" path="1" offsetend="36" fileid="119" />
                <BranchPoint vc="0" uspid="3300" ordinal="4" offset="74" sl="192" path="0" offsetend="76" fileid="119" />
                <BranchPoint vc="1" uspid="3301" ordinal="5" offset="74" sl="192" path="1" offsetend="78" fileid="119" />
              </BranchPoints>
              <MethodPoint xsi:type="SequencePoint" vc="1" uspid="3284" ordinal="0" offset="0" sl="185" sc="7" el="185" ec="28" bec="2" bev="1" fileid="119" />
            </Method>
            <Method visited="true" cyclomaticComplexity="7" nPathComplexity="32" sequenceCoverage="66.67" branchCoverage="54.55" isConstructor="false" isStatic="false" isGetter="false" isSetter="false">
              <Summary numSequencePoints="18" visitedSequencePoints="12" numBranchPoints="11" visitedBranchPoints="6" sequenceCoverage="66.67" branchCoverage="54.55" maxCyclomaticComplexity="7" minCyclomaticComplexity="7" visitedClasses="0" numClasses="0" visitedMethods="1" numMethods="1" />
              <MetadataToken>100664393</MetadataToken>
              <Name>System.Void IBM.Watson.DeveloperCloud.Services.TextToSpeech.v1.TextToSpeech::OnGetVoiceResp(IBM.Watson.DeveloperCloud.Connection.RESTConnector/Request,IBM.Watson.DeveloperCloud.Connection.RESTConnector/Response)</Name>
              <FileRef uid="119" />
              <SequencePoints>
                <SequencePoint vc="1" uspid="3302" ordinal="0" offset="0" sl="207" sc="7" el="207" ec="33" bec="0" bev="0" fileid="119" />
                <SequencePoint vc="1" uspid="3303" ordinal="1" offset="6" sl="208" sc="7" el="208" ec="24" bec="2" bev="1" fileid="119" />
                <SequencePoint vc="1" uspid="3304" ordinal="2" offset="17" sl="212" sc="11" el="212" ec="30" bec="0" bev="0" fileid="119" />
                <SequencePoint vc="1" uspid="3305" ordinal="3" offset="19" sl="213" sc="11" el="213" ec="89" bec="0" bev="0" fileid="119" />
                <SequencePoint vc="1" uspid="3306" ordinal="4" offset="43" sl="214" sc="11" el="214" ec="28" bec="2" bev="1" fileid="119" />
                <SequencePoint vc="0" uspid="3307" ordinal="5" offset="52" sl="215" sc="13" el="215" ec="60" bec="0" bev="0" fileid="119" />
                <SequencePoint vc="1" uspid="3308" ordinal="6" offset="65" sl="217" sc="11" el="217" ec="30" bec="0" bev="0" fileid="119" />
                <SequencePoint vc="1" uspid="3309" ordinal="7" offset="67" sl="218" sc="11" el="218" ec="74" bec="0" bev="0" fileid="119" />
                <SequencePoint vc="1" uspid="3310" ordinal="8" offset="87" sl="219" sc="11" el="219" ec="28" bec="2" bev="1" fileid="119" />
                <SequencePoint vc="0" uspid="3311" ordinal="9" offset="96" sl="220" sc="13" el="220" ec="60" bec="0" bev="0" fileid="119" />
                <SequencePoint vc="1" uspid="3312" ordinal="10" offset="109" sl="221" sc="9" el="221" ec="10" bec="0" bev="0" fileid="119" />
                <SequencePoint vc="0" uspid="3313" ordinal="11" offset="111" sl="222" sc="9" el="222" ec="28" bec="0" bev="0" fileid="119" />
                <SequencePoint vc="0" uspid="3314" ordinal="12" offset="113" sl="224" sc="11" el="224" ec="78" bec="0" bev="0" fileid="119" />
                <SequencePoint vc="0" uspid="3315" ordinal="13" offset="144" sl="225" sc="11" el="225" ec="32" bec="0" bev="0" fileid="119" />
                <SequencePoint vc="0" uspid="3316" ordinal="14" offset="151" sl="226" sc="9" el="226" ec="10" bec="0" bev="0" fileid="119" />
                <SequencePoint vc="1" uspid="3317" ordinal="15" offset="153" sl="229" sc="7" el="229" ec="47" bec="2" bev="1" fileid="119" />
                <SequencePoint vc="1" uspid="3318" ordinal="16" offset="166" sl="230" sc="9" el="230" ec="66" bec="2" bev="1" fileid="119" />
                <SequencePoint vc="1" uspid="3319" ordinal="17" offset="194" sl="231" sc="5" el="231" ec="6" bec="0" bev="0" fileid="119" />
              </SequencePoints>
              <BranchPoints>
                <BranchPoint vc="1" uspid="3320" ordinal="0" offset="12" sl="208" path="0" offsetend="17" fileid="119" />
                <BranchPoint vc="0" uspid="3321" ordinal="1" offset="12" sl="208" path="1" offsetend="153" fileid="119" />
                <BranchPoint vc="0" uspid="3322" ordinal="2" offset="50" sl="214" path="0" offsetend="52" fileid="119" />
                <BranchPoint vc="1" uspid="3323" ordinal="3" offset="50" sl="214" path="1" offsetend="65" fileid="119" />
                <BranchPoint vc="0" uspid="3324" ordinal="4" offset="94" sl="219" path="0" offsetend="96" fileid="119" />
                <BranchPoint vc="1" uspid="3325" ordinal="5" offset="94" sl="219" path="1" offsetend="109" fileid="119" />
                <BranchPoint vc="1" uspid="3326" ordinal="6" offset="164" sl="229" path="0" offsetend="166" fileid="119" />
                <BranchPoint vc="0" uspid="3327" ordinal="7" offset="164" sl="229" path="1" offsetend="194" fileid="119" />
                <BranchPoint vc="0" uspid="3328" ordinal="8" offset="183" sl="230" path="0" offsetend="185" fileid="119" />
                <BranchPoint vc="1" uspid="3329" ordinal="9" offset="183" sl="230" path="1" offsetend="188" fileid="119" />
              </BranchPoints>
              <MethodPoint xsi:type="SequencePoint" vc="1" uspid="3302" ordinal="0" offset="0" sl="207" sc="7" el="207" ec="33" bec="0" bev="0" fileid="119" />
            </Method>
            <Method visited="true" cyclomaticComplexity="10" nPathComplexity="512" sequenceCoverage="34.21" branchCoverage="47.37" isConstructor="false" isStatic="false" isGetter="false" isSetter="false">
              <Summary numSequencePoints="38" visitedSequencePoints="13" numBranchPoints="19" visitedBranchPoints="9" sequenceCoverage="34.21" branchCoverage="47.37" maxCyclomaticComplexity="10" minCyclomaticComplexity="10" visitedClasses="0" numClasses="0" visitedMethods="1" numMethods="1" />
              <MetadataToken>100664394</MetadataToken>
              <Name>System.Boolean IBM.Watson.DeveloperCloud.Services.TextToSpeech.v1.TextToSpeech::ToSpeech(System.String,IBM.Watson.DeveloperCloud.Services.TextToSpeech.v1.TextToSpeech/ToSpeechCallback,System.Boolean)</Name>
              <FileRef uid="119" />
              <SequencePoints>
                <SequencePoint vc="2" uspid="3330" ordinal="0" offset="0" sl="259" sc="7" el="259" ec="38" bec="2" bev="1" fileid="119" />
                <SequencePoint vc="0" uspid="3331" ordinal="1" offset="8" sl="260" sc="9" el="260" ec="49" bec="0" bev="0" fileid="119" />
                <SequencePoint vc="2" uspid="3332" ordinal="2" offset="19" sl="261" sc="7" el="261" ec="28" bec="2" bev="1" fileid="119" />
                <SequencePoint vc="0" uspid="3333" ordinal="3" offset="22" sl="262" sc="9" el="262" ec="53" bec="0" bev="0" fileid="119" />
                <SequencePoint vc="2" uspid="3334" ordinal="4" offset="33" sl="264" sc="7" el="264" ec="54" bec="2" bev="1" fileid="119" />
                <SequencePoint vc="0" uspid="3335" ordinal="5" offset="52" sl="266" sc="9" el="266" ec="94" bec="0" bev="0" fileid="119" />
                <SequencePoint vc="0" uspid="3336" ordinal="6" offset="93" sl="267" sc="9" el="267" ec="22" bec="0" bev="0" fileid="119" />
                <SequencePoint vc="2" uspid="3337" ordinal="7" offset="95" sl="269" sc="7" el="269" ec="46" bec="2" bev="1" fileid="119" />
                <SequencePoint vc="0" uspid="3338" ordinal="8" offset="114" sl="271" sc="9" el="271" ec="81" bec="0" bev="0" fileid="119" />
                <SequencePoint vc="0" uspid="3339" ordinal="9" offset="155" sl="272" sc="9" el="272" ec="22" bec="0" bev="0" fileid="119" />
                <SequencePoint vc="2" uspid="3340" ordinal="10" offset="157" sl="275" sc="7" el="275" ec="44" bec="0" bev="0" fileid="119" />
                <SequencePoint vc="2" uspid="3341" ordinal="11" offset="164" sl="276" sc="7" el="276" ec="25" bec="2" bev="1" fileid="119" />
                <SequencePoint vc="2" uspid="3342" ordinal="12" offset="172" sl="278" sc="9" el="278" ec="35" bec="2" bev="2" fileid="119" />
                <SequencePoint vc="1" uspid="3343" ordinal="13" offset="180" sl="279" sc="11" el="279" ec="82" bec="0" bev="0" fileid="119" />
                <SequencePoint vc="2" uspid="3344" ordinal="14" offset="233" sl="281" sc="9" el="281" ec="50" bec="0" bev="0" fileid="119" />
                <SequencePoint vc="2" uspid="3345" ordinal="15" offset="246" sl="282" sc="9" el="282" ec="26" bec="2" bev="1" fileid="119" />
                <SequencePoint vc="2" uspid="3346" ordinal="16" offset="249" sl="284" sc="11" el="284" ec="58" bec="0" bev="0" fileid="119" />
                <SequencePoint vc="2" uspid="3347" ordinal="17" offset="259" sl="285" sc="11" el="285" ec="26" bec="0" bev="0" fileid="119" />
                <SequencePoint vc="2" uspid="3348" ordinal="18" offset="267" sl="286" sc="11" el="286" ec="23" bec="0" bev="0" fileid="119" />
                <SequencePoint vc="0" uspid="3349" ordinal="19" offset="269" sl="290" sc="7" el="290" ec="90" bec="0" bev="0" fileid="119" />
                <SequencePoint vc="0" uspid="3350" ordinal="20" offset="286" sl="291" sc="7" el="291" ec="29" bec="2" bev="0" fileid="119" />
                <SequencePoint vc="0" uspid="3351" ordinal="21" offset="289" sl="293" sc="9" el="293" ec="63" bec="0" bev="0" fileid="119" />
                <SequencePoint vc="0" uspid="3352" ordinal="22" offset="310" sl="294" sc="9" el="294" ec="22" bec="0" bev="0" fileid="119" />
                <SequencePoint vc="0" uspid="3353" ordinal="23" offset="312" sl="297" sc="7" el="297" ec="51" bec="0" bev="0" fileid="119" />
                <SequencePoint vc="0" uspid="3354" ordinal="24" offset="318" sl="298" sc="7" el="298" ec="27" bec="0" bev="0" fileid="119" />
                <SequencePoint vc="0" uspid="3355" ordinal="25" offset="325" sl="299" sc="7" el="299" ec="23" bec="0" bev="0" fileid="119" />
                <SequencePoint vc="0" uspid="3356" ordinal="26" offset="332" sl="300" sc="7" el="300" ec="31" bec="0" bev="0" fileid="119" />
                <SequencePoint vc="0" uspid="3357" ordinal="27" offset="339" sl="301" sc="7" el="301" ec="64" bec="0" bev="0" fileid="119" />
                <SequencePoint vc="0" uspid="3358" ordinal="28" offset="372" sl="302" sc="7" el="302" ec="55" bec="0" bev="0" fileid="119" />
                <SequencePoint vc="0" uspid="3359" ordinal="29" offset="405" sl="303" sc="7" el="303" ec="41" bec="0" bev="0" fileid="119" />
                <SequencePoint vc="0" uspid="3360" ordinal="30" offset="423" sl="305" sc="7" el="305" ec="19" bec="2" bev="0" fileid="119" />
                <SequencePoint vc="0" uspid="3361" ordinal="31" offset="426" sl="307" sc="9" el="307" ec="78" bec="0" bev="0" fileid="119" />
                <SequencePoint vc="0" uspid="3362" ordinal="32" offset="433" sl="308" sc="9" el="308" ec="31" bec="0" bev="0" fileid="119" />
                <SequencePoint vc="0" uspid="3363" ordinal="33" offset="446" sl="310" sc="9" el="310" ec="67" bec="0" bev="0" fileid="119" />
                <SequencePoint vc="0" uspid="3364" ordinal="34" offset="469" sl="311" sc="9" el="311" ec="58" bec="0" bev="0" fileid="119" />
                <SequencePoint vc="0" uspid="3365" ordinal="35" offset="490" sl="312" sc="7" el="312" ec="8" bec="0" bev="0" fileid="119" />
                <SequencePoint vc="0" uspid="3366" ordinal="36" offset="492" sl="315" sc="9" el="315" ec="39" bec="0" bev="0" fileid="119" />
                <SequencePoint vc="0" uspid="3367" ordinal="37" offset="509" sl="318" sc="7" el="318" ec="34" bec="0" bev="0" fileid="119" />
              </SequencePoints>
              <BranchPoints>
                <BranchPoint vc="0" uspid="3368" ordinal="0" offset="6" sl="259" path="0" offsetend="8" fileid="119" />
                <BranchPoint vc="2" uspid="3369" ordinal="1" offset="6" sl="259" path="1" offsetend="19" fileid="119" />
                <BranchPoint vc="0" uspid="3370" ordinal="2" offset="20" sl="261" path="0" offsetend="22" fileid="119" />
                <BranchPoint vc="2" uspid="3371" ordinal="3" offset="20" sl="261" path="1" offsetend="33" fileid="119" />
                <BranchPoint vc="0" uspid="3372" ordinal="4" offset="50" sl="264" path="0" offsetend="52" fileid="119" />
                <BranchPoint vc="2" uspid="3373" ordinal="5" offset="50" sl="264" path="1" offsetend="95" fileid="119" />
                <BranchPoint vc="0" uspid="3374" ordinal="6" offset="112" sl="269" path="0" offsetend="114" fileid="119" />
                <BranchPoint vc="2" uspid="3375" ordinal="7" offset="112" sl="269" path="1" offsetend="157" fileid="119" />
                <BranchPoint vc="2" uspid="3376" ordinal="8" offset="170" sl="276" path="0" offsetend="172" fileid="119" />
                <BranchPoint vc="0" uspid="3377" ordinal="9" offset="170" sl="276" path="1" offsetend="269" fileid="119" />
                <BranchPoint vc="1" uspid="3378" ordinal="10" offset="178" sl="278" path="0" offsetend="180" fileid="119" />
                <BranchPoint vc="1" uspid="3379" ordinal="11" offset="178" sl="278" path="1" offsetend="233" fileid="119" />
                <BranchPoint vc="2" uspid="3380" ordinal="12" offset="247" sl="282" path="0" offsetend="249" fileid="119" />
                <BranchPoint vc="0" uspid="3381" ordinal="13" offset="247" sl="282" path="1" offsetend="269" fileid="119" />
                <BranchPoint vc="0" uspid="3382" ordinal="14" offset="287" sl="291" path="0" offsetend="289" fileid="119" />
                <BranchPoint vc="0" uspid="3383" ordinal="15" offset="287" sl="291" path="1" offsetend="312" fileid="119" />
                <BranchPoint vc="0" uspid="3384" ordinal="16" offset="424" sl="305" path="0" offsetend="426" fileid="119" />
                <BranchPoint vc="0" uspid="3385" ordinal="17" offset="424" sl="305" path="1" offsetend="492" fileid="119" />
              </BranchPoints>
              <MethodPoint xsi:type="SequencePoint" vc="2" uspid="3330" ordinal="0" offset="0" sl="259" sc="7" el="259" ec="38" bec="2" bev="1" fileid="119" />
            </Method>
            <Method visited="false" cyclomaticComplexity="8" nPathComplexity="64" sequenceCoverage="0" branchCoverage="0" isConstructor="false" isStatic="false" isGetter="false" isSetter="false">
              <Summary numSequencePoints="11" visitedSequencePoints="0" numBranchPoints="13" visitedBranchPoints="0" sequenceCoverage="0" branchCoverage="0" maxCyclomaticComplexity="8" minCyclomaticComplexity="8" visitedClasses="0" numClasses="0" visitedMethods="0" numMethods="1" />
              <MetadataToken>100664395</MetadataToken>
              <Name>System.Void IBM.Watson.DeveloperCloud.Services.TextToSpeech.v1.TextToSpeech::ToSpeechResponse(IBM.Watson.DeveloperCloud.Connection.RESTConnector/Request,IBM.Watson.DeveloperCloud.Connection.RESTConnector/Response)</Name>
              <FileRef uid="119" />
              <SequencePoints>
                <SequencePoint vc="0" uspid="3386" ordinal="0" offset="0" sl="323" sc="7" el="323" ec="58" bec="0" bev="0" fileid="119" />
                <SequencePoint vc="0" uspid="3387" ordinal="1" offset="7" sl="324" sc="7" el="324" ec="29" bec="2" bev="0" fileid="119" />
                <SequencePoint vc="0" uspid="3388" ordinal="2" offset="10" sl="325" sc="9" el="325" ec="68" bec="0" bev="0" fileid="119" />
                <SequencePoint vc="0" uspid="3389" ordinal="3" offset="21" sl="329" sc="7" el="329" ec="91" bec="2" bev="0" fileid="119" />
                <SequencePoint vc="0" uspid="3390" ordinal="4" offset="51" sl="330" sc="7" el="330" ec="24" bec="2" bev="0" fileid="119" />
                <SequencePoint vc="0" uspid="3391" ordinal="5" offset="54" sl="331" sc="9" el="331" ec="70" bec="0" bev="0" fileid="119" />
                <SequencePoint vc="0" uspid="3392" ordinal="6" offset="84" sl="332" sc="7" el="332" ec="49" bec="3" bev="0" fileid="119" />
                <SequencePoint vc="0" uspid="3393" ordinal="7" offset="95" sl="333" sc="9" el="333" ec="57" bec="0" bev="0" fileid="119" />
                <SequencePoint vc="0" uspid="3394" ordinal="8" offset="118" sl="335" sc="7" el="335" ec="38" bec="2" bev="0" fileid="119" />
                <SequencePoint vc="0" uspid="3395" ordinal="9" offset="126" sl="336" sc="9" el="336" ec="34" bec="0" bev="0" fileid="119" />
                <SequencePoint vc="0" uspid="3396" ordinal="10" offset="138" sl="337" sc="5" el="337" ec="6" bec="0" bev="0" fileid="119" />
              </SequencePoints>
              <BranchPoints>
                <BranchPoint vc="0" uspid="3397" ordinal="0" offset="8" sl="324" path="0" offsetend="10" fileid="119" />
                <BranchPoint vc="0" uspid="3398" ordinal="1" offset="8" sl="324" path="1" offsetend="21" fileid="119" />
                <BranchPoint vc="0" uspid="3399" ordinal="2" offset="27" sl="329" path="0" offsetend="29" fileid="119" />
                <BranchPoint vc="0" uspid="3400" ordinal="3" offset="27" sl="329" path="1" offsetend="32" fileid="119" />
                <BranchPoint vc="0" uspid="3401" ordinal="4" offset="52" sl="330" path="0" offsetend="54" fileid="119" />
                <BranchPoint vc="0" uspid="3402" ordinal="5" offset="52" sl="330" path="1" offsetend="84" fileid="119" />
                <BranchPoint vc="0" uspid="3403" ordinal="6" offset="90" sl="332" path="0" offsetend="92" fileid="119" />
                <BranchPoint vc="0" uspid="3404" ordinal="7" offset="90" sl="332" path="1" offsetend="118" fileid="119" />
                <BranchPoint vc="0" uspid="3405" ordinal="8" offset="93" sl="332" path="0" offsetend="95" fileid="119" />
                <BranchPoint vc="0" uspid="3406" ordinal="9" offset="93" sl="332" path="1" offsetend="118" fileid="119" />
                <BranchPoint vc="0" uspid="3407" ordinal="10" offset="124" sl="335" path="0" offsetend="126" fileid="119" />
                <BranchPoint vc="0" uspid="3408" ordinal="11" offset="124" sl="335" path="1" offsetend="138" fileid="119" />
              </BranchPoints>
              <MethodPoint xsi:type="SequencePoint" vc="0" uspid="3386" ordinal="0" offset="0" sl="323" sc="7" el="323" ec="58" bec="0" bev="0" fileid="119" />
            </Method>
            <Method visited="true" cyclomaticComplexity="2" nPathComplexity="2" sequenceCoverage="50" branchCoverage="66.67" isConstructor="false" isStatic="false" isGetter="false" isSetter="false">
              <Summary numSequencePoints="4" visitedSequencePoints="2" numBranchPoints="3" visitedBranchPoints="2" sequenceCoverage="50" branchCoverage="66.67" maxCyclomaticComplexity="2" minCyclomaticComplexity="2" visitedClasses="0" numClasses="0" visitedMethods="1" numMethods="1" />
              <MetadataToken>100664396</MetadataToken>
              <Name>IBM.Watson.DeveloperCloud.Utilities.AudioClip IBM.Watson.DeveloperCloud.Services.TextToSpeech.v1.TextToSpeech::ProcessResponse(System.String,System.Byte[])</Name>
              <FileRef uid="119" />
              <SequencePoints>
                <SequencePoint vc="2" uspid="3409" ordinal="0" offset="0" sl="341" sc="7" el="341" ec="29" bec="2" bev="1" fileid="119" />
                <SequencePoint vc="2" uspid="3410" ordinal="1" offset="11" sl="344" sc="11" el="344" ec="50" bec="0" bev="0" fileid="119" />
                <SequencePoint vc="0" uspid="3411" ordinal="2" offset="19" sl="349" sc="7" el="349" ec="92" bec="0" bev="0" fileid="119" />
                <SequencePoint vc="0" uspid="3412" ordinal="3" offset="60" sl="350" sc="7" el="350" ec="19" bec="0" bev="0" fileid="119" />
              </SequencePoints>
              <BranchPoints>
                <BranchPoint vc="2" uspid="3413" ordinal="0" offset="9" sl="341" path="0" offsetend="11" fileid="119" />
                <BranchPoint vc="0" uspid="3414" ordinal="1" offset="9" sl="341" path="1" offsetend="19" fileid="119" />
              </BranchPoints>
              <MethodPoint xsi:type="SequencePoint" vc="2" uspid="3409" ordinal="0" offset="0" sl="341" sc="7" el="341" ec="29" bec="2" bev="1" fileid="119" />
            </Method>
            <Method visited="true" cyclomaticComplexity="6" nPathComplexity="32" sequenceCoverage="81.82" branchCoverage="54.55" isConstructor="false" isStatic="false" isGetter="false" isSetter="false">
              <Summary numSequencePoints="22" visitedSequencePoints="18" numBranchPoints="11" visitedBranchPoints="6" sequenceCoverage="81.82" branchCoverage="54.55" maxCyclomaticComplexity="6" minCyclomaticComplexity="6" visitedClasses="0" numClasses="0" visitedMethods="1" numMethods="1" />
              <MetadataToken>100664397</MetadataToken>
              <Name>System.Boolean IBM.Watson.DeveloperCloud.Services.TextToSpeech.v1.TextToSpeech::GetPronunciation(IBM.Watson.DeveloperCloud.Services.TextToSpeech.v1.TextToSpeech/GetPronunciationCallback,System.String,System.Nullable`1&lt;IBM.Watson.DeveloperCloud.Services.TextToSpeech.v1.VoiceType&gt;,System.String,System.String)</Name>
              <FileRef uid="119" />
              <SequencePoints>
                <SequencePoint vc="1" uspid="3415" ordinal="0" offset="0" sl="375" sc="7" el="375" ec="28" bec="2" bev="1" fileid="119" />
                <SequencePoint vc="0" uspid="3416" ordinal="1" offset="3" sl="376" sc="9" el="376" ec="53" bec="0" bev="0" fileid="119" />
                <SequencePoint vc="1" uspid="3417" ordinal="2" offset="14" sl="377" sc="7" el="377" ec="38" bec="2" bev="1" fileid="119" />
                <SequencePoint vc="0" uspid="3418" ordinal="3" offset="22" sl="378" sc="9" el="378" ec="49" bec="0" bev="0" fileid="119" />
                <SequencePoint vc="1" uspid="3419" ordinal="4" offset="33" sl="379" sc="7" el="379" ec="25" bec="2" bev="1" fileid="119" />
                <SequencePoint vc="1" uspid="3420" ordinal="5" offset="42" sl="380" sc="9" el="380" ec="25" bec="0" bev="0" fileid="119" />
                <SequencePoint vc="1" uspid="3421" ordinal="6" offset="55" sl="382" sc="7" el="382" ec="93" bec="0" bev="0" fileid="119" />
                <SequencePoint vc="1" uspid="3422" ordinal="7" offset="72" sl="383" sc="7" el="383" ec="29" bec="2" bev="1" fileid="119" />
                <SequencePoint vc="0" uspid="3423" ordinal="8" offset="75" sl="384" sc="9" el="384" ec="22" bec="0" bev="0" fileid="119" />
                <SequencePoint vc="1" uspid="3424" ordinal="9" offset="77" sl="386" sc="7" el="386" ec="59" bec="0" bev="0" fileid="119" />
                <SequencePoint vc="1" uspid="3425" ordinal="10" offset="83" sl="387" sc="7" el="387" ec="31" bec="0" bev="0" fileid="119" />
                <SequencePoint vc="1" uspid="3426" ordinal="11" offset="90" sl="388" sc="7" el="388" ec="23" bec="0" bev="0" fileid="119" />
                <SequencePoint vc="1" uspid="3427" ordinal="12" offset="97" sl="389" sc="7" el="389" ec="36" bec="0" bev="0" fileid="119" />
                <SequencePoint vc="1" uspid="3428" ordinal="13" offset="110" sl="390" sc="7" el="390" ec="27" bec="0" bev="0" fileid="119" />
                <SequencePoint vc="1" uspid="3429" ordinal="14" offset="118" sl="391" sc="7" el="391" ec="47" bec="0" bev="0" fileid="119" />
                <SequencePoint vc="1" uspid="3430" ordinal="15" offset="126" sl="392" sc="7" el="392" ec="37" bec="0" bev="0" fileid="119" />
                <SequencePoint vc="1" uspid="3431" ordinal="16" offset="143" sl="393" sc="7" el="393" ec="64" bec="0" bev="0" fileid="119" />
                <SequencePoint vc="1" uspid="3432" ordinal="17" offset="172" sl="394" sc="7" el="394" ec="41" bec="0" bev="0" fileid="119" />
                <SequencePoint vc="1" uspid="3433" ordinal="18" offset="190" sl="395" sc="7" el="395" ec="51" bec="2" bev="1" fileid="119" />
                <SequencePoint vc="0" uspid="3434" ordinal="19" offset="199" sl="396" sc="9" el="396" ec="63" bec="0" bev="0" fileid="119" />
                <SequencePoint vc="1" uspid="3435" ordinal="20" offset="217" sl="397" sc="7" el="397" ec="47" bec="0" bev="0" fileid="119" />
                <SequencePoint vc="1" uspid="3436" ordinal="21" offset="235" sl="399" sc="7" el="399" ec="34" bec="0" bev="0" fileid="119" />
              </SequencePoints>
              <BranchPoints>
                <BranchPoint vc="0" uspid="3437" ordinal="0" offset="1" sl="375" path="0" offsetend="3" fileid="119" />
                <BranchPoint vc="1" uspid="3438" ordinal="1" offset="1" sl="375" path="1" offsetend="14" fileid="119" />
                <BranchPoint vc="0" uspid="3439" ordinal="2" offset="20" sl="377" path="0" offsetend="22" fileid="119" />
                <BranchPoint vc="1" uspid="3440" ordinal="3" offset="20" sl="377" path="1" offsetend="33" fileid="119" />
                <BranchPoint vc="1" uspid="3441" ordinal="4" offset="40" sl="379" path="0" offsetend="42" fileid="119" />
                <BranchPoint vc="0" uspid="3442" ordinal="5" offset="40" sl="379" path="1" offsetend="55" fileid="119" />
                <BranchPoint vc="0" uspid="3443" ordinal="6" offset="73" sl="383" path="0" offsetend="75" fileid="119" />
                <BranchPoint vc="1" uspid="3444" ordinal="7" offset="73" sl="383" path="1" offsetend="77" fileid="119" />
                <BranchPoint vc="0" uspid="3445" ordinal="8" offset="197" sl="395" path="0" offsetend="199" fileid="119" />
                <BranchPoint vc="1" uspid="3446" ordinal="9" offset="197" sl="395" path="1" offsetend="217" fileid="119" />
              </BranchPoints>
              <MethodPoint xsi:type="SequencePoint" vc="1" uspid="3415" ordinal="0" offset="0" sl="375" sc="7" el="375" ec="28" bec="2" bev="1" fileid="119" />
            </Method>
            <Method visited="true" cyclomaticComplexity="7" nPathComplexity="32" sequenceCoverage="66.67" branchCoverage="54.55" isConstructor="false" isStatic="false" isGetter="false" isSetter="false">
              <Summary numSequencePoints="18" visitedSequencePoints="12" numBranchPoints="11" visitedBranchPoints="6" sequenceCoverage="66.67" branchCoverage="54.55" maxCyclomaticComplexity="7" minCyclomaticComplexity="7" visitedClasses="0" numClasses="0" visitedMethods="1" numMethods="1" />
              <MetadataToken>100664398</MetadataToken>
              <Name>System.Void IBM.Watson.DeveloperCloud.Services.TextToSpeech.v1.TextToSpeech::OnGetPronunciationResp(IBM.Watson.DeveloperCloud.Connection.RESTConnector/Request,IBM.Watson.DeveloperCloud.Connection.RESTConnector/Response)</Name>
              <FileRef uid="119" />
              <SequencePoints>
                <SequencePoint vc="1" uspid="3447" ordinal="0" offset="0" sl="413" sc="7" el="413" ec="57" bec="0" bev="0" fileid="119" />
                <SequencePoint vc="1" uspid="3448" ordinal="1" offset="6" sl="414" sc="7" el="414" ec="24" bec="2" bev="1" fileid="119" />
                <SequencePoint vc="1" uspid="3449" ordinal="2" offset="17" sl="418" sc="11" el="418" ec="30" bec="0" bev="0" fileid="119" />
                <SequencePoint vc="1" uspid="3450" ordinal="3" offset="19" sl="419" sc="11" el="419" ec="89" bec="0" bev="0" fileid="119" />
                <SequencePoint vc="1" uspid="3451" ordinal="4" offset="43" sl="420" sc="11" el="420" ec="28" bec="2" bev="1" fileid="119" />
                <SequencePoint vc="0" uspid="3452" ordinal="5" offset="52" sl="421" sc="13" el="421" ec="60" bec="0" bev="0" fileid="119" />
                <SequencePoint vc="1" uspid="3453" ordinal="6" offset="65" sl="423" sc="11" el="423" ec="38" bec="0" bev="0" fileid="119" />
                <SequencePoint vc="1" uspid="3454" ordinal="7" offset="67" sl="424" sc="11" el="424" ec="74" bec="0" bev="0" fileid="119" />
                <SequencePoint vc="1" uspid="3455" ordinal="8" offset="87" sl="425" sc="11" el="425" ec="28" bec="2" bev="1" fileid="119" />
                <SequencePoint vc="0" uspid="3456" ordinal="9" offset="96" sl="426" sc="13" el="426" ec="60" bec="0" bev="0" fileid="119" />
                <SequencePoint vc="1" uspid="3457" ordinal="10" offset="109" sl="427" sc="9" el="427" ec="10" bec="0" bev="0" fileid="119" />
                <SequencePoint vc="0" uspid="3458" ordinal="11" offset="111" sl="428" sc="9" el="428" ec="28" bec="0" bev="0" fileid="119" />
                <SequencePoint vc="0" uspid="3459" ordinal="12" offset="113" sl="430" sc="11" el="430" ec="88" bec="0" bev="0" fileid="119" />
                <SequencePoint vc="0" uspid="3460" ordinal="13" offset="144" sl="431" sc="11" el="431" ec="32" bec="0" bev="0" fileid="119" />
                <SequencePoint vc="0" uspid="3461" ordinal="14" offset="151" sl="432" sc="9" el="432" ec="10" bec="0" bev="0" fileid="119" />
                <SequencePoint vc="1" uspid="3462" ordinal="15" offset="153" sl="435" sc="7" el="435" ec="55" bec="2" bev="1" fileid="119" />
                <SequencePoint vc="1" uspid="3463" ordinal="16" offset="166" sl="436" sc="9" el="436" ec="82" bec="2" bev="1" fileid="119" />
                <SequencePoint vc="1" uspid="3464" ordinal="17" offset="194" sl="437" sc="5" el="437" ec="6" bec="0" bev="0" fileid="119" />
              </SequencePoints>
              <BranchPoints>
                <BranchPoint vc="1" uspid="3465" ordinal="0" offset="12" sl="414" path="0" offsetend="17" fileid="119" />
                <BranchPoint vc="0" uspid="3466" ordinal="1" offset="12" sl="414" path="1" offsetend="153" fileid="119" />
                <BranchPoint vc="0" uspid="3467" ordinal="2" offset="50" sl="420" path="0" offsetend="52" fileid="119" />
                <BranchPoint vc="1" uspid="3468" ordinal="3" offset="50" sl="420" path="1" offsetend="65" fileid="119" />
                <BranchPoint vc="0" uspid="3469" ordinal="4" offset="94" sl="425" path="0" offsetend="96" fileid="119" />
                <BranchPoint vc="1" uspid="3470" ordinal="5" offset="94" sl="425" path="1" offsetend="109" fileid="119" />
                <BranchPoint vc="1" uspid="3471" ordinal="6" offset="164" sl="435" path="0" offsetend="166" fileid="119" />
                <BranchPoint vc="0" uspid="3472" ordinal="7" offset="164" sl="435" path="1" offsetend="194" fileid="119" />
                <BranchPoint vc="0" uspid="3473" ordinal="8" offset="183" sl="436" path="0" offsetend="185" fileid="119" />
                <BranchPoint vc="1" uspid="3474" ordinal="9" offset="183" sl="436" path="1" offsetend="188" fileid="119" />
              </BranchPoints>
              <MethodPoint xsi:type="SequencePoint" vc="1" uspid="3447" ordinal="0" offset="0" sl="413" sc="7" el="413" ec="57" bec="0" bev="0" fileid="119" />
            </Method>
            <Method visited="true" cyclomaticComplexity="3" nPathComplexity="4" sequenceCoverage="80" branchCoverage="60" isConstructor="false" isStatic="false" isGetter="false" isSetter="false">
              <Summary numSequencePoints="10" visitedSequencePoints="8" numBranchPoints="5" visitedBranchPoints="3" sequenceCoverage="80" branchCoverage="60" maxCyclomaticComplexity="3" minCyclomaticComplexity="3" visitedClasses="0" numClasses="0" visitedMethods="1" numMethods="1" />
              <MetadataToken>100664399</MetadataToken>
              <Name>System.Boolean IBM.Watson.DeveloperCloud.Services.TextToSpeech.v1.TextToSpeech::GetCustomizations(IBM.Watson.DeveloperCloud.Services.TextToSpeech.v1.TextToSpeech/GetCustomizationsCallback,System.String)</Name>
              <FileRef uid="119" />
              <SequencePoints>
                <SequencePoint vc="1" uspid="3475" ordinal="0" offset="0" sl="457" sc="7" el="457" ec="28" bec="2" bev="1" fileid="119" />
                <SequencePoint vc="0" uspid="3476" ordinal="1" offset="3" sl="458" sc="9" el="458" ec="53" bec="0" bev="0" fileid="119" />
                <SequencePoint vc="1" uspid="3477" ordinal="2" offset="14" sl="460" sc="7" el="460" ec="61" bec="0" bev="0" fileid="119" />
                <SequencePoint vc="1" uspid="3478" ordinal="3" offset="20" sl="461" sc="7" el="461" ec="31" bec="0" bev="0" fileid="119" />
                <SequencePoint vc="1" uspid="3479" ordinal="4" offset="27" sl="462" sc="7" el="462" ec="29" bec="0" bev="0" fileid="119" />
                <SequencePoint vc="1" uspid="3480" ordinal="5" offset="34" sl="463" sc="7" el="463" ec="48" bec="0" bev="0" fileid="119" />
                <SequencePoint vc="1" uspid="3481" ordinal="6" offset="52" sl="465" sc="7" el="465" ec="94" bec="0" bev="0" fileid="119" />
                <SequencePoint vc="1" uspid="3482" ordinal="7" offset="69" sl="466" sc="7" el="466" ec="29" bec="2" bev="1" fileid="119" />
                <SequencePoint vc="0" uspid="3483" ordinal="8" offset="72" sl="467" sc="9" el="467" ec="22" bec="0" bev="0" fileid="119" />
                <SequencePoint vc="1" uspid="3484" ordinal="9" offset="74" sl="469" sc="7" el="469" ec="34" bec="0" bev="0" fileid="119" />
              </SequencePoints>
              <BranchPoints>
                <BranchPoint vc="0" uspid="3485" ordinal="0" offset="1" sl="457" path="0" offsetend="3" fileid="119" />
                <BranchPoint vc="1" uspid="3486" ordinal="1" offset="1" sl="457" path="1" offsetend="14" fileid="119" />
                <BranchPoint vc="0" uspid="3487" ordinal="2" offset="70" sl="466" path="0" offsetend="72" fileid="119" />
                <BranchPoint vc="1" uspid="3488" ordinal="3" offset="70" sl="466" path="1" offsetend="74" fileid="119" />
              </BranchPoints>
              <MethodPoint xsi:type="SequencePoint" vc="1" uspid="3475" ordinal="0" offset="0" sl="457" sc="7" el="457" ec="28" bec="2" bev="1" fileid="119" />
            </Method>
            <Method visited="true" cyclomaticComplexity="7" nPathComplexity="32" sequenceCoverage="66.67" branchCoverage="54.55" isConstructor="false" isStatic="false" isGetter="false" isSetter="false">
              <Summary numSequencePoints="18" visitedSequencePoints="12" numBranchPoints="11" visitedBranchPoints="6" sequenceCoverage="66.67" branchCoverage="54.55" maxCyclomaticComplexity="7" minCyclomaticComplexity="7" visitedClasses="0" numClasses="0" visitedMethods="1" numMethods="1" />
              <MetadataToken>100664400</MetadataToken>
              <Name>System.Void IBM.Watson.DeveloperCloud.Services.TextToSpeech.v1.TextToSpeech::OnGetCustomizationsResp(IBM.Watson.DeveloperCloud.Connection.RESTConnector/Request,IBM.Watson.DeveloperCloud.Connection.RESTConnector/Response)</Name>
              <FileRef uid="119" />
              <SequencePoints>
                <SequencePoint vc="1" uspid="3489" ordinal="0" offset="0" sl="480" sc="7" el="480" ec="60" bec="0" bev="0" fileid="119" />
                <SequencePoint vc="1" uspid="3490" ordinal="1" offset="6" sl="481" sc="7" el="481" ec="24" bec="2" bev="1" fileid="119" />
                <SequencePoint vc="1" uspid="3491" ordinal="2" offset="17" sl="485" sc="11" el="485" ec="30" bec="0" bev="0" fileid="119" />
                <SequencePoint vc="1" uspid="3492" ordinal="3" offset="19" sl="486" sc="11" el="486" ec="89" bec="0" bev="0" fileid="119" />
                <SequencePoint vc="1" uspid="3493" ordinal="4" offset="43" sl="487" sc="11" el="487" ec="28" bec="2" bev="1" fileid="119" />
                <SequencePoint vc="0" uspid="3494" ordinal="5" offset="52" sl="488" sc="13" el="488" ec="60" bec="0" bev="0" fileid="119" />
                <SequencePoint vc="1" uspid="3495" ordinal="6" offset="65" sl="490" sc="11" el="490" ec="39" bec="0" bev="0" fileid="119" />
                <SequencePoint vc="1" uspid="3496" ordinal="7" offset="67" sl="491" sc="11" el="491" ec="74" bec="0" bev="0" fileid="119" />
                <SequencePoint vc="1" uspid="3497" ordinal="8" offset="87" sl="492" sc="11" el="492" ec="28" bec="2" bev="1" fileid="119" />
                <SequencePoint vc="0" uspid="3498" ordinal="9" offset="96" sl="493" sc="13" el="493" ec="60" bec="0" bev="0" fileid="119" />
                <SequencePoint vc="1" uspid="3499" ordinal="10" offset="109" sl="494" sc="9" el="494" ec="10" bec="0" bev="0" fileid="119" />
                <SequencePoint vc="0" uspid="3500" ordinal="11" offset="111" sl="495" sc="9" el="495" ec="28" bec="0" bev="0" fileid="119" />
                <SequencePoint vc="0" uspid="3501" ordinal="12" offset="113" sl="497" sc="11" el="497" ec="89" bec="0" bev="0" fileid="119" />
                <SequencePoint vc="0" uspid="3502" ordinal="13" offset="144" sl="498" sc="11" el="498" ec="32" bec="0" bev="0" fileid="119" />
                <SequencePoint vc="0" uspid="3503" ordinal="14" offset="151" sl="499" sc="9" el="499" ec="10" bec="0" bev="0" fileid="119" />
                <SequencePoint vc="1" uspid="3504" ordinal="15" offset="153" sl="502" sc="7" el="502" ec="56" bec="2" bev="1" fileid="119" />
                <SequencePoint vc="1" uspid="3505" ordinal="16" offset="166" sl="503" sc="9" el="503" ec="118" bec="2" bev="1" fileid="119" />
                <SequencePoint vc="1" uspid="3506" ordinal="17" offset="205" sl="504" sc="5" el="504" ec="6" bec="0" bev="0" fileid="119" />
              </SequencePoints>
              <BranchPoints>
                <BranchPoint vc="1" uspid="3507" ordinal="0" offset="12" sl="481" path="0" offsetend="17" fileid="119" />
                <BranchPoint vc="0" uspid="3508" ordinal="1" offset="12" sl="481" path="1" offsetend="153" fileid="119" />
                <BranchPoint vc="0" uspid="3509" ordinal="2" offset="50" sl="487" path="0" offsetend="52" fileid="119" />
                <BranchPoint vc="1" uspid="3510" ordinal="3" offset="50" sl="487" path="1" offsetend="65" fileid="119" />
                <BranchPoint vc="0" uspid="3511" ordinal="4" offset="94" sl="492" path="0" offsetend="96" fileid="119" />
                <BranchPoint vc="1" uspid="3512" ordinal="5" offset="94" sl="492" path="1" offsetend="109" fileid="119" />
                <BranchPoint vc="1" uspid="3513" ordinal="6" offset="164" sl="502" path="0" offsetend="166" fileid="119" />
                <BranchPoint vc="0" uspid="3514" ordinal="7" offset="164" sl="502" path="1" offsetend="205" fileid="119" />
                <BranchPoint vc="0" uspid="3515" ordinal="8" offset="183" sl="503" path="0" offsetend="185" fileid="119" />
                <BranchPoint vc="1" uspid="3516" ordinal="9" offset="183" sl="503" path="1" offsetend="188" fileid="119" />
              </BranchPoints>
              <MethodPoint xsi:type="SequencePoint" vc="1" uspid="3489" ordinal="0" offset="0" sl="480" sc="7" el="480" ec="60" bec="0" bev="0" fileid="119" />
            </Method>
            <Method visited="true" cyclomaticComplexity="4" nPathComplexity="8" sequenceCoverage="86.36" branchCoverage="57.14" isConstructor="false" isStatic="false" isGetter="false" isSetter="false">
              <Summary numSequencePoints="22" visitedSequencePoints="19" numBranchPoints="7" visitedBranchPoints="4" sequenceCoverage="86.36" branchCoverage="57.14" maxCyclomaticComplexity="4" minCyclomaticComplexity="4" visitedClasses="0" numClasses="0" visitedMethods="1" numMethods="1" />
              <MetadataToken>100664401</MetadataToken>
              <Name>System.Boolean IBM.Watson.DeveloperCloud.Services.TextToSpeech.v1.TextToSpeech::CreateCustomization(IBM.Watson.DeveloperCloud.Services.TextToSpeech.v1.TextToSpeech/CreateCustomizationCallback,System.String,System.String,System.String,System.String)</Name>
              <FileRef uid="119" />
              <SequencePoints>
                <SequencePoint vc="1" uspid="3517" ordinal="0" offset="0" sl="527" sc="7" el="527" ec="28" bec="2" bev="1" fileid="119" />
                <SequencePoint vc="0" uspid="3518" ordinal="1" offset="3" sl="528" sc="9" el="528" ec="53" bec="0" bev="0" fileid="119" />
                <SequencePoint vc="1" uspid="3519" ordinal="2" offset="14" sl="529" sc="7" el="529" ec="38" bec="2" bev="1" fileid="119" />
                <SequencePoint vc="0" uspid="3520" ordinal="3" offset="22" sl="530" sc="9" el="530" ec="95" bec="0" bev="0" fileid="119" />
                <SequencePoint vc="1" uspid="3521" ordinal="4" offset="33" sl="532" sc="7" el="532" ec="51" bec="0" bev="0" fileid="119" />
                <SequencePoint vc="1" uspid="3522" ordinal="5" offset="39" sl="533" sc="7" el="533" ec="31" bec="0" bev="0" fileid="119" />
                <SequencePoint vc="1" uspid="3523" ordinal="6" offset="46" sl="534" sc="7" el="534" ec="39" bec="0" bev="0" fileid="119" />
                <SequencePoint vc="1" uspid="3524" ordinal="7" offset="53" sl="535" sc="7" el="535" ec="45" bec="0" bev="0" fileid="119" />
                <SequencePoint vc="1" uspid="3525" ordinal="8" offset="61" sl="538" sc="7" el="538" ec="111" bec="0" bev="0" fileid="119" />
                <SequencePoint vc="1" uspid="3526" ordinal="9" offset="90" sl="539" sc="7" el="539" ec="69" bec="0" bev="0" fileid="119" />
                <SequencePoint vc="1" uspid="3527" ordinal="10" offset="98" sl="541" sc="7" el="541" ec="73" bec="0" bev="0" fileid="119" />
                <SequencePoint vc="1" uspid="3528" ordinal="11" offset="104" sl="542" sc="7" el="542" ec="31" bec="0" bev="0" fileid="119" />
                <SequencePoint vc="1" uspid="3529" ordinal="12" offset="111" sl="543" sc="7" el="543" ec="37" bec="0" bev="0" fileid="119" />
                <SequencePoint vc="1" uspid="3530" ordinal="13" offset="118" sl="544" sc="7" el="544" ec="29" bec="0" bev="0" fileid="119" />
                <SequencePoint vc="1" uspid="3531" ordinal="14" offset="126" sl="545" sc="7" el="545" ec="56" bec="0" bev="0" fileid="119" />
                <SequencePoint vc="1" uspid="3532" ordinal="15" offset="147" sl="546" sc="7" el="546" ec="50" bec="0" bev="0" fileid="119" />
                <SequencePoint vc="1" uspid="3533" ordinal="16" offset="168" sl="547" sc="7" el="547" ec="60" bec="0" bev="0" fileid="119" />
                <SequencePoint vc="1" uspid="3534" ordinal="17" offset="185" sl="548" sc="7" el="548" ec="50" bec="0" bev="0" fileid="119" />
                <SequencePoint vc="1" uspid="3535" ordinal="18" offset="203" sl="550" sc="7" el="550" ec="94" bec="0" bev="0" fileid="119" />
                <SequencePoint vc="1" uspid="3536" ordinal="19" offset="221" sl="551" sc="7" el="551" ec="29" bec="2" bev="1" fileid="119" />
                <SequencePoint vc="0" uspid="3537" ordinal="20" offset="225" sl="552" sc="9" el="552" ec="22" bec="0" bev="0" fileid="119" />
                <SequencePoint vc="1" uspid="3538" ordinal="21" offset="227" sl="554" sc="7" el="554" ec="34" bec="0" bev="0" fileid="119" />
              </SequencePoints>
              <BranchPoints>
                <BranchPoint vc="0" uspid="3539" ordinal="0" offset="1" sl="527" path="0" offsetend="3" fileid="119" />
                <BranchPoint vc="1" uspid="3540" ordinal="1" offset="1" sl="527" path="1" offsetend="14" fileid="119" />
                <BranchPoint vc="0" uspid="3541" ordinal="2" offset="20" sl="529" path="0" offsetend="22" fileid="119" />
                <BranchPoint vc="1" uspid="3542" ordinal="3" offset="20" sl="529" path="1" offsetend="33" fileid="119" />
                <BranchPoint vc="0" uspid="3543" ordinal="4" offset="223" sl="551" path="0" offsetend="225" fileid="119" />
                <BranchPoint vc="1" uspid="3544" ordinal="5" offset="223" sl="551" path="1" offsetend="227" fileid="119" />
              </BranchPoints>
              <MethodPoint xsi:type="SequencePoint" vc="1" uspid="3517" ordinal="0" offset="0" sl="527" sc="7" el="527" ec="28" bec="2" bev="1" fileid="119" />
            </Method>
            <Method visited="true" cyclomaticComplexity="7" nPathComplexity="32" sequenceCoverage="66.67" branchCoverage="54.55" isConstructor="false" isStatic="false" isGetter="false" isSetter="false">
              <Summary numSequencePoints="18" visitedSequencePoints="12" numBranchPoints="11" visitedBranchPoints="6" sequenceCoverage="66.67" branchCoverage="54.55" maxCyclomaticComplexity="7" minCyclomaticComplexity="7" visitedClasses="0" numClasses="0" visitedMethods="1" numMethods="1" />
              <MetadataToken>100664402</MetadataToken>
              <Name>System.Void IBM.Watson.DeveloperCloud.Services.TextToSpeech.v1.TextToSpeech::OnCreateCustomizationResp(IBM.Watson.DeveloperCloud.Connection.RESTConnector/Request,IBM.Watson.DeveloperCloud.Connection.RESTConnector/Response)</Name>
              <FileRef uid="119" />
              <SequencePoints>
                <SequencePoint vc="1" uspid="3545" ordinal="0" offset="0" sl="566" sc="7" el="566" ec="63" bec="0" bev="0" fileid="119" />
                <SequencePoint vc="1" uspid="3546" ordinal="1" offset="6" sl="567" sc="7" el="567" ec="24" bec="2" bev="1" fileid="119" />
                <SequencePoint vc="1" uspid="3547" ordinal="2" offset="17" sl="571" sc="11" el="571" ec="30" bec="0" bev="0" fileid="119" />
                <SequencePoint vc="1" uspid="3548" ordinal="3" offset="19" sl="572" sc="11" el="572" ec="89" bec="0" bev="0" fileid="119" />
                <SequencePoint vc="1" uspid="3549" ordinal="4" offset="43" sl="573" sc="11" el="573" ec="28" bec="2" bev="1" fileid="119" />
                <SequencePoint vc="0" uspid="3550" ordinal="5" offset="52" sl="574" sc="13" el="574" ec="60" bec="0" bev="0" fileid="119" />
                <SequencePoint vc="1" uspid="3551" ordinal="6" offset="65" sl="576" sc="11" el="576" ec="40" bec="0" bev="0" fileid="119" />
                <SequencePoint vc="1" uspid="3552" ordinal="7" offset="67" sl="577" sc="11" el="577" ec="74" bec="0" bev="0" fileid="119" />
                <SequencePoint vc="1" uspid="3553" ordinal="8" offset="87" sl="578" sc="11" el="578" ec="28" bec="2" bev="1" fileid="119" />
                <SequencePoint vc="0" uspid="3554" ordinal="9" offset="96" sl="579" sc="13" el="579" ec="60" bec="0" bev="0" fileid="119" />
                <SequencePoint vc="1" uspid="3555" ordinal="10" offset="109" sl="580" sc="9" el="580" ec="10" bec="0" bev="0" fileid="119" />
                <SequencePoint vc="0" uspid="3556" ordinal="11" offset="111" sl="581" sc="9" el="581" ec="28" bec="0" bev="0" fileid="119" />
                <SequencePoint vc="0" uspid="3557" ordinal="12" offset="113" sl="583" sc="11" el="583" ec="91" bec="0" bev="0" fileid="119" />
                <SequencePoint vc="0" uspid="3558" ordinal="13" offset="144" sl="584" sc="11" el="584" ec="32" bec="0" bev="0" fileid="119" />
                <SequencePoint vc="0" uspid="3559" ordinal="14" offset="151" sl="585" sc="9" el="585" ec="10" bec="0" bev="0" fileid="119" />
                <SequencePoint vc="1" uspid="3560" ordinal="15" offset="153" sl="588" sc="7" el="588" ec="62" bec="2" bev="1" fileid="119" />
                <SequencePoint vc="1" uspid="3561" ordinal="16" offset="166" sl="589" sc="9" el="589" ec="131" bec="2" bev="1" fileid="119" />
                <SequencePoint vc="1" uspid="3562" ordinal="17" offset="205" sl="590" sc="5" el="590" ec="6" bec="0" bev="0" fileid="119" />
              </SequencePoints>
              <BranchPoints>
                <BranchPoint vc="1" uspid="3563" ordinal="0" offset="12" sl="567" path="0" offsetend="17" fileid="119" />
                <BranchPoint vc="0" uspid="3564" ordinal="1" offset="12" sl="567" path="1" offsetend="153" fileid="119" />
                <BranchPoint vc="0" uspid="3565" ordinal="2" offset="50" sl="573" path="0" offsetend="52" fileid="119" />
                <BranchPoint vc="1" uspid="3566" ordinal="3" offset="50" sl="573" path="1" offsetend="65" fileid="119" />
                <BranchPoint vc="0" uspid="3567" ordinal="4" offset="94" sl="578" path="0" offsetend="96" fileid="119" />
                <BranchPoint vc="1" uspid="3568" ordinal="5" offset="94" sl="578" path="1" offsetend="109" fileid="119" />
                <BranchPoint vc="1" uspid="3569" ordinal="6" offset="164" sl="588" path="0" offsetend="166" fileid="119" />
                <BranchPoint vc="0" uspid="3570" ordinal="7" offset="164" sl="588" path="1" offsetend="205" fileid="119" />
                <BranchPoint vc="0" uspid="3571" ordinal="8" offset="183" sl="589" path="0" offsetend="185" fileid="119" />
                <BranchPoint vc="1" uspid="3572" ordinal="9" offset="183" sl="589" path="1" offsetend="188" fileid="119" />
              </BranchPoints>
              <MethodPoint xsi:type="SequencePoint" vc="1" uspid="3545" ordinal="0" offset="0" sl="566" sc="7" el="566" ec="63" bec="0" bev="0" fileid="119" />
            </Method>
            <Method visited="true" cyclomaticComplexity="4" nPathComplexity="8" sequenceCoverage="81.25" branchCoverage="57.14" isConstructor="false" isStatic="false" isGetter="false" isSetter="false">
              <Summary numSequencePoints="16" visitedSequencePoints="13" numBranchPoints="7" visitedBranchPoints="4" sequenceCoverage="81.25" branchCoverage="57.14" maxCyclomaticComplexity="4" minCyclomaticComplexity="4" visitedClasses="0" numClasses="0" visitedMethods="1" numMethods="1" />
              <MetadataToken>100664403</MetadataToken>
              <Name>System.Boolean IBM.Watson.DeveloperCloud.Services.TextToSpeech.v1.TextToSpeech::DeleteCustomization(IBM.Watson.DeveloperCloud.Services.TextToSpeech.v1.TextToSpeech/OnDeleteCustomizationCallback,System.String,System.String)</Name>
              <FileRef uid="119" />
              <SequencePoints>
                <SequencePoint vc="1" uspid="3573" ordinal="0" offset="0" sl="610" sc="7" el="610" ec="28" bec="2" bev="1" fileid="119" />
                <SequencePoint vc="0" uspid="3574" ordinal="1" offset="3" sl="611" sc="9" el="611" ec="53" bec="0" bev="0" fileid="119" />
                <SequencePoint vc="1" uspid="3575" ordinal="2" offset="14" sl="612" sc="7" el="612" ec="49" bec="2" bev="1" fileid="119" />
                <SequencePoint vc="0" uspid="3576" ordinal="3" offset="22" sl="613" sc="9" el="613" ec="108" bec="0" bev="0" fileid="119" />
                <SequencePoint vc="1" uspid="3577" ordinal="4" offset="33" sl="615" sc="7" el="615" ec="73" bec="0" bev="0" fileid="119" />
                <SequencePoint vc="1" uspid="3578" ordinal="5" offset="39" sl="616" sc="7" el="616" ec="31" bec="0" bev="0" fileid="119" />
                <SequencePoint vc="1" uspid="3579" ordinal="6" offset="46" sl="617" sc="7" el="617" ec="45" bec="0" bev="0" fileid="119" />
                <SequencePoint vc="1" uspid="3580" ordinal="7" offset="53" sl="618" sc="7" el="618" ec="29" bec="0" bev="0" fileid="119" />
                <SequencePoint vc="1" uspid="3581" ordinal="8" offset="60" sl="619" sc="7" el="619" ec="37" bec="0" bev="0" fileid="119" />
                <SequencePoint vc="1" uspid="3582" ordinal="9" offset="71" sl="620" sc="7" el="620" ec="25" bec="0" bev="0" fileid="119" />
                <SequencePoint vc="1" uspid="3583" ordinal="10" offset="78" sl="621" sc="7" el="621" ec="50" bec="0" bev="0" fileid="119" />
                <SequencePoint vc="1" uspid="3584" ordinal="11" offset="96" sl="623" sc="7" el="623" ec="49" bec="0" bev="0" fileid="119" />
                <SequencePoint vc="1" uspid="3585" ordinal="12" offset="102" sl="624" sc="7" el="624" ec="113" bec="0" bev="0" fileid="119" />
                <SequencePoint vc="1" uspid="3586" ordinal="13" offset="121" sl="625" sc="7" el="625" ec="29" bec="2" bev="1" fileid="119" />
                <SequencePoint vc="0" uspid="3587" ordinal="14" offset="124" sl="626" sc="9" el="626" ec="22" bec="0" bev="0" fileid="119" />
                <SequencePoint vc="1" uspid="3588" ordinal="15" offset="126" sl="628" sc="7" el="628" ec="34" bec="0" bev="0" fileid="119" />
              </SequencePoints>
              <BranchPoints>
                <BranchPoint vc="0" uspid="3589" ordinal="0" offset="1" sl="610" path="0" offsetend="3" fileid="119" />
                <BranchPoint vc="1" uspid="3590" ordinal="1" offset="1" sl="610" path="1" offsetend="14" fileid="119" />
                <BranchPoint vc="0" uspid="3591" ordinal="2" offset="20" sl="612" path="0" offsetend="22" fileid="119" />
                <BranchPoint vc="1" uspid="3592" ordinal="3" offset="20" sl="612" path="1" offsetend="33" fileid="119" />
                <BranchPoint vc="0" uspid="3593" ordinal="4" offset="122" sl="625" path="0" offsetend="124" fileid="119" />
                <BranchPoint vc="1" uspid="3594" ordinal="5" offset="122" sl="625" path="1" offsetend="126" fileid="119" />
              </BranchPoints>
              <MethodPoint xsi:type="SequencePoint" vc="1" uspid="3573" ordinal="0" offset="0" sl="610" sc="7" el="610" ec="28" bec="2" bev="1" fileid="119" />
            </Method>
            <Method visited="true" cyclomaticComplexity="2" nPathComplexity="2" sequenceCoverage="100" branchCoverage="66.67" isConstructor="false" isStatic="false" isGetter="false" isSetter="false">
              <Summary numSequencePoints="3" visitedSequencePoints="3" numBranchPoints="3" visitedBranchPoints="2" sequenceCoverage="100" branchCoverage="66.67" maxCyclomaticComplexity="2" minCyclomaticComplexity="2" visitedClasses="0" numClasses="0" visitedMethods="1" numMethods="1" />
              <MetadataToken>100664404</MetadataToken>
              <Name>System.Void IBM.Watson.DeveloperCloud.Services.TextToSpeech.v1.TextToSpeech::OnDeleteCustomizationResp(IBM.Watson.DeveloperCloud.Connection.RESTConnector/Request,IBM.Watson.DeveloperCloud.Connection.RESTConnector/Response)</Name>
              <FileRef uid="119" />
              <SequencePoints>
                <SequencePoint vc="1" uspid="3595" ordinal="0" offset="0" sl="640" sc="7" el="640" ec="62" bec="2" bev="1" fileid="119" />
                <SequencePoint vc="1" uspid="3596" ordinal="1" offset="13" sl="641" sc="9" el="641" ec="106" bec="0" bev="0" fileid="119" />
                <SequencePoint vc="1" uspid="3597" ordinal="2" offset="46" sl="642" sc="5" el="642" ec="6" bec="0" bev="0" fileid="119" />
              </SequencePoints>
              <BranchPoints>
                <BranchPoint vc="1" uspid="3598" ordinal="0" offset="11" sl="640" path="0" offsetend="13" fileid="119" />
                <BranchPoint vc="0" uspid="3599" ordinal="1" offset="11" sl="640" path="1" offsetend="46" fileid="119" />
              </BranchPoints>
              <MethodPoint xsi:type="SequencePoint" vc="1" uspid="3595" ordinal="0" offset="0" sl="640" sc="7" el="640" ec="62" bec="2" bev="1" fileid="119" />
            </Method>
            <Method visited="true" cyclomaticComplexity="4" nPathComplexity="8" sequenceCoverage="78.57" branchCoverage="57.14" isConstructor="false" isStatic="false" isGetter="false" isSetter="false">
              <Summary numSequencePoints="14" visitedSequencePoints="11" numBranchPoints="7" visitedBranchPoints="4" sequenceCoverage="78.57" branchCoverage="57.14" maxCyclomaticComplexity="4" minCyclomaticComplexity="4" visitedClasses="0" numClasses="0" visitedMethods="1" numMethods="1" />
              <MetadataToken>100664405</MetadataToken>
              <Name>System.Boolean IBM.Watson.DeveloperCloud.Services.TextToSpeech.v1.TextToSpeech::GetCustomization(IBM.Watson.DeveloperCloud.Services.TextToSpeech.v1.TextToSpeech/GetCustomizationCallback,System.String,System.String)</Name>
              <FileRef uid="119" />
              <SequencePoints>
                <SequencePoint vc="1" uspid="3600" ordinal="0" offset="0" sl="662" sc="7" el="662" ec="28" bec="2" bev="1" fileid="119" />
                <SequencePoint vc="0" uspid="3601" ordinal="1" offset="3" sl="663" sc="9" el="663" ec="53" bec="0" bev="0" fileid="119" />
                <SequencePoint vc="1" uspid="3602" ordinal="2" offset="14" sl="664" sc="7" el="664" ec="49" bec="2" bev="1" fileid="119" />
                <SequencePoint vc="0" uspid="3603" ordinal="3" offset="22" sl="665" sc="9" el="665" ec="91" bec="0" bev="0" fileid="119" />
                <SequencePoint vc="1" uspid="3604" ordinal="4" offset="33" sl="667" sc="7" el="667" ec="67" bec="0" bev="0" fileid="119" />
                <SequencePoint vc="1" uspid="3605" ordinal="5" offset="39" sl="668" sc="7" el="668" ec="31" bec="0" bev="0" fileid="119" />
                <SequencePoint vc="1" uspid="3606" ordinal="6" offset="46" sl="669" sc="7" el="669" ec="45" bec="0" bev="0" fileid="119" />
                <SequencePoint vc="1" uspid="3607" ordinal="7" offset="53" sl="670" sc="7" el="670" ec="29" bec="0" bev="0" fileid="119" />
                <SequencePoint vc="1" uspid="3608" ordinal="8" offset="60" sl="671" sc="7" el="671" ec="47" bec="0" bev="0" fileid="119" />
                <SequencePoint vc="1" uspid="3609" ordinal="9" offset="78" sl="673" sc="7" el="673" ec="49" bec="0" bev="0" fileid="119" />
                <SequencePoint vc="1" uspid="3610" ordinal="10" offset="84" sl="674" sc="7" el="674" ec="113" bec="0" bev="0" fileid="119" />
                <SequencePoint vc="1" uspid="3611" ordinal="11" offset="103" sl="675" sc="7" el="675" ec="29" bec="2" bev="1" fileid="119" />
                <SequencePoint vc="0" uspid="3612" ordinal="12" offset="106" sl="676" sc="9" el="676" ec="22" bec="0" bev="0" fileid="119" />
                <SequencePoint vc="1" uspid="3613" ordinal="13" offset="108" sl="678" sc="7" el="678" ec="34" bec="0" bev="0" fileid="119" />
              </SequencePoints>
              <BranchPoints>
                <BranchPoint vc="0" uspid="3614" ordinal="0" offset="1" sl="662" path="0" offsetend="3" fileid="119" />
                <BranchPoint vc="1" uspid="3615" ordinal="1" offset="1" sl="662" path="1" offsetend="14" fileid="119" />
                <BranchPoint vc="0" uspid="3616" ordinal="2" offset="20" sl="664" path="0" offsetend="22" fileid="119" />
                <BranchPoint vc="1" uspid="3617" ordinal="3" offset="20" sl="664" path="1" offsetend="33" fileid="119" />
                <BranchPoint vc="0" uspid="3618" ordinal="4" offset="104" sl="675" path="0" offsetend="106" fileid="119" />
                <BranchPoint vc="1" uspid="3619" ordinal="5" offset="104" sl="675" path="1" offsetend="108" fileid="119" />
              </BranchPoints>
              <MethodPoint xsi:type="SequencePoint" vc="1" uspid="3600" ordinal="0" offset="0" sl="662" sc="7" el="662" ec="28" bec="2" bev="1" fileid="119" />
            </Method>
            <Method visited="true" cyclomaticComplexity="7" nPathComplexity="32" sequenceCoverage="66.67" branchCoverage="54.55" isConstructor="false" isStatic="false" isGetter="false" isSetter="false">
              <Summary numSequencePoints="18" visitedSequencePoints="12" numBranchPoints="11" visitedBranchPoints="6" sequenceCoverage="66.67" branchCoverage="54.55" maxCyclomaticComplexity="7" minCyclomaticComplexity="7" visitedClasses="0" numClasses="0" visitedMethods="1" numMethods="1" />
              <MetadataToken>100664406</MetadataToken>
              <Name>System.Void IBM.Watson.DeveloperCloud.Services.TextToSpeech.v1.TextToSpeech::OnGetCustomizationResp(IBM.Watson.DeveloperCloud.Connection.RESTConnector/Request,IBM.Watson.DeveloperCloud.Connection.RESTConnector/Response)</Name>
              <FileRef uid="119" />
              <SequencePoints>
                <SequencePoint vc="1" uspid="3620" ordinal="0" offset="0" sl="690" sc="7" el="690" ec="57" bec="0" bev="0" fileid="119" />
                <SequencePoint vc="1" uspid="3621" ordinal="1" offset="6" sl="691" sc="7" el="691" ec="24" bec="2" bev="1" fileid="119" />
                <SequencePoint vc="1" uspid="3622" ordinal="2" offset="17" sl="695" sc="11" el="695" ec="30" bec="0" bev="0" fileid="119" />
                <SequencePoint vc="1" uspid="3623" ordinal="3" offset="19" sl="696" sc="11" el="696" ec="89" bec="0" bev="0" fileid="119" />
                <SequencePoint vc="1" uspid="3624" ordinal="4" offset="43" sl="697" sc="11" el="697" ec="28" bec="2" bev="1" fileid="119" />
                <SequencePoint vc="0" uspid="3625" ordinal="5" offset="52" sl="698" sc="13" el="698" ec="60" bec="0" bev="0" fileid="119" />
                <SequencePoint vc="1" uspid="3626" ordinal="6" offset="65" sl="700" sc="11" el="700" ec="38" bec="0" bev="0" fileid="119" />
                <SequencePoint vc="1" uspid="3627" ordinal="7" offset="67" sl="701" sc="11" el="701" ec="74" bec="0" bev="0" fileid="119" />
                <SequencePoint vc="1" uspid="3628" ordinal="8" offset="87" sl="702" sc="11" el="702" ec="28" bec="2" bev="1" fileid="119" />
                <SequencePoint vc="0" uspid="3629" ordinal="9" offset="96" sl="703" sc="13" el="703" ec="60" bec="0" bev="0" fileid="119" />
                <SequencePoint vc="1" uspid="3630" ordinal="10" offset="109" sl="704" sc="9" el="704" ec="10" bec="0" bev="0" fileid="119" />
                <SequencePoint vc="0" uspid="3631" ordinal="11" offset="111" sl="705" sc="9" el="705" ec="28" bec="0" bev="0" fileid="119" />
                <SequencePoint vc="0" uspid="3632" ordinal="12" offset="113" sl="707" sc="11" el="707" ec="88" bec="0" bev="0" fileid="119" />
                <SequencePoint vc="0" uspid="3633" ordinal="13" offset="144" sl="708" sc="11" el="708" ec="32" bec="0" bev="0" fileid="119" />
                <SequencePoint vc="0" uspid="3634" ordinal="14" offset="151" sl="709" sc="9" el="709" ec="10" bec="0" bev="0" fileid="119" />
                <SequencePoint vc="1" uspid="3635" ordinal="15" offset="153" sl="712" sc="7" el="712" ec="59" bec="2" bev="1" fileid="119" />
                <SequencePoint vc="1" uspid="3636" ordinal="16" offset="166" sl="713" sc="9" el="713" ec="123" bec="2" bev="1" fileid="119" />
                <SequencePoint vc="1" uspid="3637" ordinal="17" offset="205" sl="714" sc="5" el="714" ec="6" bec="0" bev="0" fileid="119" />
              </SequencePoints>
              <BranchPoints>
                <BranchPoint vc="1" uspid="3638" ordinal="0" offset="12" sl="691" path="0" offsetend="17" fileid="119" />
                <BranchPoint vc="0" uspid="3639" ordinal="1" offset="12" sl="691" path="1" offsetend="153" fileid="119" />
                <BranchPoint vc="0" uspid="3640" ordinal="2" offset="50" sl="697" path="0" offsetend="52" fileid="119" />
                <BranchPoint vc="1" uspid="3641" ordinal="3" offset="50" sl="697" path="1" offsetend="65" fileid="119" />
                <BranchPoint vc="0" uspid="3642" ordinal="4" offset="94" sl="702" path="0" offsetend="96" fileid="119" />
                <BranchPoint vc="1" uspid="3643" ordinal="5" offset="94" sl="702" path="1" offsetend="109" fileid="119" />
                <BranchPoint vc="1" uspid="3644" ordinal="6" offset="164" sl="712" path="0" offsetend="166" fileid="119" />
                <BranchPoint vc="0" uspid="3645" ordinal="7" offset="164" sl="712" path="1" offsetend="205" fileid="119" />
                <BranchPoint vc="0" uspid="3646" ordinal="8" offset="183" sl="713" path="0" offsetend="185" fileid="119" />
                <BranchPoint vc="1" uspid="3647" ordinal="9" offset="183" sl="713" path="1" offsetend="188" fileid="119" />
              </BranchPoints>
              <MethodPoint xsi:type="SequencePoint" vc="1" uspid="3620" ordinal="0" offset="0" sl="690" sc="7" el="690" ec="57" bec="0" bev="0" fileid="119" />
            </Method>
            <Method visited="true" cyclomaticComplexity="5" nPathComplexity="16" sequenceCoverage="81.82" branchCoverage="55.56" isConstructor="false" isStatic="false" isGetter="false" isSetter="false">
              <Summary numSequencePoints="22" visitedSequencePoints="18" numBranchPoints="9" visitedBranchPoints="5" sequenceCoverage="81.82" branchCoverage="55.56" maxCyclomaticComplexity="5" minCyclomaticComplexity="5" visitedClasses="0" numClasses="0" visitedMethods="1" numMethods="1" />
              <MetadataToken>100664407</MetadataToken>
              <Name>System.Boolean IBM.Watson.DeveloperCloud.Services.TextToSpeech.v1.TextToSpeech::UpdateCustomization(IBM.Watson.DeveloperCloud.Services.TextToSpeech.v1.TextToSpeech/UpdateCustomizationCallback,System.String,IBM.Watson.DeveloperCloud.Services.TextToSpeech.v1.CustomVoiceUpdate,System.String)</Name>
              <FileRef uid="119" />
              <SequencePoints>
                <SequencePoint vc="1" uspid="3648" ordinal="0" offset="0" sl="736" sc="7" el="736" ec="28" bec="2" bev="1" fileid="119" />
                <SequencePoint vc="0" uspid="3649" ordinal="1" offset="3" sl="737" sc="9" el="737" ec="53" bec="0" bev="0" fileid="119" />
                <SequencePoint vc="1" uspid="3650" ordinal="2" offset="14" sl="738" sc="7" el="738" ec="49" bec="2" bev="1" fileid="119" />
                <SequencePoint vc="0" uspid="3651" ordinal="3" offset="22" sl="739" sc="9" el="739" ec="60" bec="0" bev="0" fileid="119" />
                <SequencePoint vc="1" uspid="3652" ordinal="4" offset="33" sl="740" sc="7" el="740" ec="40" bec="2" bev="1" fileid="119" />
                <SequencePoint vc="0" uspid="3653" ordinal="5" offset="41" sl="741" sc="9" el="741" ec="113" bec="0" bev="0" fileid="119" />
                <SequencePoint vc="1" uspid="3654" ordinal="6" offset="52" sl="744" sc="7" el="744" ec="123" bec="0" bev="0" fileid="119" />
                <SequencePoint vc="1" uspid="3655" ordinal="7" offset="81" sl="745" sc="7" el="745" ec="69" bec="0" bev="0" fileid="119" />
                <SequencePoint vc="1" uspid="3656" ordinal="8" offset="89" sl="747" sc="7" el="747" ec="73" bec="0" bev="0" fileid="119" />
                <SequencePoint vc="1" uspid="3657" ordinal="9" offset="95" sl="748" sc="7" el="748" ec="31" bec="0" bev="0" fileid="119" />
                <SequencePoint vc="1" uspid="3658" ordinal="10" offset="102" sl="749" sc="7" el="749" ec="49" bec="0" bev="0" fileid="119" />
                <SequencePoint vc="1" uspid="3659" ordinal="11" offset="109" sl="750" sc="7" el="750" ec="45" bec="0" bev="0" fileid="119" />
                <SequencePoint vc="1" uspid="3660" ordinal="12" offset="116" sl="751" sc="7" el="751" ec="29" bec="0" bev="0" fileid="119" />
                <SequencePoint vc="1" uspid="3661" ordinal="13" offset="124" sl="752" sc="7" el="752" ec="56" bec="0" bev="0" fileid="119" />
                <SequencePoint vc="1" uspid="3662" ordinal="14" offset="145" sl="753" sc="7" el="753" ec="50" bec="0" bev="0" fileid="119" />
                <SequencePoint vc="1" uspid="3663" ordinal="15" offset="166" sl="754" sc="7" el="754" ec="60" bec="0" bev="0" fileid="119" />
                <SequencePoint vc="1" uspid="3664" ordinal="16" offset="183" sl="755" sc="7" el="755" ec="50" bec="0" bev="0" fileid="119" />
                <SequencePoint vc="1" uspid="3665" ordinal="17" offset="201" sl="757" sc="7" el="757" ec="49" bec="0" bev="0" fileid="119" />
                <SequencePoint vc="1" uspid="3666" ordinal="18" offset="207" sl="758" sc="7" el="758" ec="113" bec="0" bev="0" fileid="119" />
                <SequencePoint vc="1" uspid="3667" ordinal="19" offset="227" sl="759" sc="7" el="759" ec="29" bec="2" bev="1" fileid="119" />
                <SequencePoint vc="0" uspid="3668" ordinal="20" offset="231" sl="760" sc="9" el="760" ec="22" bec="0" bev="0" fileid="119" />
                <SequencePoint vc="1" uspid="3669" ordinal="21" offset="233" sl="762" sc="7" el="762" ec="34" bec="0" bev="0" fileid="119" />
              </SequencePoints>
              <BranchPoints>
                <BranchPoint vc="0" uspid="3670" ordinal="0" offset="1" sl="736" path="0" offsetend="3" fileid="119" />
                <BranchPoint vc="1" uspid="3671" ordinal="1" offset="1" sl="736" path="1" offsetend="14" fileid="119" />
                <BranchPoint vc="0" uspid="3672" ordinal="2" offset="20" sl="738" path="0" offsetend="22" fileid="119" />
                <BranchPoint vc="1" uspid="3673" ordinal="3" offset="20" sl="738" path="1" offsetend="33" fileid="119" />
                <BranchPoint vc="0" uspid="3674" ordinal="4" offset="39" sl="740" path="0" offsetend="41" fileid="119" />
                <BranchPoint vc="1" uspid="3675" ordinal="5" offset="39" sl="740" path="1" offsetend="52" fileid="119" />
                <BranchPoint vc="0" uspid="3676" ordinal="6" offset="229" sl="759" path="0" offsetend="231" fileid="119" />
                <BranchPoint vc="1" uspid="3677" ordinal="7" offset="229" sl="759" path="1" offsetend="233" fileid="119" />
              </BranchPoints>
              <MethodPoint xsi:type="SequencePoint" vc="1" uspid="3648" ordinal="0" offset="0" sl="736" sc="7" el="736" ec="28" bec="2" bev="1" fileid="119" />
            </Method>
            <Method visited="true" cyclomaticComplexity="2" nPathComplexity="2" sequenceCoverage="100" branchCoverage="66.67" isConstructor="false" isStatic="false" isGetter="false" isSetter="false">
              <Summary numSequencePoints="3" visitedSequencePoints="3" numBranchPoints="3" visitedBranchPoints="2" sequenceCoverage="100" branchCoverage="66.67" maxCyclomaticComplexity="2" minCyclomaticComplexity="2" visitedClasses="0" numClasses="0" visitedMethods="1" numMethods="1" />
              <MetadataToken>100664408</MetadataToken>
              <Name>System.Void IBM.Watson.DeveloperCloud.Services.TextToSpeech.v1.TextToSpeech::OnUpdateCustomizationResp(IBM.Watson.DeveloperCloud.Connection.RESTConnector/Request,IBM.Watson.DeveloperCloud.Connection.RESTConnector/Response)</Name>
              <FileRef uid="119" />
              <SequencePoints>
                <SequencePoint vc="1" uspid="3678" ordinal="0" offset="0" sl="777" sc="7" el="777" ec="62" bec="2" bev="1" fileid="119" />
                <SequencePoint vc="1" uspid="3679" ordinal="1" offset="13" sl="778" sc="9" el="778" ec="106" bec="0" bev="0" fileid="119" />
                <SequencePoint vc="1" uspid="3680" ordinal="2" offset="46" sl="779" sc="5" el="779" ec="6" bec="0" bev="0" fileid="119" />
              </SequencePoints>
              <BranchPoints>
                <BranchPoint vc="1" uspid="3681" ordinal="0" offset="11" sl="777" path="0" offsetend="13" fileid="119" />
                <BranchPoint vc="0" uspid="3682" ordinal="1" offset="11" sl="777" path="1" offsetend="46" fileid="119" />
              </BranchPoints>
              <MethodPoint xsi:type="SequencePoint" vc="1" uspid="3678" ordinal="0" offset="0" sl="777" sc="7" el="777" ec="62" bec="2" bev="1" fileid="119" />
            </Method>
            <Method visited="true" cyclomaticComplexity="4" nPathComplexity="8" sequenceCoverage="78.57" branchCoverage="57.14" isConstructor="false" isStatic="false" isGetter="false" isSetter="false">
              <Summary numSequencePoints="14" visitedSequencePoints="11" numBranchPoints="7" visitedBranchPoints="4" sequenceCoverage="78.57" branchCoverage="57.14" maxCyclomaticComplexity="4" minCyclomaticComplexity="4" visitedClasses="0" numClasses="0" visitedMethods="1" numMethods="1" />
              <MetadataToken>100664409</MetadataToken>
              <Name>System.Boolean IBM.Watson.DeveloperCloud.Services.TextToSpeech.v1.TextToSpeech::GetCustomizationWords(IBM.Watson.DeveloperCloud.Services.TextToSpeech.v1.TextToSpeech/GetCustomizationWordsCallback,System.String,System.String)</Name>
              <FileRef uid="119" />
              <SequencePoints>
                <SequencePoint vc="1" uspid="3683" ordinal="0" offset="0" sl="799" sc="7" el="799" ec="28" bec="2" bev="1" fileid="119" />
                <SequencePoint vc="0" uspid="3684" ordinal="1" offset="3" sl="800" sc="9" el="800" ec="53" bec="0" bev="0" fileid="119" />
                <SequencePoint vc="1" uspid="3685" ordinal="2" offset="14" sl="801" sc="7" el="801" ec="49" bec="2" bev="1" fileid="119" />
                <SequencePoint vc="0" uspid="3686" ordinal="3" offset="22" sl="802" sc="9" el="802" ec="111" bec="0" bev="0" fileid="119" />
                <SequencePoint vc="1" uspid="3687" ordinal="4" offset="33" sl="804" sc="7" el="804" ec="77" bec="0" bev="0" fileid="119" />
                <SequencePoint vc="1" uspid="3688" ordinal="5" offset="39" sl="805" sc="7" el="805" ec="31" bec="0" bev="0" fileid="119" />
                <SequencePoint vc="1" uspid="3689" ordinal="6" offset="46" sl="806" sc="7" el="806" ec="45" bec="0" bev="0" fileid="119" />
                <SequencePoint vc="1" uspid="3690" ordinal="7" offset="53" sl="807" sc="7" el="807" ec="29" bec="0" bev="0" fileid="119" />
                <SequencePoint vc="1" uspid="3691" ordinal="8" offset="60" sl="808" sc="7" el="808" ec="52" bec="0" bev="0" fileid="119" />
                <SequencePoint vc="1" uspid="3692" ordinal="9" offset="78" sl="810" sc="7" el="810" ec="55" bec="0" bev="0" fileid="119" />
                <SequencePoint vc="1" uspid="3693" ordinal="10" offset="84" sl="811" sc="7" el="811" ec="113" bec="0" bev="0" fileid="119" />
                <SequencePoint vc="1" uspid="3694" ordinal="11" offset="103" sl="812" sc="7" el="812" ec="29" bec="2" bev="1" fileid="119" />
                <SequencePoint vc="0" uspid="3695" ordinal="12" offset="106" sl="813" sc="9" el="813" ec="22" bec="0" bev="0" fileid="119" />
                <SequencePoint vc="1" uspid="3696" ordinal="13" offset="108" sl="815" sc="7" el="815" ec="34" bec="0" bev="0" fileid="119" />
              </SequencePoints>
              <BranchPoints>
                <BranchPoint vc="0" uspid="3697" ordinal="0" offset="1" sl="799" path="0" offsetend="3" fileid="119" />
                <BranchPoint vc="1" uspid="3698" ordinal="1" offset="1" sl="799" path="1" offsetend="14" fileid="119" />
                <BranchPoint vc="0" uspid="3699" ordinal="2" offset="20" sl="801" path="0" offsetend="22" fileid="119" />
                <BranchPoint vc="1" uspid="3700" ordinal="3" offset="20" sl="801" path="1" offsetend="33" fileid="119" />
                <BranchPoint vc="0" uspid="3701" ordinal="4" offset="104" sl="812" path="0" offsetend="106" fileid="119" />
                <BranchPoint vc="1" uspid="3702" ordinal="5" offset="104" sl="812" path="1" offsetend="108" fileid="119" />
              </BranchPoints>
              <MethodPoint xsi:type="SequencePoint" vc="1" uspid="3683" ordinal="0" offset="0" sl="799" sc="7" el="799" ec="28" bec="2" bev="1" fileid="119" />
            </Method>
            <Method visited="true" cyclomaticComplexity="7" nPathComplexity="32" sequenceCoverage="66.67" branchCoverage="54.55" isConstructor="false" isStatic="false" isGetter="false" isSetter="false">
              <Summary numSequencePoints="18" visitedSequencePoints="12" numBranchPoints="11" visitedBranchPoints="6" sequenceCoverage="66.67" branchCoverage="54.55" maxCyclomaticComplexity="7" minCyclomaticComplexity="7" visitedClasses="0" numClasses="0" visitedMethods="1" numMethods="1" />
              <MetadataToken>100664410</MetadataToken>
              <Name>System.Void IBM.Watson.DeveloperCloud.Services.TextToSpeech.v1.TextToSpeech::OnGetCustomizationWordsResp(IBM.Watson.DeveloperCloud.Connection.RESTConnector/Request,IBM.Watson.DeveloperCloud.Connection.RESTConnector/Response)</Name>
              <FileRef uid="119" />
              <SequencePoints>
                <SequencePoint vc="1" uspid="3703" ordinal="0" offset="0" sl="827" sc="7" el="827" ec="33" bec="0" bev="0" fileid="119" />
                <SequencePoint vc="1" uspid="3704" ordinal="1" offset="6" sl="828" sc="7" el="828" ec="24" bec="2" bev="1" fileid="119" />
                <SequencePoint vc="1" uspid="3705" ordinal="2" offset="17" sl="832" sc="11" el="832" ec="30" bec="0" bev="0" fileid="119" />
                <SequencePoint vc="1" uspid="3706" ordinal="3" offset="19" sl="833" sc="11" el="833" ec="89" bec="0" bev="0" fileid="119" />
                <SequencePoint vc="1" uspid="3707" ordinal="4" offset="43" sl="834" sc="11" el="834" ec="28" bec="2" bev="1" fileid="119" />
                <SequencePoint vc="0" uspid="3708" ordinal="5" offset="52" sl="835" sc="13" el="835" ec="60" bec="0" bev="0" fileid="119" />
                <SequencePoint vc="1" uspid="3709" ordinal="6" offset="65" sl="837" sc="11" el="837" ec="30" bec="0" bev="0" fileid="119" />
                <SequencePoint vc="1" uspid="3710" ordinal="7" offset="67" sl="838" sc="11" el="838" ec="74" bec="0" bev="0" fileid="119" />
                <SequencePoint vc="1" uspid="3711" ordinal="8" offset="87" sl="839" sc="11" el="839" ec="28" bec="2" bev="1" fileid="119" />
                <SequencePoint vc="0" uspid="3712" ordinal="9" offset="96" sl="840" sc="13" el="840" ec="60" bec="0" bev="0" fileid="119" />
                <SequencePoint vc="1" uspid="3713" ordinal="10" offset="109" sl="841" sc="9" el="841" ec="10" bec="0" bev="0" fileid="119" />
                <SequencePoint vc="0" uspid="3714" ordinal="11" offset="111" sl="842" sc="9" el="842" ec="28" bec="0" bev="0" fileid="119" />
                <SequencePoint vc="0" uspid="3715" ordinal="12" offset="113" sl="844" sc="11" el="844" ec="93" bec="0" bev="0" fileid="119" />
                <SequencePoint vc="0" uspid="3716" ordinal="13" offset="144" sl="845" sc="11" el="845" ec="32" bec="0" bev="0" fileid="119" />
                <SequencePoint vc="0" uspid="3717" ordinal="14" offset="151" sl="846" sc="9" el="846" ec="10" bec="0" bev="0" fileid="119" />
                <SequencePoint vc="1" uspid="3718" ordinal="15" offset="153" sl="849" sc="7" el="849" ec="64" bec="2" bev="1" fileid="119" />
                <SequencePoint vc="1" uspid="3719" ordinal="16" offset="166" sl="850" sc="9" el="850" ec="125" bec="2" bev="1" fileid="119" />
                <SequencePoint vc="1" uspid="3720" ordinal="17" offset="205" sl="851" sc="5" el="851" ec="6" bec="0" bev="0" fileid="119" />
              </SequencePoints>
              <BranchPoints>
                <BranchPoint vc="1" uspid="3721" ordinal="0" offset="12" sl="828" path="0" offsetend="17" fileid="119" />
                <BranchPoint vc="0" uspid="3722" ordinal="1" offset="12" sl="828" path="1" offsetend="153" fileid="119" />
                <BranchPoint vc="0" uspid="3723" ordinal="2" offset="50" sl="834" path="0" offsetend="52" fileid="119" />
                <BranchPoint vc="1" uspid="3724" ordinal="3" offset="50" sl="834" path="1" offsetend="65" fileid="119" />
                <BranchPoint vc="0" uspid="3725" ordinal="4" offset="94" sl="839" path="0" offsetend="96" fileid="119" />
                <BranchPoint vc="1" uspid="3726" ordinal="5" offset="94" sl="839" path="1" offsetend="109" fileid="119" />
                <BranchPoint vc="1" uspid="3727" ordinal="6" offset="164" sl="849" path="0" offsetend="166" fileid="119" />
                <BranchPoint vc="0" uspid="3728" ordinal="7" offset="164" sl="849" path="1" offsetend="205" fileid="119" />
                <BranchPoint vc="0" uspid="3729" ordinal="8" offset="183" sl="850" path="0" offsetend="185" fileid="119" />
                <BranchPoint vc="1" uspid="3730" ordinal="9" offset="183" sl="850" path="1" offsetend="188" fileid="119" />
              </BranchPoints>
              <MethodPoint xsi:type="SequencePoint" vc="1" uspid="3703" ordinal="0" offset="0" sl="827" sc="7" el="827" ec="33" bec="0" bev="0" fileid="119" />
            </Method>
            <Method visited="true" cyclomaticComplexity="5" nPathComplexity="16" sequenceCoverage="81.82" branchCoverage="55.56" isConstructor="false" isStatic="false" isGetter="false" isSetter="false">
              <Summary numSequencePoints="22" visitedSequencePoints="18" numBranchPoints="9" visitedBranchPoints="5" sequenceCoverage="81.82" branchCoverage="55.56" maxCyclomaticComplexity="5" minCyclomaticComplexity="5" visitedClasses="0" numClasses="0" visitedMethods="1" numMethods="1" />
              <MetadataToken>100664411</MetadataToken>
              <Name>System.Boolean IBM.Watson.DeveloperCloud.Services.TextToSpeech.v1.TextToSpeech::AddCustomizationWords(IBM.Watson.DeveloperCloud.Services.TextToSpeech.v1.TextToSpeech/AddCustomizationWordsCallback,System.String,IBM.Watson.DeveloperCloud.Services.TextToSpeech.v1.Words,System.String)</Name>
              <FileRef uid="119" />
              <SequencePoints>
                <SequencePoint vc="1" uspid="3731" ordinal="0" offset="0" sl="873" sc="7" el="873" ec="28" bec="2" bev="1" fileid="119" />
                <SequencePoint vc="0" uspid="3732" ordinal="1" offset="3" sl="874" sc="9" el="874" ec="53" bec="0" bev="0" fileid="119" />
                <SequencePoint vc="1" uspid="3733" ordinal="2" offset="14" sl="875" sc="7" el="875" ec="49" bec="2" bev="1" fileid="119" />
                <SequencePoint vc="0" uspid="3734" ordinal="3" offset="22" sl="876" sc="9" el="876" ec="60" bec="0" bev="0" fileid="119" />
                <SequencePoint vc="1" uspid="3735" ordinal="4" offset="33" sl="877" sc="7" el="877" ec="28" bec="2" bev="1" fileid="119" />
                <SequencePoint vc="0" uspid="3736" ordinal="5" offset="41" sl="878" sc="9" el="878" ec="105" bec="0" bev="0" fileid="119" />
                <SequencePoint vc="1" uspid="3737" ordinal="6" offset="52" sl="881" sc="7" el="881" ec="99" bec="0" bev="0" fileid="119" />
                <SequencePoint vc="1" uspid="3738" ordinal="7" offset="81" sl="882" sc="7" el="882" ec="69" bec="0" bev="0" fileid="119" />
                <SequencePoint vc="1" uspid="3739" ordinal="8" offset="89" sl="884" sc="7" el="884" ec="77" bec="0" bev="0" fileid="119" />
                <SequencePoint vc="1" uspid="3740" ordinal="9" offset="95" sl="885" sc="7" el="885" ec="31" bec="0" bev="0" fileid="119" />
                <SequencePoint vc="1" uspid="3741" ordinal="10" offset="102" sl="886" sc="7" el="886" ec="25" bec="0" bev="0" fileid="119" />
                <SequencePoint vc="1" uspid="3742" ordinal="11" offset="109" sl="887" sc="7" el="887" ec="45" bec="0" bev="0" fileid="119" />
                <SequencePoint vc="1" uspid="3743" ordinal="12" offset="116" sl="888" sc="7" el="888" ec="29" bec="0" bev="0" fileid="119" />
                <SequencePoint vc="1" uspid="3744" ordinal="13" offset="124" sl="889" sc="7" el="889" ec="56" bec="0" bev="0" fileid="119" />
                <SequencePoint vc="1" uspid="3745" ordinal="14" offset="145" sl="890" sc="7" el="890" ec="50" bec="0" bev="0" fileid="119" />
                <SequencePoint vc="1" uspid="3746" ordinal="15" offset="166" sl="891" sc="7" el="891" ec="60" bec="0" bev="0" fileid="119" />
                <SequencePoint vc="1" uspid="3747" ordinal="16" offset="183" sl="892" sc="7" el="892" ec="52" bec="0" bev="0" fileid="119" />
                <SequencePoint vc="1" uspid="3748" ordinal="17" offset="201" sl="894" sc="7" el="894" ec="55" bec="0" bev="0" fileid="119" />
                <SequencePoint vc="1" uspid="3749" ordinal="18" offset="207" sl="895" sc="7" el="895" ec="113" bec="0" bev="0" fileid="119" />
                <SequencePoint vc="1" uspid="3750" ordinal="19" offset="227" sl="896" sc="7" el="896" ec="29" bec="2" bev="1" fileid="119" />
                <SequencePoint vc="0" uspid="3751" ordinal="20" offset="231" sl="897" sc="9" el="897" ec="22" bec="0" bev="0" fileid="119" />
                <SequencePoint vc="1" uspid="3752" ordinal="21" offset="233" sl="899" sc="7" el="899" ec="34" bec="0" bev="0" fileid="119" />
              </SequencePoints>
              <BranchPoints>
                <BranchPoint vc="0" uspid="3753" ordinal="0" offset="1" sl="873" path="0" offsetend="3" fileid="119" />
                <BranchPoint vc="1" uspid="3754" ordinal="1" offset="1" sl="873" path="1" offsetend="14" fileid="119" />
                <BranchPoint vc="0" uspid="3755" ordinal="2" offset="20" sl="875" path="0" offsetend="22" fileid="119" />
                <BranchPoint vc="1" uspid="3756" ordinal="3" offset="20" sl="875" path="1" offsetend="33" fileid="119" />
                <BranchPoint vc="0" uspid="3757" ordinal="4" offset="39" sl="877" path="0" offsetend="41" fileid="119" />
                <BranchPoint vc="1" uspid="3758" ordinal="5" offset="39" sl="877" path="1" offsetend="52" fileid="119" />
                <BranchPoint vc="0" uspid="3759" ordinal="6" offset="229" sl="896" path="0" offsetend="231" fileid="119" />
                <BranchPoint vc="1" uspid="3760" ordinal="7" offset="229" sl="896" path="1" offsetend="233" fileid="119" />
              </BranchPoints>
              <MethodPoint xsi:type="SequencePoint" vc="1" uspid="3731" ordinal="0" offset="0" sl="873" sc="7" el="873" ec="28" bec="2" bev="1" fileid="119" />
            </Method>
            <Method visited="true" cyclomaticComplexity="2" nPathComplexity="2" sequenceCoverage="100" branchCoverage="66.67" isConstructor="false" isStatic="false" isGetter="false" isSetter="false">
              <Summary numSequencePoints="3" visitedSequencePoints="3" numBranchPoints="3" visitedBranchPoints="2" sequenceCoverage="100" branchCoverage="66.67" maxCyclomaticComplexity="2" minCyclomaticComplexity="2" visitedClasses="0" numClasses="0" visitedMethods="1" numMethods="1" />
              <MetadataToken>100664412</MetadataToken>
              <Name>System.Void IBM.Watson.DeveloperCloud.Services.TextToSpeech.v1.TextToSpeech::OnAddCustomizationWordsResp(IBM.Watson.DeveloperCloud.Connection.RESTConnector/Request,IBM.Watson.DeveloperCloud.Connection.RESTConnector/Response)</Name>
              <FileRef uid="119" />
              <SequencePoints>
                <SequencePoint vc="1" uspid="3761" ordinal="0" offset="0" sl="914" sc="7" el="914" ec="64" bec="2" bev="1" fileid="119" />
                <SequencePoint vc="1" uspid="3762" ordinal="1" offset="13" sl="915" sc="9" el="915" ec="110" bec="0" bev="0" fileid="119" />
                <SequencePoint vc="1" uspid="3763" ordinal="2" offset="46" sl="916" sc="5" el="916" ec="6" bec="0" bev="0" fileid="119" />
              </SequencePoints>
              <BranchPoints>
                <BranchPoint vc="1" uspid="3764" ordinal="0" offset="11" sl="914" path="0" offsetend="13" fileid="119" />
                <BranchPoint vc="0" uspid="3765" ordinal="1" offset="11" sl="914" path="1" offsetend="46" fileid="119" />
              </BranchPoints>
              <MethodPoint xsi:type="SequencePoint" vc="1" uspid="3761" ordinal="0" offset="0" sl="914" sc="7" el="914" ec="64" bec="2" bev="1" fileid="119" />
            </Method>
            <Method visited="true" cyclomaticComplexity="5" nPathComplexity="16" sequenceCoverage="78.95" branchCoverage="55.56" isConstructor="false" isStatic="false" isGetter="false" isSetter="false">
              <Summary numSequencePoints="19" visitedSequencePoints="15" numBranchPoints="9" visitedBranchPoints="5" sequenceCoverage="78.95" branchCoverage="55.56" maxCyclomaticComplexity="5" minCyclomaticComplexity="5" visitedClasses="0" numClasses="0" visitedMethods="1" numMethods="1" />
              <MetadataToken>100664413</MetadataToken>
              <Name>System.Boolean IBM.Watson.DeveloperCloud.Services.TextToSpeech.v1.TextToSpeech::DeleteCustomizationWord(IBM.Watson.DeveloperCloud.Services.TextToSpeech.v1.TextToSpeech/OnDeleteCustomizationWordCallback,System.String,System.String,System.String)</Name>
              <FileRef uid="119" />
              <SequencePoints>
                <SequencePoint vc="1" uspid="3766" ordinal="0" offset="0" sl="937" sc="7" el="937" ec="28" bec="2" bev="1" fileid="119" />
                <SequencePoint vc="0" uspid="3767" ordinal="1" offset="3" sl="938" sc="9" el="938" ec="53" bec="0" bev="0" fileid="119" />
                <SequencePoint vc="1" uspid="3768" ordinal="2" offset="14" sl="939" sc="7" el="939" ec="49" bec="2" bev="1" fileid="119" />
                <SequencePoint vc="0" uspid="3769" ordinal="3" offset="22" sl="940" sc="9" el="940" ec="102" bec="0" bev="0" fileid="119" />
                <SequencePoint vc="1" uspid="3770" ordinal="4" offset="33" sl="941" sc="7" el="941" ec="38" bec="2" bev="1" fileid="119" />
                <SequencePoint vc="0" uspid="3771" ordinal="5" offset="41" sl="942" sc="9" el="942" ec="101" bec="0" bev="0" fileid="119" />
                <SequencePoint vc="1" uspid="3772" ordinal="6" offset="52" sl="944" sc="7" el="944" ec="81" bec="0" bev="0" fileid="119" />
                <SequencePoint vc="1" uspid="3773" ordinal="7" offset="58" sl="945" sc="7" el="945" ec="31" bec="0" bev="0" fileid="119" />
                <SequencePoint vc="1" uspid="3774" ordinal="8" offset="65" sl="946" sc="7" el="946" ec="45" bec="0" bev="0" fileid="119" />
                <SequencePoint vc="1" uspid="3775" ordinal="9" offset="72" sl="947" sc="7" el="947" ec="23" bec="0" bev="0" fileid="119" />
                <SequencePoint vc="1" uspid="3776" ordinal="10" offset="79" sl="948" sc="7" el="948" ec="29" bec="0" bev="0" fileid="119" />
                <SequencePoint vc="1" uspid="3777" ordinal="11" offset="87" sl="949" sc="7" el="949" ec="37" bec="0" bev="0" fileid="119" />
                <SequencePoint vc="1" uspid="3778" ordinal="12" offset="98" sl="950" sc="7" el="950" ec="25" bec="0" bev="0" fileid="119" />
                <SequencePoint vc="1" uspid="3779" ordinal="13" offset="105" sl="951" sc="7" el="951" ec="54" bec="0" bev="0" fileid="119" />
                <SequencePoint vc="1" uspid="3780" ordinal="14" offset="123" sl="953" sc="7" el="953" ec="59" bec="0" bev="0" fileid="119" />
                <SequencePoint vc="1" uspid="3781" ordinal="15" offset="129" sl="954" sc="7" el="954" ec="119" bec="0" bev="0" fileid="119" />
                <SequencePoint vc="1" uspid="3782" ordinal="16" offset="149" sl="955" sc="7" el="955" ec="29" bec="2" bev="1" fileid="119" />
                <SequencePoint vc="0" uspid="3783" ordinal="17" offset="152" sl="956" sc="9" el="956" ec="22" bec="0" bev="0" fileid="119" />
                <SequencePoint vc="1" uspid="3784" ordinal="18" offset="154" sl="958" sc="7" el="958" ec="34" bec="0" bev="0" fileid="119" />
              </SequencePoints>
              <BranchPoints>
                <BranchPoint vc="0" uspid="3785" ordinal="0" offset="1" sl="937" path="0" offsetend="3" fileid="119" />
                <BranchPoint vc="1" uspid="3786" ordinal="1" offset="1" sl="937" path="1" offsetend="14" fileid="119" />
                <BranchPoint vc="0" uspid="3787" ordinal="2" offset="20" sl="939" path="0" offsetend="22" fileid="119" />
                <BranchPoint vc="1" uspid="3788" ordinal="3" offset="20" sl="939" path="1" offsetend="33" fileid="119" />
                <BranchPoint vc="0" uspid="3789" ordinal="4" offset="39" sl="941" path="0" offsetend="41" fileid="119" />
                <BranchPoint vc="1" uspid="3790" ordinal="5" offset="39" sl="941" path="1" offsetend="52" fileid="119" />
                <BranchPoint vc="0" uspid="3791" ordinal="6" offset="150" sl="955" path="0" offsetend="152" fileid="119" />
                <BranchPoint vc="1" uspid="3792" ordinal="7" offset="150" sl="955" path="1" offsetend="154" fileid="119" />
              </BranchPoints>
              <MethodPoint xsi:type="SequencePoint" vc="1" uspid="3766" ordinal="0" offset="0" sl="937" sc="7" el="937" ec="28" bec="2" bev="1" fileid="119" />
            </Method>
            <Method visited="true" cyclomaticComplexity="2" nPathComplexity="2" sequenceCoverage="100" branchCoverage="66.67" isConstructor="false" isStatic="false" isGetter="false" isSetter="false">
              <Summary numSequencePoints="3" visitedSequencePoints="3" numBranchPoints="3" visitedBranchPoints="2" sequenceCoverage="100" branchCoverage="66.67" maxCyclomaticComplexity="2" minCyclomaticComplexity="2" visitedClasses="0" numClasses="0" visitedMethods="1" numMethods="1" />
              <MetadataToken>100664414</MetadataToken>
              <Name>System.Void IBM.Watson.DeveloperCloud.Services.TextToSpeech.v1.TextToSpeech::OnDeleteCustomizationWordResp(IBM.Watson.DeveloperCloud.Connection.RESTConnector/Request,IBM.Watson.DeveloperCloud.Connection.RESTConnector/Response)</Name>
              <FileRef uid="119" />
              <SequencePoints>
                <SequencePoint vc="1" uspid="3793" ordinal="0" offset="0" sl="971" sc="7" el="971" ec="66" bec="2" bev="1" fileid="119" />
                <SequencePoint vc="1" uspid="3794" ordinal="1" offset="13" sl="972" sc="9" el="972" ec="114" bec="0" bev="0" fileid="119" />
                <SequencePoint vc="1" uspid="3795" ordinal="2" offset="46" sl="973" sc="5" el="973" ec="6" bec="0" bev="0" fileid="119" />
              </SequencePoints>
              <BranchPoints>
                <BranchPoint vc="1" uspid="3796" ordinal="0" offset="11" sl="971" path="0" offsetend="13" fileid="119" />
                <BranchPoint vc="0" uspid="3797" ordinal="1" offset="11" sl="971" path="1" offsetend="46" fileid="119" />
              </BranchPoints>
              <MethodPoint xsi:type="SequencePoint" vc="1" uspid="3793" ordinal="0" offset="0" sl="971" sc="7" el="971" ec="66" bec="2" bev="1" fileid="119" />
            </Method>
            <Method visited="true" cyclomaticComplexity="5" nPathComplexity="16" sequenceCoverage="76.47" branchCoverage="55.56" isConstructor="false" isStatic="false" isGetter="false" isSetter="false">
              <Summary numSequencePoints="17" visitedSequencePoints="13" numBranchPoints="9" visitedBranchPoints="5" sequenceCoverage="76.47" branchCoverage="55.56" maxCyclomaticComplexity="5" minCyclomaticComplexity="5" visitedClasses="0" numClasses="0" visitedMethods="1" numMethods="1" />
              <MetadataToken>100664415</MetadataToken>
              <Name>System.Boolean IBM.Watson.DeveloperCloud.Services.TextToSpeech.v1.TextToSpeech::GetCustomizationWord(IBM.Watson.DeveloperCloud.Services.TextToSpeech.v1.TextToSpeech/GetCustomizationWordCallback,System.String,System.String,System.String)</Name>
              <FileRef uid="119" />
              <SequencePoints>
                <SequencePoint vc="1" uspid="3798" ordinal="0" offset="0" sl="994" sc="7" el="994" ec="28" bec="2" bev="1" fileid="119" />
                <SequencePoint vc="0" uspid="3799" ordinal="1" offset="3" sl="995" sc="9" el="995" ec="53" bec="0" bev="0" fileid="119" />
                <SequencePoint vc="1" uspid="3800" ordinal="2" offset="14" sl="996" sc="7" el="996" ec="49" bec="2" bev="1" fileid="119" />
                <SequencePoint vc="0" uspid="3801" ordinal="3" offset="22" sl="997" sc="9" el="997" ec="111" bec="0" bev="0" fileid="119" />
                <SequencePoint vc="1" uspid="3802" ordinal="4" offset="33" sl="998" sc="7" el="998" ec="38" bec="2" bev="1" fileid="119" />
                <SequencePoint vc="0" uspid="3803" ordinal="5" offset="41" sl="999" sc="9" el="999" ec="85" bec="0" bev="0" fileid="119" />
                <SequencePoint vc="1" uspid="3804" ordinal="6" offset="52" sl="1001" sc="7" el="1001" ec="75" bec="0" bev="0" fileid="119" />
                <SequencePoint vc="1" uspid="3805" ordinal="7" offset="58" sl="1002" sc="7" el="1002" ec="31" bec="0" bev="0" fileid="119" />
                <SequencePoint vc="1" uspid="3806" ordinal="8" offset="65" sl="1003" sc="7" el="1003" ec="45" bec="0" bev="0" fileid="119" />
                <SequencePoint vc="1" uspid="3807" ordinal="9" offset="72" sl="1004" sc="7" el="1004" ec="23" bec="0" bev="0" fileid="119" />
                <SequencePoint vc="1" uspid="3808" ordinal="10" offset="79" sl="1005" sc="7" el="1005" ec="29" bec="0" bev="0" fileid="119" />
                <SequencePoint vc="1" uspid="3809" ordinal="11" offset="87" sl="1006" sc="7" el="1006" ec="51" bec="0" bev="0" fileid="119" />
                <SequencePoint vc="1" uspid="3810" ordinal="12" offset="105" sl="1008" sc="7" el="1008" ec="59" bec="0" bev="0" fileid="119" />
                <SequencePoint vc="1" uspid="3811" ordinal="13" offset="111" sl="1009" sc="7" el="1009" ec="119" bec="0" bev="0" fileid="119" />
                <SequencePoint vc="1" uspid="3812" ordinal="14" offset="131" sl="1010" sc="7" el="1010" ec="29" bec="2" bev="1" fileid="119" />
                <SequencePoint vc="0" uspid="3813" ordinal="15" offset="134" sl="1011" sc="9" el="1011" ec="22" bec="0" bev="0" fileid="119" />
                <SequencePoint vc="1" uspid="3814" ordinal="16" offset="136" sl="1013" sc="7" el="1013" ec="34" bec="0" bev="0" fileid="119" />
              </SequencePoints>
              <BranchPoints>
                <BranchPoint vc="0" uspid="3815" ordinal="0" offset="1" sl="994" path="0" offsetend="3" fileid="119" />
                <BranchPoint vc="1" uspid="3816" ordinal="1" offset="1" sl="994" path="1" offsetend="14" fileid="119" />
                <BranchPoint vc="0" uspid="3817" ordinal="2" offset="20" sl="996" path="0" offsetend="22" fileid="119" />
                <BranchPoint vc="1" uspid="3818" ordinal="3" offset="20" sl="996" path="1" offsetend="33" fileid="119" />
                <BranchPoint vc="0" uspid="3819" ordinal="4" offset="39" sl="998" path="0" offsetend="41" fileid="119" />
                <BranchPoint vc="1" uspid="3820" ordinal="5" offset="39" sl="998" path="1" offsetend="52" fileid="119" />
                <BranchPoint vc="0" uspid="3821" ordinal="6" offset="132" sl="1010" path="0" offsetend="134" fileid="119" />
                <BranchPoint vc="1" uspid="3822" ordinal="7" offset="132" sl="1010" path="1" offsetend="136" fileid="119" />
              </BranchPoints>
              <MethodPoint xsi:type="SequencePoint" vc="1" uspid="3798" ordinal="0" offset="0" sl="994" sc="7" el="994" ec="28" bec="2" bev="1" fileid="119" />
            </Method>
            <Method visited="true" cyclomaticComplexity="7" nPathComplexity="32" sequenceCoverage="66.67" branchCoverage="54.55" isConstructor="false" isStatic="false" isGetter="false" isSetter="false">
              <Summary numSequencePoints="18" visitedSequencePoints="12" numBranchPoints="11" visitedBranchPoints="6" sequenceCoverage="66.67" branchCoverage="54.55" maxCyclomaticComplexity="7" minCyclomaticComplexity="7" visitedClasses="0" numClasses="0" visitedMethods="1" numMethods="1" />
              <MetadataToken>100664416</MetadataToken>
              <Name>System.Void IBM.Watson.DeveloperCloud.Services.TextToSpeech.v1.TextToSpeech::OnGetCustomizationWordResp(IBM.Watson.DeveloperCloud.Connection.RESTConnector/Request,IBM.Watson.DeveloperCloud.Connection.RESTConnector/Response)</Name>
              <FileRef uid="119" />
              <SequencePoints>
                <SequencePoint vc="1" uspid="3823" ordinal="0" offset="0" sl="1026" sc="7" el="1026" ec="51" bec="0" bev="0" fileid="119" />
                <SequencePoint vc="1" uspid="3824" ordinal="1" offset="6" sl="1027" sc="7" el="1027" ec="24" bec="2" bev="1" fileid="119" />
                <SequencePoint vc="1" uspid="3825" ordinal="2" offset="17" sl="1031" sc="11" el="1031" ec="30" bec="0" bev="0" fileid="119" />
                <SequencePoint vc="1" uspid="3826" ordinal="3" offset="19" sl="1032" sc="11" el="1032" ec="89" bec="0" bev="0" fileid="119" />
                <SequencePoint vc="1" uspid="3827" ordinal="4" offset="43" sl="1033" sc="11" el="1033" ec="28" bec="2" bev="1" fileid="119" />
                <SequencePoint vc="0" uspid="3828" ordinal="5" offset="52" sl="1034" sc="13" el="1034" ec="60" bec="0" bev="0" fileid="119" />
                <SequencePoint vc="1" uspid="3829" ordinal="6" offset="65" sl="1036" sc="11" el="1036" ec="36" bec="0" bev="0" fileid="119" />
                <SequencePoint vc="1" uspid="3830" ordinal="7" offset="67" sl="1037" sc="11" el="1037" ec="74" bec="0" bev="0" fileid="119" />
                <SequencePoint vc="1" uspid="3831" ordinal="8" offset="87" sl="1038" sc="11" el="1038" ec="28" bec="2" bev="1" fileid="119" />
                <SequencePoint vc="0" uspid="3832" ordinal="9" offset="96" sl="1039" sc="13" el="1039" ec="60" bec="0" bev="0" fileid="119" />
                <SequencePoint vc="1" uspid="3833" ordinal="10" offset="109" sl="1040" sc="9" el="1040" ec="10" bec="0" bev="0" fileid="119" />
                <SequencePoint vc="0" uspid="3834" ordinal="11" offset="111" sl="1041" sc="9" el="1041" ec="28" bec="0" bev="0" fileid="119" />
                <SequencePoint vc="0" uspid="3835" ordinal="12" offset="113" sl="1043" sc="11" el="1043" ec="92" bec="0" bev="0" fileid="119" />
                <SequencePoint vc="0" uspid="3836" ordinal="13" offset="144" sl="1044" sc="11" el="1044" ec="32" bec="0" bev="0" fileid="119" />
                <SequencePoint vc="0" uspid="3837" ordinal="14" offset="151" sl="1045" sc="9" el="1045" ec="10" bec="0" bev="0" fileid="119" />
                <SequencePoint vc="1" uspid="3838" ordinal="15" offset="153" sl="1048" sc="7" el="1048" ec="63" bec="2" bev="1" fileid="119" />
                <SequencePoint vc="1" uspid="3839" ordinal="16" offset="166" sl="1049" sc="9" el="1049" ec="129" bec="2" bev="1" fileid="119" />
                <SequencePoint vc="1" uspid="3840" ordinal="17" offset="205" sl="1050" sc="5" el="1050" ec="6" bec="0" bev="0" fileid="119" />
              </SequencePoints>
              <BranchPoints>
                <BranchPoint vc="1" uspid="3841" ordinal="0" offset="12" sl="1027" path="0" offsetend="17" fileid="119" />
                <BranchPoint vc="0" uspid="3842" ordinal="1" offset="12" sl="1027" path="1" offsetend="153" fileid="119" />
                <BranchPoint vc="0" uspid="3843" ordinal="2" offset="50" sl="1033" path="0" offsetend="52" fileid="119" />
                <BranchPoint vc="1" uspid="3844" ordinal="3" offset="50" sl="1033" path="1" offsetend="65" fileid="119" />
                <BranchPoint vc="0" uspid="3845" ordinal="4" offset="94" sl="1038" path="0" offsetend="96" fileid="119" />
                <BranchPoint vc="1" uspid="3846" ordinal="5" offset="94" sl="1038" path="1" offsetend="109" fileid="119" />
                <BranchPoint vc="1" uspid="3847" ordinal="6" offset="164" sl="1048" path="0" offsetend="166" fileid="119" />
                <BranchPoint vc="0" uspid="3848" ordinal="7" offset="164" sl="1048" path="1" offsetend="205" fileid="119" />
                <BranchPoint vc="0" uspid="3849" ordinal="8" offset="183" sl="1049" path="0" offsetend="185" fileid="119" />
                <BranchPoint vc="1" uspid="3850" ordinal="9" offset="183" sl="1049" path="1" offsetend="188" fileid="119" />
              </BranchPoints>
              <MethodPoint xsi:type="SequencePoint" vc="1" uspid="3823" ordinal="0" offset="0" sl="1026" sc="7" el="1026" ec="51" bec="0" bev="0" fileid="119" />
            </Method>
            <Method visited="false" cyclomaticComplexity="6" nPathComplexity="32" sequenceCoverage="0" branchCoverage="0" isConstructor="false" isStatic="false" isGetter="false" isSetter="false">
              <Summary numSequencePoints="26" visitedSequencePoints="0" numBranchPoints="11" visitedBranchPoints="0" sequenceCoverage="0" branchCoverage="0" maxCyclomaticComplexity="6" minCyclomaticComplexity="6" visitedClasses="0" numClasses="0" visitedMethods="0" numMethods="1" />
              <MetadataToken>100664417</MetadataToken>
              <Name>System.Boolean IBM.Watson.DeveloperCloud.Services.TextToSpeech.v1.TextToSpeech::AddCustomizationWord(IBM.Watson.DeveloperCloud.Services.TextToSpeech.v1.TextToSpeech/AddCustomizationWordCallback,System.String,System.String,System.String,System.String)</Name>
              <FileRef uid="119" />
              <SequencePoints>
                <SequencePoint vc="0" uspid="3851" ordinal="0" offset="0" sl="1072" sc="7" el="1072" ec="151" bec="0" bev="0" fileid="119" />
                <SequencePoint vc="0" uspid="3852" ordinal="1" offset="21" sl="1073" sc="7" el="1073" ec="28" bec="2" bev="0" fileid="119" />
                <SequencePoint vc="0" uspid="3853" ordinal="2" offset="24" sl="1074" sc="9" el="1074" ec="53" bec="0" bev="0" fileid="119" />
                <SequencePoint vc="0" uspid="3854" ordinal="3" offset="35" sl="1075" sc="7" el="1075" ec="49" bec="2" bev="0" fileid="119" />
                <SequencePoint vc="0" uspid="3855" ordinal="4" offset="43" sl="1076" sc="9" el="1076" ec="60" bec="0" bev="0" fileid="119" />
                <SequencePoint vc="0" uspid="3856" ordinal="5" offset="54" sl="1077" sc="7" el="1077" ec="38" bec="2" bev="0" fileid="119" />
                <SequencePoint vc="0" uspid="3857" ordinal="6" offset="62" sl="1078" sc="9" el="1078" ec="49" bec="0" bev="0" fileid="119" />
                <SequencePoint vc="0" uspid="3858" ordinal="7" offset="73" sl="1079" sc="7" el="1079" ec="45" bec="2" bev="0" fileid="119" />
                <SequencePoint vc="0" uspid="3859" ordinal="8" offset="82" sl="1080" sc="9" el="1080" ec="56" bec="0" bev="0" fileid="119" />
                <SequencePoint vc="0" uspid="3860" ordinal="9" offset="93" sl="1082" sc="7" el="1082" ec="71" bec="0" bev="0" fileid="119" />
                <SequencePoint vc="0" uspid="3861" ordinal="10" offset="111" sl="1084" sc="7" el="1084" ec="75" bec="0" bev="0" fileid="119" />
                <SequencePoint vc="0" uspid="3862" ordinal="11" offset="117" sl="1085" sc="7" el="1085" ec="31" bec="0" bev="0" fileid="119" />
                <SequencePoint vc="0" uspid="3863" ordinal="12" offset="124" sl="1086" sc="7" el="1086" ec="45" bec="0" bev="0" fileid="119" />
                <SequencePoint vc="0" uspid="3864" ordinal="13" offset="131" sl="1087" sc="7" el="1087" ec="23" bec="0" bev="0" fileid="119" />
                <SequencePoint vc="0" uspid="3865" ordinal="14" offset="138" sl="1088" sc="7" el="1088" ec="37" bec="0" bev="0" fileid="119" />
                <SequencePoint vc="0" uspid="3866" ordinal="15" offset="146" sl="1089" sc="7" el="1089" ec="29" bec="0" bev="0" fileid="119" />
                <SequencePoint vc="0" uspid="3867" ordinal="16" offset="154" sl="1090" sc="7" el="1090" ec="56" bec="0" bev="0" fileid="119" />
                <SequencePoint vc="0" uspid="3868" ordinal="17" offset="175" sl="1091" sc="7" el="1091" ec="50" bec="0" bev="0" fileid="119" />
                <SequencePoint vc="0" uspid="3869" ordinal="18" offset="196" sl="1092" sc="7" el="1092" ec="53" bec="0" bev="0" fileid="119" />
                <SequencePoint vc="0" uspid="3870" ordinal="19" offset="217" sl="1093" sc="7" el="1093" ec="47" bec="0" bev="0" fileid="119" />
                <SequencePoint vc="0" uspid="3871" ordinal="20" offset="234" sl="1094" sc="7" el="1094" ec="51" bec="0" bev="0" fileid="119" />
                <SequencePoint vc="0" uspid="3872" ordinal="21" offset="252" sl="1096" sc="7" el="1096" ec="59" bec="0" bev="0" fileid="119" />
                <SequencePoint vc="0" uspid="3873" ordinal="22" offset="258" sl="1097" sc="7" el="1097" ec="119" bec="0" bev="0" fileid="119" />
                <SequencePoint vc="0" uspid="3874" ordinal="23" offset="278" sl="1098" sc="7" el="1098" ec="29" bec="2" bev="0" fileid="119" />
                <SequencePoint vc="0" uspid="3875" ordinal="24" offset="281" sl="1099" sc="9" el="1099" ec="22" bec="0" bev="0" fileid="119" />
                <SequencePoint vc="0" uspid="3876" ordinal="25" offset="283" sl="1101" sc="7" el="1101" ec="34" bec="0" bev="0" fileid="119" />
              </SequencePoints>
              <BranchPoints>
                <BranchPoint vc="0" uspid="3877" ordinal="0" offset="22" sl="1073" path="0" offsetend="24" fileid="119" />
                <BranchPoint vc="0" uspid="3878" ordinal="1" offset="22" sl="1073" path="1" offsetend="35" fileid="119" />
                <BranchPoint vc="0" uspid="3879" ordinal="2" offset="41" sl="1075" path="0" offsetend="43" fileid="119" />
                <BranchPoint vc="0" uspid="3880" ordinal="3" offset="41" sl="1075" path="1" offsetend="54" fileid="119" />
                <BranchPoint vc="0" uspid="3881" ordinal="4" offset="60" sl="1077" path="0" offsetend="62" fileid="119" />
                <BranchPoint vc="0" uspid="3882" ordinal="5" offset="60" sl="1077" path="1" offsetend="73" fileid="119" />
                <BranchPoint vc="0" uspid="3883" ordinal="6" offset="80" sl="1079" path="0" offsetend="82" fileid="119" />
                <BranchPoint vc="0" uspid="3884" ordinal="7" offset="80" sl="1079" path="1" offsetend="93" fileid="119" />
                <BranchPoint vc="0" uspid="3885" ordinal="8" offset="279" sl="1098" path="0" offsetend="281" fileid="119" />
                <BranchPoint vc="0" uspid="3886" ordinal="9" offset="279" sl="1098" path="1" offsetend="283" fileid="119" />
              </BranchPoints>
              <MethodPoint xsi:type="SequencePoint" vc="0" uspid="3851" ordinal="0" offset="0" sl="1072" sc="7" el="1072" ec="151" bec="0" bev="0" fileid="119" />
            </Method>
            <Method visited="false" cyclomaticComplexity="2" nPathComplexity="2" sequenceCoverage="0" branchCoverage="0" isConstructor="false" isStatic="false" isGetter="false" isSetter="false">
              <Summary numSequencePoints="3" visitedSequencePoints="0" numBranchPoints="3" visitedBranchPoints="0" sequenceCoverage="0" branchCoverage="0" maxCyclomaticComplexity="2" minCyclomaticComplexity="2" visitedClasses="0" numClasses="0" visitedMethods="0" numMethods="1" />
              <MetadataToken>100664418</MetadataToken>
              <Name>System.Void IBM.Watson.DeveloperCloud.Services.TextToSpeech.v1.TextToSpeech::OnAddCustomizationWordResp(IBM.Watson.DeveloperCloud.Connection.RESTConnector/Request,IBM.Watson.DeveloperCloud.Connection.RESTConnector/Response)</Name>
              <FileRef uid="119" />
              <SequencePoints>
                <SequencePoint vc="0" uspid="3887" ordinal="0" offset="0" sl="1115" sc="7" el="1115" ec="63" bec="2" bev="0" fileid="119" />
                <SequencePoint vc="0" uspid="3888" ordinal="1" offset="13" sl="1116" sc="9" el="1116" ec="108" bec="0" bev="0" fileid="119" />
                <SequencePoint vc="0" uspid="3889" ordinal="2" offset="46" sl="1117" sc="5" el="1117" ec="6" bec="0" bev="0" fileid="119" />
              </SequencePoints>
              <BranchPoints>
                <BranchPoint vc="0" uspid="3890" ordinal="0" offset="11" sl="1115" path="0" offsetend="13" fileid="119" />
                <BranchPoint vc="0" uspid="3891" ordinal="1" offset="11" sl="1115" path="1" offsetend="46" fileid="119" />
              </BranchPoints>
              <MethodPoint xsi:type="SequencePoint" vc="0" uspid="3887" ordinal="0" offset="0" sl="1115" sc="7" el="1115" ec="63" bec="2" bev="0" fileid="119" />
            </Method>
            <Method visited="false" cyclomaticComplexity="1" nPathComplexity="0" sequenceCoverage="0" branchCoverage="0" isConstructor="false" isStatic="false" isGetter="false" isSetter="false">
              <Summary numSequencePoints="1" visitedSequencePoints="0" numBranchPoints="1" visitedBranchPoints="0" sequenceCoverage="0" branchCoverage="0" maxCyclomaticComplexity="1" minCyclomaticComplexity="1" visitedClasses="0" numClasses="0" visitedMethods="0" numMethods="1" />
              <MetadataToken>100664419</MetadataToken>
              <Name>System.String IBM.Watson.DeveloperCloud.Services.TextToSpeech.v1.TextToSpeech::GetServiceID()</Name>
              <FileRef uid="119" />
              <SequencePoints>
                <SequencePoint vc="0" uspid="3892" ordinal="0" offset="0" sl="1124" sc="7" el="1124" ec="25" bec="0" bev="0" fileid="119" />
              </SequencePoints>
              <BranchPoints />
              <MethodPoint xsi:type="SequencePoint" vc="0" uspid="3892" ordinal="0" offset="0" sl="1124" sc="7" el="1124" ec="25" bec="0" bev="0" fileid="119" />
            </Method>
            <Method visited="false" cyclomaticComplexity="2" nPathComplexity="2" sequenceCoverage="0" branchCoverage="0" isConstructor="false" isStatic="false" isGetter="false" isSetter="false">
              <Summary numSequencePoints="4" visitedSequencePoints="0" numBranchPoints="3" visitedBranchPoints="0" sequenceCoverage="0" branchCoverage="0" maxCyclomaticComplexity="2" minCyclomaticComplexity="2" visitedClasses="0" numClasses="0" visitedMethods="0" numMethods="1" />
              <MetadataToken>100664420</MetadataToken>
              <Name>System.Void IBM.Watson.DeveloperCloud.Services.TextToSpeech.v1.TextToSpeech::GetServiceStatus(IBM.Watson.DeveloperCloud.Services.ServiceStatus)</Name>
              <FileRef uid="119" />
              <SequencePoints>
                <SequencePoint vc="0" uspid="3893" ordinal="0" offset="0" sl="1130" sc="7" el="1130" ec="63" bec="2" bev="0" fileid="119" />
                <SequencePoint vc="0" uspid="3894" ordinal="1" offset="17" sl="1131" sc="9" el="1131" ec="48" bec="0" bev="0" fileid="119" />
                <SequencePoint vc="0" uspid="3895" ordinal="2" offset="26" sl="1133" sc="9" el="1133" ec="37" bec="0" bev="0" fileid="119" />
                <SequencePoint vc="0" uspid="3896" ordinal="3" offset="38" sl="1134" sc="5" el="1134" ec="6" bec="0" bev="0" fileid="119" />
              </SequencePoints>
              <BranchPoints>
                <BranchPoint vc="0" uspid="3897" ordinal="0" offset="15" sl="1130" path="0" offsetend="17" fileid="119" />
                <BranchPoint vc="0" uspid="3898" ordinal="1" offset="15" sl="1130" path="1" offsetend="26" fileid="119" />
              </BranchPoints>
              <MethodPoint xsi:type="SequencePoint" vc="0" uspid="3893" ordinal="0" offset="0" sl="1130" sc="7" el="1130" ec="63" bec="2" bev="0" fileid="119" />
            </Method>
            <Method visited="true" cyclomaticComplexity="1" nPathComplexity="0" sequenceCoverage="100" branchCoverage="100" isConstructor="true" isStatic="false" isGetter="false" isSetter="false">
              <Summary numSequencePoints="3" visitedSequencePoints="3" numBranchPoints="1" visitedBranchPoints="1" sequenceCoverage="100" branchCoverage="100" maxCyclomaticComplexity="1" minCyclomaticComplexity="1" visitedClasses="0" numClasses="0" visitedMethods="1" numMethods="1" />
              <MetadataToken>100664421</MetadataToken>
              <Name>System.Void IBM.Watson.DeveloperCloud.Services.TextToSpeech.v1.TextToSpeech::.ctor()</Name>
              <FileRef uid="119" />
              <SequencePoints>
                <SequencePoint vc="1" uspid="3899" ordinal="0" offset="0" sl="41" sc="5" el="41" ec="65" bec="0" bev="0" fileid="119" />
                <SequencePoint vc="1" uspid="3900" ordinal="1" offset="7" sl="42" sc="5" el="57" ec="11" bec="0" bev="0" fileid="119" />
                <SequencePoint vc="1" uspid="3901" ordinal="2" offset="178" sl="58" sc="5" el="63" ec="11" bec="0" bev="0" fileid="119" />
              </SequencePoints>
              <BranchPoints />
              <MethodPoint xsi:type="SequencePoint" vc="1" uspid="3899" ordinal="0" offset="0" sl="41" sc="5" el="41" ec="65" bec="0" bev="0" fileid="119" />
            </Method>
            <Method visited="true" cyclomaticComplexity="1" nPathComplexity="0" sequenceCoverage="100" branchCoverage="100" isConstructor="true" isStatic="true" isGetter="false" isSetter="false">
              <Summary numSequencePoints="1" visitedSequencePoints="1" numBranchPoints="1" visitedBranchPoints="1" sequenceCoverage="100" branchCoverage="100" maxCyclomaticComplexity="1" minCyclomaticComplexity="1" visitedClasses="0" numClasses="0" visitedMethods="1" numMethods="1" />
              <MetadataToken>100664422</MetadataToken>
              <Name>System.Void IBM.Watson.DeveloperCloud.Services.TextToSpeech.v1.TextToSpeech::.cctor()</Name>
              <FileRef uid="119" />
              <SequencePoints>
                <SequencePoint vc="1" uspid="3902" ordinal="0" offset="0" sl="65" sc="5" el="65" ec="68" bec="0" bev="0" fileid="119" />
              </SequencePoints>
              <BranchPoints />
              <MethodPoint xsi:type="SequencePoint" vc="1" uspid="3902" ordinal="0" offset="0" sl="65" sc="5" el="65" ec="68" bec="0" bev="0" fileid="119" />
            </Method>
          </Methods>
        </Class>
        <Class>
          <Summary numSequencePoints="0" visitedSequencePoints="0" numBranchPoints="0" visitedBranchPoints="0" sequenceCoverage="0" branchCoverage="0" maxCyclomaticComplexity="0" minCyclomaticComplexity="0" visitedClasses="0" numClasses="0" visitedMethods="0" numMethods="0" />
          <FullName>IBM.Watson.DeveloperCloud.Services.TextToSpeech.v1.TextToSpeech/GetVoicesCallback</FullName>
          <Methods>
            <Method skippedDueTo="Unknown" visited="false" cyclomaticComplexity="0" nPathComplexity="0" sequenceCoverage="0" branchCoverage="0" isConstructor="true" isStatic="false" isGetter="false" isSetter="false">
              <MetadataToken>100666323</MetadataToken>
              <Name>System.Void IBM.Watson.DeveloperCloud.Services.TextToSpeech.v1.TextToSpeech/GetVoicesCallback::.ctor(System.Object,System.IntPtr)</Name>
              <SequencePoints />
              <BranchPoints />
            </Method>
            <Method skippedDueTo="Unknown" visited="false" cyclomaticComplexity="0" nPathComplexity="0" sequenceCoverage="0" branchCoverage="0" isConstructor="false" isStatic="false" isGetter="false" isSetter="false">
              <MetadataToken>100666324</MetadataToken>
              <Name>System.Void IBM.Watson.DeveloperCloud.Services.TextToSpeech.v1.TextToSpeech/GetVoicesCallback::Invoke(IBM.Watson.DeveloperCloud.Services.TextToSpeech.v1.Voices)</Name>
              <SequencePoints />
              <BranchPoints />
            </Method>
            <Method skippedDueTo="Unknown" visited="false" cyclomaticComplexity="0" nPathComplexity="0" sequenceCoverage="0" branchCoverage="0" isConstructor="false" isStatic="false" isGetter="false" isSetter="false">
              <MetadataToken>100666325</MetadataToken>
              <Name>System.IAsyncResult IBM.Watson.DeveloperCloud.Services.TextToSpeech.v1.TextToSpeech/GetVoicesCallback::BeginInvoke(IBM.Watson.DeveloperCloud.Services.TextToSpeech.v1.Voices,System.AsyncCallback,System.Object)</Name>
              <SequencePoints />
              <BranchPoints />
            </Method>
            <Method skippedDueTo="Unknown" visited="false" cyclomaticComplexity="0" nPathComplexity="0" sequenceCoverage="0" branchCoverage="0" isConstructor="false" isStatic="false" isGetter="false" isSetter="false">
              <MetadataToken>100666326</MetadataToken>
              <Name>System.Void IBM.Watson.DeveloperCloud.Services.TextToSpeech.v1.TextToSpeech/GetVoicesCallback::EndInvoke(System.IAsyncResult)</Name>
              <SequencePoints />
              <BranchPoints />
            </Method>
          </Methods>
        </Class>
        <Class>
          <Summary numSequencePoints="2" visitedSequencePoints="2" numBranchPoints="2" visitedBranchPoints="2" sequenceCoverage="100" branchCoverage="100" maxCyclomaticComplexity="1" minCyclomaticComplexity="1" visitedClasses="1" numClasses="1" visitedMethods="2" numMethods="2" />
          <FullName>IBM.Watson.DeveloperCloud.Services.TextToSpeech.v1.TextToSpeech/GetVoicesReq</FullName>
          <Methods>
            <Method visited="true" cyclomaticComplexity="1" nPathComplexity="0" sequenceCoverage="100" branchCoverage="100" isConstructor="false" isStatic="false" isGetter="true" isSetter="false">
              <Summary numSequencePoints="1" visitedSequencePoints="1" numBranchPoints="1" visitedBranchPoints="1" sequenceCoverage="100" branchCoverage="100" maxCyclomaticComplexity="1" minCyclomaticComplexity="1" visitedClasses="0" numClasses="0" visitedMethods="1" numMethods="1" />
              <MetadataToken>100666327</MetadataToken>
              <Name>IBM.Watson.DeveloperCloud.Services.TextToSpeech.v1.TextToSpeech/GetVoicesCallback IBM.Watson.DeveloperCloud.Services.TextToSpeech.v1.TextToSpeech/GetVoicesReq::get_Callback()</Name>
              <FileRef uid="119" />
              <SequencePoints>
                <SequencePoint vc="2" uspid="3903" ordinal="0" offset="0" sl="140" sc="43" el="140" ec="47" bec="0" bev="0" fileid="119" />
              </SequencePoints>
              <BranchPoints />
              <MethodPoint xsi:type="SequencePoint" vc="2" uspid="3903" ordinal="0" offset="0" sl="140" sc="43" el="140" ec="47" bec="0" bev="0" fileid="119" />
            </Method>
            <Method visited="true" cyclomaticComplexity="1" nPathComplexity="0" sequenceCoverage="100" branchCoverage="100" isConstructor="false" isStatic="false" isGetter="false" isSetter="true">
              <Summary numSequencePoints="1" visitedSequencePoints="1" numBranchPoints="1" visitedBranchPoints="1" sequenceCoverage="100" branchCoverage="100" maxCyclomaticComplexity="1" minCyclomaticComplexity="1" visitedClasses="0" numClasses="0" visitedMethods="1" numMethods="1" />
              <MetadataToken>100666328</MetadataToken>
              <Name>System.Void IBM.Watson.DeveloperCloud.Services.TextToSpeech.v1.TextToSpeech/GetVoicesReq::set_Callback(IBM.Watson.DeveloperCloud.Services.TextToSpeech.v1.TextToSpeech/GetVoicesCallback)</Name>
              <FileRef uid="119" />
              <SequencePoints>
                <SequencePoint vc="1" uspid="3904" ordinal="0" offset="0" sl="140" sc="48" el="140" ec="52" bec="0" bev="0" fileid="119" />
              </SequencePoints>
              <BranchPoints />
              <MethodPoint xsi:type="SequencePoint" vc="1" uspid="3904" ordinal="0" offset="0" sl="140" sc="48" el="140" ec="52" bec="0" bev="0" fileid="119" />
            </Method>
            <Method visited="true" cyclomaticComplexity="1" nPathComplexity="0" sequenceCoverage="0" branchCoverage="0" isConstructor="true" isStatic="false" isGetter="false" isSetter="false">
              <Summary numSequencePoints="0" visitedSequencePoints="0" numBranchPoints="0" visitedBranchPoints="0" sequenceCoverage="0" branchCoverage="0" maxCyclomaticComplexity="1" minCyclomaticComplexity="1" visitedClasses="0" numClasses="0" visitedMethods="0" numMethods="0" />
              <MetadataToken>100666329</MetadataToken>
              <Name>System.Void IBM.Watson.DeveloperCloud.Services.TextToSpeech.v1.TextToSpeech/GetVoicesReq::.ctor()</Name>
              <SequencePoints />
              <BranchPoints />
              <MethodPoint vc="1" uspid="3905" ordinal="0" offset="0" />
            </Method>
          </Methods>
        </Class>
        <Class>
          <Summary numSequencePoints="0" visitedSequencePoints="0" numBranchPoints="0" visitedBranchPoints="0" sequenceCoverage="0" branchCoverage="0" maxCyclomaticComplexity="0" minCyclomaticComplexity="0" visitedClasses="0" numClasses="0" visitedMethods="0" numMethods="0" />
          <FullName>IBM.Watson.DeveloperCloud.Services.TextToSpeech.v1.TextToSpeech/GetVoiceCallback</FullName>
          <Methods>
            <Method skippedDueTo="Unknown" visited="false" cyclomaticComplexity="0" nPathComplexity="0" sequenceCoverage="0" branchCoverage="0" isConstructor="true" isStatic="false" isGetter="false" isSetter="false">
              <MetadataToken>100666330</MetadataToken>
              <Name>System.Void IBM.Watson.DeveloperCloud.Services.TextToSpeech.v1.TextToSpeech/GetVoiceCallback::.ctor(System.Object,System.IntPtr)</Name>
              <SequencePoints />
              <BranchPoints />
            </Method>
            <Method skippedDueTo="Unknown" visited="false" cyclomaticComplexity="0" nPathComplexity="0" sequenceCoverage="0" branchCoverage="0" isConstructor="false" isStatic="false" isGetter="false" isSetter="false">
              <MetadataToken>100666331</MetadataToken>
              <Name>System.Void IBM.Watson.DeveloperCloud.Services.TextToSpeech.v1.TextToSpeech/GetVoiceCallback::Invoke(IBM.Watson.DeveloperCloud.Services.TextToSpeech.v1.Voice)</Name>
              <SequencePoints />
              <BranchPoints />
            </Method>
            <Method skippedDueTo="Unknown" visited="false" cyclomaticComplexity="0" nPathComplexity="0" sequenceCoverage="0" branchCoverage="0" isConstructor="false" isStatic="false" isGetter="false" isSetter="false">
              <MetadataToken>100666332</MetadataToken>
              <Name>System.IAsyncResult IBM.Watson.DeveloperCloud.Services.TextToSpeech.v1.TextToSpeech/GetVoiceCallback::BeginInvoke(IBM.Watson.DeveloperCloud.Services.TextToSpeech.v1.Voice,System.AsyncCallback,System.Object)</Name>
              <SequencePoints />
              <BranchPoints />
            </Method>
            <Method skippedDueTo="Unknown" visited="false" cyclomaticComplexity="0" nPathComplexity="0" sequenceCoverage="0" branchCoverage="0" isConstructor="false" isStatic="false" isGetter="false" isSetter="false">
              <MetadataToken>100666333</MetadataToken>
              <Name>System.Void IBM.Watson.DeveloperCloud.Services.TextToSpeech.v1.TextToSpeech/GetVoiceCallback::EndInvoke(System.IAsyncResult)</Name>
              <SequencePoints />
              <BranchPoints />
            </Method>
          </Methods>
        </Class>
        <Class>
          <Summary numSequencePoints="2" visitedSequencePoints="2" numBranchPoints="2" visitedBranchPoints="2" sequenceCoverage="100" branchCoverage="100" maxCyclomaticComplexity="1" minCyclomaticComplexity="1" visitedClasses="1" numClasses="1" visitedMethods="2" numMethods="2" />
          <FullName>IBM.Watson.DeveloperCloud.Services.TextToSpeech.v1.TextToSpeech/GetVoiceReq</FullName>
          <Methods>
            <Method visited="true" cyclomaticComplexity="1" nPathComplexity="0" sequenceCoverage="100" branchCoverage="100" isConstructor="false" isStatic="false" isGetter="true" isSetter="false">
              <Summary numSequencePoints="1" visitedSequencePoints="1" numBranchPoints="1" visitedBranchPoints="1" sequenceCoverage="100" branchCoverage="100" maxCyclomaticComplexity="1" minCyclomaticComplexity="1" visitedClasses="0" numClasses="0" visitedMethods="1" numMethods="1" />
              <MetadataToken>100666334</MetadataToken>
              <Name>IBM.Watson.DeveloperCloud.Services.TextToSpeech.v1.TextToSpeech/GetVoiceCallback IBM.Watson.DeveloperCloud.Services.TextToSpeech.v1.TextToSpeech/GetVoiceReq::get_Callback()</Name>
              <FileRef uid="119" />
              <SequencePoints>
                <SequencePoint vc="2" uspid="3906" ordinal="0" offset="0" sl="203" sc="42" el="203" ec="46" bec="0" bev="0" fileid="119" />
              </SequencePoints>
              <BranchPoints />
              <MethodPoint xsi:type="SequencePoint" vc="2" uspid="3906" ordinal="0" offset="0" sl="203" sc="42" el="203" ec="46" bec="0" bev="0" fileid="119" />
            </Method>
            <Method visited="true" cyclomaticComplexity="1" nPathComplexity="0" sequenceCoverage="100" branchCoverage="100" isConstructor="false" isStatic="false" isGetter="false" isSetter="true">
              <Summary numSequencePoints="1" visitedSequencePoints="1" numBranchPoints="1" visitedBranchPoints="1" sequenceCoverage="100" branchCoverage="100" maxCyclomaticComplexity="1" minCyclomaticComplexity="1" visitedClasses="0" numClasses="0" visitedMethods="1" numMethods="1" />
              <MetadataToken>100666335</MetadataToken>
              <Name>System.Void IBM.Watson.DeveloperCloud.Services.TextToSpeech.v1.TextToSpeech/GetVoiceReq::set_Callback(IBM.Watson.DeveloperCloud.Services.TextToSpeech.v1.TextToSpeech/GetVoiceCallback)</Name>
              <FileRef uid="119" />
              <SequencePoints>
                <SequencePoint vc="1" uspid="3907" ordinal="0" offset="0" sl="203" sc="47" el="203" ec="51" bec="0" bev="0" fileid="119" />
              </SequencePoints>
              <BranchPoints />
              <MethodPoint xsi:type="SequencePoint" vc="1" uspid="3907" ordinal="0" offset="0" sl="203" sc="47" el="203" ec="51" bec="0" bev="0" fileid="119" />
            </Method>
            <Method visited="true" cyclomaticComplexity="1" nPathComplexity="0" sequenceCoverage="0" branchCoverage="0" isConstructor="true" isStatic="false" isGetter="false" isSetter="false">
              <Summary numSequencePoints="0" visitedSequencePoints="0" numBranchPoints="0" visitedBranchPoints="0" sequenceCoverage="0" branchCoverage="0" maxCyclomaticComplexity="1" minCyclomaticComplexity="1" visitedClasses="0" numClasses="0" visitedMethods="0" numMethods="0" />
              <MetadataToken>100666336</MetadataToken>
              <Name>System.Void IBM.Watson.DeveloperCloud.Services.TextToSpeech.v1.TextToSpeech/GetVoiceReq::.ctor()</Name>
              <SequencePoints />
              <BranchPoints />
              <MethodPoint vc="1" uspid="3908" ordinal="0" offset="0" />
            </Method>
          </Methods>
        </Class>
        <Class>
          <Summary numSequencePoints="0" visitedSequencePoints="0" numBranchPoints="0" visitedBranchPoints="0" sequenceCoverage="0" branchCoverage="0" maxCyclomaticComplexity="0" minCyclomaticComplexity="0" visitedClasses="0" numClasses="0" visitedMethods="0" numMethods="0" />
          <FullName>IBM.Watson.DeveloperCloud.Services.TextToSpeech.v1.TextToSpeech/ToSpeechCallback</FullName>
          <Methods>
            <Method skippedDueTo="Unknown" visited="false" cyclomaticComplexity="0" nPathComplexity="0" sequenceCoverage="0" branchCoverage="0" isConstructor="true" isStatic="false" isGetter="false" isSetter="false">
              <MetadataToken>100666337</MetadataToken>
              <Name>System.Void IBM.Watson.DeveloperCloud.Services.TextToSpeech.v1.TextToSpeech/ToSpeechCallback::.ctor(System.Object,System.IntPtr)</Name>
              <SequencePoints />
              <BranchPoints />
            </Method>
            <Method skippedDueTo="Unknown" visited="false" cyclomaticComplexity="0" nPathComplexity="0" sequenceCoverage="0" branchCoverage="0" isConstructor="false" isStatic="false" isGetter="false" isSetter="false">
              <MetadataToken>100666338</MetadataToken>
              <Name>System.Void IBM.Watson.DeveloperCloud.Services.TextToSpeech.v1.TextToSpeech/ToSpeechCallback::Invoke(IBM.Watson.DeveloperCloud.Utilities.AudioClip)</Name>
              <SequencePoints />
              <BranchPoints />
            </Method>
            <Method skippedDueTo="Unknown" visited="false" cyclomaticComplexity="0" nPathComplexity="0" sequenceCoverage="0" branchCoverage="0" isConstructor="false" isStatic="false" isGetter="false" isSetter="false">
              <MetadataToken>100666339</MetadataToken>
              <Name>System.IAsyncResult IBM.Watson.DeveloperCloud.Services.TextToSpeech.v1.TextToSpeech/ToSpeechCallback::BeginInvoke(IBM.Watson.DeveloperCloud.Utilities.AudioClip,System.AsyncCallback,System.Object)</Name>
              <SequencePoints />
              <BranchPoints />
            </Method>
            <Method skippedDueTo="Unknown" visited="false" cyclomaticComplexity="0" nPathComplexity="0" sequenceCoverage="0" branchCoverage="0" isConstructor="false" isStatic="false" isGetter="false" isSetter="false">
              <MetadataToken>100666340</MetadataToken>
              <Name>System.Void IBM.Watson.DeveloperCloud.Services.TextToSpeech.v1.TextToSpeech/ToSpeechCallback::EndInvoke(System.IAsyncResult)</Name>
              <SequencePoints />
              <BranchPoints />
            </Method>
          </Methods>
        </Class>
        <Class>
          <Summary numSequencePoints="6" visitedSequencePoints="0" numBranchPoints="6" visitedBranchPoints="0" sequenceCoverage="0" branchCoverage="0" maxCyclomaticComplexity="1" minCyclomaticComplexity="1" visitedClasses="0" numClasses="1" visitedMethods="0" numMethods="6" />
          <FullName>IBM.Watson.DeveloperCloud.Services.TextToSpeech.v1.TextToSpeech/ToSpeechRequest</FullName>
          <Methods>
            <Method visited="false" cyclomaticComplexity="1" nPathComplexity="0" sequenceCoverage="0" branchCoverage="0" isConstructor="false" isStatic="false" isGetter="true" isSetter="false">
              <Summary numSequencePoints="1" visitedSequencePoints="0" numBranchPoints="1" visitedBranchPoints="0" sequenceCoverage="0" branchCoverage="0" maxCyclomaticComplexity="1" minCyclomaticComplexity="1" visitedClasses="0" numClasses="0" visitedMethods="0" numMethods="1" />
              <MetadataToken>100666341</MetadataToken>
              <Name>System.String IBM.Watson.DeveloperCloud.Services.TextToSpeech.v1.TextToSpeech/ToSpeechRequest::get_TextId()</Name>
              <FileRef uid="119" />
              <SequencePoints>
                <SequencePoint vc="0" uspid="3909" ordinal="0" offset="0" sl="245" sc="30" el="245" ec="34" bec="0" bev="0" fileid="119" />
              </SequencePoints>
              <BranchPoints />
              <MethodPoint xsi:type="SequencePoint" vc="0" uspid="3909" ordinal="0" offset="0" sl="245" sc="30" el="245" ec="34" bec="0" bev="0" fileid="119" />
            </Method>
            <Method visited="false" cyclomaticComplexity="1" nPathComplexity="0" sequenceCoverage="0" branchCoverage="0" isConstructor="false" isStatic="false" isGetter="false" isSetter="true">
              <Summary numSequencePoints="1" visitedSequencePoints="0" numBranchPoints="1" visitedBranchPoints="0" sequenceCoverage="0" branchCoverage="0" maxCyclomaticComplexity="1" minCyclomaticComplexity="1" visitedClasses="0" numClasses="0" visitedMethods="0" numMethods="1" />
              <MetadataToken>100666342</MetadataToken>
              <Name>System.Void IBM.Watson.DeveloperCloud.Services.TextToSpeech.v1.TextToSpeech/ToSpeechRequest::set_TextId(System.String)</Name>
              <FileRef uid="119" />
              <SequencePoints>
                <SequencePoint vc="0" uspid="3910" ordinal="0" offset="0" sl="245" sc="35" el="245" ec="39" bec="0" bev="0" fileid="119" />
              </SequencePoints>
              <BranchPoints />
              <MethodPoint xsi:type="SequencePoint" vc="0" uspid="3910" ordinal="0" offset="0" sl="245" sc="35" el="245" ec="39" bec="0" bev="0" fileid="119" />
            </Method>
            <Method visited="false" cyclomaticComplexity="1" nPathComplexity="0" sequenceCoverage="0" branchCoverage="0" isConstructor="false" isStatic="false" isGetter="true" isSetter="false">
              <Summary numSequencePoints="1" visitedSequencePoints="0" numBranchPoints="1" visitedBranchPoints="0" sequenceCoverage="0" branchCoverage="0" maxCyclomaticComplexity="1" minCyclomaticComplexity="1" visitedClasses="0" numClasses="0" visitedMethods="0" numMethods="1" />
              <MetadataToken>100666343</MetadataToken>
              <Name>System.String IBM.Watson.DeveloperCloud.Services.TextToSpeech.v1.TextToSpeech/ToSpeechRequest::get_Text()</Name>
              <FileRef uid="119" />
              <SequencePoints>
                <SequencePoint vc="0" uspid="3911" ordinal="0" offset="0" sl="246" sc="28" el="246" ec="32" bec="0" bev="0" fileid="119" />
              </SequencePoints>
              <BranchPoints />
              <MethodPoint xsi:type="SequencePoint" vc="0" uspid="3911" ordinal="0" offset="0" sl="246" sc="28" el="246" ec="32" bec="0" bev="0" fileid="119" />
            </Method>
            <Method visited="false" cyclomaticComplexity="1" nPathComplexity="0" sequenceCoverage="0" branchCoverage="0" isConstructor="false" isStatic="false" isGetter="false" isSetter="true">
              <Summary numSequencePoints="1" visitedSequencePoints="0" numBranchPoints="1" visitedBranchPoints="0" sequenceCoverage="0" branchCoverage="0" maxCyclomaticComplexity="1" minCyclomaticComplexity="1" visitedClasses="0" numClasses="0" visitedMethods="0" numMethods="1" />
              <MetadataToken>100666344</MetadataToken>
              <Name>System.Void IBM.Watson.DeveloperCloud.Services.TextToSpeech.v1.TextToSpeech/ToSpeechRequest::set_Text(System.String)</Name>
              <FileRef uid="119" />
              <SequencePoints>
                <SequencePoint vc="0" uspid="3912" ordinal="0" offset="0" sl="246" sc="33" el="246" ec="37" bec="0" bev="0" fileid="119" />
              </SequencePoints>
              <BranchPoints />
              <MethodPoint xsi:type="SequencePoint" vc="0" uspid="3912" ordinal="0" offset="0" sl="246" sc="33" el="246" ec="37" bec="0" bev="0" fileid="119" />
            </Method>
            <Method visited="false" cyclomaticComplexity="1" nPathComplexity="0" sequenceCoverage="0" branchCoverage="0" isConstructor="false" isStatic="false" isGetter="true" isSetter="false">
              <Summary numSequencePoints="1" visitedSequencePoints="0" numBranchPoints="1" visitedBranchPoints="0" sequenceCoverage="0" branchCoverage="0" maxCyclomaticComplexity="1" minCyclomaticComplexity="1" visitedClasses="0" numClasses="0" visitedMethods="0" numMethods="1" />
              <MetadataToken>100666345</MetadataToken>
              <Name>IBM.Watson.DeveloperCloud.Services.TextToSpeech.v1.TextToSpeech/ToSpeechCallback IBM.Watson.DeveloperCloud.Services.TextToSpeech.v1.TextToSpeech/ToSpeechRequest::get_Callback()</Name>
              <FileRef uid="119" />
              <SequencePoints>
                <SequencePoint vc="0" uspid="3913" ordinal="0" offset="0" sl="247" sc="42" el="247" ec="46" bec="0" bev="0" fileid="119" />
              </SequencePoints>
              <BranchPoints />
              <MethodPoint xsi:type="SequencePoint" vc="0" uspid="3913" ordinal="0" offset="0" sl="247" sc="42" el="247" ec="46" bec="0" bev="0" fileid="119" />
            </Method>
            <Method visited="false" cyclomaticComplexity="1" nPathComplexity="0" sequenceCoverage="0" branchCoverage="0" isConstructor="false" isStatic="false" isGetter="false" isSetter="true">
              <Summary numSequencePoints="1" visitedSequencePoints="0" numBranchPoints="1" visitedBranchPoints="0" sequenceCoverage="0" branchCoverage="0" maxCyclomaticComplexity="1" minCyclomaticComplexity="1" visitedClasses="0" numClasses="0" visitedMethods="0" numMethods="1" />
              <MetadataToken>100666346</MetadataToken>
              <Name>System.Void IBM.Watson.DeveloperCloud.Services.TextToSpeech.v1.TextToSpeech/ToSpeechRequest::set_Callback(IBM.Watson.DeveloperCloud.Services.TextToSpeech.v1.TextToSpeech/ToSpeechCallback)</Name>
              <FileRef uid="119" />
              <SequencePoints>
                <SequencePoint vc="0" uspid="3914" ordinal="0" offset="0" sl="247" sc="47" el="247" ec="51" bec="0" bev="0" fileid="119" />
              </SequencePoints>
              <BranchPoints />
              <MethodPoint xsi:type="SequencePoint" vc="0" uspid="3914" ordinal="0" offset="0" sl="247" sc="47" el="247" ec="51" bec="0" bev="0" fileid="119" />
            </Method>
            <Method visited="false" cyclomaticComplexity="1" nPathComplexity="0" sequenceCoverage="0" branchCoverage="0" isConstructor="true" isStatic="false" isGetter="false" isSetter="false">
              <Summary numSequencePoints="0" visitedSequencePoints="0" numBranchPoints="0" visitedBranchPoints="0" sequenceCoverage="0" branchCoverage="0" maxCyclomaticComplexity="1" minCyclomaticComplexity="1" visitedClasses="0" numClasses="0" visitedMethods="0" numMethods="0" />
              <MetadataToken>100666347</MetadataToken>
              <Name>System.Void IBM.Watson.DeveloperCloud.Services.TextToSpeech.v1.TextToSpeech/ToSpeechRequest::.ctor()</Name>
              <SequencePoints />
              <BranchPoints />
              <MethodPoint vc="0" uspid="3915" ordinal="0" offset="0" />
            </Method>
          </Methods>
        </Class>
        <Class>
          <Summary numSequencePoints="0" visitedSequencePoints="0" numBranchPoints="0" visitedBranchPoints="0" sequenceCoverage="0" branchCoverage="0" maxCyclomaticComplexity="0" minCyclomaticComplexity="0" visitedClasses="0" numClasses="0" visitedMethods="0" numMethods="0" />
          <FullName>IBM.Watson.DeveloperCloud.Services.TextToSpeech.v1.TextToSpeech/GetPronunciationCallback</FullName>
          <Methods>
            <Method skippedDueTo="Unknown" visited="false" cyclomaticComplexity="0" nPathComplexity="0" sequenceCoverage="0" branchCoverage="0" isConstructor="true" isStatic="false" isGetter="false" isSetter="false">
              <MetadataToken>100666348</MetadataToken>
              <Name>System.Void IBM.Watson.DeveloperCloud.Services.TextToSpeech.v1.TextToSpeech/GetPronunciationCallback::.ctor(System.Object,System.IntPtr)</Name>
              <SequencePoints />
              <BranchPoints />
            </Method>
            <Method skippedDueTo="Unknown" visited="false" cyclomaticComplexity="0" nPathComplexity="0" sequenceCoverage="0" branchCoverage="0" isConstructor="false" isStatic="false" isGetter="false" isSetter="false">
              <MetadataToken>100666349</MetadataToken>
              <Name>System.Void IBM.Watson.DeveloperCloud.Services.TextToSpeech.v1.TextToSpeech/GetPronunciationCallback::Invoke(IBM.Watson.DeveloperCloud.Services.TextToSpeech.v1.Pronunciation)</Name>
              <SequencePoints />
              <BranchPoints />
            </Method>
            <Method skippedDueTo="Unknown" visited="false" cyclomaticComplexity="0" nPathComplexity="0" sequenceCoverage="0" branchCoverage="0" isConstructor="false" isStatic="false" isGetter="false" isSetter="false">
              <MetadataToken>100666350</MetadataToken>
              <Name>System.IAsyncResult IBM.Watson.DeveloperCloud.Services.TextToSpeech.v1.TextToSpeech/GetPronunciationCallback::BeginInvoke(IBM.Watson.DeveloperCloud.Services.TextToSpeech.v1.Pronunciation,System.AsyncCallback,System.Object)</Name>
              <SequencePoints />
              <BranchPoints />
            </Method>
            <Method skippedDueTo="Unknown" visited="false" cyclomaticComplexity="0" nPathComplexity="0" sequenceCoverage="0" branchCoverage="0" isConstructor="false" isStatic="false" isGetter="false" isSetter="false">
              <MetadataToken>100666351</MetadataToken>
              <Name>System.Void IBM.Watson.DeveloperCloud.Services.TextToSpeech.v1.TextToSpeech/GetPronunciationCallback::EndInvoke(System.IAsyncResult)</Name>
              <SequencePoints />
              <BranchPoints />
            </Method>
          </Methods>
        </Class>
        <Class>
          <Summary numSequencePoints="10" visitedSequencePoints="6" numBranchPoints="10" visitedBranchPoints="6" sequenceCoverage="60" branchCoverage="60" maxCyclomaticComplexity="1" minCyclomaticComplexity="1" visitedClasses="1" numClasses="1" visitedMethods="6" numMethods="10" />
          <FullName>IBM.Watson.DeveloperCloud.Services.TextToSpeech.v1.TextToSpeech/GetPronunciationReq</FullName>
          <Methods>
            <Method visited="true" cyclomaticComplexity="1" nPathComplexity="0" sequenceCoverage="100" branchCoverage="100" isConstructor="false" isStatic="false" isGetter="true" isSetter="false">
              <Summary numSequencePoints="1" visitedSequencePoints="1" numBranchPoints="1" visitedBranchPoints="1" sequenceCoverage="100" branchCoverage="100" maxCyclomaticComplexity="1" minCyclomaticComplexity="1" visitedClasses="0" numClasses="0" visitedMethods="1" numMethods="1" />
              <MetadataToken>100666352</MetadataToken>
              <Name>IBM.Watson.DeveloperCloud.Services.TextToSpeech.v1.TextToSpeech/GetPronunciationCallback IBM.Watson.DeveloperCloud.Services.TextToSpeech.v1.TextToSpeech/GetPronunciationReq::get_Callback()</Name>
              <FileRef uid="119" />
              <SequencePoints>
                <SequencePoint vc="2" uspid="3916" ordinal="0" offset="0" sl="404" sc="50" el="404" ec="54" bec="0" bev="0" fileid="119" />
              </SequencePoints>
              <BranchPoints />
              <MethodPoint xsi:type="SequencePoint" vc="2" uspid="3916" ordinal="0" offset="0" sl="404" sc="50" el="404" ec="54" bec="0" bev="0" fileid="119" />
            </Method>
            <Method visited="true" cyclomaticComplexity="1" nPathComplexity="0" sequenceCoverage="100" branchCoverage="100" isConstructor="false" isStatic="false" isGetter="false" isSetter="true">
              <Summary numSequencePoints="1" visitedSequencePoints="1" numBranchPoints="1" visitedBranchPoints="1" sequenceCoverage="100" branchCoverage="100" maxCyclomaticComplexity="1" minCyclomaticComplexity="1" visitedClasses="0" numClasses="0" visitedMethods="1" numMethods="1" />
              <MetadataToken>100666353</MetadataToken>
              <Name>System.Void IBM.Watson.DeveloperCloud.Services.TextToSpeech.v1.TextToSpeech/GetPronunciationReq::set_Callback(IBM.Watson.DeveloperCloud.Services.TextToSpeech.v1.TextToSpeech/GetPronunciationCallback)</Name>
              <FileRef uid="119" />
              <SequencePoints>
                <SequencePoint vc="1" uspid="3917" ordinal="0" offset="0" sl="404" sc="55" el="404" ec="59" bec="0" bev="0" fileid="119" />
              </SequencePoints>
              <BranchPoints />
              <MethodPoint xsi:type="SequencePoint" vc="1" uspid="3917" ordinal="0" offset="0" sl="404" sc="55" el="404" ec="59" bec="0" bev="0" fileid="119" />
            </Method>
            <Method visited="false" cyclomaticComplexity="1" nPathComplexity="0" sequenceCoverage="0" branchCoverage="0" isConstructor="false" isStatic="false" isGetter="true" isSetter="false">
              <Summary numSequencePoints="1" visitedSequencePoints="0" numBranchPoints="1" visitedBranchPoints="0" sequenceCoverage="0" branchCoverage="0" maxCyclomaticComplexity="1" minCyclomaticComplexity="1" visitedClasses="0" numClasses="0" visitedMethods="0" numMethods="1" />
              <MetadataToken>100666354</MetadataToken>
              <Name>System.String IBM.Watson.DeveloperCloud.Services.TextToSpeech.v1.TextToSpeech/GetPronunciationReq::get_Text()</Name>
              <FileRef uid="119" />
              <SequencePoints>
                <SequencePoint vc="0" uspid="3918" ordinal="0" offset="0" sl="405" sc="28" el="405" ec="32" bec="0" bev="0" fileid="119" />
              </SequencePoints>
              <BranchPoints />
              <MethodPoint xsi:type="SequencePoint" vc="0" uspid="3918" ordinal="0" offset="0" sl="405" sc="28" el="405" ec="32" bec="0" bev="0" fileid="119" />
            </Method>
            <Method visited="true" cyclomaticComplexity="1" nPathComplexity="0" sequenceCoverage="100" branchCoverage="100" isConstructor="false" isStatic="false" isGetter="false" isSetter="true">
              <Summary numSequencePoints="1" visitedSequencePoints="1" numBranchPoints="1" visitedBranchPoints="1" sequenceCoverage="100" branchCoverage="100" maxCyclomaticComplexity="1" minCyclomaticComplexity="1" visitedClasses="0" numClasses="0" visitedMethods="1" numMethods="1" />
              <MetadataToken>100666355</MetadataToken>
              <Name>System.Void IBM.Watson.DeveloperCloud.Services.TextToSpeech.v1.TextToSpeech/GetPronunciationReq::set_Text(System.String)</Name>
              <FileRef uid="119" />
              <SequencePoints>
                <SequencePoint vc="1" uspid="3919" ordinal="0" offset="0" sl="405" sc="33" el="405" ec="37" bec="0" bev="0" fileid="119" />
              </SequencePoints>
              <BranchPoints />
              <MethodPoint xsi:type="SequencePoint" vc="1" uspid="3919" ordinal="0" offset="0" sl="405" sc="33" el="405" ec="37" bec="0" bev="0" fileid="119" />
            </Method>
            <Method visited="false" cyclomaticComplexity="1" nPathComplexity="0" sequenceCoverage="0" branchCoverage="0" isConstructor="false" isStatic="false" isGetter="true" isSetter="false">
              <Summary numSequencePoints="1" visitedSequencePoints="0" numBranchPoints="1" visitedBranchPoints="0" sequenceCoverage="0" branchCoverage="0" maxCyclomaticComplexity="1" minCyclomaticComplexity="1" visitedClasses="0" numClasses="0" visitedMethods="0" numMethods="1" />
              <MetadataToken>100666356</MetadataToken>
              <Name>IBM.Watson.DeveloperCloud.Services.TextToSpeech.v1.VoiceType IBM.Watson.DeveloperCloud.Services.TextToSpeech.v1.TextToSpeech/GetPronunciationReq::get_Voice()</Name>
              <FileRef uid="119" />
              <SequencePoints>
                <SequencePoint vc="0" uspid="3920" ordinal="0" offset="0" sl="406" sc="32" el="406" ec="36" bec="0" bev="0" fileid="119" />
              </SequencePoints>
              <BranchPoints />
              <MethodPoint xsi:type="SequencePoint" vc="0" uspid="3920" ordinal="0" offset="0" sl="406" sc="32" el="406" ec="36" bec="0" bev="0" fileid="119" />
            </Method>
            <Method visited="true" cyclomaticComplexity="1" nPathComplexity="0" sequenceCoverage="100" branchCoverage="100" isConstructor="false" isStatic="false" isGetter="false" isSetter="true">
              <Summary numSequencePoints="1" visitedSequencePoints="1" numBranchPoints="1" visitedBranchPoints="1" sequenceCoverage="100" branchCoverage="100" maxCyclomaticComplexity="1" minCyclomaticComplexity="1" visitedClasses="0" numClasses="0" visitedMethods="1" numMethods="1" />
              <MetadataToken>100666357</MetadataToken>
              <Name>System.Void IBM.Watson.DeveloperCloud.Services.TextToSpeech.v1.TextToSpeech/GetPronunciationReq::set_Voice(IBM.Watson.DeveloperCloud.Services.TextToSpeech.v1.VoiceType)</Name>
              <FileRef uid="119" />
              <SequencePoints>
                <SequencePoint vc="1" uspid="3921" ordinal="0" offset="0" sl="406" sc="37" el="406" ec="41" bec="0" bev="0" fileid="119" />
              </SequencePoints>
              <BranchPoints />
              <MethodPoint xsi:type="SequencePoint" vc="1" uspid="3921" ordinal="0" offset="0" sl="406" sc="37" el="406" ec="41" bec="0" bev="0" fileid="119" />
            </Method>
            <Method visited="false" cyclomaticComplexity="1" nPathComplexity="0" sequenceCoverage="0" branchCoverage="0" isConstructor="false" isStatic="false" isGetter="true" isSetter="false">
              <Summary numSequencePoints="1" visitedSequencePoints="0" numBranchPoints="1" visitedBranchPoints="0" sequenceCoverage="0" branchCoverage="0" maxCyclomaticComplexity="1" minCyclomaticComplexity="1" visitedClasses="0" numClasses="0" visitedMethods="0" numMethods="1" />
              <MetadataToken>100666358</MetadataToken>
              <Name>System.String IBM.Watson.DeveloperCloud.Services.TextToSpeech.v1.TextToSpeech/GetPronunciationReq::get_Format()</Name>
              <FileRef uid="119" />
              <SequencePoints>
                <SequencePoint vc="0" uspid="3922" ordinal="0" offset="0" sl="407" sc="30" el="407" ec="34" bec="0" bev="0" fileid="119" />
              </SequencePoints>
              <BranchPoints />
              <MethodPoint xsi:type="SequencePoint" vc="0" uspid="3922" ordinal="0" offset="0" sl="407" sc="30" el="407" ec="34" bec="0" bev="0" fileid="119" />
            </Method>
            <Method visited="true" cyclomaticComplexity="1" nPathComplexity="0" sequenceCoverage="100" branchCoverage="100" isConstructor="false" isStatic="false" isGetter="false" isSetter="true">
              <Summary numSequencePoints="1" visitedSequencePoints="1" numBranchPoints="1" visitedBranchPoints="1" sequenceCoverage="100" branchCoverage="100" maxCyclomaticComplexity="1" minCyclomaticComplexity="1" visitedClasses="0" numClasses="0" visitedMethods="1" numMethods="1" />
              <MetadataToken>100666359</MetadataToken>
              <Name>System.Void IBM.Watson.DeveloperCloud.Services.TextToSpeech.v1.TextToSpeech/GetPronunciationReq::set_Format(System.String)</Name>
              <FileRef uid="119" />
              <SequencePoints>
                <SequencePoint vc="1" uspid="3923" ordinal="0" offset="0" sl="407" sc="35" el="407" ec="39" bec="0" bev="0" fileid="119" />
              </SequencePoints>
              <BranchPoints />
              <MethodPoint xsi:type="SequencePoint" vc="1" uspid="3923" ordinal="0" offset="0" sl="407" sc="35" el="407" ec="39" bec="0" bev="0" fileid="119" />
            </Method>
            <Method visited="false" cyclomaticComplexity="1" nPathComplexity="0" sequenceCoverage="0" branchCoverage="0" isConstructor="false" isStatic="false" isGetter="true" isSetter="false">
              <Summary numSequencePoints="1" visitedSequencePoints="0" numBranchPoints="1" visitedBranchPoints="0" sequenceCoverage="0" branchCoverage="0" maxCyclomaticComplexity="1" minCyclomaticComplexity="1" visitedClasses="0" numClasses="0" visitedMethods="0" numMethods="1" />
              <MetadataToken>100666360</MetadataToken>
              <Name>System.String IBM.Watson.DeveloperCloud.Services.TextToSpeech.v1.TextToSpeech/GetPronunciationReq::get_Customization_ID()</Name>
              <FileRef uid="119" />
              <SequencePoints>
                <SequencePoint vc="0" uspid="3924" ordinal="0" offset="0" sl="408" sc="40" el="408" ec="44" bec="0" bev="0" fileid="119" />
              </SequencePoints>
              <BranchPoints />
              <MethodPoint xsi:type="SequencePoint" vc="0" uspid="3924" ordinal="0" offset="0" sl="408" sc="40" el="408" ec="44" bec="0" bev="0" fileid="119" />
            </Method>
            <Method visited="true" cyclomaticComplexity="1" nPathComplexity="0" sequenceCoverage="100" branchCoverage="100" isConstructor="false" isStatic="false" isGetter="false" isSetter="true">
              <Summary numSequencePoints="1" visitedSequencePoints="1" numBranchPoints="1" visitedBranchPoints="1" sequenceCoverage="100" branchCoverage="100" maxCyclomaticComplexity="1" minCyclomaticComplexity="1" visitedClasses="0" numClasses="0" visitedMethods="1" numMethods="1" />
              <MetadataToken>100666361</MetadataToken>
              <Name>System.Void IBM.Watson.DeveloperCloud.Services.TextToSpeech.v1.TextToSpeech/GetPronunciationReq::set_Customization_ID(System.String)</Name>
              <FileRef uid="119" />
              <SequencePoints>
                <SequencePoint vc="1" uspid="3925" ordinal="0" offset="0" sl="408" sc="45" el="408" ec="49" bec="0" bev="0" fileid="119" />
              </SequencePoints>
              <BranchPoints />
              <MethodPoint xsi:type="SequencePoint" vc="1" uspid="3925" ordinal="0" offset="0" sl="408" sc="45" el="408" ec="49" bec="0" bev="0" fileid="119" />
            </Method>
            <Method visited="true" cyclomaticComplexity="1" nPathComplexity="0" sequenceCoverage="0" branchCoverage="0" isConstructor="true" isStatic="false" isGetter="false" isSetter="false">
              <Summary numSequencePoints="0" visitedSequencePoints="0" numBranchPoints="0" visitedBranchPoints="0" sequenceCoverage="0" branchCoverage="0" maxCyclomaticComplexity="1" minCyclomaticComplexity="1" visitedClasses="0" numClasses="0" visitedMethods="0" numMethods="0" />
              <MetadataToken>100666362</MetadataToken>
              <Name>System.Void IBM.Watson.DeveloperCloud.Services.TextToSpeech.v1.TextToSpeech/GetPronunciationReq::.ctor()</Name>
              <SequencePoints />
              <BranchPoints />
              <MethodPoint vc="1" uspid="3926" ordinal="0" offset="0" />
            </Method>
          </Methods>
        </Class>
        <Class>
          <Summary numSequencePoints="0" visitedSequencePoints="0" numBranchPoints="0" visitedBranchPoints="0" sequenceCoverage="0" branchCoverage="0" maxCyclomaticComplexity="0" minCyclomaticComplexity="0" visitedClasses="0" numClasses="0" visitedMethods="0" numMethods="0" />
          <FullName>IBM.Watson.DeveloperCloud.Services.TextToSpeech.v1.TextToSpeech/GetCustomizationsCallback</FullName>
          <Methods>
            <Method skippedDueTo="Unknown" visited="false" cyclomaticComplexity="0" nPathComplexity="0" sequenceCoverage="0" branchCoverage="0" isConstructor="true" isStatic="false" isGetter="false" isSetter="false">
              <MetadataToken>100666363</MetadataToken>
              <Name>System.Void IBM.Watson.DeveloperCloud.Services.TextToSpeech.v1.TextToSpeech/GetCustomizationsCallback::.ctor(System.Object,System.IntPtr)</Name>
              <SequencePoints />
              <BranchPoints />
            </Method>
            <Method skippedDueTo="Unknown" visited="false" cyclomaticComplexity="0" nPathComplexity="0" sequenceCoverage="0" branchCoverage="0" isConstructor="false" isStatic="false" isGetter="false" isSetter="false">
              <MetadataToken>100666364</MetadataToken>
              <Name>System.Void IBM.Watson.DeveloperCloud.Services.TextToSpeech.v1.TextToSpeech/GetCustomizationsCallback::Invoke(IBM.Watson.DeveloperCloud.Services.TextToSpeech.v1.Customizations,System.String)</Name>
              <SequencePoints />
              <BranchPoints />
            </Method>
            <Method skippedDueTo="Unknown" visited="false" cyclomaticComplexity="0" nPathComplexity="0" sequenceCoverage="0" branchCoverage="0" isConstructor="false" isStatic="false" isGetter="false" isSetter="false">
              <MetadataToken>100666365</MetadataToken>
              <Name>System.IAsyncResult IBM.Watson.DeveloperCloud.Services.TextToSpeech.v1.TextToSpeech/GetCustomizationsCallback::BeginInvoke(IBM.Watson.DeveloperCloud.Services.TextToSpeech.v1.Customizations,System.String,System.AsyncCallback,System.Object)</Name>
              <SequencePoints />
              <BranchPoints />
            </Method>
            <Method skippedDueTo="Unknown" visited="false" cyclomaticComplexity="0" nPathComplexity="0" sequenceCoverage="0" branchCoverage="0" isConstructor="false" isStatic="false" isGetter="false" isSetter="false">
              <MetadataToken>100666366</MetadataToken>
              <Name>System.Void IBM.Watson.DeveloperCloud.Services.TextToSpeech.v1.TextToSpeech/GetCustomizationsCallback::EndInvoke(System.IAsyncResult)</Name>
              <SequencePoints />
              <BranchPoints />
            </Method>
          </Methods>
        </Class>
        <Class>
          <Summary numSequencePoints="4" visitedSequencePoints="4" numBranchPoints="4" visitedBranchPoints="4" sequenceCoverage="100" branchCoverage="100" maxCyclomaticComplexity="1" minCyclomaticComplexity="1" visitedClasses="1" numClasses="1" visitedMethods="4" numMethods="4" />
          <FullName>IBM.Watson.DeveloperCloud.Services.TextToSpeech.v1.TextToSpeech/GetCustomizationsReq</FullName>
          <Methods>
            <Method visited="true" cyclomaticComplexity="1" nPathComplexity="0" sequenceCoverage="100" branchCoverage="100" isConstructor="false" isStatic="false" isGetter="true" isSetter="false">
              <Summary numSequencePoints="1" visitedSequencePoints="1" numBranchPoints="1" visitedBranchPoints="1" sequenceCoverage="100" branchCoverage="100" maxCyclomaticComplexity="1" minCyclomaticComplexity="1" visitedClasses="0" numClasses="0" visitedMethods="1" numMethods="1" />
              <MetadataToken>100666367</MetadataToken>
              <Name>IBM.Watson.DeveloperCloud.Services.TextToSpeech.v1.TextToSpeech/GetCustomizationsCallback IBM.Watson.DeveloperCloud.Services.TextToSpeech.v1.TextToSpeech/GetCustomizationsReq::get_Callback()</Name>
              <FileRef uid="119" />
              <SequencePoints>
                <SequencePoint vc="2" uspid="3927" ordinal="0" offset="0" sl="474" sc="51" el="474" ec="55" bec="0" bev="0" fileid="119" />
              </SequencePoints>
              <BranchPoints />
              <MethodPoint xsi:type="SequencePoint" vc="2" uspid="3927" ordinal="0" offset="0" sl="474" sc="51" el="474" ec="55" bec="0" bev="0" fileid="119" />
            </Method>
            <Method visited="true" cyclomaticComplexity="1" nPathComplexity="0" sequenceCoverage="100" branchCoverage="100" isConstructor="false" isStatic="false" isGetter="false" isSetter="true">
              <Summary numSequencePoints="1" visitedSequencePoints="1" numBranchPoints="1" visitedBranchPoints="1" sequenceCoverage="100" branchCoverage="100" maxCyclomaticComplexity="1" minCyclomaticComplexity="1" visitedClasses="0" numClasses="0" visitedMethods="1" numMethods="1" />
              <MetadataToken>100666368</MetadataToken>
              <Name>System.Void IBM.Watson.DeveloperCloud.Services.TextToSpeech.v1.TextToSpeech/GetCustomizationsReq::set_Callback(IBM.Watson.DeveloperCloud.Services.TextToSpeech.v1.TextToSpeech/GetCustomizationsCallback)</Name>
              <FileRef uid="119" />
              <SequencePoints>
                <SequencePoint vc="1" uspid="3928" ordinal="0" offset="0" sl="474" sc="56" el="474" ec="60" bec="0" bev="0" fileid="119" />
              </SequencePoints>
              <BranchPoints />
              <MethodPoint xsi:type="SequencePoint" vc="1" uspid="3928" ordinal="0" offset="0" sl="474" sc="56" el="474" ec="60" bec="0" bev="0" fileid="119" />
            </Method>
            <Method visited="true" cyclomaticComplexity="1" nPathComplexity="0" sequenceCoverage="100" branchCoverage="100" isConstructor="false" isStatic="false" isGetter="true" isSetter="false">
              <Summary numSequencePoints="1" visitedSequencePoints="1" numBranchPoints="1" visitedBranchPoints="1" sequenceCoverage="100" branchCoverage="100" maxCyclomaticComplexity="1" minCyclomaticComplexity="1" visitedClasses="0" numClasses="0" visitedMethods="1" numMethods="1" />
              <MetadataToken>100666369</MetadataToken>
              <Name>System.String IBM.Watson.DeveloperCloud.Services.TextToSpeech.v1.TextToSpeech/GetCustomizationsReq::get_Data()</Name>
              <FileRef uid="119" />
              <SequencePoints>
                <SequencePoint vc="1" uspid="3929" ordinal="0" offset="0" sl="475" sc="28" el="475" ec="32" bec="0" bev="0" fileid="119" />
              </SequencePoints>
              <BranchPoints />
              <MethodPoint xsi:type="SequencePoint" vc="1" uspid="3929" ordinal="0" offset="0" sl="475" sc="28" el="475" ec="32" bec="0" bev="0" fileid="119" />
            </Method>
            <Method visited="true" cyclomaticComplexity="1" nPathComplexity="0" sequenceCoverage="100" branchCoverage="100" isConstructor="false" isStatic="false" isGetter="false" isSetter="true">
              <Summary numSequencePoints="1" visitedSequencePoints="1" numBranchPoints="1" visitedBranchPoints="1" sequenceCoverage="100" branchCoverage="100" maxCyclomaticComplexity="1" minCyclomaticComplexity="1" visitedClasses="0" numClasses="0" visitedMethods="1" numMethods="1" />
              <MetadataToken>100666370</MetadataToken>
              <Name>System.Void IBM.Watson.DeveloperCloud.Services.TextToSpeech.v1.TextToSpeech/GetCustomizationsReq::set_Data(System.String)</Name>
              <FileRef uid="119" />
              <SequencePoints>
                <SequencePoint vc="1" uspid="3930" ordinal="0" offset="0" sl="475" sc="33" el="475" ec="37" bec="0" bev="0" fileid="119" />
              </SequencePoints>
              <BranchPoints />
              <MethodPoint xsi:type="SequencePoint" vc="1" uspid="3930" ordinal="0" offset="0" sl="475" sc="33" el="475" ec="37" bec="0" bev="0" fileid="119" />
            </Method>
            <Method visited="true" cyclomaticComplexity="1" nPathComplexity="0" sequenceCoverage="0" branchCoverage="0" isConstructor="true" isStatic="false" isGetter="false" isSetter="false">
              <Summary numSequencePoints="0" visitedSequencePoints="0" numBranchPoints="0" visitedBranchPoints="0" sequenceCoverage="0" branchCoverage="0" maxCyclomaticComplexity="1" minCyclomaticComplexity="1" visitedClasses="0" numClasses="0" visitedMethods="0" numMethods="0" />
              <MetadataToken>100666371</MetadataToken>
              <Name>System.Void IBM.Watson.DeveloperCloud.Services.TextToSpeech.v1.TextToSpeech/GetCustomizationsReq::.ctor()</Name>
              <SequencePoints />
              <BranchPoints />
              <MethodPoint vc="1" uspid="3931" ordinal="0" offset="0" />
            </Method>
          </Methods>
        </Class>
        <Class>
          <Summary numSequencePoints="0" visitedSequencePoints="0" numBranchPoints="0" visitedBranchPoints="0" sequenceCoverage="0" branchCoverage="0" maxCyclomaticComplexity="0" minCyclomaticComplexity="0" visitedClasses="0" numClasses="0" visitedMethods="0" numMethods="0" />
          <FullName>IBM.Watson.DeveloperCloud.Services.TextToSpeech.v1.TextToSpeech/CreateCustomizationCallback</FullName>
          <Methods>
            <Method skippedDueTo="Unknown" visited="false" cyclomaticComplexity="0" nPathComplexity="0" sequenceCoverage="0" branchCoverage="0" isConstructor="true" isStatic="false" isGetter="false" isSetter="false">
              <MetadataToken>100666372</MetadataToken>
              <Name>System.Void IBM.Watson.DeveloperCloud.Services.TextToSpeech.v1.TextToSpeech/CreateCustomizationCallback::.ctor(System.Object,System.IntPtr)</Name>
              <SequencePoints />
              <BranchPoints />
            </Method>
            <Method skippedDueTo="Unknown" visited="false" cyclomaticComplexity="0" nPathComplexity="0" sequenceCoverage="0" branchCoverage="0" isConstructor="false" isStatic="false" isGetter="false" isSetter="false">
              <MetadataToken>100666373</MetadataToken>
              <Name>System.Void IBM.Watson.DeveloperCloud.Services.TextToSpeech.v1.TextToSpeech/CreateCustomizationCallback::Invoke(IBM.Watson.DeveloperCloud.Services.TextToSpeech.v1.CustomizationID,System.String)</Name>
              <SequencePoints />
              <BranchPoints />
            </Method>
            <Method skippedDueTo="Unknown" visited="false" cyclomaticComplexity="0" nPathComplexity="0" sequenceCoverage="0" branchCoverage="0" isConstructor="false" isStatic="false" isGetter="false" isSetter="false">
              <MetadataToken>100666374</MetadataToken>
              <Name>System.IAsyncResult IBM.Watson.DeveloperCloud.Services.TextToSpeech.v1.TextToSpeech/CreateCustomizationCallback::BeginInvoke(IBM.Watson.DeveloperCloud.Services.TextToSpeech.v1.CustomizationID,System.String,System.AsyncCallback,System.Object)</Name>
              <SequencePoints />
              <BranchPoints />
            </Method>
            <Method skippedDueTo="Unknown" visited="false" cyclomaticComplexity="0" nPathComplexity="0" sequenceCoverage="0" branchCoverage="0" isConstructor="false" isStatic="false" isGetter="false" isSetter="false">
              <MetadataToken>100666375</MetadataToken>
              <Name>System.Void IBM.Watson.DeveloperCloud.Services.TextToSpeech.v1.TextToSpeech/CreateCustomizationCallback::EndInvoke(System.IAsyncResult)</Name>
              <SequencePoints />
              <BranchPoints />
            </Method>
          </Methods>
        </Class>
        <Class>
          <Summary numSequencePoints="6" visitedSequencePoints="5" numBranchPoints="6" visitedBranchPoints="5" sequenceCoverage="83.33" branchCoverage="83.33" maxCyclomaticComplexity="1" minCyclomaticComplexity="1" visitedClasses="1" numClasses="1" visitedMethods="5" numMethods="6" />
          <FullName>IBM.Watson.DeveloperCloud.Services.TextToSpeech.v1.TextToSpeech/CreateCustomizationRequest</FullName>
          <Methods>
            <Method visited="true" cyclomaticComplexity="1" nPathComplexity="0" sequenceCoverage="100" branchCoverage="100" isConstructor="false" isStatic="false" isGetter="true" isSetter="false">
              <Summary numSequencePoints="1" visitedSequencePoints="1" numBranchPoints="1" visitedBranchPoints="1" sequenceCoverage="100" branchCoverage="100" maxCyclomaticComplexity="1" minCyclomaticComplexity="1" visitedClasses="0" numClasses="0" visitedMethods="1" numMethods="1" />
              <MetadataToken>100666376</MetadataToken>
              <Name>IBM.Watson.DeveloperCloud.Services.TextToSpeech.v1.TextToSpeech/CreateCustomizationCallback IBM.Watson.DeveloperCloud.Services.TextToSpeech.v1.TextToSpeech/CreateCustomizationRequest::get_Callback()</Name>
              <FileRef uid="119" />
              <SequencePoints>
                <SequencePoint vc="2" uspid="3932" ordinal="0" offset="0" sl="559" sc="53" el="559" ec="57" bec="0" bev="0" fileid="119" />
              </SequencePoints>
              <BranchPoints />
              <MethodPoint xsi:type="SequencePoint" vc="2" uspid="3932" ordinal="0" offset="0" sl="559" sc="53" el="559" ec="57" bec="0" bev="0" fileid="119" />
            </Method>
            <Method visited="true" cyclomaticComplexity="1" nPathComplexity="0" sequenceCoverage="100" branchCoverage="100" isConstructor="false" isStatic="false" isGetter="false" isSetter="true">
              <Summary numSequencePoints="1" visitedSequencePoints="1" numBranchPoints="1" visitedBranchPoints="1" sequenceCoverage="100" branchCoverage="100" maxCyclomaticComplexity="1" minCyclomaticComplexity="1" visitedClasses="0" numClasses="0" visitedMethods="1" numMethods="1" />
              <MetadataToken>100666377</MetadataToken>
              <Name>System.Void IBM.Watson.DeveloperCloud.Services.TextToSpeech.v1.TextToSpeech/CreateCustomizationRequest::set_Callback(IBM.Watson.DeveloperCloud.Services.TextToSpeech.v1.TextToSpeech/CreateCustomizationCallback)</Name>
              <FileRef uid="119" />
              <SequencePoints>
                <SequencePoint vc="1" uspid="3933" ordinal="0" offset="0" sl="559" sc="58" el="559" ec="62" bec="0" bev="0" fileid="119" />
              </SequencePoints>
              <BranchPoints />
              <MethodPoint xsi:type="SequencePoint" vc="1" uspid="3933" ordinal="0" offset="0" sl="559" sc="58" el="559" ec="62" bec="0" bev="0" fileid="119" />
            </Method>
            <Method visited="false" cyclomaticComplexity="1" nPathComplexity="0" sequenceCoverage="0" branchCoverage="0" isConstructor="false" isStatic="false" isGetter="true" isSetter="false">
              <Summary numSequencePoints="1" visitedSequencePoints="0" numBranchPoints="1" visitedBranchPoints="0" sequenceCoverage="0" branchCoverage="0" maxCyclomaticComplexity="1" minCyclomaticComplexity="1" visitedClasses="0" numClasses="0" visitedMethods="0" numMethods="1" />
              <MetadataToken>100666378</MetadataToken>
              <Name>IBM.Watson.DeveloperCloud.Services.TextToSpeech.v1.CustomVoice IBM.Watson.DeveloperCloud.Services.TextToSpeech.v1.TextToSpeech/CreateCustomizationRequest::get_CustomVoice()</Name>
              <FileRef uid="119" />
              <SequencePoints>
                <SequencePoint vc="0" uspid="3934" ordinal="0" offset="0" sl="560" sc="40" el="560" ec="44" bec="0" bev="0" fileid="119" />
              </SequencePoints>
              <BranchPoints />
              <MethodPoint xsi:type="SequencePoint" vc="0" uspid="3934" ordinal="0" offset="0" sl="560" sc="40" el="560" ec="44" bec="0" bev="0" fileid="119" />
            </Method>
            <Method visited="true" cyclomaticComplexity="1" nPathComplexity="0" sequenceCoverage="100" branchCoverage="100" isConstructor="false" isStatic="false" isGetter="false" isSetter="true">
              <Summary numSequencePoints="1" visitedSequencePoints="1" numBranchPoints="1" visitedBranchPoints="1" sequenceCoverage="100" branchCoverage="100" maxCyclomaticComplexity="1" minCyclomaticComplexity="1" visitedClasses="0" numClasses="0" visitedMethods="1" numMethods="1" />
              <MetadataToken>100666379</MetadataToken>
              <Name>System.Void IBM.Watson.DeveloperCloud.Services.TextToSpeech.v1.TextToSpeech/CreateCustomizationRequest::set_CustomVoice(IBM.Watson.DeveloperCloud.Services.TextToSpeech.v1.CustomVoice)</Name>
              <FileRef uid="119" />
              <SequencePoints>
                <SequencePoint vc="1" uspid="3935" ordinal="0" offset="0" sl="560" sc="45" el="560" ec="49" bec="0" bev="0" fileid="119" />
              </SequencePoints>
              <BranchPoints />
              <MethodPoint xsi:type="SequencePoint" vc="1" uspid="3935" ordinal="0" offset="0" sl="560" sc="45" el="560" ec="49" bec="0" bev="0" fileid="119" />
            </Method>
            <Method visited="true" cyclomaticComplexity="1" nPathComplexity="0" sequenceCoverage="100" branchCoverage="100" isConstructor="false" isStatic="false" isGetter="true" isSetter="false">
              <Summary numSequencePoints="1" visitedSequencePoints="1" numBranchPoints="1" visitedBranchPoints="1" sequenceCoverage="100" branchCoverage="100" maxCyclomaticComplexity="1" minCyclomaticComplexity="1" visitedClasses="0" numClasses="0" visitedMethods="1" numMethods="1" />
              <MetadataToken>100666380</MetadataToken>
              <Name>System.String IBM.Watson.DeveloperCloud.Services.TextToSpeech.v1.TextToSpeech/CreateCustomizationRequest::get_Data()</Name>
              <FileRef uid="119" />
              <SequencePoints>
                <SequencePoint vc="1" uspid="3936" ordinal="0" offset="0" sl="561" sc="28" el="561" ec="32" bec="0" bev="0" fileid="119" />
              </SequencePoints>
              <BranchPoints />
              <MethodPoint xsi:type="SequencePoint" vc="1" uspid="3936" ordinal="0" offset="0" sl="561" sc="28" el="561" ec="32" bec="0" bev="0" fileid="119" />
            </Method>
            <Method visited="true" cyclomaticComplexity="1" nPathComplexity="0" sequenceCoverage="100" branchCoverage="100" isConstructor="false" isStatic="false" isGetter="false" isSetter="true">
              <Summary numSequencePoints="1" visitedSequencePoints="1" numBranchPoints="1" visitedBranchPoints="1" sequenceCoverage="100" branchCoverage="100" maxCyclomaticComplexity="1" minCyclomaticComplexity="1" visitedClasses="0" numClasses="0" visitedMethods="1" numMethods="1" />
              <MetadataToken>100666381</MetadataToken>
              <Name>System.Void IBM.Watson.DeveloperCloud.Services.TextToSpeech.v1.TextToSpeech/CreateCustomizationRequest::set_Data(System.String)</Name>
              <FileRef uid="119" />
              <SequencePoints>
                <SequencePoint vc="1" uspid="3937" ordinal="0" offset="0" sl="561" sc="33" el="561" ec="37" bec="0" bev="0" fileid="119" />
              </SequencePoints>
              <BranchPoints />
              <MethodPoint xsi:type="SequencePoint" vc="1" uspid="3937" ordinal="0" offset="0" sl="561" sc="33" el="561" ec="37" bec="0" bev="0" fileid="119" />
            </Method>
            <Method visited="true" cyclomaticComplexity="1" nPathComplexity="0" sequenceCoverage="0" branchCoverage="0" isConstructor="true" isStatic="false" isGetter="false" isSetter="false">
              <Summary numSequencePoints="0" visitedSequencePoints="0" numBranchPoints="0" visitedBranchPoints="0" sequenceCoverage="0" branchCoverage="0" maxCyclomaticComplexity="1" minCyclomaticComplexity="1" visitedClasses="0" numClasses="0" visitedMethods="0" numMethods="0" />
              <MetadataToken>100666382</MetadataToken>
              <Name>System.Void IBM.Watson.DeveloperCloud.Services.TextToSpeech.v1.TextToSpeech/CreateCustomizationRequest::.ctor()</Name>
              <SequencePoints />
              <BranchPoints />
              <MethodPoint vc="1" uspid="3938" ordinal="0" offset="0" />
            </Method>
          </Methods>
        </Class>
        <Class>
          <Summary numSequencePoints="0" visitedSequencePoints="0" numBranchPoints="0" visitedBranchPoints="0" sequenceCoverage="0" branchCoverage="0" maxCyclomaticComplexity="0" minCyclomaticComplexity="0" visitedClasses="0" numClasses="0" visitedMethods="0" numMethods="0" />
          <FullName>IBM.Watson.DeveloperCloud.Services.TextToSpeech.v1.TextToSpeech/OnDeleteCustomizationCallback</FullName>
          <Methods>
            <Method skippedDueTo="Unknown" visited="false" cyclomaticComplexity="0" nPathComplexity="0" sequenceCoverage="0" branchCoverage="0" isConstructor="true" isStatic="false" isGetter="false" isSetter="false">
              <MetadataToken>100666383</MetadataToken>
              <Name>System.Void IBM.Watson.DeveloperCloud.Services.TextToSpeech.v1.TextToSpeech/OnDeleteCustomizationCallback::.ctor(System.Object,System.IntPtr)</Name>
              <SequencePoints />
              <BranchPoints />
            </Method>
            <Method skippedDueTo="Unknown" visited="false" cyclomaticComplexity="0" nPathComplexity="0" sequenceCoverage="0" branchCoverage="0" isConstructor="false" isStatic="false" isGetter="false" isSetter="false">
              <MetadataToken>100666384</MetadataToken>
              <Name>System.Void IBM.Watson.DeveloperCloud.Services.TextToSpeech.v1.TextToSpeech/OnDeleteCustomizationCallback::Invoke(System.Boolean,System.String)</Name>
              <SequencePoints />
              <BranchPoints />
            </Method>
            <Method skippedDueTo="Unknown" visited="false" cyclomaticComplexity="0" nPathComplexity="0" sequenceCoverage="0" branchCoverage="0" isConstructor="false" isStatic="false" isGetter="false" isSetter="false">
              <MetadataToken>100666385</MetadataToken>
              <Name>System.IAsyncResult IBM.Watson.DeveloperCloud.Services.TextToSpeech.v1.TextToSpeech/OnDeleteCustomizationCallback::BeginInvoke(System.Boolean,System.String,System.AsyncCallback,System.Object)</Name>
              <SequencePoints />
              <BranchPoints />
            </Method>
            <Method skippedDueTo="Unknown" visited="false" cyclomaticComplexity="0" nPathComplexity="0" sequenceCoverage="0" branchCoverage="0" isConstructor="false" isStatic="false" isGetter="false" isSetter="false">
              <MetadataToken>100666386</MetadataToken>
              <Name>System.Void IBM.Watson.DeveloperCloud.Services.TextToSpeech.v1.TextToSpeech/OnDeleteCustomizationCallback::EndInvoke(System.IAsyncResult)</Name>
              <SequencePoints />
              <BranchPoints />
            </Method>
          </Methods>
        </Class>
        <Class>
          <Summary numSequencePoints="6" visitedSequencePoints="5" numBranchPoints="6" visitedBranchPoints="5" sequenceCoverage="83.33" branchCoverage="83.33" maxCyclomaticComplexity="1" minCyclomaticComplexity="1" visitedClasses="1" numClasses="1" visitedMethods="5" numMethods="6" />
          <FullName>IBM.Watson.DeveloperCloud.Services.TextToSpeech.v1.TextToSpeech/DeleteCustomizationRequest</FullName>
          <Methods>
            <Method visited="true" cyclomaticComplexity="1" nPathComplexity="0" sequenceCoverage="100" branchCoverage="100" isConstructor="false" isStatic="false" isGetter="true" isSetter="false">
              <Summary numSequencePoints="1" visitedSequencePoints="1" numBranchPoints="1" visitedBranchPoints="1" sequenceCoverage="100" branchCoverage="100" maxCyclomaticComplexity="1" minCyclomaticComplexity="1" visitedClasses="0" numClasses="0" visitedMethods="1" numMethods="1" />
              <MetadataToken>100666387</MetadataToken>
              <Name>IBM.Watson.DeveloperCloud.Services.TextToSpeech.v1.TextToSpeech/OnDeleteCustomizationCallback IBM.Watson.DeveloperCloud.Services.TextToSpeech.v1.TextToSpeech/DeleteCustomizationRequest::get_Callback()</Name>
              <FileRef uid="119" />
              <SequencePoints>
                <SequencePoint vc="2" uspid="3939" ordinal="0" offset="0" sl="633" sc="55" el="633" ec="59" bec="0" bev="0" fileid="119" />
              </SequencePoints>
              <BranchPoints />
              <MethodPoint xsi:type="SequencePoint" vc="2" uspid="3939" ordinal="0" offset="0" sl="633" sc="55" el="633" ec="59" bec="0" bev="0" fileid="119" />
            </Method>
            <Method visited="true" cyclomaticComplexity="1" nPathComplexity="0" sequenceCoverage="100" branchCoverage="100" isConstructor="false" isStatic="false" isGetter="false" isSetter="true">
              <Summary numSequencePoints="1" visitedSequencePoints="1" numBranchPoints="1" visitedBranchPoints="1" sequenceCoverage="100" branchCoverage="100" maxCyclomaticComplexity="1" minCyclomaticComplexity="1" visitedClasses="0" numClasses="0" visitedMethods="1" numMethods="1" />
              <MetadataToken>100666388</MetadataToken>
              <Name>System.Void IBM.Watson.DeveloperCloud.Services.TextToSpeech.v1.TextToSpeech/DeleteCustomizationRequest::set_Callback(IBM.Watson.DeveloperCloud.Services.TextToSpeech.v1.TextToSpeech/OnDeleteCustomizationCallback)</Name>
              <FileRef uid="119" />
              <SequencePoints>
                <SequencePoint vc="1" uspid="3940" ordinal="0" offset="0" sl="633" sc="60" el="633" ec="64" bec="0" bev="0" fileid="119" />
              </SequencePoints>
              <BranchPoints />
              <MethodPoint xsi:type="SequencePoint" vc="1" uspid="3940" ordinal="0" offset="0" sl="633" sc="60" el="633" ec="64" bec="0" bev="0" fileid="119" />
            </Method>
            <Method visited="false" cyclomaticComplexity="1" nPathComplexity="0" sequenceCoverage="0" branchCoverage="0" isConstructor="false" isStatic="false" isGetter="true" isSetter="false">
              <Summary numSequencePoints="1" visitedSequencePoints="0" numBranchPoints="1" visitedBranchPoints="0" sequenceCoverage="0" branchCoverage="0" maxCyclomaticComplexity="1" minCyclomaticComplexity="1" visitedClasses="0" numClasses="0" visitedMethods="0" numMethods="1" />
              <MetadataToken>100666389</MetadataToken>
              <Name>System.String IBM.Watson.DeveloperCloud.Services.TextToSpeech.v1.TextToSpeech/DeleteCustomizationRequest::get_CustomizationID()</Name>
              <FileRef uid="119" />
              <SequencePoints>
                <SequencePoint vc="0" uspid="3941" ordinal="0" offset="0" sl="634" sc="39" el="634" ec="43" bec="0" bev="0" fileid="119" />
              </SequencePoints>
              <BranchPoints />
              <MethodPoint xsi:type="SequencePoint" vc="0" uspid="3941" ordinal="0" offset="0" sl="634" sc="39" el="634" ec="43" bec="0" bev="0" fileid="119" />
            </Method>
            <Method visited="true" cyclomaticComplexity="1" nPathComplexity="0" sequenceCoverage="100" branchCoverage="100" isConstructor="false" isStatic="false" isGetter="false" isSetter="true">
              <Summary numSequencePoints="1" visitedSequencePoints="1" numBranchPoints="1" visitedBranchPoints="1" sequenceCoverage="100" branchCoverage="100" maxCyclomaticComplexity="1" minCyclomaticComplexity="1" visitedClasses="0" numClasses="0" visitedMethods="1" numMethods="1" />
              <MetadataToken>100666390</MetadataToken>
              <Name>System.Void IBM.Watson.DeveloperCloud.Services.TextToSpeech.v1.TextToSpeech/DeleteCustomizationRequest::set_CustomizationID(System.String)</Name>
              <FileRef uid="119" />
              <SequencePoints>
                <SequencePoint vc="1" uspid="3942" ordinal="0" offset="0" sl="634" sc="44" el="634" ec="48" bec="0" bev="0" fileid="119" />
              </SequencePoints>
              <BranchPoints />
              <MethodPoint xsi:type="SequencePoint" vc="1" uspid="3942" ordinal="0" offset="0" sl="634" sc="44" el="634" ec="48" bec="0" bev="0" fileid="119" />
            </Method>
            <Method visited="true" cyclomaticComplexity="1" nPathComplexity="0" sequenceCoverage="100" branchCoverage="100" isConstructor="false" isStatic="false" isGetter="true" isSetter="false">
              <Summary numSequencePoints="1" visitedSequencePoints="1" numBranchPoints="1" visitedBranchPoints="1" sequenceCoverage="100" branchCoverage="100" maxCyclomaticComplexity="1" minCyclomaticComplexity="1" visitedClasses="0" numClasses="0" visitedMethods="1" numMethods="1" />
              <MetadataToken>100666391</MetadataToken>
              <Name>System.String IBM.Watson.DeveloperCloud.Services.TextToSpeech.v1.TextToSpeech/DeleteCustomizationRequest::get_Data()</Name>
              <FileRef uid="119" />
              <SequencePoints>
                <SequencePoint vc="1" uspid="3943" ordinal="0" offset="0" sl="635" sc="28" el="635" ec="32" bec="0" bev="0" fileid="119" />
              </SequencePoints>
              <BranchPoints />
              <MethodPoint xsi:type="SequencePoint" vc="1" uspid="3943" ordinal="0" offset="0" sl="635" sc="28" el="635" ec="32" bec="0" bev="0" fileid="119" />
            </Method>
            <Method visited="true" cyclomaticComplexity="1" nPathComplexity="0" sequenceCoverage="100" branchCoverage="100" isConstructor="false" isStatic="false" isGetter="false" isSetter="true">
              <Summary numSequencePoints="1" visitedSequencePoints="1" numBranchPoints="1" visitedBranchPoints="1" sequenceCoverage="100" branchCoverage="100" maxCyclomaticComplexity="1" minCyclomaticComplexity="1" visitedClasses="0" numClasses="0" visitedMethods="1" numMethods="1" />
              <MetadataToken>100666392</MetadataToken>
              <Name>System.Void IBM.Watson.DeveloperCloud.Services.TextToSpeech.v1.TextToSpeech/DeleteCustomizationRequest::set_Data(System.String)</Name>
              <FileRef uid="119" />
              <SequencePoints>
                <SequencePoint vc="1" uspid="3944" ordinal="0" offset="0" sl="635" sc="33" el="635" ec="37" bec="0" bev="0" fileid="119" />
              </SequencePoints>
              <BranchPoints />
              <MethodPoint xsi:type="SequencePoint" vc="1" uspid="3944" ordinal="0" offset="0" sl="635" sc="33" el="635" ec="37" bec="0" bev="0" fileid="119" />
            </Method>
            <Method visited="true" cyclomaticComplexity="1" nPathComplexity="0" sequenceCoverage="0" branchCoverage="0" isConstructor="true" isStatic="false" isGetter="false" isSetter="false">
              <Summary numSequencePoints="0" visitedSequencePoints="0" numBranchPoints="0" visitedBranchPoints="0" sequenceCoverage="0" branchCoverage="0" maxCyclomaticComplexity="1" minCyclomaticComplexity="1" visitedClasses="0" numClasses="0" visitedMethods="0" numMethods="0" />
              <MetadataToken>100666393</MetadataToken>
              <Name>System.Void IBM.Watson.DeveloperCloud.Services.TextToSpeech.v1.TextToSpeech/DeleteCustomizationRequest::.ctor()</Name>
              <SequencePoints />
              <BranchPoints />
              <MethodPoint vc="1" uspid="3945" ordinal="0" offset="0" />
            </Method>
          </Methods>
        </Class>
        <Class>
          <Summary numSequencePoints="0" visitedSequencePoints="0" numBranchPoints="0" visitedBranchPoints="0" sequenceCoverage="0" branchCoverage="0" maxCyclomaticComplexity="0" minCyclomaticComplexity="0" visitedClasses="0" numClasses="0" visitedMethods="0" numMethods="0" />
          <FullName>IBM.Watson.DeveloperCloud.Services.TextToSpeech.v1.TextToSpeech/GetCustomizationCallback</FullName>
          <Methods>
            <Method skippedDueTo="Unknown" visited="false" cyclomaticComplexity="0" nPathComplexity="0" sequenceCoverage="0" branchCoverage="0" isConstructor="true" isStatic="false" isGetter="false" isSetter="false">
              <MetadataToken>100666394</MetadataToken>
              <Name>System.Void IBM.Watson.DeveloperCloud.Services.TextToSpeech.v1.TextToSpeech/GetCustomizationCallback::.ctor(System.Object,System.IntPtr)</Name>
              <SequencePoints />
              <BranchPoints />
            </Method>
            <Method skippedDueTo="Unknown" visited="false" cyclomaticComplexity="0" nPathComplexity="0" sequenceCoverage="0" branchCoverage="0" isConstructor="false" isStatic="false" isGetter="false" isSetter="false">
              <MetadataToken>100666395</MetadataToken>
              <Name>System.Void IBM.Watson.DeveloperCloud.Services.TextToSpeech.v1.TextToSpeech/GetCustomizationCallback::Invoke(IBM.Watson.DeveloperCloud.Services.TextToSpeech.v1.Customization,System.String)</Name>
              <SequencePoints />
              <BranchPoints />
            </Method>
            <Method skippedDueTo="Unknown" visited="false" cyclomaticComplexity="0" nPathComplexity="0" sequenceCoverage="0" branchCoverage="0" isConstructor="false" isStatic="false" isGetter="false" isSetter="false">
              <MetadataToken>100666396</MetadataToken>
              <Name>System.IAsyncResult IBM.Watson.DeveloperCloud.Services.TextToSpeech.v1.TextToSpeech/GetCustomizationCallback::BeginInvoke(IBM.Watson.DeveloperCloud.Services.TextToSpeech.v1.Customization,System.String,System.AsyncCallback,System.Object)</Name>
              <SequencePoints />
              <BranchPoints />
            </Method>
            <Method skippedDueTo="Unknown" visited="false" cyclomaticComplexity="0" nPathComplexity="0" sequenceCoverage="0" branchCoverage="0" isConstructor="false" isStatic="false" isGetter="false" isSetter="false">
              <MetadataToken>100666397</MetadataToken>
              <Name>System.Void IBM.Watson.DeveloperCloud.Services.TextToSpeech.v1.TextToSpeech/GetCustomizationCallback::EndInvoke(System.IAsyncResult)</Name>
              <SequencePoints />
              <BranchPoints />
            </Method>
          </Methods>
        </Class>
        <Class>
          <Summary numSequencePoints="6" visitedSequencePoints="5" numBranchPoints="6" visitedBranchPoints="5" sequenceCoverage="83.33" branchCoverage="83.33" maxCyclomaticComplexity="1" minCyclomaticComplexity="1" visitedClasses="1" numClasses="1" visitedMethods="5" numMethods="6" />
          <FullName>IBM.Watson.DeveloperCloud.Services.TextToSpeech.v1.TextToSpeech/GetCustomizationRequest</FullName>
          <Methods>
            <Method visited="true" cyclomaticComplexity="1" nPathComplexity="0" sequenceCoverage="100" branchCoverage="100" isConstructor="false" isStatic="false" isGetter="true" isSetter="false">
              <Summary numSequencePoints="1" visitedSequencePoints="1" numBranchPoints="1" visitedBranchPoints="1" sequenceCoverage="100" branchCoverage="100" maxCyclomaticComplexity="1" minCyclomaticComplexity="1" visitedClasses="0" numClasses="0" visitedMethods="1" numMethods="1" />
              <MetadataToken>100666398</MetadataToken>
              <Name>IBM.Watson.DeveloperCloud.Services.TextToSpeech.v1.TextToSpeech/GetCustomizationCallback IBM.Watson.DeveloperCloud.Services.TextToSpeech.v1.TextToSpeech/GetCustomizationRequest::get_Callback()</Name>
              <FileRef uid="119" />
              <SequencePoints>
                <SequencePoint vc="2" uspid="3946" ordinal="0" offset="0" sl="683" sc="50" el="683" ec="54" bec="0" bev="0" fileid="119" />
              </SequencePoints>
              <BranchPoints />
              <MethodPoint xsi:type="SequencePoint" vc="2" uspid="3946" ordinal="0" offset="0" sl="683" sc="50" el="683" ec="54" bec="0" bev="0" fileid="119" />
            </Method>
            <Method visited="true" cyclomaticComplexity="1" nPathComplexity="0" sequenceCoverage="100" branchCoverage="100" isConstructor="false" isStatic="false" isGetter="false" isSetter="true">
              <Summary numSequencePoints="1" visitedSequencePoints="1" numBranchPoints="1" visitedBranchPoints="1" sequenceCoverage="100" branchCoverage="100" maxCyclomaticComplexity="1" minCyclomaticComplexity="1" visitedClasses="0" numClasses="0" visitedMethods="1" numMethods="1" />
              <MetadataToken>100666399</MetadataToken>
              <Name>System.Void IBM.Watson.DeveloperCloud.Services.TextToSpeech.v1.TextToSpeech/GetCustomizationRequest::set_Callback(IBM.Watson.DeveloperCloud.Services.TextToSpeech.v1.TextToSpeech/GetCustomizationCallback)</Name>
              <FileRef uid="119" />
              <SequencePoints>
                <SequencePoint vc="1" uspid="3947" ordinal="0" offset="0" sl="683" sc="55" el="683" ec="59" bec="0" bev="0" fileid="119" />
              </SequencePoints>
              <BranchPoints />
              <MethodPoint xsi:type="SequencePoint" vc="1" uspid="3947" ordinal="0" offset="0" sl="683" sc="55" el="683" ec="59" bec="0" bev="0" fileid="119" />
            </Method>
            <Method visited="false" cyclomaticComplexity="1" nPathComplexity="0" sequenceCoverage="0" branchCoverage="0" isConstructor="false" isStatic="false" isGetter="true" isSetter="false">
              <Summary numSequencePoints="1" visitedSequencePoints="0" numBranchPoints="1" visitedBranchPoints="0" sequenceCoverage="0" branchCoverage="0" maxCyclomaticComplexity="1" minCyclomaticComplexity="1" visitedClasses="0" numClasses="0" visitedMethods="0" numMethods="1" />
              <MetadataToken>100666400</MetadataToken>
              <Name>System.String IBM.Watson.DeveloperCloud.Services.TextToSpeech.v1.TextToSpeech/GetCustomizationRequest::get_CustomizationID()</Name>
              <FileRef uid="119" />
              <SequencePoints>
                <SequencePoint vc="0" uspid="3948" ordinal="0" offset="0" sl="684" sc="39" el="684" ec="43" bec="0" bev="0" fileid="119" />
              </SequencePoints>
              <BranchPoints />
              <MethodPoint xsi:type="SequencePoint" vc="0" uspid="3948" ordinal="0" offset="0" sl="684" sc="39" el="684" ec="43" bec="0" bev="0" fileid="119" />
            </Method>
            <Method visited="true" cyclomaticComplexity="1" nPathComplexity="0" sequenceCoverage="100" branchCoverage="100" isConstructor="false" isStatic="false" isGetter="false" isSetter="true">
              <Summary numSequencePoints="1" visitedSequencePoints="1" numBranchPoints="1" visitedBranchPoints="1" sequenceCoverage="100" branchCoverage="100" maxCyclomaticComplexity="1" minCyclomaticComplexity="1" visitedClasses="0" numClasses="0" visitedMethods="1" numMethods="1" />
              <MetadataToken>100666401</MetadataToken>
              <Name>System.Void IBM.Watson.DeveloperCloud.Services.TextToSpeech.v1.TextToSpeech/GetCustomizationRequest::set_CustomizationID(System.String)</Name>
              <FileRef uid="119" />
              <SequencePoints>
                <SequencePoint vc="1" uspid="3949" ordinal="0" offset="0" sl="684" sc="44" el="684" ec="48" bec="0" bev="0" fileid="119" />
              </SequencePoints>
              <BranchPoints />
              <MethodPoint xsi:type="SequencePoint" vc="1" uspid="3949" ordinal="0" offset="0" sl="684" sc="44" el="684" ec="48" bec="0" bev="0" fileid="119" />
            </Method>
            <Method visited="true" cyclomaticComplexity="1" nPathComplexity="0" sequenceCoverage="100" branchCoverage="100" isConstructor="false" isStatic="false" isGetter="true" isSetter="false">
              <Summary numSequencePoints="1" visitedSequencePoints="1" numBranchPoints="1" visitedBranchPoints="1" sequenceCoverage="100" branchCoverage="100" maxCyclomaticComplexity="1" minCyclomaticComplexity="1" visitedClasses="0" numClasses="0" visitedMethods="1" numMethods="1" />
              <MetadataToken>100666402</MetadataToken>
              <Name>System.String IBM.Watson.DeveloperCloud.Services.TextToSpeech.v1.TextToSpeech/GetCustomizationRequest::get_Data()</Name>
              <FileRef uid="119" />
              <SequencePoints>
                <SequencePoint vc="1" uspid="3950" ordinal="0" offset="0" sl="685" sc="28" el="685" ec="32" bec="0" bev="0" fileid="119" />
              </SequencePoints>
              <BranchPoints />
              <MethodPoint xsi:type="SequencePoint" vc="1" uspid="3950" ordinal="0" offset="0" sl="685" sc="28" el="685" ec="32" bec="0" bev="0" fileid="119" />
            </Method>
            <Method visited="true" cyclomaticComplexity="1" nPathComplexity="0" sequenceCoverage="100" branchCoverage="100" isConstructor="false" isStatic="false" isGetter="false" isSetter="true">
              <Summary numSequencePoints="1" visitedSequencePoints="1" numBranchPoints="1" visitedBranchPoints="1" sequenceCoverage="100" branchCoverage="100" maxCyclomaticComplexity="1" minCyclomaticComplexity="1" visitedClasses="0" numClasses="0" visitedMethods="1" numMethods="1" />
              <MetadataToken>100666403</MetadataToken>
              <Name>System.Void IBM.Watson.DeveloperCloud.Services.TextToSpeech.v1.TextToSpeech/GetCustomizationRequest::set_Data(System.String)</Name>
              <FileRef uid="119" />
              <SequencePoints>
                <SequencePoint vc="1" uspid="3951" ordinal="0" offset="0" sl="685" sc="33" el="685" ec="37" bec="0" bev="0" fileid="119" />
              </SequencePoints>
              <BranchPoints />
              <MethodPoint xsi:type="SequencePoint" vc="1" uspid="3951" ordinal="0" offset="0" sl="685" sc="33" el="685" ec="37" bec="0" bev="0" fileid="119" />
            </Method>
            <Method visited="true" cyclomaticComplexity="1" nPathComplexity="0" sequenceCoverage="0" branchCoverage="0" isConstructor="true" isStatic="false" isGetter="false" isSetter="false">
              <Summary numSequencePoints="0" visitedSequencePoints="0" numBranchPoints="0" visitedBranchPoints="0" sequenceCoverage="0" branchCoverage="0" maxCyclomaticComplexity="1" minCyclomaticComplexity="1" visitedClasses="0" numClasses="0" visitedMethods="0" numMethods="0" />
              <MetadataToken>100666404</MetadataToken>
              <Name>System.Void IBM.Watson.DeveloperCloud.Services.TextToSpeech.v1.TextToSpeech/GetCustomizationRequest::.ctor()</Name>
              <SequencePoints />
              <BranchPoints />
              <MethodPoint vc="1" uspid="3952" ordinal="0" offset="0" />
            </Method>
          </Methods>
        </Class>
        <Class>
          <Summary numSequencePoints="0" visitedSequencePoints="0" numBranchPoints="0" visitedBranchPoints="0" sequenceCoverage="0" branchCoverage="0" maxCyclomaticComplexity="0" minCyclomaticComplexity="0" visitedClasses="0" numClasses="0" visitedMethods="0" numMethods="0" />
          <FullName>IBM.Watson.DeveloperCloud.Services.TextToSpeech.v1.TextToSpeech/UpdateCustomizationCallback</FullName>
          <Methods>
            <Method skippedDueTo="Unknown" visited="false" cyclomaticComplexity="0" nPathComplexity="0" sequenceCoverage="0" branchCoverage="0" isConstructor="true" isStatic="false" isGetter="false" isSetter="false">
              <MetadataToken>100666405</MetadataToken>
              <Name>System.Void IBM.Watson.DeveloperCloud.Services.TextToSpeech.v1.TextToSpeech/UpdateCustomizationCallback::.ctor(System.Object,System.IntPtr)</Name>
              <SequencePoints />
              <BranchPoints />
            </Method>
            <Method skippedDueTo="Unknown" visited="false" cyclomaticComplexity="0" nPathComplexity="0" sequenceCoverage="0" branchCoverage="0" isConstructor="false" isStatic="false" isGetter="false" isSetter="false">
              <MetadataToken>100666406</MetadataToken>
              <Name>System.Void IBM.Watson.DeveloperCloud.Services.TextToSpeech.v1.TextToSpeech/UpdateCustomizationCallback::Invoke(System.Boolean,System.String)</Name>
              <SequencePoints />
              <BranchPoints />
            </Method>
            <Method skippedDueTo="Unknown" visited="false" cyclomaticComplexity="0" nPathComplexity="0" sequenceCoverage="0" branchCoverage="0" isConstructor="false" isStatic="false" isGetter="false" isSetter="false">
              <MetadataToken>100666407</MetadataToken>
              <Name>System.IAsyncResult IBM.Watson.DeveloperCloud.Services.TextToSpeech.v1.TextToSpeech/UpdateCustomizationCallback::BeginInvoke(System.Boolean,System.String,System.AsyncCallback,System.Object)</Name>
              <SequencePoints />
              <BranchPoints />
            </Method>
            <Method skippedDueTo="Unknown" visited="false" cyclomaticComplexity="0" nPathComplexity="0" sequenceCoverage="0" branchCoverage="0" isConstructor="false" isStatic="false" isGetter="false" isSetter="false">
              <MetadataToken>100666408</MetadataToken>
              <Name>System.Void IBM.Watson.DeveloperCloud.Services.TextToSpeech.v1.TextToSpeech/UpdateCustomizationCallback::EndInvoke(System.IAsyncResult)</Name>
              <SequencePoints />
              <BranchPoints />
            </Method>
          </Methods>
        </Class>
        <Class>
          <Summary numSequencePoints="8" visitedSequencePoints="6" numBranchPoints="8" visitedBranchPoints="6" sequenceCoverage="75" branchCoverage="75" maxCyclomaticComplexity="1" minCyclomaticComplexity="1" visitedClasses="1" numClasses="1" visitedMethods="6" numMethods="8" />
          <FullName>IBM.Watson.DeveloperCloud.Services.TextToSpeech.v1.TextToSpeech/UpdateCustomizationRequest</FullName>
          <Methods>
            <Method visited="true" cyclomaticComplexity="1" nPathComplexity="0" sequenceCoverage="100" branchCoverage="100" isConstructor="false" isStatic="false" isGetter="true" isSetter="false">
              <Summary numSequencePoints="1" visitedSequencePoints="1" numBranchPoints="1" visitedBranchPoints="1" sequenceCoverage="100" branchCoverage="100" maxCyclomaticComplexity="1" minCyclomaticComplexity="1" visitedClasses="0" numClasses="0" visitedMethods="1" numMethods="1" />
              <MetadataToken>100666409</MetadataToken>
              <Name>IBM.Watson.DeveloperCloud.Services.TextToSpeech.v1.TextToSpeech/UpdateCustomizationCallback IBM.Watson.DeveloperCloud.Services.TextToSpeech.v1.TextToSpeech/UpdateCustomizationRequest::get_Callback()</Name>
              <FileRef uid="119" />
              <SequencePoints>
                <SequencePoint vc="2" uspid="3953" ordinal="0" offset="0" sl="769" sc="53" el="769" ec="57" bec="0" bev="0" fileid="119" />
              </SequencePoints>
              <BranchPoints />
              <MethodPoint xsi:type="SequencePoint" vc="2" uspid="3953" ordinal="0" offset="0" sl="769" sc="53" el="769" ec="57" bec="0" bev="0" fileid="119" />
            </Method>
            <Method visited="true" cyclomaticComplexity="1" nPathComplexity="0" sequenceCoverage="100" branchCoverage="100" isConstructor="false" isStatic="false" isGetter="false" isSetter="true">
              <Summary numSequencePoints="1" visitedSequencePoints="1" numBranchPoints="1" visitedBranchPoints="1" sequenceCoverage="100" branchCoverage="100" maxCyclomaticComplexity="1" minCyclomaticComplexity="1" visitedClasses="0" numClasses="0" visitedMethods="1" numMethods="1" />
              <MetadataToken>100666410</MetadataToken>
              <Name>System.Void IBM.Watson.DeveloperCloud.Services.TextToSpeech.v1.TextToSpeech/UpdateCustomizationRequest::set_Callback(IBM.Watson.DeveloperCloud.Services.TextToSpeech.v1.TextToSpeech/UpdateCustomizationCallback)</Name>
              <FileRef uid="119" />
              <SequencePoints>
                <SequencePoint vc="1" uspid="3954" ordinal="0" offset="0" sl="769" sc="58" el="769" ec="62" bec="0" bev="0" fileid="119" />
              </SequencePoints>
              <BranchPoints />
              <MethodPoint xsi:type="SequencePoint" vc="1" uspid="3954" ordinal="0" offset="0" sl="769" sc="58" el="769" ec="62" bec="0" bev="0" fileid="119" />
            </Method>
            <Method visited="false" cyclomaticComplexity="1" nPathComplexity="0" sequenceCoverage="0" branchCoverage="0" isConstructor="false" isStatic="false" isGetter="true" isSetter="false">
              <Summary numSequencePoints="1" visitedSequencePoints="0" numBranchPoints="1" visitedBranchPoints="0" sequenceCoverage="0" branchCoverage="0" maxCyclomaticComplexity="1" minCyclomaticComplexity="1" visitedClasses="0" numClasses="0" visitedMethods="0" numMethods="1" />
              <MetadataToken>100666411</MetadataToken>
              <Name>System.String IBM.Watson.DeveloperCloud.Services.TextToSpeech.v1.TextToSpeech/UpdateCustomizationRequest::get_CustomizationID()</Name>
              <FileRef uid="119" />
              <SequencePoints>
                <SequencePoint vc="0" uspid="3955" ordinal="0" offset="0" sl="770" sc="39" el="770" ec="43" bec="0" bev="0" fileid="119" />
              </SequencePoints>
              <BranchPoints />
              <MethodPoint xsi:type="SequencePoint" vc="0" uspid="3955" ordinal="0" offset="0" sl="770" sc="39" el="770" ec="43" bec="0" bev="0" fileid="119" />
            </Method>
            <Method visited="true" cyclomaticComplexity="1" nPathComplexity="0" sequenceCoverage="100" branchCoverage="100" isConstructor="false" isStatic="false" isGetter="false" isSetter="true">
              <Summary numSequencePoints="1" visitedSequencePoints="1" numBranchPoints="1" visitedBranchPoints="1" sequenceCoverage="100" branchCoverage="100" maxCyclomaticComplexity="1" minCyclomaticComplexity="1" visitedClasses="0" numClasses="0" visitedMethods="1" numMethods="1" />
              <MetadataToken>100666412</MetadataToken>
              <Name>System.Void IBM.Watson.DeveloperCloud.Services.TextToSpeech.v1.TextToSpeech/UpdateCustomizationRequest::set_CustomizationID(System.String)</Name>
              <FileRef uid="119" />
              <SequencePoints>
                <SequencePoint vc="1" uspid="3956" ordinal="0" offset="0" sl="770" sc="44" el="770" ec="48" bec="0" bev="0" fileid="119" />
              </SequencePoints>
              <BranchPoints />
              <MethodPoint xsi:type="SequencePoint" vc="1" uspid="3956" ordinal="0" offset="0" sl="770" sc="44" el="770" ec="48" bec="0" bev="0" fileid="119" />
            </Method>
            <Method visited="false" cyclomaticComplexity="1" nPathComplexity="0" sequenceCoverage="0" branchCoverage="0" isConstructor="false" isStatic="false" isGetter="true" isSetter="false">
              <Summary numSequencePoints="1" visitedSequencePoints="0" numBranchPoints="1" visitedBranchPoints="0" sequenceCoverage="0" branchCoverage="0" maxCyclomaticComplexity="1" minCyclomaticComplexity="1" visitedClasses="0" numClasses="0" visitedMethods="0" numMethods="1" />
              <MetadataToken>100666413</MetadataToken>
              <Name>IBM.Watson.DeveloperCloud.Services.TextToSpeech.v1.CustomVoiceUpdate IBM.Watson.DeveloperCloud.Services.TextToSpeech.v1.TextToSpeech/UpdateCustomizationRequest::get_CustomVoiceUpdate()</Name>
              <FileRef uid="119" />
              <SequencePoints>
                <SequencePoint vc="0" uspid="3957" ordinal="0" offset="0" sl="771" sc="52" el="771" ec="56" bec="0" bev="0" fileid="119" />
              </SequencePoints>
              <BranchPoints />
              <MethodPoint xsi:type="SequencePoint" vc="0" uspid="3957" ordinal="0" offset="0" sl="771" sc="52" el="771" ec="56" bec="0" bev="0" fileid="119" />
            </Method>
            <Method visited="true" cyclomaticComplexity="1" nPathComplexity="0" sequenceCoverage="100" branchCoverage="100" isConstructor="false" isStatic="false" isGetter="false" isSetter="true">
              <Summary numSequencePoints="1" visitedSequencePoints="1" numBranchPoints="1" visitedBranchPoints="1" sequenceCoverage="100" branchCoverage="100" maxCyclomaticComplexity="1" minCyclomaticComplexity="1" visitedClasses="0" numClasses="0" visitedMethods="1" numMethods="1" />
              <MetadataToken>100666414</MetadataToken>
              <Name>System.Void IBM.Watson.DeveloperCloud.Services.TextToSpeech.v1.TextToSpeech/UpdateCustomizationRequest::set_CustomVoiceUpdate(IBM.Watson.DeveloperCloud.Services.TextToSpeech.v1.CustomVoiceUpdate)</Name>
              <FileRef uid="119" />
              <SequencePoints>
                <SequencePoint vc="1" uspid="3958" ordinal="0" offset="0" sl="771" sc="57" el="771" ec="61" bec="0" bev="0" fileid="119" />
              </SequencePoints>
              <BranchPoints />
              <MethodPoint xsi:type="SequencePoint" vc="1" uspid="3958" ordinal="0" offset="0" sl="771" sc="57" el="771" ec="61" bec="0" bev="0" fileid="119" />
            </Method>
            <Method visited="true" cyclomaticComplexity="1" nPathComplexity="0" sequenceCoverage="100" branchCoverage="100" isConstructor="false" isStatic="false" isGetter="true" isSetter="false">
              <Summary numSequencePoints="1" visitedSequencePoints="1" numBranchPoints="1" visitedBranchPoints="1" sequenceCoverage="100" branchCoverage="100" maxCyclomaticComplexity="1" minCyclomaticComplexity="1" visitedClasses="0" numClasses="0" visitedMethods="1" numMethods="1" />
              <MetadataToken>100666415</MetadataToken>
              <Name>System.String IBM.Watson.DeveloperCloud.Services.TextToSpeech.v1.TextToSpeech/UpdateCustomizationRequest::get_Data()</Name>
              <FileRef uid="119" />
              <SequencePoints>
                <SequencePoint vc="1" uspid="3959" ordinal="0" offset="0" sl="772" sc="28" el="772" ec="32" bec="0" bev="0" fileid="119" />
              </SequencePoints>
              <BranchPoints />
              <MethodPoint xsi:type="SequencePoint" vc="1" uspid="3959" ordinal="0" offset="0" sl="772" sc="28" el="772" ec="32" bec="0" bev="0" fileid="119" />
            </Method>
            <Method visited="true" cyclomaticComplexity="1" nPathComplexity="0" sequenceCoverage="100" branchCoverage="100" isConstructor="false" isStatic="false" isGetter="false" isSetter="true">
              <Summary numSequencePoints="1" visitedSequencePoints="1" numBranchPoints="1" visitedBranchPoints="1" sequenceCoverage="100" branchCoverage="100" maxCyclomaticComplexity="1" minCyclomaticComplexity="1" visitedClasses="0" numClasses="0" visitedMethods="1" numMethods="1" />
              <MetadataToken>100666416</MetadataToken>
              <Name>System.Void IBM.Watson.DeveloperCloud.Services.TextToSpeech.v1.TextToSpeech/UpdateCustomizationRequest::set_Data(System.String)</Name>
              <FileRef uid="119" />
              <SequencePoints>
                <SequencePoint vc="1" uspid="3960" ordinal="0" offset="0" sl="772" sc="33" el="772" ec="37" bec="0" bev="0" fileid="119" />
              </SequencePoints>
              <BranchPoints />
              <MethodPoint xsi:type="SequencePoint" vc="1" uspid="3960" ordinal="0" offset="0" sl="772" sc="33" el="772" ec="37" bec="0" bev="0" fileid="119" />
            </Method>
            <Method visited="true" cyclomaticComplexity="1" nPathComplexity="0" sequenceCoverage="0" branchCoverage="0" isConstructor="true" isStatic="false" isGetter="false" isSetter="false">
              <Summary numSequencePoints="0" visitedSequencePoints="0" numBranchPoints="0" visitedBranchPoints="0" sequenceCoverage="0" branchCoverage="0" maxCyclomaticComplexity="1" minCyclomaticComplexity="1" visitedClasses="0" numClasses="0" visitedMethods="0" numMethods="0" />
              <MetadataToken>100666417</MetadataToken>
              <Name>System.Void IBM.Watson.DeveloperCloud.Services.TextToSpeech.v1.TextToSpeech/UpdateCustomizationRequest::.ctor()</Name>
              <SequencePoints />
              <BranchPoints />
              <MethodPoint vc="1" uspid="3961" ordinal="0" offset="0" />
            </Method>
          </Methods>
        </Class>
        <Class>
          <Summary numSequencePoints="0" visitedSequencePoints="0" numBranchPoints="0" visitedBranchPoints="0" sequenceCoverage="0" branchCoverage="0" maxCyclomaticComplexity="0" minCyclomaticComplexity="0" visitedClasses="0" numClasses="0" visitedMethods="0" numMethods="0" />
          <FullName>IBM.Watson.DeveloperCloud.Services.TextToSpeech.v1.TextToSpeech/GetCustomizationWordsCallback</FullName>
          <Methods>
            <Method skippedDueTo="Unknown" visited="false" cyclomaticComplexity="0" nPathComplexity="0" sequenceCoverage="0" branchCoverage="0" isConstructor="true" isStatic="false" isGetter="false" isSetter="false">
              <MetadataToken>100666418</MetadataToken>
              <Name>System.Void IBM.Watson.DeveloperCloud.Services.TextToSpeech.v1.TextToSpeech/GetCustomizationWordsCallback::.ctor(System.Object,System.IntPtr)</Name>
              <SequencePoints />
              <BranchPoints />
            </Method>
            <Method skippedDueTo="Unknown" visited="false" cyclomaticComplexity="0" nPathComplexity="0" sequenceCoverage="0" branchCoverage="0" isConstructor="false" isStatic="false" isGetter="false" isSetter="false">
              <MetadataToken>100666419</MetadataToken>
              <Name>System.Void IBM.Watson.DeveloperCloud.Services.TextToSpeech.v1.TextToSpeech/GetCustomizationWordsCallback::Invoke(IBM.Watson.DeveloperCloud.Services.TextToSpeech.v1.Words,System.String)</Name>
              <SequencePoints />
              <BranchPoints />
            </Method>
            <Method skippedDueTo="Unknown" visited="false" cyclomaticComplexity="0" nPathComplexity="0" sequenceCoverage="0" branchCoverage="0" isConstructor="false" isStatic="false" isGetter="false" isSetter="false">
              <MetadataToken>100666420</MetadataToken>
              <Name>System.IAsyncResult IBM.Watson.DeveloperCloud.Services.TextToSpeech.v1.TextToSpeech/GetCustomizationWordsCallback::BeginInvoke(IBM.Watson.DeveloperCloud.Services.TextToSpeech.v1.Words,System.String,System.AsyncCallback,System.Object)</Name>
              <SequencePoints />
              <BranchPoints />
            </Method>
            <Method skippedDueTo="Unknown" visited="false" cyclomaticComplexity="0" nPathComplexity="0" sequenceCoverage="0" branchCoverage="0" isConstructor="false" isStatic="false" isGetter="false" isSetter="false">
              <MetadataToken>100666421</MetadataToken>
              <Name>System.Void IBM.Watson.DeveloperCloud.Services.TextToSpeech.v1.TextToSpeech/GetCustomizationWordsCallback::EndInvoke(System.IAsyncResult)</Name>
              <SequencePoints />
              <BranchPoints />
            </Method>
          </Methods>
        </Class>
        <Class>
          <Summary numSequencePoints="6" visitedSequencePoints="5" numBranchPoints="6" visitedBranchPoints="5" sequenceCoverage="83.33" branchCoverage="83.33" maxCyclomaticComplexity="1" minCyclomaticComplexity="1" visitedClasses="1" numClasses="1" visitedMethods="5" numMethods="6" />
          <FullName>IBM.Watson.DeveloperCloud.Services.TextToSpeech.v1.TextToSpeech/GetCustomizationWordsRequest</FullName>
          <Methods>
            <Method visited="true" cyclomaticComplexity="1" nPathComplexity="0" sequenceCoverage="100" branchCoverage="100" isConstructor="false" isStatic="false" isGetter="true" isSetter="false">
              <Summary numSequencePoints="1" visitedSequencePoints="1" numBranchPoints="1" visitedBranchPoints="1" sequenceCoverage="100" branchCoverage="100" maxCyclomaticComplexity="1" minCyclomaticComplexity="1" visitedClasses="0" numClasses="0" visitedMethods="1" numMethods="1" />
              <MetadataToken>100666422</MetadataToken>
              <Name>IBM.Watson.DeveloperCloud.Services.TextToSpeech.v1.TextToSpeech/GetCustomizationWordsCallback IBM.Watson.DeveloperCloud.Services.TextToSpeech.v1.TextToSpeech/GetCustomizationWordsRequest::get_Callback()</Name>
              <FileRef uid="119" />
              <SequencePoints>
                <SequencePoint vc="2" uspid="3962" ordinal="0" offset="0" sl="820" sc="55" el="820" ec="59" bec="0" bev="0" fileid="119" />
              </SequencePoints>
              <BranchPoints />
              <MethodPoint xsi:type="SequencePoint" vc="2" uspid="3962" ordinal="0" offset="0" sl="820" sc="55" el="820" ec="59" bec="0" bev="0" fileid="119" />
            </Method>
            <Method visited="true" cyclomaticComplexity="1" nPathComplexity="0" sequenceCoverage="100" branchCoverage="100" isConstructor="false" isStatic="false" isGetter="false" isSetter="true">
              <Summary numSequencePoints="1" visitedSequencePoints="1" numBranchPoints="1" visitedBranchPoints="1" sequenceCoverage="100" branchCoverage="100" maxCyclomaticComplexity="1" minCyclomaticComplexity="1" visitedClasses="0" numClasses="0" visitedMethods="1" numMethods="1" />
              <MetadataToken>100666423</MetadataToken>
              <Name>System.Void IBM.Watson.DeveloperCloud.Services.TextToSpeech.v1.TextToSpeech/GetCustomizationWordsRequest::set_Callback(IBM.Watson.DeveloperCloud.Services.TextToSpeech.v1.TextToSpeech/GetCustomizationWordsCallback)</Name>
              <FileRef uid="119" />
              <SequencePoints>
                <SequencePoint vc="1" uspid="3963" ordinal="0" offset="0" sl="820" sc="60" el="820" ec="64" bec="0" bev="0" fileid="119" />
              </SequencePoints>
              <BranchPoints />
              <MethodPoint xsi:type="SequencePoint" vc="1" uspid="3963" ordinal="0" offset="0" sl="820" sc="60" el="820" ec="64" bec="0" bev="0" fileid="119" />
            </Method>
            <Method visited="false" cyclomaticComplexity="1" nPathComplexity="0" sequenceCoverage="0" branchCoverage="0" isConstructor="false" isStatic="false" isGetter="true" isSetter="false">
              <Summary numSequencePoints="1" visitedSequencePoints="0" numBranchPoints="1" visitedBranchPoints="0" sequenceCoverage="0" branchCoverage="0" maxCyclomaticComplexity="1" minCyclomaticComplexity="1" visitedClasses="0" numClasses="0" visitedMethods="0" numMethods="1" />
              <MetadataToken>100666424</MetadataToken>
              <Name>System.String IBM.Watson.DeveloperCloud.Services.TextToSpeech.v1.TextToSpeech/GetCustomizationWordsRequest::get_CustomizationID()</Name>
              <FileRef uid="119" />
              <SequencePoints>
                <SequencePoint vc="0" uspid="3964" ordinal="0" offset="0" sl="821" sc="39" el="821" ec="43" bec="0" bev="0" fileid="119" />
              </SequencePoints>
              <BranchPoints />
              <MethodPoint xsi:type="SequencePoint" vc="0" uspid="3964" ordinal="0" offset="0" sl="821" sc="39" el="821" ec="43" bec="0" bev="0" fileid="119" />
            </Method>
            <Method visited="true" cyclomaticComplexity="1" nPathComplexity="0" sequenceCoverage="100" branchCoverage="100" isConstructor="false" isStatic="false" isGetter="false" isSetter="true">
              <Summary numSequencePoints="1" visitedSequencePoints="1" numBranchPoints="1" visitedBranchPoints="1" sequenceCoverage="100" branchCoverage="100" maxCyclomaticComplexity="1" minCyclomaticComplexity="1" visitedClasses="0" numClasses="0" visitedMethods="1" numMethods="1" />
              <MetadataToken>100666425</MetadataToken>
              <Name>System.Void IBM.Watson.DeveloperCloud.Services.TextToSpeech.v1.TextToSpeech/GetCustomizationWordsRequest::set_CustomizationID(System.String)</Name>
              <FileRef uid="119" />
              <SequencePoints>
                <SequencePoint vc="1" uspid="3965" ordinal="0" offset="0" sl="821" sc="44" el="821" ec="48" bec="0" bev="0" fileid="119" />
              </SequencePoints>
              <BranchPoints />
              <MethodPoint xsi:type="SequencePoint" vc="1" uspid="3965" ordinal="0" offset="0" sl="821" sc="44" el="821" ec="48" bec="0" bev="0" fileid="119" />
            </Method>
            <Method visited="true" cyclomaticComplexity="1" nPathComplexity="0" sequenceCoverage="100" branchCoverage="100" isConstructor="false" isStatic="false" isGetter="true" isSetter="false">
              <Summary numSequencePoints="1" visitedSequencePoints="1" numBranchPoints="1" visitedBranchPoints="1" sequenceCoverage="100" branchCoverage="100" maxCyclomaticComplexity="1" minCyclomaticComplexity="1" visitedClasses="0" numClasses="0" visitedMethods="1" numMethods="1" />
              <MetadataToken>100666426</MetadataToken>
              <Name>System.String IBM.Watson.DeveloperCloud.Services.TextToSpeech.v1.TextToSpeech/GetCustomizationWordsRequest::get_Data()</Name>
              <FileRef uid="119" />
              <SequencePoints>
                <SequencePoint vc="1" uspid="3966" ordinal="0" offset="0" sl="822" sc="28" el="822" ec="32" bec="0" bev="0" fileid="119" />
              </SequencePoints>
              <BranchPoints />
              <MethodPoint xsi:type="SequencePoint" vc="1" uspid="3966" ordinal="0" offset="0" sl="822" sc="28" el="822" ec="32" bec="0" bev="0" fileid="119" />
            </Method>
            <Method visited="true" cyclomaticComplexity="1" nPathComplexity="0" sequenceCoverage="100" branchCoverage="100" isConstructor="false" isStatic="false" isGetter="false" isSetter="true">
              <Summary numSequencePoints="1" visitedSequencePoints="1" numBranchPoints="1" visitedBranchPoints="1" sequenceCoverage="100" branchCoverage="100" maxCyclomaticComplexity="1" minCyclomaticComplexity="1" visitedClasses="0" numClasses="0" visitedMethods="1" numMethods="1" />
              <MetadataToken>100666427</MetadataToken>
              <Name>System.Void IBM.Watson.DeveloperCloud.Services.TextToSpeech.v1.TextToSpeech/GetCustomizationWordsRequest::set_Data(System.String)</Name>
              <FileRef uid="119" />
              <SequencePoints>
                <SequencePoint vc="1" uspid="3967" ordinal="0" offset="0" sl="822" sc="33" el="822" ec="37" bec="0" bev="0" fileid="119" />
              </SequencePoints>
              <BranchPoints />
              <MethodPoint xsi:type="SequencePoint" vc="1" uspid="3967" ordinal="0" offset="0" sl="822" sc="33" el="822" ec="37" bec="0" bev="0" fileid="119" />
            </Method>
            <Method visited="true" cyclomaticComplexity="1" nPathComplexity="0" sequenceCoverage="0" branchCoverage="0" isConstructor="true" isStatic="false" isGetter="false" isSetter="false">
              <Summary numSequencePoints="0" visitedSequencePoints="0" numBranchPoints="0" visitedBranchPoints="0" sequenceCoverage="0" branchCoverage="0" maxCyclomaticComplexity="1" minCyclomaticComplexity="1" visitedClasses="0" numClasses="0" visitedMethods="0" numMethods="0" />
              <MetadataToken>100666428</MetadataToken>
              <Name>System.Void IBM.Watson.DeveloperCloud.Services.TextToSpeech.v1.TextToSpeech/GetCustomizationWordsRequest::.ctor()</Name>
              <SequencePoints />
              <BranchPoints />
              <MethodPoint vc="1" uspid="3968" ordinal="0" offset="0" />
            </Method>
          </Methods>
        </Class>
        <Class>
          <Summary numSequencePoints="0" visitedSequencePoints="0" numBranchPoints="0" visitedBranchPoints="0" sequenceCoverage="0" branchCoverage="0" maxCyclomaticComplexity="0" minCyclomaticComplexity="0" visitedClasses="0" numClasses="0" visitedMethods="0" numMethods="0" />
          <FullName>IBM.Watson.DeveloperCloud.Services.TextToSpeech.v1.TextToSpeech/AddCustomizationWordsCallback</FullName>
          <Methods>
            <Method skippedDueTo="Unknown" visited="false" cyclomaticComplexity="0" nPathComplexity="0" sequenceCoverage="0" branchCoverage="0" isConstructor="true" isStatic="false" isGetter="false" isSetter="false">
              <MetadataToken>100666429</MetadataToken>
              <Name>System.Void IBM.Watson.DeveloperCloud.Services.TextToSpeech.v1.TextToSpeech/AddCustomizationWordsCallback::.ctor(System.Object,System.IntPtr)</Name>
              <SequencePoints />
              <BranchPoints />
            </Method>
            <Method skippedDueTo="Unknown" visited="false" cyclomaticComplexity="0" nPathComplexity="0" sequenceCoverage="0" branchCoverage="0" isConstructor="false" isStatic="false" isGetter="false" isSetter="false">
              <MetadataToken>100666430</MetadataToken>
              <Name>System.Void IBM.Watson.DeveloperCloud.Services.TextToSpeech.v1.TextToSpeech/AddCustomizationWordsCallback::Invoke(System.Boolean,System.String)</Name>
              <SequencePoints />
              <BranchPoints />
            </Method>
            <Method skippedDueTo="Unknown" visited="false" cyclomaticComplexity="0" nPathComplexity="0" sequenceCoverage="0" branchCoverage="0" isConstructor="false" isStatic="false" isGetter="false" isSetter="false">
              <MetadataToken>100666431</MetadataToken>
              <Name>System.IAsyncResult IBM.Watson.DeveloperCloud.Services.TextToSpeech.v1.TextToSpeech/AddCustomizationWordsCallback::BeginInvoke(System.Boolean,System.String,System.AsyncCallback,System.Object)</Name>
              <SequencePoints />
              <BranchPoints />
            </Method>
            <Method skippedDueTo="Unknown" visited="false" cyclomaticComplexity="0" nPathComplexity="0" sequenceCoverage="0" branchCoverage="0" isConstructor="false" isStatic="false" isGetter="false" isSetter="false">
              <MetadataToken>100666432</MetadataToken>
              <Name>System.Void IBM.Watson.DeveloperCloud.Services.TextToSpeech.v1.TextToSpeech/AddCustomizationWordsCallback::EndInvoke(System.IAsyncResult)</Name>
              <SequencePoints />
              <BranchPoints />
            </Method>
          </Methods>
        </Class>
        <Class>
          <Summary numSequencePoints="8" visitedSequencePoints="6" numBranchPoints="8" visitedBranchPoints="6" sequenceCoverage="75" branchCoverage="75" maxCyclomaticComplexity="1" minCyclomaticComplexity="1" visitedClasses="1" numClasses="1" visitedMethods="6" numMethods="8" />
          <FullName>IBM.Watson.DeveloperCloud.Services.TextToSpeech.v1.TextToSpeech/AddCustomizationWordsRequest</FullName>
          <Methods>
            <Method visited="true" cyclomaticComplexity="1" nPathComplexity="0" sequenceCoverage="100" branchCoverage="100" isConstructor="false" isStatic="false" isGetter="true" isSetter="false">
              <Summary numSequencePoints="1" visitedSequencePoints="1" numBranchPoints="1" visitedBranchPoints="1" sequenceCoverage="100" branchCoverage="100" maxCyclomaticComplexity="1" minCyclomaticComplexity="1" visitedClasses="0" numClasses="0" visitedMethods="1" numMethods="1" />
              <MetadataToken>100666433</MetadataToken>
              <Name>IBM.Watson.DeveloperCloud.Services.TextToSpeech.v1.TextToSpeech/AddCustomizationWordsCallback IBM.Watson.DeveloperCloud.Services.TextToSpeech.v1.TextToSpeech/AddCustomizationWordsRequest::get_Callback()</Name>
              <FileRef uid="119" />
              <SequencePoints>
                <SequencePoint vc="2" uspid="3969" ordinal="0" offset="0" sl="906" sc="55" el="906" ec="59" bec="0" bev="0" fileid="119" />
              </SequencePoints>
              <BranchPoints />
              <MethodPoint xsi:type="SequencePoint" vc="2" uspid="3969" ordinal="0" offset="0" sl="906" sc="55" el="906" ec="59" bec="0" bev="0" fileid="119" />
            </Method>
            <Method visited="true" cyclomaticComplexity="1" nPathComplexity="0" sequenceCoverage="100" branchCoverage="100" isConstructor="false" isStatic="false" isGetter="false" isSetter="true">
              <Summary numSequencePoints="1" visitedSequencePoints="1" numBranchPoints="1" visitedBranchPoints="1" sequenceCoverage="100" branchCoverage="100" maxCyclomaticComplexity="1" minCyclomaticComplexity="1" visitedClasses="0" numClasses="0" visitedMethods="1" numMethods="1" />
              <MetadataToken>100666434</MetadataToken>
              <Name>System.Void IBM.Watson.DeveloperCloud.Services.TextToSpeech.v1.TextToSpeech/AddCustomizationWordsRequest::set_Callback(IBM.Watson.DeveloperCloud.Services.TextToSpeech.v1.TextToSpeech/AddCustomizationWordsCallback)</Name>
              <FileRef uid="119" />
              <SequencePoints>
                <SequencePoint vc="1" uspid="3970" ordinal="0" offset="0" sl="906" sc="60" el="906" ec="64" bec="0" bev="0" fileid="119" />
              </SequencePoints>
              <BranchPoints />
              <MethodPoint xsi:type="SequencePoint" vc="1" uspid="3970" ordinal="0" offset="0" sl="906" sc="60" el="906" ec="64" bec="0" bev="0" fileid="119" />
            </Method>
            <Method visited="false" cyclomaticComplexity="1" nPathComplexity="0" sequenceCoverage="0" branchCoverage="0" isConstructor="false" isStatic="false" isGetter="true" isSetter="false">
              <Summary numSequencePoints="1" visitedSequencePoints="0" numBranchPoints="1" visitedBranchPoints="0" sequenceCoverage="0" branchCoverage="0" maxCyclomaticComplexity="1" minCyclomaticComplexity="1" visitedClasses="0" numClasses="0" visitedMethods="0" numMethods="1" />
              <MetadataToken>100666435</MetadataToken>
              <Name>System.String IBM.Watson.DeveloperCloud.Services.TextToSpeech.v1.TextToSpeech/AddCustomizationWordsRequest::get_CustomizationID()</Name>
              <FileRef uid="119" />
              <SequencePoints>
                <SequencePoint vc="0" uspid="3971" ordinal="0" offset="0" sl="907" sc="39" el="907" ec="43" bec="0" bev="0" fileid="119" />
              </SequencePoints>
              <BranchPoints />
              <MethodPoint xsi:type="SequencePoint" vc="0" uspid="3971" ordinal="0" offset="0" sl="907" sc="39" el="907" ec="43" bec="0" bev="0" fileid="119" />
            </Method>
            <Method visited="true" cyclomaticComplexity="1" nPathComplexity="0" sequenceCoverage="100" branchCoverage="100" isConstructor="false" isStatic="false" isGetter="false" isSetter="true">
              <Summary numSequencePoints="1" visitedSequencePoints="1" numBranchPoints="1" visitedBranchPoints="1" sequenceCoverage="100" branchCoverage="100" maxCyclomaticComplexity="1" minCyclomaticComplexity="1" visitedClasses="0" numClasses="0" visitedMethods="1" numMethods="1" />
              <MetadataToken>100666436</MetadataToken>
              <Name>System.Void IBM.Watson.DeveloperCloud.Services.TextToSpeech.v1.TextToSpeech/AddCustomizationWordsRequest::set_CustomizationID(System.String)</Name>
              <FileRef uid="119" />
              <SequencePoints>
                <SequencePoint vc="1" uspid="3972" ordinal="0" offset="0" sl="907" sc="44" el="907" ec="48" bec="0" bev="0" fileid="119" />
              </SequencePoints>
              <BranchPoints />
              <MethodPoint xsi:type="SequencePoint" vc="1" uspid="3972" ordinal="0" offset="0" sl="907" sc="44" el="907" ec="48" bec="0" bev="0" fileid="119" />
            </Method>
            <Method visited="false" cyclomaticComplexity="1" nPathComplexity="0" sequenceCoverage="0" branchCoverage="0" isConstructor="false" isStatic="false" isGetter="true" isSetter="false">
              <Summary numSequencePoints="1" visitedSequencePoints="0" numBranchPoints="1" visitedBranchPoints="0" sequenceCoverage="0" branchCoverage="0" maxCyclomaticComplexity="1" minCyclomaticComplexity="1" visitedClasses="0" numClasses="0" visitedMethods="0" numMethods="1" />
              <MetadataToken>100666437</MetadataToken>
              <Name>IBM.Watson.DeveloperCloud.Services.TextToSpeech.v1.Words IBM.Watson.DeveloperCloud.Services.TextToSpeech.v1.TextToSpeech/AddCustomizationWordsRequest::get_Words()</Name>
              <FileRef uid="119" />
              <SequencePoints>
                <SequencePoint vc="0" uspid="3973" ordinal="0" offset="0" sl="908" sc="28" el="908" ec="32" bec="0" bev="0" fileid="119" />
              </SequencePoints>
              <BranchPoints />
              <MethodPoint xsi:type="SequencePoint" vc="0" uspid="3973" ordinal="0" offset="0" sl="908" sc="28" el="908" ec="32" bec="0" bev="0" fileid="119" />
            </Method>
            <Method visited="true" cyclomaticComplexity="1" nPathComplexity="0" sequenceCoverage="100" branchCoverage="100" isConstructor="false" isStatic="false" isGetter="false" isSetter="true">
              <Summary numSequencePoints="1" visitedSequencePoints="1" numBranchPoints="1" visitedBranchPoints="1" sequenceCoverage="100" branchCoverage="100" maxCyclomaticComplexity="1" minCyclomaticComplexity="1" visitedClasses="0" numClasses="0" visitedMethods="1" numMethods="1" />
              <MetadataToken>100666438</MetadataToken>
              <Name>System.Void IBM.Watson.DeveloperCloud.Services.TextToSpeech.v1.TextToSpeech/AddCustomizationWordsRequest::set_Words(IBM.Watson.DeveloperCloud.Services.TextToSpeech.v1.Words)</Name>
              <FileRef uid="119" />
              <SequencePoints>
                <SequencePoint vc="1" uspid="3974" ordinal="0" offset="0" sl="908" sc="33" el="908" ec="37" bec="0" bev="0" fileid="119" />
              </SequencePoints>
              <BranchPoints />
              <MethodPoint xsi:type="SequencePoint" vc="1" uspid="3974" ordinal="0" offset="0" sl="908" sc="33" el="908" ec="37" bec="0" bev="0" fileid="119" />
            </Method>
            <Method visited="true" cyclomaticComplexity="1" nPathComplexity="0" sequenceCoverage="100" branchCoverage="100" isConstructor="false" isStatic="false" isGetter="true" isSetter="false">
              <Summary numSequencePoints="1" visitedSequencePoints="1" numBranchPoints="1" visitedBranchPoints="1" sequenceCoverage="100" branchCoverage="100" maxCyclomaticComplexity="1" minCyclomaticComplexity="1" visitedClasses="0" numClasses="0" visitedMethods="1" numMethods="1" />
              <MetadataToken>100666439</MetadataToken>
              <Name>System.String IBM.Watson.DeveloperCloud.Services.TextToSpeech.v1.TextToSpeech/AddCustomizationWordsRequest::get_Data()</Name>
              <FileRef uid="119" />
              <SequencePoints>
                <SequencePoint vc="1" uspid="3975" ordinal="0" offset="0" sl="909" sc="28" el="909" ec="32" bec="0" bev="0" fileid="119" />
              </SequencePoints>
              <BranchPoints />
              <MethodPoint xsi:type="SequencePoint" vc="1" uspid="3975" ordinal="0" offset="0" sl="909" sc="28" el="909" ec="32" bec="0" bev="0" fileid="119" />
            </Method>
            <Method visited="true" cyclomaticComplexity="1" nPathComplexity="0" sequenceCoverage="100" branchCoverage="100" isConstructor="false" isStatic="false" isGetter="false" isSetter="true">
              <Summary numSequencePoints="1" visitedSequencePoints="1" numBranchPoints="1" visitedBranchPoints="1" sequenceCoverage="100" branchCoverage="100" maxCyclomaticComplexity="1" minCyclomaticComplexity="1" visitedClasses="0" numClasses="0" visitedMethods="1" numMethods="1" />
              <MetadataToken>100666440</MetadataToken>
              <Name>System.Void IBM.Watson.DeveloperCloud.Services.TextToSpeech.v1.TextToSpeech/AddCustomizationWordsRequest::set_Data(System.String)</Name>
              <FileRef uid="119" />
              <SequencePoints>
                <SequencePoint vc="1" uspid="3976" ordinal="0" offset="0" sl="909" sc="33" el="909" ec="37" bec="0" bev="0" fileid="119" />
              </SequencePoints>
              <BranchPoints />
              <MethodPoint xsi:type="SequencePoint" vc="1" uspid="3976" ordinal="0" offset="0" sl="909" sc="33" el="909" ec="37" bec="0" bev="0" fileid="119" />
            </Method>
            <Method visited="true" cyclomaticComplexity="1" nPathComplexity="0" sequenceCoverage="0" branchCoverage="0" isConstructor="true" isStatic="false" isGetter="false" isSetter="false">
              <Summary numSequencePoints="0" visitedSequencePoints="0" numBranchPoints="0" visitedBranchPoints="0" sequenceCoverage="0" branchCoverage="0" maxCyclomaticComplexity="1" minCyclomaticComplexity="1" visitedClasses="0" numClasses="0" visitedMethods="0" numMethods="0" />
              <MetadataToken>100666441</MetadataToken>
              <Name>System.Void IBM.Watson.DeveloperCloud.Services.TextToSpeech.v1.TextToSpeech/AddCustomizationWordsRequest::.ctor()</Name>
              <SequencePoints />
              <BranchPoints />
              <MethodPoint vc="1" uspid="3977" ordinal="0" offset="0" />
            </Method>
          </Methods>
        </Class>
        <Class>
          <Summary numSequencePoints="0" visitedSequencePoints="0" numBranchPoints="0" visitedBranchPoints="0" sequenceCoverage="0" branchCoverage="0" maxCyclomaticComplexity="0" minCyclomaticComplexity="0" visitedClasses="0" numClasses="0" visitedMethods="0" numMethods="0" />
          <FullName>IBM.Watson.DeveloperCloud.Services.TextToSpeech.v1.TextToSpeech/OnDeleteCustomizationWordCallback</FullName>
          <Methods>
            <Method skippedDueTo="Unknown" visited="false" cyclomaticComplexity="0" nPathComplexity="0" sequenceCoverage="0" branchCoverage="0" isConstructor="true" isStatic="false" isGetter="false" isSetter="false">
              <MetadataToken>100666442</MetadataToken>
              <Name>System.Void IBM.Watson.DeveloperCloud.Services.TextToSpeech.v1.TextToSpeech/OnDeleteCustomizationWordCallback::.ctor(System.Object,System.IntPtr)</Name>
              <SequencePoints />
              <BranchPoints />
            </Method>
            <Method skippedDueTo="Unknown" visited="false" cyclomaticComplexity="0" nPathComplexity="0" sequenceCoverage="0" branchCoverage="0" isConstructor="false" isStatic="false" isGetter="false" isSetter="false">
              <MetadataToken>100666443</MetadataToken>
              <Name>System.Void IBM.Watson.DeveloperCloud.Services.TextToSpeech.v1.TextToSpeech/OnDeleteCustomizationWordCallback::Invoke(System.Boolean,System.String)</Name>
              <SequencePoints />
              <BranchPoints />
            </Method>
            <Method skippedDueTo="Unknown" visited="false" cyclomaticComplexity="0" nPathComplexity="0" sequenceCoverage="0" branchCoverage="0" isConstructor="false" isStatic="false" isGetter="false" isSetter="false">
              <MetadataToken>100666444</MetadataToken>
              <Name>System.IAsyncResult IBM.Watson.DeveloperCloud.Services.TextToSpeech.v1.TextToSpeech/OnDeleteCustomizationWordCallback::BeginInvoke(System.Boolean,System.String,System.AsyncCallback,System.Object)</Name>
              <SequencePoints />
              <BranchPoints />
            </Method>
            <Method skippedDueTo="Unknown" visited="false" cyclomaticComplexity="0" nPathComplexity="0" sequenceCoverage="0" branchCoverage="0" isConstructor="false" isStatic="false" isGetter="false" isSetter="false">
              <MetadataToken>100666445</MetadataToken>
              <Name>System.Void IBM.Watson.DeveloperCloud.Services.TextToSpeech.v1.TextToSpeech/OnDeleteCustomizationWordCallback::EndInvoke(System.IAsyncResult)</Name>
              <SequencePoints />
              <BranchPoints />
            </Method>
          </Methods>
        </Class>
        <Class>
          <Summary numSequencePoints="8" visitedSequencePoints="6" numBranchPoints="8" visitedBranchPoints="6" sequenceCoverage="75" branchCoverage="75" maxCyclomaticComplexity="1" minCyclomaticComplexity="1" visitedClasses="1" numClasses="1" visitedMethods="6" numMethods="8" />
          <FullName>IBM.Watson.DeveloperCloud.Services.TextToSpeech.v1.TextToSpeech/DeleteCustomizationWordRequest</FullName>
          <Methods>
            <Method visited="true" cyclomaticComplexity="1" nPathComplexity="0" sequenceCoverage="100" branchCoverage="100" isConstructor="false" isStatic="false" isGetter="true" isSetter="false">
              <Summary numSequencePoints="1" visitedSequencePoints="1" numBranchPoints="1" visitedBranchPoints="1" sequenceCoverage="100" branchCoverage="100" maxCyclomaticComplexity="1" minCyclomaticComplexity="1" visitedClasses="0" numClasses="0" visitedMethods="1" numMethods="1" />
              <MetadataToken>100666446</MetadataToken>
              <Name>IBM.Watson.DeveloperCloud.Services.TextToSpeech.v1.TextToSpeech/OnDeleteCustomizationWordCallback IBM.Watson.DeveloperCloud.Services.TextToSpeech.v1.TextToSpeech/DeleteCustomizationWordRequest::get_Callback()</Name>
              <FileRef uid="119" />
              <SequencePoints>
                <SequencePoint vc="2" uspid="3978" ordinal="0" offset="0" sl="963" sc="59" el="963" ec="63" bec="0" bev="0" fileid="119" />
              </SequencePoints>
              <BranchPoints />
              <MethodPoint xsi:type="SequencePoint" vc="2" uspid="3978" ordinal="0" offset="0" sl="963" sc="59" el="963" ec="63" bec="0" bev="0" fileid="119" />
            </Method>
            <Method visited="true" cyclomaticComplexity="1" nPathComplexity="0" sequenceCoverage="100" branchCoverage="100" isConstructor="false" isStatic="false" isGetter="false" isSetter="true">
              <Summary numSequencePoints="1" visitedSequencePoints="1" numBranchPoints="1" visitedBranchPoints="1" sequenceCoverage="100" branchCoverage="100" maxCyclomaticComplexity="1" minCyclomaticComplexity="1" visitedClasses="0" numClasses="0" visitedMethods="1" numMethods="1" />
              <MetadataToken>100666447</MetadataToken>
              <Name>System.Void IBM.Watson.DeveloperCloud.Services.TextToSpeech.v1.TextToSpeech/DeleteCustomizationWordRequest::set_Callback(IBM.Watson.DeveloperCloud.Services.TextToSpeech.v1.TextToSpeech/OnDeleteCustomizationWordCallback)</Name>
              <FileRef uid="119" />
              <SequencePoints>
                <SequencePoint vc="1" uspid="3979" ordinal="0" offset="0" sl="963" sc="64" el="963" ec="68" bec="0" bev="0" fileid="119" />
              </SequencePoints>
              <BranchPoints />
              <MethodPoint xsi:type="SequencePoint" vc="1" uspid="3979" ordinal="0" offset="0" sl="963" sc="64" el="963" ec="68" bec="0" bev="0" fileid="119" />
            </Method>
            <Method visited="false" cyclomaticComplexity="1" nPathComplexity="0" sequenceCoverage="0" branchCoverage="0" isConstructor="false" isStatic="false" isGetter="true" isSetter="false">
              <Summary numSequencePoints="1" visitedSequencePoints="0" numBranchPoints="1" visitedBranchPoints="0" sequenceCoverage="0" branchCoverage="0" maxCyclomaticComplexity="1" minCyclomaticComplexity="1" visitedClasses="0" numClasses="0" visitedMethods="0" numMethods="1" />
              <MetadataToken>100666448</MetadataToken>
              <Name>System.String IBM.Watson.DeveloperCloud.Services.TextToSpeech.v1.TextToSpeech/DeleteCustomizationWordRequest::get_CustomizationID()</Name>
              <FileRef uid="119" />
              <SequencePoints>
                <SequencePoint vc="0" uspid="3980" ordinal="0" offset="0" sl="964" sc="39" el="964" ec="43" bec="0" bev="0" fileid="119" />
              </SequencePoints>
              <BranchPoints />
              <MethodPoint xsi:type="SequencePoint" vc="0" uspid="3980" ordinal="0" offset="0" sl="964" sc="39" el="964" ec="43" bec="0" bev="0" fileid="119" />
            </Method>
            <Method visited="true" cyclomaticComplexity="1" nPathComplexity="0" sequenceCoverage="100" branchCoverage="100" isConstructor="false" isStatic="false" isGetter="false" isSetter="true">
              <Summary numSequencePoints="1" visitedSequencePoints="1" numBranchPoints="1" visitedBranchPoints="1" sequenceCoverage="100" branchCoverage="100" maxCyclomaticComplexity="1" minCyclomaticComplexity="1" visitedClasses="0" numClasses="0" visitedMethods="1" numMethods="1" />
              <MetadataToken>100666449</MetadataToken>
              <Name>System.Void IBM.Watson.DeveloperCloud.Services.TextToSpeech.v1.TextToSpeech/DeleteCustomizationWordRequest::set_CustomizationID(System.String)</Name>
              <FileRef uid="119" />
              <SequencePoints>
                <SequencePoint vc="1" uspid="3981" ordinal="0" offset="0" sl="964" sc="44" el="964" ec="48" bec="0" bev="0" fileid="119" />
              </SequencePoints>
              <BranchPoints />
              <MethodPoint xsi:type="SequencePoint" vc="1" uspid="3981" ordinal="0" offset="0" sl="964" sc="44" el="964" ec="48" bec="0" bev="0" fileid="119" />
            </Method>
            <Method visited="false" cyclomaticComplexity="1" nPathComplexity="0" sequenceCoverage="0" branchCoverage="0" isConstructor="false" isStatic="false" isGetter="true" isSetter="false">
              <Summary numSequencePoints="1" visitedSequencePoints="0" numBranchPoints="1" visitedBranchPoints="0" sequenceCoverage="0" branchCoverage="0" maxCyclomaticComplexity="1" minCyclomaticComplexity="1" visitedClasses="0" numClasses="0" visitedMethods="0" numMethods="1" />
              <MetadataToken>100666450</MetadataToken>
              <Name>System.String IBM.Watson.DeveloperCloud.Services.TextToSpeech.v1.TextToSpeech/DeleteCustomizationWordRequest::get_Word()</Name>
              <FileRef uid="119" />
              <SequencePoints>
                <SequencePoint vc="0" uspid="3982" ordinal="0" offset="0" sl="965" sc="28" el="965" ec="32" bec="0" bev="0" fileid="119" />
              </SequencePoints>
              <BranchPoints />
              <MethodPoint xsi:type="SequencePoint" vc="0" uspid="3982" ordinal="0" offset="0" sl="965" sc="28" el="965" ec="32" bec="0" bev="0" fileid="119" />
            </Method>
            <Method visited="true" cyclomaticComplexity="1" nPathComplexity="0" sequenceCoverage="100" branchCoverage="100" isConstructor="false" isStatic="false" isGetter="false" isSetter="true">
              <Summary numSequencePoints="1" visitedSequencePoints="1" numBranchPoints="1" visitedBranchPoints="1" sequenceCoverage="100" branchCoverage="100" maxCyclomaticComplexity="1" minCyclomaticComplexity="1" visitedClasses="0" numClasses="0" visitedMethods="1" numMethods="1" />
              <MetadataToken>100666451</MetadataToken>
              <Name>System.Void IBM.Watson.DeveloperCloud.Services.TextToSpeech.v1.TextToSpeech/DeleteCustomizationWordRequest::set_Word(System.String)</Name>
              <FileRef uid="119" />
              <SequencePoints>
                <SequencePoint vc="1" uspid="3983" ordinal="0" offset="0" sl="965" sc="33" el="965" ec="37" bec="0" bev="0" fileid="119" />
              </SequencePoints>
              <BranchPoints />
              <MethodPoint xsi:type="SequencePoint" vc="1" uspid="3983" ordinal="0" offset="0" sl="965" sc="33" el="965" ec="37" bec="0" bev="0" fileid="119" />
            </Method>
            <Method visited="true" cyclomaticComplexity="1" nPathComplexity="0" sequenceCoverage="100" branchCoverage="100" isConstructor="false" isStatic="false" isGetter="true" isSetter="false">
              <Summary numSequencePoints="1" visitedSequencePoints="1" numBranchPoints="1" visitedBranchPoints="1" sequenceCoverage="100" branchCoverage="100" maxCyclomaticComplexity="1" minCyclomaticComplexity="1" visitedClasses="0" numClasses="0" visitedMethods="1" numMethods="1" />
              <MetadataToken>100666452</MetadataToken>
              <Name>System.String IBM.Watson.DeveloperCloud.Services.TextToSpeech.v1.TextToSpeech/DeleteCustomizationWordRequest::get_Data()</Name>
              <FileRef uid="119" />
              <SequencePoints>
                <SequencePoint vc="1" uspid="3984" ordinal="0" offset="0" sl="966" sc="28" el="966" ec="32" bec="0" bev="0" fileid="119" />
              </SequencePoints>
              <BranchPoints />
              <MethodPoint xsi:type="SequencePoint" vc="1" uspid="3984" ordinal="0" offset="0" sl="966" sc="28" el="966" ec="32" bec="0" bev="0" fileid="119" />
            </Method>
            <Method visited="true" cyclomaticComplexity="1" nPathComplexity="0" sequenceCoverage="100" branchCoverage="100" isConstructor="false" isStatic="false" isGetter="false" isSetter="true">
              <Summary numSequencePoints="1" visitedSequencePoints="1" numBranchPoints="1" visitedBranchPoints="1" sequenceCoverage="100" branchCoverage="100" maxCyclomaticComplexity="1" minCyclomaticComplexity="1" visitedClasses="0" numClasses="0" visitedMethods="1" numMethods="1" />
              <MetadataToken>100666453</MetadataToken>
              <Name>System.Void IBM.Watson.DeveloperCloud.Services.TextToSpeech.v1.TextToSpeech/DeleteCustomizationWordRequest::set_Data(System.String)</Name>
              <FileRef uid="119" />
              <SequencePoints>
                <SequencePoint vc="1" uspid="3985" ordinal="0" offset="0" sl="966" sc="33" el="966" ec="37" bec="0" bev="0" fileid="119" />
              </SequencePoints>
              <BranchPoints />
              <MethodPoint xsi:type="SequencePoint" vc="1" uspid="3985" ordinal="0" offset="0" sl="966" sc="33" el="966" ec="37" bec="0" bev="0" fileid="119" />
            </Method>
            <Method visited="true" cyclomaticComplexity="1" nPathComplexity="0" sequenceCoverage="0" branchCoverage="0" isConstructor="true" isStatic="false" isGetter="false" isSetter="false">
              <Summary numSequencePoints="0" visitedSequencePoints="0" numBranchPoints="0" visitedBranchPoints="0" sequenceCoverage="0" branchCoverage="0" maxCyclomaticComplexity="1" minCyclomaticComplexity="1" visitedClasses="0" numClasses="0" visitedMethods="0" numMethods="0" />
              <MetadataToken>100666454</MetadataToken>
              <Name>System.Void IBM.Watson.DeveloperCloud.Services.TextToSpeech.v1.TextToSpeech/DeleteCustomizationWordRequest::.ctor()</Name>
              <SequencePoints />
              <BranchPoints />
              <MethodPoint vc="1" uspid="3986" ordinal="0" offset="0" />
            </Method>
          </Methods>
        </Class>
        <Class>
          <Summary numSequencePoints="0" visitedSequencePoints="0" numBranchPoints="0" visitedBranchPoints="0" sequenceCoverage="0" branchCoverage="0" maxCyclomaticComplexity="0" minCyclomaticComplexity="0" visitedClasses="0" numClasses="0" visitedMethods="0" numMethods="0" />
          <FullName>IBM.Watson.DeveloperCloud.Services.TextToSpeech.v1.TextToSpeech/GetCustomizationWordCallback</FullName>
          <Methods>
            <Method skippedDueTo="Unknown" visited="false" cyclomaticComplexity="0" nPathComplexity="0" sequenceCoverage="0" branchCoverage="0" isConstructor="true" isStatic="false" isGetter="false" isSetter="false">
              <MetadataToken>100666455</MetadataToken>
              <Name>System.Void IBM.Watson.DeveloperCloud.Services.TextToSpeech.v1.TextToSpeech/GetCustomizationWordCallback::.ctor(System.Object,System.IntPtr)</Name>
              <SequencePoints />
              <BranchPoints />
            </Method>
            <Method skippedDueTo="Unknown" visited="false" cyclomaticComplexity="0" nPathComplexity="0" sequenceCoverage="0" branchCoverage="0" isConstructor="false" isStatic="false" isGetter="false" isSetter="false">
              <MetadataToken>100666456</MetadataToken>
              <Name>System.Void IBM.Watson.DeveloperCloud.Services.TextToSpeech.v1.TextToSpeech/GetCustomizationWordCallback::Invoke(IBM.Watson.DeveloperCloud.Services.TextToSpeech.v1.Translation,System.String)</Name>
              <SequencePoints />
              <BranchPoints />
            </Method>
            <Method skippedDueTo="Unknown" visited="false" cyclomaticComplexity="0" nPathComplexity="0" sequenceCoverage="0" branchCoverage="0" isConstructor="false" isStatic="false" isGetter="false" isSetter="false">
              <MetadataToken>100666457</MetadataToken>
              <Name>System.IAsyncResult IBM.Watson.DeveloperCloud.Services.TextToSpeech.v1.TextToSpeech/GetCustomizationWordCallback::BeginInvoke(IBM.Watson.DeveloperCloud.Services.TextToSpeech.v1.Translation,System.String,System.AsyncCallback,System.Object)</Name>
              <SequencePoints />
              <BranchPoints />
            </Method>
            <Method skippedDueTo="Unknown" visited="false" cyclomaticComplexity="0" nPathComplexity="0" sequenceCoverage="0" branchCoverage="0" isConstructor="false" isStatic="false" isGetter="false" isSetter="false">
              <MetadataToken>100666458</MetadataToken>
              <Name>System.Void IBM.Watson.DeveloperCloud.Services.TextToSpeech.v1.TextToSpeech/GetCustomizationWordCallback::EndInvoke(System.IAsyncResult)</Name>
              <SequencePoints />
              <BranchPoints />
            </Method>
          </Methods>
        </Class>
        <Class>
          <Summary numSequencePoints="8" visitedSequencePoints="6" numBranchPoints="8" visitedBranchPoints="6" sequenceCoverage="75" branchCoverage="75" maxCyclomaticComplexity="1" minCyclomaticComplexity="1" visitedClasses="1" numClasses="1" visitedMethods="6" numMethods="8" />
          <FullName>IBM.Watson.DeveloperCloud.Services.TextToSpeech.v1.TextToSpeech/GetCustomizationWordRequest</FullName>
          <Methods>
            <Method visited="true" cyclomaticComplexity="1" nPathComplexity="0" sequenceCoverage="100" branchCoverage="100" isConstructor="false" isStatic="false" isGetter="true" isSetter="false">
              <Summary numSequencePoints="1" visitedSequencePoints="1" numBranchPoints="1" visitedBranchPoints="1" sequenceCoverage="100" branchCoverage="100" maxCyclomaticComplexity="1" minCyclomaticComplexity="1" visitedClasses="0" numClasses="0" visitedMethods="1" numMethods="1" />
              <MetadataToken>100666459</MetadataToken>
              <Name>IBM.Watson.DeveloperCloud.Services.TextToSpeech.v1.TextToSpeech/GetCustomizationWordCallback IBM.Watson.DeveloperCloud.Services.TextToSpeech.v1.TextToSpeech/GetCustomizationWordRequest::get_Callback()</Name>
              <FileRef uid="119" />
              <SequencePoints>
                <SequencePoint vc="2" uspid="3987" ordinal="0" offset="0" sl="1018" sc="54" el="1018" ec="58" bec="0" bev="0" fileid="119" />
              </SequencePoints>
              <BranchPoints />
              <MethodPoint xsi:type="SequencePoint" vc="2" uspid="3987" ordinal="0" offset="0" sl="1018" sc="54" el="1018" ec="58" bec="0" bev="0" fileid="119" />
            </Method>
            <Method visited="true" cyclomaticComplexity="1" nPathComplexity="0" sequenceCoverage="100" branchCoverage="100" isConstructor="false" isStatic="false" isGetter="false" isSetter="true">
              <Summary numSequencePoints="1" visitedSequencePoints="1" numBranchPoints="1" visitedBranchPoints="1" sequenceCoverage="100" branchCoverage="100" maxCyclomaticComplexity="1" minCyclomaticComplexity="1" visitedClasses="0" numClasses="0" visitedMethods="1" numMethods="1" />
              <MetadataToken>100666460</MetadataToken>
              <Name>System.Void IBM.Watson.DeveloperCloud.Services.TextToSpeech.v1.TextToSpeech/GetCustomizationWordRequest::set_Callback(IBM.Watson.DeveloperCloud.Services.TextToSpeech.v1.TextToSpeech/GetCustomizationWordCallback)</Name>
              <FileRef uid="119" />
              <SequencePoints>
                <SequencePoint vc="1" uspid="3988" ordinal="0" offset="0" sl="1018" sc="59" el="1018" ec="63" bec="0" bev="0" fileid="119" />
              </SequencePoints>
              <BranchPoints />
              <MethodPoint xsi:type="SequencePoint" vc="1" uspid="3988" ordinal="0" offset="0" sl="1018" sc="59" el="1018" ec="63" bec="0" bev="0" fileid="119" />
            </Method>
            <Method visited="false" cyclomaticComplexity="1" nPathComplexity="0" sequenceCoverage="0" branchCoverage="0" isConstructor="false" isStatic="false" isGetter="true" isSetter="false">
              <Summary numSequencePoints="1" visitedSequencePoints="0" numBranchPoints="1" visitedBranchPoints="0" sequenceCoverage="0" branchCoverage="0" maxCyclomaticComplexity="1" minCyclomaticComplexity="1" visitedClasses="0" numClasses="0" visitedMethods="0" numMethods="1" />
              <MetadataToken>100666461</MetadataToken>
              <Name>System.String IBM.Watson.DeveloperCloud.Services.TextToSpeech.v1.TextToSpeech/GetCustomizationWordRequest::get_CustomizationID()</Name>
              <FileRef uid="119" />
              <SequencePoints>
                <SequencePoint vc="0" uspid="3989" ordinal="0" offset="0" sl="1019" sc="39" el="1019" ec="43" bec="0" bev="0" fileid="119" />
              </SequencePoints>
              <BranchPoints />
              <MethodPoint xsi:type="SequencePoint" vc="0" uspid="3989" ordinal="0" offset="0" sl="1019" sc="39" el="1019" ec="43" bec="0" bev="0" fileid="119" />
            </Method>
            <Method visited="true" cyclomaticComplexity="1" nPathComplexity="0" sequenceCoverage="100" branchCoverage="100" isConstructor="false" isStatic="false" isGetter="false" isSetter="true">
              <Summary numSequencePoints="1" visitedSequencePoints="1" numBranchPoints="1" visitedBranchPoints="1" sequenceCoverage="100" branchCoverage="100" maxCyclomaticComplexity="1" minCyclomaticComplexity="1" visitedClasses="0" numClasses="0" visitedMethods="1" numMethods="1" />
              <MetadataToken>100666462</MetadataToken>
              <Name>System.Void IBM.Watson.DeveloperCloud.Services.TextToSpeech.v1.TextToSpeech/GetCustomizationWordRequest::set_CustomizationID(System.String)</Name>
              <FileRef uid="119" />
              <SequencePoints>
                <SequencePoint vc="1" uspid="3990" ordinal="0" offset="0" sl="1019" sc="44" el="1019" ec="48" bec="0" bev="0" fileid="119" />
              </SequencePoints>
              <BranchPoints />
              <MethodPoint xsi:type="SequencePoint" vc="1" uspid="3990" ordinal="0" offset="0" sl="1019" sc="44" el="1019" ec="48" bec="0" bev="0" fileid="119" />
            </Method>
            <Method visited="false" cyclomaticComplexity="1" nPathComplexity="0" sequenceCoverage="0" branchCoverage="0" isConstructor="false" isStatic="false" isGetter="true" isSetter="false">
              <Summary numSequencePoints="1" visitedSequencePoints="0" numBranchPoints="1" visitedBranchPoints="0" sequenceCoverage="0" branchCoverage="0" maxCyclomaticComplexity="1" minCyclomaticComplexity="1" visitedClasses="0" numClasses="0" visitedMethods="0" numMethods="1" />
              <MetadataToken>100666463</MetadataToken>
              <Name>System.String IBM.Watson.DeveloperCloud.Services.TextToSpeech.v1.TextToSpeech/GetCustomizationWordRequest::get_Word()</Name>
              <FileRef uid="119" />
              <SequencePoints>
                <SequencePoint vc="0" uspid="3991" ordinal="0" offset="0" sl="1020" sc="28" el="1020" ec="32" bec="0" bev="0" fileid="119" />
              </SequencePoints>
              <BranchPoints />
              <MethodPoint xsi:type="SequencePoint" vc="0" uspid="3991" ordinal="0" offset="0" sl="1020" sc="28" el="1020" ec="32" bec="0" bev="0" fileid="119" />
            </Method>
            <Method visited="true" cyclomaticComplexity="1" nPathComplexity="0" sequenceCoverage="100" branchCoverage="100" isConstructor="false" isStatic="false" isGetter="false" isSetter="true">
              <Summary numSequencePoints="1" visitedSequencePoints="1" numBranchPoints="1" visitedBranchPoints="1" sequenceCoverage="100" branchCoverage="100" maxCyclomaticComplexity="1" minCyclomaticComplexity="1" visitedClasses="0" numClasses="0" visitedMethods="1" numMethods="1" />
              <MetadataToken>100666464</MetadataToken>
              <Name>System.Void IBM.Watson.DeveloperCloud.Services.TextToSpeech.v1.TextToSpeech/GetCustomizationWordRequest::set_Word(System.String)</Name>
              <FileRef uid="119" />
              <SequencePoints>
                <SequencePoint vc="1" uspid="3992" ordinal="0" offset="0" sl="1020" sc="33" el="1020" ec="37" bec="0" bev="0" fileid="119" />
              </SequencePoints>
              <BranchPoints />
              <MethodPoint xsi:type="SequencePoint" vc="1" uspid="3992" ordinal="0" offset="0" sl="1020" sc="33" el="1020" ec="37" bec="0" bev="0" fileid="119" />
            </Method>
            <Method visited="true" cyclomaticComplexity="1" nPathComplexity="0" sequenceCoverage="100" branchCoverage="100" isConstructor="false" isStatic="false" isGetter="true" isSetter="false">
              <Summary numSequencePoints="1" visitedSequencePoints="1" numBranchPoints="1" visitedBranchPoints="1" sequenceCoverage="100" branchCoverage="100" maxCyclomaticComplexity="1" minCyclomaticComplexity="1" visitedClasses="0" numClasses="0" visitedMethods="1" numMethods="1" />
              <MetadataToken>100666465</MetadataToken>
              <Name>System.String IBM.Watson.DeveloperCloud.Services.TextToSpeech.v1.TextToSpeech/GetCustomizationWordRequest::get_Data()</Name>
              <FileRef uid="119" />
              <SequencePoints>
                <SequencePoint vc="1" uspid="3993" ordinal="0" offset="0" sl="1021" sc="28" el="1021" ec="32" bec="0" bev="0" fileid="119" />
              </SequencePoints>
              <BranchPoints />
              <MethodPoint xsi:type="SequencePoint" vc="1" uspid="3993" ordinal="0" offset="0" sl="1021" sc="28" el="1021" ec="32" bec="0" bev="0" fileid="119" />
            </Method>
            <Method visited="true" cyclomaticComplexity="1" nPathComplexity="0" sequenceCoverage="100" branchCoverage="100" isConstructor="false" isStatic="false" isGetter="false" isSetter="true">
              <Summary numSequencePoints="1" visitedSequencePoints="1" numBranchPoints="1" visitedBranchPoints="1" sequenceCoverage="100" branchCoverage="100" maxCyclomaticComplexity="1" minCyclomaticComplexity="1" visitedClasses="0" numClasses="0" visitedMethods="1" numMethods="1" />
              <MetadataToken>100666466</MetadataToken>
              <Name>System.Void IBM.Watson.DeveloperCloud.Services.TextToSpeech.v1.TextToSpeech/GetCustomizationWordRequest::set_Data(System.String)</Name>
              <FileRef uid="119" />
              <SequencePoints>
                <SequencePoint vc="1" uspid="3994" ordinal="0" offset="0" sl="1021" sc="33" el="1021" ec="37" bec="0" bev="0" fileid="119" />
              </SequencePoints>
              <BranchPoints />
              <MethodPoint xsi:type="SequencePoint" vc="1" uspid="3994" ordinal="0" offset="0" sl="1021" sc="33" el="1021" ec="37" bec="0" bev="0" fileid="119" />
            </Method>
            <Method visited="true" cyclomaticComplexity="1" nPathComplexity="0" sequenceCoverage="0" branchCoverage="0" isConstructor="true" isStatic="false" isGetter="false" isSetter="false">
              <Summary numSequencePoints="0" visitedSequencePoints="0" numBranchPoints="0" visitedBranchPoints="0" sequenceCoverage="0" branchCoverage="0" maxCyclomaticComplexity="1" minCyclomaticComplexity="1" visitedClasses="0" numClasses="0" visitedMethods="0" numMethods="0" />
              <MetadataToken>100666467</MetadataToken>
              <Name>System.Void IBM.Watson.DeveloperCloud.Services.TextToSpeech.v1.TextToSpeech/GetCustomizationWordRequest::.ctor()</Name>
              <SequencePoints />
              <BranchPoints />
              <MethodPoint vc="1" uspid="3995" ordinal="0" offset="0" />
            </Method>
          </Methods>
        </Class>
        <Class>
          <Summary numSequencePoints="0" visitedSequencePoints="0" numBranchPoints="0" visitedBranchPoints="0" sequenceCoverage="0" branchCoverage="0" maxCyclomaticComplexity="0" minCyclomaticComplexity="0" visitedClasses="0" numClasses="0" visitedMethods="0" numMethods="0" />
          <FullName>IBM.Watson.DeveloperCloud.Services.TextToSpeech.v1.TextToSpeech/AddCustomizationWordCallback</FullName>
          <Methods>
            <Method skippedDueTo="Unknown" visited="false" cyclomaticComplexity="0" nPathComplexity="0" sequenceCoverage="0" branchCoverage="0" isConstructor="true" isStatic="false" isGetter="false" isSetter="false">
              <MetadataToken>100666468</MetadataToken>
              <Name>System.Void IBM.Watson.DeveloperCloud.Services.TextToSpeech.v1.TextToSpeech/AddCustomizationWordCallback::.ctor(System.Object,System.IntPtr)</Name>
              <SequencePoints />
              <BranchPoints />
            </Method>
            <Method skippedDueTo="Unknown" visited="false" cyclomaticComplexity="0" nPathComplexity="0" sequenceCoverage="0" branchCoverage="0" isConstructor="false" isStatic="false" isGetter="false" isSetter="false">
              <MetadataToken>100666469</MetadataToken>
              <Name>System.Void IBM.Watson.DeveloperCloud.Services.TextToSpeech.v1.TextToSpeech/AddCustomizationWordCallback::Invoke(System.Boolean,System.String)</Name>
              <SequencePoints />
              <BranchPoints />
            </Method>
            <Method skippedDueTo="Unknown" visited="false" cyclomaticComplexity="0" nPathComplexity="0" sequenceCoverage="0" branchCoverage="0" isConstructor="false" isStatic="false" isGetter="false" isSetter="false">
              <MetadataToken>100666470</MetadataToken>
              <Name>System.IAsyncResult IBM.Watson.DeveloperCloud.Services.TextToSpeech.v1.TextToSpeech/AddCustomizationWordCallback::BeginInvoke(System.Boolean,System.String,System.AsyncCallback,System.Object)</Name>
              <SequencePoints />
              <BranchPoints />
            </Method>
            <Method skippedDueTo="Unknown" visited="false" cyclomaticComplexity="0" nPathComplexity="0" sequenceCoverage="0" branchCoverage="0" isConstructor="false" isStatic="false" isGetter="false" isSetter="false">
              <MetadataToken>100666471</MetadataToken>
              <Name>System.Void IBM.Watson.DeveloperCloud.Services.TextToSpeech.v1.TextToSpeech/AddCustomizationWordCallback::EndInvoke(System.IAsyncResult)</Name>
              <SequencePoints />
              <BranchPoints />
            </Method>
          </Methods>
        </Class>
        <Class>
          <Summary numSequencePoints="10" visitedSequencePoints="0" numBranchPoints="10" visitedBranchPoints="0" sequenceCoverage="0" branchCoverage="0" maxCyclomaticComplexity="1" minCyclomaticComplexity="1" visitedClasses="0" numClasses="1" visitedMethods="0" numMethods="10" />
          <FullName>IBM.Watson.DeveloperCloud.Services.TextToSpeech.v1.TextToSpeech/AddCustomizationWordRequest</FullName>
          <Methods>
            <Method visited="false" cyclomaticComplexity="1" nPathComplexity="0" sequenceCoverage="0" branchCoverage="0" isConstructor="false" isStatic="false" isGetter="true" isSetter="false">
              <Summary numSequencePoints="1" visitedSequencePoints="0" numBranchPoints="1" visitedBranchPoints="0" sequenceCoverage="0" branchCoverage="0" maxCyclomaticComplexity="1" minCyclomaticComplexity="1" visitedClasses="0" numClasses="0" visitedMethods="0" numMethods="1" />
              <MetadataToken>100666472</MetadataToken>
              <Name>IBM.Watson.DeveloperCloud.Services.TextToSpeech.v1.TextToSpeech/AddCustomizationWordCallback IBM.Watson.DeveloperCloud.Services.TextToSpeech.v1.TextToSpeech/AddCustomizationWordRequest::get_Callback()</Name>
              <FileRef uid="119" />
              <SequencePoints>
                <SequencePoint vc="0" uspid="3996" ordinal="0" offset="0" sl="1106" sc="54" el="1106" ec="58" bec="0" bev="0" fileid="119" />
              </SequencePoints>
              <BranchPoints />
              <MethodPoint xsi:type="SequencePoint" vc="0" uspid="3996" ordinal="0" offset="0" sl="1106" sc="54" el="1106" ec="58" bec="0" bev="0" fileid="119" />
            </Method>
            <Method visited="false" cyclomaticComplexity="1" nPathComplexity="0" sequenceCoverage="0" branchCoverage="0" isConstructor="false" isStatic="false" isGetter="false" isSetter="true">
              <Summary numSequencePoints="1" visitedSequencePoints="0" numBranchPoints="1" visitedBranchPoints="0" sequenceCoverage="0" branchCoverage="0" maxCyclomaticComplexity="1" minCyclomaticComplexity="1" visitedClasses="0" numClasses="0" visitedMethods="0" numMethods="1" />
              <MetadataToken>100666473</MetadataToken>
              <Name>System.Void IBM.Watson.DeveloperCloud.Services.TextToSpeech.v1.TextToSpeech/AddCustomizationWordRequest::set_Callback(IBM.Watson.DeveloperCloud.Services.TextToSpeech.v1.TextToSpeech/AddCustomizationWordCallback)</Name>
              <FileRef uid="119" />
              <SequencePoints>
                <SequencePoint vc="0" uspid="3997" ordinal="0" offset="0" sl="1106" sc="59" el="1106" ec="63" bec="0" bev="0" fileid="119" />
              </SequencePoints>
              <BranchPoints />
              <MethodPoint xsi:type="SequencePoint" vc="0" uspid="3997" ordinal="0" offset="0" sl="1106" sc="59" el="1106" ec="63" bec="0" bev="0" fileid="119" />
            </Method>
            <Method visited="false" cyclomaticComplexity="1" nPathComplexity="0" sequenceCoverage="0" branchCoverage="0" isConstructor="false" isStatic="false" isGetter="true" isSetter="false">
              <Summary numSequencePoints="1" visitedSequencePoints="0" numBranchPoints="1" visitedBranchPoints="0" sequenceCoverage="0" branchCoverage="0" maxCyclomaticComplexity="1" minCyclomaticComplexity="1" visitedClasses="0" numClasses="0" visitedMethods="0" numMethods="1" />
              <MetadataToken>100666474</MetadataToken>
              <Name>System.String IBM.Watson.DeveloperCloud.Services.TextToSpeech.v1.TextToSpeech/AddCustomizationWordRequest::get_CustomizationID()</Name>
              <FileRef uid="119" />
              <SequencePoints>
                <SequencePoint vc="0" uspid="3998" ordinal="0" offset="0" sl="1107" sc="39" el="1107" ec="43" bec="0" bev="0" fileid="119" />
              </SequencePoints>
              <BranchPoints />
              <MethodPoint xsi:type="SequencePoint" vc="0" uspid="3998" ordinal="0" offset="0" sl="1107" sc="39" el="1107" ec="43" bec="0" bev="0" fileid="119" />
            </Method>
            <Method visited="false" cyclomaticComplexity="1" nPathComplexity="0" sequenceCoverage="0" branchCoverage="0" isConstructor="false" isStatic="false" isGetter="false" isSetter="true">
              <Summary numSequencePoints="1" visitedSequencePoints="0" numBranchPoints="1" visitedBranchPoints="0" sequenceCoverage="0" branchCoverage="0" maxCyclomaticComplexity="1" minCyclomaticComplexity="1" visitedClasses="0" numClasses="0" visitedMethods="0" numMethods="1" />
              <MetadataToken>100666475</MetadataToken>
              <Name>System.Void IBM.Watson.DeveloperCloud.Services.TextToSpeech.v1.TextToSpeech/AddCustomizationWordRequest::set_CustomizationID(System.String)</Name>
              <FileRef uid="119" />
              <SequencePoints>
                <SequencePoint vc="0" uspid="3999" ordinal="0" offset="0" sl="1107" sc="44" el="1107" ec="48" bec="0" bev="0" fileid="119" />
              </SequencePoints>
              <BranchPoints />
              <MethodPoint xsi:type="SequencePoint" vc="0" uspid="3999" ordinal="0" offset="0" sl="1107" sc="44" el="1107" ec="48" bec="0" bev="0" fileid="119" />
            </Method>
            <Method visited="false" cyclomaticComplexity="1" nPathComplexity="0" sequenceCoverage="0" branchCoverage="0" isConstructor="false" isStatic="false" isGetter="true" isSetter="false">
              <Summary numSequencePoints="1" visitedSequencePoints="0" numBranchPoints="1" visitedBranchPoints="0" sequenceCoverage="0" branchCoverage="0" maxCyclomaticComplexity="1" minCyclomaticComplexity="1" visitedClasses="0" numClasses="0" visitedMethods="0" numMethods="1" />
              <MetadataToken>100666476</MetadataToken>
              <Name>System.String IBM.Watson.DeveloperCloud.Services.TextToSpeech.v1.TextToSpeech/AddCustomizationWordRequest::get_Word()</Name>
              <FileRef uid="119" />
              <SequencePoints>
                <SequencePoint vc="0" uspid="4000" ordinal="0" offset="0" sl="1108" sc="28" el="1108" ec="32" bec="0" bev="0" fileid="119" />
              </SequencePoints>
              <BranchPoints />
              <MethodPoint xsi:type="SequencePoint" vc="0" uspid="4000" ordinal="0" offset="0" sl="1108" sc="28" el="1108" ec="32" bec="0" bev="0" fileid="119" />
            </Method>
            <Method visited="false" cyclomaticComplexity="1" nPathComplexity="0" sequenceCoverage="0" branchCoverage="0" isConstructor="false" isStatic="false" isGetter="false" isSetter="true">
              <Summary numSequencePoints="1" visitedSequencePoints="0" numBranchPoints="1" visitedBranchPoints="0" sequenceCoverage="0" branchCoverage="0" maxCyclomaticComplexity="1" minCyclomaticComplexity="1" visitedClasses="0" numClasses="0" visitedMethods="0" numMethods="1" />
              <MetadataToken>100666477</MetadataToken>
              <Name>System.Void IBM.Watson.DeveloperCloud.Services.TextToSpeech.v1.TextToSpeech/AddCustomizationWordRequest::set_Word(System.String)</Name>
              <FileRef uid="119" />
              <SequencePoints>
                <SequencePoint vc="0" uspid="4001" ordinal="0" offset="0" sl="1108" sc="33" el="1108" ec="37" bec="0" bev="0" fileid="119" />
              </SequencePoints>
              <BranchPoints />
              <MethodPoint xsi:type="SequencePoint" vc="0" uspid="4001" ordinal="0" offset="0" sl="1108" sc="33" el="1108" ec="37" bec="0" bev="0" fileid="119" />
            </Method>
            <Method visited="false" cyclomaticComplexity="1" nPathComplexity="0" sequenceCoverage="0" branchCoverage="0" isConstructor="false" isStatic="false" isGetter="true" isSetter="false">
              <Summary numSequencePoints="1" visitedSequencePoints="0" numBranchPoints="1" visitedBranchPoints="0" sequenceCoverage="0" branchCoverage="0" maxCyclomaticComplexity="1" minCyclomaticComplexity="1" visitedClasses="0" numClasses="0" visitedMethods="0" numMethods="1" />
              <MetadataToken>100666478</MetadataToken>
              <Name>System.String IBM.Watson.DeveloperCloud.Services.TextToSpeech.v1.TextToSpeech/AddCustomizationWordRequest::get_Translation()</Name>
              <FileRef uid="119" />
              <SequencePoints>
                <SequencePoint vc="0" uspid="4002" ordinal="0" offset="0" sl="1109" sc="35" el="1109" ec="39" bec="0" bev="0" fileid="119" />
              </SequencePoints>
              <BranchPoints />
              <MethodPoint xsi:type="SequencePoint" vc="0" uspid="4002" ordinal="0" offset="0" sl="1109" sc="35" el="1109" ec="39" bec="0" bev="0" fileid="119" />
            </Method>
            <Method visited="false" cyclomaticComplexity="1" nPathComplexity="0" sequenceCoverage="0" branchCoverage="0" isConstructor="false" isStatic="false" isGetter="false" isSetter="true">
              <Summary numSequencePoints="1" visitedSequencePoints="0" numBranchPoints="1" visitedBranchPoints="0" sequenceCoverage="0" branchCoverage="0" maxCyclomaticComplexity="1" minCyclomaticComplexity="1" visitedClasses="0" numClasses="0" visitedMethods="0" numMethods="1" />
              <MetadataToken>100666479</MetadataToken>
              <Name>System.Void IBM.Watson.DeveloperCloud.Services.TextToSpeech.v1.TextToSpeech/AddCustomizationWordRequest::set_Translation(System.String)</Name>
              <FileRef uid="119" />
              <SequencePoints>
                <SequencePoint vc="0" uspid="4003" ordinal="0" offset="0" sl="1109" sc="40" el="1109" ec="44" bec="0" bev="0" fileid="119" />
              </SequencePoints>
              <BranchPoints />
              <MethodPoint xsi:type="SequencePoint" vc="0" uspid="4003" ordinal="0" offset="0" sl="1109" sc="40" el="1109" ec="44" bec="0" bev="0" fileid="119" />
            </Method>
            <Method visited="false" cyclomaticComplexity="1" nPathComplexity="0" sequenceCoverage="0" branchCoverage="0" isConstructor="false" isStatic="false" isGetter="true" isSetter="false">
              <Summary numSequencePoints="1" visitedSequencePoints="0" numBranchPoints="1" visitedBranchPoints="0" sequenceCoverage="0" branchCoverage="0" maxCyclomaticComplexity="1" minCyclomaticComplexity="1" visitedClasses="0" numClasses="0" visitedMethods="0" numMethods="1" />
              <MetadataToken>100666480</MetadataToken>
              <Name>System.String IBM.Watson.DeveloperCloud.Services.TextToSpeech.v1.TextToSpeech/AddCustomizationWordRequest::get_Data()</Name>
              <FileRef uid="119" />
              <SequencePoints>
                <SequencePoint vc="0" uspid="4004" ordinal="0" offset="0" sl="1110" sc="28" el="1110" ec="32" bec="0" bev="0" fileid="119" />
              </SequencePoints>
              <BranchPoints />
              <MethodPoint xsi:type="SequencePoint" vc="0" uspid="4004" ordinal="0" offset="0" sl="1110" sc="28" el="1110" ec="32" bec="0" bev="0" fileid="119" />
            </Method>
            <Method visited="false" cyclomaticComplexity="1" nPathComplexity="0" sequenceCoverage="0" branchCoverage="0" isConstructor="false" isStatic="false" isGetter="false" isSetter="true">
              <Summary numSequencePoints="1" visitedSequencePoints="0" numBranchPoints="1" visitedBranchPoints="0" sequenceCoverage="0" branchCoverage="0" maxCyclomaticComplexity="1" minCyclomaticComplexity="1" visitedClasses="0" numClasses="0" visitedMethods="0" numMethods="1" />
              <MetadataToken>100666481</MetadataToken>
              <Name>System.Void IBM.Watson.DeveloperCloud.Services.TextToSpeech.v1.TextToSpeech/AddCustomizationWordRequest::set_Data(System.String)</Name>
              <FileRef uid="119" />
              <SequencePoints>
                <SequencePoint vc="0" uspid="4005" ordinal="0" offset="0" sl="1110" sc="33" el="1110" ec="37" bec="0" bev="0" fileid="119" />
              </SequencePoints>
              <BranchPoints />
              <MethodPoint xsi:type="SequencePoint" vc="0" uspid="4005" ordinal="0" offset="0" sl="1110" sc="33" el="1110" ec="37" bec="0" bev="0" fileid="119" />
            </Method>
            <Method visited="false" cyclomaticComplexity="1" nPathComplexity="0" sequenceCoverage="0" branchCoverage="0" isConstructor="true" isStatic="false" isGetter="false" isSetter="false">
              <Summary numSequencePoints="0" visitedSequencePoints="0" numBranchPoints="0" visitedBranchPoints="0" sequenceCoverage="0" branchCoverage="0" maxCyclomaticComplexity="1" minCyclomaticComplexity="1" visitedClasses="0" numClasses="0" visitedMethods="0" numMethods="0" />
              <MetadataToken>100666482</MetadataToken>
              <Name>System.Void IBM.Watson.DeveloperCloud.Services.TextToSpeech.v1.TextToSpeech/AddCustomizationWordRequest::.ctor()</Name>
              <SequencePoints />
              <BranchPoints />
              <MethodPoint vc="0" uspid="4006" ordinal="0" offset="0" />
            </Method>
          </Methods>
        </Class>
        <Class>
          <Summary numSequencePoints="9" visitedSequencePoints="0" numBranchPoints="8" visitedBranchPoints="0" sequenceCoverage="0" branchCoverage="0" maxCyclomaticComplexity="3" minCyclomaticComplexity="2" visitedClasses="0" numClasses="1" visitedMethods="0" numMethods="2" />
          <FullName>IBM.Watson.DeveloperCloud.Services.TextToSpeech.v1.TextToSpeech/CheckServiceStatus</FullName>
          <Methods>
            <Method visited="false" cyclomaticComplexity="2" nPathComplexity="2" sequenceCoverage="0" branchCoverage="0" isConstructor="true" isStatic="false" isGetter="false" isSetter="false">
              <Summary numSequencePoints="6" visitedSequencePoints="0" numBranchPoints="3" visitedBranchPoints="0" sequenceCoverage="0" branchCoverage="0" maxCyclomaticComplexity="2" minCyclomaticComplexity="2" visitedClasses="0" numClasses="0" visitedMethods="0" numMethods="1" />
              <MetadataToken>100666483</MetadataToken>
              <Name>System.Void IBM.Watson.DeveloperCloud.Services.TextToSpeech.v1.TextToSpeech/CheckServiceStatus::.ctor(IBM.Watson.DeveloperCloud.Services.TextToSpeech.v1.TextToSpeech,IBM.Watson.DeveloperCloud.Services.ServiceStatus)</Name>
              <FileRef uid="119" />
              <SequencePoints>
                <SequencePoint vc="0" uspid="4007" ordinal="0" offset="0" sl="1141" sc="7" el="1141" ec="78" bec="0" bev="0" fileid="119" />
                <SequencePoint vc="0" uspid="4008" ordinal="1" offset="6" sl="1143" sc="9" el="1143" ec="29" bec="0" bev="0" fileid="119" />
                <SequencePoint vc="0" uspid="4009" ordinal="2" offset="13" sl="1144" sc="9" el="1144" ec="31" bec="0" bev="0" fileid="119" />
                <SequencePoint vc="0" uspid="4010" ordinal="3" offset="20" sl="1146" sc="9" el="1146" ec="50" bec="2" bev="0" fileid="119" />
                <SequencePoint vc="0" uspid="4011" ordinal="4" offset="45" sl="1147" sc="11" el="1147" ec="41" bec="0" bev="0" fileid="119" />
                <SequencePoint vc="0" uspid="4012" ordinal="5" offset="62" sl="1148" sc="7" el="1148" ec="8" bec="0" bev="0" fileid="119" />
              </SequencePoints>
              <BranchPoints>
                <BranchPoint vc="0" uspid="4013" ordinal="0" offset="43" sl="1146" path="0" offsetend="45" fileid="119" />
                <BranchPoint vc="0" uspid="4014" ordinal="1" offset="43" sl="1146" path="1" offsetend="62" fileid="119" />
              </BranchPoints>
              <MethodPoint xsi:type="SequencePoint" vc="0" uspid="4007" ordinal="0" offset="0" sl="1141" sc="7" el="1141" ec="78" bec="0" bev="0" fileid="119" />
            </Method>
            <Method visited="false" cyclomaticComplexity="3" nPathComplexity="4" sequenceCoverage="0" branchCoverage="0" isConstructor="false" isStatic="false" isGetter="false" isSetter="false">
              <Summary numSequencePoints="3" visitedSequencePoints="0" numBranchPoints="5" visitedBranchPoints="0" sequenceCoverage="0" branchCoverage="0" maxCyclomaticComplexity="3" minCyclomaticComplexity="3" visitedClasses="0" numClasses="0" visitedMethods="0" numMethods="1" />
              <MetadataToken>100666484</MetadataToken>
              <Name>System.Void IBM.Watson.DeveloperCloud.Services.TextToSpeech.v1.TextToSpeech/CheckServiceStatus::OnCheckService(IBM.Watson.DeveloperCloud.Services.TextToSpeech.v1.Voices)</Name>
              <FileRef uid="119" />
              <SequencePoints>
                <SequencePoint vc="0" uspid="4015" ordinal="0" offset="0" sl="1152" sc="9" el="1152" ec="61" bec="3" bev="0" fileid="119" />
                <SequencePoint vc="0" uspid="4016" ordinal="1" offset="21" sl="1153" sc="11" el="1153" ec="50" bec="0" bev="0" fileid="119" />
                <SequencePoint vc="0" uspid="4017" ordinal="2" offset="41" sl="1154" sc="7" el="1154" ec="8" bec="0" bev="0" fileid="119" />
              </SequencePoints>
              <BranchPoints>
                <BranchPoint vc="0" uspid="4018" ordinal="0" offset="6" sl="1152" path="0" offsetend="8" fileid="119" />
                <BranchPoint vc="0" uspid="4019" ordinal="1" offset="6" sl="1152" path="1" offsetend="41" fileid="119" />
                <BranchPoint vc="0" uspid="4020" ordinal="2" offset="19" sl="1152" path="0" offsetend="21" fileid="119" />
                <BranchPoint vc="0" uspid="4021" ordinal="3" offset="19" sl="1152" path="1" offsetend="41" fileid="119" />
              </BranchPoints>
              <MethodPoint xsi:type="SequencePoint" vc="0" uspid="4015" ordinal="0" offset="0" sl="1152" sc="9" el="1152" ec="61" bec="3" bev="0" fileid="119" />
            </Method>
          </Methods>
        </Class>
        <Class>
          <Summary numSequencePoints="0" visitedSequencePoints="0" numBranchPoints="0" visitedBranchPoints="0" sequenceCoverage="0" branchCoverage="0" maxCyclomaticComplexity="1" minCyclomaticComplexity="1" visitedClasses="0" numClasses="0" visitedMethods="0" numMethods="0" />
          <FullName>IBM.Watson.DeveloperCloud.Services.SpeechToText.v1.ModelSet</FullName>
          <Methods>
            <Method visited="false" cyclomaticComplexity="1" nPathComplexity="0" sequenceCoverage="0" branchCoverage="0" isConstructor="true" isStatic="false" isGetter="false" isSetter="false">
              <Summary numSequencePoints="0" visitedSequencePoints="0" numBranchPoints="0" visitedBranchPoints="0" sequenceCoverage="0" branchCoverage="0" maxCyclomaticComplexity="1" minCyclomaticComplexity="1" visitedClasses="0" numClasses="0" visitedMethods="0" numMethods="0" />
              <MetadataToken>100664425</MetadataToken>
              <Name>System.Void IBM.Watson.DeveloperCloud.Services.SpeechToText.v1.ModelSet::.ctor()</Name>
              <SequencePoints />
              <BranchPoints />
              <MethodPoint vc="0" uspid="4022" ordinal="0" offset="0" />
            </Method>
          </Methods>
        </Class>
        <Class>
          <Summary numSequencePoints="0" visitedSequencePoints="0" numBranchPoints="0" visitedBranchPoints="0" sequenceCoverage="0" branchCoverage="0" maxCyclomaticComplexity="1" minCyclomaticComplexity="1" visitedClasses="0" numClasses="0" visitedMethods="0" numMethods="0" />
          <FullName>IBM.Watson.DeveloperCloud.Services.SpeechToText.v1.Model</FullName>
          <Methods>
            <Method visited="true" cyclomaticComplexity="1" nPathComplexity="0" sequenceCoverage="0" branchCoverage="0" isConstructor="true" isStatic="false" isGetter="false" isSetter="false">
              <Summary numSequencePoints="0" visitedSequencePoints="0" numBranchPoints="0" visitedBranchPoints="0" sequenceCoverage="0" branchCoverage="0" maxCyclomaticComplexity="1" minCyclomaticComplexity="1" visitedClasses="0" numClasses="0" visitedMethods="0" numMethods="0" />
              <MetadataToken>100664440</MetadataToken>
              <Name>System.Void IBM.Watson.DeveloperCloud.Services.SpeechToText.v1.Model::.ctor()</Name>
              <SequencePoints />
              <BranchPoints />
              <MethodPoint vc="15" uspid="4023" ordinal="0" offset="0" />
            </Method>
          </Methods>
        </Class>
        <Class>
          <Summary numSequencePoints="0" visitedSequencePoints="0" numBranchPoints="0" visitedBranchPoints="0" sequenceCoverage="0" branchCoverage="0" maxCyclomaticComplexity="1" minCyclomaticComplexity="1" visitedClasses="0" numClasses="0" visitedMethods="0" numMethods="0" />
          <FullName>IBM.Watson.DeveloperCloud.Services.SpeechToText.v1.SupportedFeatures</FullName>
          <Methods>
            <Method visited="true" cyclomaticComplexity="1" nPathComplexity="0" sequenceCoverage="0" branchCoverage="0" isConstructor="true" isStatic="false" isGetter="false" isSetter="false">
              <Summary numSequencePoints="0" visitedSequencePoints="0" numBranchPoints="0" visitedBranchPoints="0" sequenceCoverage="0" branchCoverage="0" maxCyclomaticComplexity="1" minCyclomaticComplexity="1" visitedClasses="0" numClasses="0" visitedMethods="0" numMethods="0" />
              <MetadataToken>100664443</MetadataToken>
              <Name>System.Void IBM.Watson.DeveloperCloud.Services.SpeechToText.v1.SupportedFeatures::.ctor()</Name>
              <SequencePoints />
              <BranchPoints />
              <MethodPoint vc="1" uspid="4024" ordinal="0" offset="0" />
            </Method>
          </Methods>
        </Class>
        <Class>
          <Summary numSequencePoints="0" visitedSequencePoints="0" numBranchPoints="0" visitedBranchPoints="0" sequenceCoverage="0" branchCoverage="0" maxCyclomaticComplexity="1" minCyclomaticComplexity="1" visitedClasses="0" numClasses="0" visitedMethods="0" numMethods="0" />
          <FullName>IBM.Watson.DeveloperCloud.Services.SpeechToText.v1.Session</FullName>
          <Methods>
            <Method visited="false" cyclomaticComplexity="1" nPathComplexity="0" sequenceCoverage="0" branchCoverage="0" isConstructor="true" isStatic="false" isGetter="false" isSetter="false">
              <Summary numSequencePoints="0" visitedSequencePoints="0" numBranchPoints="0" visitedBranchPoints="0" sequenceCoverage="0" branchCoverage="0" maxCyclomaticComplexity="1" minCyclomaticComplexity="1" visitedClasses="0" numClasses="0" visitedMethods="0" numMethods="0" />
              <MetadataToken>100664454</MetadataToken>
              <Name>System.Void IBM.Watson.DeveloperCloud.Services.SpeechToText.v1.Session::.ctor()</Name>
              <SequencePoints />
              <BranchPoints />
              <MethodPoint vc="0" uspid="4025" ordinal="0" offset="0" />
            </Method>
          </Methods>
        </Class>
        <Class>
          <Summary numSequencePoints="0" visitedSequencePoints="0" numBranchPoints="0" visitedBranchPoints="0" sequenceCoverage="0" branchCoverage="0" maxCyclomaticComplexity="1" minCyclomaticComplexity="1" visitedClasses="0" numClasses="0" visitedMethods="0" numMethods="0" />
          <FullName>IBM.Watson.DeveloperCloud.Services.SpeechToText.v1.SpeechRecognitionResult</FullName>
          <Methods>
            <Method visited="true" cyclomaticComplexity="1" nPathComplexity="0" sequenceCoverage="0" branchCoverage="0" isConstructor="true" isStatic="false" isGetter="false" isSetter="false">
              <Summary numSequencePoints="0" visitedSequencePoints="0" numBranchPoints="0" visitedBranchPoints="0" sequenceCoverage="0" branchCoverage="0" maxCyclomaticComplexity="1" minCyclomaticComplexity="1" visitedClasses="0" numClasses="0" visitedMethods="0" numMethods="0" />
              <MetadataToken>100664472</MetadataToken>
              <Name>System.Void IBM.Watson.DeveloperCloud.Services.SpeechToText.v1.SpeechRecognitionResult::.ctor()</Name>
              <SequencePoints />
              <BranchPoints />
              <MethodPoint vc="1" uspid="4026" ordinal="0" offset="0" />
            </Method>
          </Methods>
        </Class>
        <Class>
          <Summary numSequencePoints="0" visitedSequencePoints="0" numBranchPoints="0" visitedBranchPoints="0" sequenceCoverage="0" branchCoverage="0" maxCyclomaticComplexity="1" minCyclomaticComplexity="1" visitedClasses="0" numClasses="0" visitedMethods="0" numMethods="0" />
          <FullName>IBM.Watson.DeveloperCloud.Services.SpeechToText.v1.SpeechRecognitionAlternative</FullName>
          <Methods>
            <Method visited="true" cyclomaticComplexity="1" nPathComplexity="0" sequenceCoverage="0" branchCoverage="0" isConstructor="true" isStatic="false" isGetter="false" isSetter="false">
              <Summary numSequencePoints="0" visitedSequencePoints="0" numBranchPoints="0" visitedBranchPoints="0" sequenceCoverage="0" branchCoverage="0" maxCyclomaticComplexity="1" minCyclomaticComplexity="1" visitedClasses="0" numClasses="0" visitedMethods="0" numMethods="0" />
              <MetadataToken>100664485</MetadataToken>
              <Name>System.Void IBM.Watson.DeveloperCloud.Services.SpeechToText.v1.SpeechRecognitionAlternative::.ctor()</Name>
              <SequencePoints />
              <BranchPoints />
              <MethodPoint vc="1" uspid="4027" ordinal="0" offset="0" />
            </Method>
          </Methods>
        </Class>
        <Class>
          <Summary numSequencePoints="0" visitedSequencePoints="0" numBranchPoints="0" visitedBranchPoints="0" sequenceCoverage="0" branchCoverage="0" maxCyclomaticComplexity="1" minCyclomaticComplexity="1" visitedClasses="0" numClasses="0" visitedMethods="0" numMethods="0" />
          <FullName>IBM.Watson.DeveloperCloud.Services.SpeechToText.v1.KeywordResults</FullName>
          <Methods>
            <Method visited="false" cyclomaticComplexity="1" nPathComplexity="0" sequenceCoverage="0" branchCoverage="0" isConstructor="true" isStatic="false" isGetter="false" isSetter="false">
              <Summary numSequencePoints="0" visitedSequencePoints="0" numBranchPoints="0" visitedBranchPoints="0" sequenceCoverage="0" branchCoverage="0" maxCyclomaticComplexity="1" minCyclomaticComplexity="1" visitedClasses="0" numClasses="0" visitedMethods="0" numMethods="0" />
              <MetadataToken>100664488</MetadataToken>
              <Name>System.Void IBM.Watson.DeveloperCloud.Services.SpeechToText.v1.KeywordResults::.ctor()</Name>
              <SequencePoints />
              <BranchPoints />
              <MethodPoint vc="0" uspid="4028" ordinal="0" offset="0" />
            </Method>
          </Methods>
        </Class>
        <Class>
          <Summary numSequencePoints="0" visitedSequencePoints="0" numBranchPoints="0" visitedBranchPoints="0" sequenceCoverage="0" branchCoverage="0" maxCyclomaticComplexity="1" minCyclomaticComplexity="1" visitedClasses="0" numClasses="0" visitedMethods="0" numMethods="0" />
          <FullName>IBM.Watson.DeveloperCloud.Services.SpeechToText.v1.WordAlternativeResults</FullName>
          <Methods>
            <Method visited="false" cyclomaticComplexity="1" nPathComplexity="0" sequenceCoverage="0" branchCoverage="0" isConstructor="true" isStatic="false" isGetter="false" isSetter="false">
              <Summary numSequencePoints="0" visitedSequencePoints="0" numBranchPoints="0" visitedBranchPoints="0" sequenceCoverage="0" branchCoverage="0" maxCyclomaticComplexity="1" minCyclomaticComplexity="1" visitedClasses="0" numClasses="0" visitedMethods="0" numMethods="0" />
              <MetadataToken>100664495</MetadataToken>
              <Name>System.Void IBM.Watson.DeveloperCloud.Services.SpeechToText.v1.WordAlternativeResults::.ctor()</Name>
              <SequencePoints />
              <BranchPoints />
              <MethodPoint vc="0" uspid="4029" ordinal="0" offset="0" />
            </Method>
          </Methods>
        </Class>
        <Class>
          <Summary numSequencePoints="0" visitedSequencePoints="0" numBranchPoints="0" visitedBranchPoints="0" sequenceCoverage="0" branchCoverage="0" maxCyclomaticComplexity="1" minCyclomaticComplexity="1" visitedClasses="0" numClasses="0" visitedMethods="0" numMethods="0" />
          <FullName>IBM.Watson.DeveloperCloud.Services.SpeechToText.v1.KeywordResult</FullName>
          <Methods>
            <Method visited="false" cyclomaticComplexity="1" nPathComplexity="0" sequenceCoverage="0" branchCoverage="0" isConstructor="true" isStatic="false" isGetter="false" isSetter="false">
              <Summary numSequencePoints="0" visitedSequencePoints="0" numBranchPoints="0" visitedBranchPoints="0" sequenceCoverage="0" branchCoverage="0" maxCyclomaticComplexity="1" minCyclomaticComplexity="1" visitedClasses="0" numClasses="0" visitedMethods="0" numMethods="0" />
              <MetadataToken>100664504</MetadataToken>
              <Name>System.Void IBM.Watson.DeveloperCloud.Services.SpeechToText.v1.KeywordResult::.ctor()</Name>
              <SequencePoints />
              <BranchPoints />
              <MethodPoint vc="0" uspid="4030" ordinal="0" offset="0" />
            </Method>
          </Methods>
        </Class>
        <Class>
          <Summary numSequencePoints="0" visitedSequencePoints="0" numBranchPoints="0" visitedBranchPoints="0" sequenceCoverage="0" branchCoverage="0" maxCyclomaticComplexity="1" minCyclomaticComplexity="1" visitedClasses="0" numClasses="0" visitedMethods="0" numMethods="0" />
          <FullName>IBM.Watson.DeveloperCloud.Services.SpeechToText.v1.WordAlternativeResult</FullName>
          <Methods>
            <Method visited="false" cyclomaticComplexity="1" nPathComplexity="0" sequenceCoverage="0" branchCoverage="0" isConstructor="true" isStatic="false" isGetter="false" isSetter="false">
              <Summary numSequencePoints="0" visitedSequencePoints="0" numBranchPoints="0" visitedBranchPoints="0" sequenceCoverage="0" branchCoverage="0" maxCyclomaticComplexity="1" minCyclomaticComplexity="1" visitedClasses="0" numClasses="0" visitedMethods="0" numMethods="0" />
              <MetadataToken>100664509</MetadataToken>
              <Name>System.Void IBM.Watson.DeveloperCloud.Services.SpeechToText.v1.WordAlternativeResult::.ctor()</Name>
              <SequencePoints />
              <BranchPoints />
              <MethodPoint vc="0" uspid="4031" ordinal="0" offset="0" />
            </Method>
          </Methods>
        </Class>
        <Class>
          <Summary numSequencePoints="0" visitedSequencePoints="0" numBranchPoints="0" visitedBranchPoints="0" sequenceCoverage="0" branchCoverage="0" maxCyclomaticComplexity="1" minCyclomaticComplexity="1" visitedClasses="0" numClasses="0" visitedMethods="0" numMethods="0" />
          <FullName>IBM.Watson.DeveloperCloud.Services.SpeechToText.v1.RecognizeStatus</FullName>
          <Methods>
            <Method visited="false" cyclomaticComplexity="1" nPathComplexity="0" sequenceCoverage="0" branchCoverage="0" isConstructor="true" isStatic="false" isGetter="false" isSetter="false">
              <Summary numSequencePoints="0" visitedSequencePoints="0" numBranchPoints="0" visitedBranchPoints="0" sequenceCoverage="0" branchCoverage="0" maxCyclomaticComplexity="1" minCyclomaticComplexity="1" visitedClasses="0" numClasses="0" visitedMethods="0" numMethods="0" />
              <MetadataToken>100664512</MetadataToken>
              <Name>System.Void IBM.Watson.DeveloperCloud.Services.SpeechToText.v1.RecognizeStatus::.ctor()</Name>
              <SequencePoints />
              <BranchPoints />
              <MethodPoint vc="0" uspid="4032" ordinal="0" offset="0" />
            </Method>
          </Methods>
        </Class>
        <Class>
          <Summary numSequencePoints="0" visitedSequencePoints="0" numBranchPoints="0" visitedBranchPoints="0" sequenceCoverage="0" branchCoverage="0" maxCyclomaticComplexity="1" minCyclomaticComplexity="1" visitedClasses="0" numClasses="0" visitedMethods="0" numMethods="0" />
          <FullName>IBM.Watson.DeveloperCloud.Services.SpeechToText.v1.SessionStatus</FullName>
          <Methods>
            <Method visited="false" cyclomaticComplexity="1" nPathComplexity="0" sequenceCoverage="0" branchCoverage="0" isConstructor="true" isStatic="false" isGetter="false" isSetter="false">
              <Summary numSequencePoints="0" visitedSequencePoints="0" numBranchPoints="0" visitedBranchPoints="0" sequenceCoverage="0" branchCoverage="0" maxCyclomaticComplexity="1" minCyclomaticComplexity="1" visitedClasses="0" numClasses="0" visitedMethods="0" numMethods="0" />
              <MetadataToken>100664523</MetadataToken>
              <Name>System.Void IBM.Watson.DeveloperCloud.Services.SpeechToText.v1.SessionStatus::.ctor()</Name>
              <SequencePoints />
              <BranchPoints />
              <MethodPoint vc="0" uspid="4033" ordinal="0" offset="0" />
            </Method>
          </Methods>
        </Class>
        <Class>
          <Summary numSequencePoints="0" visitedSequencePoints="0" numBranchPoints="0" visitedBranchPoints="0" sequenceCoverage="0" branchCoverage="0" maxCyclomaticComplexity="1" minCyclomaticComplexity="1" visitedClasses="0" numClasses="0" visitedMethods="0" numMethods="0" />
          <FullName>IBM.Watson.DeveloperCloud.Services.SpeechToText.v1.WordConfidence</FullName>
          <Methods>
            <Method visited="false" cyclomaticComplexity="1" nPathComplexity="0" sequenceCoverage="0" branchCoverage="0" isConstructor="true" isStatic="false" isGetter="false" isSetter="false">
              <Summary numSequencePoints="0" visitedSequencePoints="0" numBranchPoints="0" visitedBranchPoints="0" sequenceCoverage="0" branchCoverage="0" maxCyclomaticComplexity="1" minCyclomaticComplexity="1" visitedClasses="0" numClasses="0" visitedMethods="0" numMethods="0" />
              <MetadataToken>100664528</MetadataToken>
              <Name>System.Void IBM.Watson.DeveloperCloud.Services.SpeechToText.v1.WordConfidence::.ctor()</Name>
              <SequencePoints />
              <BranchPoints />
              <MethodPoint vc="0" uspid="4034" ordinal="0" offset="0" />
            </Method>
          </Methods>
        </Class>
        <Class>
          <Summary numSequencePoints="0" visitedSequencePoints="0" numBranchPoints="0" visitedBranchPoints="0" sequenceCoverage="0" branchCoverage="0" maxCyclomaticComplexity="1" minCyclomaticComplexity="1" visitedClasses="0" numClasses="0" visitedMethods="0" numMethods="0" />
          <FullName>IBM.Watson.DeveloperCloud.Services.SpeechToText.v1.TimeStamp</FullName>
          <Methods>
            <Method visited="false" cyclomaticComplexity="1" nPathComplexity="0" sequenceCoverage="0" branchCoverage="0" isConstructor="true" isStatic="false" isGetter="false" isSetter="false">
              <Summary numSequencePoints="0" visitedSequencePoints="0" numBranchPoints="0" visitedBranchPoints="0" sequenceCoverage="0" branchCoverage="0" maxCyclomaticComplexity="1" minCyclomaticComplexity="1" visitedClasses="0" numClasses="0" visitedMethods="0" numMethods="0" />
              <MetadataToken>100664535</MetadataToken>
              <Name>System.Void IBM.Watson.DeveloperCloud.Services.SpeechToText.v1.TimeStamp::.ctor()</Name>
              <SequencePoints />
              <BranchPoints />
              <MethodPoint vc="0" uspid="4035" ordinal="0" offset="0" />
            </Method>
          </Methods>
        </Class>
        <Class>
          <Summary numSequencePoints="0" visitedSequencePoints="0" numBranchPoints="0" visitedBranchPoints="0" sequenceCoverage="0" branchCoverage="0" maxCyclomaticComplexity="1" minCyclomaticComplexity="1" visitedClasses="0" numClasses="0" visitedMethods="0" numMethods="0" />
          <FullName>IBM.Watson.DeveloperCloud.Services.SpeechToText.v1.RegisterStatus</FullName>
          <Methods>
            <Method visited="false" cyclomaticComplexity="1" nPathComplexity="0" sequenceCoverage="0" branchCoverage="0" isConstructor="true" isStatic="false" isGetter="false" isSetter="false">
              <Summary numSequencePoints="0" visitedSequencePoints="0" numBranchPoints="0" visitedBranchPoints="0" sequenceCoverage="0" branchCoverage="0" maxCyclomaticComplexity="1" minCyclomaticComplexity="1" visitedClasses="0" numClasses="0" visitedMethods="0" numMethods="0" />
              <MetadataToken>100664540</MetadataToken>
              <Name>System.Void IBM.Watson.DeveloperCloud.Services.SpeechToText.v1.RegisterStatus::.ctor()</Name>
              <SequencePoints />
              <BranchPoints />
              <MethodPoint vc="0" uspid="4036" ordinal="0" offset="0" />
            </Method>
          </Methods>
        </Class>
        <Class>
          <Summary numSequencePoints="0" visitedSequencePoints="0" numBranchPoints="0" visitedBranchPoints="0" sequenceCoverage="0" branchCoverage="0" maxCyclomaticComplexity="1" minCyclomaticComplexity="1" visitedClasses="0" numClasses="0" visitedMethods="0" numMethods="0" />
          <FullName>IBM.Watson.DeveloperCloud.Services.SpeechToText.v1.JobsStatusList</FullName>
          <Methods>
            <Method visited="false" cyclomaticComplexity="1" nPathComplexity="0" sequenceCoverage="0" branchCoverage="0" isConstructor="true" isStatic="false" isGetter="false" isSetter="false">
              <Summary numSequencePoints="0" visitedSequencePoints="0" numBranchPoints="0" visitedBranchPoints="0" sequenceCoverage="0" branchCoverage="0" maxCyclomaticComplexity="1" minCyclomaticComplexity="1" visitedClasses="0" numClasses="0" visitedMethods="0" numMethods="0" />
              <MetadataToken>100664543</MetadataToken>
              <Name>System.Void IBM.Watson.DeveloperCloud.Services.SpeechToText.v1.JobsStatusList::.ctor()</Name>
              <SequencePoints />
              <BranchPoints />
              <MethodPoint vc="0" uspid="4037" ordinal="0" offset="0" />
            </Method>
          </Methods>
        </Class>
        <Class>
          <Summary numSequencePoints="0" visitedSequencePoints="0" numBranchPoints="0" visitedBranchPoints="0" sequenceCoverage="0" branchCoverage="0" maxCyclomaticComplexity="1" minCyclomaticComplexity="1" visitedClasses="0" numClasses="0" visitedMethods="0" numMethods="0" />
          <FullName>IBM.Watson.DeveloperCloud.Services.SpeechToText.v1.JobStatus</FullName>
          <Methods>
            <Method visited="false" cyclomaticComplexity="1" nPathComplexity="0" sequenceCoverage="0" branchCoverage="0" isConstructor="true" isStatic="false" isGetter="false" isSetter="false">
              <Summary numSequencePoints="0" visitedSequencePoints="0" numBranchPoints="0" visitedBranchPoints="0" sequenceCoverage="0" branchCoverage="0" maxCyclomaticComplexity="1" minCyclomaticComplexity="1" visitedClasses="0" numClasses="0" visitedMethods="0" numMethods="0" />
              <MetadataToken>100664554</MetadataToken>
              <Name>System.Void IBM.Watson.DeveloperCloud.Services.SpeechToText.v1.JobStatus::.ctor()</Name>
              <SequencePoints />
              <BranchPoints />
              <MethodPoint vc="0" uspid="4038" ordinal="0" offset="0" />
            </Method>
          </Methods>
        </Class>
        <Class>
          <Summary numSequencePoints="0" visitedSequencePoints="0" numBranchPoints="0" visitedBranchPoints="0" sequenceCoverage="0" branchCoverage="0" maxCyclomaticComplexity="1" minCyclomaticComplexity="1" visitedClasses="0" numClasses="0" visitedMethods="0" numMethods="0" />
          <FullName>IBM.Watson.DeveloperCloud.Services.SpeechToText.v1.JobStatusNew</FullName>
          <Methods>
            <Method visited="false" cyclomaticComplexity="1" nPathComplexity="0" sequenceCoverage="0" branchCoverage="0" isConstructor="true" isStatic="false" isGetter="false" isSetter="false">
              <Summary numSequencePoints="0" visitedSequencePoints="0" numBranchPoints="0" visitedBranchPoints="0" sequenceCoverage="0" branchCoverage="0" maxCyclomaticComplexity="1" minCyclomaticComplexity="1" visitedClasses="0" numClasses="0" visitedMethods="0" numMethods="0" />
              <MetadataToken>100664563</MetadataToken>
              <Name>System.Void IBM.Watson.DeveloperCloud.Services.SpeechToText.v1.JobStatusNew::.ctor()</Name>
              <SequencePoints />
              <BranchPoints />
              <MethodPoint vc="0" uspid="4039" ordinal="0" offset="0" />
            </Method>
          </Methods>
        </Class>
        <Class>
          <Summary numSequencePoints="0" visitedSequencePoints="0" numBranchPoints="0" visitedBranchPoints="0" sequenceCoverage="0" branchCoverage="0" maxCyclomaticComplexity="1" minCyclomaticComplexity="1" visitedClasses="0" numClasses="0" visitedMethods="0" numMethods="0" />
          <FullName>IBM.Watson.DeveloperCloud.Services.SpeechToText.v1.Customizations</FullName>
          <Methods>
            <Method visited="true" cyclomaticComplexity="1" nPathComplexity="0" sequenceCoverage="0" branchCoverage="0" isConstructor="true" isStatic="false" isGetter="false" isSetter="false">
              <Summary numSequencePoints="0" visitedSequencePoints="0" numBranchPoints="0" visitedBranchPoints="0" sequenceCoverage="0" branchCoverage="0" maxCyclomaticComplexity="1" minCyclomaticComplexity="1" visitedClasses="0" numClasses="0" visitedMethods="0" numMethods="0" />
              <MetadataToken>100664566</MetadataToken>
              <Name>System.Void IBM.Watson.DeveloperCloud.Services.SpeechToText.v1.Customizations::.ctor()</Name>
              <SequencePoints />
              <BranchPoints />
              <MethodPoint vc="1" uspid="4040" ordinal="0" offset="0" />
            </Method>
          </Methods>
        </Class>
        <Class>
          <Summary numSequencePoints="0" visitedSequencePoints="0" numBranchPoints="0" visitedBranchPoints="0" sequenceCoverage="0" branchCoverage="0" maxCyclomaticComplexity="1" minCyclomaticComplexity="1" visitedClasses="0" numClasses="0" visitedMethods="0" numMethods="0" />
          <FullName>IBM.Watson.DeveloperCloud.Services.SpeechToText.v1.Customization</FullName>
          <Methods>
            <Method visited="true" cyclomaticComplexity="1" nPathComplexity="0" sequenceCoverage="0" branchCoverage="0" isConstructor="true" isStatic="false" isGetter="false" isSetter="false">
              <Summary numSequencePoints="0" visitedSequencePoints="0" numBranchPoints="0" visitedBranchPoints="0" sequenceCoverage="0" branchCoverage="0" maxCyclomaticComplexity="1" minCyclomaticComplexity="1" visitedClasses="0" numClasses="0" visitedMethods="0" numMethods="0" />
              <MetadataToken>100664587</MetadataToken>
              <Name>System.Void IBM.Watson.DeveloperCloud.Services.SpeechToText.v1.Customization::.ctor()</Name>
              <SequencePoints />
              <BranchPoints />
              <MethodPoint vc="142" uspid="4041" ordinal="0" offset="0" />
            </Method>
          </Methods>
        </Class>
        <Class>
          <Summary numSequencePoints="0" visitedSequencePoints="0" numBranchPoints="0" visitedBranchPoints="0" sequenceCoverage="0" branchCoverage="0" maxCyclomaticComplexity="1" minCyclomaticComplexity="1" visitedClasses="0" numClasses="0" visitedMethods="0" numMethods="0" />
          <FullName>IBM.Watson.DeveloperCloud.Services.SpeechToText.v1.CustomizationID</FullName>
          <Methods>
            <Method visited="true" cyclomaticComplexity="1" nPathComplexity="0" sequenceCoverage="0" branchCoverage="0" isConstructor="true" isStatic="false" isGetter="false" isSetter="false">
              <Summary numSequencePoints="0" visitedSequencePoints="0" numBranchPoints="0" visitedBranchPoints="0" sequenceCoverage="0" branchCoverage="0" maxCyclomaticComplexity="1" minCyclomaticComplexity="1" visitedClasses="0" numClasses="0" visitedMethods="0" numMethods="0" />
              <MetadataToken>100664590</MetadataToken>
              <Name>System.Void IBM.Watson.DeveloperCloud.Services.SpeechToText.v1.CustomizationID::.ctor()</Name>
              <SequencePoints />
              <BranchPoints />
              <MethodPoint vc="1" uspid="4042" ordinal="0" offset="0" />
            </Method>
          </Methods>
        </Class>
        <Class>
          <Summary numSequencePoints="0" visitedSequencePoints="0" numBranchPoints="0" visitedBranchPoints="0" sequenceCoverage="0" branchCoverage="0" maxCyclomaticComplexity="1" minCyclomaticComplexity="1" visitedClasses="0" numClasses="0" visitedMethods="0" numMethods="0" />
          <FullName>IBM.Watson.DeveloperCloud.Services.SpeechToText.v1.CustomLanguage</FullName>
          <Methods>
            <Method visited="true" cyclomaticComplexity="1" nPathComplexity="0" sequenceCoverage="0" branchCoverage="0" isConstructor="true" isStatic="false" isGetter="false" isSetter="false">
              <Summary numSequencePoints="0" visitedSequencePoints="0" numBranchPoints="0" visitedBranchPoints="0" sequenceCoverage="0" branchCoverage="0" maxCyclomaticComplexity="1" minCyclomaticComplexity="1" visitedClasses="0" numClasses="0" visitedMethods="0" numMethods="0" />
              <MetadataToken>100664597</MetadataToken>
              <Name>System.Void IBM.Watson.DeveloperCloud.Services.SpeechToText.v1.CustomLanguage::.ctor()</Name>
              <SequencePoints />
              <BranchPoints />
              <MethodPoint vc="1" uspid="4043" ordinal="0" offset="0" />
            </Method>
          </Methods>
        </Class>
        <Class>
          <Summary numSequencePoints="0" visitedSequencePoints="0" numBranchPoints="0" visitedBranchPoints="0" sequenceCoverage="0" branchCoverage="0" maxCyclomaticComplexity="1" minCyclomaticComplexity="1" visitedClasses="0" numClasses="0" visitedMethods="0" numMethods="0" />
          <FullName>IBM.Watson.DeveloperCloud.Services.SpeechToText.v1.WordTypeToAdd</FullName>
          <Methods>
            <Method visited="false" cyclomaticComplexity="1" nPathComplexity="0" sequenceCoverage="0" branchCoverage="0" isConstructor="true" isStatic="false" isGetter="false" isSetter="false">
              <Summary numSequencePoints="0" visitedSequencePoints="0" numBranchPoints="0" visitedBranchPoints="0" sequenceCoverage="0" branchCoverage="0" maxCyclomaticComplexity="1" minCyclomaticComplexity="1" visitedClasses="0" numClasses="0" visitedMethods="0" numMethods="0" />
              <MetadataToken>100664598</MetadataToken>
              <Name>System.Void IBM.Watson.DeveloperCloud.Services.SpeechToText.v1.WordTypeToAdd::.ctor()</Name>
              <SequencePoints />
              <BranchPoints />
              <MethodPoint vc="0" uspid="4044" ordinal="0" offset="0" />
            </Method>
          </Methods>
        </Class>
        <Class>
          <Summary numSequencePoints="0" visitedSequencePoints="0" numBranchPoints="0" visitedBranchPoints="0" sequenceCoverage="0" branchCoverage="0" maxCyclomaticComplexity="1" minCyclomaticComplexity="1" visitedClasses="0" numClasses="0" visitedMethods="0" numMethods="0" />
          <FullName>IBM.Watson.DeveloperCloud.Services.SpeechToText.v1.Corpora</FullName>
          <Methods>
            <Method visited="true" cyclomaticComplexity="1" nPathComplexity="0" sequenceCoverage="0" branchCoverage="0" isConstructor="true" isStatic="false" isGetter="false" isSetter="false">
              <Summary numSequencePoints="0" visitedSequencePoints="0" numBranchPoints="0" visitedBranchPoints="0" sequenceCoverage="0" branchCoverage="0" maxCyclomaticComplexity="1" minCyclomaticComplexity="1" visitedClasses="0" numClasses="0" visitedMethods="0" numMethods="0" />
              <MetadataToken>100664601</MetadataToken>
              <Name>System.Void IBM.Watson.DeveloperCloud.Services.SpeechToText.v1.Corpora::.ctor()</Name>
              <SequencePoints />
              <BranchPoints />
              <MethodPoint vc="1" uspid="4045" ordinal="0" offset="0" />
            </Method>
          </Methods>
        </Class>
        <Class>
          <Summary numSequencePoints="0" visitedSequencePoints="0" numBranchPoints="0" visitedBranchPoints="0" sequenceCoverage="0" branchCoverage="0" maxCyclomaticComplexity="1" minCyclomaticComplexity="1" visitedClasses="0" numClasses="0" visitedMethods="0" numMethods="0" />
          <FullName>IBM.Watson.DeveloperCloud.Services.SpeechToText.v1.Corpus</FullName>
          <Methods>
            <Method visited="true" cyclomaticComplexity="1" nPathComplexity="0" sequenceCoverage="0" branchCoverage="0" isConstructor="true" isStatic="false" isGetter="false" isSetter="false">
              <Summary numSequencePoints="0" visitedSequencePoints="0" numBranchPoints="0" visitedBranchPoints="0" sequenceCoverage="0" branchCoverage="0" maxCyclomaticComplexity="1" minCyclomaticComplexity="1" visitedClasses="0" numClasses="0" visitedMethods="0" numMethods="0" />
              <MetadataToken>100664612</MetadataToken>
              <Name>System.Void IBM.Watson.DeveloperCloud.Services.SpeechToText.v1.Corpus::.ctor()</Name>
              <SequencePoints />
              <BranchPoints />
              <MethodPoint vc="1" uspid="4046" ordinal="0" offset="0" />
            </Method>
          </Methods>
        </Class>
        <Class>
          <Summary numSequencePoints="0" visitedSequencePoints="0" numBranchPoints="0" visitedBranchPoints="0" sequenceCoverage="0" branchCoverage="0" maxCyclomaticComplexity="1" minCyclomaticComplexity="1" visitedClasses="0" numClasses="0" visitedMethods="0" numMethods="0" />
          <FullName>IBM.Watson.DeveloperCloud.Services.SpeechToText.v1.WordsList</FullName>
          <Methods>
            <Method visited="true" cyclomaticComplexity="1" nPathComplexity="0" sequenceCoverage="0" branchCoverage="0" isConstructor="true" isStatic="false" isGetter="false" isSetter="false">
              <Summary numSequencePoints="0" visitedSequencePoints="0" numBranchPoints="0" visitedBranchPoints="0" sequenceCoverage="0" branchCoverage="0" maxCyclomaticComplexity="1" minCyclomaticComplexity="1" visitedClasses="0" numClasses="0" visitedMethods="0" numMethods="0" />
              <MetadataToken>100664615</MetadataToken>
              <Name>System.Void IBM.Watson.DeveloperCloud.Services.SpeechToText.v1.WordsList::.ctor()</Name>
              <SequencePoints />
              <BranchPoints />
              <MethodPoint vc="1" uspid="4047" ordinal="0" offset="0" />
            </Method>
          </Methods>
        </Class>
        <Class>
          <Summary numSequencePoints="0" visitedSequencePoints="0" numBranchPoints="0" visitedBranchPoints="0" sequenceCoverage="0" branchCoverage="0" maxCyclomaticComplexity="1" minCyclomaticComplexity="1" visitedClasses="0" numClasses="0" visitedMethods="0" numMethods="0" />
          <FullName>IBM.Watson.DeveloperCloud.Services.SpeechToText.v1.WordData</FullName>
          <Methods>
            <Method visited="true" cyclomaticComplexity="1" nPathComplexity="0" sequenceCoverage="0" branchCoverage="0" isConstructor="true" isStatic="false" isGetter="false" isSetter="false">
              <Summary numSequencePoints="0" visitedSequencePoints="0" numBranchPoints="0" visitedBranchPoints="0" sequenceCoverage="0" branchCoverage="0" maxCyclomaticComplexity="1" minCyclomaticComplexity="1" visitedClasses="0" numClasses="0" visitedMethods="0" numMethods="0" />
              <MetadataToken>100664626</MetadataToken>
              <Name>System.Void IBM.Watson.DeveloperCloud.Services.SpeechToText.v1.WordData::.ctor()</Name>
              <SequencePoints />
              <BranchPoints />
              <MethodPoint vc="1" uspid="4048" ordinal="0" offset="0" />
            </Method>
          </Methods>
        </Class>
        <Class>
          <Summary numSequencePoints="0" visitedSequencePoints="0" numBranchPoints="0" visitedBranchPoints="0" sequenceCoverage="0" branchCoverage="0" maxCyclomaticComplexity="1" minCyclomaticComplexity="1" visitedClasses="0" numClasses="0" visitedMethods="0" numMethods="0" />
          <FullName>IBM.Watson.DeveloperCloud.Services.SpeechToText.v1.WordType</FullName>
          <Methods>
            <Method visited="false" cyclomaticComplexity="1" nPathComplexity="0" sequenceCoverage="0" branchCoverage="0" isConstructor="true" isStatic="false" isGetter="false" isSetter="false">
              <Summary numSequencePoints="0" visitedSequencePoints="0" numBranchPoints="0" visitedBranchPoints="0" sequenceCoverage="0" branchCoverage="0" maxCyclomaticComplexity="1" minCyclomaticComplexity="1" visitedClasses="0" numClasses="0" visitedMethods="0" numMethods="0" />
              <MetadataToken>100664627</MetadataToken>
              <Name>System.Void IBM.Watson.DeveloperCloud.Services.SpeechToText.v1.WordType::.ctor()</Name>
              <SequencePoints />
              <BranchPoints />
              <MethodPoint vc="0" uspid="4049" ordinal="0" offset="0" />
            </Method>
          </Methods>
        </Class>
        <Class>
          <Summary numSequencePoints="0" visitedSequencePoints="0" numBranchPoints="0" visitedBranchPoints="0" sequenceCoverage="0" branchCoverage="0" maxCyclomaticComplexity="1" minCyclomaticComplexity="1" visitedClasses="0" numClasses="0" visitedMethods="0" numMethods="0" />
          <FullName>IBM.Watson.DeveloperCloud.Services.SpeechToText.v1.Words</FullName>
          <Methods>
            <Method visited="true" cyclomaticComplexity="1" nPathComplexity="0" sequenceCoverage="0" branchCoverage="0" isConstructor="true" isStatic="false" isGetter="false" isSetter="false">
              <Summary numSequencePoints="0" visitedSequencePoints="0" numBranchPoints="0" visitedBranchPoints="0" sequenceCoverage="0" branchCoverage="0" maxCyclomaticComplexity="1" minCyclomaticComplexity="1" visitedClasses="0" numClasses="0" visitedMethods="0" numMethods="0" />
              <MetadataToken>100664630</MetadataToken>
              <Name>System.Void IBM.Watson.DeveloperCloud.Services.SpeechToText.v1.Words::.ctor()</Name>
              <SequencePoints />
              <BranchPoints />
              <MethodPoint vc="1" uspid="4050" ordinal="0" offset="0" />
            </Method>
          </Methods>
        </Class>
        <Class>
          <Summary numSequencePoints="0" visitedSequencePoints="0" numBranchPoints="0" visitedBranchPoints="0" sequenceCoverage="0" branchCoverage="0" maxCyclomaticComplexity="1" minCyclomaticComplexity="1" visitedClasses="0" numClasses="0" visitedMethods="0" numMethods="0" />
          <FullName>IBM.Watson.DeveloperCloud.Services.SpeechToText.v1.Word</FullName>
          <Methods>
            <Method visited="true" cyclomaticComplexity="1" nPathComplexity="0" sequenceCoverage="0" branchCoverage="0" isConstructor="true" isStatic="false" isGetter="false" isSetter="false">
              <Summary numSequencePoints="0" visitedSequencePoints="0" numBranchPoints="0" visitedBranchPoints="0" sequenceCoverage="0" branchCoverage="0" maxCyclomaticComplexity="1" minCyclomaticComplexity="1" visitedClasses="0" numClasses="0" visitedMethods="0" numMethods="0" />
              <MetadataToken>100664637</MetadataToken>
              <Name>System.Void IBM.Watson.DeveloperCloud.Services.SpeechToText.v1.Word::.ctor()</Name>
              <SequencePoints />
              <BranchPoints />
              <MethodPoint vc="3" uspid="4051" ordinal="0" offset="0" />
            </Method>
          </Methods>
        </Class>
        <Class>
          <Summary numSequencePoints="783" visitedSequencePoints="419" numBranchPoints="457" visitedBranchPoints="171" sequenceCoverage="53.51" branchCoverage="37.42" maxCyclomaticComplexity="17" minCyclomaticComplexity="1" visitedClasses="1" numClasses="1" visitedMethods="40" numMethods="77" />
          <FullName>IBM.Watson.DeveloperCloud.Services.SpeechToText.v1.SpeechToText</FullName>
          <Methods>
            <Method visited="true" cyclomaticComplexity="1" nPathComplexity="0" sequenceCoverage="100" branchCoverage="100" isConstructor="false" isStatic="false" isGetter="true" isSetter="false">
              <Summary numSequencePoints="1" visitedSequencePoints="1" numBranchPoints="1" visitedBranchPoints="1" sequenceCoverage="100" branchCoverage="100" maxCyclomaticComplexity="1" minCyclomaticComplexity="1" visitedClasses="0" numClasses="0" visitedMethods="1" numMethods="1" />
              <MetadataToken>100664638</MetadataToken>
              <Name>IBM.Watson.DeveloperCloud.Services.SpeechToText.v1.SpeechToText/LoadFileDelegate IBM.Watson.DeveloperCloud.Services.SpeechToText.v1.SpeechToText::get_LoadFile()</Name>
              <FileRef uid="164" />
              <SequencePoints>
                <SequencePoint vc="1" uspid="4052" ordinal="0" offset="0" sl="81" sc="40" el="81" ec="44" bec="0" bev="0" fileid="164" />
              </SequencePoints>
              <BranchPoints />
              <MethodPoint xsi:type="SequencePoint" vc="1" uspid="4052" ordinal="0" offset="0" sl="81" sc="40" el="81" ec="44" bec="0" bev="0" fileid="164" />
            </Method>
            <Method visited="false" cyclomaticComplexity="1" nPathComplexity="0" sequenceCoverage="0" branchCoverage="0" isConstructor="false" isStatic="false" isGetter="false" isSetter="true">
              <Summary numSequencePoints="1" visitedSequencePoints="0" numBranchPoints="1" visitedBranchPoints="0" sequenceCoverage="0" branchCoverage="0" maxCyclomaticComplexity="1" minCyclomaticComplexity="1" visitedClasses="0" numClasses="0" visitedMethods="0" numMethods="1" />
              <MetadataToken>100664639</MetadataToken>
              <Name>System.Void IBM.Watson.DeveloperCloud.Services.SpeechToText.v1.SpeechToText::set_LoadFile(IBM.Watson.DeveloperCloud.Services.SpeechToText.v1.SpeechToText/LoadFileDelegate)</Name>
              <FileRef uid="164" />
              <SequencePoints>
                <SequencePoint vc="0" uspid="4053" ordinal="0" offset="0" sl="81" sc="45" el="81" ec="49" bec="0" bev="0" fileid="164" />
              </SequencePoints>
              <BranchPoints />
              <MethodPoint xsi:type="SequencePoint" vc="0" uspid="4053" ordinal="0" offset="0" sl="81" sc="45" el="81" ec="49" bec="0" bev="0" fileid="164" />
            </Method>
            <Method visited="false" cyclomaticComplexity="1" nPathComplexity="0" sequenceCoverage="0" branchCoverage="0" isConstructor="false" isStatic="false" isGetter="true" isSetter="false">
              <Summary numSequencePoints="1" visitedSequencePoints="0" numBranchPoints="1" visitedBranchPoints="0" sequenceCoverage="0" branchCoverage="0" maxCyclomaticComplexity="1" minCyclomaticComplexity="1" visitedClasses="0" numClasses="0" visitedMethods="0" numMethods="1" />
              <MetadataToken>100664640</MetadataToken>
              <Name>System.Boolean IBM.Watson.DeveloperCloud.Services.SpeechToText.v1.SpeechToText::get_IsListening()</Name>
              <FileRef uid="164" />
              <SequencePoints>
                <SequencePoint vc="0" uspid="4054" ordinal="0" offset="0" sl="108" sc="37" el="108" ec="58" bec="0" bev="0" fileid="164" />
              </SequencePoints>
              <BranchPoints />
              <MethodPoint xsi:type="SequencePoint" vc="0" uspid="4054" ordinal="0" offset="0" sl="108" sc="37" el="108" ec="58" bec="0" bev="0" fileid="164" />
            </Method>
            <Method visited="false" cyclomaticComplexity="1" nPathComplexity="0" sequenceCoverage="0" branchCoverage="0" isConstructor="false" isStatic="false" isGetter="false" isSetter="true">
              <Summary numSequencePoints="2" visitedSequencePoints="0" numBranchPoints="1" visitedBranchPoints="0" sequenceCoverage="0" branchCoverage="0" maxCyclomaticComplexity="1" minCyclomaticComplexity="1" visitedClasses="0" numClasses="0" visitedMethods="0" numMethods="1" />
              <MetadataToken>100664641</MetadataToken>
              <Name>System.Void IBM.Watson.DeveloperCloud.Services.SpeechToText.v1.SpeechToText::set_IsListening(System.Boolean)</Name>
              <FileRef uid="164" />
              <SequencePoints>
                <SequencePoint vc="0" uspid="4055" ordinal="0" offset="0" sl="108" sc="75" el="108" ec="97" bec="0" bev="0" fileid="164" />
                <SequencePoint vc="0" uspid="4056" ordinal="1" offset="7" sl="108" sc="98" el="108" ec="99" bec="0" bev="0" fileid="164" />
              </SequencePoints>
              <BranchPoints />
              <MethodPoint xsi:type="SequencePoint" vc="0" uspid="4055" ordinal="0" offset="0" sl="108" sc="75" el="108" ec="97" bec="0" bev="0" fileid="164" />
            </Method>
            <Method visited="false" cyclomaticComplexity="1" nPathComplexity="0" sequenceCoverage="0" branchCoverage="0" isConstructor="false" isStatic="false" isGetter="true" isSetter="false">
              <Summary numSequencePoints="1" visitedSequencePoints="0" numBranchPoints="1" visitedBranchPoints="0" sequenceCoverage="0" branchCoverage="0" maxCyclomaticComplexity="1" minCyclomaticComplexity="1" visitedClasses="0" numClasses="0" visitedMethods="0" numMethods="1" />
              <MetadataToken>100664642</MetadataToken>
              <Name>System.Boolean IBM.Watson.DeveloperCloud.Services.SpeechToText.v1.SpeechToText::get_AudioSent()</Name>
              <FileRef uid="164" />
              <SequencePoints>
                <SequencePoint vc="0" uspid="4057" ordinal="0" offset="0" sl="112" sc="35" el="112" ec="54" bec="0" bev="0" fileid="164" />
              </SequencePoints>
              <BranchPoints />
              <MethodPoint xsi:type="SequencePoint" vc="0" uspid="4057" ordinal="0" offset="0" sl="112" sc="35" el="112" ec="54" bec="0" bev="0" fileid="164" />
            </Method>
            <Method visited="false" cyclomaticComplexity="1" nPathComplexity="0" sequenceCoverage="0" branchCoverage="0" isConstructor="false" isStatic="false" isGetter="true" isSetter="false">
              <Summary numSequencePoints="1" visitedSequencePoints="0" numBranchPoints="1" visitedBranchPoints="0" sequenceCoverage="0" branchCoverage="0" maxCyclomaticComplexity="1" minCyclomaticComplexity="1" visitedClasses="0" numClasses="0" visitedMethods="0" numMethods="1" />
              <MetadataToken>100664643</MetadataToken>
              <Name>IBM.Watson.DeveloperCloud.Services.SpeechToText.v1.SpeechToText/ErrorEvent IBM.Watson.DeveloperCloud.Services.SpeechToText.v1.SpeechToText::get_OnError()</Name>
              <FileRef uid="164" />
              <SequencePoints>
                <SequencePoint vc="0" uspid="4058" ordinal="0" offset="0" sl="116" sc="33" el="116" ec="37" bec="0" bev="0" fileid="164" />
              </SequencePoints>
              <BranchPoints />
              <MethodPoint xsi:type="SequencePoint" vc="0" uspid="4058" ordinal="0" offset="0" sl="116" sc="33" el="116" ec="37" bec="0" bev="0" fileid="164" />
            </Method>
            <Method visited="false" cyclomaticComplexity="1" nPathComplexity="0" sequenceCoverage="0" branchCoverage="0" isConstructor="false" isStatic="false" isGetter="false" isSetter="true">
              <Summary numSequencePoints="1" visitedSequencePoints="0" numBranchPoints="1" visitedBranchPoints="0" sequenceCoverage="0" branchCoverage="0" maxCyclomaticComplexity="1" minCyclomaticComplexity="1" visitedClasses="0" numClasses="0" visitedMethods="0" numMethods="1" />
              <MetadataToken>100664644</MetadataToken>
              <Name>System.Void IBM.Watson.DeveloperCloud.Services.SpeechToText.v1.SpeechToText::set_OnError(IBM.Watson.DeveloperCloud.Services.SpeechToText.v1.SpeechToText/ErrorEvent)</Name>
              <FileRef uid="164" />
              <SequencePoints>
                <SequencePoint vc="0" uspid="4059" ordinal="0" offset="0" sl="116" sc="38" el="116" ec="42" bec="0" bev="0" fileid="164" />
              </SequencePoints>
              <BranchPoints />
              <MethodPoint xsi:type="SequencePoint" vc="0" uspid="4059" ordinal="0" offset="0" sl="116" sc="38" el="116" ec="42" bec="0" bev="0" fileid="164" />
            </Method>
            <Method visited="false" cyclomaticComplexity="1" nPathComplexity="0" sequenceCoverage="0" branchCoverage="0" isConstructor="false" isStatic="false" isGetter="true" isSetter="false">
              <Summary numSequencePoints="1" visitedSequencePoints="0" numBranchPoints="1" visitedBranchPoints="0" sequenceCoverage="0" branchCoverage="0" maxCyclomaticComplexity="1" minCyclomaticComplexity="1" visitedClasses="0" numClasses="0" visitedMethods="0" numMethods="1" />
              <MetadataToken>100664645</MetadataToken>
              <Name>System.String IBM.Watson.DeveloperCloud.Services.SpeechToText.v1.SpeechToText::get_RecognizeModel()</Name>
              <FileRef uid="164" />
              <SequencePoints>
                <SequencePoint vc="0" uspid="4060" ordinal="0" offset="0" sl="122" sc="13" el="122" ec="37" bec="0" bev="0" fileid="164" />
              </SequencePoints>
              <BranchPoints />
              <MethodPoint xsi:type="SequencePoint" vc="0" uspid="4060" ordinal="0" offset="0" sl="122" sc="13" el="122" ec="37" bec="0" bev="0" fileid="164" />
            </Method>
            <Method visited="false" cyclomaticComplexity="2" nPathComplexity="2" sequenceCoverage="0" branchCoverage="0" isConstructor="false" isStatic="false" isGetter="false" isSetter="true">
              <Summary numSequencePoints="4" visitedSequencePoints="0" numBranchPoints="3" visitedBranchPoints="0" sequenceCoverage="0" branchCoverage="0" maxCyclomaticComplexity="2" minCyclomaticComplexity="2" visitedClasses="0" numClasses="0" visitedMethods="0" numMethods="1" />
              <MetadataToken>100664646</MetadataToken>
              <Name>System.Void IBM.Watson.DeveloperCloud.Services.SpeechToText.v1.SpeechToText::set_RecognizeModel(System.String)</Name>
              <FileRef uid="164" />
              <SequencePoints>
                <SequencePoint vc="0" uspid="4061" ordinal="0" offset="0" sl="125" sc="9" el="125" ec="39" bec="2" bev="0" fileid="164" />
                <SequencePoint vc="0" uspid="4062" ordinal="1" offset="14" sl="127" sc="11" el="127" ec="36" bec="0" bev="0" fileid="164" />
                <SequencePoint vc="0" uspid="4063" ordinal="2" offset="21" sl="128" sc="11" el="128" ec="27" bec="0" bev="0" fileid="164" />
                <SequencePoint vc="0" uspid="4064" ordinal="3" offset="28" sl="130" sc="7" el="130" ec="8" bec="0" bev="0" fileid="164" />
              </SequencePoints>
              <BranchPoints>
                <BranchPoint vc="0" uspid="4065" ordinal="0" offset="12" sl="125" path="0" offsetend="14" fileid="164" />
                <BranchPoint vc="0" uspid="4066" ordinal="1" offset="12" sl="125" path="1" offsetend="28" fileid="164" />
              </BranchPoints>
              <MethodPoint xsi:type="SequencePoint" vc="0" uspid="4061" ordinal="0" offset="0" sl="125" sc="9" el="125" ec="39" bec="2" bev="0" fileid="164" />
            </Method>
            <Method visited="false" cyclomaticComplexity="1" nPathComplexity="0" sequenceCoverage="0" branchCoverage="0" isConstructor="false" isStatic="false" isGetter="true" isSetter="false">
              <Summary numSequencePoints="1" visitedSequencePoints="0" numBranchPoints="1" visitedBranchPoints="0" sequenceCoverage="0" branchCoverage="0" maxCyclomaticComplexity="1" minCyclomaticComplexity="1" visitedClasses="0" numClasses="0" visitedMethods="0" numMethods="1" />
              <MetadataToken>100664647</MetadataToken>
              <Name>System.Int32 IBM.Watson.DeveloperCloud.Services.SpeechToText.v1.SpeechToText::get_MaxAlternatives()</Name>
              <FileRef uid="164" />
              <SequencePoints>
                <SequencePoint vc="0" uspid="4067" ordinal="0" offset="0" sl="135" sc="40" el="135" ec="65" bec="0" bev="0" fileid="164" />
              </SequencePoints>
              <BranchPoints />
              <MethodPoint xsi:type="SequencePoint" vc="0" uspid="4067" ordinal="0" offset="0" sl="135" sc="40" el="135" ec="65" bec="0" bev="0" fileid="164" />
            </Method>
            <Method visited="false" cyclomaticComplexity="1" nPathComplexity="0" sequenceCoverage="0" branchCoverage="0" isConstructor="false" isStatic="false" isGetter="false" isSetter="true">
              <Summary numSequencePoints="2" visitedSequencePoints="0" numBranchPoints="1" visitedBranchPoints="0" sequenceCoverage="0" branchCoverage="0" maxCyclomaticComplexity="1" minCyclomaticComplexity="1" visitedClasses="0" numClasses="0" visitedMethods="0" numMethods="1" />
              <MetadataToken>100664648</MetadataToken>
              <Name>System.Void IBM.Watson.DeveloperCloud.Services.SpeechToText.v1.SpeechToText::set_MaxAlternatives(System.Int32)</Name>
              <FileRef uid="164" />
              <SequencePoints>
                <SequencePoint vc="0" uspid="4068" ordinal="0" offset="0" sl="135" sc="74" el="135" ec="100" bec="0" bev="0" fileid="164" />
                <SequencePoint vc="0" uspid="4069" ordinal="1" offset="7" sl="135" sc="101" el="135" ec="102" bec="0" bev="0" fileid="164" />
              </SequencePoints>
              <BranchPoints />
              <MethodPoint xsi:type="SequencePoint" vc="0" uspid="4068" ordinal="0" offset="0" sl="135" sc="74" el="135" ec="100" bec="0" bev="0" fileid="164" />
            </Method>
            <Method visited="false" cyclomaticComplexity="1" nPathComplexity="0" sequenceCoverage="0" branchCoverage="0" isConstructor="false" isStatic="false" isGetter="true" isSetter="false">
              <Summary numSequencePoints="1" visitedSequencePoints="0" numBranchPoints="1" visitedBranchPoints="0" sequenceCoverage="0" branchCoverage="0" maxCyclomaticComplexity="1" minCyclomaticComplexity="1" visitedClasses="0" numClasses="0" visitedMethods="0" numMethods="1" />
              <MetadataToken>100664649</MetadataToken>
              <Name>System.Boolean IBM.Watson.DeveloperCloud.Services.SpeechToText.v1.SpeechToText::get_EnableTimestamps()</Name>
              <FileRef uid="164" />
              <SequencePoints>
                <SequencePoint vc="0" uspid="4070" ordinal="0" offset="0" sl="139" sc="42" el="139" ec="62" bec="0" bev="0" fileid="164" />
              </SequencePoints>
              <BranchPoints />
              <MethodPoint xsi:type="SequencePoint" vc="0" uspid="4070" ordinal="0" offset="0" sl="139" sc="42" el="139" ec="62" bec="0" bev="0" fileid="164" />
            </Method>
            <Method visited="false" cyclomaticComplexity="1" nPathComplexity="0" sequenceCoverage="0" branchCoverage="0" isConstructor="false" isStatic="false" isGetter="false" isSetter="true">
              <Summary numSequencePoints="2" visitedSequencePoints="0" numBranchPoints="1" visitedBranchPoints="0" sequenceCoverage="0" branchCoverage="0" maxCyclomaticComplexity="1" minCyclomaticComplexity="1" visitedClasses="0" numClasses="0" visitedMethods="0" numMethods="1" />
              <MetadataToken>100664650</MetadataToken>
              <Name>System.Void IBM.Watson.DeveloperCloud.Services.SpeechToText.v1.SpeechToText::set_EnableTimestamps(System.Boolean)</Name>
              <FileRef uid="164" />
              <SequencePoints>
                <SequencePoint vc="0" uspid="4071" ordinal="0" offset="0" sl="139" sc="71" el="139" ec="92" bec="0" bev="0" fileid="164" />
                <SequencePoint vc="0" uspid="4072" ordinal="1" offset="7" sl="139" sc="93" el="139" ec="94" bec="0" bev="0" fileid="164" />
              </SequencePoints>
              <BranchPoints />
              <MethodPoint xsi:type="SequencePoint" vc="0" uspid="4071" ordinal="0" offset="0" sl="139" sc="71" el="139" ec="92" bec="0" bev="0" fileid="164" />
            </Method>
            <Method visited="false" cyclomaticComplexity="1" nPathComplexity="0" sequenceCoverage="0" branchCoverage="0" isConstructor="false" isStatic="false" isGetter="true" isSetter="false">
              <Summary numSequencePoints="1" visitedSequencePoints="0" numBranchPoints="1" visitedBranchPoints="0" sequenceCoverage="0" branchCoverage="0" maxCyclomaticComplexity="1" minCyclomaticComplexity="1" visitedClasses="0" numClasses="0" visitedMethods="0" numMethods="1" />
              <MetadataToken>100664651</MetadataToken>
              <Name>System.Boolean IBM.Watson.DeveloperCloud.Services.SpeechToText.v1.SpeechToText::get_EnableWordConfidence()</Name>
              <FileRef uid="164" />
              <SequencePoints>
                <SequencePoint vc="0" uspid="4073" ordinal="0" offset="0" sl="143" sc="46" el="143" ec="70" bec="0" bev="0" fileid="164" />
              </SequencePoints>
              <BranchPoints />
              <MethodPoint xsi:type="SequencePoint" vc="0" uspid="4073" ordinal="0" offset="0" sl="143" sc="46" el="143" ec="70" bec="0" bev="0" fileid="164" />
            </Method>
            <Method visited="false" cyclomaticComplexity="1" nPathComplexity="0" sequenceCoverage="0" branchCoverage="0" isConstructor="false" isStatic="false" isGetter="false" isSetter="true">
              <Summary numSequencePoints="2" visitedSequencePoints="0" numBranchPoints="1" visitedBranchPoints="0" sequenceCoverage="0" branchCoverage="0" maxCyclomaticComplexity="1" minCyclomaticComplexity="1" visitedClasses="0" numClasses="0" visitedMethods="0" numMethods="1" />
              <MetadataToken>100664652</MetadataToken>
              <Name>System.Void IBM.Watson.DeveloperCloud.Services.SpeechToText.v1.SpeechToText::set_EnableWordConfidence(System.Boolean)</Name>
              <FileRef uid="164" />
              <SequencePoints>
                <SequencePoint vc="0" uspid="4074" ordinal="0" offset="0" sl="143" sc="79" el="143" ec="104" bec="0" bev="0" fileid="164" />
                <SequencePoint vc="0" uspid="4075" ordinal="1" offset="7" sl="143" sc="105" el="143" ec="106" bec="0" bev="0" fileid="164" />
              </SequencePoints>
              <BranchPoints />
              <MethodPoint xsi:type="SequencePoint" vc="0" uspid="4074" ordinal="0" offset="0" sl="143" sc="79" el="143" ec="104" bec="0" bev="0" fileid="164" />
            </Method>
            <Method visited="false" cyclomaticComplexity="1" nPathComplexity="0" sequenceCoverage="0" branchCoverage="0" isConstructor="false" isStatic="false" isGetter="true" isSetter="false">
              <Summary numSequencePoints="1" visitedSequencePoints="0" numBranchPoints="1" visitedBranchPoints="0" sequenceCoverage="0" branchCoverage="0" maxCyclomaticComplexity="1" minCyclomaticComplexity="1" visitedClasses="0" numClasses="0" visitedMethods="0" numMethods="1" />
              <MetadataToken>100664653</MetadataToken>
              <Name>System.Boolean IBM.Watson.DeveloperCloud.Services.SpeechToText.v1.SpeechToText::get_EnableContinousRecognition()</Name>
              <FileRef uid="164" />
              <SequencePoints>
                <SequencePoint vc="0" uspid="4076" ordinal="0" offset="0" sl="147" sc="46" el="147" ec="50" bec="0" bev="0" fileid="164" />
              </SequencePoints>
              <BranchPoints />
              <MethodPoint xsi:type="SequencePoint" vc="0" uspid="4076" ordinal="0" offset="0" sl="147" sc="46" el="147" ec="50" bec="0" bev="0" fileid="164" />
            </Method>
            <Method visited="false" cyclomaticComplexity="1" nPathComplexity="0" sequenceCoverage="0" branchCoverage="0" isConstructor="false" isStatic="false" isGetter="false" isSetter="true">
              <Summary numSequencePoints="1" visitedSequencePoints="0" numBranchPoints="1" visitedBranchPoints="0" sequenceCoverage="0" branchCoverage="0" maxCyclomaticComplexity="1" minCyclomaticComplexity="1" visitedClasses="0" numClasses="0" visitedMethods="0" numMethods="1" />
              <MetadataToken>100664654</MetadataToken>
              <Name>System.Void IBM.Watson.DeveloperCloud.Services.SpeechToText.v1.SpeechToText::set_EnableContinousRecognition(System.Boolean)</Name>
              <FileRef uid="164" />
              <SequencePoints>
                <SequencePoint vc="0" uspid="4077" ordinal="0" offset="0" sl="147" sc="51" el="147" ec="55" bec="0" bev="0" fileid="164" />
              </SequencePoints>
              <BranchPoints />
              <MethodPoint xsi:type="SequencePoint" vc="0" uspid="4077" ordinal="0" offset="0" sl="147" sc="51" el="147" ec="55" bec="0" bev="0" fileid="164" />
            </Method>
            <Method visited="false" cyclomaticComplexity="1" nPathComplexity="0" sequenceCoverage="0" branchCoverage="0" isConstructor="false" isStatic="false" isGetter="true" isSetter="false">
              <Summary numSequencePoints="1" visitedSequencePoints="0" numBranchPoints="1" visitedBranchPoints="0" sequenceCoverage="0" branchCoverage="0" maxCyclomaticComplexity="1" minCyclomaticComplexity="1" visitedClasses="0" numClasses="0" visitedMethods="0" numMethods="1" />
              <MetadataToken>100664655</MetadataToken>
              <Name>System.Boolean IBM.Watson.DeveloperCloud.Services.SpeechToText.v1.SpeechToText::get_EnableInterimResults()</Name>
              <FileRef uid="164" />
              <SequencePoints>
                <SequencePoint vc="0" uspid="4078" ordinal="0" offset="0" sl="152" sc="40" el="152" ec="44" bec="0" bev="0" fileid="164" />
              </SequencePoints>
              <BranchPoints />
              <MethodPoint xsi:type="SequencePoint" vc="0" uspid="4078" ordinal="0" offset="0" sl="152" sc="40" el="152" ec="44" bec="0" bev="0" fileid="164" />
            </Method>
            <Method visited="false" cyclomaticComplexity="1" nPathComplexity="0" sequenceCoverage="0" branchCoverage="0" isConstructor="false" isStatic="false" isGetter="false" isSetter="true">
              <Summary numSequencePoints="1" visitedSequencePoints="0" numBranchPoints="1" visitedBranchPoints="0" sequenceCoverage="0" branchCoverage="0" maxCyclomaticComplexity="1" minCyclomaticComplexity="1" visitedClasses="0" numClasses="0" visitedMethods="0" numMethods="1" />
              <MetadataToken>100664656</MetadataToken>
              <Name>System.Void IBM.Watson.DeveloperCloud.Services.SpeechToText.v1.SpeechToText::set_EnableInterimResults(System.Boolean)</Name>
              <FileRef uid="164" />
              <SequencePoints>
                <SequencePoint vc="0" uspid="4079" ordinal="0" offset="0" sl="152" sc="45" el="152" ec="49" bec="0" bev="0" fileid="164" />
              </SequencePoints>
              <BranchPoints />
              <MethodPoint xsi:type="SequencePoint" vc="0" uspid="4079" ordinal="0" offset="0" sl="152" sc="45" el="152" ec="49" bec="0" bev="0" fileid="164" />
            </Method>
            <Method visited="false" cyclomaticComplexity="1" nPathComplexity="0" sequenceCoverage="0" branchCoverage="0" isConstructor="false" isStatic="false" isGetter="true" isSetter="false">
              <Summary numSequencePoints="1" visitedSequencePoints="0" numBranchPoints="1" visitedBranchPoints="0" sequenceCoverage="0" branchCoverage="0" maxCyclomaticComplexity="1" minCyclomaticComplexity="1" visitedClasses="0" numClasses="0" visitedMethods="0" numMethods="1" />
              <MetadataToken>100664657</MetadataToken>
              <Name>System.Boolean IBM.Watson.DeveloperCloud.Services.SpeechToText.v1.SpeechToText::get_DetectSilence()</Name>
              <FileRef uid="164" />
              <SequencePoints>
                <SequencePoint vc="0" uspid="4080" ordinal="0" offset="0" sl="157" sc="39" el="157" ec="62" bec="0" bev="0" fileid="164" />
              </SequencePoints>
              <BranchPoints />
              <MethodPoint xsi:type="SequencePoint" vc="0" uspid="4080" ordinal="0" offset="0" sl="157" sc="39" el="157" ec="62" bec="0" bev="0" fileid="164" />
            </Method>
            <Method visited="false" cyclomaticComplexity="1" nPathComplexity="0" sequenceCoverage="0" branchCoverage="0" isConstructor="false" isStatic="false" isGetter="false" isSetter="true">
              <Summary numSequencePoints="2" visitedSequencePoints="0" numBranchPoints="1" visitedBranchPoints="0" sequenceCoverage="0" branchCoverage="0" maxCyclomaticComplexity="1" minCyclomaticComplexity="1" visitedClasses="0" numClasses="0" visitedMethods="0" numMethods="1" />
              <MetadataToken>100664658</MetadataToken>
              <Name>System.Void IBM.Watson.DeveloperCloud.Services.SpeechToText.v1.SpeechToText::set_DetectSilence(System.Boolean)</Name>
              <FileRef uid="164" />
              <SequencePoints>
                <SequencePoint vc="0" uspid="4081" ordinal="0" offset="0" sl="157" sc="71" el="157" ec="95" bec="0" bev="0" fileid="164" />
                <SequencePoint vc="0" uspid="4082" ordinal="1" offset="7" sl="157" sc="96" el="157" ec="97" bec="0" bev="0" fileid="164" />
              </SequencePoints>
              <BranchPoints />
              <MethodPoint xsi:type="SequencePoint" vc="0" uspid="4081" ordinal="0" offset="0" sl="157" sc="71" el="157" ec="95" bec="0" bev="0" fileid="164" />
            </Method>
            <Method visited="false" cyclomaticComplexity="1" nPathComplexity="0" sequenceCoverage="0" branchCoverage="0" isConstructor="false" isStatic="false" isGetter="true" isSetter="false">
              <Summary numSequencePoints="1" visitedSequencePoints="0" numBranchPoints="1" visitedBranchPoints="0" sequenceCoverage="0" branchCoverage="0" maxCyclomaticComplexity="1" minCyclomaticComplexity="1" visitedClasses="0" numClasses="0" visitedMethods="0" numMethods="1" />
              <MetadataToken>100664659</MetadataToken>
              <Name>System.Single IBM.Watson.DeveloperCloud.Services.SpeechToText.v1.SpeechToText::get_SilenceThreshold()</Name>
              <FileRef uid="164" />
              <SequencePoints>
                <SequencePoint vc="0" uspid="4083" ordinal="0" offset="0" sl="162" sc="43" el="162" ec="69" bec="0" bev="0" fileid="164" />
              </SequencePoints>
              <BranchPoints />
              <MethodPoint xsi:type="SequencePoint" vc="0" uspid="4083" ordinal="0" offset="0" sl="162" sc="43" el="162" ec="69" bec="0" bev="0" fileid="164" />
            </Method>
            <Method visited="false" cyclomaticComplexity="1" nPathComplexity="0" sequenceCoverage="0" branchCoverage="0" isConstructor="false" isStatic="false" isGetter="false" isSetter="true">
              <Summary numSequencePoints="2" visitedSequencePoints="0" numBranchPoints="1" visitedBranchPoints="0" sequenceCoverage="0" branchCoverage="0" maxCyclomaticComplexity="1" minCyclomaticComplexity="1" visitedClasses="0" numClasses="0" visitedMethods="0" numMethods="1" />
              <MetadataToken>100664660</MetadataToken>
              <Name>System.Void IBM.Watson.DeveloperCloud.Services.SpeechToText.v1.SpeechToText::set_SilenceThreshold(System.Single)</Name>
              <FileRef uid="164" />
              <SequencePoints>
                <SequencePoint vc="0" uspid="4084" ordinal="0" offset="0" sl="162" sc="78" el="162" ec="105" bec="0" bev="0" fileid="164" />
                <SequencePoint vc="0" uspid="4085" ordinal="1" offset="7" sl="162" sc="106" el="162" ec="107" bec="0" bev="0" fileid="164" />
              </SequencePoints>
              <BranchPoints />
              <MethodPoint xsi:type="SequencePoint" vc="0" uspid="4084" ordinal="0" offset="0" sl="162" sc="78" el="162" ec="105" bec="0" bev="0" fileid="164" />
            </Method>
            <Method visited="true" cyclomaticComplexity="2" nPathComplexity="2" sequenceCoverage="85.71" branchCoverage="66.67" isConstructor="false" isStatic="false" isGetter="false" isSetter="false">
              <Summary numSequencePoints="7" visitedSequencePoints="6" numBranchPoints="3" visitedBranchPoints="2" sequenceCoverage="85.71" branchCoverage="66.67" maxCyclomaticComplexity="2" minCyclomaticComplexity="2" visitedClasses="0" numClasses="0" visitedMethods="1" numMethods="1" />
              <MetadataToken>100664661</MetadataToken>
              <Name>System.Boolean IBM.Watson.DeveloperCloud.Services.SpeechToText.v1.SpeechToText::GetModels(IBM.Watson.DeveloperCloud.Services.SpeechToText.v1.SpeechToText/OnGetModels)</Name>
              <FileRef uid="164" />
              <SequencePoints>
                <SequencePoint vc="1" uspid="4086" ordinal="0" offset="0" sl="181" sc="7" el="181" ec="86" bec="0" bev="0" fileid="164" />
                <SequencePoint vc="1" uspid="4087" ordinal="1" offset="17" sl="182" sc="7" el="182" ec="29" bec="2" bev="1" fileid="164" />
                <SequencePoint vc="0" uspid="4088" ordinal="2" offset="20" sl="183" sc="9" el="183" ec="22" bec="0" bev="0" fileid="164" />
                <SequencePoint vc="1" uspid="4089" ordinal="3" offset="22" sl="185" sc="7" el="185" ec="53" bec="0" bev="0" fileid="164" />
                <SequencePoint vc="1" uspid="4090" ordinal="4" offset="28" sl="186" sc="7" el="186" ec="31" bec="0" bev="0" fileid="164" />
                <SequencePoint vc="1" uspid="4091" ordinal="5" offset="35" sl="187" sc="7" el="187" ec="44" bec="0" bev="0" fileid="164" />
                <SequencePoint vc="1" uspid="4092" ordinal="6" offset="53" sl="189" sc="7" el="189" ec="34" bec="0" bev="0" fileid="164" />
              </SequencePoints>
              <BranchPoints>
                <BranchPoint vc="0" uspid="4093" ordinal="0" offset="18" sl="182" path="0" offsetend="20" fileid="164" />
                <BranchPoint vc="1" uspid="4094" ordinal="1" offset="18" sl="182" path="1" offsetend="22" fileid="164" />
              </BranchPoints>
              <MethodPoint xsi:type="SequencePoint" vc="1" uspid="4086" ordinal="0" offset="0" sl="181" sc="7" el="181" ec="86" bec="0" bev="0" fileid="164" />
            </Method>
            <Method visited="true" cyclomaticComplexity="5" nPathComplexity="16" sequenceCoverage="81.82" branchCoverage="55.56" isConstructor="false" isStatic="false" isGetter="false" isSetter="false">
              <Summary numSequencePoints="11" visitedSequencePoints="9" numBranchPoints="9" visitedBranchPoints="5" sequenceCoverage="81.82" branchCoverage="55.56" maxCyclomaticComplexity="5" minCyclomaticComplexity="5" visitedClasses="0" numClasses="0" visitedMethods="1" numMethods="1" />
              <MetadataToken>100664662</MetadataToken>
              <Name>System.Void IBM.Watson.DeveloperCloud.Services.SpeechToText.v1.SpeechToText::OnGetModelsResponse(IBM.Watson.DeveloperCloud.Connection.RESTConnector/Request,IBM.Watson.DeveloperCloud.Connection.RESTConnector/Response)</Name>
              <FileRef uid="164" />
              <SequencePoints>
                <SequencePoint vc="1" uspid="4095" ordinal="0" offset="0" sl="199" sc="7" el="199" ec="54" bec="0" bev="0" fileid="164" />
                <SequencePoint vc="1" uspid="4096" ordinal="1" offset="7" sl="200" sc="7" el="200" ec="23" bec="2" bev="1" fileid="164" />
                <SequencePoint vc="0" uspid="4097" ordinal="2" offset="10" sl="201" sc="9" el="201" ec="63" bec="0" bev="0" fileid="164" />
                <SequencePoint vc="1" uspid="4098" ordinal="3" offset="21" sl="203" sc="7" el="203" ec="29" bec="0" bev="0" fileid="164" />
                <SequencePoint vc="1" uspid="4099" ordinal="4" offset="23" sl="204" sc="7" el="204" ec="24" bec="2" bev="1" fileid="164" />
                <SequencePoint vc="1" uspid="4100" ordinal="5" offset="31" sl="206" sc="9" el="206" ec="52" bec="0" bev="0" fileid="164" />
                <SequencePoint vc="1" uspid="4101" ordinal="6" offset="44" sl="207" sc="9" el="207" ec="28" bec="2" bev="1" fileid="164" />
                <SequencePoint vc="0" uspid="4102" ordinal="7" offset="47" sl="208" sc="11" el="208" ec="76" bec="0" bev="0" fileid="164" />
                <SequencePoint vc="1" uspid="4103" ordinal="8" offset="68" sl="210" sc="7" el="210" ec="32" bec="2" bev="1" fileid="164" />
                <SequencePoint vc="1" uspid="4104" ordinal="9" offset="76" sl="211" sc="9" el="211" ec="30" bec="0" bev="0" fileid="164" />
                <SequencePoint vc="1" uspid="4105" ordinal="10" offset="88" sl="212" sc="5" el="212" ec="6" bec="0" bev="0" fileid="164" />
              </SequencePoints>
              <BranchPoints>
                <BranchPoint vc="0" uspid="4106" ordinal="0" offset="8" sl="200" path="0" offsetend="10" fileid="164" />
                <BranchPoint vc="1" uspid="4107" ordinal="1" offset="8" sl="200" path="1" offsetend="21" fileid="164" />
                <BranchPoint vc="1" uspid="4108" ordinal="2" offset="29" sl="204" path="0" offsetend="31" fileid="164" />
                <BranchPoint vc="0" uspid="4109" ordinal="3" offset="29" sl="204" path="1" offsetend="68" fileid="164" />
                <BranchPoint vc="0" uspid="4110" ordinal="4" offset="45" sl="207" path="0" offsetend="47" fileid="164" />
                <BranchPoint vc="1" uspid="4111" ordinal="5" offset="45" sl="207" path="1" offsetend="68" fileid="164" />
                <BranchPoint vc="1" uspid="4112" ordinal="6" offset="74" sl="210" path="0" offsetend="76" fileid="164" />
                <BranchPoint vc="0" uspid="4113" ordinal="7" offset="74" sl="210" path="1" offsetend="88" fileid="164" />
              </BranchPoints>
              <MethodPoint xsi:type="SequencePoint" vc="1" uspid="4095" ordinal="0" offset="0" sl="199" sc="7" el="199" ec="54" bec="0" bev="0" fileid="164" />
            </Method>
            <Method visited="true" cyclomaticComplexity="7" nPathComplexity="16" sequenceCoverage="67.74" branchCoverage="55.56" isConstructor="false" isStatic="false" isGetter="false" isSetter="false">
              <Summary numSequencePoints="31" visitedSequencePoints="21" numBranchPoints="9" visitedBranchPoints="5" sequenceCoverage="67.74" branchCoverage="55.56" maxCyclomaticComplexity="7" minCyclomaticComplexity="7" visitedClasses="0" numClasses="0" visitedMethods="1" numMethods="1" />
              <MetadataToken>100664663</MetadataToken>
              <Name>IBM.Watson.DeveloperCloud.Services.SpeechToText.v1.Model[] IBM.Watson.DeveloperCloud.Services.SpeechToText.v1.SpeechToText::ParseGetModelsResponse(System.Byte[])</Name>
              <FileRef uid="164" />
              <SequencePoints>
                <SequencePoint vc="1" uspid="4114" ordinal="0" offset="0" sl="216" sc="7" el="216" ec="57" bec="0" bev="0" fileid="164" />
                <SequencePoint vc="1" uspid="4115" ordinal="1" offset="12" sl="217" sc="7" el="217" ec="30" bec="2" bev="1" fileid="164" />
                <SequencePoint vc="0" uspid="4116" ordinal="2" offset="15" sl="219" sc="9" el="219" ec="79" bec="0" bev="0" fileid="164" />
                <SequencePoint vc="0" uspid="4117" ordinal="3" offset="36" sl="220" sc="9" el="220" ec="21" bec="0" bev="0" fileid="164" />
                <SequencePoint vc="1" uspid="4118" ordinal="4" offset="38" sl="223" sc="7" el="223" ec="68" bec="0" bev="0" fileid="164" />
                <SequencePoint vc="1" uspid="4119" ordinal="5" offset="50" sl="224" sc="7" el="224" ec="24" bec="2" bev="1" fileid="164" />
                <SequencePoint vc="0" uspid="4120" ordinal="6" offset="53" sl="226" sc="9" el="226" ec="75" bec="0" bev="0" fileid="164" />
                <SequencePoint vc="0" uspid="4121" ordinal="7" offset="78" sl="227" sc="9" el="227" ec="21" bec="0" bev="0" fileid="164" />
                <SequencePoint vc="1" uspid="4122" ordinal="8" offset="81" sl="232" sc="9" el="232" ec="48" bec="0" bev="0" fileid="164" />
                <SequencePoint vc="1" uspid="4123" ordinal="9" offset="87" sl="234" sc="9" el="234" ec="49" bec="0" bev="0" fileid="164" />
                <SequencePoint vc="1" uspid="4124" ordinal="10" offset="103" sl="235" sc="9" el="235" ec="29" bec="2" bev="1" fileid="164" />
                <SequencePoint vc="0" uspid="4125" ordinal="11" offset="106" sl="236" sc="11" el="236" ec="49" bec="0" bev="0" fileid="164" />
                <SequencePoint vc="1" uspid="4126" ordinal="12" offset="117" sl="238" sc="27" el="238" ec="34" bec="0" bev="0" fileid="164" />
                <SequencePoint vc="14" uspid="4127" ordinal="13" offset="128" sl="238" sc="18" el="238" ec="23" bec="0" bev="0" fileid="164" />
                <SequencePoint vc="14" uspid="4128" ordinal="14" offset="134" sl="240" sc="11" el="240" ec="49" bec="0" bev="0" fileid="164" />
                <SequencePoint vc="14" uspid="4129" ordinal="15" offset="141" sl="241" sc="11" el="241" ec="30" bec="2" bev="1" fileid="164" />
                <SequencePoint vc="0" uspid="4130" ordinal="16" offset="145" sl="242" sc="13" el="242" ec="57" bec="0" bev="0" fileid="164" />
                <SequencePoint vc="14" uspid="4131" ordinal="17" offset="156" sl="244" sc="11" el="244" ec="37" bec="0" bev="0" fileid="164" />
                <SequencePoint vc="14" uspid="4132" ordinal="18" offset="163" sl="245" sc="11" el="245" ec="47" bec="0" bev="0" fileid="164" />
                <SequencePoint vc="14" uspid="4133" ordinal="19" offset="187" sl="246" sc="11" el="246" ec="45" bec="0" bev="0" fileid="164" />
                <SequencePoint vc="14" uspid="4134" ordinal="20" offset="211" sl="247" sc="11" el="247" ec="55" bec="0" bev="0" fileid="164" />
                <SequencePoint vc="14" uspid="4135" ordinal="21" offset="235" sl="248" sc="11" el="248" ec="61" bec="0" bev="0" fileid="164" />
                <SequencePoint vc="14" uspid="4136" ordinal="22" offset="259" sl="249" sc="11" el="249" ec="45" bec="0" bev="0" fileid="164" />
                <SequencePoint vc="14" uspid="4137" ordinal="23" offset="283" sl="251" sc="11" el="251" ec="29" bec="0" bev="0" fileid="164" />
                <SequencePoint vc="15" uspid="4138" ordinal="24" offset="291" sl="238" sc="24" el="238" ec="26" bec="0" bev="0" fileid="164" />
                <SequencePoint vc="1" uspid="4139" ordinal="25" offset="324" sl="254" sc="9" el="254" ec="33" bec="0" bev="0" fileid="164" />
                <SequencePoint vc="0" uspid="4140" ordinal="26" offset="334" sl="256" sc="7" el="256" ec="26" bec="0" bev="0" fileid="164" />
                <SequencePoint vc="0" uspid="4141" ordinal="27" offset="336" sl="258" sc="9" el="258" ec="124" bec="0" bev="0" fileid="164" />
                <SequencePoint vc="0" uspid="4142" ordinal="28" offset="371" sl="259" sc="7" el="259" ec="8" bec="0" bev="0" fileid="164" />
                <SequencePoint vc="0" uspid="4143" ordinal="29" offset="373" sl="261" sc="7" el="261" ec="19" bec="0" bev="0" fileid="164" />
                <SequencePoint vc="1" uspid="4144" ordinal="30" offset="375" sl="262" sc="5" el="262" ec="6" bec="0" bev="0" fileid="164" />
              </SequencePoints>
              <BranchPoints>
                <BranchPoint vc="0" uspid="4145" ordinal="0" offset="13" sl="217" path="0" offsetend="15" fileid="164" />
                <BranchPoint vc="1" uspid="4146" ordinal="1" offset="13" sl="217" path="1" offsetend="38" fileid="164" />
                <BranchPoint vc="0" uspid="4147" ordinal="2" offset="51" sl="224" path="0" offsetend="53" fileid="164" />
                <BranchPoint vc="1" uspid="4148" ordinal="3" offset="51" sl="224" path="1" offsetend="80" fileid="164" />
                <BranchPoint vc="0" uspid="4149" ordinal="4" offset="104" sl="235" path="0" offsetend="106" fileid="164" />
                <BranchPoint vc="1" uspid="4150" ordinal="5" offset="104" sl="235" path="1" offsetend="117" fileid="164" />
                <BranchPoint vc="0" uspid="4151" ordinal="6" offset="143" sl="241" path="0" offsetend="145" fileid="164" />
                <BranchPoint vc="14" uspid="4152" ordinal="7" offset="143" sl="241" path="1" offsetend="156" fileid="164" />
              </BranchPoints>
              <MethodPoint xsi:type="SequencePoint" vc="1" uspid="4114" ordinal="0" offset="0" sl="216" sc="7" el="216" ec="57" bec="0" bev="0" fileid="164" />
            </Method>
            <Method visited="true" cyclomaticComplexity="3" nPathComplexity="4" sequenceCoverage="80" branchCoverage="60" isConstructor="false" isStatic="false" isGetter="false" isSetter="false">
              <Summary numSequencePoints="10" visitedSequencePoints="8" numBranchPoints="5" visitedBranchPoints="3" sequenceCoverage="80" branchCoverage="60" maxCyclomaticComplexity="3" minCyclomaticComplexity="3" visitedClasses="0" numClasses="0" visitedMethods="1" numMethods="1" />
              <MetadataToken>100664664</MetadataToken>
              <Name>System.Boolean IBM.Watson.DeveloperCloud.Services.SpeechToText.v1.SpeechToText::GetModel(IBM.Watson.DeveloperCloud.Services.SpeechToText.v1.SpeechToText/OnGetModel,System.String)</Name>
              <FileRef uid="164" />
              <SequencePoints>
                <SequencePoint vc="1" uspid="4155" ordinal="0" offset="0" sl="281" sc="7" el="281" ec="41" bec="2" bev="1" fileid="164" />
                <SequencePoint vc="0" uspid="4156" ordinal="1" offset="8" sl="282" sc="9" el="282" ec="52" bec="0" bev="0" fileid="164" />
                <SequencePoint vc="1" uspid="4157" ordinal="2" offset="19" sl="284" sc="7" el="284" ec="97" bec="0" bev="0" fileid="164" />
                <SequencePoint vc="1" uspid="4158" ordinal="3" offset="42" sl="285" sc="7" el="285" ec="29" bec="2" bev="1" fileid="164" />
                <SequencePoint vc="0" uspid="4159" ordinal="4" offset="45" sl="286" sc="9" el="286" ec="22" bec="0" bev="0" fileid="164" />
                <SequencePoint vc="1" uspid="4160" ordinal="5" offset="47" sl="288" sc="7" el="288" ec="51" bec="0" bev="0" fileid="164" />
                <SequencePoint vc="1" uspid="4161" ordinal="6" offset="53" sl="289" sc="7" el="289" ec="31" bec="0" bev="0" fileid="164" />
                <SequencePoint vc="1" uspid="4162" ordinal="7" offset="60" sl="290" sc="7" el="290" ec="29" bec="0" bev="0" fileid="164" />
                <SequencePoint vc="1" uspid="4163" ordinal="8" offset="67" sl="291" sc="7" el="291" ec="43" bec="0" bev="0" fileid="164" />
                <SequencePoint vc="1" uspid="4164" ordinal="9" offset="85" sl="293" sc="7" el="293" ec="34" bec="0" bev="0" fileid="164" />
              </SequencePoints>
              <BranchPoints>
                <BranchPoint vc="0" uspid="4165" ordinal="0" offset="6" sl="281" path="0" offsetend="8" fileid="164" />
                <BranchPoint vc="1" uspid="4166" ordinal="1" offset="6" sl="281" path="1" offsetend="19" fileid="164" />
                <BranchPoint vc="0" uspid="4167" ordinal="2" offset="43" sl="285" path="0" offsetend="45" fileid="164" />
                <BranchPoint vc="1" uspid="4168" ordinal="3" offset="43" sl="285" path="1" offsetend="47" fileid="164" />
              </BranchPoints>
              <MethodPoint xsi:type="SequencePoint" vc="1" uspid="4155" ordinal="0" offset="0" sl="281" sc="7" el="281" ec="41" bec="2" bev="1" fileid="164" />
            </Method>
            <Method visited="true" cyclomaticComplexity="8" nPathComplexity="64" sequenceCoverage="68.42" branchCoverage="53.85" isConstructor="false" isStatic="false" isGetter="false" isSetter="false">
              <Summary numSequencePoints="19" visitedSequencePoints="13" numBranchPoints="13" visitedBranchPoints="7" sequenceCoverage="68.42" branchCoverage="53.85" maxCyclomaticComplexity="8" minCyclomaticComplexity="8" visitedClasses="0" numClasses="0" visitedMethods="1" numMethods="1" />
              <MetadataToken>100664665</MetadataToken>
              <Name>System.Void IBM.Watson.DeveloperCloud.Services.SpeechToText.v1.SpeechToText::OnGetModelResponse(IBM.Watson.DeveloperCloud.Connection.RESTConnector/Request,IBM.Watson.DeveloperCloud.Connection.RESTConnector/Response)</Name>
              <FileRef uid="164" />
              <SequencePoints>
                <SequencePoint vc="1" uspid="4169" ordinal="0" offset="0" sl="304" sc="7" el="304" ec="36" bec="0" bev="0" fileid="164" />
                <SequencePoint vc="1" uspid="4170" ordinal="1" offset="6" sl="305" sc="7" el="305" ec="24" bec="2" bev="1" fileid="164" />
                <SequencePoint vc="1" uspid="4171" ordinal="2" offset="17" sl="309" sc="11" el="309" ec="30" bec="0" bev="0" fileid="164" />
                <SequencePoint vc="1" uspid="4172" ordinal="3" offset="19" sl="310" sc="11" el="310" ec="89" bec="0" bev="0" fileid="164" />
                <SequencePoint vc="1" uspid="4173" ordinal="4" offset="43" sl="311" sc="11" el="311" ec="28" bec="2" bev="1" fileid="164" />
                <SequencePoint vc="0" uspid="4174" ordinal="5" offset="52" sl="312" sc="13" el="312" ec="60" bec="0" bev="0" fileid="164" />
                <SequencePoint vc="1" uspid="4175" ordinal="6" offset="65" sl="314" sc="11" el="314" ec="33" bec="0" bev="0" fileid="164" />
                <SequencePoint vc="1" uspid="4176" ordinal="7" offset="67" sl="315" sc="11" el="315" ec="74" bec="0" bev="0" fileid="164" />
                <SequencePoint vc="1" uspid="4177" ordinal="8" offset="87" sl="316" sc="11" el="316" ec="28" bec="2" bev="1" fileid="164" />
                <SequencePoint vc="0" uspid="4178" ordinal="9" offset="96" sl="317" sc="13" el="317" ec="60" bec="0" bev="0" fileid="164" />
                <SequencePoint vc="1" uspid="4179" ordinal="10" offset="109" sl="318" sc="9" el="318" ec="10" bec="0" bev="0" fileid="164" />
                <SequencePoint vc="0" uspid="4180" ordinal="11" offset="111" sl="319" sc="9" el="319" ec="28" bec="0" bev="0" fileid="164" />
                <SequencePoint vc="0" uspid="4181" ordinal="12" offset="113" sl="321" sc="11" el="321" ec="149" bec="0" bev="0" fileid="164" />
                <SequencePoint vc="0" uspid="4182" ordinal="13" offset="163" sl="322" sc="9" el="322" ec="10" bec="0" bev="0" fileid="164" />
                <SequencePoint vc="1" uspid="4183" ordinal="14" offset="165" sl="324" sc="9" el="324" ec="26" bec="2" bev="1" fileid="164" />
                <SequencePoint vc="0" uspid="4184" ordinal="15" offset="168" sl="325" sc="11" el="325" ec="75" bec="0" bev="0" fileid="164" />
                <SequencePoint vc="1" uspid="4185" ordinal="16" offset="189" sl="328" sc="7" el="328" ec="51" bec="2" bev="1" fileid="164" />
                <SequencePoint vc="1" uspid="4186" ordinal="17" offset="202" sl="329" sc="9" el="329" ec="73" bec="2" bev="1" fileid="164" />
                <SequencePoint vc="1" uspid="4187" ordinal="18" offset="230" sl="330" sc="5" el="330" ec="6" bec="0" bev="0" fileid="164" />
              </SequencePoints>
              <BranchPoints>
                <BranchPoint vc="1" uspid="4188" ordinal="0" offset="12" sl="305" path="0" offsetend="17" fileid="164" />
                <BranchPoint vc="0" uspid="4189" ordinal="1" offset="12" sl="305" path="1" offsetend="189" fileid="164" />
                <BranchPoint vc="0" uspid="4190" ordinal="2" offset="50" sl="311" path="0" offsetend="52" fileid="164" />
                <BranchPoint vc="1" uspid="4191" ordinal="3" offset="50" sl="311" path="1" offsetend="65" fileid="164" />
                <BranchPoint vc="0" uspid="4192" ordinal="4" offset="94" sl="316" path="0" offsetend="96" fileid="164" />
                <BranchPoint vc="1" uspid="4193" ordinal="5" offset="94" sl="316" path="1" offsetend="109" fileid="164" />
                <BranchPoint vc="0" uspid="4194" ordinal="6" offset="166" sl="324" path="0" offsetend="168" fileid="164" />
                <BranchPoint vc="1" uspid="4195" ordinal="7" offset="166" sl="324" path="1" offsetend="189" fileid="164" />
                <BranchPoint vc="1" uspid="4196" ordinal="8" offset="200" sl="328" path="0" offsetend="202" fileid="164" />
                <BranchPoint vc="0" uspid="4197" ordinal="9" offset="200" sl="328" path="1" offsetend="230" fileid="164" />
                <BranchPoint vc="0" uspid="4198" ordinal="10" offset="219" sl="329" path="0" offsetend="221" fileid="164" />
                <BranchPoint vc="1" uspid="4199" ordinal="11" offset="219" sl="329" path="1" offsetend="224" fileid="164" />
              </BranchPoints>
              <MethodPoint xsi:type="SequencePoint" vc="1" uspid="4169" ordinal="0" offset="0" sl="304" sc="7" el="304" ec="36" bec="0" bev="0" fileid="164" />
            </Method>
            <Method visited="false" cyclomaticComplexity="4" nPathComplexity="8" sequenceCoverage="0" branchCoverage="0" isConstructor="false" isStatic="false" isGetter="false" isSetter="false">
              <Summary numSequencePoints="11" visitedSequencePoints="0" numBranchPoints="7" visitedBranchPoints="0" sequenceCoverage="0" branchCoverage="0" maxCyclomaticComplexity="4" minCyclomaticComplexity="4" visitedClasses="0" numClasses="0" visitedMethods="0" numMethods="1" />
              <MetadataToken>100664666</MetadataToken>
              <Name>System.Boolean IBM.Watson.DeveloperCloud.Services.SpeechToText.v1.SpeechToText::StartListening(IBM.Watson.DeveloperCloud.Services.SpeechToText.v1.SpeechToText/OnRecognize)</Name>
              <FileRef uid="164" />
              <SequencePoints>
                <SequencePoint vc="0" uspid="4200" ordinal="0" offset="0" sl="349" sc="7" el="349" ec="28" bec="2" bev="0" fileid="164" />
                <SequencePoint vc="0" uspid="4201" ordinal="1" offset="3" sl="350" sc="9" el="350" ec="53" bec="0" bev="0" fileid="164" />
                <SequencePoint vc="0" uspid="4202" ordinal="2" offset="14" sl="351" sc="7" el="351" ec="25" bec="2" bev="0" fileid="164" />
                <SequencePoint vc="0" uspid="4203" ordinal="3" offset="22" sl="352" sc="9" el="352" ec="22" bec="0" bev="0" fileid="164" />
                <SequencePoint vc="0" uspid="4204" ordinal="4" offset="24" sl="353" sc="7" el="353" ec="36" bec="2" bev="0" fileid="164" />
                <SequencePoint vc="0" uspid="4205" ordinal="5" offset="32" sl="354" sc="9" el="354" ec="22" bec="0" bev="0" fileid="164" />
                <SequencePoint vc="0" uspid="4206" ordinal="6" offset="34" sl="356" sc="7" el="356" ec="28" bec="0" bev="0" fileid="164" />
                <SequencePoint vc="0" uspid="4207" ordinal="7" offset="41" sl="357" sc="7" el="357" ec="35" bec="0" bev="0" fileid="164" />
                <SequencePoint vc="0" uspid="4208" ordinal="8" offset="48" sl="358" sc="7" el="358" ec="54" bec="0" bev="0" fileid="164" />
                <SequencePoint vc="0" uspid="4209" ordinal="9" offset="65" sl="359" sc="7" el="359" ec="38" bec="0" bev="0" fileid="164" />
                <SequencePoint vc="0" uspid="4210" ordinal="10" offset="76" sl="361" sc="7" el="361" ec="19" bec="0" bev="0" fileid="164" />
              </SequencePoints>
              <BranchPoints>
                <BranchPoint vc="0" uspid="4211" ordinal="0" offset="1" sl="349" path="0" offsetend="3" fileid="164" />
                <BranchPoint vc="0" uspid="4212" ordinal="1" offset="1" sl="349" path="1" offsetend="14" fileid="164" />
                <BranchPoint vc="0" uspid="4213" ordinal="2" offset="20" sl="351" path="0" offsetend="22" fileid="164" />
                <BranchPoint vc="0" uspid="4214" ordinal="3" offset="20" sl="351" path="1" offsetend="24" fileid="164" />
                <BranchPoint vc="0" uspid="4215" ordinal="4" offset="30" sl="353" path="0" offsetend="32" fileid="164" />
                <BranchPoint vc="0" uspid="4216" ordinal="5" offset="30" sl="353" path="1" offsetend="34" fileid="164" />
              </BranchPoints>
              <MethodPoint xsi:type="SequencePoint" vc="0" uspid="4200" ordinal="0" offset="0" sl="349" sc="7" el="349" ec="28" bec="2" bev="0" fileid="164" />
            </Method>
            <Method visited="false" cyclomaticComplexity="12" nPathComplexity="2048" sequenceCoverage="0" branchCoverage="0" isConstructor="false" isStatic="false" isGetter="false" isSetter="false">
              <Summary numSequencePoints="25" visitedSequencePoints="0" numBranchPoints="23" visitedBranchPoints="0" sequenceCoverage="0" branchCoverage="0" maxCyclomaticComplexity="12" minCyclomaticComplexity="12" visitedClasses="0" numClasses="0" visitedMethods="0" numMethods="1" />
              <MetadataToken>100664667</MetadataToken>
              <Name>System.Void IBM.Watson.DeveloperCloud.Services.SpeechToText.v1.SpeechToText::OnListen(IBM.Watson.DeveloperCloud.DataTypes.AudioData)</Name>
              <FileRef uid="164" />
              <SequencePoints>
                <SequencePoint vc="0" uspid="4217" ordinal="0" offset="0" sl="372" sc="7" el="372" ec="25" bec="2" bev="0" fileid="164" />
                <SequencePoint vc="0" uspid="4218" ordinal="1" offset="11" sl="374" sc="9" el="374" ec="31" bec="2" bev="0" fileid="164" />
                <SequencePoint vc="0" uspid="4219" ordinal="2" offset="20" sl="376" sc="11" el="376" ec="47" bec="0" bev="0" fileid="164" />
                <SequencePoint vc="0" uspid="4220" ordinal="3" offset="37" sl="377" sc="11" el="377" ec="23" bec="0" bev="0" fileid="164" />
                <SequencePoint vc="0" uspid="4221" ordinal="4" offset="43" sl="380" sc="9" el="380" ec="67" bec="3" bev="0" fileid="164" />
                <SequencePoint vc="0" uspid="4222" ordinal="5" offset="65" sl="382" sc="11" el="382" ec="30" bec="2" bev="0" fileid="164" />
                <SequencePoint vc="0" uspid="4223" ordinal="6" offset="73" sl="384" sc="13" el="384" ec="97" bec="0" bev="0" fileid="164" />
                <SequencePoint vc="0" uspid="4224" ordinal="7" offset="101" sl="385" sc="13" el="385" ec="32" bec="0" bev="0" fileid="164" />
                <SequencePoint vc="0" uspid="4225" ordinal="8" offset="108" sl="386" sc="11" el="386" ec="12" bec="0" bev="0" fileid="164" />
                <SequencePoint vc="0" uspid="4226" ordinal="9" offset="110" sl="391" sc="13" el="391" ec="46" bec="0" bev="0" fileid="164" />
                <SequencePoint vc="0" uspid="4227" ordinal="10" offset="122" sl="394" sc="13" el="394" ec="66" bec="2" bev="0" fileid="164" />
                <SequencePoint vc="0" uspid="4228" ordinal="11" offset="137" sl="396" sc="15" el="396" ec="69" bec="0" bev="0" fileid="164" />
                <SequencePoint vc="0" uspid="4229" ordinal="12" offset="158" sl="398" sc="15" el="398" ec="31" bec="0" bev="0" fileid="164" />
                <SequencePoint vc="0" uspid="4230" ordinal="13" offset="165" sl="399" sc="15" el="399" ec="35" bec="2" bev="0" fileid="164" />
                <SequencePoint vc="0" uspid="4231" ordinal="14" offset="173" sl="400" sc="17" el="400" ec="53" bec="0" bev="0" fileid="164" />
                <SequencePoint vc="0" uspid="4232" ordinal="15" offset="189" sl="403" sc="9" el="403" ec="10" bec="0" bev="0" fileid="164" />
                <SequencePoint vc="0" uspid="4233" ordinal="16" offset="191" sl="404" sc="14" el="404" ec="30" bec="2" bev="0" fileid="164" />
                <SequencePoint vc="0" uspid="4234" ordinal="17" offset="199" sl="406" sc="11" el="406" ec="22" bec="0" bev="0" fileid="164" />
                <SequencePoint vc="0" uspid="4235" ordinal="18" offset="205" sl="407" sc="11" el="407" ec="31" bec="0" bev="0" fileid="164" />
                <SequencePoint vc="0" uspid="4236" ordinal="19" offset="212" sl="412" sc="9" el="412" ec="95" bec="3" bev="0" fileid="164" />
                <SequencePoint vc="0" uspid="4237" ordinal="20" offset="255" sl="414" sc="11" el="414" ec="73" bec="0" bev="0" fileid="164" />
                <SequencePoint vc="0" uspid="4238" ordinal="21" offset="276" sl="416" sc="11" el="416" ec="27" bec="0" bev="0" fileid="164" />
                <SequencePoint vc="0" uspid="4239" ordinal="22" offset="283" sl="417" sc="11" el="417" ec="31" bec="2" bev="0" fileid="164" />
                <SequencePoint vc="0" uspid="4240" ordinal="23" offset="291" sl="418" sc="13" el="418" ec="57" bec="0" bev="0" fileid="164" />
                <SequencePoint vc="0" uspid="4241" ordinal="24" offset="307" sl="421" sc="5" el="421" ec="6" bec="0" bev="0" fileid="164" />
              </SequencePoints>
              <BranchPoints>
                <BranchPoint vc="0" uspid="4242" ordinal="0" offset="6" sl="372" path="0" offsetend="11" fileid="164" />
                <BranchPoint vc="0" uspid="4243" ordinal="1" offset="6" sl="372" path="1" offsetend="307" fileid="164" />
                <BranchPoint vc="0" uspid="4244" ordinal="2" offset="18" sl="374" path="0" offsetend="20" fileid="164" />
                <BranchPoint vc="0" uspid="4245" ordinal="3" offset="18" sl="374" path="1" offsetend="43" fileid="164" />
                <BranchPoint vc="0" uspid="4246" ordinal="4" offset="49" sl="380" path="0" offsetend="51" fileid="164" />
                <BranchPoint vc="0" uspid="4247" ordinal="5" offset="49" sl="380" path="1" offsetend="65" fileid="164" />
                <BranchPoint vc="0" uspid="4248" ordinal="6" offset="63" sl="380" path="0" offsetend="65" fileid="164" />
                <BranchPoint vc="0" uspid="4249" ordinal="7" offset="63" sl="380" path="1" offsetend="191" fileid="164" />
                <BranchPoint vc="0" uspid="4250" ordinal="8" offset="71" sl="382" path="0" offsetend="73" fileid="164" />
                <BranchPoint vc="0" uspid="4251" ordinal="9" offset="71" sl="382" path="1" offsetend="110" fileid="164" />
                <BranchPoint vc="0" uspid="4252" ordinal="10" offset="135" sl="394" path="0" offsetend="137" fileid="164" />
                <BranchPoint vc="0" uspid="4253" ordinal="11" offset="135" sl="394" path="1" offsetend="212" fileid="164" />
                <BranchPoint vc="0" uspid="4254" ordinal="12" offset="171" sl="399" path="0" offsetend="173" fileid="164" />
                <BranchPoint vc="0" uspid="4255" ordinal="13" offset="171" sl="399" path="1" offsetend="212" fileid="164" />
                <BranchPoint vc="0" uspid="4256" ordinal="14" offset="197" sl="404" path="0" offsetend="199" fileid="164" />
                <BranchPoint vc="0" uspid="4257" ordinal="15" offset="197" sl="404" path="1" offsetend="212" fileid="164" />
                <BranchPoint vc="0" uspid="4258" ordinal="16" offset="218" sl="412" path="0" offsetend="220" fileid="164" />
                <BranchPoint vc="0" uspid="4259" ordinal="17" offset="218" sl="412" path="1" offsetend="307" fileid="164" />
                <BranchPoint vc="0" uspid="4260" ordinal="18" offset="253" sl="412" path="0" offsetend="255" fileid="164" />
                <BranchPoint vc="0" uspid="4261" ordinal="19" offset="253" sl="412" path="1" offsetend="307" fileid="164" />
                <BranchPoint vc="0" uspid="4262" ordinal="20" offset="289" sl="417" path="0" offsetend="291" fileid="164" />
                <BranchPoint vc="0" uspid="4263" ordinal="21" offset="289" sl="417" path="1" offsetend="307" fileid="164" />
              </BranchPoints>
              <MethodPoint xsi:type="SequencePoint" vc="0" uspid="4217" ordinal="0" offset="0" sl="372" sc="7" el="372" ec="25" bec="2" bev="0" fileid="164" />
            </Method>
            <Method visited="false" cyclomaticComplexity="3" nPathComplexity="4" sequenceCoverage="0" branchCoverage="0" isConstructor="false" isStatic="false" isGetter="false" isSetter="false">
              <Summary numSequencePoints="11" visitedSequencePoints="0" numBranchPoints="5" visitedBranchPoints="0" sequenceCoverage="0" branchCoverage="0" maxCyclomaticComplexity="3" minCyclomaticComplexity="3" visitedClasses="0" numClasses="0" visitedMethods="0" numMethods="1" />
              <MetadataToken>100664668</MetadataToken>
              <Name>System.Boolean IBM.Watson.DeveloperCloud.Services.SpeechToText.v1.SpeechToText::StopListening()</Name>
              <FileRef uid="164" />
              <SequencePoints>
                <SequencePoint vc="0" uspid="4264" ordinal="0" offset="0" sl="429" sc="7" el="429" ec="26" bec="2" bev="0" fileid="164" />
                <SequencePoint vc="0" uspid="4265" ordinal="1" offset="8" sl="430" sc="9" el="430" ec="22" bec="0" bev="0" fileid="164" />
                <SequencePoint vc="0" uspid="4266" ordinal="2" offset="10" sl="432" sc="7" el="432" ec="29" bec="0" bev="0" fileid="164" />
                <SequencePoint vc="0" uspid="4267" ordinal="3" offset="17" sl="433" sc="7" el="433" ec="30" bec="0" bev="0" fileid="164" />
                <SequencePoint vc="0" uspid="4268" ordinal="4" offset="23" sl="435" sc="7" el="435" ec="35" bec="2" bev="0" fileid="164" />
                <SequencePoint vc="0" uspid="4269" ordinal="5" offset="31" sl="437" sc="9" el="437" ec="43" bec="0" bev="0" fileid="164" />
                <SequencePoint vc="0" uspid="4270" ordinal="6" offset="42" sl="438" sc="9" el="438" ec="32" bec="0" bev="0" fileid="164" />
                <SequencePoint vc="0" uspid="4271" ordinal="7" offset="49" sl="441" sc="7" el="441" ec="34" bec="0" bev="0" fileid="164" />
                <SequencePoint vc="0" uspid="4272" ordinal="8" offset="60" sl="442" sc="7" el="442" ec="31" bec="0" bev="0" fileid="164" />
                <SequencePoint vc="0" uspid="4273" ordinal="9" offset="67" sl="443" sc="7" el="443" ec="26" bec="0" bev="0" fileid="164" />
                <SequencePoint vc="0" uspid="4274" ordinal="10" offset="74" sl="445" sc="7" el="445" ec="19" bec="0" bev="0" fileid="164" />
              </SequencePoints>
              <BranchPoints>
                <BranchPoint vc="0" uspid="4275" ordinal="0" offset="6" sl="429" path="0" offsetend="8" fileid="164" />
                <BranchPoint vc="0" uspid="4276" ordinal="1" offset="6" sl="429" path="1" offsetend="10" fileid="164" />
                <BranchPoint vc="0" uspid="4277" ordinal="2" offset="29" sl="435" path="0" offsetend="31" fileid="164" />
                <BranchPoint vc="0" uspid="4278" ordinal="3" offset="29" sl="435" path="1" offsetend="49" fileid="164" />
              </BranchPoints>
              <MethodPoint xsi:type="SequencePoint" vc="0" uspid="4264" ordinal="0" offset="0" sl="429" sc="7" el="429" ec="26" bec="2" bev="0" fileid="164" />
            </Method>
            <Method visited="false" cyclomaticComplexity="3" nPathComplexity="4" sequenceCoverage="0" branchCoverage="0" isConstructor="false" isStatic="false" isGetter="false" isSetter="false">
              <Summary numSequencePoints="7" visitedSequencePoints="0" numBranchPoints="5" visitedBranchPoints="0" sequenceCoverage="0" branchCoverage="0" maxCyclomaticComplexity="3" minCyclomaticComplexity="3" visitedClasses="0" numClasses="0" visitedMethods="0" numMethods="1" />
              <MetadataToken>100664669</MetadataToken>
              <Name>System.Boolean IBM.Watson.DeveloperCloud.Services.SpeechToText.v1.SpeechToText::CreateListenConnector()</Name>
              <FileRef uid="164" />
              <SequencePoints>
                <SequencePoint vc="0" uspid="4279" ordinal="0" offset="0" sl="450" sc="7" el="450" ec="34" bec="2" bev="0" fileid="164" />
                <SequencePoint vc="0" uspid="4280" ordinal="1" offset="8" sl="452" sc="9" el="452" ec="134" bec="0" bev="0" fileid="164" />
                <SequencePoint vc="0" uspid="4281" ordinal="2" offset="50" sl="453" sc="9" el="453" ec="36" bec="2" bev="0" fileid="164" />
                <SequencePoint vc="0" uspid="4282" ordinal="3" offset="58" sl="454" sc="11" el="454" ec="24" bec="0" bev="0" fileid="164" />
                <SequencePoint vc="0" uspid="4283" ordinal="4" offset="60" sl="456" sc="9" el="456" ec="52" bec="0" bev="0" fileid="164" />
                <SequencePoint vc="0" uspid="4284" ordinal="5" offset="83" sl="457" sc="9" el="457" ec="49" bec="0" bev="0" fileid="164" />
                <SequencePoint vc="0" uspid="4285" ordinal="6" offset="106" sl="460" sc="7" el="460" ec="19" bec="0" bev="0" fileid="164" />
              </SequencePoints>
              <BranchPoints>
                <BranchPoint vc="0" uspid="4286" ordinal="0" offset="6" sl="450" path="0" offsetend="8" fileid="164" />
                <BranchPoint vc="0" uspid="4287" ordinal="1" offset="6" sl="450" path="1" offsetend="106" fileid="164" />
                <BranchPoint vc="0" uspid="4288" ordinal="2" offset="56" sl="453" path="0" offsetend="58" fileid="164" />
                <BranchPoint vc="0" uspid="4289" ordinal="3" offset="56" sl="453" path="1" offsetend="60" fileid="164" />
              </BranchPoints>
              <MethodPoint xsi:type="SequencePoint" vc="0" uspid="4279" ordinal="0" offset="0" sl="450" sc="7" el="450" ec="34" bec="2" bev="0" fileid="164" />
            </Method>
            <Method visited="false" cyclomaticComplexity="2" nPathComplexity="2" sequenceCoverage="0" branchCoverage="0" isConstructor="false" isStatic="false" isGetter="false" isSetter="false">
              <Summary numSequencePoints="4" visitedSequencePoints="0" numBranchPoints="3" visitedBranchPoints="0" sequenceCoverage="0" branchCoverage="0" maxCyclomaticComplexity="2" minCyclomaticComplexity="2" visitedClasses="0" numClasses="0" visitedMethods="0" numMethods="1" />
              <MetadataToken>100664670</MetadataToken>
              <Name>System.Void IBM.Watson.DeveloperCloud.Services.SpeechToText.v1.SpeechToText::CloseListenConnector()</Name>
              <FileRef uid="164" />
              <SequencePoints>
                <SequencePoint vc="0" uspid="4290" ordinal="0" offset="0" sl="465" sc="7" el="465" ec="34" bec="2" bev="0" fileid="164" />
                <SequencePoint vc="0" uspid="4291" ordinal="1" offset="8" sl="467" sc="9" el="467" ec="32" bec="0" bev="0" fileid="164" />
                <SequencePoint vc="0" uspid="4292" ordinal="2" offset="19" sl="468" sc="9" el="468" ec="31" bec="0" bev="0" fileid="164" />
                <SequencePoint vc="0" uspid="4293" ordinal="3" offset="26" sl="470" sc="5" el="470" ec="6" bec="0" bev="0" fileid="164" />
              </SequencePoints>
              <BranchPoints>
                <BranchPoint vc="0" uspid="4294" ordinal="0" offset="6" sl="465" path="0" offsetend="8" fileid="164" />
                <BranchPoint vc="0" uspid="4295" ordinal="1" offset="6" sl="465" path="1" offsetend="26" fileid="164" />
              </BranchPoints>
              <MethodPoint xsi:type="SequencePoint" vc="0" uspid="4290" ordinal="0" offset="0" sl="465" sc="7" el="465" ec="34" bec="2" bev="0" fileid="164" />
            </Method>
            <Method visited="false" cyclomaticComplexity="2" nPathComplexity="2" sequenceCoverage="0" branchCoverage="0" isConstructor="false" isStatic="false" isGetter="false" isSetter="false">
              <Summary numSequencePoints="13" visitedSequencePoints="0" numBranchPoints="3" visitedBranchPoints="0" sequenceCoverage="0" branchCoverage="0" maxCyclomaticComplexity="2" minCyclomaticComplexity="2" visitedClasses="0" numClasses="0" visitedMethods="0" numMethods="1" />
              <MetadataToken>100664671</MetadataToken>
              <Name>System.Void IBM.Watson.DeveloperCloud.Services.SpeechToText.v1.SpeechToText::SendStart()</Name>
              <FileRef uid="164" />
              <SequencePoints>
                <SequencePoint vc="0" uspid="4296" ordinal="0" offset="0" sl="474" sc="7" el="474" ec="34" bec="2" bev="0" fileid="164" />
                <SequencePoint vc="0" uspid="4297" ordinal="1" offset="8" sl="475" sc="9" el="475" ec="78" bec="0" bev="0" fileid="164" />
                <SequencePoint vc="0" uspid="4298" ordinal="2" offset="19" sl="477" sc="7" el="477" ec="75" bec="0" bev="0" fileid="164" />
                <SequencePoint vc="0" uspid="4299" ordinal="3" offset="25" sl="478" sc="7" el="478" ec="33" bec="0" bev="0" fileid="164" />
                <SequencePoint vc="0" uspid="4300" ordinal="4" offset="41" sl="479" sc="7" el="479" ec="93" bec="0" bev="0" fileid="164" />
                <SequencePoint vc="0" uspid="4301" ordinal="5" offset="78" sl="480" sc="7" el="480" ec="56" bec="0" bev="0" fileid="164" />
                <SequencePoint vc="0" uspid="4302" ordinal="6" offset="100" sl="481" sc="7" el="481" ec="53" bec="0" bev="0" fileid="164" />
                <SequencePoint vc="0" uspid="4303" ordinal="7" offset="122" sl="482" sc="7" el="482" ec="55" bec="0" bev="0" fileid="164" />
                <SequencePoint vc="0" uspid="4304" ordinal="8" offset="144" sl="483" sc="7" el="483" ec="51" bec="0" bev="0" fileid="164" />
                <SequencePoint vc="0" uspid="4305" ordinal="9" offset="166" sl="484" sc="7" el="484" ec="42" bec="0" bev="0" fileid="164" />
                <SequencePoint vc="0" uspid="4306" ordinal="10" offset="188" sl="486" sc="7" el="486" ec="79" bec="0" bev="0" fileid="164" />
                <SequencePoint vc="0" uspid="4307" ordinal="11" offset="211" sl="487" sc="7" el="487" ec="38" bec="0" bev="0" fileid="164" />
                <SequencePoint vc="0" uspid="4308" ordinal="12" offset="222" sl="488" sc="5" el="488" ec="6" bec="0" bev="0" fileid="164" />
              </SequencePoints>
              <BranchPoints>
                <BranchPoint vc="0" uspid="4309" ordinal="0" offset="6" sl="474" path="0" offsetend="8" fileid="164" />
                <BranchPoint vc="0" uspid="4310" ordinal="1" offset="6" sl="474" path="1" offsetend="19" fileid="164" />
              </BranchPoints>
              <MethodPoint xsi:type="SequencePoint" vc="0" uspid="4296" ordinal="0" offset="0" sl="474" sc="7" el="474" ec="34" bec="2" bev="0" fileid="164" />
            </Method>
            <Method visited="false" cyclomaticComplexity="3" nPathComplexity="4" sequenceCoverage="0" branchCoverage="0" isConstructor="false" isStatic="false" isGetter="false" isSetter="false">
              <Summary numSequencePoints="9" visitedSequencePoints="0" numBranchPoints="5" visitedBranchPoints="0" sequenceCoverage="0" branchCoverage="0" maxCyclomaticComplexity="3" minCyclomaticComplexity="3" visitedClasses="0" numClasses="0" visitedMethods="0" numMethods="1" />
              <MetadataToken>100664672</MetadataToken>
              <Name>System.Void IBM.Watson.DeveloperCloud.Services.SpeechToText.v1.SpeechToText::SendStop()</Name>
              <FileRef uid="164" />
              <SequencePoints>
                <SequencePoint vc="0" uspid="4311" ordinal="0" offset="0" sl="492" sc="7" el="492" ec="34" bec="2" bev="0" fileid="164" />
                <SequencePoint vc="0" uspid="4312" ordinal="1" offset="8" sl="493" sc="9" el="493" ec="78" bec="0" bev="0" fileid="164" />
                <SequencePoint vc="0" uspid="4313" ordinal="2" offset="19" sl="495" sc="7" el="495" ec="26" bec="2" bev="0" fileid="164" />
                <SequencePoint vc="0" uspid="4314" ordinal="3" offset="27" sl="497" sc="9" el="497" ec="76" bec="0" bev="0" fileid="164" />
                <SequencePoint vc="0" uspid="4315" ordinal="4" offset="33" sl="498" sc="9" el="498" ec="33" bec="0" bev="0" fileid="164" />
                <SequencePoint vc="0" uspid="4316" ordinal="5" offset="49" sl="500" sc="9" el="500" ec="80" bec="0" bev="0" fileid="164" />
                <SequencePoint vc="0" uspid="4317" ordinal="6" offset="72" sl="501" sc="9" el="501" ec="40" bec="0" bev="0" fileid="164" />
                <SequencePoint vc="0" uspid="4318" ordinal="7" offset="83" sl="502" sc="9" el="502" ec="32" bec="0" bev="0" fileid="164" />
                <SequencePoint vc="0" uspid="4319" ordinal="8" offset="90" sl="504" sc="5" el="504" ec="6" bec="0" bev="0" fileid="164" />
              </SequencePoints>
              <BranchPoints>
                <BranchPoint vc="0" uspid="4320" ordinal="0" offset="6" sl="492" path="0" offsetend="8" fileid="164" />
                <BranchPoint vc="0" uspid="4321" ordinal="1" offset="6" sl="492" path="1" offsetend="19" fileid="164" />
                <BranchPoint vc="0" uspid="4322" ordinal="2" offset="25" sl="495" path="0" offsetend="27" fileid="164" />
                <BranchPoint vc="0" uspid="4323" ordinal="3" offset="25" sl="495" path="1" offsetend="90" fileid="164" />
              </BranchPoints>
              <MethodPoint xsi:type="SequencePoint" vc="0" uspid="4311" ordinal="0" offset="0" sl="492" sc="7" el="492" ec="34" bec="2" bev="0" fileid="164" />
            </Method>
            <Method visited="false" cyclomaticComplexity="1" nPathComplexity="0" sequenceCoverage="0" branchCoverage="0" isConstructor="false" isStatic="false" isGetter="false" isSetter="false">
              <Summary numSequencePoints="0" visitedSequencePoints="0" numBranchPoints="0" visitedBranchPoints="0" sequenceCoverage="0" branchCoverage="0" maxCyclomaticComplexity="1" minCyclomaticComplexity="1" visitedClasses="0" numClasses="0" visitedMethods="0" numMethods="0" />
              <MetadataToken>100664673</MetadataToken>
              <Name>System.Collections.IEnumerator IBM.Watson.DeveloperCloud.Services.SpeechToText.v1.SpeechToText::KeepAlive()</Name>
              <SequencePoints />
              <BranchPoints />
              <MethodPoint vc="0" uspid="4324" ordinal="0" offset="0" />
            </Method>
            <Method visited="false" cyclomaticComplexity="15" nPathComplexity="16384" sequenceCoverage="0" branchCoverage="0" isConstructor="false" isStatic="false" isGetter="false" isSetter="false">
              <Summary numSequencePoints="38" visitedSequencePoints="0" numBranchPoints="29" visitedBranchPoints="0" sequenceCoverage="0" branchCoverage="0" maxCyclomaticComplexity="15" minCyclomaticComplexity="15" visitedClasses="0" numClasses="0" visitedMethods="0" numMethods="1" />
              <MetadataToken>100664674</MetadataToken>
              <Name>System.Void IBM.Watson.DeveloperCloud.Services.SpeechToText.v1.SpeechToText::OnListenMessage(IBM.Watson.DeveloperCloud.Connection.WSConnector/Message)</Name>
              <FileRef uid="164" />
              <SequencePoints>
                <SequencePoint vc="0" uspid="4325" ordinal="0" offset="0" sl="530" sc="7" el="530" ec="42" bec="2" bev="0" fileid="164" />
                <SequencePoint vc="0" uspid="4326" ordinal="1" offset="11" sl="532" sc="9" el="532" ec="67" bec="0" bev="0" fileid="164" />
                <SequencePoint vc="0" uspid="4327" ordinal="2" offset="18" sl="534" sc="9" el="534" ec="69" bec="0" bev="0" fileid="164" />
                <SequencePoint vc="0" uspid="4328" ordinal="3" offset="35" sl="535" sc="9" el="535" ec="26" bec="2" bev="0" fileid="164" />
                <SequencePoint vc="0" uspid="4329" ordinal="4" offset="41" sl="537" sc="11" el="537" ec="40" bec="2" bev="0" fileid="164" />
                <SequencePoint vc="0" uspid="4330" ordinal="5" offset="54" sl="539" sc="13" el="539" ec="75" bec="0" bev="0" fileid="164" />
                <SequencePoint vc="0" uspid="4331" ordinal="6" offset="62" sl="540" sc="13" el="540" ec="33" bec="2" bev="0" fileid="164" />
                <SequencePoint vc="0" uspid="4332" ordinal="7" offset="65" sl="544" sc="15" el="544" ec="75" bec="3" bev="0" fileid="164" />
                <SequencePoint vc="0" uspid="4333" ordinal="8" offset="81" sl="545" sc="17" el="545" ec="29" bec="0" bev="0" fileid="164" />
                <SequencePoint vc="0" uspid="4334" ordinal="9" offset="87" sl="547" sc="15" el="547" ec="44" bec="2" bev="0" fileid="164" />
                <SequencePoint vc="0" uspid="4335" ordinal="10" offset="95" sl="548" sc="17" el="548" ec="43" bec="0" bev="0" fileid="164" />
                <SequencePoint vc="0" uspid="4336" ordinal="11" offset="108" sl="550" sc="17" el="550" ec="33" bec="0" bev="0" fileid="164" />
                <SequencePoint vc="0" uspid="4337" ordinal="12" offset="115" sl="551" sc="13" el="551" ec="14" bec="0" bev="0" fileid="164" />
                <SequencePoint vc="0" uspid="4338" ordinal="13" offset="116" sl="553" sc="15" el="553" ec="82" bec="0" bev="0" fileid="164" />
                <SequencePoint vc="0" uspid="4339" ordinal="14" offset="146" sl="554" sc="11" el="554" ec="12" bec="0" bev="0" fileid="164" />
                <SequencePoint vc="0" uspid="4340" ordinal="15" offset="147" sl="555" sc="16" el="555" ec="43" bec="2" bev="0" fileid="164" />
                <SequencePoint vc="0" uspid="4341" ordinal="16" offset="163" sl="557" sc="13" el="557" ec="50" bec="0" bev="0" fileid="164" />
                <SequencePoint vc="0" uspid="4342" ordinal="17" offset="180" sl="560" sc="13" el="560" ec="69" bec="0" bev="0" fileid="164" />
                <SequencePoint vc="0" uspid="4343" ordinal="18" offset="205" sl="562" sc="13" el="562" ec="38" bec="2" bev="0" fileid="164" />
                <SequencePoint vc="0" uspid="4344" ordinal="19" offset="221" sl="564" sc="15" el="564" ec="33" bec="2" bev="0" fileid="164" />
                <SequencePoint vc="0" uspid="4345" ordinal="20" offset="232" sl="566" sc="17" el="566" ec="37" bec="2" bev="0" fileid="164" />
                <SequencePoint vc="0" uspid="4346" ordinal="21" offset="243" sl="568" sc="19" el="568" ec="41" bec="0" bev="0" fileid="164" />
                <SequencePoint vc="0" uspid="4347" ordinal="22" offset="252" sl="573" sc="21" el="573" ec="67" bec="0" bev="0" fileid="164" />
                <SequencePoint vc="0" uspid="4348" ordinal="23" offset="265" sl="574" sc="21" el="574" ec="105" bec="0" bev="0" fileid="164" />
                <SequencePoint vc="0" uspid="4349" ordinal="24" offset="294" sl="575" sc="21" el="575" ec="40" bec="0" bev="0" fileid="164" />
                <SequencePoint vc="0" uspid="4350" ordinal="25" offset="301" sl="571" sc="19" el="571" ec="55" bec="2" bev="0" fileid="164" />
                <SequencePoint vc="0" uspid="4351" ordinal="26" offset="315" sl="581" sc="11" el="581" ec="12" bec="0" bev="0" fileid="164" />
                <SequencePoint vc="0" uspid="4352" ordinal="27" offset="316" sl="582" sc="16" el="582" ec="43" bec="2" bev="0" fileid="164" />
                <SequencePoint vc="0" uspid="4353" ordinal="28" offset="329" sl="584" sc="13" el="584" ec="50" bec="0" bev="0" fileid="164" />
                <SequencePoint vc="0" uspid="4354" ordinal="29" offset="347" sl="585" sc="13" el="585" ec="60" bec="0" bev="0" fileid="164" />
                <SequencePoint vc="0" uspid="4355" ordinal="30" offset="373" sl="587" sc="13" el="587" ec="29" bec="0" bev="0" fileid="164" />
                <SequencePoint vc="0" uspid="4356" ordinal="31" offset="380" sl="588" sc="13" el="588" ec="33" bec="2" bev="0" fileid="164" />
                <SequencePoint vc="0" uspid="4357" ordinal="32" offset="388" sl="589" sc="15" el="589" ec="30" bec="0" bev="0" fileid="164" />
                <SequencePoint vc="0" uspid="4358" ordinal="33" offset="401" sl="590" sc="11" el="590" ec="12" bec="0" bev="0" fileid="164" />
                <SequencePoint vc="0" uspid="4359" ordinal="34" offset="402" sl="593" sc="13" el="593" ec="74" bec="0" bev="0" fileid="164" />
                <SequencePoint vc="0" uspid="4360" ordinal="35" offset="432" sl="595" sc="9" el="595" ec="10" bec="0" bev="0" fileid="164" />
                <SequencePoint vc="0" uspid="4361" ordinal="36" offset="433" sl="598" sc="11" el="598" ec="87" bec="0" bev="0" fileid="164" />
                <SequencePoint vc="0" uspid="4362" ordinal="37" offset="463" sl="601" sc="5" el="601" ec="6" bec="0" bev="0" fileid="164" />
              </SequencePoints>
              <BranchPoints>
                <BranchPoint vc="0" uspid="4363" ordinal="0" offset="6" sl="530" path="0" offsetend="11" fileid="164" />
                <BranchPoint vc="0" uspid="4364" ordinal="1" offset="6" sl="530" path="1" offsetend="463" fileid="164" />
                <BranchPoint vc="0" uspid="4365" ordinal="2" offset="36" sl="535" path="0" offsetend="41" fileid="164" />
                <BranchPoint vc="0" uspid="4366" ordinal="3" offset="36" sl="535" path="1" offsetend="433" fileid="164" />
                <BranchPoint vc="0" uspid="4367" ordinal="4" offset="52" sl="537" path="0" offsetend="54" fileid="164" />
                <BranchPoint vc="0" uspid="4368" ordinal="5" offset="52" sl="537" path="1" offsetend="147" fileid="164" />
                <BranchPoint vc="0" uspid="4369" ordinal="6" offset="63" sl="540" path="0" offsetend="65" fileid="164" />
                <BranchPoint vc="0" uspid="4370" ordinal="7" offset="63" sl="540" path="1" offsetend="116" fileid="164" />
                <BranchPoint vc="0" uspid="4371" ordinal="8" offset="71" sl="544" path="0" offsetend="73" fileid="164" />
                <BranchPoint vc="0" uspid="4372" ordinal="9" offset="71" sl="544" path="1" offsetend="87" fileid="164" />
                <BranchPoint vc="0" uspid="4373" ordinal="10" offset="79" sl="544" path="0" offsetend="81" fileid="164" />
                <BranchPoint vc="0" uspid="4374" ordinal="11" offset="79" sl="544" path="1" offsetend="87" fileid="164" />
                <BranchPoint vc="0" uspid="4375" ordinal="12" offset="93" sl="547" path="0" offsetend="95" fileid="164" />
                <BranchPoint vc="0" uspid="4376" ordinal="13" offset="93" sl="547" path="1" offsetend="108" fileid="164" />
                <BranchPoint vc="0" uspid="4377" ordinal="14" offset="158" sl="555" path="0" offsetend="163" fileid="164" />
                <BranchPoint vc="0" uspid="4378" ordinal="15" offset="158" sl="555" path="1" offsetend="316" fileid="164" />
                <BranchPoint vc="0" uspid="4379" ordinal="16" offset="216" sl="562" path="0" offsetend="221" fileid="164" />
                <BranchPoint vc="0" uspid="4380" ordinal="17" offset="216" sl="562" path="1" offsetend="463" fileid="164" />
                <BranchPoint vc="0" uspid="4381" ordinal="18" offset="227" sl="564" path="0" offsetend="232" fileid="164" />
                <BranchPoint vc="0" uspid="4382" ordinal="19" offset="227" sl="564" path="1" offsetend="463" fileid="164" />
                <BranchPoint vc="0" uspid="4383" ordinal="20" offset="238" sl="566" path="0" offsetend="243" fileid="164" />
                <BranchPoint vc="0" uspid="4384" ordinal="21" offset="238" sl="566" path="1" offsetend="463" fileid="164" />
                <BranchPoint vc="0" uspid="4385" ordinal="22" offset="313" sl="571" path="0" offsetend="315" fileid="164" />
                <BranchPoint vc="0" uspid="4386" ordinal="23" offset="313" sl="571" path="1" offsetend="252" fileid="164" />
                <BranchPoint vc="0" uspid="4387" ordinal="24" offset="327" sl="582" path="0" offsetend="329" fileid="164" />
                <BranchPoint vc="0" uspid="4388" ordinal="25" offset="327" sl="582" path="1" offsetend="402" fileid="164" />
                <BranchPoint vc="0" uspid="4389" ordinal="26" offset="386" sl="588" path="0" offsetend="388" fileid="164" />
                <BranchPoint vc="0" uspid="4390" ordinal="27" offset="386" sl="588" path="1" offsetend="463" fileid="164" />
              </BranchPoints>
              <MethodPoint xsi:type="SequencePoint" vc="0" uspid="4325" ordinal="0" offset="0" sl="530" sc="7" el="530" ec="42" bec="2" bev="0" fileid="164" />
            </Method>
            <Method visited="false" cyclomaticComplexity="3" nPathComplexity="4" sequenceCoverage="0" branchCoverage="0" isConstructor="false" isStatic="false" isGetter="false" isSetter="false">
              <Summary numSequencePoints="7" visitedSequencePoints="0" numBranchPoints="5" visitedBranchPoints="0" sequenceCoverage="0" branchCoverage="0" maxCyclomaticComplexity="3" minCyclomaticComplexity="3" visitedClasses="0" numClasses="0" visitedMethods="0" numMethods="1" />
              <MetadataToken>100664675</MetadataToken>
              <Name>System.Void IBM.Watson.DeveloperCloud.Services.SpeechToText.v1.SpeechToText::OnListenClosed(IBM.Watson.DeveloperCloud.Connection.WSConnector)</Name>
              <FileRef uid="164" />
              <SequencePoints>
                <SequencePoint vc="0" uspid="4391" ordinal="0" offset="0" sl="606" sc="7" el="606" ec="94" bec="0" bev="0" fileid="164" />
                <SequencePoint vc="0" uspid="4392" ordinal="1" offset="44" sl="609" sc="7" el="609" ec="30" bec="0" bev="0" fileid="164" />
                <SequencePoint vc="0" uspid="4393" ordinal="2" offset="51" sl="610" sc="7" el="610" ec="23" bec="0" bev="0" fileid="164" />
                <SequencePoint vc="0" uspid="4394" ordinal="3" offset="58" sl="612" sc="7" el="612" ec="71" bec="2" bev="0" fileid="164" />
                <SequencePoint vc="0" uspid="4395" ordinal="4" offset="67" sl="614" sc="9" el="614" ec="29" bec="2" bev="0" fileid="164" />
                <SequencePoint vc="0" uspid="4396" ordinal="5" offset="75" sl="615" sc="11" el="615" ec="48" bec="0" bev="0" fileid="164" />
                <SequencePoint vc="0" uspid="4397" ordinal="6" offset="91" sl="617" sc="5" el="617" ec="6" bec="0" bev="0" fileid="164" />
              </SequencePoints>
              <BranchPoints>
                <BranchPoint vc="0" uspid="4398" ordinal="0" offset="65" sl="612" path="0" offsetend="67" fileid="164" />
                <BranchPoint vc="0" uspid="4399" ordinal="1" offset="65" sl="612" path="1" offsetend="91" fileid="164" />
                <BranchPoint vc="0" uspid="4400" ordinal="2" offset="73" sl="614" path="0" offsetend="75" fileid="164" />
                <BranchPoint vc="0" uspid="4401" ordinal="3" offset="73" sl="614" path="1" offsetend="91" fileid="164" />
              </BranchPoints>
              <MethodPoint xsi:type="SequencePoint" vc="0" uspid="4391" ordinal="0" offset="0" sl="606" sc="7" el="606" ec="94" bec="0" bev="0" fileid="164" />
            </Method>
            <Method visited="true" cyclomaticComplexity="9" nPathComplexity="64" sequenceCoverage="77.27" branchCoverage="53.85" isConstructor="false" isStatic="false" isGetter="false" isSetter="false">
              <Summary numSequencePoints="22" visitedSequencePoints="17" numBranchPoints="13" visitedBranchPoints="7" sequenceCoverage="77.27" branchCoverage="53.85" maxCyclomaticComplexity="9" minCyclomaticComplexity="9" visitedClasses="0" numClasses="0" visitedMethods="1" numMethods="1" />
              <MetadataToken>100664676</MetadataToken>
              <Name>System.Boolean IBM.Watson.DeveloperCloud.Services.SpeechToText.v1.SpeechToText::Recognize(IBM.Watson.DeveloperCloud.Utilities.AudioClip,IBM.Watson.DeveloperCloud.Services.SpeechToText.v1.SpeechToText/OnRecognize)</Name>
              <FileRef uid="164" />
              <SequencePoints>
                <SequencePoint vc="1" uspid="4402" ordinal="0" offset="0" sl="631" sc="7" el="631" ec="24" bec="2" bev="1" fileid="164" />
                <SequencePoint vc="0" uspid="4403" ordinal="1" offset="3" sl="632" sc="9" el="632" ec="49" bec="0" bev="0" fileid="164" />
                <SequencePoint vc="1" uspid="4404" ordinal="2" offset="14" sl="633" sc="7" el="633" ec="28" bec="2" bev="1" fileid="164" />
                <SequencePoint vc="0" uspid="4405" ordinal="3" offset="17" sl="634" sc="9" el="634" ec="53" bec="0" bev="0" fileid="164" />
                <SequencePoint vc="1" uspid="4406" ordinal="4" offset="28" sl="636" sc="7" el="636" ec="89" bec="0" bev="0" fileid="164" />
                <SequencePoint vc="1" uspid="4407" ordinal="5" offset="45" sl="637" sc="7" el="637" ec="29" bec="2" bev="1" fileid="164" />
                <SequencePoint vc="0" uspid="4408" ordinal="6" offset="48" sl="638" sc="9" el="638" ec="22" bec="0" bev="0" fileid="164" />
                <SequencePoint vc="1" uspid="4409" ordinal="7" offset="50" sl="640" sc="7" el="640" ec="53" bec="0" bev="0" fileid="164" />
                <SequencePoint vc="1" uspid="4410" ordinal="8" offset="56" sl="641" sc="7" el="641" ec="23" bec="0" bev="0" fileid="164" />
                <SequencePoint vc="1" uspid="4411" ordinal="9" offset="63" sl="642" sc="7" el="642" ec="31" bec="0" bev="0" fileid="164" />
                <SequencePoint vc="1" uspid="4412" ordinal="10" offset="70" sl="644" sc="7" el="644" ec="49" bec="0" bev="0" fileid="164" />
                <SequencePoint vc="1" uspid="4413" ordinal="11" offset="91" sl="645" sc="7" el="645" ec="43" bec="0" bev="0" fileid="164" />
                <SequencePoint vc="1" uspid="4414" ordinal="12" offset="105" sl="646" sc="7" el="646" ec="53" bec="2" bev="1" fileid="164" />
                <SequencePoint vc="0" uspid="4415" ordinal="13" offset="120" sl="648" sc="9" el="648" ec="78" bec="0" bev="0" fileid="164" />
                <SequencePoint vc="0" uspid="4416" ordinal="14" offset="141" sl="649" sc="9" el="649" ec="22" bec="0" bev="0" fileid="164" />
                <SequencePoint vc="1" uspid="4417" ordinal="15" offset="143" sl="651" sc="7" el="651" ec="50" bec="0" bev="0" fileid="164" />
                <SequencePoint vc="1" uspid="4418" ordinal="16" offset="165" sl="652" sc="7" el="652" ec="46" bec="0" bev="0" fileid="164" />
                <SequencePoint vc="1" uspid="4419" ordinal="17" offset="186" sl="653" sc="7" el="653" ec="73" bec="0" bev="0" fileid="164" />
                <SequencePoint vc="1" uspid="4420" ordinal="18" offset="213" sl="654" sc="7" el="654" ec="70" bec="2" bev="1" fileid="164" />
                <SequencePoint vc="1" uspid="4421" ordinal="19" offset="249" sl="655" sc="7" el="655" ec="79" bec="2" bev="1" fileid="164" />
                <SequencePoint vc="1" uspid="4422" ordinal="20" offset="285" sl="656" sc="7" el="656" ec="44" bec="0" bev="0" fileid="164" />
                <SequencePoint vc="1" uspid="4423" ordinal="21" offset="303" sl="658" sc="7" el="658" ec="34" bec="0" bev="0" fileid="164" />
              </SequencePoints>
              <BranchPoints>
                <BranchPoint vc="0" uspid="4424" ordinal="0" offset="1" sl="631" path="0" offsetend="3" fileid="164" />
                <BranchPoint vc="1" uspid="4425" ordinal="1" offset="1" sl="631" path="1" offsetend="14" fileid="164" />
                <BranchPoint vc="0" uspid="4426" ordinal="2" offset="15" sl="633" path="0" offsetend="17" fileid="164" />
                <BranchPoint vc="1" uspid="4427" ordinal="3" offset="15" sl="633" path="1" offsetend="28" fileid="164" />
                <BranchPoint vc="0" uspid="4428" ordinal="4" offset="46" sl="637" path="0" offsetend="48" fileid="164" />
                <BranchPoint vc="1" uspid="4429" ordinal="5" offset="46" sl="637" path="1" offsetend="50" fileid="164" />
                <BranchPoint vc="0" uspid="4430" ordinal="6" offset="118" sl="646" path="0" offsetend="120" fileid="164" />
                <BranchPoint vc="1" uspid="4431" ordinal="7" offset="118" sl="646" path="1" offsetend="143" fileid="164" />
                <BranchPoint vc="1" uspid="4432" ordinal="8" offset="230" sl="654" path="0" offsetend="232" fileid="164" />
                <BranchPoint vc="0" uspid="4433" ordinal="9" offset="230" sl="654" path="1" offsetend="239" fileid="164" />
                <BranchPoint vc="1" uspid="4434" ordinal="10" offset="266" sl="655" path="0" offsetend="268" fileid="164" />
                <BranchPoint vc="0" uspid="4435" ordinal="11" offset="266" sl="655" path="1" offsetend="275" fileid="164" />
              </BranchPoints>
              <MethodPoint xsi:type="SequencePoint" vc="1" uspid="4402" ordinal="0" offset="0" sl="631" sc="7" el="631" ec="24" bec="2" bev="1" fileid="164" />
            </Method>
            <Method visited="false" cyclomaticComplexity="10" nPathComplexity="128" sequenceCoverage="0" branchCoverage="0" isConstructor="false" isStatic="false" isGetter="false" isSetter="false">
              <Summary numSequencePoints="23" visitedSequencePoints="0" numBranchPoints="15" visitedBranchPoints="0" sequenceCoverage="0" branchCoverage="0" maxCyclomaticComplexity="10" minCyclomaticComplexity="10" visitedClasses="0" numClasses="0" visitedMethods="0" numMethods="1" />
              <MetadataToken>100664677</MetadataToken>
              <Name>System.Boolean IBM.Watson.DeveloperCloud.Services.SpeechToText.v1.SpeechToText::Recognize(System.Byte[],System.String,IBM.Watson.DeveloperCloud.Services.SpeechToText.v1.SpeechToText/OnRecognize)</Name>
              <FileRef uid="164" />
              <SequencePoints>
                <SequencePoint vc="0" uspid="4436" ordinal="0" offset="0" sl="680" sc="7" el="680" ec="24" bec="2" bev="0" fileid="164" />
                <SequencePoint vc="0" uspid="4437" ordinal="1" offset="3" sl="681" sc="9" el="681" ec="49" bec="0" bev="0" fileid="164" />
                <SequencePoint vc="0" uspid="4438" ordinal="2" offset="14" sl="682" sc="7" el="682" ec="28" bec="2" bev="0" fileid="164" />
                <SequencePoint vc="0" uspid="4439" ordinal="3" offset="17" sl="683" sc="9" el="683" ec="53" bec="0" bev="0" fileid="164" />
                <SequencePoint vc="0" uspid="4440" ordinal="4" offset="28" sl="684" sc="7" el="684" ec="42" bec="2" bev="0" fileid="164" />
                <SequencePoint vc="0" uspid="4441" ordinal="5" offset="36" sl="685" sc="9" el="685" ec="53" bec="0" bev="0" fileid="164" />
                <SequencePoint vc="0" uspid="4442" ordinal="6" offset="47" sl="687" sc="7" el="687" ec="89" bec="0" bev="0" fileid="164" />
                <SequencePoint vc="0" uspid="4443" ordinal="7" offset="64" sl="688" sc="7" el="688" ec="29" bec="2" bev="0" fileid="164" />
                <SequencePoint vc="0" uspid="4444" ordinal="8" offset="67" sl="689" sc="9" el="689" ec="22" bec="0" bev="0" fileid="164" />
                <SequencePoint vc="0" uspid="4445" ordinal="9" offset="69" sl="691" sc="7" el="691" ec="53" bec="0" bev="0" fileid="164" />
                <SequencePoint vc="0" uspid="4446" ordinal="10" offset="75" sl="692" sc="7" el="692" ec="31" bec="0" bev="0" fileid="164" />
                <SequencePoint vc="0" uspid="4447" ordinal="11" offset="82" sl="694" sc="7" el="694" ec="46" bec="0" bev="0" fileid="164" />
                <SequencePoint vc="0" uspid="4448" ordinal="12" offset="99" sl="695" sc="7" el="695" ec="23" bec="0" bev="0" fileid="164" />
                <SequencePoint vc="0" uspid="4449" ordinal="13" offset="106" sl="696" sc="7" el="696" ec="53" bec="2" bev="0" fileid="164" />
                <SequencePoint vc="0" uspid="4450" ordinal="14" offset="121" sl="698" sc="9" el="698" ec="78" bec="0" bev="0" fileid="164" />
                <SequencePoint vc="0" uspid="4451" ordinal="15" offset="142" sl="699" sc="9" el="699" ec="22" bec="0" bev="0" fileid="164" />
                <SequencePoint vc="0" uspid="4452" ordinal="16" offset="144" sl="701" sc="7" el="701" ec="50" bec="0" bev="0" fileid="164" />
                <SequencePoint vc="0" uspid="4453" ordinal="17" offset="166" sl="702" sc="7" el="702" ec="46" bec="0" bev="0" fileid="164" />
                <SequencePoint vc="0" uspid="4454" ordinal="18" offset="187" sl="703" sc="7" el="703" ec="73" bec="0" bev="0" fileid="164" />
                <SequencePoint vc="0" uspid="4455" ordinal="19" offset="214" sl="704" sc="7" el="704" ec="70" bec="2" bev="0" fileid="164" />
                <SequencePoint vc="0" uspid="4456" ordinal="20" offset="250" sl="705" sc="7" el="705" ec="79" bec="2" bev="0" fileid="164" />
                <SequencePoint vc="0" uspid="4457" ordinal="21" offset="286" sl="706" sc="7" el="706" ec="44" bec="0" bev="0" fileid="164" />
                <SequencePoint vc="0" uspid="4458" ordinal="22" offset="304" sl="708" sc="7" el="708" ec="34" bec="0" bev="0" fileid="164" />
              </SequencePoints>
              <BranchPoints>
                <BranchPoint vc="0" uspid="4459" ordinal="0" offset="1" sl="680" path="0" offsetend="3" fileid="164" />
                <BranchPoint vc="0" uspid="4460" ordinal="1" offset="1" sl="680" path="1" offsetend="14" fileid="164" />
                <BranchPoint vc="0" uspid="4461" ordinal="2" offset="15" sl="682" path="0" offsetend="17" fileid="164" />
                <BranchPoint vc="0" uspid="4462" ordinal="3" offset="15" sl="682" path="1" offsetend="28" fileid="164" />
                <BranchPoint vc="0" uspid="4463" ordinal="4" offset="34" sl="684" path="0" offsetend="36" fileid="164" />
                <BranchPoint vc="0" uspid="4464" ordinal="5" offset="34" sl="684" path="1" offsetend="47" fileid="164" />
                <BranchPoint vc="0" uspid="4465" ordinal="6" offset="65" sl="688" path="0" offsetend="67" fileid="164" />
                <BranchPoint vc="0" uspid="4466" ordinal="7" offset="65" sl="688" path="1" offsetend="69" fileid="164" />
                <BranchPoint vc="0" uspid="4467" ordinal="8" offset="119" sl="696" path="0" offsetend="121" fileid="164" />
                <BranchPoint vc="0" uspid="4468" ordinal="9" offset="119" sl="696" path="1" offsetend="144" fileid="164" />
                <BranchPoint vc="0" uspid="4469" ordinal="10" offset="231" sl="704" path="0" offsetend="233" fileid="164" />
                <BranchPoint vc="0" uspid="4470" ordinal="11" offset="231" sl="704" path="1" offsetend="240" fileid="164" />
                <BranchPoint vc="0" uspid="4471" ordinal="12" offset="267" sl="705" path="0" offsetend="269" fileid="164" />
                <BranchPoint vc="0" uspid="4472" ordinal="13" offset="267" sl="705" path="1" offsetend="276" fileid="164" />
              </BranchPoints>
              <MethodPoint xsi:type="SequencePoint" vc="0" uspid="4436" ordinal="0" offset="0" sl="680" sc="7" el="680" ec="24" bec="2" bev="0" fileid="164" />
            </Method>
            <Method visited="true" cyclomaticComplexity="7" nPathComplexity="32" sequenceCoverage="73.33" branchCoverage="45.45" isConstructor="false" isStatic="false" isGetter="false" isSetter="false">
              <Summary numSequencePoints="15" visitedSequencePoints="11" numBranchPoints="11" visitedBranchPoints="5" sequenceCoverage="73.33" branchCoverage="45.45" maxCyclomaticComplexity="7" minCyclomaticComplexity="7" visitedClasses="0" numClasses="0" visitedMethods="1" numMethods="1" />
              <MetadataToken>100664678</MetadataToken>
              <Name>System.Void IBM.Watson.DeveloperCloud.Services.SpeechToText.v1.SpeechToText::OnRecognizeResponse(IBM.Watson.DeveloperCloud.Connection.RESTConnector/Request,IBM.Watson.DeveloperCloud.Connection.RESTConnector/Response)</Name>
              <FileRef uid="164" />
              <SequencePoints>
                <SequencePoint vc="1" uspid="4473" ordinal="0" offset="0" sl="719" sc="7" el="719" ec="63" bec="0" bev="0" fileid="164" />
                <SequencePoint vc="1" uspid="4474" ordinal="1" offset="7" sl="720" sc="7" el="720" ec="32" bec="2" bev="1" fileid="164" />
                <SequencePoint vc="0" uspid="4475" ordinal="2" offset="10" sl="721" sc="9" el="721" ec="63" bec="0" bev="0" fileid="164" />
                <SequencePoint vc="1" uspid="4476" ordinal="3" offset="21" sl="723" sc="7" el="723" ec="44" bec="0" bev="0" fileid="164" />
                <SequencePoint vc="1" uspid="4477" ordinal="4" offset="23" sl="724" sc="7" el="724" ec="24" bec="2" bev="1" fileid="164" />
                <SequencePoint vc="1" uspid="4478" ordinal="5" offset="31" sl="726" sc="9" el="726" ec="52" bec="0" bev="0" fileid="164" />
                <SequencePoint vc="1" uspid="4479" ordinal="6" offset="44" sl="727" sc="9" el="727" ec="28" bec="2" bev="1" fileid="164" />
                <SequencePoint vc="0" uspid="4480" ordinal="7" offset="47" sl="729" sc="11" el="730" ec="76" bec="2" bev="0" fileid="164" />
                <SequencePoint vc="0" uspid="4481" ordinal="8" offset="102" sl="731" sc="9" el="731" ec="10" bec="0" bev="0" fileid="164" />
                <SequencePoint vc="1" uspid="4482" ordinal="9" offset="104" sl="734" sc="11" el="735" ec="56" bec="0" bev="0" fileid="164" />
                <SequencePoint vc="1" uspid="4483" ordinal="10" offset="155" sl="737" sc="7" el="737" ec="8" bec="0" bev="0" fileid="164" />
                <SequencePoint vc="0" uspid="4484" ordinal="11" offset="157" sl="740" sc="9" el="740" ec="71" bec="0" bev="0" fileid="164" />
                <SequencePoint vc="1" uspid="4485" ordinal="12" offset="187" sl="743" sc="7" el="743" ec="41" bec="2" bev="1" fileid="164" />
                <SequencePoint vc="1" uspid="4486" ordinal="13" offset="195" sl="744" sc="9" el="744" ec="39" bec="0" bev="0" fileid="164" />
                <SequencePoint vc="1" uspid="4487" ordinal="14" offset="207" sl="745" sc="5" el="745" ec="6" bec="0" bev="0" fileid="164" />
              </SequencePoints>
              <BranchPoints>
                <BranchPoint vc="0" uspid="4488" ordinal="0" offset="8" sl="720" path="0" offsetend="10" fileid="164" />
                <BranchPoint vc="1" uspid="4489" ordinal="1" offset="8" sl="720" path="1" offsetend="21" fileid="164" />
                <BranchPoint vc="1" uspid="4490" ordinal="2" offset="29" sl="724" path="0" offsetend="31" fileid="164" />
                <BranchPoint vc="0" uspid="4491" ordinal="3" offset="29" sl="724" path="1" offsetend="157" fileid="164" />
                <BranchPoint vc="0" uspid="4492" ordinal="4" offset="45" sl="727" path="0" offsetend="47" fileid="164" />
                <BranchPoint vc="1" uspid="4493" ordinal="5" offset="45" sl="727" path="1" offsetend="104" fileid="164" />
                <BranchPoint vc="0" uspid="4494" ordinal="6" offset="71" sl="729" path="0" offsetend="73" fileid="164" />
                <BranchPoint vc="0" uspid="4495" ordinal="7" offset="71" sl="729" path="1" offsetend="80" fileid="164" />
                <BranchPoint vc="1" uspid="4496" ordinal="8" offset="193" sl="743" path="0" offsetend="195" fileid="164" />
                <BranchPoint vc="0" uspid="4497" ordinal="9" offset="193" sl="743" path="1" offsetend="207" fileid="164" />
              </BranchPoints>
              <MethodPoint xsi:type="SequencePoint" vc="1" uspid="4473" ordinal="0" offset="0" sl="719" sc="7" el="719" ec="63" bec="0" bev="0" fileid="164" />
            </Method>
            <Method visited="true" cyclomaticComplexity="3" nPathComplexity="4" sequenceCoverage="71.43" branchCoverage="60" isConstructor="false" isStatic="false" isGetter="false" isSetter="false">
              <Summary numSequencePoints="7" visitedSequencePoints="5" numBranchPoints="5" visitedBranchPoints="3" sequenceCoverage="71.43" branchCoverage="60" maxCyclomaticComplexity="3" minCyclomaticComplexity="3" visitedClasses="0" numClasses="0" visitedMethods="1" numMethods="1" />
              <MetadataToken>100664679</MetadataToken>
              <Name>IBM.Watson.DeveloperCloud.Services.SpeechToText.v1.SpeechRecognitionEvent IBM.Watson.DeveloperCloud.Services.SpeechToText.v1.SpeechToText::ParseRecognizeResponse(System.Byte[])</Name>
              <FileRef uid="164" />
              <SequencePoints>
                <SequencePoint vc="1" uspid="4498" ordinal="0" offset="0" sl="749" sc="7" el="749" ec="57" bec="0" bev="0" fileid="164" />
                <SequencePoint vc="1" uspid="4499" ordinal="1" offset="12" sl="750" sc="7" el="750" ec="30" bec="2" bev="1" fileid="164" />
                <SequencePoint vc="0" uspid="4500" ordinal="2" offset="15" sl="751" sc="9" el="751" ec="21" bec="0" bev="0" fileid="164" />
                <SequencePoint vc="1" uspid="4501" ordinal="3" offset="17" sl="753" sc="7" el="753" ec="68" bec="0" bev="0" fileid="164" />
                <SequencePoint vc="1" uspid="4502" ordinal="4" offset="29" sl="754" sc="7" el="754" ec="24" bec="2" bev="1" fileid="164" />
                <SequencePoint vc="0" uspid="4503" ordinal="5" offset="32" sl="755" sc="9" el="755" ec="21" bec="0" bev="0" fileid="164" />
                <SequencePoint vc="1" uspid="4504" ordinal="6" offset="34" sl="757" sc="7" el="757" ec="43" bec="0" bev="0" fileid="164" />
              </SequencePoints>
              <BranchPoints>
                <BranchPoint vc="0" uspid="4505" ordinal="0" offset="13" sl="750" path="0" offsetend="15" fileid="164" />
                <BranchPoint vc="1" uspid="4506" ordinal="1" offset="13" sl="750" path="1" offsetend="17" fileid="164" />
                <BranchPoint vc="0" uspid="4507" ordinal="2" offset="30" sl="754" path="0" offsetend="32" fileid="164" />
                <BranchPoint vc="1" uspid="4508" ordinal="3" offset="30" sl="754" path="1" offsetend="34" fileid="164" />
              </BranchPoints>
              <MethodPoint xsi:type="SequencePoint" vc="1" uspid="4498" ordinal="0" offset="0" sl="749" sc="7" el="749" ec="57" bec="0" bev="0" fileid="164" />
            </Method>
            <Method visited="true" cyclomaticComplexity="17" nPathComplexity="4096" sequenceCoverage="50" branchCoverage="36" isConstructor="false" isStatic="false" isGetter="false" isSetter="false">
              <Summary numSequencePoints="60" visitedSequencePoints="30" numBranchPoints="25" visitedBranchPoints="9" sequenceCoverage="50" branchCoverage="36" maxCyclomaticComplexity="17" minCyclomaticComplexity="17" visitedClasses="0" numClasses="0" visitedMethods="1" numMethods="1" />
              <MetadataToken>100664680</MetadataToken>
              <Name>IBM.Watson.DeveloperCloud.Services.SpeechToText.v1.SpeechRecognitionEvent IBM.Watson.DeveloperCloud.Services.SpeechToText.v1.SpeechToText::ParseRecognizeResponse(System.Collections.IDictionary)</Name>
              <FileRef uid="164" />
              <SequencePoints>
                <SequencePoint vc="1" uspid="4509" ordinal="0" offset="0" sl="762" sc="7" el="762" ec="24" bec="2" bev="1" fileid="164" />
                <SequencePoint vc="0" uspid="4510" ordinal="1" offset="3" sl="763" sc="9" el="763" ec="21" bec="0" bev="0" fileid="164" />
                <SequencePoint vc="1" uspid="4511" ordinal="2" offset="6" sl="767" sc="9" el="767" ec="85" bec="0" bev="0" fileid="164" />
                <SequencePoint vc="1" uspid="4512" ordinal="3" offset="12" sl="768" sc="9" el="768" ec="51" bec="0" bev="0" fileid="164" />
                <SequencePoint vc="1" uspid="4513" ordinal="4" offset="29" sl="769" sc="9" el="769" ec="30" bec="2" bev="1" fileid="164" />
                <SequencePoint vc="0" uspid="4514" ordinal="5" offset="32" sl="770" sc="11" el="770" ec="23" bec="0" bev="0" fileid="164" />
                <SequencePoint vc="1" uspid="4515" ordinal="6" offset="39" sl="772" sc="27" el="772" ec="35" bec="0" bev="0" fileid="164" />
                <SequencePoint vc="1" uspid="4516" ordinal="7" offset="51" sl="772" sc="18" el="772" ec="23" bec="0" bev="0" fileid="164" />
                <SequencePoint vc="1" uspid="4517" ordinal="8" offset="57" sl="774" sc="11" el="774" ec="50" bec="0" bev="0" fileid="164" />
                <SequencePoint vc="1" uspid="4518" ordinal="9" offset="64" sl="775" sc="11" el="775" ec="32" bec="2" bev="1" fileid="164" />
                <SequencePoint vc="1" uspid="4519" ordinal="10" offset="70" sl="778" sc="11" el="778" ec="74" bec="0" bev="0" fileid="164" />
                <SequencePoint vc="1" uspid="4520" ordinal="11" offset="77" sl="779" sc="11" el="779" ec="49" bec="0" bev="0" fileid="164" />
                <SequencePoint vc="1" uspid="4521" ordinal="12" offset="101" sl="781" sc="11" el="781" ec="66" bec="0" bev="0" fileid="164" />
                <SequencePoint vc="1" uspid="4522" ordinal="13" offset="120" sl="782" sc="11" el="782" ec="37" bec="2" bev="1" fileid="164" />
                <SequencePoint vc="1" uspid="4523" ordinal="14" offset="127" sl="785" sc="11" el="785" ec="102" bec="0" bev="0" fileid="164" />
                <SequencePoint vc="1" uspid="4524" ordinal="15" offset="134" sl="786" sc="29" el="786" ec="42" bec="0" bev="0" fileid="164" />
                <SequencePoint vc="1" uspid="4525" ordinal="16" offset="148" sl="786" sc="20" el="786" ec="25" bec="0" bev="0" fileid="164" />
                <SequencePoint vc="1" uspid="4526" ordinal="17" offset="155" sl="788" sc="13" el="788" ec="57" bec="0" bev="0" fileid="164" />
                <SequencePoint vc="1" uspid="4527" ordinal="18" offset="162" sl="789" sc="13" el="789" ec="38" bec="2" bev="1" fileid="164" />
                <SequencePoint vc="1" uspid="4528" ordinal="19" offset="169" sl="792" sc="13" el="792" ec="91" bec="0" bev="0" fileid="164" />
                <SequencePoint vc="1" uspid="4529" ordinal="20" offset="176" sl="793" sc="13" el="793" ec="73" bec="0" bev="0" fileid="164" />
                <SequencePoint vc="1" uspid="4530" ordinal="21" offset="200" sl="794" sc="13" el="794" ec="53" bec="2" bev="1" fileid="164" />
                <SequencePoint vc="1" uspid="4531" ordinal="22" offset="214" sl="795" sc="15" el="795" ec="75" bec="0" bev="0" fileid="164" />
                <SequencePoint vc="1" uspid="4532" ordinal="23" offset="238" sl="797" sc="13" el="797" ec="53" bec="2" bev="1" fileid="164" />
                <SequencePoint vc="0" uspid="4533" ordinal="24" offset="255" sl="799" sc="15" el="799" ec="71" bec="0" bev="0" fileid="164" />
                <SequencePoint vc="0" uspid="4534" ordinal="25" offset="274" sl="801" sc="15" el="801" ec="73" bec="0" bev="0" fileid="164" />
                <SequencePoint vc="0" uspid="4535" ordinal="26" offset="288" sl="802" sc="20" el="802" ec="29" bec="0" bev="0" fileid="164" />
                <SequencePoint vc="0" uspid="4536" ordinal="27" offset="293" sl="804" sc="17" el="804" ec="60" bec="0" bev="0" fileid="164" />
                <SequencePoint vc="0" uspid="4537" ordinal="28" offset="309" sl="805" sc="17" el="805" ec="40" bec="2" bev="0" fileid="164" />
                <SequencePoint vc="0" uspid="4538" ordinal="29" offset="313" sl="808" sc="17" el="808" ec="48" bec="0" bev="0" fileid="164" />
                <SequencePoint vc="0" uspid="4539" ordinal="30" offset="320" sl="809" sc="17" el="809" ec="49" bec="0" bev="0" fileid="164" />
                <SequencePoint vc="0" uspid="4540" ordinal="31" offset="340" sl="810" sc="17" el="810" ec="50" bec="0" bev="0" fileid="164" />
                <SequencePoint vc="0" uspid="4541" ordinal="32" offset="360" sl="811" sc="17" el="811" ec="48" bec="0" bev="0" fileid="164" />
                <SequencePoint vc="0" uspid="4542" ordinal="33" offset="380" sl="812" sc="17" el="812" ec="36" bec="0" bev="0" fileid="164" />
                <SequencePoint vc="0" uspid="4543" ordinal="34" offset="387" sl="802" sc="54" el="802" ec="57" bec="0" bev="0" fileid="164" />
                <SequencePoint vc="0" uspid="4544" ordinal="35" offset="393" sl="802" sc="31" el="802" ec="52" bec="2" bev="0" fileid="164" />
                <SequencePoint vc="0" uspid="4545" ordinal="36" offset="404" sl="815" sc="15" el="815" ec="51" bec="0" bev="0" fileid="164" />
                <SequencePoint vc="1" uspid="4546" ordinal="37" offset="413" sl="817" sc="13" el="817" ec="58" bec="2" bev="1" fileid="164" />
                <SequencePoint vc="0" uspid="4547" ordinal="38" offset="430" sl="819" sc="15" el="819" ec="76" bec="0" bev="0" fileid="164" />
                <SequencePoint vc="0" uspid="4548" ordinal="39" offset="449" sl="821" sc="15" el="821" ec="83" bec="0" bev="0" fileid="164" />
                <SequencePoint vc="0" uspid="4549" ordinal="40" offset="463" sl="822" sc="20" el="822" ec="29" bec="0" bev="0" fileid="164" />
                <SequencePoint vc="0" uspid="4550" ordinal="41" offset="468" sl="824" sc="17" el="824" ec="59" bec="0" bev="0" fileid="164" />
                <SequencePoint vc="0" uspid="4551" ordinal="42" offset="484" sl="825" sc="17" el="825" ec="39" bec="2" bev="0" fileid="164" />
                <SequencePoint vc="0" uspid="4552" ordinal="43" offset="488" sl="828" sc="17" el="828" ec="58" bec="0" bev="0" fileid="164" />
                <SequencePoint vc="0" uspid="4553" ordinal="44" offset="495" sl="829" sc="17" el="829" ec="48" bec="0" bev="0" fileid="164" />
                <SequencePoint vc="0" uspid="4554" ordinal="45" offset="515" sl="830" sc="17" el="830" ec="54" bec="0" bev="0" fileid="164" />
                <SequencePoint vc="0" uspid="4555" ordinal="46" offset="535" sl="831" sc="17" el="831" ec="36" bec="0" bev="0" fileid="164" />
                <SequencePoint vc="0" uspid="4556" ordinal="47" offset="542" sl="822" sc="54" el="822" ec="57" bec="0" bev="0" fileid="164" />
                <SequencePoint vc="0" uspid="4557" ordinal="48" offset="548" sl="822" sc="31" el="822" ec="52" bec="2" bev="0" fileid="164" />
                <SequencePoint vc="0" uspid="4558" ordinal="49" offset="559" sl="834" sc="15" el="834" ec="55" bec="0" bev="0" fileid="164" />
                <SequencePoint vc="1" uspid="4559" ordinal="50" offset="568" sl="837" sc="13" el="837" ec="43" bec="0" bev="0" fileid="164" />
                <SequencePoint vc="2" uspid="4560" ordinal="51" offset="577" sl="786" sc="26" el="786" ec="28" bec="0" bev="0" fileid="164" />
                <SequencePoint vc="1" uspid="4561" ordinal="52" offset="612" sl="839" sc="11" el="839" ec="56" bec="0" bev="0" fileid="164" />
                <SequencePoint vc="1" uspid="4562" ordinal="53" offset="626" sl="840" sc="11" el="840" ec="31" bec="0" bev="0" fileid="164" />
                <SequencePoint vc="2" uspid="4563" ordinal="54" offset="634" sl="772" sc="24" el="772" ec="26" bec="0" bev="0" fileid="164" />
                <SequencePoint vc="1" uspid="4564" ordinal="55" offset="667" sl="843" sc="9" el="843" ec="62" bec="0" bev="0" fileid="164" />
                <SequencePoint vc="0" uspid="4565" ordinal="56" offset="681" sl="845" sc="7" el="845" ec="26" bec="0" bev="0" fileid="164" />
                <SequencePoint vc="0" uspid="4566" ordinal="57" offset="683" sl="847" sc="9" el="847" ec="85" bec="0" bev="0" fileid="164" />
                <SequencePoint vc="0" uspid="4567" ordinal="58" offset="714" sl="848" sc="9" el="848" ec="21" bec="0" bev="0" fileid="164" />
                <SequencePoint vc="1" uspid="4568" ordinal="59" offset="718" sl="850" sc="5" el="850" ec="6" bec="0" bev="0" fileid="164" />
              </SequencePoints>
              <BranchPoints>
                <BranchPoint vc="0" uspid="4569" ordinal="0" offset="1" sl="762" path="0" offsetend="3" fileid="164" />
                <BranchPoint vc="1" uspid="4570" ordinal="1" offset="1" sl="762" path="1" offsetend="5" fileid="164" />
                <BranchPoint vc="0" uspid="4571" ordinal="2" offset="30" sl="769" path="0" offsetend="32" fileid="164" />
                <BranchPoint vc="1" uspid="4572" ordinal="3" offset="30" sl="769" path="1" offsetend="39" fileid="164" />
                <BranchPoint vc="1" uspid="4573" ordinal="4" offset="65" sl="775" path="0" offsetend="70" fileid="164" />
                <BranchPoint vc="0" uspid="4574" ordinal="5" offset="65" sl="775" path="1" offsetend="634" fileid="164" />
                <BranchPoint vc="1" uspid="4575" ordinal="6" offset="122" sl="782" path="0" offsetend="127" fileid="164" />
                <BranchPoint vc="0" uspid="4576" ordinal="7" offset="122" sl="782" path="1" offsetend="634" fileid="164" />
                <BranchPoint vc="1" uspid="4577" ordinal="8" offset="164" sl="789" path="0" offsetend="169" fileid="164" />
                <BranchPoint vc="0" uspid="4578" ordinal="9" offset="164" sl="789" path="1" offsetend="577" fileid="164" />
                <BranchPoint vc="1" uspid="4579" ordinal="10" offset="212" sl="794" path="0" offsetend="214" fileid="164" />
                <BranchPoint vc="0" uspid="4580" ordinal="11" offset="212" sl="794" path="1" offsetend="238" fileid="164" />
                <BranchPoint vc="0" uspid="4581" ordinal="12" offset="250" sl="797" path="0" offsetend="255" fileid="164" />
                <BranchPoint vc="1" uspid="4582" ordinal="13" offset="250" sl="797" path="1" offsetend="413" fileid="164" />
                <BranchPoint vc="0" uspid="4583" ordinal="14" offset="311" sl="805" path="0" offsetend="313" fileid="164" />
                <BranchPoint vc="0" uspid="4584" ordinal="15" offset="311" sl="805" path="1" offsetend="387" fileid="164" />
                <BranchPoint vc="0" uspid="4585" ordinal="16" offset="402" sl="802" path="0" offsetend="404" fileid="164" />
                <BranchPoint vc="0" uspid="4586" ordinal="17" offset="402" sl="802" path="1" offsetend="293" fileid="164" />
                <BranchPoint vc="0" uspid="4587" ordinal="18" offset="425" sl="817" path="0" offsetend="430" fileid="164" />
                <BranchPoint vc="1" uspid="4588" ordinal="19" offset="425" sl="817" path="1" offsetend="568" fileid="164" />
                <BranchPoint vc="0" uspid="4589" ordinal="20" offset="486" sl="825" path="0" offsetend="488" fileid="164" />
                <BranchPoint vc="0" uspid="4590" ordinal="21" offset="486" sl="825" path="1" offsetend="542" fileid="164" />
                <BranchPoint vc="0" uspid="4591" ordinal="22" offset="557" sl="822" path="0" offsetend="559" fileid="164" />
                <BranchPoint vc="0" uspid="4592" ordinal="23" offset="557" sl="822" path="1" offsetend="468" fileid="164" />
              </BranchPoints>
              <MethodPoint xsi:type="SequencePoint" vc="1" uspid="4509" ordinal="0" offset="0" sl="762" sc="7" el="762" ec="24" bec="2" bev="1" fileid="164" />
            </Method>
            <Method visited="true" cyclomaticComplexity="3" nPathComplexity="4" sequenceCoverage="83.33" branchCoverage="60" isConstructor="false" isStatic="false" isGetter="false" isSetter="false">
              <Summary numSequencePoints="12" visitedSequencePoints="10" numBranchPoints="5" visitedBranchPoints="3" sequenceCoverage="83.33" branchCoverage="60" maxCyclomaticComplexity="3" minCyclomaticComplexity="3" visitedClasses="0" numClasses="0" visitedMethods="1" numMethods="1" />
              <MetadataToken>100664681</MetadataToken>
              <Name>System.Boolean IBM.Watson.DeveloperCloud.Services.SpeechToText.v1.SpeechToText::GetCustomizations(IBM.Watson.DeveloperCloud.Services.SpeechToText.v1.SpeechToText/GetCustomizationsCallback,System.String,System.String)</Name>
              <FileRef uid="164" />
              <SequencePoints>
                <SequencePoint vc="1" uspid="4597" ordinal="0" offset="0" sl="874" sc="7" el="874" ec="28" bec="2" bev="1" fileid="164" />
                <SequencePoint vc="0" uspid="4598" ordinal="1" offset="3" sl="875" sc="9" el="875" ec="53" bec="0" bev="0" fileid="164" />
                <SequencePoint vc="1" uspid="4599" ordinal="2" offset="14" sl="877" sc="7" el="877" ec="61" bec="0" bev="0" fileid="164" />
                <SequencePoint vc="1" uspid="4600" ordinal="3" offset="20" sl="878" sc="7" el="878" ec="31" bec="0" bev="0" fileid="164" />
                <SequencePoint vc="1" uspid="4601" ordinal="4" offset="27" sl="879" sc="7" el="879" ec="29" bec="0" bev="0" fileid="164" />
                <SequencePoint vc="1" uspid="4602" ordinal="5" offset="34" sl="880" sc="7" el="880" ec="31" bec="0" bev="0" fileid="164" />
                <SequencePoint vc="1" uspid="4603" ordinal="6" offset="41" sl="881" sc="7" el="881" ec="45" bec="0" bev="0" fileid="164" />
                <SequencePoint vc="1" uspid="4604" ordinal="7" offset="58" sl="882" sc="7" el="882" ec="48" bec="0" bev="0" fileid="164" />
                <SequencePoint vc="1" uspid="4605" ordinal="8" offset="76" sl="884" sc="7" el="884" ec="94" bec="0" bev="0" fileid="164" />
                <SequencePoint vc="1" uspid="4606" ordinal="9" offset="93" sl="885" sc="7" el="885" ec="29" bec="2" bev="1" fileid="164" />
                <SequencePoint vc="0" uspid="4607" ordinal="10" offset="96" sl="886" sc="9" el="886" ec="22" bec="0" bev="0" fileid="164" />
                <SequencePoint vc="1" uspid="4608" ordinal="11" offset="98" sl="888" sc="7" el="888" ec="34" bec="0" bev="0" fileid="164" />
              </SequencePoints>
              <BranchPoints>
                <BranchPoint vc="0" uspid="4609" ordinal="0" offset="1" sl="874" path="0" offsetend="3" fileid="164" />
                <BranchPoint vc="1" uspid="4610" ordinal="1" offset="1" sl="874" path="1" offsetend="14" fileid="164" />
                <BranchPoint vc="0" uspid="4611" ordinal="2" offset="94" sl="885" path="0" offsetend="96" fileid="164" />
                <BranchPoint vc="1" uspid="4612" ordinal="3" offset="94" sl="885" path="1" offsetend="98" fileid="164" />
              </BranchPoints>
              <MethodPoint xsi:type="SequencePoint" vc="1" uspid="4597" ordinal="0" offset="0" sl="874" sc="7" el="874" ec="28" bec="2" bev="1" fileid="164" />
            </Method>
            <Method visited="true" cyclomaticComplexity="7" nPathComplexity="32" sequenceCoverage="66.67" branchCoverage="54.55" isConstructor="false" isStatic="false" isGetter="false" isSetter="false">
              <Summary numSequencePoints="18" visitedSequencePoints="12" numBranchPoints="11" visitedBranchPoints="6" sequenceCoverage="66.67" branchCoverage="54.55" maxCyclomaticComplexity="7" minCyclomaticComplexity="7" visitedClasses="0" numClasses="0" visitedMethods="1" numMethods="1" />
              <MetadataToken>100664682</MetadataToken>
              <Name>System.Void IBM.Watson.DeveloperCloud.Services.SpeechToText.v1.SpeechToText::OnGetCustomizationsResp(IBM.Watson.DeveloperCloud.Connection.RESTConnector/Request,IBM.Watson.DeveloperCloud.Connection.RESTConnector/Response)</Name>
              <FileRef uid="164" />
              <SequencePoints>
                <SequencePoint vc="1" uspid="4613" ordinal="0" offset="0" sl="900" sc="7" el="900" ec="60" bec="0" bev="0" fileid="164" />
                <SequencePoint vc="1" uspid="4614" ordinal="1" offset="6" sl="901" sc="7" el="901" ec="24" bec="2" bev="1" fileid="164" />
                <SequencePoint vc="1" uspid="4615" ordinal="2" offset="17" sl="905" sc="11" el="905" ec="30" bec="0" bev="0" fileid="164" />
                <SequencePoint vc="1" uspid="4616" ordinal="3" offset="19" sl="906" sc="11" el="906" ec="89" bec="0" bev="0" fileid="164" />
                <SequencePoint vc="1" uspid="4617" ordinal="4" offset="43" sl="907" sc="11" el="907" ec="28" bec="2" bev="1" fileid="164" />
                <SequencePoint vc="0" uspid="4618" ordinal="5" offset="52" sl="908" sc="13" el="908" ec="60" bec="0" bev="0" fileid="164" />
                <SequencePoint vc="1" uspid="4619" ordinal="6" offset="65" sl="910" sc="11" el="910" ec="39" bec="0" bev="0" fileid="164" />
                <SequencePoint vc="1" uspid="4620" ordinal="7" offset="67" sl="911" sc="11" el="911" ec="74" bec="0" bev="0" fileid="164" />
                <SequencePoint vc="1" uspid="4621" ordinal="8" offset="87" sl="912" sc="11" el="912" ec="28" bec="2" bev="1" fileid="164" />
                <SequencePoint vc="0" uspid="4622" ordinal="9" offset="96" sl="913" sc="13" el="913" ec="60" bec="0" bev="0" fileid="164" />
                <SequencePoint vc="1" uspid="4623" ordinal="10" offset="109" sl="914" sc="9" el="914" ec="10" bec="0" bev="0" fileid="164" />
                <SequencePoint vc="0" uspid="4624" ordinal="11" offset="111" sl="915" sc="9" el="915" ec="28" bec="0" bev="0" fileid="164" />
                <SequencePoint vc="0" uspid="4625" ordinal="12" offset="113" sl="917" sc="11" el="917" ec="89" bec="0" bev="0" fileid="164" />
                <SequencePoint vc="0" uspid="4626" ordinal="13" offset="144" sl="918" sc="11" el="918" ec="32" bec="0" bev="0" fileid="164" />
                <SequencePoint vc="0" uspid="4627" ordinal="14" offset="151" sl="919" sc="9" el="919" ec="10" bec="0" bev="0" fileid="164" />
                <SequencePoint vc="1" uspid="4628" ordinal="15" offset="153" sl="922" sc="7" el="922" ec="56" bec="2" bev="1" fileid="164" />
                <SequencePoint vc="1" uspid="4629" ordinal="16" offset="166" sl="923" sc="9" el="923" ec="118" bec="2" bev="1" fileid="164" />
                <SequencePoint vc="1" uspid="4630" ordinal="17" offset="205" sl="924" sc="5" el="924" ec="6" bec="0" bev="0" fileid="164" />
              </SequencePoints>
              <BranchPoints>
                <BranchPoint vc="1" uspid="4631" ordinal="0" offset="12" sl="901" path="0" offsetend="17" fileid="164" />
                <BranchPoint vc="0" uspid="4632" ordinal="1" offset="12" sl="901" path="1" offsetend="153" fileid="164" />
                <BranchPoint vc="0" uspid="4633" ordinal="2" offset="50" sl="907" path="0" offsetend="52" fileid="164" />
                <BranchPoint vc="1" uspid="4634" ordinal="3" offset="50" sl="907" path="1" offsetend="65" fileid="164" />
                <BranchPoint vc="0" uspid="4635" ordinal="4" offset="94" sl="912" path="0" offsetend="96" fileid="164" />
                <BranchPoint vc="1" uspid="4636" ordinal="5" offset="94" sl="912" path="1" offsetend="109" fileid="164" />
                <BranchPoint vc="1" uspid="4637" ordinal="6" offset="164" sl="922" path="0" offsetend="166" fileid="164" />
                <BranchPoint vc="0" uspid="4638" ordinal="7" offset="164" sl="922" path="1" offsetend="205" fileid="164" />
                <BranchPoint vc="0" uspid="4639" ordinal="8" offset="183" sl="923" path="0" offsetend="185" fileid="164" />
                <BranchPoint vc="1" uspid="4640" ordinal="9" offset="183" sl="923" path="1" offsetend="188" fileid="164" />
              </BranchPoints>
              <MethodPoint xsi:type="SequencePoint" vc="1" uspid="4613" ordinal="0" offset="0" sl="900" sc="7" el="900" ec="60" bec="0" bev="0" fileid="164" />
            </Method>
            <Method visited="true" cyclomaticComplexity="6" nPathComplexity="16" sequenceCoverage="86.36" branchCoverage="55.56" isConstructor="false" isStatic="false" isGetter="false" isSetter="false">
              <Summary numSequencePoints="22" visitedSequencePoints="19" numBranchPoints="9" visitedBranchPoints="5" sequenceCoverage="86.36" branchCoverage="55.56" maxCyclomaticComplexity="6" minCyclomaticComplexity="6" visitedClasses="0" numClasses="0" visitedMethods="1" numMethods="1" />
              <MetadataToken>100664683</MetadataToken>
              <Name>System.Boolean IBM.Watson.DeveloperCloud.Services.SpeechToText.v1.SpeechToText::CreateCustomization(IBM.Watson.DeveloperCloud.Services.SpeechToText.v1.SpeechToText/CreateCustomizationCallback,System.String,System.String,System.String,System.String)</Name>
              <FileRef uid="164" />
              <SequencePoints>
                <SequencePoint vc="1" uspid="4641" ordinal="0" offset="0" sl="947" sc="7" el="947" ec="28" bec="2" bev="1" fileid="164" />
                <SequencePoint vc="0" uspid="4642" ordinal="1" offset="3" sl="948" sc="9" el="948" ec="53" bec="0" bev="0" fileid="164" />
                <SequencePoint vc="1" uspid="4643" ordinal="2" offset="14" sl="949" sc="7" el="949" ec="38" bec="2" bev="1" fileid="164" />
                <SequencePoint vc="0" uspid="4644" ordinal="3" offset="22" sl="950" sc="9" el="950" ec="98" bec="0" bev="0" fileid="164" />
                <SequencePoint vc="1" uspid="4645" ordinal="4" offset="33" sl="952" sc="7" el="952" ec="60" bec="0" bev="0" fileid="164" />
                <SequencePoint vc="1" uspid="4646" ordinal="5" offset="39" sl="953" sc="7" el="953" ec="34" bec="0" bev="0" fileid="164" />
                <SequencePoint vc="1" uspid="4647" ordinal="6" offset="46" sl="954" sc="7" el="954" ec="56" bec="0" bev="0" fileid="164" />
                <SequencePoint vc="1" uspid="4648" ordinal="7" offset="53" sl="955" sc="7" el="955" ec="91" bec="2" bev="1" fileid="164" />
                <SequencePoint vc="1" uspid="4649" ordinal="8" offset="73" sl="958" sc="7" el="958" ec="117" bec="0" bev="0" fileid="164" />
                <SequencePoint vc="1" uspid="4650" ordinal="9" offset="102" sl="959" sc="7" el="959" ec="69" bec="0" bev="0" fileid="164" />
                <SequencePoint vc="1" uspid="4651" ordinal="10" offset="110" sl="961" sc="7" el="961" ec="73" bec="0" bev="0" fileid="164" />
                <SequencePoint vc="1" uspid="4652" ordinal="11" offset="116" sl="962" sc="7" el="962" ec="31" bec="0" bev="0" fileid="164" />
                <SequencePoint vc="1" uspid="4653" ordinal="12" offset="123" sl="963" sc="7" el="963" ec="43" bec="0" bev="0" fileid="164" />
                <SequencePoint vc="1" uspid="4654" ordinal="13" offset="130" sl="964" sc="7" el="964" ec="29" bec="0" bev="0" fileid="164" />
                <SequencePoint vc="1" uspid="4655" ordinal="14" offset="138" sl="965" sc="7" el="965" ec="56" bec="0" bev="0" fileid="164" />
                <SequencePoint vc="1" uspid="4656" ordinal="15" offset="159" sl="966" sc="7" el="966" ec="50" bec="0" bev="0" fileid="164" />
                <SequencePoint vc="1" uspid="4657" ordinal="16" offset="180" sl="967" sc="7" el="967" ec="60" bec="0" bev="0" fileid="164" />
                <SequencePoint vc="1" uspid="4658" ordinal="17" offset="197" sl="968" sc="7" el="968" ec="50" bec="0" bev="0" fileid="164" />
                <SequencePoint vc="1" uspid="4659" ordinal="18" offset="215" sl="970" sc="7" el="970" ec="94" bec="0" bev="0" fileid="164" />
                <SequencePoint vc="1" uspid="4660" ordinal="19" offset="233" sl="971" sc="7" el="971" ec="29" bec="2" bev="1" fileid="164" />
                <SequencePoint vc="0" uspid="4661" ordinal="20" offset="237" sl="972" sc="9" el="972" ec="22" bec="0" bev="0" fileid="164" />
                <SequencePoint vc="1" uspid="4662" ordinal="21" offset="239" sl="974" sc="7" el="974" ec="34" bec="0" bev="0" fileid="164" />
              </SequencePoints>
              <BranchPoints>
                <BranchPoint vc="0" uspid="4663" ordinal="0" offset="1" sl="947" path="0" offsetend="3" fileid="164" />
                <BranchPoint vc="1" uspid="4664" ordinal="1" offset="1" sl="947" path="1" offsetend="14" fileid="164" />
                <BranchPoint vc="0" uspid="4665" ordinal="2" offset="20" sl="949" path="0" offsetend="22" fileid="164" />
                <BranchPoint vc="1" uspid="4666" ordinal="3" offset="20" sl="949" path="1" offsetend="33" fileid="164" />
                <BranchPoint vc="1" uspid="4667" ordinal="4" offset="61" sl="955" path="0" offsetend="63" fileid="164" />
                <BranchPoint vc="0" uspid="4668" ordinal="5" offset="61" sl="955" path="1" offsetend="67" fileid="164" />
                <BranchPoint vc="0" uspid="4669" ordinal="6" offset="235" sl="971" path="0" offsetend="237" fileid="164" />
                <BranchPoint vc="1" uspid="4670" ordinal="7" offset="235" sl="971" path="1" offsetend="239" fileid="164" />
              </BranchPoints>
              <MethodPoint xsi:type="SequencePoint" vc="1" uspid="4641" ordinal="0" offset="0" sl="947" sc="7" el="947" ec="28" bec="2" bev="1" fileid="164" />
            </Method>
            <Method visited="true" cyclomaticComplexity="7" nPathComplexity="32" sequenceCoverage="66.67" branchCoverage="54.55" isConstructor="false" isStatic="false" isGetter="false" isSetter="false">
              <Summary numSequencePoints="18" visitedSequencePoints="12" numBranchPoints="11" visitedBranchPoints="6" sequenceCoverage="66.67" branchCoverage="54.55" maxCyclomaticComplexity="7" minCyclomaticComplexity="7" visitedClasses="0" numClasses="0" visitedMethods="1" numMethods="1" />
              <MetadataToken>100664684</MetadataToken>
              <Name>System.Void IBM.Watson.DeveloperCloud.Services.SpeechToText.v1.SpeechToText::OnCreateCustomizationResp(IBM.Watson.DeveloperCloud.Connection.RESTConnector/Request,IBM.Watson.DeveloperCloud.Connection.RESTConnector/Response)</Name>
              <FileRef uid="164" />
              <SequencePoints>
                <SequencePoint vc="1" uspid="4671" ordinal="0" offset="0" sl="986" sc="7" el="986" ec="63" bec="0" bev="0" fileid="164" />
                <SequencePoint vc="1" uspid="4672" ordinal="1" offset="6" sl="987" sc="7" el="987" ec="24" bec="2" bev="1" fileid="164" />
                <SequencePoint vc="1" uspid="4673" ordinal="2" offset="17" sl="991" sc="11" el="991" ec="30" bec="0" bev="0" fileid="164" />
                <SequencePoint vc="1" uspid="4674" ordinal="3" offset="19" sl="992" sc="11" el="992" ec="89" bec="0" bev="0" fileid="164" />
                <SequencePoint vc="1" uspid="4675" ordinal="4" offset="43" sl="993" sc="11" el="993" ec="28" bec="2" bev="1" fileid="164" />
                <SequencePoint vc="0" uspid="4676" ordinal="5" offset="52" sl="994" sc="13" el="994" ec="60" bec="0" bev="0" fileid="164" />
                <SequencePoint vc="1" uspid="4677" ordinal="6" offset="65" sl="996" sc="11" el="996" ec="40" bec="0" bev="0" fileid="164" />
                <SequencePoint vc="1" uspid="4678" ordinal="7" offset="67" sl="997" sc="11" el="997" ec="74" bec="0" bev="0" fileid="164" />
                <SequencePoint vc="1" uspid="4679" ordinal="8" offset="87" sl="998" sc="11" el="998" ec="28" bec="2" bev="1" fileid="164" />
                <SequencePoint vc="0" uspid="4680" ordinal="9" offset="96" sl="999" sc="13" el="999" ec="60" bec="0" bev="0" fileid="164" />
                <SequencePoint vc="1" uspid="4681" ordinal="10" offset="109" sl="1000" sc="9" el="1000" ec="10" bec="0" bev="0" fileid="164" />
                <SequencePoint vc="0" uspid="4682" ordinal="11" offset="111" sl="1001" sc="9" el="1001" ec="28" bec="0" bev="0" fileid="164" />
                <SequencePoint vc="0" uspid="4683" ordinal="12" offset="113" sl="1003" sc="11" el="1003" ec="91" bec="0" bev="0" fileid="164" />
                <SequencePoint vc="0" uspid="4684" ordinal="13" offset="144" sl="1004" sc="11" el="1004" ec="32" bec="0" bev="0" fileid="164" />
                <SequencePoint vc="0" uspid="4685" ordinal="14" offset="151" sl="1005" sc="9" el="1005" ec="10" bec="0" bev="0" fileid="164" />
                <SequencePoint vc="1" uspid="4686" ordinal="15" offset="153" sl="1008" sc="7" el="1008" ec="62" bec="2" bev="1" fileid="164" />
                <SequencePoint vc="1" uspid="4687" ordinal="16" offset="166" sl="1009" sc="9" el="1009" ec="131" bec="2" bev="1" fileid="164" />
                <SequencePoint vc="1" uspid="4688" ordinal="17" offset="205" sl="1010" sc="5" el="1010" ec="6" bec="0" bev="0" fileid="164" />
              </SequencePoints>
              <BranchPoints>
                <BranchPoint vc="1" uspid="4689" ordinal="0" offset="12" sl="987" path="0" offsetend="17" fileid="164" />
                <BranchPoint vc="0" uspid="4690" ordinal="1" offset="12" sl="987" path="1" offsetend="153" fileid="164" />
                <BranchPoint vc="0" uspid="4691" ordinal="2" offset="50" sl="993" path="0" offsetend="52" fileid="164" />
                <BranchPoint vc="1" uspid="4692" ordinal="3" offset="50" sl="993" path="1" offsetend="65" fileid="164" />
                <BranchPoint vc="0" uspid="4693" ordinal="4" offset="94" sl="998" path="0" offsetend="96" fileid="164" />
                <BranchPoint vc="1" uspid="4694" ordinal="5" offset="94" sl="998" path="1" offsetend="109" fileid="164" />
                <BranchPoint vc="1" uspid="4695" ordinal="6" offset="164" sl="1008" path="0" offsetend="166" fileid="164" />
                <BranchPoint vc="0" uspid="4696" ordinal="7" offset="164" sl="1008" path="1" offsetend="205" fileid="164" />
                <BranchPoint vc="0" uspid="4697" ordinal="8" offset="183" sl="1009" path="0" offsetend="185" fileid="164" />
                <BranchPoint vc="1" uspid="4698" ordinal="9" offset="183" sl="1009" path="1" offsetend="188" fileid="164" />
              </BranchPoints>
              <MethodPoint xsi:type="SequencePoint" vc="1" uspid="4671" ordinal="0" offset="0" sl="986" sc="7" el="986" ec="63" bec="0" bev="0" fileid="164" />
            </Method>
            <Method visited="true" cyclomaticComplexity="4" nPathComplexity="8" sequenceCoverage="80" branchCoverage="57.14" isConstructor="false" isStatic="false" isGetter="false" isSetter="false">
              <Summary numSequencePoints="15" visitedSequencePoints="12" numBranchPoints="7" visitedBranchPoints="4" sequenceCoverage="80" branchCoverage="57.14" maxCyclomaticComplexity="4" minCyclomaticComplexity="4" visitedClasses="0" numClasses="0" visitedMethods="1" numMethods="1" />
              <MetadataToken>100664685</MetadataToken>
              <Name>System.Boolean IBM.Watson.DeveloperCloud.Services.SpeechToText.v1.SpeechToText::DeleteCustomization(IBM.Watson.DeveloperCloud.Services.SpeechToText.v1.SpeechToText/OnDeleteCustomizationCallback,System.String,System.String)</Name>
              <FileRef uid="164" />
              <SequencePoints>
                <SequencePoint vc="1" uspid="4699" ordinal="0" offset="0" sl="1030" sc="7" el="1030" ec="28" bec="2" bev="1" fileid="164" />
                <SequencePoint vc="0" uspid="4700" ordinal="1" offset="3" sl="1031" sc="9" el="1031" ec="53" bec="0" bev="0" fileid="164" />
                <SequencePoint vc="1" uspid="4701" ordinal="2" offset="14" sl="1032" sc="7" el="1032" ec="49" bec="2" bev="1" fileid="164" />
                <SequencePoint vc="0" uspid="4702" ordinal="3" offset="22" sl="1033" sc="9" el="1033" ec="108" bec="0" bev="0" fileid="164" />
                <SequencePoint vc="1" uspid="4703" ordinal="4" offset="33" sl="1035" sc="7" el="1035" ec="73" bec="0" bev="0" fileid="164" />
                <SequencePoint vc="1" uspid="4704" ordinal="5" offset="39" sl="1036" sc="7" el="1036" ec="31" bec="0" bev="0" fileid="164" />
                <SequencePoint vc="1" uspid="4705" ordinal="6" offset="46" sl="1037" sc="7" el="1037" ec="45" bec="0" bev="0" fileid="164" />
                <SequencePoint vc="1" uspid="4706" ordinal="7" offset="53" sl="1038" sc="7" el="1038" ec="29" bec="0" bev="0" fileid="164" />
                <SequencePoint vc="1" uspid="4707" ordinal="8" offset="60" sl="1039" sc="7" el="1039" ec="25" bec="0" bev="0" fileid="164" />
                <SequencePoint vc="1" uspid="4708" ordinal="9" offset="67" sl="1040" sc="7" el="1040" ec="50" bec="0" bev="0" fileid="164" />
                <SequencePoint vc="1" uspid="4709" ordinal="10" offset="85" sl="1042" sc="7" el="1042" ec="49" bec="0" bev="0" fileid="164" />
                <SequencePoint vc="1" uspid="4710" ordinal="11" offset="91" sl="1043" sc="7" el="1043" ec="113" bec="0" bev="0" fileid="164" />
                <SequencePoint vc="1" uspid="4711" ordinal="12" offset="110" sl="1044" sc="7" el="1044" ec="29" bec="2" bev="1" fileid="164" />
                <SequencePoint vc="0" uspid="4712" ordinal="13" offset="113" sl="1045" sc="9" el="1045" ec="22" bec="0" bev="0" fileid="164" />
                <SequencePoint vc="1" uspid="4713" ordinal="14" offset="115" sl="1047" sc="7" el="1047" ec="34" bec="0" bev="0" fileid="164" />
              </SequencePoints>
              <BranchPoints>
                <BranchPoint vc="0" uspid="4714" ordinal="0" offset="1" sl="1030" path="0" offsetend="3" fileid="164" />
                <BranchPoint vc="1" uspid="4715" ordinal="1" offset="1" sl="1030" path="1" offsetend="14" fileid="164" />
                <BranchPoint vc="0" uspid="4716" ordinal="2" offset="20" sl="1032" path="0" offsetend="22" fileid="164" />
                <BranchPoint vc="1" uspid="4717" ordinal="3" offset="20" sl="1032" path="1" offsetend="33" fileid="164" />
                <BranchPoint vc="0" uspid="4718" ordinal="4" offset="111" sl="1044" path="0" offsetend="113" fileid="164" />
                <BranchPoint vc="1" uspid="4719" ordinal="5" offset="111" sl="1044" path="1" offsetend="115" fileid="164" />
              </BranchPoints>
              <MethodPoint xsi:type="SequencePoint" vc="1" uspid="4699" ordinal="0" offset="0" sl="1030" sc="7" el="1030" ec="28" bec="2" bev="1" fileid="164" />
            </Method>
            <Method visited="true" cyclomaticComplexity="2" nPathComplexity="2" sequenceCoverage="100" branchCoverage="66.67" isConstructor="false" isStatic="false" isGetter="false" isSetter="false">
              <Summary numSequencePoints="3" visitedSequencePoints="3" numBranchPoints="3" visitedBranchPoints="2" sequenceCoverage="100" branchCoverage="66.67" maxCyclomaticComplexity="2" minCyclomaticComplexity="2" visitedClasses="0" numClasses="0" visitedMethods="1" numMethods="1" />
              <MetadataToken>100664686</MetadataToken>
              <Name>System.Void IBM.Watson.DeveloperCloud.Services.SpeechToText.v1.SpeechToText::OnDeleteCustomizationResp(IBM.Watson.DeveloperCloud.Connection.RESTConnector/Request,IBM.Watson.DeveloperCloud.Connection.RESTConnector/Response)</Name>
              <FileRef uid="164" />
              <SequencePoints>
                <SequencePoint vc="1" uspid="4720" ordinal="0" offset="0" sl="1059" sc="7" el="1059" ec="62" bec="2" bev="1" fileid="164" />
                <SequencePoint vc="1" uspid="4721" ordinal="1" offset="13" sl="1060" sc="9" el="1060" ec="106" bec="0" bev="0" fileid="164" />
                <SequencePoint vc="1" uspid="4722" ordinal="2" offset="46" sl="1061" sc="5" el="1061" ec="6" bec="0" bev="0" fileid="164" />
              </SequencePoints>
              <BranchPoints>
                <BranchPoint vc="1" uspid="4723" ordinal="0" offset="11" sl="1059" path="0" offsetend="13" fileid="164" />
                <BranchPoint vc="0" uspid="4724" ordinal="1" offset="11" sl="1059" path="1" offsetend="46" fileid="164" />
              </BranchPoints>
              <MethodPoint xsi:type="SequencePoint" vc="1" uspid="4720" ordinal="0" offset="0" sl="1059" sc="7" el="1059" ec="62" bec="2" bev="1" fileid="164" />
            </Method>
            <Method visited="true" cyclomaticComplexity="4" nPathComplexity="8" sequenceCoverage="78.57" branchCoverage="57.14" isConstructor="false" isStatic="false" isGetter="false" isSetter="false">
              <Summary numSequencePoints="14" visitedSequencePoints="11" numBranchPoints="7" visitedBranchPoints="4" sequenceCoverage="78.57" branchCoverage="57.14" maxCyclomaticComplexity="4" minCyclomaticComplexity="4" visitedClasses="0" numClasses="0" visitedMethods="1" numMethods="1" />
              <MetadataToken>100664687</MetadataToken>
              <Name>System.Boolean IBM.Watson.DeveloperCloud.Services.SpeechToText.v1.SpeechToText::GetCustomization(IBM.Watson.DeveloperCloud.Services.SpeechToText.v1.SpeechToText/GetCustomizationCallback,System.String,System.String)</Name>
              <FileRef uid="164" />
              <SequencePoints>
                <SequencePoint vc="1" uspid="4725" ordinal="0" offset="0" sl="1081" sc="7" el="1081" ec="28" bec="2" bev="1" fileid="164" />
                <SequencePoint vc="0" uspid="4726" ordinal="1" offset="3" sl="1082" sc="9" el="1082" ec="53" bec="0" bev="0" fileid="164" />
                <SequencePoint vc="1" uspid="4727" ordinal="2" offset="14" sl="1083" sc="7" el="1083" ec="49" bec="2" bev="1" fileid="164" />
                <SequencePoint vc="0" uspid="4728" ordinal="3" offset="22" sl="1084" sc="9" el="1084" ec="94" bec="0" bev="0" fileid="164" />
                <SequencePoint vc="1" uspid="4729" ordinal="4" offset="33" sl="1086" sc="7" el="1086" ec="67" bec="0" bev="0" fileid="164" />
                <SequencePoint vc="1" uspid="4730" ordinal="5" offset="39" sl="1087" sc="7" el="1087" ec="31" bec="0" bev="0" fileid="164" />
                <SequencePoint vc="1" uspid="4731" ordinal="6" offset="46" sl="1088" sc="7" el="1088" ec="45" bec="0" bev="0" fileid="164" />
                <SequencePoint vc="1" uspid="4732" ordinal="7" offset="53" sl="1089" sc="7" el="1089" ec="29" bec="0" bev="0" fileid="164" />
                <SequencePoint vc="1" uspid="4733" ordinal="8" offset="60" sl="1090" sc="7" el="1090" ec="47" bec="0" bev="0" fileid="164" />
                <SequencePoint vc="1" uspid="4734" ordinal="9" offset="78" sl="1092" sc="7" el="1092" ec="49" bec="0" bev="0" fileid="164" />
                <SequencePoint vc="1" uspid="4735" ordinal="10" offset="84" sl="1093" sc="7" el="1093" ec="113" bec="0" bev="0" fileid="164" />
                <SequencePoint vc="1" uspid="4736" ordinal="11" offset="103" sl="1094" sc="7" el="1094" ec="29" bec="2" bev="1" fileid="164" />
                <SequencePoint vc="0" uspid="4737" ordinal="12" offset="106" sl="1095" sc="9" el="1095" ec="22" bec="0" bev="0" fileid="164" />
                <SequencePoint vc="1" uspid="4738" ordinal="13" offset="108" sl="1097" sc="7" el="1097" ec="34" bec="0" bev="0" fileid="164" />
              </SequencePoints>
              <BranchPoints>
                <BranchPoint vc="0" uspid="4739" ordinal="0" offset="1" sl="1081" path="0" offsetend="3" fileid="164" />
                <BranchPoint vc="1" uspid="4740" ordinal="1" offset="1" sl="1081" path="1" offsetend="14" fileid="164" />
                <BranchPoint vc="0" uspid="4741" ordinal="2" offset="20" sl="1083" path="0" offsetend="22" fileid="164" />
                <BranchPoint vc="1" uspid="4742" ordinal="3" offset="20" sl="1083" path="1" offsetend="33" fileid="164" />
                <BranchPoint vc="0" uspid="4743" ordinal="4" offset="104" sl="1094" path="0" offsetend="106" fileid="164" />
                <BranchPoint vc="1" uspid="4744" ordinal="5" offset="104" sl="1094" path="1" offsetend="108" fileid="164" />
              </BranchPoints>
              <MethodPoint xsi:type="SequencePoint" vc="1" uspid="4725" ordinal="0" offset="0" sl="1081" sc="7" el="1081" ec="28" bec="2" bev="1" fileid="164" />
            </Method>
            <Method visited="true" cyclomaticComplexity="7" nPathComplexity="32" sequenceCoverage="66.67" branchCoverage="54.55" isConstructor="false" isStatic="false" isGetter="false" isSetter="false">
              <Summary numSequencePoints="18" visitedSequencePoints="12" numBranchPoints="11" visitedBranchPoints="6" sequenceCoverage="66.67" branchCoverage="54.55" maxCyclomaticComplexity="7" minCyclomaticComplexity="7" visitedClasses="0" numClasses="0" visitedMethods="1" numMethods="1" />
              <MetadataToken>100664688</MetadataToken>
              <Name>System.Void IBM.Watson.DeveloperCloud.Services.SpeechToText.v1.SpeechToText::OnGetCustomizationResp(IBM.Watson.DeveloperCloud.Connection.RESTConnector/Request,IBM.Watson.DeveloperCloud.Connection.RESTConnector/Response)</Name>
              <FileRef uid="164" />
              <SequencePoints>
                <SequencePoint vc="1" uspid="4745" ordinal="0" offset="0" sl="1109" sc="7" el="1109" ec="57" bec="0" bev="0" fileid="164" />
                <SequencePoint vc="1" uspid="4746" ordinal="1" offset="6" sl="1110" sc="7" el="1110" ec="24" bec="2" bev="1" fileid="164" />
                <SequencePoint vc="1" uspid="4747" ordinal="2" offset="17" sl="1114" sc="11" el="1114" ec="30" bec="0" bev="0" fileid="164" />
                <SequencePoint vc="1" uspid="4748" ordinal="3" offset="19" sl="1115" sc="11" el="1115" ec="89" bec="0" bev="0" fileid="164" />
                <SequencePoint vc="1" uspid="4749" ordinal="4" offset="43" sl="1116" sc="11" el="1116" ec="28" bec="2" bev="1" fileid="164" />
                <SequencePoint vc="0" uspid="4750" ordinal="5" offset="52" sl="1117" sc="13" el="1117" ec="60" bec="0" bev="0" fileid="164" />
                <SequencePoint vc="1" uspid="4751" ordinal="6" offset="65" sl="1119" sc="11" el="1119" ec="38" bec="0" bev="0" fileid="164" />
                <SequencePoint vc="1" uspid="4752" ordinal="7" offset="67" sl="1120" sc="11" el="1120" ec="74" bec="0" bev="0" fileid="164" />
                <SequencePoint vc="1" uspid="4753" ordinal="8" offset="87" sl="1121" sc="11" el="1121" ec="28" bec="2" bev="1" fileid="164" />
                <SequencePoint vc="0" uspid="4754" ordinal="9" offset="96" sl="1122" sc="13" el="1122" ec="60" bec="0" bev="0" fileid="164" />
                <SequencePoint vc="1" uspid="4755" ordinal="10" offset="109" sl="1123" sc="9" el="1123" ec="10" bec="0" bev="0" fileid="164" />
                <SequencePoint vc="0" uspid="4756" ordinal="11" offset="111" sl="1124" sc="9" el="1124" ec="28" bec="0" bev="0" fileid="164" />
                <SequencePoint vc="0" uspid="4757" ordinal="12" offset="113" sl="1126" sc="11" el="1126" ec="88" bec="0" bev="0" fileid="164" />
                <SequencePoint vc="0" uspid="4758" ordinal="13" offset="144" sl="1127" sc="11" el="1127" ec="32" bec="0" bev="0" fileid="164" />
                <SequencePoint vc="0" uspid="4759" ordinal="14" offset="151" sl="1128" sc="9" el="1128" ec="10" bec="0" bev="0" fileid="164" />
                <SequencePoint vc="1" uspid="4760" ordinal="15" offset="153" sl="1131" sc="7" el="1131" ec="59" bec="2" bev="1" fileid="164" />
                <SequencePoint vc="1" uspid="4761" ordinal="16" offset="166" sl="1132" sc="9" el="1132" ec="123" bec="2" bev="1" fileid="164" />
                <SequencePoint vc="1" uspid="4762" ordinal="17" offset="205" sl="1133" sc="5" el="1133" ec="6" bec="0" bev="0" fileid="164" />
              </SequencePoints>
              <BranchPoints>
                <BranchPoint vc="1" uspid="4763" ordinal="0" offset="12" sl="1110" path="0" offsetend="17" fileid="164" />
                <BranchPoint vc="0" uspid="4764" ordinal="1" offset="12" sl="1110" path="1" offsetend="153" fileid="164" />
                <BranchPoint vc="0" uspid="4765" ordinal="2" offset="50" sl="1116" path="0" offsetend="52" fileid="164" />
                <BranchPoint vc="1" uspid="4766" ordinal="3" offset="50" sl="1116" path="1" offsetend="65" fileid="164" />
                <BranchPoint vc="0" uspid="4767" ordinal="4" offset="94" sl="1121" path="0" offsetend="96" fileid="164" />
                <BranchPoint vc="1" uspid="4768" ordinal="5" offset="94" sl="1121" path="1" offsetend="109" fileid="164" />
                <BranchPoint vc="1" uspid="4769" ordinal="6" offset="164" sl="1131" path="0" offsetend="166" fileid="164" />
                <BranchPoint vc="0" uspid="4770" ordinal="7" offset="164" sl="1131" path="1" offsetend="205" fileid="164" />
                <BranchPoint vc="0" uspid="4771" ordinal="8" offset="183" sl="1132" path="0" offsetend="185" fileid="164" />
                <BranchPoint vc="1" uspid="4772" ordinal="9" offset="183" sl="1132" path="1" offsetend="188" fileid="164" />
              </BranchPoints>
              <MethodPoint xsi:type="SequencePoint" vc="1" uspid="4745" ordinal="0" offset="0" sl="1109" sc="7" el="1109" ec="57" bec="0" bev="0" fileid="164" />
            </Method>
            <Method visited="true" cyclomaticComplexity="4" nPathComplexity="8" sequenceCoverage="83.33" branchCoverage="57.14" isConstructor="false" isStatic="false" isGetter="false" isSetter="false">
              <Summary numSequencePoints="18" visitedSequencePoints="15" numBranchPoints="7" visitedBranchPoints="4" sequenceCoverage="83.33" branchCoverage="57.14" maxCyclomaticComplexity="4" minCyclomaticComplexity="4" visitedClasses="0" numClasses="0" visitedMethods="1" numMethods="1" />
              <MetadataToken>100664689</MetadataToken>
              <Name>System.Boolean IBM.Watson.DeveloperCloud.Services.SpeechToText.v1.SpeechToText::TrainCustomization(IBM.Watson.DeveloperCloud.Services.SpeechToText.v1.SpeechToText/TrainCustomizationCallback,System.String,System.String,System.String)</Name>
              <FileRef uid="164" />
              <SequencePoints>
                <SequencePoint vc="1" uspid="4773" ordinal="0" offset="0" sl="1161" sc="7" el="1161" ec="28" bec="2" bev="1" fileid="164" />
                <SequencePoint vc="0" uspid="4774" ordinal="1" offset="3" sl="1162" sc="9" el="1162" ec="53" bec="0" bev="0" fileid="164" />
                <SequencePoint vc="1" uspid="4775" ordinal="2" offset="14" sl="1163" sc="7" el="1163" ec="49" bec="2" bev="1" fileid="164" />
                <SequencePoint vc="0" uspid="4776" ordinal="3" offset="22" sl="1164" sc="9" el="1164" ec="96" bec="0" bev="0" fileid="164" />
                <SequencePoint vc="1" uspid="4777" ordinal="4" offset="33" sl="1166" sc="7" el="1166" ec="71" bec="0" bev="0" fileid="164" />
                <SequencePoint vc="1" uspid="4778" ordinal="5" offset="39" sl="1167" sc="7" el="1167" ec="31" bec="0" bev="0" fileid="164" />
                <SequencePoint vc="1" uspid="4779" ordinal="6" offset="46" sl="1168" sc="7" el="1168" ec="45" bec="0" bev="0" fileid="164" />
                <SequencePoint vc="1" uspid="4780" ordinal="7" offset="53" sl="1169" sc="7" el="1169" ec="29" bec="0" bev="0" fileid="164" />
                <SequencePoint vc="1" uspid="4781" ordinal="8" offset="61" sl="1170" sc="7" el="1170" ec="58" bec="0" bev="0" fileid="164" />
                <SequencePoint vc="1" uspid="4782" ordinal="9" offset="78" sl="1171" sc="7" el="1171" ec="56" bec="0" bev="0" fileid="164" />
                <SequencePoint vc="1" uspid="4783" ordinal="10" offset="99" sl="1172" sc="7" el="1172" ec="50" bec="0" bev="0" fileid="164" />
                <SequencePoint vc="1" uspid="4784" ordinal="11" offset="120" sl="1173" sc="7" el="1173" ec="47" bec="0" bev="0" fileid="164" />
                <SequencePoint vc="1" uspid="4785" ordinal="12" offset="141" sl="1174" sc="7" el="1174" ec="49" bec="0" bev="0" fileid="164" />
                <SequencePoint vc="1" uspid="4786" ordinal="13" offset="159" sl="1176" sc="7" el="1176" ec="55" bec="0" bev="0" fileid="164" />
                <SequencePoint vc="1" uspid="4787" ordinal="14" offset="165" sl="1177" sc="7" el="1177" ec="113" bec="0" bev="0" fileid="164" />
                <SequencePoint vc="1" uspid="4788" ordinal="15" offset="184" sl="1178" sc="7" el="1178" ec="29" bec="2" bev="1" fileid="164" />
                <SequencePoint vc="0" uspid="4789" ordinal="16" offset="187" sl="1179" sc="9" el="1179" ec="22" bec="0" bev="0" fileid="164" />
                <SequencePoint vc="1" uspid="4790" ordinal="17" offset="189" sl="1181" sc="7" el="1181" ec="34" bec="0" bev="0" fileid="164" />
              </SequencePoints>
              <BranchPoints>
                <BranchPoint vc="0" uspid="4791" ordinal="0" offset="1" sl="1161" path="0" offsetend="3" fileid="164" />
                <BranchPoint vc="1" uspid="4792" ordinal="1" offset="1" sl="1161" path="1" offsetend="14" fileid="164" />
                <BranchPoint vc="0" uspid="4793" ordinal="2" offset="20" sl="1163" path="0" offsetend="22" fileid="164" />
                <BranchPoint vc="1" uspid="4794" ordinal="3" offset="20" sl="1163" path="1" offsetend="33" fileid="164" />
                <BranchPoint vc="0" uspid="4795" ordinal="4" offset="185" sl="1178" path="0" offsetend="187" fileid="164" />
                <BranchPoint vc="1" uspid="4796" ordinal="5" offset="185" sl="1178" path="1" offsetend="189" fileid="164" />
              </BranchPoints>
              <MethodPoint xsi:type="SequencePoint" vc="1" uspid="4773" ordinal="0" offset="0" sl="1161" sc="7" el="1161" ec="28" bec="2" bev="1" fileid="164" />
            </Method>
            <Method visited="true" cyclomaticComplexity="2" nPathComplexity="2" sequenceCoverage="100" branchCoverage="66.67" isConstructor="false" isStatic="false" isGetter="false" isSetter="false">
              <Summary numSequencePoints="3" visitedSequencePoints="3" numBranchPoints="3" visitedBranchPoints="2" sequenceCoverage="100" branchCoverage="66.67" maxCyclomaticComplexity="2" minCyclomaticComplexity="2" visitedClasses="0" numClasses="0" visitedMethods="1" numMethods="1" />
              <MetadataToken>100664690</MetadataToken>
              <Name>System.Void IBM.Watson.DeveloperCloud.Services.SpeechToText.v1.SpeechToText::OnTrainCustomizationResp(IBM.Watson.DeveloperCloud.Connection.RESTConnector/Request,IBM.Watson.DeveloperCloud.Connection.RESTConnector/Response)</Name>
              <FileRef uid="164" />
              <SequencePoints>
                <SequencePoint vc="1" uspid="4797" ordinal="0" offset="0" sl="1193" sc="7" el="1193" ec="61" bec="2" bev="1" fileid="164" />
                <SequencePoint vc="1" uspid="4798" ordinal="1" offset="13" sl="1194" sc="9" el="1194" ec="104" bec="0" bev="0" fileid="164" />
                <SequencePoint vc="1" uspid="4799" ordinal="2" offset="46" sl="1195" sc="5" el="1195" ec="6" bec="0" bev="0" fileid="164" />
              </SequencePoints>
              <BranchPoints>
                <BranchPoint vc="1" uspid="4800" ordinal="0" offset="11" sl="1193" path="0" offsetend="13" fileid="164" />
                <BranchPoint vc="0" uspid="4801" ordinal="1" offset="11" sl="1193" path="1" offsetend="46" fileid="164" />
              </BranchPoints>
              <MethodPoint xsi:type="SequencePoint" vc="1" uspid="4797" ordinal="0" offset="0" sl="1193" sc="7" el="1193" ec="61" bec="2" bev="1" fileid="164" />
            </Method>
            <Method visited="true" cyclomaticComplexity="4" nPathComplexity="8" sequenceCoverage="82.35" branchCoverage="57.14" isConstructor="false" isStatic="false" isGetter="false" isSetter="false">
              <Summary numSequencePoints="17" visitedSequencePoints="14" numBranchPoints="7" visitedBranchPoints="4" sequenceCoverage="82.35" branchCoverage="57.14" maxCyclomaticComplexity="4" minCyclomaticComplexity="4" visitedClasses="0" numClasses="0" visitedMethods="1" numMethods="1" />
              <MetadataToken>100664691</MetadataToken>
              <Name>System.Boolean IBM.Watson.DeveloperCloud.Services.SpeechToText.v1.SpeechToText::ResetCustomization(IBM.Watson.DeveloperCloud.Services.SpeechToText.v1.SpeechToText/ResetCustomizationCallback,System.String,System.String)</Name>
              <FileRef uid="164" />
              <SequencePoints>
                <SequencePoint vc="1" uspid="4802" ordinal="0" offset="0" sl="1215" sc="7" el="1215" ec="28" bec="2" bev="1" fileid="164" />
                <SequencePoint vc="0" uspid="4803" ordinal="1" offset="3" sl="1216" sc="9" el="1216" ec="53" bec="0" bev="0" fileid="164" />
                <SequencePoint vc="1" uspid="4804" ordinal="2" offset="14" sl="1217" sc="7" el="1217" ec="49" bec="2" bev="1" fileid="164" />
                <SequencePoint vc="0" uspid="4805" ordinal="3" offset="22" sl="1218" sc="9" el="1218" ec="95" bec="0" bev="0" fileid="164" />
                <SequencePoint vc="1" uspid="4806" ordinal="4" offset="33" sl="1220" sc="7" el="1220" ec="71" bec="0" bev="0" fileid="164" />
                <SequencePoint vc="1" uspid="4807" ordinal="5" offset="39" sl="1221" sc="7" el="1221" ec="31" bec="0" bev="0" fileid="164" />
                <SequencePoint vc="1" uspid="4808" ordinal="6" offset="46" sl="1222" sc="7" el="1222" ec="45" bec="0" bev="0" fileid="164" />
                <SequencePoint vc="1" uspid="4809" ordinal="7" offset="53" sl="1223" sc="7" el="1223" ec="29" bec="0" bev="0" fileid="164" />
                <SequencePoint vc="1" uspid="4810" ordinal="8" offset="60" sl="1224" sc="7" el="1224" ec="56" bec="0" bev="0" fileid="164" />
                <SequencePoint vc="1" uspid="4811" ordinal="9" offset="81" sl="1225" sc="7" el="1225" ec="50" bec="0" bev="0" fileid="164" />
                <SequencePoint vc="1" uspid="4812" ordinal="10" offset="102" sl="1226" sc="7" el="1226" ec="47" bec="0" bev="0" fileid="164" />
                <SequencePoint vc="1" uspid="4813" ordinal="11" offset="123" sl="1227" sc="7" el="1227" ec="49" bec="0" bev="0" fileid="164" />
                <SequencePoint vc="1" uspid="4814" ordinal="12" offset="141" sl="1229" sc="7" el="1229" ec="55" bec="0" bev="0" fileid="164" />
                <SequencePoint vc="1" uspid="4815" ordinal="13" offset="147" sl="1230" sc="7" el="1230" ec="113" bec="0" bev="0" fileid="164" />
                <SequencePoint vc="1" uspid="4816" ordinal="14" offset="166" sl="1231" sc="7" el="1231" ec="29" bec="2" bev="1" fileid="164" />
                <SequencePoint vc="0" uspid="4817" ordinal="15" offset="169" sl="1232" sc="9" el="1232" ec="22" bec="0" bev="0" fileid="164" />
                <SequencePoint vc="1" uspid="4818" ordinal="16" offset="171" sl="1234" sc="7" el="1234" ec="34" bec="0" bev="0" fileid="164" />
              </SequencePoints>
              <BranchPoints>
                <BranchPoint vc="0" uspid="4819" ordinal="0" offset="1" sl="1215" path="0" offsetend="3" fileid="164" />
                <BranchPoint vc="1" uspid="4820" ordinal="1" offset="1" sl="1215" path="1" offsetend="14" fileid="164" />
                <BranchPoint vc="0" uspid="4821" ordinal="2" offset="20" sl="1217" path="0" offsetend="22" fileid="164" />
                <BranchPoint vc="1" uspid="4822" ordinal="3" offset="20" sl="1217" path="1" offsetend="33" fileid="164" />
                <BranchPoint vc="0" uspid="4823" ordinal="4" offset="167" sl="1231" path="0" offsetend="169" fileid="164" />
                <BranchPoint vc="1" uspid="4824" ordinal="5" offset="167" sl="1231" path="1" offsetend="171" fileid="164" />
              </BranchPoints>
              <MethodPoint xsi:type="SequencePoint" vc="1" uspid="4802" ordinal="0" offset="0" sl="1215" sc="7" el="1215" ec="28" bec="2" bev="1" fileid="164" />
            </Method>
            <Method visited="true" cyclomaticComplexity="2" nPathComplexity="2" sequenceCoverage="100" branchCoverage="66.67" isConstructor="false" isStatic="false" isGetter="false" isSetter="false">
              <Summary numSequencePoints="3" visitedSequencePoints="3" numBranchPoints="3" visitedBranchPoints="2" sequenceCoverage="100" branchCoverage="66.67" maxCyclomaticComplexity="2" minCyclomaticComplexity="2" visitedClasses="0" numClasses="0" visitedMethods="1" numMethods="1" />
              <MetadataToken>100664692</MetadataToken>
              <Name>System.Void IBM.Watson.DeveloperCloud.Services.SpeechToText.v1.SpeechToText::OnResetCustomizationResp(IBM.Watson.DeveloperCloud.Connection.RESTConnector/Request,IBM.Watson.DeveloperCloud.Connection.RESTConnector/Response)</Name>
              <FileRef uid="164" />
              <SequencePoints>
                <SequencePoint vc="1" uspid="4825" ordinal="0" offset="0" sl="1246" sc="7" el="1246" ec="61" bec="2" bev="1" fileid="164" />
                <SequencePoint vc="1" uspid="4826" ordinal="1" offset="13" sl="1247" sc="9" el="1247" ec="104" bec="0" bev="0" fileid="164" />
                <SequencePoint vc="1" uspid="4827" ordinal="2" offset="46" sl="1248" sc="5" el="1248" ec="6" bec="0" bev="0" fileid="164" />
              </SequencePoints>
              <BranchPoints>
                <BranchPoint vc="1" uspid="4828" ordinal="0" offset="11" sl="1246" path="0" offsetend="13" fileid="164" />
                <BranchPoint vc="0" uspid="4829" ordinal="1" offset="11" sl="1246" path="1" offsetend="46" fileid="164" />
              </BranchPoints>
              <MethodPoint xsi:type="SequencePoint" vc="1" uspid="4825" ordinal="0" offset="0" sl="1246" sc="7" el="1246" ec="61" bec="2" bev="1" fileid="164" />
            </Method>
            <Method visited="false" cyclomaticComplexity="4" nPathComplexity="8" sequenceCoverage="0" branchCoverage="0" isConstructor="false" isStatic="false" isGetter="false" isSetter="false">
              <Summary numSequencePoints="17" visitedSequencePoints="0" numBranchPoints="7" visitedBranchPoints="0" sequenceCoverage="0" branchCoverage="0" maxCyclomaticComplexity="4" minCyclomaticComplexity="4" visitedClasses="0" numClasses="0" visitedMethods="0" numMethods="1" />
              <MetadataToken>100664693</MetadataToken>
              <Name>System.Boolean IBM.Watson.DeveloperCloud.Services.SpeechToText.v1.SpeechToText::UpgradeCustomization(IBM.Watson.DeveloperCloud.Services.SpeechToText.v1.SpeechToText/UpgradeCustomizationCallback,System.String,System.String)</Name>
              <FileRef uid="164" />
              <SequencePoints>
                <SequencePoint vc="0" uspid="4830" ordinal="0" offset="0" sl="1268" sc="7" el="1268" ec="28" bec="2" bev="0" fileid="164" />
                <SequencePoint vc="0" uspid="4831" ordinal="1" offset="3" sl="1269" sc="9" el="1269" ec="53" bec="0" bev="0" fileid="164" />
                <SequencePoint vc="0" uspid="4832" ordinal="2" offset="14" sl="1270" sc="7" el="1270" ec="49" bec="2" bev="0" fileid="164" />
                <SequencePoint vc="0" uspid="4833" ordinal="3" offset="22" sl="1271" sc="9" el="1271" ec="98" bec="0" bev="0" fileid="164" />
                <SequencePoint vc="0" uspid="4834" ordinal="4" offset="33" sl="1273" sc="7" el="1273" ec="75" bec="0" bev="0" fileid="164" />
                <SequencePoint vc="0" uspid="4835" ordinal="5" offset="39" sl="1274" sc="7" el="1274" ec="31" bec="0" bev="0" fileid="164" />
                <SequencePoint vc="0" uspid="4836" ordinal="6" offset="46" sl="1275" sc="7" el="1275" ec="45" bec="0" bev="0" fileid="164" />
                <SequencePoint vc="0" uspid="4837" ordinal="7" offset="53" sl="1276" sc="7" el="1276" ec="29" bec="0" bev="0" fileid="164" />
                <SequencePoint vc="0" uspid="4838" ordinal="8" offset="60" sl="1277" sc="7" el="1277" ec="56" bec="0" bev="0" fileid="164" />
                <SequencePoint vc="0" uspid="4839" ordinal="9" offset="81" sl="1278" sc="7" el="1278" ec="50" bec="0" bev="0" fileid="164" />
                <SequencePoint vc="0" uspid="4840" ordinal="10" offset="102" sl="1279" sc="7" el="1279" ec="47" bec="0" bev="0" fileid="164" />
                <SequencePoint vc="0" uspid="4841" ordinal="11" offset="123" sl="1280" sc="7" el="1280" ec="49" bec="0" bev="0" fileid="164" />
                <SequencePoint vc="0" uspid="4842" ordinal="12" offset="141" sl="1282" sc="7" el="1282" ec="57" bec="0" bev="0" fileid="164" />
                <SequencePoint vc="0" uspid="4843" ordinal="13" offset="147" sl="1283" sc="7" el="1283" ec="113" bec="0" bev="0" fileid="164" />
                <SequencePoint vc="0" uspid="4844" ordinal="14" offset="166" sl="1284" sc="7" el="1284" ec="29" bec="2" bev="0" fileid="164" />
                <SequencePoint vc="0" uspid="4845" ordinal="15" offset="169" sl="1285" sc="9" el="1285" ec="22" bec="0" bev="0" fileid="164" />
                <SequencePoint vc="0" uspid="4846" ordinal="16" offset="171" sl="1287" sc="7" el="1287" ec="34" bec="0" bev="0" fileid="164" />
              </SequencePoints>
              <BranchPoints>
                <BranchPoint vc="0" uspid="4847" ordinal="0" offset="1" sl="1268" path="0" offsetend="3" fileid="164" />
                <BranchPoint vc="0" uspid="4848" ordinal="1" offset="1" sl="1268" path="1" offsetend="14" fileid="164" />
                <BranchPoint vc="0" uspid="4849" ordinal="2" offset="20" sl="1270" path="0" offsetend="22" fileid="164" />
                <BranchPoint vc="0" uspid="4850" ordinal="3" offset="20" sl="1270" path="1" offsetend="33" fileid="164" />
                <BranchPoint vc="0" uspid="4851" ordinal="4" offset="167" sl="1284" path="0" offsetend="169" fileid="164" />
                <BranchPoint vc="0" uspid="4852" ordinal="5" offset="167" sl="1284" path="1" offsetend="171" fileid="164" />
              </BranchPoints>
              <MethodPoint xsi:type="SequencePoint" vc="0" uspid="4830" ordinal="0" offset="0" sl="1268" sc="7" el="1268" ec="28" bec="2" bev="0" fileid="164" />
            </Method>
            <Method visited="false" cyclomaticComplexity="2" nPathComplexity="2" sequenceCoverage="0" branchCoverage="0" isConstructor="false" isStatic="false" isGetter="false" isSetter="false">
              <Summary numSequencePoints="3" visitedSequencePoints="0" numBranchPoints="3" visitedBranchPoints="0" sequenceCoverage="0" branchCoverage="0" maxCyclomaticComplexity="2" minCyclomaticComplexity="2" visitedClasses="0" numClasses="0" visitedMethods="0" numMethods="1" />
              <MetadataToken>100664694</MetadataToken>
              <Name>System.Void IBM.Watson.DeveloperCloud.Services.SpeechToText.v1.SpeechToText::OnUpgradeCustomizationResp(IBM.Watson.DeveloperCloud.Connection.RESTConnector/Request,IBM.Watson.DeveloperCloud.Connection.RESTConnector/Response)</Name>
              <FileRef uid="164" />
              <SequencePoints>
                <SequencePoint vc="0" uspid="4853" ordinal="0" offset="0" sl="1299" sc="7" el="1299" ec="63" bec="2" bev="0" fileid="164" />
                <SequencePoint vc="0" uspid="4854" ordinal="1" offset="13" sl="1300" sc="9" el="1300" ec="108" bec="0" bev="0" fileid="164" />
                <SequencePoint vc="0" uspid="4855" ordinal="2" offset="46" sl="1301" sc="5" el="1301" ec="6" bec="0" bev="0" fileid="164" />
              </SequencePoints>
              <BranchPoints>
                <BranchPoint vc="0" uspid="4856" ordinal="0" offset="11" sl="1299" path="0" offsetend="13" fileid="164" />
                <BranchPoint vc="0" uspid="4857" ordinal="1" offset="11" sl="1299" path="1" offsetend="46" fileid="164" />
              </BranchPoints>
              <MethodPoint xsi:type="SequencePoint" vc="0" uspid="4853" ordinal="0" offset="0" sl="1299" sc="7" el="1299" ec="63" bec="2" bev="0" fileid="164" />
            </Method>
            <Method visited="true" cyclomaticComplexity="4" nPathComplexity="8" sequenceCoverage="78.57" branchCoverage="57.14" isConstructor="false" isStatic="false" isGetter="false" isSetter="false">
              <Summary numSequencePoints="14" visitedSequencePoints="11" numBranchPoints="7" visitedBranchPoints="4" sequenceCoverage="78.57" branchCoverage="57.14" maxCyclomaticComplexity="4" minCyclomaticComplexity="4" visitedClasses="0" numClasses="0" visitedMethods="1" numMethods="1" />
              <MetadataToken>100664695</MetadataToken>
              <Name>System.Boolean IBM.Watson.DeveloperCloud.Services.SpeechToText.v1.SpeechToText::GetCustomCorpora(IBM.Watson.DeveloperCloud.Services.SpeechToText.v1.SpeechToText/GetCustomCorporaCallback,System.String,System.String)</Name>
              <FileRef uid="164" />
              <SequencePoints>
                <SequencePoint vc="1" uspid="4858" ordinal="0" offset="0" sl="1322" sc="7" el="1322" ec="28" bec="2" bev="1" fileid="164" />
                <SequencePoint vc="0" uspid="4859" ordinal="1" offset="3" sl="1323" sc="9" el="1323" ec="53" bec="0" bev="0" fileid="164" />
                <SequencePoint vc="1" uspid="4860" ordinal="2" offset="14" sl="1324" sc="7" el="1324" ec="49" bec="2" bev="1" fileid="164" />
                <SequencePoint vc="0" uspid="4861" ordinal="3" offset="22" sl="1325" sc="9" el="1325" ec="94" bec="0" bev="0" fileid="164" />
                <SequencePoint vc="1" uspid="4862" ordinal="4" offset="33" sl="1327" sc="7" el="1327" ec="59" bec="0" bev="0" fileid="164" />
                <SequencePoint vc="1" uspid="4863" ordinal="5" offset="39" sl="1328" sc="7" el="1328" ec="31" bec="0" bev="0" fileid="164" />
                <SequencePoint vc="1" uspid="4864" ordinal="6" offset="46" sl="1329" sc="7" el="1329" ec="29" bec="0" bev="0" fileid="164" />
                <SequencePoint vc="1" uspid="4865" ordinal="7" offset="53" sl="1330" sc="7" el="1330" ec="45" bec="0" bev="0" fileid="164" />
                <SequencePoint vc="1" uspid="4866" ordinal="8" offset="60" sl="1331" sc="7" el="1331" ec="47" bec="0" bev="0" fileid="164" />
                <SequencePoint vc="1" uspid="4867" ordinal="9" offset="78" sl="1333" sc="7" el="1333" ec="57" bec="0" bev="0" fileid="164" />
                <SequencePoint vc="1" uspid="4868" ordinal="10" offset="84" sl="1334" sc="7" el="1334" ec="113" bec="0" bev="0" fileid="164" />
                <SequencePoint vc="1" uspid="4869" ordinal="11" offset="103" sl="1335" sc="7" el="1335" ec="29" bec="2" bev="1" fileid="164" />
                <SequencePoint vc="0" uspid="4870" ordinal="12" offset="106" sl="1336" sc="9" el="1336" ec="22" bec="0" bev="0" fileid="164" />
                <SequencePoint vc="1" uspid="4871" ordinal="13" offset="108" sl="1338" sc="7" el="1338" ec="34" bec="0" bev="0" fileid="164" />
              </SequencePoints>
              <BranchPoints>
                <BranchPoint vc="0" uspid="4872" ordinal="0" offset="1" sl="1322" path="0" offsetend="3" fileid="164" />
                <BranchPoint vc="1" uspid="4873" ordinal="1" offset="1" sl="1322" path="1" offsetend="14" fileid="164" />
                <BranchPoint vc="0" uspid="4874" ordinal="2" offset="20" sl="1324" path="0" offsetend="22" fileid="164" />
                <BranchPoint vc="1" uspid="4875" ordinal="3" offset="20" sl="1324" path="1" offsetend="33" fileid="164" />
                <BranchPoint vc="0" uspid="4876" ordinal="4" offset="104" sl="1335" path="0" offsetend="106" fileid="164" />
                <BranchPoint vc="1" uspid="4877" ordinal="5" offset="104" sl="1335" path="1" offsetend="108" fileid="164" />
              </BranchPoints>
              <MethodPoint xsi:type="SequencePoint" vc="1" uspid="4858" ordinal="0" offset="0" sl="1322" sc="7" el="1322" ec="28" bec="2" bev="1" fileid="164" />
            </Method>
            <Method visited="true" cyclomaticComplexity="7" nPathComplexity="32" sequenceCoverage="66.67" branchCoverage="54.55" isConstructor="false" isStatic="false" isGetter="false" isSetter="false">
              <Summary numSequencePoints="18" visitedSequencePoints="12" numBranchPoints="11" visitedBranchPoints="6" sequenceCoverage="66.67" branchCoverage="54.55" maxCyclomaticComplexity="7" minCyclomaticComplexity="7" visitedClasses="0" numClasses="0" visitedMethods="1" numMethods="1" />
              <MetadataToken>100664696</MetadataToken>
              <Name>System.Void IBM.Watson.DeveloperCloud.Services.SpeechToText.v1.SpeechToText::OnGetCustomCorporaResp(IBM.Watson.DeveloperCloud.Connection.RESTConnector/Request,IBM.Watson.DeveloperCloud.Connection.RESTConnector/Response)</Name>
              <FileRef uid="164" />
              <SequencePoints>
                <SequencePoint vc="1" uspid="4878" ordinal="0" offset="0" sl="1350" sc="7" el="1350" ec="39" bec="0" bev="0" fileid="164" />
                <SequencePoint vc="1" uspid="4879" ordinal="1" offset="6" sl="1351" sc="7" el="1351" ec="24" bec="2" bev="1" fileid="164" />
                <SequencePoint vc="1" uspid="4880" ordinal="2" offset="17" sl="1355" sc="11" el="1355" ec="30" bec="0" bev="0" fileid="164" />
                <SequencePoint vc="1" uspid="4881" ordinal="3" offset="19" sl="1356" sc="11" el="1356" ec="89" bec="0" bev="0" fileid="164" />
                <SequencePoint vc="1" uspid="4882" ordinal="4" offset="43" sl="1357" sc="11" el="1357" ec="28" bec="2" bev="1" fileid="164" />
                <SequencePoint vc="0" uspid="4883" ordinal="5" offset="52" sl="1358" sc="13" el="1358" ec="60" bec="0" bev="0" fileid="164" />
                <SequencePoint vc="1" uspid="4884" ordinal="6" offset="65" sl="1360" sc="11" el="1360" ec="32" bec="0" bev="0" fileid="164" />
                <SequencePoint vc="1" uspid="4885" ordinal="7" offset="67" sl="1361" sc="11" el="1361" ec="74" bec="0" bev="0" fileid="164" />
                <SequencePoint vc="1" uspid="4886" ordinal="8" offset="87" sl="1362" sc="11" el="1362" ec="28" bec="2" bev="1" fileid="164" />
                <SequencePoint vc="0" uspid="4887" ordinal="9" offset="96" sl="1363" sc="13" el="1363" ec="60" bec="0" bev="0" fileid="164" />
                <SequencePoint vc="1" uspid="4888" ordinal="10" offset="109" sl="1364" sc="9" el="1364" ec="10" bec="0" bev="0" fileid="164" />
                <SequencePoint vc="0" uspid="4889" ordinal="11" offset="111" sl="1365" sc="9" el="1365" ec="28" bec="0" bev="0" fileid="164" />
                <SequencePoint vc="0" uspid="4890" ordinal="12" offset="113" sl="1367" sc="11" el="1367" ec="94" bec="0" bev="0" fileid="164" />
                <SequencePoint vc="0" uspid="4891" ordinal="13" offset="144" sl="1368" sc="11" el="1368" ec="32" bec="0" bev="0" fileid="164" />
                <SequencePoint vc="0" uspid="4892" ordinal="14" offset="151" sl="1369" sc="9" el="1369" ec="10" bec="0" bev="0" fileid="164" />
                <SequencePoint vc="1" uspid="4893" ordinal="15" offset="153" sl="1372" sc="7" el="1372" ec="55" bec="2" bev="1" fileid="164" />
                <SequencePoint vc="1" uspid="4894" ordinal="16" offset="166" sl="1373" sc="9" el="1373" ec="109" bec="2" bev="1" fileid="164" />
                <SequencePoint vc="1" uspid="4895" ordinal="17" offset="205" sl="1374" sc="5" el="1374" ec="6" bec="0" bev="0" fileid="164" />
              </SequencePoints>
              <BranchPoints>
                <BranchPoint vc="1" uspid="4896" ordinal="0" offset="12" sl="1351" path="0" offsetend="17" fileid="164" />
                <BranchPoint vc="0" uspid="4897" ordinal="1" offset="12" sl="1351" path="1" offsetend="153" fileid="164" />
                <BranchPoint vc="0" uspid="4898" ordinal="2" offset="50" sl="1357" path="0" offsetend="52" fileid="164" />
                <BranchPoint vc="1" uspid="4899" ordinal="3" offset="50" sl="1357" path="1" offsetend="65" fileid="164" />
                <BranchPoint vc="0" uspid="4900" ordinal="4" offset="94" sl="1362" path="0" offsetend="96" fileid="164" />
                <BranchPoint vc="1" uspid="4901" ordinal="5" offset="94" sl="1362" path="1" offsetend="109" fileid="164" />
                <BranchPoint vc="1" uspid="4902" ordinal="6" offset="164" sl="1372" path="0" offsetend="166" fileid="164" />
                <BranchPoint vc="0" uspid="4903" ordinal="7" offset="164" sl="1372" path="1" offsetend="205" fileid="164" />
                <BranchPoint vc="0" uspid="4904" ordinal="8" offset="183" sl="1373" path="0" offsetend="185" fileid="164" />
                <BranchPoint vc="1" uspid="4905" ordinal="9" offset="183" sl="1373" path="1" offsetend="188" fileid="164" />
              </BranchPoints>
              <MethodPoint xsi:type="SequencePoint" vc="1" uspid="4878" ordinal="0" offset="0" sl="1350" sc="7" el="1350" ec="39" bec="0" bev="0" fileid="164" />
            </Method>
            <Method visited="true" cyclomaticComplexity="5" nPathComplexity="16" sequenceCoverage="77.78" branchCoverage="55.56" isConstructor="false" isStatic="false" isGetter="false" isSetter="false">
              <Summary numSequencePoints="18" visitedSequencePoints="14" numBranchPoints="9" visitedBranchPoints="5" sequenceCoverage="77.78" branchCoverage="55.56" maxCyclomaticComplexity="5" minCyclomaticComplexity="5" visitedClasses="0" numClasses="0" visitedMethods="1" numMethods="1" />
              <MetadataToken>100664697</MetadataToken>
              <Name>System.Boolean IBM.Watson.DeveloperCloud.Services.SpeechToText.v1.SpeechToText::DeleteCustomCorpus(IBM.Watson.DeveloperCloud.Services.SpeechToText.v1.SpeechToText/OnDeleteCustomCorpusCallback,System.String,System.String,System.String)</Name>
              <FileRef uid="164" />
              <SequencePoints>
                <SequencePoint vc="1" uspid="4906" ordinal="0" offset="0" sl="1395" sc="7" el="1395" ec="28" bec="2" bev="1" fileid="164" />
                <SequencePoint vc="0" uspid="4907" ordinal="1" offset="3" sl="1396" sc="9" el="1396" ec="53" bec="0" bev="0" fileid="164" />
                <SequencePoint vc="1" uspid="4908" ordinal="2" offset="14" sl="1397" sc="7" el="1397" ec="49" bec="2" bev="1" fileid="164" />
                <SequencePoint vc="0" uspid="4909" ordinal="3" offset="22" sl="1398" sc="9" el="1398" ec="99" bec="0" bev="0" fileid="164" />
                <SequencePoint vc="1" uspid="4910" ordinal="4" offset="33" sl="1399" sc="7" el="1399" ec="44" bec="2" bev="1" fileid="164" />
                <SequencePoint vc="0" uspid="4911" ordinal="5" offset="41" sl="1400" sc="9" el="1400" ec="103" bec="0" bev="0" fileid="164" />
                <SequencePoint vc="1" uspid="4912" ordinal="6" offset="52" sl="1402" sc="7" el="1402" ec="71" bec="0" bev="0" fileid="164" />
                <SequencePoint vc="1" uspid="4913" ordinal="7" offset="58" sl="1403" sc="7" el="1403" ec="31" bec="0" bev="0" fileid="164" />
                <SequencePoint vc="1" uspid="4914" ordinal="8" offset="65" sl="1404" sc="7" el="1404" ec="45" bec="0" bev="0" fileid="164" />
                <SequencePoint vc="1" uspid="4915" ordinal="9" offset="72" sl="1405" sc="7" el="1405" ec="35" bec="0" bev="0" fileid="164" />
                <SequencePoint vc="1" uspid="4916" ordinal="10" offset="79" sl="1406" sc="7" el="1406" ec="29" bec="0" bev="0" fileid="164" />
                <SequencePoint vc="1" uspid="4917" ordinal="11" offset="87" sl="1407" sc="7" el="1407" ec="25" bec="0" bev="0" fileid="164" />
                <SequencePoint vc="1" uspid="4918" ordinal="12" offset="94" sl="1408" sc="7" el="1408" ec="49" bec="0" bev="0" fileid="164" />
                <SequencePoint vc="1" uspid="4919" ordinal="13" offset="112" sl="1410" sc="7" el="1410" ec="61" bec="0" bev="0" fileid="164" />
                <SequencePoint vc="1" uspid="4920" ordinal="14" offset="118" sl="1411" sc="7" el="1411" ec="125" bec="0" bev="0" fileid="164" />
                <SequencePoint vc="1" uspid="4921" ordinal="15" offset="138" sl="1412" sc="7" el="1412" ec="29" bec="2" bev="1" fileid="164" />
                <SequencePoint vc="0" uspid="4922" ordinal="16" offset="141" sl="1413" sc="9" el="1413" ec="22" bec="0" bev="0" fileid="164" />
                <SequencePoint vc="1" uspid="4923" ordinal="17" offset="143" sl="1415" sc="7" el="1415" ec="34" bec="0" bev="0" fileid="164" />
              </SequencePoints>
              <BranchPoints>
                <BranchPoint vc="0" uspid="4924" ordinal="0" offset="1" sl="1395" path="0" offsetend="3" fileid="164" />
                <BranchPoint vc="1" uspid="4925" ordinal="1" offset="1" sl="1395" path="1" offsetend="14" fileid="164" />
                <BranchPoint vc="0" uspid="4926" ordinal="2" offset="20" sl="1397" path="0" offsetend="22" fileid="164" />
                <BranchPoint vc="1" uspid="4927" ordinal="3" offset="20" sl="1397" path="1" offsetend="33" fileid="164" />
                <BranchPoint vc="0" uspid="4928" ordinal="4" offset="39" sl="1399" path="0" offsetend="41" fileid="164" />
                <BranchPoint vc="1" uspid="4929" ordinal="5" offset="39" sl="1399" path="1" offsetend="52" fileid="164" />
                <BranchPoint vc="0" uspid="4930" ordinal="6" offset="139" sl="1412" path="0" offsetend="141" fileid="164" />
                <BranchPoint vc="1" uspid="4931" ordinal="7" offset="139" sl="1412" path="1" offsetend="143" fileid="164" />
              </BranchPoints>
              <MethodPoint xsi:type="SequencePoint" vc="1" uspid="4906" ordinal="0" offset="0" sl="1395" sc="7" el="1395" ec="28" bec="2" bev="1" fileid="164" />
            </Method>
            <Method visited="true" cyclomaticComplexity="2" nPathComplexity="2" sequenceCoverage="100" branchCoverage="66.67" isConstructor="false" isStatic="false" isGetter="false" isSetter="false">
              <Summary numSequencePoints="3" visitedSequencePoints="3" numBranchPoints="3" visitedBranchPoints="2" sequenceCoverage="100" branchCoverage="66.67" maxCyclomaticComplexity="2" minCyclomaticComplexity="2" visitedClasses="0" numClasses="0" visitedMethods="1" numMethods="1" />
              <MetadataToken>100664698</MetadataToken>
              <Name>System.Void IBM.Watson.DeveloperCloud.Services.SpeechToText.v1.SpeechToText::OnDeleteCustomCorpusResp(IBM.Watson.DeveloperCloud.Connection.RESTConnector/Request,IBM.Watson.DeveloperCloud.Connection.RESTConnector/Response)</Name>
              <FileRef uid="164" />
              <SequencePoints>
                <SequencePoint vc="1" uspid="4932" ordinal="0" offset="0" sl="1428" sc="7" el="1428" ec="61" bec="2" bev="1" fileid="164" />
                <SequencePoint vc="1" uspid="4933" ordinal="1" offset="13" sl="1429" sc="9" el="1429" ec="104" bec="0" bev="0" fileid="164" />
                <SequencePoint vc="1" uspid="4934" ordinal="2" offset="46" sl="1430" sc="5" el="1430" ec="6" bec="0" bev="0" fileid="164" />
              </SequencePoints>
              <BranchPoints>
                <BranchPoint vc="1" uspid="4935" ordinal="0" offset="11" sl="1428" path="0" offsetend="13" fileid="164" />
                <BranchPoint vc="0" uspid="4936" ordinal="1" offset="11" sl="1428" path="1" offsetend="46" fileid="164" />
              </BranchPoints>
              <MethodPoint xsi:type="SequencePoint" vc="1" uspid="4932" ordinal="0" offset="0" sl="1428" sc="7" el="1428" ec="61" bec="2" bev="1" fileid="164" />
            </Method>
            <Method visited="true" cyclomaticComplexity="8" nPathComplexity="128" sequenceCoverage="58.82" branchCoverage="53.33" isConstructor="false" isStatic="false" isGetter="false" isSetter="false">
              <Summary numSequencePoints="17" visitedSequencePoints="10" numBranchPoints="15" visitedBranchPoints="8" sequenceCoverage="58.82" branchCoverage="53.33" maxCyclomaticComplexity="8" minCyclomaticComplexity="8" visitedClasses="0" numClasses="0" visitedMethods="1" numMethods="1" />
              <MetadataToken>100664699</MetadataToken>
              <Name>System.Boolean IBM.Watson.DeveloperCloud.Services.SpeechToText.v1.SpeechToText::AddCustomCorpus(IBM.Watson.DeveloperCloud.Services.SpeechToText.v1.SpeechToText/OnAddCustomCorpusCallback,System.String,System.String,System.Boolean,System.String,System.String)</Name>
              <FileRef uid="164" />
              <SequencePoints>
                <SequencePoint vc="1" uspid="4937" ordinal="0" offset="0" sl="1480" sc="7" el="1480" ec="28" bec="2" bev="1" fileid="164" />
                <SequencePoint vc="0" uspid="4938" ordinal="1" offset="3" sl="1481" sc="9" el="1481" ec="53" bec="0" bev="0" fileid="164" />
                <SequencePoint vc="1" uspid="4939" ordinal="2" offset="14" sl="1482" sc="7" el="1482" ec="49" bec="2" bev="1" fileid="164" />
                <SequencePoint vc="0" uspid="4940" ordinal="3" offset="22" sl="1483" sc="9" el="1483" ec="95" bec="0" bev="0" fileid="164" />
                <SequencePoint vc="1" uspid="4941" ordinal="4" offset="33" sl="1484" sc="7" el="1484" ec="44" bec="2" bev="1" fileid="164" />
                <SequencePoint vc="0" uspid="4942" ordinal="5" offset="41" sl="1485" sc="9" el="1485" ec="89" bec="0" bev="0" fileid="164" />
                <SequencePoint vc="1" uspid="4943" ordinal="6" offset="52" sl="1486" sc="7" el="1486" ec="46" bec="2" bev="1" fileid="164" />
                <SequencePoint vc="0" uspid="4944" ordinal="7" offset="61" sl="1487" sc="9" el="1487" ec="99" bec="0" bev="0" fileid="164" />
                <SequencePoint vc="1" uspid="4945" ordinal="8" offset="72" sl="1489" sc="7" el="1489" ec="39" bec="0" bev="0" fileid="164" />
                <SequencePoint vc="1" uspid="4946" ordinal="9" offset="74" sl="1491" sc="7" el="1491" ec="47" bec="2" bev="1" fileid="164" />
                <SequencePoint vc="1" uspid="4947" ordinal="10" offset="83" sl="1493" sc="9" el="1493" ec="30" bec="2" bev="1" fileid="164" />
                <SequencePoint vc="0" uspid="4948" ordinal="11" offset="91" sl="1495" sc="11" el="1495" ec="54" bec="0" bev="0" fileid="164" />
                <SequencePoint vc="0" uspid="4949" ordinal="12" offset="105" sl="1496" sc="9" el="1496" ec="10" bec="0" bev="0" fileid="164" />
                <SequencePoint vc="1" uspid="4950" ordinal="13" offset="107" sl="1500" sc="11" el="1500" ec="63" bec="0" bev="0" fileid="164" />
                <SequencePoint vc="1" uspid="4951" ordinal="14" offset="115" sl="1504" sc="9" el="1504" ec="39" bec="2" bev="1" fileid="164" />
                <SequencePoint vc="0" uspid="4952" ordinal="15" offset="118" sl="1505" sc="11" el="1505" ec="76" bec="0" bev="0" fileid="164" />
                <SequencePoint vc="1" uspid="4953" ordinal="16" offset="144" sl="1508" sc="7" el="1508" ec="104" bec="0" bev="0" fileid="164" />
              </SequencePoints>
              <BranchPoints>
                <BranchPoint vc="0" uspid="4954" ordinal="0" offset="1" sl="1480" path="0" offsetend="3" fileid="164" />
                <BranchPoint vc="1" uspid="4955" ordinal="1" offset="1" sl="1480" path="1" offsetend="14" fileid="164" />
                <BranchPoint vc="0" uspid="4956" ordinal="2" offset="20" sl="1482" path="0" offsetend="22" fileid="164" />
                <BranchPoint vc="1" uspid="4957" ordinal="3" offset="20" sl="1482" path="1" offsetend="33" fileid="164" />
                <BranchPoint vc="0" uspid="4958" ordinal="4" offset="39" sl="1484" path="0" offsetend="41" fileid="164" />
                <BranchPoint vc="1" uspid="4959" ordinal="5" offset="39" sl="1484" path="1" offsetend="52" fileid="164" />
                <BranchPoint vc="0" uspid="4960" ordinal="6" offset="59" sl="1486" path="0" offsetend="61" fileid="164" />
                <BranchPoint vc="1" uspid="4961" ordinal="7" offset="59" sl="1486" path="1" offsetend="72" fileid="164" />
                <BranchPoint vc="1" uspid="4962" ordinal="8" offset="81" sl="1491" path="0" offsetend="83" fileid="164" />
                <BranchPoint vc="0" uspid="4963" ordinal="9" offset="81" sl="1491" path="1" offsetend="144" fileid="164" />
                <BranchPoint vc="0" uspid="4964" ordinal="10" offset="89" sl="1493" path="0" offsetend="91" fileid="164" />
                <BranchPoint vc="1" uspid="4965" ordinal="11" offset="89" sl="1493" path="1" offsetend="107" fileid="164" />
                <BranchPoint vc="0" uspid="4966" ordinal="12" offset="116" sl="1504" path="0" offsetend="118" fileid="164" />
                <BranchPoint vc="1" uspid="4967" ordinal="13" offset="116" sl="1504" path="1" offsetend="144" fileid="164" />
              </BranchPoints>
              <MethodPoint xsi:type="SequencePoint" vc="1" uspid="4937" ordinal="0" offset="0" sl="1480" sc="7" el="1480" ec="28" bec="2" bev="1" fileid="164" />
            </Method>
            <Method visited="true" cyclomaticComplexity="6" nPathComplexity="32" sequenceCoverage="79.17" branchCoverage="54.55" isConstructor="false" isStatic="false" isGetter="false" isSetter="false">
              <Summary numSequencePoints="24" visitedSequencePoints="19" numBranchPoints="11" visitedBranchPoints="6" sequenceCoverage="79.17" branchCoverage="54.55" maxCyclomaticComplexity="6" minCyclomaticComplexity="6" visitedClasses="0" numClasses="0" visitedMethods="1" numMethods="1" />
              <MetadataToken>100664700</MetadataToken>
              <Name>System.Boolean IBM.Watson.DeveloperCloud.Services.SpeechToText.v1.SpeechToText::AddCustomCorpus(IBM.Watson.DeveloperCloud.Services.SpeechToText.v1.SpeechToText/OnAddCustomCorpusCallback,System.String,System.String,System.Boolean,System.Byte[],System.String)</Name>
              <FileRef uid="164" />
              <SequencePoints>
                <SequencePoint vc="2" uspid="4968" ordinal="0" offset="0" sl="1522" sc="7" el="1522" ec="28" bec="2" bev="1" fileid="164" />
                <SequencePoint vc="0" uspid="4969" ordinal="1" offset="3" sl="1523" sc="9" el="1523" ec="53" bec="0" bev="0" fileid="164" />
                <SequencePoint vc="2" uspid="4970" ordinal="2" offset="14" sl="1524" sc="7" el="1524" ec="49" bec="2" bev="1" fileid="164" />
                <SequencePoint vc="0" uspid="4971" ordinal="3" offset="22" sl="1525" sc="9" el="1525" ec="95" bec="0" bev="0" fileid="164" />
                <SequencePoint vc="2" uspid="4972" ordinal="4" offset="33" sl="1526" sc="7" el="1526" ec="44" bec="2" bev="1" fileid="164" />
                <SequencePoint vc="0" uspid="4973" ordinal="5" offset="41" sl="1527" sc="9" el="1527" ec="90" bec="0" bev="0" fileid="164" />
                <SequencePoint vc="2" uspid="4974" ordinal="6" offset="52" sl="1528" sc="7" el="1528" ec="43" bec="2" bev="1" fileid="164" />
                <SequencePoint vc="0" uspid="4975" ordinal="7" offset="56" sl="1529" sc="9" el="1529" ec="91" bec="0" bev="0" fileid="164" />
                <SequencePoint vc="2" uspid="4976" ordinal="8" offset="67" sl="1531" sc="7" el="1531" ec="65" bec="0" bev="0" fileid="164" />
                <SequencePoint vc="2" uspid="4977" ordinal="9" offset="73" sl="1532" sc="7" el="1532" ec="31" bec="0" bev="0" fileid="164" />
                <SequencePoint vc="2" uspid="4978" ordinal="10" offset="80" sl="1533" sc="7" el="1533" ec="45" bec="0" bev="0" fileid="164" />
                <SequencePoint vc="2" uspid="4979" ordinal="11" offset="87" sl="1534" sc="7" el="1534" ec="35" bec="0" bev="0" fileid="164" />
                <SequencePoint vc="2" uspid="4980" ordinal="12" offset="94" sl="1535" sc="7" el="1535" ec="29" bec="0" bev="0" fileid="164" />
                <SequencePoint vc="2" uspid="4981" ordinal="13" offset="102" sl="1536" sc="7" el="1536" ec="73" bec="0" bev="0" fileid="164" />
                <SequencePoint vc="2" uspid="4982" ordinal="14" offset="123" sl="1537" sc="7" el="1537" ec="50" bec="0" bev="0" fileid="164" />
                <SequencePoint vc="2" uspid="4983" ordinal="15" offset="144" sl="1538" sc="7" el="1538" ec="69" bec="0" bev="0" fileid="164" />
                <SequencePoint vc="2" uspid="4984" ordinal="16" offset="167" sl="1539" sc="7" el="1539" ec="64" bec="0" bev="0" fileid="164" />
                <SequencePoint vc="2" uspid="4985" ordinal="17" offset="178" sl="1540" sc="7" el="1540" ec="98" bec="0" bev="0" fileid="164" />
                <SequencePoint vc="2" uspid="4986" ordinal="18" offset="211" sl="1541" sc="7" el="1541" ec="46" bec="0" bev="0" fileid="164" />
                <SequencePoint vc="2" uspid="4987" ordinal="19" offset="229" sl="1543" sc="7" el="1543" ec="61" bec="0" bev="0" fileid="164" />
                <SequencePoint vc="2" uspid="4988" ordinal="20" offset="235" sl="1544" sc="7" el="1544" ec="125" bec="0" bev="0" fileid="164" />
                <SequencePoint vc="2" uspid="4989" ordinal="21" offset="255" sl="1545" sc="7" el="1545" ec="29" bec="2" bev="1" fileid="164" />
                <SequencePoint vc="0" uspid="4990" ordinal="22" offset="258" sl="1546" sc="9" el="1546" ec="22" bec="0" bev="0" fileid="164" />
                <SequencePoint vc="2" uspid="4991" ordinal="23" offset="260" sl="1548" sc="7" el="1548" ec="34" bec="0" bev="0" fileid="164" />
              </SequencePoints>
              <BranchPoints>
                <BranchPoint vc="0" uspid="4992" ordinal="0" offset="1" sl="1522" path="0" offsetend="3" fileid="164" />
                <BranchPoint vc="2" uspid="4993" ordinal="1" offset="1" sl="1522" path="1" offsetend="14" fileid="164" />
                <BranchPoint vc="0" uspid="4994" ordinal="2" offset="20" sl="1524" path="0" offsetend="22" fileid="164" />
                <BranchPoint vc="2" uspid="4995" ordinal="3" offset="20" sl="1524" path="1" offsetend="33" fileid="164" />
                <BranchPoint vc="0" uspid="4996" ordinal="4" offset="39" sl="1526" path="0" offsetend="41" fileid="164" />
                <BranchPoint vc="2" uspid="4997" ordinal="5" offset="39" sl="1526" path="1" offsetend="52" fileid="164" />
                <BranchPoint vc="0" uspid="4998" ordinal="6" offset="54" sl="1528" path="0" offsetend="56" fileid="164" />
                <BranchPoint vc="2" uspid="4999" ordinal="7" offset="54" sl="1528" path="1" offsetend="67" fileid="164" />
                <BranchPoint vc="0" uspid="5000" ordinal="8" offset="256" sl="1545" path="0" offsetend="258" fileid="164" />
                <BranchPoint vc="2" uspid="5001" ordinal="9" offset="256" sl="1545" path="1" offsetend="260" fileid="164" />
              </BranchPoints>
              <MethodPoint xsi:type="SequencePoint" vc="2" uspid="4968" ordinal="0" offset="0" sl="1522" sc="7" el="1522" ec="28" bec="2" bev="1" fileid="164" />
            </Method>
            <Method visited="true" cyclomaticComplexity="2" nPathComplexity="2" sequenceCoverage="100" branchCoverage="66.67" isConstructor="false" isStatic="false" isGetter="false" isSetter="false">
              <Summary numSequencePoints="3" visitedSequencePoints="3" numBranchPoints="3" visitedBranchPoints="2" sequenceCoverage="100" branchCoverage="66.67" maxCyclomaticComplexity="2" minCyclomaticComplexity="2" visitedClasses="0" numClasses="0" visitedMethods="1" numMethods="1" />
              <MetadataToken>100664701</MetadataToken>
              <Name>System.Void IBM.Watson.DeveloperCloud.Services.SpeechToText.v1.SpeechToText::OnAddCustomCorpusResp(IBM.Watson.DeveloperCloud.Connection.RESTConnector/Request,IBM.Watson.DeveloperCloud.Connection.RESTConnector/Response)</Name>
              <FileRef uid="164" />
              <SequencePoints>
                <SequencePoint vc="2" uspid="5002" ordinal="0" offset="0" sl="1563" sc="7" el="1563" ec="58" bec="2" bev="1" fileid="164" />
                <SequencePoint vc="2" uspid="5003" ordinal="1" offset="13" sl="1564" sc="9" el="1564" ec="98" bec="0" bev="0" fileid="164" />
                <SequencePoint vc="2" uspid="5004" ordinal="2" offset="46" sl="1565" sc="5" el="1565" ec="6" bec="0" bev="0" fileid="164" />
              </SequencePoints>
              <BranchPoints>
                <BranchPoint vc="2" uspid="5005" ordinal="0" offset="11" sl="1563" path="0" offsetend="13" fileid="164" />
                <BranchPoint vc="0" uspid="5006" ordinal="1" offset="11" sl="1563" path="1" offsetend="46" fileid="164" />
              </BranchPoints>
              <MethodPoint xsi:type="SequencePoint" vc="2" uspid="5002" ordinal="0" offset="0" sl="1563" sc="7" el="1563" ec="58" bec="2" bev="1" fileid="164" />
            </Method>
            <Method visited="true" cyclomaticComplexity="4" nPathComplexity="8" sequenceCoverage="80" branchCoverage="57.14" isConstructor="false" isStatic="false" isGetter="false" isSetter="false">
              <Summary numSequencePoints="15" visitedSequencePoints="12" numBranchPoints="7" visitedBranchPoints="4" sequenceCoverage="80" branchCoverage="57.14" maxCyclomaticComplexity="4" minCyclomaticComplexity="4" visitedClasses="0" numClasses="0" visitedMethods="1" numMethods="1" />
              <MetadataToken>100664702</MetadataToken>
              <Name>System.Boolean IBM.Watson.DeveloperCloud.Services.SpeechToText.v1.SpeechToText::GetCustomWords(IBM.Watson.DeveloperCloud.Services.SpeechToText.v1.SpeechToText/GetCustomWordsCallback,System.String,System.String,System.String)</Name>
              <FileRef uid="164" />
              <SequencePoints>
                <SequencePoint vc="1" uspid="5007" ordinal="0" offset="0" sl="1586" sc="7" el="1586" ec="28" bec="2" bev="1" fileid="164" />
                <SequencePoint vc="0" uspid="5008" ordinal="1" offset="3" sl="1587" sc="9" el="1587" ec="53" bec="0" bev="0" fileid="164" />
                <SequencePoint vc="1" uspid="5009" ordinal="2" offset="14" sl="1588" sc="7" el="1588" ec="49" bec="2" bev="1" fileid="164" />
                <SequencePoint vc="0" uspid="5010" ordinal="3" offset="22" sl="1589" sc="9" el="1589" ec="60" bec="0" bev="0" fileid="164" />
                <SequencePoint vc="1" uspid="5011" ordinal="4" offset="33" sl="1591" sc="7" el="1591" ec="55" bec="0" bev="0" fileid="164" />
                <SequencePoint vc="1" uspid="5012" ordinal="5" offset="39" sl="1592" sc="7" el="1592" ec="31" bec="0" bev="0" fileid="164" />
                <SequencePoint vc="1" uspid="5013" ordinal="6" offset="46" sl="1593" sc="7" el="1593" ec="45" bec="0" bev="0" fileid="164" />
                <SequencePoint vc="1" uspid="5014" ordinal="7" offset="53" sl="1594" sc="7" el="1594" ec="31" bec="0" bev="0" fileid="164" />
                <SequencePoint vc="1" uspid="5015" ordinal="8" offset="60" sl="1595" sc="7" el="1595" ec="29" bec="0" bev="0" fileid="164" />
                <SequencePoint vc="1" uspid="5016" ordinal="9" offset="68" sl="1596" sc="7" el="1596" ec="57" bec="0" bev="0" fileid="164" />
                <SequencePoint vc="1" uspid="5017" ordinal="10" offset="90" sl="1597" sc="7" el="1597" ec="45" bec="0" bev="0" fileid="164" />
                <SequencePoint vc="1" uspid="5018" ordinal="11" offset="108" sl="1599" sc="7" el="1599" ec="136" bec="0" bev="0" fileid="164" />
                <SequencePoint vc="1" uspid="5019" ordinal="12" offset="131" sl="1600" sc="7" el="1600" ec="29" bec="2" bev="1" fileid="164" />
                <SequencePoint vc="0" uspid="5020" ordinal="13" offset="134" sl="1601" sc="9" el="1601" ec="22" bec="0" bev="0" fileid="164" />
                <SequencePoint vc="1" uspid="5021" ordinal="14" offset="136" sl="1603" sc="7" el="1603" ec="34" bec="0" bev="0" fileid="164" />
              </SequencePoints>
              <BranchPoints>
                <BranchPoint vc="0" uspid="5022" ordinal="0" offset="1" sl="1586" path="0" offsetend="3" fileid="164" />
                <BranchPoint vc="1" uspid="5023" ordinal="1" offset="1" sl="1586" path="1" offsetend="14" fileid="164" />
                <BranchPoint vc="0" uspid="5024" ordinal="2" offset="20" sl="1588" path="0" offsetend="22" fileid="164" />
                <BranchPoint vc="1" uspid="5025" ordinal="3" offset="20" sl="1588" path="1" offsetend="33" fileid="164" />
                <BranchPoint vc="0" uspid="5026" ordinal="4" offset="132" sl="1600" path="0" offsetend="134" fileid="164" />
                <BranchPoint vc="1" uspid="5027" ordinal="5" offset="132" sl="1600" path="1" offsetend="136" fileid="164" />
              </BranchPoints>
              <MethodPoint xsi:type="SequencePoint" vc="1" uspid="5007" ordinal="0" offset="0" sl="1586" sc="7" el="1586" ec="28" bec="2" bev="1" fileid="164" />
            </Method>
            <Method visited="true" cyclomaticComplexity="7" nPathComplexity="32" sequenceCoverage="66.67" branchCoverage="54.55" isConstructor="false" isStatic="false" isGetter="false" isSetter="false">
              <Summary numSequencePoints="18" visitedSequencePoints="12" numBranchPoints="11" visitedBranchPoints="6" sequenceCoverage="66.67" branchCoverage="54.55" maxCyclomaticComplexity="7" minCyclomaticComplexity="7" visitedClasses="0" numClasses="0" visitedMethods="1" numMethods="1" />
              <MetadataToken>100664703</MetadataToken>
              <Name>System.Void IBM.Watson.DeveloperCloud.Services.SpeechToText.v1.SpeechToText::OnGetCustomWordsResp(IBM.Watson.DeveloperCloud.Connection.RESTConnector/Request,IBM.Watson.DeveloperCloud.Connection.RESTConnector/Response)</Name>
              <FileRef uid="164" />
              <SequencePoints>
                <SequencePoint vc="1" uspid="5028" ordinal="0" offset="0" sl="1616" sc="7" el="1616" ec="45" bec="0" bev="0" fileid="164" />
                <SequencePoint vc="1" uspid="5029" ordinal="1" offset="6" sl="1617" sc="7" el="1617" ec="24" bec="2" bev="1" fileid="164" />
                <SequencePoint vc="1" uspid="5030" ordinal="2" offset="17" sl="1621" sc="11" el="1621" ec="30" bec="0" bev="0" fileid="164" />
                <SequencePoint vc="1" uspid="5031" ordinal="3" offset="19" sl="1622" sc="11" el="1622" ec="89" bec="0" bev="0" fileid="164" />
                <SequencePoint vc="1" uspid="5032" ordinal="4" offset="43" sl="1623" sc="11" el="1623" ec="28" bec="2" bev="1" fileid="164" />
                <SequencePoint vc="0" uspid="5033" ordinal="5" offset="52" sl="1624" sc="13" el="1624" ec="60" bec="0" bev="0" fileid="164" />
                <SequencePoint vc="1" uspid="5034" ordinal="6" offset="65" sl="1626" sc="11" el="1626" ec="34" bec="0" bev="0" fileid="164" />
                <SequencePoint vc="1" uspid="5035" ordinal="7" offset="67" sl="1627" sc="11" el="1627" ec="74" bec="0" bev="0" fileid="164" />
                <SequencePoint vc="1" uspid="5036" ordinal="8" offset="87" sl="1628" sc="11" el="1628" ec="28" bec="2" bev="1" fileid="164" />
                <SequencePoint vc="0" uspid="5037" ordinal="9" offset="96" sl="1629" sc="13" el="1629" ec="60" bec="0" bev="0" fileid="164" />
                <SequencePoint vc="1" uspid="5038" ordinal="10" offset="109" sl="1630" sc="9" el="1630" ec="10" bec="0" bev="0" fileid="164" />
                <SequencePoint vc="0" uspid="5039" ordinal="11" offset="111" sl="1631" sc="9" el="1631" ec="28" bec="0" bev="0" fileid="164" />
                <SequencePoint vc="0" uspid="5040" ordinal="12" offset="113" sl="1633" sc="11" el="1633" ec="92" bec="0" bev="0" fileid="164" />
                <SequencePoint vc="0" uspid="5041" ordinal="13" offset="144" sl="1634" sc="11" el="1634" ec="32" bec="0" bev="0" fileid="164" />
                <SequencePoint vc="0" uspid="5042" ordinal="14" offset="151" sl="1635" sc="9" el="1635" ec="10" bec="0" bev="0" fileid="164" />
                <SequencePoint vc="1" uspid="5043" ordinal="15" offset="153" sl="1638" sc="7" el="1638" ec="53" bec="2" bev="1" fileid="164" />
                <SequencePoint vc="1" uspid="5044" ordinal="16" offset="166" sl="1639" sc="9" el="1639" ec="107" bec="2" bev="1" fileid="164" />
                <SequencePoint vc="1" uspid="5045" ordinal="17" offset="205" sl="1640" sc="5" el="1640" ec="6" bec="0" bev="0" fileid="164" />
              </SequencePoints>
              <BranchPoints>
                <BranchPoint vc="1" uspid="5046" ordinal="0" offset="12" sl="1617" path="0" offsetend="17" fileid="164" />
                <BranchPoint vc="0" uspid="5047" ordinal="1" offset="12" sl="1617" path="1" offsetend="153" fileid="164" />
                <BranchPoint vc="0" uspid="5048" ordinal="2" offset="50" sl="1623" path="0" offsetend="52" fileid="164" />
                <BranchPoint vc="1" uspid="5049" ordinal="3" offset="50" sl="1623" path="1" offsetend="65" fileid="164" />
                <BranchPoint vc="0" uspid="5050" ordinal="4" offset="94" sl="1628" path="0" offsetend="96" fileid="164" />
                <BranchPoint vc="1" uspid="5051" ordinal="5" offset="94" sl="1628" path="1" offsetend="109" fileid="164" />
                <BranchPoint vc="1" uspid="5052" ordinal="6" offset="164" sl="1638" path="0" offsetend="166" fileid="164" />
                <BranchPoint vc="0" uspid="5053" ordinal="7" offset="164" sl="1638" path="1" offsetend="205" fileid="164" />
                <BranchPoint vc="0" uspid="5054" ordinal="8" offset="183" sl="1639" path="0" offsetend="185" fileid="164" />
                <BranchPoint vc="1" uspid="5055" ordinal="9" offset="183" sl="1639" path="1" offsetend="188" fileid="164" />
              </BranchPoints>
              <MethodPoint xsi:type="SequencePoint" vc="1" uspid="5028" ordinal="0" offset="0" sl="1616" sc="7" el="1616" ec="45" bec="0" bev="0" fileid="164" />
            </Method>
            <Method visited="false" cyclomaticComplexity="4" nPathComplexity="8" sequenceCoverage="0" branchCoverage="0" isConstructor="false" isStatic="false" isGetter="false" isSetter="false">
              <Summary numSequencePoints="8" visitedSequencePoints="0" numBranchPoints="7" visitedBranchPoints="0" sequenceCoverage="0" branchCoverage="0" maxCyclomaticComplexity="4" minCyclomaticComplexity="4" visitedClasses="0" numClasses="0" visitedMethods="0" numMethods="1" />
              <MetadataToken>100664704</MetadataToken>
              <Name>System.Boolean IBM.Watson.DeveloperCloud.Services.SpeechToText.v1.SpeechToText::AddCustomWords(IBM.Watson.DeveloperCloud.Services.SpeechToText.v1.SpeechToText/AddCustomWordsCallback,System.String,System.Boolean,System.String,System.String)</Name>
              <FileRef uid="164" />
              <SequencePoints>
                <SequencePoint vc="0" uspid="5056" ordinal="0" offset="0" sl="1675" sc="7" el="1675" ec="28" bec="2" bev="0" fileid="164" />
                <SequencePoint vc="0" uspid="5057" ordinal="1" offset="3" sl="1676" sc="9" el="1676" ec="53" bec="0" bev="0" fileid="164" />
                <SequencePoint vc="0" uspid="5058" ordinal="2" offset="14" sl="1677" sc="7" el="1677" ec="49" bec="2" bev="0" fileid="164" />
                <SequencePoint vc="0" uspid="5059" ordinal="3" offset="22" sl="1678" sc="9" el="1678" ec="103" bec="0" bev="0" fileid="164" />
                <SequencePoint vc="0" uspid="5060" ordinal="4" offset="33" sl="1679" sc="7" el="1679" ec="47" bec="2" bev="0" fileid="164" />
                <SequencePoint vc="0" uspid="5061" ordinal="5" offset="42" sl="1680" sc="9" el="1680" ec="113" bec="0" bev="0" fileid="164" />
                <SequencePoint vc="0" uspid="5062" ordinal="6" offset="53" sl="1682" sc="7" el="1682" ec="58" bec="0" bev="0" fileid="164" />
                <SequencePoint vc="0" uspid="5063" ordinal="7" offset="61" sl="1684" sc="7" el="1684" ec="67" bec="0" bev="0" fileid="164" />
              </SequencePoints>
              <BranchPoints>
                <BranchPoint vc="0" uspid="5064" ordinal="0" offset="1" sl="1675" path="0" offsetend="3" fileid="164" />
                <BranchPoint vc="0" uspid="5065" ordinal="1" offset="1" sl="1675" path="1" offsetend="14" fileid="164" />
                <BranchPoint vc="0" uspid="5066" ordinal="2" offset="20" sl="1677" path="0" offsetend="22" fileid="164" />
                <BranchPoint vc="0" uspid="5067" ordinal="3" offset="20" sl="1677" path="1" offsetend="33" fileid="164" />
                <BranchPoint vc="0" uspid="5068" ordinal="4" offset="40" sl="1679" path="0" offsetend="42" fileid="164" />
                <BranchPoint vc="0" uspid="5069" ordinal="5" offset="40" sl="1679" path="1" offsetend="53" fileid="164" />
              </BranchPoints>
              <MethodPoint xsi:type="SequencePoint" vc="0" uspid="5056" ordinal="0" offset="0" sl="1675" sc="7" el="1675" ec="28" bec="2" bev="0" fileid="164" />
            </Method>
            <Method visited="true" cyclomaticComplexity="6" nPathComplexity="32" sequenceCoverage="66.67" branchCoverage="54.55" isConstructor="false" isStatic="false" isGetter="false" isSetter="false">
              <Summary numSequencePoints="9" visitedSequencePoints="6" numBranchPoints="11" visitedBranchPoints="6" sequenceCoverage="66.67" branchCoverage="54.55" maxCyclomaticComplexity="6" minCyclomaticComplexity="6" visitedClasses="0" numClasses="0" visitedMethods="1" numMethods="1" />
              <MetadataToken>100664705</MetadataToken>
              <Name>System.Boolean IBM.Watson.DeveloperCloud.Services.SpeechToText.v1.SpeechToText::AddCustomWords(IBM.Watson.DeveloperCloud.Services.SpeechToText.v1.SpeechToText/AddCustomWordsCallback,System.String,IBM.Watson.DeveloperCloud.Services.SpeechToText.v1.Words,System.String)</Name>
              <FileRef uid="164" />
              <SequencePoints>
                <SequencePoint vc="1" uspid="5070" ordinal="0" offset="0" sl="1689" sc="7" el="1689" ec="28" bec="2" bev="1" fileid="164" />
                <SequencePoint vc="0" uspid="5071" ordinal="1" offset="3" sl="1690" sc="9" el="1690" ec="53" bec="0" bev="0" fileid="164" />
                <SequencePoint vc="1" uspid="5072" ordinal="2" offset="14" sl="1691" sc="7" el="1691" ec="49" bec="2" bev="1" fileid="164" />
                <SequencePoint vc="0" uspid="5073" ordinal="3" offset="22" sl="1692" sc="9" el="1692" ec="103" bec="0" bev="0" fileid="164" />
                <SequencePoint vc="1" uspid="5074" ordinal="4" offset="33" sl="1693" sc="7" el="1693" ec="75" bec="4" bev="3" fileid="164" />
                <SequencePoint vc="0" uspid="5075" ordinal="5" offset="53" sl="1694" sc="9" el="1694" ec="105" bec="0" bev="0" fileid="164" />
                <SequencePoint vc="1" uspid="5076" ordinal="6" offset="64" sl="1697" sc="7" el="1697" ec="99" bec="0" bev="0" fileid="164" />
                <SequencePoint vc="1" uspid="5077" ordinal="7" offset="92" sl="1698" sc="7" el="1698" ec="61" bec="0" bev="0" fileid="164" />
                <SequencePoint vc="1" uspid="5078" ordinal="8" offset="100" sl="1700" sc="7" el="1700" ec="79" bec="0" bev="0" fileid="164" />
              </SequencePoints>
              <BranchPoints>
                <BranchPoint vc="0" uspid="5079" ordinal="0" offset="1" sl="1689" path="0" offsetend="3" fileid="164" />
                <BranchPoint vc="1" uspid="5080" ordinal="1" offset="1" sl="1689" path="1" offsetend="14" fileid="164" />
                <BranchPoint vc="0" uspid="5081" ordinal="2" offset="20" sl="1691" path="0" offsetend="22" fileid="164" />
                <BranchPoint vc="1" uspid="5082" ordinal="3" offset="20" sl="1691" path="1" offsetend="33" fileid="164" />
                <BranchPoint vc="1" uspid="5083" ordinal="4" offset="34" sl="1693" path="0" offsetend="36" fileid="164" />
                <BranchPoint vc="0" uspid="5084" ordinal="5" offset="34" sl="1693" path="1" offsetend="53" fileid="164" />
                <BranchPoint vc="1" uspid="5085" ordinal="6" offset="42" sl="1693" path="0" offsetend="44" fileid="164" />
                <BranchPoint vc="0" uspid="5086" ordinal="7" offset="42" sl="1693" path="1" offsetend="53" fileid="164" />
                <BranchPoint vc="0" uspid="5087" ordinal="8" offset="51" sl="1693" path="0" offsetend="53" fileid="164" />
                <BranchPoint vc="1" uspid="5088" ordinal="9" offset="51" sl="1693" path="1" offsetend="64" fileid="164" />
              </BranchPoints>
              <MethodPoint xsi:type="SequencePoint" vc="1" uspid="5070" ordinal="0" offset="0" sl="1689" sc="7" el="1689" ec="28" bec="2" bev="1" fileid="164" />
            </Method>
            <Method visited="true" cyclomaticComplexity="5" nPathComplexity="16" sequenceCoverage="80" branchCoverage="55.56" isConstructor="false" isStatic="false" isGetter="false" isSetter="false">
              <Summary numSequencePoints="20" visitedSequencePoints="16" numBranchPoints="9" visitedBranchPoints="5" sequenceCoverage="80" branchCoverage="55.56" maxCyclomaticComplexity="5" minCyclomaticComplexity="5" visitedClasses="0" numClasses="0" visitedMethods="1" numMethods="1" />
              <MetadataToken>100664706</MetadataToken>
              <Name>System.Boolean IBM.Watson.DeveloperCloud.Services.SpeechToText.v1.SpeechToText::AddCustomWords(IBM.Watson.DeveloperCloud.Services.SpeechToText.v1.SpeechToText/AddCustomWordsCallback,System.String,System.String,System.String)</Name>
              <FileRef uid="164" />
              <SequencePoints>
                <SequencePoint vc="2" uspid="5089" ordinal="0" offset="0" sl="1705" sc="7" el="1705" ec="28" bec="2" bev="1" fileid="164" />
                <SequencePoint vc="0" uspid="5090" ordinal="1" offset="3" sl="1706" sc="9" el="1706" ec="53" bec="0" bev="0" fileid="164" />
                <SequencePoint vc="2" uspid="5091" ordinal="2" offset="14" sl="1707" sc="7" el="1707" ec="49" bec="2" bev="1" fileid="164" />
                <SequencePoint vc="0" uspid="5092" ordinal="3" offset="22" sl="1708" sc="9" el="1708" ec="103" bec="0" bev="0" fileid="164" />
                <SequencePoint vc="2" uspid="5093" ordinal="4" offset="33" sl="1709" sc="7" el="1709" ec="43" bec="2" bev="1" fileid="164" />
                <SequencePoint vc="0" uspid="5094" ordinal="5" offset="41" sl="1710" sc="9" el="1710" ec="113" bec="0" bev="0" fileid="164" />
                <SequencePoint vc="2" uspid="5095" ordinal="6" offset="52" sl="1712" sc="7" el="1712" ec="63" bec="0" bev="0" fileid="164" />
                <SequencePoint vc="2" uspid="5096" ordinal="7" offset="58" sl="1713" sc="7" el="1713" ec="31" bec="0" bev="0" fileid="164" />
                <SequencePoint vc="2" uspid="5097" ordinal="8" offset="65" sl="1714" sc="7" el="1714" ec="45" bec="0" bev="0" fileid="164" />
                <SequencePoint vc="2" uspid="5098" ordinal="9" offset="72" sl="1715" sc="7" el="1715" ec="33" bec="0" bev="0" fileid="164" />
                <SequencePoint vc="2" uspid="5099" ordinal="10" offset="79" sl="1716" sc="7" el="1716" ec="29" bec="0" bev="0" fileid="164" />
                <SequencePoint vc="2" uspid="5100" ordinal="11" offset="87" sl="1717" sc="7" el="1717" ec="56" bec="0" bev="0" fileid="164" />
                <SequencePoint vc="2" uspid="5101" ordinal="12" offset="108" sl="1718" sc="7" el="1718" ec="50" bec="0" bev="0" fileid="164" />
                <SequencePoint vc="2" uspid="5102" ordinal="13" offset="129" sl="1719" sc="7" el="1719" ec="52" bec="0" bev="0" fileid="164" />
                <SequencePoint vc="2" uspid="5103" ordinal="14" offset="146" sl="1720" sc="7" el="1720" ec="45" bec="0" bev="0" fileid="164" />
                <SequencePoint vc="2" uspid="5104" ordinal="15" offset="164" sl="1722" sc="7" el="1722" ec="55" bec="0" bev="0" fileid="164" />
                <SequencePoint vc="2" uspid="5105" ordinal="16" offset="170" sl="1723" sc="7" el="1723" ec="113" bec="0" bev="0" fileid="164" />
                <SequencePoint vc="2" uspid="5106" ordinal="17" offset="189" sl="1724" sc="7" el="1724" ec="29" bec="2" bev="1" fileid="164" />
                <SequencePoint vc="0" uspid="5107" ordinal="18" offset="192" sl="1725" sc="9" el="1725" ec="22" bec="0" bev="0" fileid="164" />
                <SequencePoint vc="2" uspid="5108" ordinal="19" offset="194" sl="1727" sc="7" el="1727" ec="34" bec="0" bev="0" fileid="164" />
              </SequencePoints>
              <BranchPoints>
                <BranchPoint vc="0" uspid="5109" ordinal="0" offset="1" sl="1705" path="0" offsetend="3" fileid="164" />
                <BranchPoint vc="2" uspid="5110" ordinal="1" offset="1" sl="1705" path="1" offsetend="14" fileid="164" />
                <BranchPoint vc="0" uspid="5111" ordinal="2" offset="20" sl="1707" path="0" offsetend="22" fileid="164" />
                <BranchPoint vc="2" uspid="5112" ordinal="3" offset="20" sl="1707" path="1" offsetend="33" fileid="164" />
                <BranchPoint vc="0" uspid="5113" ordinal="4" offset="39" sl="1709" path="0" offsetend="41" fileid="164" />
                <BranchPoint vc="2" uspid="5114" ordinal="5" offset="39" sl="1709" path="1" offsetend="52" fileid="164" />
                <BranchPoint vc="0" uspid="5115" ordinal="6" offset="190" sl="1724" path="0" offsetend="192" fileid="164" />
                <BranchPoint vc="2" uspid="5116" ordinal="7" offset="190" sl="1724" path="1" offsetend="194" fileid="164" />
              </BranchPoints>
              <MethodPoint xsi:type="SequencePoint" vc="2" uspid="5089" ordinal="0" offset="0" sl="1705" sc="7" el="1705" ec="28" bec="2" bev="1" fileid="164" />
            </Method>
            <Method visited="true" cyclomaticComplexity="2" nPathComplexity="2" sequenceCoverage="100" branchCoverage="66.67" isConstructor="false" isStatic="false" isGetter="false" isSetter="false">
              <Summary numSequencePoints="3" visitedSequencePoints="3" numBranchPoints="3" visitedBranchPoints="2" sequenceCoverage="100" branchCoverage="66.67" maxCyclomaticComplexity="2" minCyclomaticComplexity="2" visitedClasses="0" numClasses="0" visitedMethods="1" numMethods="1" />
              <MetadataToken>100664707</MetadataToken>
              <Name>System.Void IBM.Watson.DeveloperCloud.Services.SpeechToText.v1.SpeechToText::OnAddCustomWordsResp(IBM.Watson.DeveloperCloud.Connection.RESTConnector/Request,IBM.Watson.DeveloperCloud.Connection.RESTConnector/Response)</Name>
              <FileRef uid="164" />
              <SequencePoints>
                <SequencePoint vc="2" uspid="5117" ordinal="0" offset="0" sl="1740" sc="7" el="1740" ec="57" bec="2" bev="1" fileid="164" />
                <SequencePoint vc="2" uspid="5118" ordinal="1" offset="13" sl="1741" sc="9" el="1741" ec="96" bec="0" bev="0" fileid="164" />
                <SequencePoint vc="2" uspid="5119" ordinal="2" offset="46" sl="1742" sc="5" el="1742" ec="6" bec="0" bev="0" fileid="164" />
              </SequencePoints>
              <BranchPoints>
                <BranchPoint vc="2" uspid="5120" ordinal="0" offset="11" sl="1740" path="0" offsetend="13" fileid="164" />
                <BranchPoint vc="0" uspid="5121" ordinal="1" offset="11" sl="1740" path="1" offsetend="46" fileid="164" />
              </BranchPoints>
              <MethodPoint xsi:type="SequencePoint" vc="2" uspid="5117" ordinal="0" offset="0" sl="1740" sc="7" el="1740" ec="57" bec="2" bev="1" fileid="164" />
            </Method>
            <Method visited="true" cyclomaticComplexity="5" nPathComplexity="16" sequenceCoverage="77.78" branchCoverage="55.56" isConstructor="false" isStatic="false" isGetter="false" isSetter="false">
              <Summary numSequencePoints="18" visitedSequencePoints="14" numBranchPoints="9" visitedBranchPoints="5" sequenceCoverage="77.78" branchCoverage="55.56" maxCyclomaticComplexity="5" minCyclomaticComplexity="5" visitedClasses="0" numClasses="0" visitedMethods="1" numMethods="1" />
              <MetadataToken>100664708</MetadataToken>
              <Name>System.Boolean IBM.Watson.DeveloperCloud.Services.SpeechToText.v1.SpeechToText::DeleteCustomWord(IBM.Watson.DeveloperCloud.Services.SpeechToText.v1.SpeechToText/OnDeleteCustomWordCallback,System.String,System.String,System.String)</Name>
              <FileRef uid="164" />
              <SequencePoints>
                <SequencePoint vc="1" uspid="5122" ordinal="0" offset="0" sl="1763" sc="7" el="1763" ec="28" bec="2" bev="1" fileid="164" />
                <SequencePoint vc="0" uspid="5123" ordinal="1" offset="3" sl="1764" sc="9" el="1764" ec="53" bec="0" bev="0" fileid="164" />
                <SequencePoint vc="1" uspid="5124" ordinal="2" offset="14" sl="1765" sc="7" el="1765" ec="49" bec="2" bev="1" fileid="164" />
                <SequencePoint vc="0" uspid="5125" ordinal="3" offset="22" sl="1766" sc="9" el="1766" ec="95" bec="0" bev="0" fileid="164" />
                <SequencePoint vc="1" uspid="5126" ordinal="4" offset="33" sl="1767" sc="7" el="1767" ec="38" bec="2" bev="1" fileid="164" />
                <SequencePoint vc="0" uspid="5127" ordinal="5" offset="41" sl="1768" sc="9" el="1768" ec="94" bec="0" bev="0" fileid="164" />
                <SequencePoint vc="1" uspid="5128" ordinal="6" offset="52" sl="1770" sc="7" el="1770" ec="67" bec="0" bev="0" fileid="164" />
                <SequencePoint vc="1" uspid="5129" ordinal="7" offset="58" sl="1770" sc="68" el="1770" ec="92" bec="0" bev="0" fileid="164" />
                <SequencePoint vc="1" uspid="5130" ordinal="8" offset="65" sl="1771" sc="7" el="1771" ec="45" bec="0" bev="0" fileid="164" />
                <SequencePoint vc="1" uspid="5131" ordinal="9" offset="72" sl="1772" sc="7" el="1772" ec="23" bec="0" bev="0" fileid="164" />
                <SequencePoint vc="1" uspid="5132" ordinal="10" offset="79" sl="1773" sc="7" el="1773" ec="29" bec="0" bev="0" fileid="164" />
                <SequencePoint vc="1" uspid="5133" ordinal="11" offset="87" sl="1774" sc="7" el="1774" ec="25" bec="0" bev="0" fileid="164" />
                <SequencePoint vc="1" uspid="5134" ordinal="12" offset="94" sl="1775" sc="7" el="1775" ec="47" bec="0" bev="0" fileid="164" />
                <SequencePoint vc="1" uspid="5135" ordinal="13" offset="112" sl="1777" sc="7" el="1777" ec="59" bec="0" bev="0" fileid="164" />
                <SequencePoint vc="1" uspid="5136" ordinal="14" offset="118" sl="1778" sc="7" el="1778" ec="119" bec="0" bev="0" fileid="164" />
                <SequencePoint vc="1" uspid="5137" ordinal="15" offset="138" sl="1779" sc="7" el="1779" ec="29" bec="2" bev="1" fileid="164" />
                <SequencePoint vc="0" uspid="5138" ordinal="16" offset="141" sl="1780" sc="9" el="1780" ec="22" bec="0" bev="0" fileid="164" />
                <SequencePoint vc="1" uspid="5139" ordinal="17" offset="143" sl="1782" sc="7" el="1782" ec="34" bec="0" bev="0" fileid="164" />
              </SequencePoints>
              <BranchPoints>
                <BranchPoint vc="0" uspid="5140" ordinal="0" offset="1" sl="1763" path="0" offsetend="3" fileid="164" />
                <BranchPoint vc="1" uspid="5141" ordinal="1" offset="1" sl="1763" path="1" offsetend="14" fileid="164" />
                <BranchPoint vc="0" uspid="5142" ordinal="2" offset="20" sl="1765" path="0" offsetend="22" fileid="164" />
                <BranchPoint vc="1" uspid="5143" ordinal="3" offset="20" sl="1765" path="1" offsetend="33" fileid="164" />
                <BranchPoint vc="0" uspid="5144" ordinal="4" offset="39" sl="1767" path="0" offsetend="41" fileid="164" />
                <BranchPoint vc="1" uspid="5145" ordinal="5" offset="39" sl="1767" path="1" offsetend="52" fileid="164" />
                <BranchPoint vc="0" uspid="5146" ordinal="6" offset="139" sl="1779" path="0" offsetend="141" fileid="164" />
                <BranchPoint vc="1" uspid="5147" ordinal="7" offset="139" sl="1779" path="1" offsetend="143" fileid="164" />
              </BranchPoints>
              <MethodPoint xsi:type="SequencePoint" vc="1" uspid="5122" ordinal="0" offset="0" sl="1763" sc="7" el="1763" ec="28" bec="2" bev="1" fileid="164" />
            </Method>
            <Method visited="true" cyclomaticComplexity="2" nPathComplexity="2" sequenceCoverage="100" branchCoverage="66.67" isConstructor="false" isStatic="false" isGetter="false" isSetter="false">
              <Summary numSequencePoints="3" visitedSequencePoints="3" numBranchPoints="3" visitedBranchPoints="2" sequenceCoverage="100" branchCoverage="66.67" maxCyclomaticComplexity="2" minCyclomaticComplexity="2" visitedClasses="0" numClasses="0" visitedMethods="1" numMethods="1" />
              <MetadataToken>100664709</MetadataToken>
              <Name>System.Void IBM.Watson.DeveloperCloud.Services.SpeechToText.v1.SpeechToText::OnDeleteCustomWordResp(IBM.Watson.DeveloperCloud.Connection.RESTConnector/Request,IBM.Watson.DeveloperCloud.Connection.RESTConnector/Response)</Name>
              <FileRef uid="164" />
              <SequencePoints>
                <SequencePoint vc="1" uspid="5148" ordinal="0" offset="0" sl="1795" sc="7" el="1795" ec="59" bec="2" bev="1" fileid="164" />
                <SequencePoint vc="1" uspid="5149" ordinal="1" offset="13" sl="1796" sc="9" el="1796" ec="100" bec="0" bev="0" fileid="164" />
                <SequencePoint vc="1" uspid="5150" ordinal="2" offset="46" sl="1797" sc="5" el="1797" ec="6" bec="0" bev="0" fileid="164" />
              </SequencePoints>
              <BranchPoints>
                <BranchPoint vc="1" uspid="5151" ordinal="0" offset="11" sl="1795" path="0" offsetend="13" fileid="164" />
                <BranchPoint vc="0" uspid="5152" ordinal="1" offset="11" sl="1795" path="1" offsetend="46" fileid="164" />
              </BranchPoints>
              <MethodPoint xsi:type="SequencePoint" vc="1" uspid="5148" ordinal="0" offset="0" sl="1795" sc="7" el="1795" ec="59" bec="2" bev="1" fileid="164" />
            </Method>
            <Method visited="true" cyclomaticComplexity="5" nPathComplexity="16" sequenceCoverage="76.47" branchCoverage="55.56" isConstructor="false" isStatic="false" isGetter="false" isSetter="false">
              <Summary numSequencePoints="17" visitedSequencePoints="13" numBranchPoints="9" visitedBranchPoints="5" sequenceCoverage="76.47" branchCoverage="55.56" maxCyclomaticComplexity="5" minCyclomaticComplexity="5" visitedClasses="0" numClasses="0" visitedMethods="1" numMethods="1" />
              <MetadataToken>100664710</MetadataToken>
              <Name>System.Boolean IBM.Watson.DeveloperCloud.Services.SpeechToText.v1.SpeechToText::GetCustomWord(IBM.Watson.DeveloperCloud.Services.SpeechToText.v1.SpeechToText/GetCustomWordCallback,System.String,System.String,System.String)</Name>
              <FileRef uid="164" />
              <SequencePoints>
                <SequencePoint vc="1" uspid="5153" ordinal="0" offset="0" sl="1818" sc="7" el="1818" ec="28" bec="2" bev="1" fileid="164" />
                <SequencePoint vc="0" uspid="5154" ordinal="1" offset="3" sl="1819" sc="9" el="1819" ec="53" bec="0" bev="0" fileid="164" />
                <SequencePoint vc="1" uspid="5155" ordinal="2" offset="14" sl="1820" sc="7" el="1820" ec="49" bec="2" bev="1" fileid="164" />
                <SequencePoint vc="0" uspid="5156" ordinal="3" offset="22" sl="1821" sc="9" el="1821" ec="91" bec="0" bev="0" fileid="164" />
                <SequencePoint vc="1" uspid="5157" ordinal="4" offset="33" sl="1822" sc="7" el="1822" ec="38" bec="2" bev="1" fileid="164" />
                <SequencePoint vc="0" uspid="5158" ordinal="5" offset="41" sl="1823" sc="9" el="1823" ec="80" bec="0" bev="0" fileid="164" />
                <SequencePoint vc="1" uspid="5159" ordinal="6" offset="52" sl="1825" sc="7" el="1825" ec="53" bec="0" bev="0" fileid="164" />
                <SequencePoint vc="1" uspid="5160" ordinal="7" offset="58" sl="1826" sc="7" el="1826" ec="31" bec="0" bev="0" fileid="164" />
                <SequencePoint vc="1" uspid="5161" ordinal="8" offset="65" sl="1827" sc="7" el="1827" ec="45" bec="0" bev="0" fileid="164" />
                <SequencePoint vc="1" uspid="5162" ordinal="9" offset="72" sl="1828" sc="7" el="1828" ec="23" bec="0" bev="0" fileid="164" />
                <SequencePoint vc="1" uspid="5163" ordinal="10" offset="79" sl="1829" sc="7" el="1829" ec="29" bec="0" bev="0" fileid="164" />
                <SequencePoint vc="1" uspid="5164" ordinal="11" offset="87" sl="1830" sc="7" el="1830" ec="44" bec="0" bev="0" fileid="164" />
                <SequencePoint vc="1" uspid="5165" ordinal="12" offset="105" sl="1832" sc="7" el="1832" ec="59" bec="0" bev="0" fileid="164" />
                <SequencePoint vc="1" uspid="5166" ordinal="13" offset="111" sl="1833" sc="7" el="1833" ec="119" bec="0" bev="0" fileid="164" />
                <SequencePoint vc="1" uspid="5167" ordinal="14" offset="131" sl="1834" sc="7" el="1834" ec="29" bec="2" bev="1" fileid="164" />
                <SequencePoint vc="0" uspid="5168" ordinal="15" offset="134" sl="1835" sc="9" el="1835" ec="22" bec="0" bev="0" fileid="164" />
                <SequencePoint vc="1" uspid="5169" ordinal="16" offset="136" sl="1837" sc="7" el="1837" ec="34" bec="0" bev="0" fileid="164" />
              </SequencePoints>
              <BranchPoints>
                <BranchPoint vc="0" uspid="5170" ordinal="0" offset="1" sl="1818" path="0" offsetend="3" fileid="164" />
                <BranchPoint vc="1" uspid="5171" ordinal="1" offset="1" sl="1818" path="1" offsetend="14" fileid="164" />
                <BranchPoint vc="0" uspid="5172" ordinal="2" offset="20" sl="1820" path="0" offsetend="22" fileid="164" />
                <BranchPoint vc="1" uspid="5173" ordinal="3" offset="20" sl="1820" path="1" offsetend="33" fileid="164" />
                <BranchPoint vc="0" uspid="5174" ordinal="4" offset="39" sl="1822" path="0" offsetend="41" fileid="164" />
                <BranchPoint vc="1" uspid="5175" ordinal="5" offset="39" sl="1822" path="1" offsetend="52" fileid="164" />
                <BranchPoint vc="0" uspid="5176" ordinal="6" offset="132" sl="1834" path="0" offsetend="134" fileid="164" />
                <BranchPoint vc="1" uspid="5177" ordinal="7" offset="132" sl="1834" path="1" offsetend="136" fileid="164" />
              </BranchPoints>
              <MethodPoint xsi:type="SequencePoint" vc="1" uspid="5153" ordinal="0" offset="0" sl="1818" sc="7" el="1818" ec="28" bec="2" bev="1" fileid="164" />
            </Method>
            <Method visited="true" cyclomaticComplexity="7" nPathComplexity="32" sequenceCoverage="66.67" branchCoverage="54.55" isConstructor="false" isStatic="false" isGetter="false" isSetter="false">
              <Summary numSequencePoints="18" visitedSequencePoints="12" numBranchPoints="11" visitedBranchPoints="6" sequenceCoverage="66.67" branchCoverage="54.55" maxCyclomaticComplexity="7" minCyclomaticComplexity="7" visitedClasses="0" numClasses="0" visitedMethods="1" numMethods="1" />
              <MetadataToken>100664711</MetadataToken>
              <Name>System.Void IBM.Watson.DeveloperCloud.Services.SpeechToText.v1.SpeechToText::OnGetCustomWordResp(IBM.Watson.DeveloperCloud.Connection.RESTConnector/Request,IBM.Watson.DeveloperCloud.Connection.RESTConnector/Response)</Name>
              <FileRef uid="164" />
              <SequencePoints>
                <SequencePoint vc="1" uspid="5178" ordinal="0" offset="0" sl="1850" sc="7" el="1850" ec="38" bec="0" bev="0" fileid="164" />
                <SequencePoint vc="1" uspid="5179" ordinal="1" offset="6" sl="1851" sc="7" el="1851" ec="24" bec="2" bev="1" fileid="164" />
                <SequencePoint vc="1" uspid="5180" ordinal="2" offset="17" sl="1855" sc="11" el="1855" ec="30" bec="0" bev="0" fileid="164" />
                <SequencePoint vc="1" uspid="5181" ordinal="3" offset="19" sl="1856" sc="11" el="1856" ec="89" bec="0" bev="0" fileid="164" />
                <SequencePoint vc="1" uspid="5182" ordinal="4" offset="43" sl="1857" sc="11" el="1857" ec="28" bec="2" bev="1" fileid="164" />
                <SequencePoint vc="0" uspid="5183" ordinal="5" offset="52" sl="1858" sc="13" el="1858" ec="60" bec="0" bev="0" fileid="164" />
                <SequencePoint vc="1" uspid="5184" ordinal="6" offset="65" sl="1860" sc="11" el="1860" ec="29" bec="0" bev="0" fileid="164" />
                <SequencePoint vc="1" uspid="5185" ordinal="7" offset="67" sl="1861" sc="11" el="1861" ec="74" bec="0" bev="0" fileid="164" />
                <SequencePoint vc="1" uspid="5186" ordinal="8" offset="87" sl="1862" sc="11" el="1862" ec="28" bec="2" bev="1" fileid="164" />
                <SequencePoint vc="0" uspid="5187" ordinal="9" offset="96" sl="1863" sc="13" el="1863" ec="60" bec="0" bev="0" fileid="164" />
                <SequencePoint vc="1" uspid="5188" ordinal="10" offset="109" sl="1864" sc="9" el="1864" ec="10" bec="0" bev="0" fileid="164" />
                <SequencePoint vc="0" uspid="5189" ordinal="11" offset="111" sl="1865" sc="9" el="1865" ec="28" bec="0" bev="0" fileid="164" />
                <SequencePoint vc="0" uspid="5190" ordinal="12" offset="113" sl="1867" sc="11" el="1867" ec="91" bec="0" bev="0" fileid="164" />
                <SequencePoint vc="0" uspid="5191" ordinal="13" offset="144" sl="1868" sc="11" el="1868" ec="32" bec="0" bev="0" fileid="164" />
                <SequencePoint vc="0" uspid="5192" ordinal="14" offset="151" sl="1869" sc="9" el="1869" ec="10" bec="0" bev="0" fileid="164" />
                <SequencePoint vc="1" uspid="5193" ordinal="15" offset="153" sl="1872" sc="7" el="1872" ec="52" bec="2" bev="1" fileid="164" />
                <SequencePoint vc="1" uspid="5194" ordinal="16" offset="166" sl="1873" sc="9" el="1873" ec="100" bec="2" bev="1" fileid="164" />
                <SequencePoint vc="1" uspid="5195" ordinal="17" offset="205" sl="1874" sc="5" el="1874" ec="6" bec="0" bev="0" fileid="164" />
              </SequencePoints>
              <BranchPoints>
                <BranchPoint vc="1" uspid="5196" ordinal="0" offset="12" sl="1851" path="0" offsetend="17" fileid="164" />
                <BranchPoint vc="0" uspid="5197" ordinal="1" offset="12" sl="1851" path="1" offsetend="153" fileid="164" />
                <BranchPoint vc="0" uspid="5198" ordinal="2" offset="50" sl="1857" path="0" offsetend="52" fileid="164" />
                <BranchPoint vc="1" uspid="5199" ordinal="3" offset="50" sl="1857" path="1" offsetend="65" fileid="164" />
                <BranchPoint vc="0" uspid="5200" ordinal="4" offset="94" sl="1862" path="0" offsetend="96" fileid="164" />
                <BranchPoint vc="1" uspid="5201" ordinal="5" offset="94" sl="1862" path="1" offsetend="109" fileid="164" />
                <BranchPoint vc="1" uspid="5202" ordinal="6" offset="164" sl="1872" path="0" offsetend="166" fileid="164" />
                <BranchPoint vc="0" uspid="5203" ordinal="7" offset="164" sl="1872" path="1" offsetend="205" fileid="164" />
                <BranchPoint vc="0" uspid="5204" ordinal="8" offset="183" sl="1873" path="0" offsetend="185" fileid="164" />
                <BranchPoint vc="1" uspid="5205" ordinal="9" offset="183" sl="1873" path="1" offsetend="188" fileid="164" />
              </BranchPoints>
              <MethodPoint xsi:type="SequencePoint" vc="1" uspid="5178" ordinal="0" offset="0" sl="1850" sc="7" el="1850" ec="38" bec="0" bev="0" fileid="164" />
            </Method>
            <Method visited="false" cyclomaticComplexity="1" nPathComplexity="0" sequenceCoverage="0" branchCoverage="0" isConstructor="false" isStatic="false" isGetter="false" isSetter="false">
              <Summary numSequencePoints="1" visitedSequencePoints="0" numBranchPoints="1" visitedBranchPoints="0" sequenceCoverage="0" branchCoverage="0" maxCyclomaticComplexity="1" minCyclomaticComplexity="1" visitedClasses="0" numClasses="0" visitedMethods="0" numMethods="1" />
              <MetadataToken>100664712</MetadataToken>
              <Name>System.String IBM.Watson.DeveloperCloud.Services.SpeechToText.v1.SpeechToText::GetServiceID()</Name>
              <FileRef uid="164" />
              <SequencePoints>
                <SequencePoint vc="0" uspid="5206" ordinal="0" offset="0" sl="1881" sc="7" el="1881" ec="25" bec="0" bev="0" fileid="164" />
              </SequencePoints>
              <BranchPoints />
              <MethodPoint xsi:type="SequencePoint" vc="0" uspid="5206" ordinal="0" offset="0" sl="1881" sc="7" el="1881" ec="25" bec="0" bev="0" fileid="164" />
            </Method>
            <Method visited="false" cyclomaticComplexity="2" nPathComplexity="2" sequenceCoverage="0" branchCoverage="0" isConstructor="false" isStatic="false" isGetter="false" isSetter="false">
              <Summary numSequencePoints="4" visitedSequencePoints="0" numBranchPoints="3" visitedBranchPoints="0" sequenceCoverage="0" branchCoverage="0" maxCyclomaticComplexity="2" minCyclomaticComplexity="2" visitedClasses="0" numClasses="0" visitedMethods="0" numMethods="1" />
              <MetadataToken>100664713</MetadataToken>
              <Name>System.Void IBM.Watson.DeveloperCloud.Services.SpeechToText.v1.SpeechToText::GetServiceStatus(IBM.Watson.DeveloperCloud.Services.ServiceStatus)</Name>
              <FileRef uid="164" />
              <SequencePoints>
                <SequencePoint vc="0" uspid="5207" ordinal="0" offset="0" sl="1887" sc="7" el="1887" ec="63" bec="2" bev="0" fileid="164" />
                <SequencePoint vc="0" uspid="5208" ordinal="1" offset="17" sl="1888" sc="9" el="1888" ec="48" bec="0" bev="0" fileid="164" />
                <SequencePoint vc="0" uspid="5209" ordinal="2" offset="26" sl="1890" sc="9" el="1890" ec="37" bec="0" bev="0" fileid="164" />
                <SequencePoint vc="0" uspid="5210" ordinal="3" offset="38" sl="1891" sc="5" el="1891" ec="6" bec="0" bev="0" fileid="164" />
              </SequencePoints>
              <BranchPoints>
                <BranchPoint vc="0" uspid="5211" ordinal="0" offset="15" sl="1887" path="0" offsetend="17" fileid="164" />
                <BranchPoint vc="0" uspid="5212" ordinal="1" offset="15" sl="1887" path="1" offsetend="26" fileid="164" />
              </BranchPoints>
              <MethodPoint xsi:type="SequencePoint" vc="0" uspid="5207" ordinal="0" offset="0" sl="1887" sc="7" el="1887" ec="63" bec="2" bev="0" fileid="164" />
            </Method>
            <Method visited="true" cyclomaticComplexity="1" nPathComplexity="0" sequenceCoverage="100" branchCoverage="100" isConstructor="true" isStatic="false" isGetter="false" isSetter="false">
              <Summary numSequencePoints="8" visitedSequencePoints="8" numBranchPoints="1" visitedBranchPoints="1" sequenceCoverage="100" branchCoverage="100" maxCyclomaticComplexity="1" minCyclomaticComplexity="1" visitedClasses="0" numClasses="0" visitedMethods="1" numMethods="1" />
              <MetadataToken>100664714</MetadataToken>
              <Name>System.Void IBM.Watson.DeveloperCloud.Services.SpeechToText.v1.SpeechToText::.ctor()</Name>
              <FileRef uid="164" />
              <SequencePoints>
                <SequencePoint vc="1" uspid="5213" ordinal="0" offset="0" sl="90" sc="5" el="90" ec="74" bec="0" bev="0" fileid="164" />
                <SequencePoint vc="1" uspid="5214" ordinal="1" offset="11" sl="92" sc="5" el="92" ec="53" bec="0" bev="0" fileid="164" />
                <SequencePoint vc="1" uspid="5215" ordinal="2" offset="22" sl="93" sc="5" el="93" ec="53" bec="0" bev="0" fileid="164" />
                <SequencePoint vc="1" uspid="5216" ordinal="3" offset="33" sl="94" sc="5" el="94" ec="62" bec="0" bev="0" fileid="164" />
                <SequencePoint vc="1" uspid="5217" ordinal="4" offset="44" sl="95" sc="5" el="95" ec="39" bec="0" bev="0" fileid="164" />
                <SequencePoint vc="1" uspid="5218" ordinal="5" offset="51" sl="98" sc="5" el="98" ec="41" bec="0" bev="0" fileid="164" />
                <SequencePoint vc="1" uspid="5219" ordinal="6" offset="58" sl="99" sc="5" el="99" ec="46" bec="0" bev="0" fileid="164" />
                <SequencePoint vc="1" uspid="5220" ordinal="7" offset="69" sl="100" sc="5" el="100" ec="36" bec="0" bev="0" fileid="164" />
              </SequencePoints>
              <BranchPoints />
              <MethodPoint xsi:type="SequencePoint" vc="1" uspid="5213" ordinal="0" offset="0" sl="90" sc="5" el="90" ec="74" bec="0" bev="0" fileid="164" />
            </Method>
            <Method visited="true" cyclomaticComplexity="1" nPathComplexity="0" sequenceCoverage="100" branchCoverage="100" isConstructor="true" isStatic="true" isGetter="false" isSetter="false">
              <Summary numSequencePoints="1" visitedSequencePoints="1" numBranchPoints="1" visitedBranchPoints="1" sequenceCoverage="100" branchCoverage="100" maxCyclomaticComplexity="1" minCyclomaticComplexity="1" visitedClasses="0" numClasses="0" visitedMethods="1" numMethods="1" />
              <MetadataToken>100664715</MetadataToken>
              <Name>System.Void IBM.Watson.DeveloperCloud.Services.SpeechToText.v1.SpeechToText::.cctor()</Name>
              <FileRef uid="164" />
              <SequencePoints>
                <SequencePoint vc="1" uspid="5221" ordinal="0" offset="0" sl="101" sc="5" el="101" ec="68" bec="0" bev="0" fileid="164" />
              </SequencePoints>
              <BranchPoints />
              <MethodPoint xsi:type="SequencePoint" vc="1" uspid="5221" ordinal="0" offset="0" sl="101" sc="5" el="101" ec="68" bec="0" bev="0" fileid="164" />
            </Method>
          </Methods>
        </Class>
        <Class>
          <Summary numSequencePoints="0" visitedSequencePoints="0" numBranchPoints="0" visitedBranchPoints="0" sequenceCoverage="0" branchCoverage="0" maxCyclomaticComplexity="0" minCyclomaticComplexity="0" visitedClasses="0" numClasses="0" visitedMethods="0" numMethods="0" />
          <FullName>IBM.Watson.DeveloperCloud.Services.SpeechToText.v1.SpeechToText/ErrorEvent</FullName>
          <Methods>
            <Method skippedDueTo="Unknown" visited="false" cyclomaticComplexity="0" nPathComplexity="0" sequenceCoverage="0" branchCoverage="0" isConstructor="true" isStatic="false" isGetter="false" isSetter="false">
              <MetadataToken>100666485</MetadataToken>
              <Name>System.Void IBM.Watson.DeveloperCloud.Services.SpeechToText.v1.SpeechToText/ErrorEvent::.ctor(System.Object,System.IntPtr)</Name>
              <SequencePoints />
              <BranchPoints />
            </Method>
            <Method skippedDueTo="Unknown" visited="false" cyclomaticComplexity="0" nPathComplexity="0" sequenceCoverage="0" branchCoverage="0" isConstructor="false" isStatic="false" isGetter="false" isSetter="false">
              <MetadataToken>100666486</MetadataToken>
              <Name>System.Void IBM.Watson.DeveloperCloud.Services.SpeechToText.v1.SpeechToText/ErrorEvent::Invoke(System.String)</Name>
              <SequencePoints />
              <BranchPoints />
            </Method>
            <Method skippedDueTo="Unknown" visited="false" cyclomaticComplexity="0" nPathComplexity="0" sequenceCoverage="0" branchCoverage="0" isConstructor="false" isStatic="false" isGetter="false" isSetter="false">
              <MetadataToken>100666487</MetadataToken>
              <Name>System.IAsyncResult IBM.Watson.DeveloperCloud.Services.SpeechToText.v1.SpeechToText/ErrorEvent::BeginInvoke(System.String,System.AsyncCallback,System.Object)</Name>
              <SequencePoints />
              <BranchPoints />
            </Method>
            <Method skippedDueTo="Unknown" visited="false" cyclomaticComplexity="0" nPathComplexity="0" sequenceCoverage="0" branchCoverage="0" isConstructor="false" isStatic="false" isGetter="false" isSetter="false">
              <MetadataToken>100666488</MetadataToken>
              <Name>System.Void IBM.Watson.DeveloperCloud.Services.SpeechToText.v1.SpeechToText/ErrorEvent::EndInvoke(System.IAsyncResult)</Name>
              <SequencePoints />
              <BranchPoints />
            </Method>
          </Methods>
        </Class>
        <Class>
          <Summary numSequencePoints="0" visitedSequencePoints="0" numBranchPoints="0" visitedBranchPoints="0" sequenceCoverage="0" branchCoverage="0" maxCyclomaticComplexity="0" minCyclomaticComplexity="0" visitedClasses="0" numClasses="0" visitedMethods="0" numMethods="0" />
          <FullName>IBM.Watson.DeveloperCloud.Services.SpeechToText.v1.SpeechToText/LoadFileDelegate</FullName>
          <Methods>
            <Method skippedDueTo="Unknown" visited="false" cyclomaticComplexity="0" nPathComplexity="0" sequenceCoverage="0" branchCoverage="0" isConstructor="true" isStatic="false" isGetter="false" isSetter="false">
              <MetadataToken>100666489</MetadataToken>
              <Name>System.Void IBM.Watson.DeveloperCloud.Services.SpeechToText.v1.SpeechToText/LoadFileDelegate::.ctor(System.Object,System.IntPtr)</Name>
              <SequencePoints />
              <BranchPoints />
            </Method>
            <Method skippedDueTo="Unknown" visited="false" cyclomaticComplexity="0" nPathComplexity="0" sequenceCoverage="0" branchCoverage="0" isConstructor="false" isStatic="false" isGetter="false" isSetter="false">
              <MetadataToken>100666490</MetadataToken>
              <Name>System.Byte[] IBM.Watson.DeveloperCloud.Services.SpeechToText.v1.SpeechToText/LoadFileDelegate::Invoke(System.String)</Name>
              <SequencePoints />
              <BranchPoints />
            </Method>
            <Method skippedDueTo="Unknown" visited="false" cyclomaticComplexity="0" nPathComplexity="0" sequenceCoverage="0" branchCoverage="0" isConstructor="false" isStatic="false" isGetter="false" isSetter="false">
              <MetadataToken>100666491</MetadataToken>
              <Name>System.IAsyncResult IBM.Watson.DeveloperCloud.Services.SpeechToText.v1.SpeechToText/LoadFileDelegate::BeginInvoke(System.String,System.AsyncCallback,System.Object)</Name>
              <SequencePoints />
              <BranchPoints />
            </Method>
            <Method skippedDueTo="Unknown" visited="false" cyclomaticComplexity="0" nPathComplexity="0" sequenceCoverage="0" branchCoverage="0" isConstructor="false" isStatic="false" isGetter="false" isSetter="false">
              <MetadataToken>100666492</MetadataToken>
              <Name>System.Byte[] IBM.Watson.DeveloperCloud.Services.SpeechToText.v1.SpeechToText/LoadFileDelegate::EndInvoke(System.IAsyncResult)</Name>
              <SequencePoints />
              <BranchPoints />
            </Method>
          </Methods>
        </Class>
        <Class>
          <Summary numSequencePoints="0" visitedSequencePoints="0" numBranchPoints="0" visitedBranchPoints="0" sequenceCoverage="0" branchCoverage="0" maxCyclomaticComplexity="0" minCyclomaticComplexity="0" visitedClasses="0" numClasses="0" visitedMethods="0" numMethods="0" />
          <FullName>IBM.Watson.DeveloperCloud.Services.SpeechToText.v1.SpeechToText/OnGetModels</FullName>
          <Methods>
            <Method skippedDueTo="Unknown" visited="false" cyclomaticComplexity="0" nPathComplexity="0" sequenceCoverage="0" branchCoverage="0" isConstructor="true" isStatic="false" isGetter="false" isSetter="false">
              <MetadataToken>100666493</MetadataToken>
              <Name>System.Void IBM.Watson.DeveloperCloud.Services.SpeechToText.v1.SpeechToText/OnGetModels::.ctor(System.Object,System.IntPtr)</Name>
              <SequencePoints />
              <BranchPoints />
            </Method>
            <Method skippedDueTo="Unknown" visited="false" cyclomaticComplexity="0" nPathComplexity="0" sequenceCoverage="0" branchCoverage="0" isConstructor="false" isStatic="false" isGetter="false" isSetter="false">
              <MetadataToken>100666494</MetadataToken>
              <Name>System.Void IBM.Watson.DeveloperCloud.Services.SpeechToText.v1.SpeechToText/OnGetModels::Invoke(IBM.Watson.DeveloperCloud.Services.SpeechToText.v1.Model[])</Name>
              <SequencePoints />
              <BranchPoints />
            </Method>
            <Method skippedDueTo="Unknown" visited="false" cyclomaticComplexity="0" nPathComplexity="0" sequenceCoverage="0" branchCoverage="0" isConstructor="false" isStatic="false" isGetter="false" isSetter="false">
              <MetadataToken>100666495</MetadataToken>
              <Name>System.IAsyncResult IBM.Watson.DeveloperCloud.Services.SpeechToText.v1.SpeechToText/OnGetModels::BeginInvoke(IBM.Watson.DeveloperCloud.Services.SpeechToText.v1.Model[],System.AsyncCallback,System.Object)</Name>
              <SequencePoints />
              <BranchPoints />
            </Method>
            <Method skippedDueTo="Unknown" visited="false" cyclomaticComplexity="0" nPathComplexity="0" sequenceCoverage="0" branchCoverage="0" isConstructor="false" isStatic="false" isGetter="false" isSetter="false">
              <MetadataToken>100666496</MetadataToken>
              <Name>System.Void IBM.Watson.DeveloperCloud.Services.SpeechToText.v1.SpeechToText/OnGetModels::EndInvoke(System.IAsyncResult)</Name>
              <SequencePoints />
              <BranchPoints />
            </Method>
          </Methods>
        </Class>
        <Class>
          <Summary numSequencePoints="2" visitedSequencePoints="2" numBranchPoints="2" visitedBranchPoints="2" sequenceCoverage="100" branchCoverage="100" maxCyclomaticComplexity="1" minCyclomaticComplexity="1" visitedClasses="1" numClasses="1" visitedMethods="2" numMethods="2" />
          <FullName>IBM.Watson.DeveloperCloud.Services.SpeechToText.v1.SpeechToText/GetModelsRequest</FullName>
          <Methods>
            <Method visited="true" cyclomaticComplexity="1" nPathComplexity="0" sequenceCoverage="100" branchCoverage="100" isConstructor="false" isStatic="false" isGetter="true" isSetter="false">
              <Summary numSequencePoints="1" visitedSequencePoints="1" numBranchPoints="1" visitedBranchPoints="1" sequenceCoverage="100" branchCoverage="100" maxCyclomaticComplexity="1" minCyclomaticComplexity="1" visitedClasses="0" numClasses="0" visitedMethods="1" numMethods="1" />
              <MetadataToken>100666497</MetadataToken>
              <Name>IBM.Watson.DeveloperCloud.Services.SpeechToText.v1.SpeechToText/OnGetModels IBM.Watson.DeveloperCloud.Services.SpeechToText.v1.SpeechToText/GetModelsRequest::get_Callback()</Name>
              <FileRef uid="164" />
              <SequencePoints>
                <SequencePoint vc="2" uspid="5222" ordinal="0" offset="0" sl="194" sc="37" el="194" ec="41" bec="0" bev="0" fileid="164" />
              </SequencePoints>
              <BranchPoints />
              <MethodPoint xsi:type="SequencePoint" vc="2" uspid="5222" ordinal="0" offset="0" sl="194" sc="37" el="194" ec="41" bec="0" bev="0" fileid="164" />
            </Method>
            <Method visited="true" cyclomaticComplexity="1" nPathComplexity="0" sequenceCoverage="100" branchCoverage="100" isConstructor="false" isStatic="false" isGetter="false" isSetter="true">
              <Summary numSequencePoints="1" visitedSequencePoints="1" numBranchPoints="1" visitedBranchPoints="1" sequenceCoverage="100" branchCoverage="100" maxCyclomaticComplexity="1" minCyclomaticComplexity="1" visitedClasses="0" numClasses="0" visitedMethods="1" numMethods="1" />
              <MetadataToken>100666498</MetadataToken>
              <Name>System.Void IBM.Watson.DeveloperCloud.Services.SpeechToText.v1.SpeechToText/GetModelsRequest::set_Callback(IBM.Watson.DeveloperCloud.Services.SpeechToText.v1.SpeechToText/OnGetModels)</Name>
              <FileRef uid="164" />
              <SequencePoints>
                <SequencePoint vc="1" uspid="5223" ordinal="0" offset="0" sl="194" sc="42" el="194" ec="46" bec="0" bev="0" fileid="164" />
              </SequencePoints>
              <BranchPoints />
              <MethodPoint xsi:type="SequencePoint" vc="1" uspid="5223" ordinal="0" offset="0" sl="194" sc="42" el="194" ec="46" bec="0" bev="0" fileid="164" />
            </Method>
            <Method visited="true" cyclomaticComplexity="1" nPathComplexity="0" sequenceCoverage="0" branchCoverage="0" isConstructor="true" isStatic="false" isGetter="false" isSetter="false">
              <Summary numSequencePoints="0" visitedSequencePoints="0" numBranchPoints="0" visitedBranchPoints="0" sequenceCoverage="0" branchCoverage="0" maxCyclomaticComplexity="1" minCyclomaticComplexity="1" visitedClasses="0" numClasses="0" visitedMethods="0" numMethods="0" />
              <MetadataToken>100666499</MetadataToken>
              <Name>System.Void IBM.Watson.DeveloperCloud.Services.SpeechToText.v1.SpeechToText/GetModelsRequest::.ctor()</Name>
              <SequencePoints />
              <BranchPoints />
              <MethodPoint vc="1" uspid="5224" ordinal="0" offset="0" />
            </Method>
          </Methods>
        </Class>
        <Class>
          <Summary numSequencePoints="0" visitedSequencePoints="0" numBranchPoints="0" visitedBranchPoints="0" sequenceCoverage="0" branchCoverage="0" maxCyclomaticComplexity="0" minCyclomaticComplexity="0" visitedClasses="0" numClasses="0" visitedMethods="0" numMethods="0" />
          <FullName>IBM.Watson.DeveloperCloud.Services.SpeechToText.v1.SpeechToText/OnGetModel</FullName>
          <Methods>
            <Method skippedDueTo="Unknown" visited="false" cyclomaticComplexity="0" nPathComplexity="0" sequenceCoverage="0" branchCoverage="0" isConstructor="true" isStatic="false" isGetter="false" isSetter="false">
              <MetadataToken>100666500</MetadataToken>
              <Name>System.Void IBM.Watson.DeveloperCloud.Services.SpeechToText.v1.SpeechToText/OnGetModel::.ctor(System.Object,System.IntPtr)</Name>
              <SequencePoints />
              <BranchPoints />
            </Method>
            <Method skippedDueTo="Unknown" visited="false" cyclomaticComplexity="0" nPathComplexity="0" sequenceCoverage="0" branchCoverage="0" isConstructor="false" isStatic="false" isGetter="false" isSetter="false">
              <MetadataToken>100666501</MetadataToken>
              <Name>System.Void IBM.Watson.DeveloperCloud.Services.SpeechToText.v1.SpeechToText/OnGetModel::Invoke(IBM.Watson.DeveloperCloud.Services.SpeechToText.v1.Model)</Name>
              <SequencePoints />
              <BranchPoints />
            </Method>
            <Method skippedDueTo="Unknown" visited="false" cyclomaticComplexity="0" nPathComplexity="0" sequenceCoverage="0" branchCoverage="0" isConstructor="false" isStatic="false" isGetter="false" isSetter="false">
              <MetadataToken>100666502</MetadataToken>
              <Name>System.IAsyncResult IBM.Watson.DeveloperCloud.Services.SpeechToText.v1.SpeechToText/OnGetModel::BeginInvoke(IBM.Watson.DeveloperCloud.Services.SpeechToText.v1.Model,System.AsyncCallback,System.Object)</Name>
              <SequencePoints />
              <BranchPoints />
            </Method>
            <Method skippedDueTo="Unknown" visited="false" cyclomaticComplexity="0" nPathComplexity="0" sequenceCoverage="0" branchCoverage="0" isConstructor="false" isStatic="false" isGetter="false" isSetter="false">
              <MetadataToken>100666503</MetadataToken>
              <Name>System.Void IBM.Watson.DeveloperCloud.Services.SpeechToText.v1.SpeechToText/OnGetModel::EndInvoke(System.IAsyncResult)</Name>
              <SequencePoints />
              <BranchPoints />
            </Method>
          </Methods>
        </Class>
        <Class>
          <Summary numSequencePoints="4" visitedSequencePoints="3" numBranchPoints="4" visitedBranchPoints="3" sequenceCoverage="75" branchCoverage="75" maxCyclomaticComplexity="1" minCyclomaticComplexity="1" visitedClasses="1" numClasses="1" visitedMethods="3" numMethods="4" />
          <FullName>IBM.Watson.DeveloperCloud.Services.SpeechToText.v1.SpeechToText/GetModelRequest</FullName>
          <Methods>
            <Method visited="true" cyclomaticComplexity="1" nPathComplexity="0" sequenceCoverage="100" branchCoverage="100" isConstructor="false" isStatic="false" isGetter="true" isSetter="false">
              <Summary numSequencePoints="1" visitedSequencePoints="1" numBranchPoints="1" visitedBranchPoints="1" sequenceCoverage="100" branchCoverage="100" maxCyclomaticComplexity="1" minCyclomaticComplexity="1" visitedClasses="0" numClasses="0" visitedMethods="1" numMethods="1" />
              <MetadataToken>100666504</MetadataToken>
              <Name>IBM.Watson.DeveloperCloud.Services.SpeechToText.v1.SpeechToText/OnGetModel IBM.Watson.DeveloperCloud.Services.SpeechToText.v1.SpeechToText/GetModelRequest::get_Callback()</Name>
              <FileRef uid="164" />
              <SequencePoints>
                <SequencePoint vc="2" uspid="5225" ordinal="0" offset="0" sl="298" sc="36" el="298" ec="40" bec="0" bev="0" fileid="164" />
              </SequencePoints>
              <BranchPoints />
              <MethodPoint xsi:type="SequencePoint" vc="2" uspid="5225" ordinal="0" offset="0" sl="298" sc="36" el="298" ec="40" bec="0" bev="0" fileid="164" />
            </Method>
            <Method visited="true" cyclomaticComplexity="1" nPathComplexity="0" sequenceCoverage="100" branchCoverage="100" isConstructor="false" isStatic="false" isGetter="false" isSetter="true">
              <Summary numSequencePoints="1" visitedSequencePoints="1" numBranchPoints="1" visitedBranchPoints="1" sequenceCoverage="100" branchCoverage="100" maxCyclomaticComplexity="1" minCyclomaticComplexity="1" visitedClasses="0" numClasses="0" visitedMethods="1" numMethods="1" />
              <MetadataToken>100666505</MetadataToken>
              <Name>System.Void IBM.Watson.DeveloperCloud.Services.SpeechToText.v1.SpeechToText/GetModelRequest::set_Callback(IBM.Watson.DeveloperCloud.Services.SpeechToText.v1.SpeechToText/OnGetModel)</Name>
              <FileRef uid="164" />
              <SequencePoints>
                <SequencePoint vc="1" uspid="5226" ordinal="0" offset="0" sl="298" sc="41" el="298" ec="45" bec="0" bev="0" fileid="164" />
              </SequencePoints>
              <BranchPoints />
              <MethodPoint xsi:type="SequencePoint" vc="1" uspid="5226" ordinal="0" offset="0" sl="298" sc="41" el="298" ec="45" bec="0" bev="0" fileid="164" />
            </Method>
            <Method visited="false" cyclomaticComplexity="1" nPathComplexity="0" sequenceCoverage="0" branchCoverage="0" isConstructor="false" isStatic="false" isGetter="true" isSetter="false">
              <Summary numSequencePoints="1" visitedSequencePoints="0" numBranchPoints="1" visitedBranchPoints="0" sequenceCoverage="0" branchCoverage="0" maxCyclomaticComplexity="1" minCyclomaticComplexity="1" visitedClasses="0" numClasses="0" visitedMethods="0" numMethods="1" />
              <MetadataToken>100666506</MetadataToken>
              <Name>System.String IBM.Watson.DeveloperCloud.Services.SpeechToText.v1.SpeechToText/GetModelRequest::get_ModelID()</Name>
              <FileRef uid="164" />
              <SequencePoints>
                <SequencePoint vc="0" uspid="5227" ordinal="0" offset="0" sl="299" sc="31" el="299" ec="35" bec="0" bev="0" fileid="164" />
              </SequencePoints>
              <BranchPoints />
              <MethodPoint xsi:type="SequencePoint" vc="0" uspid="5227" ordinal="0" offset="0" sl="299" sc="31" el="299" ec="35" bec="0" bev="0" fileid="164" />
            </Method>
            <Method visited="true" cyclomaticComplexity="1" nPathComplexity="0" sequenceCoverage="100" branchCoverage="100" isConstructor="false" isStatic="false" isGetter="false" isSetter="true">
              <Summary numSequencePoints="1" visitedSequencePoints="1" numBranchPoints="1" visitedBranchPoints="1" sequenceCoverage="100" branchCoverage="100" maxCyclomaticComplexity="1" minCyclomaticComplexity="1" visitedClasses="0" numClasses="0" visitedMethods="1" numMethods="1" />
              <MetadataToken>100666507</MetadataToken>
              <Name>System.Void IBM.Watson.DeveloperCloud.Services.SpeechToText.v1.SpeechToText/GetModelRequest::set_ModelID(System.String)</Name>
              <FileRef uid="164" />
              <SequencePoints>
                <SequencePoint vc="1" uspid="5228" ordinal="0" offset="0" sl="299" sc="36" el="299" ec="40" bec="0" bev="0" fileid="164" />
              </SequencePoints>
              <BranchPoints />
              <MethodPoint xsi:type="SequencePoint" vc="1" uspid="5228" ordinal="0" offset="0" sl="299" sc="36" el="299" ec="40" bec="0" bev="0" fileid="164" />
            </Method>
            <Method visited="true" cyclomaticComplexity="1" nPathComplexity="0" sequenceCoverage="0" branchCoverage="0" isConstructor="true" isStatic="false" isGetter="false" isSetter="false">
              <Summary numSequencePoints="0" visitedSequencePoints="0" numBranchPoints="0" visitedBranchPoints="0" sequenceCoverage="0" branchCoverage="0" maxCyclomaticComplexity="1" minCyclomaticComplexity="1" visitedClasses="0" numClasses="0" visitedMethods="0" numMethods="0" />
              <MetadataToken>100666508</MetadataToken>
              <Name>System.Void IBM.Watson.DeveloperCloud.Services.SpeechToText.v1.SpeechToText/GetModelRequest::.ctor()</Name>
              <SequencePoints />
              <BranchPoints />
              <MethodPoint vc="1" uspid="5229" ordinal="0" offset="0" />
            </Method>
          </Methods>
        </Class>
        <Class>
          <Summary numSequencePoints="0" visitedSequencePoints="0" numBranchPoints="0" visitedBranchPoints="0" sequenceCoverage="0" branchCoverage="0" maxCyclomaticComplexity="0" minCyclomaticComplexity="0" visitedClasses="0" numClasses="0" visitedMethods="0" numMethods="0" />
          <FullName>IBM.Watson.DeveloperCloud.Services.SpeechToText.v1.SpeechToText/OnRecognize</FullName>
          <Methods>
            <Method skippedDueTo="Unknown" visited="false" cyclomaticComplexity="0" nPathComplexity="0" sequenceCoverage="0" branchCoverage="0" isConstructor="true" isStatic="false" isGetter="false" isSetter="false">
              <MetadataToken>100666509</MetadataToken>
              <Name>System.Void IBM.Watson.DeveloperCloud.Services.SpeechToText.v1.SpeechToText/OnRecognize::.ctor(System.Object,System.IntPtr)</Name>
              <SequencePoints />
              <BranchPoints />
            </Method>
            <Method skippedDueTo="Unknown" visited="false" cyclomaticComplexity="0" nPathComplexity="0" sequenceCoverage="0" branchCoverage="0" isConstructor="false" isStatic="false" isGetter="false" isSetter="false">
              <MetadataToken>100666510</MetadataToken>
              <Name>System.Void IBM.Watson.DeveloperCloud.Services.SpeechToText.v1.SpeechToText/OnRecognize::Invoke(IBM.Watson.DeveloperCloud.Services.SpeechToText.v1.SpeechRecognitionEvent)</Name>
              <SequencePoints />
              <BranchPoints />
            </Method>
            <Method skippedDueTo="Unknown" visited="false" cyclomaticComplexity="0" nPathComplexity="0" sequenceCoverage="0" branchCoverage="0" isConstructor="false" isStatic="false" isGetter="false" isSetter="false">
              <MetadataToken>100666511</MetadataToken>
              <Name>System.IAsyncResult IBM.Watson.DeveloperCloud.Services.SpeechToText.v1.SpeechToText/OnRecognize::BeginInvoke(IBM.Watson.DeveloperCloud.Services.SpeechToText.v1.SpeechRecognitionEvent,System.AsyncCallback,System.Object)</Name>
              <SequencePoints />
              <BranchPoints />
            </Method>
            <Method skippedDueTo="Unknown" visited="false" cyclomaticComplexity="0" nPathComplexity="0" sequenceCoverage="0" branchCoverage="0" isConstructor="false" isStatic="false" isGetter="false" isSetter="false">
              <MetadataToken>100666512</MetadataToken>
              <Name>System.Void IBM.Watson.DeveloperCloud.Services.SpeechToText.v1.SpeechToText/OnRecognize::EndInvoke(System.IAsyncResult)</Name>
              <SequencePoints />
              <BranchPoints />
            </Method>
          </Methods>
        </Class>
        <Class>
          <Summary numSequencePoints="4" visitedSequencePoints="3" numBranchPoints="4" visitedBranchPoints="3" sequenceCoverage="75" branchCoverage="75" maxCyclomaticComplexity="1" minCyclomaticComplexity="1" visitedClasses="1" numClasses="1" visitedMethods="3" numMethods="4" />
          <FullName>IBM.Watson.DeveloperCloud.Services.SpeechToText.v1.SpeechToText/RecognizeRequest</FullName>
          <Methods>
            <Method visited="false" cyclomaticComplexity="1" nPathComplexity="0" sequenceCoverage="0" branchCoverage="0" isConstructor="false" isStatic="false" isGetter="true" isSetter="false">
              <Summary numSequencePoints="1" visitedSequencePoints="0" numBranchPoints="1" visitedBranchPoints="0" sequenceCoverage="0" branchCoverage="0" maxCyclomaticComplexity="1" minCyclomaticComplexity="1" visitedClasses="0" numClasses="0" visitedMethods="0" numMethods="1" />
              <MetadataToken>100666513</MetadataToken>
              <Name>IBM.Watson.DeveloperCloud.Utilities.AudioClip IBM.Watson.DeveloperCloud.Services.SpeechToText.v1.SpeechToText/RecognizeRequest::get_Clip()</Name>
              <FileRef uid="164" />
              <SequencePoints>
                <SequencePoint vc="0" uspid="5230" ordinal="0" offset="0" sl="713" sc="31" el="713" ec="35" bec="0" bev="0" fileid="164" />
              </SequencePoints>
              <BranchPoints />
              <MethodPoint xsi:type="SequencePoint" vc="0" uspid="5230" ordinal="0" offset="0" sl="713" sc="31" el="713" ec="35" bec="0" bev="0" fileid="164" />
            </Method>
            <Method visited="true" cyclomaticComplexity="1" nPathComplexity="0" sequenceCoverage="100" branchCoverage="100" isConstructor="false" isStatic="false" isGetter="false" isSetter="true">
              <Summary numSequencePoints="1" visitedSequencePoints="1" numBranchPoints="1" visitedBranchPoints="1" sequenceCoverage="100" branchCoverage="100" maxCyclomaticComplexity="1" minCyclomaticComplexity="1" visitedClasses="0" numClasses="0" visitedMethods="1" numMethods="1" />
              <MetadataToken>100666514</MetadataToken>
              <Name>System.Void IBM.Watson.DeveloperCloud.Services.SpeechToText.v1.SpeechToText/RecognizeRequest::set_Clip(IBM.Watson.DeveloperCloud.Utilities.AudioClip)</Name>
              <FileRef uid="164" />
              <SequencePoints>
                <SequencePoint vc="1" uspid="5231" ordinal="0" offset="0" sl="713" sc="36" el="713" ec="40" bec="0" bev="0" fileid="164" />
              </SequencePoints>
              <BranchPoints />
              <MethodPoint xsi:type="SequencePoint" vc="1" uspid="5231" ordinal="0" offset="0" sl="713" sc="36" el="713" ec="40" bec="0" bev="0" fileid="164" />
            </Method>
            <Method visited="true" cyclomaticComplexity="1" nPathComplexity="0" sequenceCoverage="100" branchCoverage="100" isConstructor="false" isStatic="false" isGetter="true" isSetter="false">
              <Summary numSequencePoints="1" visitedSequencePoints="1" numBranchPoints="1" visitedBranchPoints="1" sequenceCoverage="100" branchCoverage="100" maxCyclomaticComplexity="1" minCyclomaticComplexity="1" visitedClasses="0" numClasses="0" visitedMethods="1" numMethods="1" />
              <MetadataToken>100666515</MetadataToken>
              <Name>IBM.Watson.DeveloperCloud.Services.SpeechToText.v1.SpeechToText/OnRecognize IBM.Watson.DeveloperCloud.Services.SpeechToText.v1.SpeechToText/RecognizeRequest::get_Callback()</Name>
              <FileRef uid="164" />
              <SequencePoints>
                <SequencePoint vc="2" uspid="5232" ordinal="0" offset="0" sl="714" sc="37" el="714" ec="41" bec="0" bev="0" fileid="164" />
              </SequencePoints>
              <BranchPoints />
              <MethodPoint xsi:type="SequencePoint" vc="2" uspid="5232" ordinal="0" offset="0" sl="714" sc="37" el="714" ec="41" bec="0" bev="0" fileid="164" />
            </Method>
            <Method visited="true" cyclomaticComplexity="1" nPathComplexity="0" sequenceCoverage="100" branchCoverage="100" isConstructor="false" isStatic="false" isGetter="false" isSetter="true">
              <Summary numSequencePoints="1" visitedSequencePoints="1" numBranchPoints="1" visitedBranchPoints="1" sequenceCoverage="100" branchCoverage="100" maxCyclomaticComplexity="1" minCyclomaticComplexity="1" visitedClasses="0" numClasses="0" visitedMethods="1" numMethods="1" />
              <MetadataToken>100666516</MetadataToken>
              <Name>System.Void IBM.Watson.DeveloperCloud.Services.SpeechToText.v1.SpeechToText/RecognizeRequest::set_Callback(IBM.Watson.DeveloperCloud.Services.SpeechToText.v1.SpeechToText/OnRecognize)</Name>
              <FileRef uid="164" />
              <SequencePoints>
                <SequencePoint vc="1" uspid="5233" ordinal="0" offset="0" sl="714" sc="42" el="714" ec="46" bec="0" bev="0" fileid="164" />
              </SequencePoints>
              <BranchPoints />
              <MethodPoint xsi:type="SequencePoint" vc="1" uspid="5233" ordinal="0" offset="0" sl="714" sc="42" el="714" ec="46" bec="0" bev="0" fileid="164" />
            </Method>
            <Method visited="true" cyclomaticComplexity="1" nPathComplexity="0" sequenceCoverage="0" branchCoverage="0" isConstructor="true" isStatic="false" isGetter="false" isSetter="false">
              <Summary numSequencePoints="0" visitedSequencePoints="0" numBranchPoints="0" visitedBranchPoints="0" sequenceCoverage="0" branchCoverage="0" maxCyclomaticComplexity="1" minCyclomaticComplexity="1" visitedClasses="0" numClasses="0" visitedMethods="0" numMethods="0" />
              <MetadataToken>100666517</MetadataToken>
              <Name>System.Void IBM.Watson.DeveloperCloud.Services.SpeechToText.v1.SpeechToText/RecognizeRequest::.ctor()</Name>
              <SequencePoints />
              <BranchPoints />
              <MethodPoint vc="1" uspid="5234" ordinal="0" offset="0" />
            </Method>
          </Methods>
        </Class>
        <Class>
          <Summary numSequencePoints="0" visitedSequencePoints="0" numBranchPoints="0" visitedBranchPoints="0" sequenceCoverage="0" branchCoverage="0" maxCyclomaticComplexity="0" minCyclomaticComplexity="0" visitedClasses="0" numClasses="0" visitedMethods="0" numMethods="0" />
          <FullName>IBM.Watson.DeveloperCloud.Services.SpeechToText.v1.SpeechToText/GetCustomizationsCallback</FullName>
          <Methods>
            <Method skippedDueTo="Unknown" visited="false" cyclomaticComplexity="0" nPathComplexity="0" sequenceCoverage="0" branchCoverage="0" isConstructor="true" isStatic="false" isGetter="false" isSetter="false">
              <MetadataToken>100666518</MetadataToken>
              <Name>System.Void IBM.Watson.DeveloperCloud.Services.SpeechToText.v1.SpeechToText/GetCustomizationsCallback::.ctor(System.Object,System.IntPtr)</Name>
              <SequencePoints />
              <BranchPoints />
            </Method>
            <Method skippedDueTo="Unknown" visited="false" cyclomaticComplexity="0" nPathComplexity="0" sequenceCoverage="0" branchCoverage="0" isConstructor="false" isStatic="false" isGetter="false" isSetter="false">
              <MetadataToken>100666519</MetadataToken>
              <Name>System.Void IBM.Watson.DeveloperCloud.Services.SpeechToText.v1.SpeechToText/GetCustomizationsCallback::Invoke(IBM.Watson.DeveloperCloud.Services.SpeechToText.v1.Customizations,System.String)</Name>
              <SequencePoints />
              <BranchPoints />
            </Method>
            <Method skippedDueTo="Unknown" visited="false" cyclomaticComplexity="0" nPathComplexity="0" sequenceCoverage="0" branchCoverage="0" isConstructor="false" isStatic="false" isGetter="false" isSetter="false">
              <MetadataToken>100666520</MetadataToken>
              <Name>System.IAsyncResult IBM.Watson.DeveloperCloud.Services.SpeechToText.v1.SpeechToText/GetCustomizationsCallback::BeginInvoke(IBM.Watson.DeveloperCloud.Services.SpeechToText.v1.Customizations,System.String,System.AsyncCallback,System.Object)</Name>
              <SequencePoints />
              <BranchPoints />
            </Method>
            <Method skippedDueTo="Unknown" visited="false" cyclomaticComplexity="0" nPathComplexity="0" sequenceCoverage="0" branchCoverage="0" isConstructor="false" isStatic="false" isGetter="false" isSetter="false">
              <MetadataToken>100666521</MetadataToken>
              <Name>System.Void IBM.Watson.DeveloperCloud.Services.SpeechToText.v1.SpeechToText/GetCustomizationsCallback::EndInvoke(System.IAsyncResult)</Name>
              <SequencePoints />
              <BranchPoints />
            </Method>
          </Methods>
        </Class>
        <Class>
          <Summary numSequencePoints="6" visitedSequencePoints="5" numBranchPoints="6" visitedBranchPoints="5" sequenceCoverage="83.33" branchCoverage="83.33" maxCyclomaticComplexity="1" minCyclomaticComplexity="1" visitedClasses="1" numClasses="1" visitedMethods="5" numMethods="6" />
          <FullName>IBM.Watson.DeveloperCloud.Services.SpeechToText.v1.SpeechToText/GetCustomizationsReq</FullName>
          <Methods>
            <Method visited="true" cyclomaticComplexity="1" nPathComplexity="0" sequenceCoverage="100" branchCoverage="100" isConstructor="false" isStatic="false" isGetter="true" isSetter="false">
              <Summary numSequencePoints="1" visitedSequencePoints="1" numBranchPoints="1" visitedBranchPoints="1" sequenceCoverage="100" branchCoverage="100" maxCyclomaticComplexity="1" minCyclomaticComplexity="1" visitedClasses="0" numClasses="0" visitedMethods="1" numMethods="1" />
              <MetadataToken>100666522</MetadataToken>
              <Name>IBM.Watson.DeveloperCloud.Services.SpeechToText.v1.SpeechToText/GetCustomizationsCallback IBM.Watson.DeveloperCloud.Services.SpeechToText.v1.SpeechToText/GetCustomizationsReq::get_Callback()</Name>
              <FileRef uid="164" />
              <SequencePoints>
                <SequencePoint vc="2" uspid="5235" ordinal="0" offset="0" sl="893" sc="51" el="893" ec="55" bec="0" bev="0" fileid="164" />
              </SequencePoints>
              <BranchPoints />
              <MethodPoint xsi:type="SequencePoint" vc="2" uspid="5235" ordinal="0" offset="0" sl="893" sc="51" el="893" ec="55" bec="0" bev="0" fileid="164" />
            </Method>
            <Method visited="true" cyclomaticComplexity="1" nPathComplexity="0" sequenceCoverage="100" branchCoverage="100" isConstructor="false" isStatic="false" isGetter="false" isSetter="true">
              <Summary numSequencePoints="1" visitedSequencePoints="1" numBranchPoints="1" visitedBranchPoints="1" sequenceCoverage="100" branchCoverage="100" maxCyclomaticComplexity="1" minCyclomaticComplexity="1" visitedClasses="0" numClasses="0" visitedMethods="1" numMethods="1" />
              <MetadataToken>100666523</MetadataToken>
              <Name>System.Void IBM.Watson.DeveloperCloud.Services.SpeechToText.v1.SpeechToText/GetCustomizationsReq::set_Callback(IBM.Watson.DeveloperCloud.Services.SpeechToText.v1.SpeechToText/GetCustomizationsCallback)</Name>
              <FileRef uid="164" />
              <SequencePoints>
                <SequencePoint vc="1" uspid="5236" ordinal="0" offset="0" sl="893" sc="56" el="893" ec="60" bec="0" bev="0" fileid="164" />
              </SequencePoints>
              <BranchPoints />
              <MethodPoint xsi:type="SequencePoint" vc="1" uspid="5236" ordinal="0" offset="0" sl="893" sc="56" el="893" ec="60" bec="0" bev="0" fileid="164" />
            </Method>
            <Method visited="false" cyclomaticComplexity="1" nPathComplexity="0" sequenceCoverage="0" branchCoverage="0" isConstructor="false" isStatic="false" isGetter="true" isSetter="false">
              <Summary numSequencePoints="1" visitedSequencePoints="0" numBranchPoints="1" visitedBranchPoints="0" sequenceCoverage="0" branchCoverage="0" maxCyclomaticComplexity="1" minCyclomaticComplexity="1" visitedClasses="0" numClasses="0" visitedMethods="0" numMethods="1" />
              <MetadataToken>100666524</MetadataToken>
              <Name>System.String IBM.Watson.DeveloperCloud.Services.SpeechToText.v1.SpeechToText/GetCustomizationsReq::get_Language()</Name>
              <FileRef uid="164" />
              <SequencePoints>
                <SequencePoint vc="0" uspid="5237" ordinal="0" offset="0" sl="894" sc="32" el="894" ec="36" bec="0" bev="0" fileid="164" />
              </SequencePoints>
              <BranchPoints />
              <MethodPoint xsi:type="SequencePoint" vc="0" uspid="5237" ordinal="0" offset="0" sl="894" sc="32" el="894" ec="36" bec="0" bev="0" fileid="164" />
            </Method>
            <Method visited="true" cyclomaticComplexity="1" nPathComplexity="0" sequenceCoverage="100" branchCoverage="100" isConstructor="false" isStatic="false" isGetter="false" isSetter="true">
              <Summary numSequencePoints="1" visitedSequencePoints="1" numBranchPoints="1" visitedBranchPoints="1" sequenceCoverage="100" branchCoverage="100" maxCyclomaticComplexity="1" minCyclomaticComplexity="1" visitedClasses="0" numClasses="0" visitedMethods="1" numMethods="1" />
              <MetadataToken>100666525</MetadataToken>
              <Name>System.Void IBM.Watson.DeveloperCloud.Services.SpeechToText.v1.SpeechToText/GetCustomizationsReq::set_Language(System.String)</Name>
              <FileRef uid="164" />
              <SequencePoints>
                <SequencePoint vc="1" uspid="5238" ordinal="0" offset="0" sl="894" sc="37" el="894" ec="41" bec="0" bev="0" fileid="164" />
              </SequencePoints>
              <BranchPoints />
              <MethodPoint xsi:type="SequencePoint" vc="1" uspid="5238" ordinal="0" offset="0" sl="894" sc="37" el="894" ec="41" bec="0" bev="0" fileid="164" />
            </Method>
            <Method visited="true" cyclomaticComplexity="1" nPathComplexity="0" sequenceCoverage="100" branchCoverage="100" isConstructor="false" isStatic="false" isGetter="true" isSetter="false">
              <Summary numSequencePoints="1" visitedSequencePoints="1" numBranchPoints="1" visitedBranchPoints="1" sequenceCoverage="100" branchCoverage="100" maxCyclomaticComplexity="1" minCyclomaticComplexity="1" visitedClasses="0" numClasses="0" visitedMethods="1" numMethods="1" />
              <MetadataToken>100666526</MetadataToken>
              <Name>System.String IBM.Watson.DeveloperCloud.Services.SpeechToText.v1.SpeechToText/GetCustomizationsReq::get_Data()</Name>
              <FileRef uid="164" />
              <SequencePoints>
                <SequencePoint vc="1" uspid="5239" ordinal="0" offset="0" sl="895" sc="28" el="895" ec="32" bec="0" bev="0" fileid="164" />
              </SequencePoints>
              <BranchPoints />
              <MethodPoint xsi:type="SequencePoint" vc="1" uspid="5239" ordinal="0" offset="0" sl="895" sc="28" el="895" ec="32" bec="0" bev="0" fileid="164" />
            </Method>
            <Method visited="true" cyclomaticComplexity="1" nPathComplexity="0" sequenceCoverage="100" branchCoverage="100" isConstructor="false" isStatic="false" isGetter="false" isSetter="true">
              <Summary numSequencePoints="1" visitedSequencePoints="1" numBranchPoints="1" visitedBranchPoints="1" sequenceCoverage="100" branchCoverage="100" maxCyclomaticComplexity="1" minCyclomaticComplexity="1" visitedClasses="0" numClasses="0" visitedMethods="1" numMethods="1" />
              <MetadataToken>100666527</MetadataToken>
              <Name>System.Void IBM.Watson.DeveloperCloud.Services.SpeechToText.v1.SpeechToText/GetCustomizationsReq::set_Data(System.String)</Name>
              <FileRef uid="164" />
              <SequencePoints>
                <SequencePoint vc="1" uspid="5240" ordinal="0" offset="0" sl="895" sc="33" el="895" ec="37" bec="0" bev="0" fileid="164" />
              </SequencePoints>
              <BranchPoints />
              <MethodPoint xsi:type="SequencePoint" vc="1" uspid="5240" ordinal="0" offset="0" sl="895" sc="33" el="895" ec="37" bec="0" bev="0" fileid="164" />
            </Method>
            <Method visited="true" cyclomaticComplexity="1" nPathComplexity="0" sequenceCoverage="0" branchCoverage="0" isConstructor="true" isStatic="false" isGetter="false" isSetter="false">
              <Summary numSequencePoints="0" visitedSequencePoints="0" numBranchPoints="0" visitedBranchPoints="0" sequenceCoverage="0" branchCoverage="0" maxCyclomaticComplexity="1" minCyclomaticComplexity="1" visitedClasses="0" numClasses="0" visitedMethods="0" numMethods="0" />
              <MetadataToken>100666528</MetadataToken>
              <Name>System.Void IBM.Watson.DeveloperCloud.Services.SpeechToText.v1.SpeechToText/GetCustomizationsReq::.ctor()</Name>
              <SequencePoints />
              <BranchPoints />
              <MethodPoint vc="1" uspid="5241" ordinal="0" offset="0" />
            </Method>
          </Methods>
        </Class>
        <Class>
          <Summary numSequencePoints="0" visitedSequencePoints="0" numBranchPoints="0" visitedBranchPoints="0" sequenceCoverage="0" branchCoverage="0" maxCyclomaticComplexity="0" minCyclomaticComplexity="0" visitedClasses="0" numClasses="0" visitedMethods="0" numMethods="0" />
          <FullName>IBM.Watson.DeveloperCloud.Services.SpeechToText.v1.SpeechToText/CreateCustomizationCallback</FullName>
          <Methods>
            <Method skippedDueTo="Unknown" visited="false" cyclomaticComplexity="0" nPathComplexity="0" sequenceCoverage="0" branchCoverage="0" isConstructor="true" isStatic="false" isGetter="false" isSetter="false">
              <MetadataToken>100666529</MetadataToken>
              <Name>System.Void IBM.Watson.DeveloperCloud.Services.SpeechToText.v1.SpeechToText/CreateCustomizationCallback::.ctor(System.Object,System.IntPtr)</Name>
              <SequencePoints />
              <BranchPoints />
            </Method>
            <Method skippedDueTo="Unknown" visited="false" cyclomaticComplexity="0" nPathComplexity="0" sequenceCoverage="0" branchCoverage="0" isConstructor="false" isStatic="false" isGetter="false" isSetter="false">
              <MetadataToken>100666530</MetadataToken>
              <Name>System.Void IBM.Watson.DeveloperCloud.Services.SpeechToText.v1.SpeechToText/CreateCustomizationCallback::Invoke(IBM.Watson.DeveloperCloud.Services.SpeechToText.v1.CustomizationID,System.String)</Name>
              <SequencePoints />
              <BranchPoints />
            </Method>
            <Method skippedDueTo="Unknown" visited="false" cyclomaticComplexity="0" nPathComplexity="0" sequenceCoverage="0" branchCoverage="0" isConstructor="false" isStatic="false" isGetter="false" isSetter="false">
              <MetadataToken>100666531</MetadataToken>
              <Name>System.IAsyncResult IBM.Watson.DeveloperCloud.Services.SpeechToText.v1.SpeechToText/CreateCustomizationCallback::BeginInvoke(IBM.Watson.DeveloperCloud.Services.SpeechToText.v1.CustomizationID,System.String,System.AsyncCallback,System.Object)</Name>
              <SequencePoints />
              <BranchPoints />
            </Method>
            <Method skippedDueTo="Unknown" visited="false" cyclomaticComplexity="0" nPathComplexity="0" sequenceCoverage="0" branchCoverage="0" isConstructor="false" isStatic="false" isGetter="false" isSetter="false">
              <MetadataToken>100666532</MetadataToken>
              <Name>System.Void IBM.Watson.DeveloperCloud.Services.SpeechToText.v1.SpeechToText/CreateCustomizationCallback::EndInvoke(System.IAsyncResult)</Name>
              <SequencePoints />
              <BranchPoints />
            </Method>
          </Methods>
        </Class>
        <Class>
          <Summary numSequencePoints="6" visitedSequencePoints="5" numBranchPoints="6" visitedBranchPoints="5" sequenceCoverage="83.33" branchCoverage="83.33" maxCyclomaticComplexity="1" minCyclomaticComplexity="1" visitedClasses="1" numClasses="1" visitedMethods="5" numMethods="6" />
          <FullName>IBM.Watson.DeveloperCloud.Services.SpeechToText.v1.SpeechToText/CreateCustomizationRequest</FullName>
          <Methods>
            <Method visited="true" cyclomaticComplexity="1" nPathComplexity="0" sequenceCoverage="100" branchCoverage="100" isConstructor="false" isStatic="false" isGetter="true" isSetter="false">
              <Summary numSequencePoints="1" visitedSequencePoints="1" numBranchPoints="1" visitedBranchPoints="1" sequenceCoverage="100" branchCoverage="100" maxCyclomaticComplexity="1" minCyclomaticComplexity="1" visitedClasses="0" numClasses="0" visitedMethods="1" numMethods="1" />
              <MetadataToken>100666533</MetadataToken>
              <Name>IBM.Watson.DeveloperCloud.Services.SpeechToText.v1.SpeechToText/CreateCustomizationCallback IBM.Watson.DeveloperCloud.Services.SpeechToText.v1.SpeechToText/CreateCustomizationRequest::get_Callback()</Name>
              <FileRef uid="164" />
              <SequencePoints>
                <SequencePoint vc="2" uspid="5242" ordinal="0" offset="0" sl="979" sc="53" el="979" ec="57" bec="0" bev="0" fileid="164" />
              </SequencePoints>
              <BranchPoints />
              <MethodPoint xsi:type="SequencePoint" vc="2" uspid="5242" ordinal="0" offset="0" sl="979" sc="53" el="979" ec="57" bec="0" bev="0" fileid="164" />
            </Method>
            <Method visited="true" cyclomaticComplexity="1" nPathComplexity="0" sequenceCoverage="100" branchCoverage="100" isConstructor="false" isStatic="false" isGetter="false" isSetter="true">
              <Summary numSequencePoints="1" visitedSequencePoints="1" numBranchPoints="1" visitedBranchPoints="1" sequenceCoverage="100" branchCoverage="100" maxCyclomaticComplexity="1" minCyclomaticComplexity="1" visitedClasses="0" numClasses="0" visitedMethods="1" numMethods="1" />
              <MetadataToken>100666534</MetadataToken>
              <Name>System.Void IBM.Watson.DeveloperCloud.Services.SpeechToText.v1.SpeechToText/CreateCustomizationRequest::set_Callback(IBM.Watson.DeveloperCloud.Services.SpeechToText.v1.SpeechToText/CreateCustomizationCallback)</Name>
              <FileRef uid="164" />
              <SequencePoints>
                <SequencePoint vc="1" uspid="5243" ordinal="0" offset="0" sl="979" sc="58" el="979" ec="62" bec="0" bev="0" fileid="164" />
              </SequencePoints>
              <BranchPoints />
              <MethodPoint xsi:type="SequencePoint" vc="1" uspid="5243" ordinal="0" offset="0" sl="979" sc="58" el="979" ec="62" bec="0" bev="0" fileid="164" />
            </Method>
            <Method visited="false" cyclomaticComplexity="1" nPathComplexity="0" sequenceCoverage="0" branchCoverage="0" isConstructor="false" isStatic="false" isGetter="true" isSetter="false">
              <Summary numSequencePoints="1" visitedSequencePoints="0" numBranchPoints="1" visitedBranchPoints="0" sequenceCoverage="0" branchCoverage="0" maxCyclomaticComplexity="1" minCyclomaticComplexity="1" visitedClasses="0" numClasses="0" visitedMethods="0" numMethods="1" />
              <MetadataToken>100666535</MetadataToken>
              <Name>IBM.Watson.DeveloperCloud.Services.SpeechToText.v1.CustomLanguage IBM.Watson.DeveloperCloud.Services.SpeechToText.v1.SpeechToText/CreateCustomizationRequest::get_CustomLanguage()</Name>
              <FileRef uid="164" />
              <SequencePoints>
                <SequencePoint vc="0" uspid="5244" ordinal="0" offset="0" sl="980" sc="46" el="980" ec="50" bec="0" bev="0" fileid="164" />
              </SequencePoints>
              <BranchPoints />
              <MethodPoint xsi:type="SequencePoint" vc="0" uspid="5244" ordinal="0" offset="0" sl="980" sc="46" el="980" ec="50" bec="0" bev="0" fileid="164" />
            </Method>
            <Method visited="true" cyclomaticComplexity="1" nPathComplexity="0" sequenceCoverage="100" branchCoverage="100" isConstructor="false" isStatic="false" isGetter="false" isSetter="true">
              <Summary numSequencePoints="1" visitedSequencePoints="1" numBranchPoints="1" visitedBranchPoints="1" sequenceCoverage="100" branchCoverage="100" maxCyclomaticComplexity="1" minCyclomaticComplexity="1" visitedClasses="0" numClasses="0" visitedMethods="1" numMethods="1" />
              <MetadataToken>100666536</MetadataToken>
              <Name>System.Void IBM.Watson.DeveloperCloud.Services.SpeechToText.v1.SpeechToText/CreateCustomizationRequest::set_CustomLanguage(IBM.Watson.DeveloperCloud.Services.SpeechToText.v1.CustomLanguage)</Name>
              <FileRef uid="164" />
              <SequencePoints>
                <SequencePoint vc="1" uspid="5245" ordinal="0" offset="0" sl="980" sc="51" el="980" ec="55" bec="0" bev="0" fileid="164" />
              </SequencePoints>
              <BranchPoints />
              <MethodPoint xsi:type="SequencePoint" vc="1" uspid="5245" ordinal="0" offset="0" sl="980" sc="51" el="980" ec="55" bec="0" bev="0" fileid="164" />
            </Method>
            <Method visited="true" cyclomaticComplexity="1" nPathComplexity="0" sequenceCoverage="100" branchCoverage="100" isConstructor="false" isStatic="false" isGetter="true" isSetter="false">
              <Summary numSequencePoints="1" visitedSequencePoints="1" numBranchPoints="1" visitedBranchPoints="1" sequenceCoverage="100" branchCoverage="100" maxCyclomaticComplexity="1" minCyclomaticComplexity="1" visitedClasses="0" numClasses="0" visitedMethods="1" numMethods="1" />
              <MetadataToken>100666537</MetadataToken>
              <Name>System.String IBM.Watson.DeveloperCloud.Services.SpeechToText.v1.SpeechToText/CreateCustomizationRequest::get_Data()</Name>
              <FileRef uid="164" />
              <SequencePoints>
                <SequencePoint vc="1" uspid="5246" ordinal="0" offset="0" sl="981" sc="28" el="981" ec="32" bec="0" bev="0" fileid="164" />
              </SequencePoints>
              <BranchPoints />
              <MethodPoint xsi:type="SequencePoint" vc="1" uspid="5246" ordinal="0" offset="0" sl="981" sc="28" el="981" ec="32" bec="0" bev="0" fileid="164" />
            </Method>
            <Method visited="true" cyclomaticComplexity="1" nPathComplexity="0" sequenceCoverage="100" branchCoverage="100" isConstructor="false" isStatic="false" isGetter="false" isSetter="true">
              <Summary numSequencePoints="1" visitedSequencePoints="1" numBranchPoints="1" visitedBranchPoints="1" sequenceCoverage="100" branchCoverage="100" maxCyclomaticComplexity="1" minCyclomaticComplexity="1" visitedClasses="0" numClasses="0" visitedMethods="1" numMethods="1" />
              <MetadataToken>100666538</MetadataToken>
              <Name>System.Void IBM.Watson.DeveloperCloud.Services.SpeechToText.v1.SpeechToText/CreateCustomizationRequest::set_Data(System.String)</Name>
              <FileRef uid="164" />
              <SequencePoints>
                <SequencePoint vc="1" uspid="5247" ordinal="0" offset="0" sl="981" sc="33" el="981" ec="37" bec="0" bev="0" fileid="164" />
              </SequencePoints>
              <BranchPoints />
              <MethodPoint xsi:type="SequencePoint" vc="1" uspid="5247" ordinal="0" offset="0" sl="981" sc="33" el="981" ec="37" bec="0" bev="0" fileid="164" />
            </Method>
            <Method visited="true" cyclomaticComplexity="1" nPathComplexity="0" sequenceCoverage="0" branchCoverage="0" isConstructor="true" isStatic="false" isGetter="false" isSetter="false">
              <Summary numSequencePoints="0" visitedSequencePoints="0" numBranchPoints="0" visitedBranchPoints="0" sequenceCoverage="0" branchCoverage="0" maxCyclomaticComplexity="1" minCyclomaticComplexity="1" visitedClasses="0" numClasses="0" visitedMethods="0" numMethods="0" />
              <MetadataToken>100666539</MetadataToken>
              <Name>System.Void IBM.Watson.DeveloperCloud.Services.SpeechToText.v1.SpeechToText/CreateCustomizationRequest::.ctor()</Name>
              <SequencePoints />
              <BranchPoints />
              <MethodPoint vc="1" uspid="5248" ordinal="0" offset="0" />
            </Method>
          </Methods>
        </Class>
        <Class>
          <Summary numSequencePoints="0" visitedSequencePoints="0" numBranchPoints="0" visitedBranchPoints="0" sequenceCoverage="0" branchCoverage="0" maxCyclomaticComplexity="0" minCyclomaticComplexity="0" visitedClasses="0" numClasses="0" visitedMethods="0" numMethods="0" />
          <FullName>IBM.Watson.DeveloperCloud.Services.SpeechToText.v1.SpeechToText/OnDeleteCustomizationCallback</FullName>
          <Methods>
            <Method skippedDueTo="Unknown" visited="false" cyclomaticComplexity="0" nPathComplexity="0" sequenceCoverage="0" branchCoverage="0" isConstructor="true" isStatic="false" isGetter="false" isSetter="false">
              <MetadataToken>100666540</MetadataToken>
              <Name>System.Void IBM.Watson.DeveloperCloud.Services.SpeechToText.v1.SpeechToText/OnDeleteCustomizationCallback::.ctor(System.Object,System.IntPtr)</Name>
              <SequencePoints />
              <BranchPoints />
            </Method>
            <Method skippedDueTo="Unknown" visited="false" cyclomaticComplexity="0" nPathComplexity="0" sequenceCoverage="0" branchCoverage="0" isConstructor="false" isStatic="false" isGetter="false" isSetter="false">
              <MetadataToken>100666541</MetadataToken>
              <Name>System.Void IBM.Watson.DeveloperCloud.Services.SpeechToText.v1.SpeechToText/OnDeleteCustomizationCallback::Invoke(System.Boolean,System.String)</Name>
              <SequencePoints />
              <BranchPoints />
            </Method>
            <Method skippedDueTo="Unknown" visited="false" cyclomaticComplexity="0" nPathComplexity="0" sequenceCoverage="0" branchCoverage="0" isConstructor="false" isStatic="false" isGetter="false" isSetter="false">
              <MetadataToken>100666542</MetadataToken>
              <Name>System.IAsyncResult IBM.Watson.DeveloperCloud.Services.SpeechToText.v1.SpeechToText/OnDeleteCustomizationCallback::BeginInvoke(System.Boolean,System.String,System.AsyncCallback,System.Object)</Name>
              <SequencePoints />
              <BranchPoints />
            </Method>
            <Method skippedDueTo="Unknown" visited="false" cyclomaticComplexity="0" nPathComplexity="0" sequenceCoverage="0" branchCoverage="0" isConstructor="false" isStatic="false" isGetter="false" isSetter="false">
              <MetadataToken>100666543</MetadataToken>
              <Name>System.Void IBM.Watson.DeveloperCloud.Services.SpeechToText.v1.SpeechToText/OnDeleteCustomizationCallback::EndInvoke(System.IAsyncResult)</Name>
              <SequencePoints />
              <BranchPoints />
            </Method>
          </Methods>
        </Class>
        <Class>
          <Summary numSequencePoints="6" visitedSequencePoints="5" numBranchPoints="6" visitedBranchPoints="5" sequenceCoverage="83.33" branchCoverage="83.33" maxCyclomaticComplexity="1" minCyclomaticComplexity="1" visitedClasses="1" numClasses="1" visitedMethods="5" numMethods="6" />
          <FullName>IBM.Watson.DeveloperCloud.Services.SpeechToText.v1.SpeechToText/DeleteCustomizationRequest</FullName>
          <Methods>
            <Method visited="true" cyclomaticComplexity="1" nPathComplexity="0" sequenceCoverage="100" branchCoverage="100" isConstructor="false" isStatic="false" isGetter="true" isSetter="false">
              <Summary numSequencePoints="1" visitedSequencePoints="1" numBranchPoints="1" visitedBranchPoints="1" sequenceCoverage="100" branchCoverage="100" maxCyclomaticComplexity="1" minCyclomaticComplexity="1" visitedClasses="0" numClasses="0" visitedMethods="1" numMethods="1" />
              <MetadataToken>100666544</MetadataToken>
              <Name>IBM.Watson.DeveloperCloud.Services.SpeechToText.v1.SpeechToText/OnDeleteCustomizationCallback IBM.Watson.DeveloperCloud.Services.SpeechToText.v1.SpeechToText/DeleteCustomizationRequest::get_Callback()</Name>
              <FileRef uid="164" />
              <SequencePoints>
                <SequencePoint vc="2" uspid="5249" ordinal="0" offset="0" sl="1052" sc="55" el="1052" ec="59" bec="0" bev="0" fileid="164" />
              </SequencePoints>
              <BranchPoints />
              <MethodPoint xsi:type="SequencePoint" vc="2" uspid="5249" ordinal="0" offset="0" sl="1052" sc="55" el="1052" ec="59" bec="0" bev="0" fileid="164" />
            </Method>
            <Method visited="true" cyclomaticComplexity="1" nPathComplexity="0" sequenceCoverage="100" branchCoverage="100" isConstructor="false" isStatic="false" isGetter="false" isSetter="true">
              <Summary numSequencePoints="1" visitedSequencePoints="1" numBranchPoints="1" visitedBranchPoints="1" sequenceCoverage="100" branchCoverage="100" maxCyclomaticComplexity="1" minCyclomaticComplexity="1" visitedClasses="0" numClasses="0" visitedMethods="1" numMethods="1" />
              <MetadataToken>100666545</MetadataToken>
              <Name>System.Void IBM.Watson.DeveloperCloud.Services.SpeechToText.v1.SpeechToText/DeleteCustomizationRequest::set_Callback(IBM.Watson.DeveloperCloud.Services.SpeechToText.v1.SpeechToText/OnDeleteCustomizationCallback)</Name>
              <FileRef uid="164" />
              <SequencePoints>
                <SequencePoint vc="1" uspid="5250" ordinal="0" offset="0" sl="1052" sc="60" el="1052" ec="64" bec="0" bev="0" fileid="164" />
              </SequencePoints>
              <BranchPoints />
              <MethodPoint xsi:type="SequencePoint" vc="1" uspid="5250" ordinal="0" offset="0" sl="1052" sc="60" el="1052" ec="64" bec="0" bev="0" fileid="164" />
            </Method>
            <Method visited="false" cyclomaticComplexity="1" nPathComplexity="0" sequenceCoverage="0" branchCoverage="0" isConstructor="false" isStatic="false" isGetter="true" isSetter="false">
              <Summary numSequencePoints="1" visitedSequencePoints="0" numBranchPoints="1" visitedBranchPoints="0" sequenceCoverage="0" branchCoverage="0" maxCyclomaticComplexity="1" minCyclomaticComplexity="1" visitedClasses="0" numClasses="0" visitedMethods="0" numMethods="1" />
              <MetadataToken>100666546</MetadataToken>
              <Name>System.String IBM.Watson.DeveloperCloud.Services.SpeechToText.v1.SpeechToText/DeleteCustomizationRequest::get_CustomizationID()</Name>
              <FileRef uid="164" />
              <SequencePoints>
                <SequencePoint vc="0" uspid="5251" ordinal="0" offset="0" sl="1053" sc="39" el="1053" ec="43" bec="0" bev="0" fileid="164" />
              </SequencePoints>
              <BranchPoints />
              <MethodPoint xsi:type="SequencePoint" vc="0" uspid="5251" ordinal="0" offset="0" sl="1053" sc="39" el="1053" ec="43" bec="0" bev="0" fileid="164" />
            </Method>
            <Method visited="true" cyclomaticComplexity="1" nPathComplexity="0" sequenceCoverage="100" branchCoverage="100" isConstructor="false" isStatic="false" isGetter="false" isSetter="true">
              <Summary numSequencePoints="1" visitedSequencePoints="1" numBranchPoints="1" visitedBranchPoints="1" sequenceCoverage="100" branchCoverage="100" maxCyclomaticComplexity="1" minCyclomaticComplexity="1" visitedClasses="0" numClasses="0" visitedMethods="1" numMethods="1" />
              <MetadataToken>100666547</MetadataToken>
              <Name>System.Void IBM.Watson.DeveloperCloud.Services.SpeechToText.v1.SpeechToText/DeleteCustomizationRequest::set_CustomizationID(System.String)</Name>
              <FileRef uid="164" />
              <SequencePoints>
                <SequencePoint vc="1" uspid="5252" ordinal="0" offset="0" sl="1053" sc="44" el="1053" ec="48" bec="0" bev="0" fileid="164" />
              </SequencePoints>
              <BranchPoints />
              <MethodPoint xsi:type="SequencePoint" vc="1" uspid="5252" ordinal="0" offset="0" sl="1053" sc="44" el="1053" ec="48" bec="0" bev="0" fileid="164" />
            </Method>
            <Method visited="true" cyclomaticComplexity="1" nPathComplexity="0" sequenceCoverage="100" branchCoverage="100" isConstructor="false" isStatic="false" isGetter="true" isSetter="false">
              <Summary numSequencePoints="1" visitedSequencePoints="1" numBranchPoints="1" visitedBranchPoints="1" sequenceCoverage="100" branchCoverage="100" maxCyclomaticComplexity="1" minCyclomaticComplexity="1" visitedClasses="0" numClasses="0" visitedMethods="1" numMethods="1" />
              <MetadataToken>100666548</MetadataToken>
              <Name>System.String IBM.Watson.DeveloperCloud.Services.SpeechToText.v1.SpeechToText/DeleteCustomizationRequest::get_Data()</Name>
              <FileRef uid="164" />
              <SequencePoints>
                <SequencePoint vc="1" uspid="5253" ordinal="0" offset="0" sl="1054" sc="28" el="1054" ec="32" bec="0" bev="0" fileid="164" />
              </SequencePoints>
              <BranchPoints />
              <MethodPoint xsi:type="SequencePoint" vc="1" uspid="5253" ordinal="0" offset="0" sl="1054" sc="28" el="1054" ec="32" bec="0" bev="0" fileid="164" />
            </Method>
            <Method visited="true" cyclomaticComplexity="1" nPathComplexity="0" sequenceCoverage="100" branchCoverage="100" isConstructor="false" isStatic="false" isGetter="false" isSetter="true">
              <Summary numSequencePoints="1" visitedSequencePoints="1" numBranchPoints="1" visitedBranchPoints="1" sequenceCoverage="100" branchCoverage="100" maxCyclomaticComplexity="1" minCyclomaticComplexity="1" visitedClasses="0" numClasses="0" visitedMethods="1" numMethods="1" />
              <MetadataToken>100666549</MetadataToken>
              <Name>System.Void IBM.Watson.DeveloperCloud.Services.SpeechToText.v1.SpeechToText/DeleteCustomizationRequest::set_Data(System.String)</Name>
              <FileRef uid="164" />
              <SequencePoints>
                <SequencePoint vc="1" uspid="5254" ordinal="0" offset="0" sl="1054" sc="33" el="1054" ec="37" bec="0" bev="0" fileid="164" />
              </SequencePoints>
              <BranchPoints />
              <MethodPoint xsi:type="SequencePoint" vc="1" uspid="5254" ordinal="0" offset="0" sl="1054" sc="33" el="1054" ec="37" bec="0" bev="0" fileid="164" />
            </Method>
            <Method visited="true" cyclomaticComplexity="1" nPathComplexity="0" sequenceCoverage="0" branchCoverage="0" isConstructor="true" isStatic="false" isGetter="false" isSetter="false">
              <Summary numSequencePoints="0" visitedSequencePoints="0" numBranchPoints="0" visitedBranchPoints="0" sequenceCoverage="0" branchCoverage="0" maxCyclomaticComplexity="1" minCyclomaticComplexity="1" visitedClasses="0" numClasses="0" visitedMethods="0" numMethods="0" />
              <MetadataToken>100666550</MetadataToken>
              <Name>System.Void IBM.Watson.DeveloperCloud.Services.SpeechToText.v1.SpeechToText/DeleteCustomizationRequest::.ctor()</Name>
              <SequencePoints />
              <BranchPoints />
              <MethodPoint vc="1" uspid="5255" ordinal="0" offset="0" />
            </Method>
          </Methods>
        </Class>
        <Class>
          <Summary numSequencePoints="0" visitedSequencePoints="0" numBranchPoints="0" visitedBranchPoints="0" sequenceCoverage="0" branchCoverage="0" maxCyclomaticComplexity="0" minCyclomaticComplexity="0" visitedClasses="0" numClasses="0" visitedMethods="0" numMethods="0" />
          <FullName>IBM.Watson.DeveloperCloud.Services.SpeechToText.v1.SpeechToText/GetCustomizationCallback</FullName>
          <Methods>
            <Method skippedDueTo="Unknown" visited="false" cyclomaticComplexity="0" nPathComplexity="0" sequenceCoverage="0" branchCoverage="0" isConstructor="true" isStatic="false" isGetter="false" isSetter="false">
              <MetadataToken>100666551</MetadataToken>
              <Name>System.Void IBM.Watson.DeveloperCloud.Services.SpeechToText.v1.SpeechToText/GetCustomizationCallback::.ctor(System.Object,System.IntPtr)</Name>
              <SequencePoints />
              <BranchPoints />
            </Method>
            <Method skippedDueTo="Unknown" visited="false" cyclomaticComplexity="0" nPathComplexity="0" sequenceCoverage="0" branchCoverage="0" isConstructor="false" isStatic="false" isGetter="false" isSetter="false">
              <MetadataToken>100666552</MetadataToken>
              <Name>System.Void IBM.Watson.DeveloperCloud.Services.SpeechToText.v1.SpeechToText/GetCustomizationCallback::Invoke(IBM.Watson.DeveloperCloud.Services.SpeechToText.v1.Customization,System.String)</Name>
              <SequencePoints />
              <BranchPoints />
            </Method>
            <Method skippedDueTo="Unknown" visited="false" cyclomaticComplexity="0" nPathComplexity="0" sequenceCoverage="0" branchCoverage="0" isConstructor="false" isStatic="false" isGetter="false" isSetter="false">
              <MetadataToken>100666553</MetadataToken>
              <Name>System.IAsyncResult IBM.Watson.DeveloperCloud.Services.SpeechToText.v1.SpeechToText/GetCustomizationCallback::BeginInvoke(IBM.Watson.DeveloperCloud.Services.SpeechToText.v1.Customization,System.String,System.AsyncCallback,System.Object)</Name>
              <SequencePoints />
              <BranchPoints />
            </Method>
            <Method skippedDueTo="Unknown" visited="false" cyclomaticComplexity="0" nPathComplexity="0" sequenceCoverage="0" branchCoverage="0" isConstructor="false" isStatic="false" isGetter="false" isSetter="false">
              <MetadataToken>100666554</MetadataToken>
              <Name>System.Void IBM.Watson.DeveloperCloud.Services.SpeechToText.v1.SpeechToText/GetCustomizationCallback::EndInvoke(System.IAsyncResult)</Name>
              <SequencePoints />
              <BranchPoints />
            </Method>
          </Methods>
        </Class>
        <Class>
          <Summary numSequencePoints="6" visitedSequencePoints="5" numBranchPoints="6" visitedBranchPoints="5" sequenceCoverage="83.33" branchCoverage="83.33" maxCyclomaticComplexity="1" minCyclomaticComplexity="1" visitedClasses="1" numClasses="1" visitedMethods="5" numMethods="6" />
          <FullName>IBM.Watson.DeveloperCloud.Services.SpeechToText.v1.SpeechToText/GetCustomizationRequest</FullName>
          <Methods>
            <Method visited="true" cyclomaticComplexity="1" nPathComplexity="0" sequenceCoverage="100" branchCoverage="100" isConstructor="false" isStatic="false" isGetter="true" isSetter="false">
              <Summary numSequencePoints="1" visitedSequencePoints="1" numBranchPoints="1" visitedBranchPoints="1" sequenceCoverage="100" branchCoverage="100" maxCyclomaticComplexity="1" minCyclomaticComplexity="1" visitedClasses="0" numClasses="0" visitedMethods="1" numMethods="1" />
              <MetadataToken>100666555</MetadataToken>
              <Name>IBM.Watson.DeveloperCloud.Services.SpeechToText.v1.SpeechToText/GetCustomizationCallback IBM.Watson.DeveloperCloud.Services.SpeechToText.v1.SpeechToText/GetCustomizationRequest::get_Callback()</Name>
              <FileRef uid="164" />
              <SequencePoints>
                <SequencePoint vc="2" uspid="5256" ordinal="0" offset="0" sl="1102" sc="50" el="1102" ec="54" bec="0" bev="0" fileid="164" />
              </SequencePoints>
              <BranchPoints />
              <MethodPoint xsi:type="SequencePoint" vc="2" uspid="5256" ordinal="0" offset="0" sl="1102" sc="50" el="1102" ec="54" bec="0" bev="0" fileid="164" />
            </Method>
            <Method visited="true" cyclomaticComplexity="1" nPathComplexity="0" sequenceCoverage="100" branchCoverage="100" isConstructor="false" isStatic="false" isGetter="false" isSetter="true">
              <Summary numSequencePoints="1" visitedSequencePoints="1" numBranchPoints="1" visitedBranchPoints="1" sequenceCoverage="100" branchCoverage="100" maxCyclomaticComplexity="1" minCyclomaticComplexity="1" visitedClasses="0" numClasses="0" visitedMethods="1" numMethods="1" />
              <MetadataToken>100666556</MetadataToken>
              <Name>System.Void IBM.Watson.DeveloperCloud.Services.SpeechToText.v1.SpeechToText/GetCustomizationRequest::set_Callback(IBM.Watson.DeveloperCloud.Services.SpeechToText.v1.SpeechToText/GetCustomizationCallback)</Name>
              <FileRef uid="164" />
              <SequencePoints>
                <SequencePoint vc="1" uspid="5257" ordinal="0" offset="0" sl="1102" sc="55" el="1102" ec="59" bec="0" bev="0" fileid="164" />
              </SequencePoints>
              <BranchPoints />
              <MethodPoint xsi:type="SequencePoint" vc="1" uspid="5257" ordinal="0" offset="0" sl="1102" sc="55" el="1102" ec="59" bec="0" bev="0" fileid="164" />
            </Method>
            <Method visited="false" cyclomaticComplexity="1" nPathComplexity="0" sequenceCoverage="0" branchCoverage="0" isConstructor="false" isStatic="false" isGetter="true" isSetter="false">
              <Summary numSequencePoints="1" visitedSequencePoints="0" numBranchPoints="1" visitedBranchPoints="0" sequenceCoverage="0" branchCoverage="0" maxCyclomaticComplexity="1" minCyclomaticComplexity="1" visitedClasses="0" numClasses="0" visitedMethods="0" numMethods="1" />
              <MetadataToken>100666557</MetadataToken>
              <Name>System.String IBM.Watson.DeveloperCloud.Services.SpeechToText.v1.SpeechToText/GetCustomizationRequest::get_CustomizationID()</Name>
              <FileRef uid="164" />
              <SequencePoints>
                <SequencePoint vc="0" uspid="5258" ordinal="0" offset="0" sl="1103" sc="39" el="1103" ec="43" bec="0" bev="0" fileid="164" />
              </SequencePoints>
              <BranchPoints />
              <MethodPoint xsi:type="SequencePoint" vc="0" uspid="5258" ordinal="0" offset="0" sl="1103" sc="39" el="1103" ec="43" bec="0" bev="0" fileid="164" />
            </Method>
            <Method visited="true" cyclomaticComplexity="1" nPathComplexity="0" sequenceCoverage="100" branchCoverage="100" isConstructor="false" isStatic="false" isGetter="false" isSetter="true">
              <Summary numSequencePoints="1" visitedSequencePoints="1" numBranchPoints="1" visitedBranchPoints="1" sequenceCoverage="100" branchCoverage="100" maxCyclomaticComplexity="1" minCyclomaticComplexity="1" visitedClasses="0" numClasses="0" visitedMethods="1" numMethods="1" />
              <MetadataToken>100666558</MetadataToken>
              <Name>System.Void IBM.Watson.DeveloperCloud.Services.SpeechToText.v1.SpeechToText/GetCustomizationRequest::set_CustomizationID(System.String)</Name>
              <FileRef uid="164" />
              <SequencePoints>
                <SequencePoint vc="1" uspid="5259" ordinal="0" offset="0" sl="1103" sc="44" el="1103" ec="48" bec="0" bev="0" fileid="164" />
              </SequencePoints>
              <BranchPoints />
              <MethodPoint xsi:type="SequencePoint" vc="1" uspid="5259" ordinal="0" offset="0" sl="1103" sc="44" el="1103" ec="48" bec="0" bev="0" fileid="164" />
            </Method>
            <Method visited="true" cyclomaticComplexity="1" nPathComplexity="0" sequenceCoverage="100" branchCoverage="100" isConstructor="false" isStatic="false" isGetter="true" isSetter="false">
              <Summary numSequencePoints="1" visitedSequencePoints="1" numBranchPoints="1" visitedBranchPoints="1" sequenceCoverage="100" branchCoverage="100" maxCyclomaticComplexity="1" minCyclomaticComplexity="1" visitedClasses="0" numClasses="0" visitedMethods="1" numMethods="1" />
              <MetadataToken>100666559</MetadataToken>
              <Name>System.String IBM.Watson.DeveloperCloud.Services.SpeechToText.v1.SpeechToText/GetCustomizationRequest::get_Data()</Name>
              <FileRef uid="164" />
              <SequencePoints>
                <SequencePoint vc="1" uspid="5260" ordinal="0" offset="0" sl="1104" sc="28" el="1104" ec="32" bec="0" bev="0" fileid="164" />
              </SequencePoints>
              <BranchPoints />
              <MethodPoint xsi:type="SequencePoint" vc="1" uspid="5260" ordinal="0" offset="0" sl="1104" sc="28" el="1104" ec="32" bec="0" bev="0" fileid="164" />
            </Method>
            <Method visited="true" cyclomaticComplexity="1" nPathComplexity="0" sequenceCoverage="100" branchCoverage="100" isConstructor="false" isStatic="false" isGetter="false" isSetter="true">
              <Summary numSequencePoints="1" visitedSequencePoints="1" numBranchPoints="1" visitedBranchPoints="1" sequenceCoverage="100" branchCoverage="100" maxCyclomaticComplexity="1" minCyclomaticComplexity="1" visitedClasses="0" numClasses="0" visitedMethods="1" numMethods="1" />
              <MetadataToken>100666560</MetadataToken>
              <Name>System.Void IBM.Watson.DeveloperCloud.Services.SpeechToText.v1.SpeechToText/GetCustomizationRequest::set_Data(System.String)</Name>
              <FileRef uid="164" />
              <SequencePoints>
                <SequencePoint vc="1" uspid="5261" ordinal="0" offset="0" sl="1104" sc="33" el="1104" ec="37" bec="0" bev="0" fileid="164" />
              </SequencePoints>
              <BranchPoints />
              <MethodPoint xsi:type="SequencePoint" vc="1" uspid="5261" ordinal="0" offset="0" sl="1104" sc="33" el="1104" ec="37" bec="0" bev="0" fileid="164" />
            </Method>
            <Method visited="true" cyclomaticComplexity="1" nPathComplexity="0" sequenceCoverage="0" branchCoverage="0" isConstructor="true" isStatic="false" isGetter="false" isSetter="false">
              <Summary numSequencePoints="0" visitedSequencePoints="0" numBranchPoints="0" visitedBranchPoints="0" sequenceCoverage="0" branchCoverage="0" maxCyclomaticComplexity="1" minCyclomaticComplexity="1" visitedClasses="0" numClasses="0" visitedMethods="0" numMethods="0" />
              <MetadataToken>100666561</MetadataToken>
              <Name>System.Void IBM.Watson.DeveloperCloud.Services.SpeechToText.v1.SpeechToText/GetCustomizationRequest::.ctor()</Name>
              <SequencePoints />
              <BranchPoints />
              <MethodPoint vc="1" uspid="5262" ordinal="0" offset="0" />
            </Method>
          </Methods>
        </Class>
        <Class>
          <Summary numSequencePoints="0" visitedSequencePoints="0" numBranchPoints="0" visitedBranchPoints="0" sequenceCoverage="0" branchCoverage="0" maxCyclomaticComplexity="0" minCyclomaticComplexity="0" visitedClasses="0" numClasses="0" visitedMethods="0" numMethods="0" />
          <FullName>IBM.Watson.DeveloperCloud.Services.SpeechToText.v1.SpeechToText/TrainCustomizationCallback</FullName>
          <Methods>
            <Method skippedDueTo="Unknown" visited="false" cyclomaticComplexity="0" nPathComplexity="0" sequenceCoverage="0" branchCoverage="0" isConstructor="true" isStatic="false" isGetter="false" isSetter="false">
              <MetadataToken>100666562</MetadataToken>
              <Name>System.Void IBM.Watson.DeveloperCloud.Services.SpeechToText.v1.SpeechToText/TrainCustomizationCallback::.ctor(System.Object,System.IntPtr)</Name>
              <SequencePoints />
              <BranchPoints />
            </Method>
            <Method skippedDueTo="Unknown" visited="false" cyclomaticComplexity="0" nPathComplexity="0" sequenceCoverage="0" branchCoverage="0" isConstructor="false" isStatic="false" isGetter="false" isSetter="false">
              <MetadataToken>100666563</MetadataToken>
              <Name>System.Void IBM.Watson.DeveloperCloud.Services.SpeechToText.v1.SpeechToText/TrainCustomizationCallback::Invoke(System.Boolean,System.String)</Name>
              <SequencePoints />
              <BranchPoints />
            </Method>
            <Method skippedDueTo="Unknown" visited="false" cyclomaticComplexity="0" nPathComplexity="0" sequenceCoverage="0" branchCoverage="0" isConstructor="false" isStatic="false" isGetter="false" isSetter="false">
              <MetadataToken>100666564</MetadataToken>
              <Name>System.IAsyncResult IBM.Watson.DeveloperCloud.Services.SpeechToText.v1.SpeechToText/TrainCustomizationCallback::BeginInvoke(System.Boolean,System.String,System.AsyncCallback,System.Object)</Name>
              <SequencePoints />
              <BranchPoints />
            </Method>
            <Method skippedDueTo="Unknown" visited="false" cyclomaticComplexity="0" nPathComplexity="0" sequenceCoverage="0" branchCoverage="0" isConstructor="false" isStatic="false" isGetter="false" isSetter="false">
              <MetadataToken>100666565</MetadataToken>
              <Name>System.Void IBM.Watson.DeveloperCloud.Services.SpeechToText.v1.SpeechToText/TrainCustomizationCallback::EndInvoke(System.IAsyncResult)</Name>
              <SequencePoints />
              <BranchPoints />
            </Method>
          </Methods>
        </Class>
        <Class>
          <Summary numSequencePoints="6" visitedSequencePoints="5" numBranchPoints="6" visitedBranchPoints="5" sequenceCoverage="83.33" branchCoverage="83.33" maxCyclomaticComplexity="1" minCyclomaticComplexity="1" visitedClasses="1" numClasses="1" visitedMethods="5" numMethods="6" />
          <FullName>IBM.Watson.DeveloperCloud.Services.SpeechToText.v1.SpeechToText/TrainCustomizationRequest</FullName>
          <Methods>
            <Method visited="true" cyclomaticComplexity="1" nPathComplexity="0" sequenceCoverage="100" branchCoverage="100" isConstructor="false" isStatic="false" isGetter="true" isSetter="false">
              <Summary numSequencePoints="1" visitedSequencePoints="1" numBranchPoints="1" visitedBranchPoints="1" sequenceCoverage="100" branchCoverage="100" maxCyclomaticComplexity="1" minCyclomaticComplexity="1" visitedClasses="0" numClasses="0" visitedMethods="1" numMethods="1" />
              <MetadataToken>100666566</MetadataToken>
              <Name>IBM.Watson.DeveloperCloud.Services.SpeechToText.v1.SpeechToText/TrainCustomizationCallback IBM.Watson.DeveloperCloud.Services.SpeechToText.v1.SpeechToText/TrainCustomizationRequest::get_Callback()</Name>
              <FileRef uid="164" />
              <SequencePoints>
                <SequencePoint vc="2" uspid="5263" ordinal="0" offset="0" sl="1186" sc="52" el="1186" ec="56" bec="0" bev="0" fileid="164" />
              </SequencePoints>
              <BranchPoints />
              <MethodPoint xsi:type="SequencePoint" vc="2" uspid="5263" ordinal="0" offset="0" sl="1186" sc="52" el="1186" ec="56" bec="0" bev="0" fileid="164" />
            </Method>
            <Method visited="true" cyclomaticComplexity="1" nPathComplexity="0" sequenceCoverage="100" branchCoverage="100" isConstructor="false" isStatic="false" isGetter="false" isSetter="true">
              <Summary numSequencePoints="1" visitedSequencePoints="1" numBranchPoints="1" visitedBranchPoints="1" sequenceCoverage="100" branchCoverage="100" maxCyclomaticComplexity="1" minCyclomaticComplexity="1" visitedClasses="0" numClasses="0" visitedMethods="1" numMethods="1" />
              <MetadataToken>100666567</MetadataToken>
              <Name>System.Void IBM.Watson.DeveloperCloud.Services.SpeechToText.v1.SpeechToText/TrainCustomizationRequest::set_Callback(IBM.Watson.DeveloperCloud.Services.SpeechToText.v1.SpeechToText/TrainCustomizationCallback)</Name>
              <FileRef uid="164" />
              <SequencePoints>
                <SequencePoint vc="1" uspid="5264" ordinal="0" offset="0" sl="1186" sc="57" el="1186" ec="61" bec="0" bev="0" fileid="164" />
              </SequencePoints>
              <BranchPoints />
              <MethodPoint xsi:type="SequencePoint" vc="1" uspid="5264" ordinal="0" offset="0" sl="1186" sc="57" el="1186" ec="61" bec="0" bev="0" fileid="164" />
            </Method>
            <Method visited="false" cyclomaticComplexity="1" nPathComplexity="0" sequenceCoverage="0" branchCoverage="0" isConstructor="false" isStatic="false" isGetter="true" isSetter="false">
              <Summary numSequencePoints="1" visitedSequencePoints="0" numBranchPoints="1" visitedBranchPoints="0" sequenceCoverage="0" branchCoverage="0" maxCyclomaticComplexity="1" minCyclomaticComplexity="1" visitedClasses="0" numClasses="0" visitedMethods="0" numMethods="1" />
              <MetadataToken>100666568</MetadataToken>
              <Name>System.String IBM.Watson.DeveloperCloud.Services.SpeechToText.v1.SpeechToText/TrainCustomizationRequest::get_CustomizationID()</Name>
              <FileRef uid="164" />
              <SequencePoints>
                <SequencePoint vc="0" uspid="5265" ordinal="0" offset="0" sl="1187" sc="39" el="1187" ec="43" bec="0" bev="0" fileid="164" />
              </SequencePoints>
              <BranchPoints />
              <MethodPoint xsi:type="SequencePoint" vc="0" uspid="5265" ordinal="0" offset="0" sl="1187" sc="39" el="1187" ec="43" bec="0" bev="0" fileid="164" />
            </Method>
            <Method visited="true" cyclomaticComplexity="1" nPathComplexity="0" sequenceCoverage="100" branchCoverage="100" isConstructor="false" isStatic="false" isGetter="false" isSetter="true">
              <Summary numSequencePoints="1" visitedSequencePoints="1" numBranchPoints="1" visitedBranchPoints="1" sequenceCoverage="100" branchCoverage="100" maxCyclomaticComplexity="1" minCyclomaticComplexity="1" visitedClasses="0" numClasses="0" visitedMethods="1" numMethods="1" />
              <MetadataToken>100666569</MetadataToken>
              <Name>System.Void IBM.Watson.DeveloperCloud.Services.SpeechToText.v1.SpeechToText/TrainCustomizationRequest::set_CustomizationID(System.String)</Name>
              <FileRef uid="164" />
              <SequencePoints>
                <SequencePoint vc="1" uspid="5266" ordinal="0" offset="0" sl="1187" sc="44" el="1187" ec="48" bec="0" bev="0" fileid="164" />
              </SequencePoints>
              <BranchPoints />
              <MethodPoint xsi:type="SequencePoint" vc="1" uspid="5266" ordinal="0" offset="0" sl="1187" sc="44" el="1187" ec="48" bec="0" bev="0" fileid="164" />
            </Method>
            <Method visited="true" cyclomaticComplexity="1" nPathComplexity="0" sequenceCoverage="100" branchCoverage="100" isConstructor="false" isStatic="false" isGetter="true" isSetter="false">
              <Summary numSequencePoints="1" visitedSequencePoints="1" numBranchPoints="1" visitedBranchPoints="1" sequenceCoverage="100" branchCoverage="100" maxCyclomaticComplexity="1" minCyclomaticComplexity="1" visitedClasses="0" numClasses="0" visitedMethods="1" numMethods="1" />
              <MetadataToken>100666570</MetadataToken>
              <Name>System.String IBM.Watson.DeveloperCloud.Services.SpeechToText.v1.SpeechToText/TrainCustomizationRequest::get_Data()</Name>
              <FileRef uid="164" />
              <SequencePoints>
                <SequencePoint vc="1" uspid="5267" ordinal="0" offset="0" sl="1188" sc="28" el="1188" ec="32" bec="0" bev="0" fileid="164" />
              </SequencePoints>
              <BranchPoints />
              <MethodPoint xsi:type="SequencePoint" vc="1" uspid="5267" ordinal="0" offset="0" sl="1188" sc="28" el="1188" ec="32" bec="0" bev="0" fileid="164" />
            </Method>
            <Method visited="true" cyclomaticComplexity="1" nPathComplexity="0" sequenceCoverage="100" branchCoverage="100" isConstructor="false" isStatic="false" isGetter="false" isSetter="true">
              <Summary numSequencePoints="1" visitedSequencePoints="1" numBranchPoints="1" visitedBranchPoints="1" sequenceCoverage="100" branchCoverage="100" maxCyclomaticComplexity="1" minCyclomaticComplexity="1" visitedClasses="0" numClasses="0" visitedMethods="1" numMethods="1" />
              <MetadataToken>100666571</MetadataToken>
              <Name>System.Void IBM.Watson.DeveloperCloud.Services.SpeechToText.v1.SpeechToText/TrainCustomizationRequest::set_Data(System.String)</Name>
              <FileRef uid="164" />
              <SequencePoints>
                <SequencePoint vc="1" uspid="5268" ordinal="0" offset="0" sl="1188" sc="33" el="1188" ec="37" bec="0" bev="0" fileid="164" />
              </SequencePoints>
              <BranchPoints />
              <MethodPoint xsi:type="SequencePoint" vc="1" uspid="5268" ordinal="0" offset="0" sl="1188" sc="33" el="1188" ec="37" bec="0" bev="0" fileid="164" />
            </Method>
            <Method visited="true" cyclomaticComplexity="1" nPathComplexity="0" sequenceCoverage="0" branchCoverage="0" isConstructor="true" isStatic="false" isGetter="false" isSetter="false">
              <Summary numSequencePoints="0" visitedSequencePoints="0" numBranchPoints="0" visitedBranchPoints="0" sequenceCoverage="0" branchCoverage="0" maxCyclomaticComplexity="1" minCyclomaticComplexity="1" visitedClasses="0" numClasses="0" visitedMethods="0" numMethods="0" />
              <MetadataToken>100666572</MetadataToken>
              <Name>System.Void IBM.Watson.DeveloperCloud.Services.SpeechToText.v1.SpeechToText/TrainCustomizationRequest::.ctor()</Name>
              <SequencePoints />
              <BranchPoints />
              <MethodPoint vc="1" uspid="5269" ordinal="0" offset="0" />
            </Method>
          </Methods>
        </Class>
        <Class>
          <Summary numSequencePoints="0" visitedSequencePoints="0" numBranchPoints="0" visitedBranchPoints="0" sequenceCoverage="0" branchCoverage="0" maxCyclomaticComplexity="0" minCyclomaticComplexity="0" visitedClasses="0" numClasses="0" visitedMethods="0" numMethods="0" />
          <FullName>IBM.Watson.DeveloperCloud.Services.SpeechToText.v1.SpeechToText/ResetCustomizationCallback</FullName>
          <Methods>
            <Method skippedDueTo="Unknown" visited="false" cyclomaticComplexity="0" nPathComplexity="0" sequenceCoverage="0" branchCoverage="0" isConstructor="true" isStatic="false" isGetter="false" isSetter="false">
              <MetadataToken>100666573</MetadataToken>
              <Name>System.Void IBM.Watson.DeveloperCloud.Services.SpeechToText.v1.SpeechToText/ResetCustomizationCallback::.ctor(System.Object,System.IntPtr)</Name>
              <SequencePoints />
              <BranchPoints />
            </Method>
            <Method skippedDueTo="Unknown" visited="false" cyclomaticComplexity="0" nPathComplexity="0" sequenceCoverage="0" branchCoverage="0" isConstructor="false" isStatic="false" isGetter="false" isSetter="false">
              <MetadataToken>100666574</MetadataToken>
              <Name>System.Void IBM.Watson.DeveloperCloud.Services.SpeechToText.v1.SpeechToText/ResetCustomizationCallback::Invoke(System.Boolean,System.String)</Name>
              <SequencePoints />
              <BranchPoints />
            </Method>
            <Method skippedDueTo="Unknown" visited="false" cyclomaticComplexity="0" nPathComplexity="0" sequenceCoverage="0" branchCoverage="0" isConstructor="false" isStatic="false" isGetter="false" isSetter="false">
              <MetadataToken>100666575</MetadataToken>
              <Name>System.IAsyncResult IBM.Watson.DeveloperCloud.Services.SpeechToText.v1.SpeechToText/ResetCustomizationCallback::BeginInvoke(System.Boolean,System.String,System.AsyncCallback,System.Object)</Name>
              <SequencePoints />
              <BranchPoints />
            </Method>
            <Method skippedDueTo="Unknown" visited="false" cyclomaticComplexity="0" nPathComplexity="0" sequenceCoverage="0" branchCoverage="0" isConstructor="false" isStatic="false" isGetter="false" isSetter="false">
              <MetadataToken>100666576</MetadataToken>
              <Name>System.Void IBM.Watson.DeveloperCloud.Services.SpeechToText.v1.SpeechToText/ResetCustomizationCallback::EndInvoke(System.IAsyncResult)</Name>
              <SequencePoints />
              <BranchPoints />
            </Method>
          </Methods>
        </Class>
        <Class>
          <Summary numSequencePoints="6" visitedSequencePoints="5" numBranchPoints="6" visitedBranchPoints="5" sequenceCoverage="83.33" branchCoverage="83.33" maxCyclomaticComplexity="1" minCyclomaticComplexity="1" visitedClasses="1" numClasses="1" visitedMethods="5" numMethods="6" />
          <FullName>IBM.Watson.DeveloperCloud.Services.SpeechToText.v1.SpeechToText/ResetCustomizationRequest</FullName>
          <Methods>
            <Method visited="true" cyclomaticComplexity="1" nPathComplexity="0" sequenceCoverage="100" branchCoverage="100" isConstructor="false" isStatic="false" isGetter="true" isSetter="false">
              <Summary numSequencePoints="1" visitedSequencePoints="1" numBranchPoints="1" visitedBranchPoints="1" sequenceCoverage="100" branchCoverage="100" maxCyclomaticComplexity="1" minCyclomaticComplexity="1" visitedClasses="0" numClasses="0" visitedMethods="1" numMethods="1" />
              <MetadataToken>100666577</MetadataToken>
              <Name>IBM.Watson.DeveloperCloud.Services.SpeechToText.v1.SpeechToText/ResetCustomizationCallback IBM.Watson.DeveloperCloud.Services.SpeechToText.v1.SpeechToText/ResetCustomizationRequest::get_Callback()</Name>
              <FileRef uid="164" />
              <SequencePoints>
                <SequencePoint vc="2" uspid="5270" ordinal="0" offset="0" sl="1239" sc="52" el="1239" ec="56" bec="0" bev="0" fileid="164" />
              </SequencePoints>
              <BranchPoints />
              <MethodPoint xsi:type="SequencePoint" vc="2" uspid="5270" ordinal="0" offset="0" sl="1239" sc="52" el="1239" ec="56" bec="0" bev="0" fileid="164" />
            </Method>
            <Method visited="true" cyclomaticComplexity="1" nPathComplexity="0" sequenceCoverage="100" branchCoverage="100" isConstructor="false" isStatic="false" isGetter="false" isSetter="true">
              <Summary numSequencePoints="1" visitedSequencePoints="1" numBranchPoints="1" visitedBranchPoints="1" sequenceCoverage="100" branchCoverage="100" maxCyclomaticComplexity="1" minCyclomaticComplexity="1" visitedClasses="0" numClasses="0" visitedMethods="1" numMethods="1" />
              <MetadataToken>100666578</MetadataToken>
              <Name>System.Void IBM.Watson.DeveloperCloud.Services.SpeechToText.v1.SpeechToText/ResetCustomizationRequest::set_Callback(IBM.Watson.DeveloperCloud.Services.SpeechToText.v1.SpeechToText/ResetCustomizationCallback)</Name>
              <FileRef uid="164" />
              <SequencePoints>
                <SequencePoint vc="1" uspid="5271" ordinal="0" offset="0" sl="1239" sc="57" el="1239" ec="61" bec="0" bev="0" fileid="164" />
              </SequencePoints>
              <BranchPoints />
              <MethodPoint xsi:type="SequencePoint" vc="1" uspid="5271" ordinal="0" offset="0" sl="1239" sc="57" el="1239" ec="61" bec="0" bev="0" fileid="164" />
            </Method>
            <Method visited="false" cyclomaticComplexity="1" nPathComplexity="0" sequenceCoverage="0" branchCoverage="0" isConstructor="false" isStatic="false" isGetter="true" isSetter="false">
              <Summary numSequencePoints="1" visitedSequencePoints="0" numBranchPoints="1" visitedBranchPoints="0" sequenceCoverage="0" branchCoverage="0" maxCyclomaticComplexity="1" minCyclomaticComplexity="1" visitedClasses="0" numClasses="0" visitedMethods="0" numMethods="1" />
              <MetadataToken>100666579</MetadataToken>
              <Name>System.String IBM.Watson.DeveloperCloud.Services.SpeechToText.v1.SpeechToText/ResetCustomizationRequest::get_CustomizationID()</Name>
              <FileRef uid="164" />
              <SequencePoints>
                <SequencePoint vc="0" uspid="5272" ordinal="0" offset="0" sl="1240" sc="39" el="1240" ec="43" bec="0" bev="0" fileid="164" />
              </SequencePoints>
              <BranchPoints />
              <MethodPoint xsi:type="SequencePoint" vc="0" uspid="5272" ordinal="0" offset="0" sl="1240" sc="39" el="1240" ec="43" bec="0" bev="0" fileid="164" />
            </Method>
            <Method visited="true" cyclomaticComplexity="1" nPathComplexity="0" sequenceCoverage="100" branchCoverage="100" isConstructor="false" isStatic="false" isGetter="false" isSetter="true">
              <Summary numSequencePoints="1" visitedSequencePoints="1" numBranchPoints="1" visitedBranchPoints="1" sequenceCoverage="100" branchCoverage="100" maxCyclomaticComplexity="1" minCyclomaticComplexity="1" visitedClasses="0" numClasses="0" visitedMethods="1" numMethods="1" />
              <MetadataToken>100666580</MetadataToken>
              <Name>System.Void IBM.Watson.DeveloperCloud.Services.SpeechToText.v1.SpeechToText/ResetCustomizationRequest::set_CustomizationID(System.String)</Name>
              <FileRef uid="164" />
              <SequencePoints>
                <SequencePoint vc="1" uspid="5273" ordinal="0" offset="0" sl="1240" sc="44" el="1240" ec="48" bec="0" bev="0" fileid="164" />
              </SequencePoints>
              <BranchPoints />
              <MethodPoint xsi:type="SequencePoint" vc="1" uspid="5273" ordinal="0" offset="0" sl="1240" sc="44" el="1240" ec="48" bec="0" bev="0" fileid="164" />
            </Method>
            <Method visited="true" cyclomaticComplexity="1" nPathComplexity="0" sequenceCoverage="100" branchCoverage="100" isConstructor="false" isStatic="false" isGetter="true" isSetter="false">
              <Summary numSequencePoints="1" visitedSequencePoints="1" numBranchPoints="1" visitedBranchPoints="1" sequenceCoverage="100" branchCoverage="100" maxCyclomaticComplexity="1" minCyclomaticComplexity="1" visitedClasses="0" numClasses="0" visitedMethods="1" numMethods="1" />
              <MetadataToken>100666581</MetadataToken>
              <Name>System.String IBM.Watson.DeveloperCloud.Services.SpeechToText.v1.SpeechToText/ResetCustomizationRequest::get_Data()</Name>
              <FileRef uid="164" />
              <SequencePoints>
                <SequencePoint vc="1" uspid="5274" ordinal="0" offset="0" sl="1241" sc="28" el="1241" ec="32" bec="0" bev="0" fileid="164" />
              </SequencePoints>
              <BranchPoints />
              <MethodPoint xsi:type="SequencePoint" vc="1" uspid="5274" ordinal="0" offset="0" sl="1241" sc="28" el="1241" ec="32" bec="0" bev="0" fileid="164" />
            </Method>
            <Method visited="true" cyclomaticComplexity="1" nPathComplexity="0" sequenceCoverage="100" branchCoverage="100" isConstructor="false" isStatic="false" isGetter="false" isSetter="true">
              <Summary numSequencePoints="1" visitedSequencePoints="1" numBranchPoints="1" visitedBranchPoints="1" sequenceCoverage="100" branchCoverage="100" maxCyclomaticComplexity="1" minCyclomaticComplexity="1" visitedClasses="0" numClasses="0" visitedMethods="1" numMethods="1" />
              <MetadataToken>100666582</MetadataToken>
              <Name>System.Void IBM.Watson.DeveloperCloud.Services.SpeechToText.v1.SpeechToText/ResetCustomizationRequest::set_Data(System.String)</Name>
              <FileRef uid="164" />
              <SequencePoints>
                <SequencePoint vc="1" uspid="5275" ordinal="0" offset="0" sl="1241" sc="33" el="1241" ec="37" bec="0" bev="0" fileid="164" />
              </SequencePoints>
              <BranchPoints />
              <MethodPoint xsi:type="SequencePoint" vc="1" uspid="5275" ordinal="0" offset="0" sl="1241" sc="33" el="1241" ec="37" bec="0" bev="0" fileid="164" />
            </Method>
            <Method visited="true" cyclomaticComplexity="1" nPathComplexity="0" sequenceCoverage="0" branchCoverage="0" isConstructor="true" isStatic="false" isGetter="false" isSetter="false">
              <Summary numSequencePoints="0" visitedSequencePoints="0" numBranchPoints="0" visitedBranchPoints="0" sequenceCoverage="0" branchCoverage="0" maxCyclomaticComplexity="1" minCyclomaticComplexity="1" visitedClasses="0" numClasses="0" visitedMethods="0" numMethods="0" />
              <MetadataToken>100666583</MetadataToken>
              <Name>System.Void IBM.Watson.DeveloperCloud.Services.SpeechToText.v1.SpeechToText/ResetCustomizationRequest::.ctor()</Name>
              <SequencePoints />
              <BranchPoints />
              <MethodPoint vc="1" uspid="5276" ordinal="0" offset="0" />
            </Method>
          </Methods>
        </Class>
        <Class>
          <Summary numSequencePoints="0" visitedSequencePoints="0" numBranchPoints="0" visitedBranchPoints="0" sequenceCoverage="0" branchCoverage="0" maxCyclomaticComplexity="0" minCyclomaticComplexity="0" visitedClasses="0" numClasses="0" visitedMethods="0" numMethods="0" />
          <FullName>IBM.Watson.DeveloperCloud.Services.SpeechToText.v1.SpeechToText/UpgradeCustomizationCallback</FullName>
          <Methods>
            <Method skippedDueTo="Unknown" visited="false" cyclomaticComplexity="0" nPathComplexity="0" sequenceCoverage="0" branchCoverage="0" isConstructor="true" isStatic="false" isGetter="false" isSetter="false">
              <MetadataToken>100666584</MetadataToken>
              <Name>System.Void IBM.Watson.DeveloperCloud.Services.SpeechToText.v1.SpeechToText/UpgradeCustomizationCallback::.ctor(System.Object,System.IntPtr)</Name>
              <SequencePoints />
              <BranchPoints />
            </Method>
            <Method skippedDueTo="Unknown" visited="false" cyclomaticComplexity="0" nPathComplexity="0" sequenceCoverage="0" branchCoverage="0" isConstructor="false" isStatic="false" isGetter="false" isSetter="false">
              <MetadataToken>100666585</MetadataToken>
              <Name>System.Void IBM.Watson.DeveloperCloud.Services.SpeechToText.v1.SpeechToText/UpgradeCustomizationCallback::Invoke(System.Boolean,System.String)</Name>
              <SequencePoints />
              <BranchPoints />
            </Method>
            <Method skippedDueTo="Unknown" visited="false" cyclomaticComplexity="0" nPathComplexity="0" sequenceCoverage="0" branchCoverage="0" isConstructor="false" isStatic="false" isGetter="false" isSetter="false">
              <MetadataToken>100666586</MetadataToken>
              <Name>System.IAsyncResult IBM.Watson.DeveloperCloud.Services.SpeechToText.v1.SpeechToText/UpgradeCustomizationCallback::BeginInvoke(System.Boolean,System.String,System.AsyncCallback,System.Object)</Name>
              <SequencePoints />
              <BranchPoints />
            </Method>
            <Method skippedDueTo="Unknown" visited="false" cyclomaticComplexity="0" nPathComplexity="0" sequenceCoverage="0" branchCoverage="0" isConstructor="false" isStatic="false" isGetter="false" isSetter="false">
              <MetadataToken>100666587</MetadataToken>
              <Name>System.Void IBM.Watson.DeveloperCloud.Services.SpeechToText.v1.SpeechToText/UpgradeCustomizationCallback::EndInvoke(System.IAsyncResult)</Name>
              <SequencePoints />
              <BranchPoints />
            </Method>
          </Methods>
        </Class>
        <Class>
          <Summary numSequencePoints="6" visitedSequencePoints="0" numBranchPoints="6" visitedBranchPoints="0" sequenceCoverage="0" branchCoverage="0" maxCyclomaticComplexity="1" minCyclomaticComplexity="1" visitedClasses="0" numClasses="1" visitedMethods="0" numMethods="6" />
          <FullName>IBM.Watson.DeveloperCloud.Services.SpeechToText.v1.SpeechToText/UpgradeCustomizationRequest</FullName>
          <Methods>
            <Method visited="false" cyclomaticComplexity="1" nPathComplexity="0" sequenceCoverage="0" branchCoverage="0" isConstructor="false" isStatic="false" isGetter="true" isSetter="false">
              <Summary numSequencePoints="1" visitedSequencePoints="0" numBranchPoints="1" visitedBranchPoints="0" sequenceCoverage="0" branchCoverage="0" maxCyclomaticComplexity="1" minCyclomaticComplexity="1" visitedClasses="0" numClasses="0" visitedMethods="0" numMethods="1" />
              <MetadataToken>100666588</MetadataToken>
              <Name>IBM.Watson.DeveloperCloud.Services.SpeechToText.v1.SpeechToText/UpgradeCustomizationCallback IBM.Watson.DeveloperCloud.Services.SpeechToText.v1.SpeechToText/UpgradeCustomizationRequest::get_Callback()</Name>
              <FileRef uid="164" />
              <SequencePoints>
                <SequencePoint vc="0" uspid="5277" ordinal="0" offset="0" sl="1292" sc="54" el="1292" ec="58" bec="0" bev="0" fileid="164" />
              </SequencePoints>
              <BranchPoints />
              <MethodPoint xsi:type="SequencePoint" vc="0" uspid="5277" ordinal="0" offset="0" sl="1292" sc="54" el="1292" ec="58" bec="0" bev="0" fileid="164" />
            </Method>
            <Method visited="false" cyclomaticComplexity="1" nPathComplexity="0" sequenceCoverage="0" branchCoverage="0" isConstructor="false" isStatic="false" isGetter="false" isSetter="true">
              <Summary numSequencePoints="1" visitedSequencePoints="0" numBranchPoints="1" visitedBranchPoints="0" sequenceCoverage="0" branchCoverage="0" maxCyclomaticComplexity="1" minCyclomaticComplexity="1" visitedClasses="0" numClasses="0" visitedMethods="0" numMethods="1" />
              <MetadataToken>100666589</MetadataToken>
              <Name>System.Void IBM.Watson.DeveloperCloud.Services.SpeechToText.v1.SpeechToText/UpgradeCustomizationRequest::set_Callback(IBM.Watson.DeveloperCloud.Services.SpeechToText.v1.SpeechToText/UpgradeCustomizationCallback)</Name>
              <FileRef uid="164" />
              <SequencePoints>
                <SequencePoint vc="0" uspid="5278" ordinal="0" offset="0" sl="1292" sc="59" el="1292" ec="63" bec="0" bev="0" fileid="164" />
              </SequencePoints>
              <BranchPoints />
              <MethodPoint xsi:type="SequencePoint" vc="0" uspid="5278" ordinal="0" offset="0" sl="1292" sc="59" el="1292" ec="63" bec="0" bev="0" fileid="164" />
            </Method>
            <Method visited="false" cyclomaticComplexity="1" nPathComplexity="0" sequenceCoverage="0" branchCoverage="0" isConstructor="false" isStatic="false" isGetter="true" isSetter="false">
              <Summary numSequencePoints="1" visitedSequencePoints="0" numBranchPoints="1" visitedBranchPoints="0" sequenceCoverage="0" branchCoverage="0" maxCyclomaticComplexity="1" minCyclomaticComplexity="1" visitedClasses="0" numClasses="0" visitedMethods="0" numMethods="1" />
              <MetadataToken>100666590</MetadataToken>
              <Name>System.String IBM.Watson.DeveloperCloud.Services.SpeechToText.v1.SpeechToText/UpgradeCustomizationRequest::get_CustomizationID()</Name>
              <FileRef uid="164" />
              <SequencePoints>
                <SequencePoint vc="0" uspid="5279" ordinal="0" offset="0" sl="1293" sc="39" el="1293" ec="43" bec="0" bev="0" fileid="164" />
              </SequencePoints>
              <BranchPoints />
              <MethodPoint xsi:type="SequencePoint" vc="0" uspid="5279" ordinal="0" offset="0" sl="1293" sc="39" el="1293" ec="43" bec="0" bev="0" fileid="164" />
            </Method>
            <Method visited="false" cyclomaticComplexity="1" nPathComplexity="0" sequenceCoverage="0" branchCoverage="0" isConstructor="false" isStatic="false" isGetter="false" isSetter="true">
              <Summary numSequencePoints="1" visitedSequencePoints="0" numBranchPoints="1" visitedBranchPoints="0" sequenceCoverage="0" branchCoverage="0" maxCyclomaticComplexity="1" minCyclomaticComplexity="1" visitedClasses="0" numClasses="0" visitedMethods="0" numMethods="1" />
              <MetadataToken>100666591</MetadataToken>
              <Name>System.Void IBM.Watson.DeveloperCloud.Services.SpeechToText.v1.SpeechToText/UpgradeCustomizationRequest::set_CustomizationID(System.String)</Name>
              <FileRef uid="164" />
              <SequencePoints>
                <SequencePoint vc="0" uspid="5280" ordinal="0" offset="0" sl="1293" sc="44" el="1293" ec="48" bec="0" bev="0" fileid="164" />
              </SequencePoints>
              <BranchPoints />
              <MethodPoint xsi:type="SequencePoint" vc="0" uspid="5280" ordinal="0" offset="0" sl="1293" sc="44" el="1293" ec="48" bec="0" bev="0" fileid="164" />
            </Method>
            <Method visited="false" cyclomaticComplexity="1" nPathComplexity="0" sequenceCoverage="0" branchCoverage="0" isConstructor="false" isStatic="false" isGetter="true" isSetter="false">
              <Summary numSequencePoints="1" visitedSequencePoints="0" numBranchPoints="1" visitedBranchPoints="0" sequenceCoverage="0" branchCoverage="0" maxCyclomaticComplexity="1" minCyclomaticComplexity="1" visitedClasses="0" numClasses="0" visitedMethods="0" numMethods="1" />
              <MetadataToken>100666592</MetadataToken>
              <Name>System.String IBM.Watson.DeveloperCloud.Services.SpeechToText.v1.SpeechToText/UpgradeCustomizationRequest::get_Data()</Name>
              <FileRef uid="164" />
              <SequencePoints>
                <SequencePoint vc="0" uspid="5281" ordinal="0" offset="0" sl="1294" sc="28" el="1294" ec="32" bec="0" bev="0" fileid="164" />
              </SequencePoints>
              <BranchPoints />
              <MethodPoint xsi:type="SequencePoint" vc="0" uspid="5281" ordinal="0" offset="0" sl="1294" sc="28" el="1294" ec="32" bec="0" bev="0" fileid="164" />
            </Method>
            <Method visited="false" cyclomaticComplexity="1" nPathComplexity="0" sequenceCoverage="0" branchCoverage="0" isConstructor="false" isStatic="false" isGetter="false" isSetter="true">
              <Summary numSequencePoints="1" visitedSequencePoints="0" numBranchPoints="1" visitedBranchPoints="0" sequenceCoverage="0" branchCoverage="0" maxCyclomaticComplexity="1" minCyclomaticComplexity="1" visitedClasses="0" numClasses="0" visitedMethods="0" numMethods="1" />
              <MetadataToken>100666593</MetadataToken>
              <Name>System.Void IBM.Watson.DeveloperCloud.Services.SpeechToText.v1.SpeechToText/UpgradeCustomizationRequest::set_Data(System.String)</Name>
              <FileRef uid="164" />
              <SequencePoints>
                <SequencePoint vc="0" uspid="5282" ordinal="0" offset="0" sl="1294" sc="33" el="1294" ec="37" bec="0" bev="0" fileid="164" />
              </SequencePoints>
              <BranchPoints />
              <MethodPoint xsi:type="SequencePoint" vc="0" uspid="5282" ordinal="0" offset="0" sl="1294" sc="33" el="1294" ec="37" bec="0" bev="0" fileid="164" />
            </Method>
            <Method visited="false" cyclomaticComplexity="1" nPathComplexity="0" sequenceCoverage="0" branchCoverage="0" isConstructor="true" isStatic="false" isGetter="false" isSetter="false">
              <Summary numSequencePoints="0" visitedSequencePoints="0" numBranchPoints="0" visitedBranchPoints="0" sequenceCoverage="0" branchCoverage="0" maxCyclomaticComplexity="1" minCyclomaticComplexity="1" visitedClasses="0" numClasses="0" visitedMethods="0" numMethods="0" />
              <MetadataToken>100666594</MetadataToken>
              <Name>System.Void IBM.Watson.DeveloperCloud.Services.SpeechToText.v1.SpeechToText/UpgradeCustomizationRequest::.ctor()</Name>
              <SequencePoints />
              <BranchPoints />
              <MethodPoint vc="0" uspid="5283" ordinal="0" offset="0" />
            </Method>
          </Methods>
        </Class>
        <Class>
          <Summary numSequencePoints="0" visitedSequencePoints="0" numBranchPoints="0" visitedBranchPoints="0" sequenceCoverage="0" branchCoverage="0" maxCyclomaticComplexity="0" minCyclomaticComplexity="0" visitedClasses="0" numClasses="0" visitedMethods="0" numMethods="0" />
          <FullName>IBM.Watson.DeveloperCloud.Services.SpeechToText.v1.SpeechToText/GetCustomCorporaCallback</FullName>
          <Methods>
            <Method skippedDueTo="Unknown" visited="false" cyclomaticComplexity="0" nPathComplexity="0" sequenceCoverage="0" branchCoverage="0" isConstructor="true" isStatic="false" isGetter="false" isSetter="false">
              <MetadataToken>100666595</MetadataToken>
              <Name>System.Void IBM.Watson.DeveloperCloud.Services.SpeechToText.v1.SpeechToText/GetCustomCorporaCallback::.ctor(System.Object,System.IntPtr)</Name>
              <SequencePoints />
              <BranchPoints />
            </Method>
            <Method skippedDueTo="Unknown" visited="false" cyclomaticComplexity="0" nPathComplexity="0" sequenceCoverage="0" branchCoverage="0" isConstructor="false" isStatic="false" isGetter="false" isSetter="false">
              <MetadataToken>100666596</MetadataToken>
              <Name>System.Void IBM.Watson.DeveloperCloud.Services.SpeechToText.v1.SpeechToText/GetCustomCorporaCallback::Invoke(IBM.Watson.DeveloperCloud.Services.SpeechToText.v1.Corpora,System.String)</Name>
              <SequencePoints />
              <BranchPoints />
            </Method>
            <Method skippedDueTo="Unknown" visited="false" cyclomaticComplexity="0" nPathComplexity="0" sequenceCoverage="0" branchCoverage="0" isConstructor="false" isStatic="false" isGetter="false" isSetter="false">
              <MetadataToken>100666597</MetadataToken>
              <Name>System.IAsyncResult IBM.Watson.DeveloperCloud.Services.SpeechToText.v1.SpeechToText/GetCustomCorporaCallback::BeginInvoke(IBM.Watson.DeveloperCloud.Services.SpeechToText.v1.Corpora,System.String,System.AsyncCallback,System.Object)</Name>
              <SequencePoints />
              <BranchPoints />
            </Method>
            <Method skippedDueTo="Unknown" visited="false" cyclomaticComplexity="0" nPathComplexity="0" sequenceCoverage="0" branchCoverage="0" isConstructor="false" isStatic="false" isGetter="false" isSetter="false">
              <MetadataToken>100666598</MetadataToken>
              <Name>System.Void IBM.Watson.DeveloperCloud.Services.SpeechToText.v1.SpeechToText/GetCustomCorporaCallback::EndInvoke(System.IAsyncResult)</Name>
              <SequencePoints />
              <BranchPoints />
            </Method>
          </Methods>
        </Class>
        <Class>
          <Summary numSequencePoints="6" visitedSequencePoints="5" numBranchPoints="6" visitedBranchPoints="5" sequenceCoverage="83.33" branchCoverage="83.33" maxCyclomaticComplexity="1" minCyclomaticComplexity="1" visitedClasses="1" numClasses="1" visitedMethods="5" numMethods="6" />
          <FullName>IBM.Watson.DeveloperCloud.Services.SpeechToText.v1.SpeechToText/GetCustomCorporaReq</FullName>
          <Methods>
            <Method visited="true" cyclomaticComplexity="1" nPathComplexity="0" sequenceCoverage="100" branchCoverage="100" isConstructor="false" isStatic="false" isGetter="true" isSetter="false">
              <Summary numSequencePoints="1" visitedSequencePoints="1" numBranchPoints="1" visitedBranchPoints="1" sequenceCoverage="100" branchCoverage="100" maxCyclomaticComplexity="1" minCyclomaticComplexity="1" visitedClasses="0" numClasses="0" visitedMethods="1" numMethods="1" />
              <MetadataToken>100666599</MetadataToken>
              <Name>IBM.Watson.DeveloperCloud.Services.SpeechToText.v1.SpeechToText/GetCustomCorporaCallback IBM.Watson.DeveloperCloud.Services.SpeechToText.v1.SpeechToText/GetCustomCorporaReq::get_Callback()</Name>
              <FileRef uid="164" />
              <SequencePoints>
                <SequencePoint vc="2" uspid="5284" ordinal="0" offset="0" sl="1343" sc="50" el="1343" ec="54" bec="0" bev="0" fileid="164" />
              </SequencePoints>
              <BranchPoints />
              <MethodPoint xsi:type="SequencePoint" vc="2" uspid="5284" ordinal="0" offset="0" sl="1343" sc="50" el="1343" ec="54" bec="0" bev="0" fileid="164" />
            </Method>
            <Method visited="true" cyclomaticComplexity="1" nPathComplexity="0" sequenceCoverage="100" branchCoverage="100" isConstructor="false" isStatic="false" isGetter="false" isSetter="true">
              <Summary numSequencePoints="1" visitedSequencePoints="1" numBranchPoints="1" visitedBranchPoints="1" sequenceCoverage="100" branchCoverage="100" maxCyclomaticComplexity="1" minCyclomaticComplexity="1" visitedClasses="0" numClasses="0" visitedMethods="1" numMethods="1" />
              <MetadataToken>100666600</MetadataToken>
              <Name>System.Void IBM.Watson.DeveloperCloud.Services.SpeechToText.v1.SpeechToText/GetCustomCorporaReq::set_Callback(IBM.Watson.DeveloperCloud.Services.SpeechToText.v1.SpeechToText/GetCustomCorporaCallback)</Name>
              <FileRef uid="164" />
              <SequencePoints>
                <SequencePoint vc="1" uspid="5285" ordinal="0" offset="0" sl="1343" sc="55" el="1343" ec="59" bec="0" bev="0" fileid="164" />
              </SequencePoints>
              <BranchPoints />
              <MethodPoint xsi:type="SequencePoint" vc="1" uspid="5285" ordinal="0" offset="0" sl="1343" sc="55" el="1343" ec="59" bec="0" bev="0" fileid="164" />
            </Method>
            <Method visited="false" cyclomaticComplexity="1" nPathComplexity="0" sequenceCoverage="0" branchCoverage="0" isConstructor="false" isStatic="false" isGetter="true" isSetter="false">
              <Summary numSequencePoints="1" visitedSequencePoints="0" numBranchPoints="1" visitedBranchPoints="0" sequenceCoverage="0" branchCoverage="0" maxCyclomaticComplexity="1" minCyclomaticComplexity="1" visitedClasses="0" numClasses="0" visitedMethods="0" numMethods="1" />
              <MetadataToken>100666601</MetadataToken>
              <Name>System.String IBM.Watson.DeveloperCloud.Services.SpeechToText.v1.SpeechToText/GetCustomCorporaReq::get_CustomizationID()</Name>
              <FileRef uid="164" />
              <SequencePoints>
                <SequencePoint vc="0" uspid="5286" ordinal="0" offset="0" sl="1344" sc="39" el="1344" ec="43" bec="0" bev="0" fileid="164" />
              </SequencePoints>
              <BranchPoints />
              <MethodPoint xsi:type="SequencePoint" vc="0" uspid="5286" ordinal="0" offset="0" sl="1344" sc="39" el="1344" ec="43" bec="0" bev="0" fileid="164" />
            </Method>
            <Method visited="true" cyclomaticComplexity="1" nPathComplexity="0" sequenceCoverage="100" branchCoverage="100" isConstructor="false" isStatic="false" isGetter="false" isSetter="true">
              <Summary numSequencePoints="1" visitedSequencePoints="1" numBranchPoints="1" visitedBranchPoints="1" sequenceCoverage="100" branchCoverage="100" maxCyclomaticComplexity="1" minCyclomaticComplexity="1" visitedClasses="0" numClasses="0" visitedMethods="1" numMethods="1" />
              <MetadataToken>100666602</MetadataToken>
              <Name>System.Void IBM.Watson.DeveloperCloud.Services.SpeechToText.v1.SpeechToText/GetCustomCorporaReq::set_CustomizationID(System.String)</Name>
              <FileRef uid="164" />
              <SequencePoints>
                <SequencePoint vc="1" uspid="5287" ordinal="0" offset="0" sl="1344" sc="44" el="1344" ec="48" bec="0" bev="0" fileid="164" />
              </SequencePoints>
              <BranchPoints />
              <MethodPoint xsi:type="SequencePoint" vc="1" uspid="5287" ordinal="0" offset="0" sl="1344" sc="44" el="1344" ec="48" bec="0" bev="0" fileid="164" />
            </Method>
            <Method visited="true" cyclomaticComplexity="1" nPathComplexity="0" sequenceCoverage="100" branchCoverage="100" isConstructor="false" isStatic="false" isGetter="true" isSetter="false">
              <Summary numSequencePoints="1" visitedSequencePoints="1" numBranchPoints="1" visitedBranchPoints="1" sequenceCoverage="100" branchCoverage="100" maxCyclomaticComplexity="1" minCyclomaticComplexity="1" visitedClasses="0" numClasses="0" visitedMethods="1" numMethods="1" />
              <MetadataToken>100666603</MetadataToken>
              <Name>System.String IBM.Watson.DeveloperCloud.Services.SpeechToText.v1.SpeechToText/GetCustomCorporaReq::get_Data()</Name>
              <FileRef uid="164" />
              <SequencePoints>
                <SequencePoint vc="1" uspid="5288" ordinal="0" offset="0" sl="1345" sc="28" el="1345" ec="32" bec="0" bev="0" fileid="164" />
              </SequencePoints>
              <BranchPoints />
              <MethodPoint xsi:type="SequencePoint" vc="1" uspid="5288" ordinal="0" offset="0" sl="1345" sc="28" el="1345" ec="32" bec="0" bev="0" fileid="164" />
            </Method>
            <Method visited="true" cyclomaticComplexity="1" nPathComplexity="0" sequenceCoverage="100" branchCoverage="100" isConstructor="false" isStatic="false" isGetter="false" isSetter="true">
              <Summary numSequencePoints="1" visitedSequencePoints="1" numBranchPoints="1" visitedBranchPoints="1" sequenceCoverage="100" branchCoverage="100" maxCyclomaticComplexity="1" minCyclomaticComplexity="1" visitedClasses="0" numClasses="0" visitedMethods="1" numMethods="1" />
              <MetadataToken>100666604</MetadataToken>
              <Name>System.Void IBM.Watson.DeveloperCloud.Services.SpeechToText.v1.SpeechToText/GetCustomCorporaReq::set_Data(System.String)</Name>
              <FileRef uid="164" />
              <SequencePoints>
                <SequencePoint vc="1" uspid="5289" ordinal="0" offset="0" sl="1345" sc="33" el="1345" ec="37" bec="0" bev="0" fileid="164" />
              </SequencePoints>
              <BranchPoints />
              <MethodPoint xsi:type="SequencePoint" vc="1" uspid="5289" ordinal="0" offset="0" sl="1345" sc="33" el="1345" ec="37" bec="0" bev="0" fileid="164" />
            </Method>
            <Method visited="true" cyclomaticComplexity="1" nPathComplexity="0" sequenceCoverage="0" branchCoverage="0" isConstructor="true" isStatic="false" isGetter="false" isSetter="false">
              <Summary numSequencePoints="0" visitedSequencePoints="0" numBranchPoints="0" visitedBranchPoints="0" sequenceCoverage="0" branchCoverage="0" maxCyclomaticComplexity="1" minCyclomaticComplexity="1" visitedClasses="0" numClasses="0" visitedMethods="0" numMethods="0" />
              <MetadataToken>100666605</MetadataToken>
              <Name>System.Void IBM.Watson.DeveloperCloud.Services.SpeechToText.v1.SpeechToText/GetCustomCorporaReq::.ctor()</Name>
              <SequencePoints />
              <BranchPoints />
              <MethodPoint vc="1" uspid="5290" ordinal="0" offset="0" />
            </Method>
          </Methods>
        </Class>
        <Class>
          <Summary numSequencePoints="0" visitedSequencePoints="0" numBranchPoints="0" visitedBranchPoints="0" sequenceCoverage="0" branchCoverage="0" maxCyclomaticComplexity="0" minCyclomaticComplexity="0" visitedClasses="0" numClasses="0" visitedMethods="0" numMethods="0" />
          <FullName>IBM.Watson.DeveloperCloud.Services.SpeechToText.v1.SpeechToText/OnDeleteCustomCorpusCallback</FullName>
          <Methods>
            <Method skippedDueTo="Unknown" visited="false" cyclomaticComplexity="0" nPathComplexity="0" sequenceCoverage="0" branchCoverage="0" isConstructor="true" isStatic="false" isGetter="false" isSetter="false">
              <MetadataToken>100666606</MetadataToken>
              <Name>System.Void IBM.Watson.DeveloperCloud.Services.SpeechToText.v1.SpeechToText/OnDeleteCustomCorpusCallback::.ctor(System.Object,System.IntPtr)</Name>
              <SequencePoints />
              <BranchPoints />
            </Method>
            <Method skippedDueTo="Unknown" visited="false" cyclomaticComplexity="0" nPathComplexity="0" sequenceCoverage="0" branchCoverage="0" isConstructor="false" isStatic="false" isGetter="false" isSetter="false">
              <MetadataToken>100666607</MetadataToken>
              <Name>System.Void IBM.Watson.DeveloperCloud.Services.SpeechToText.v1.SpeechToText/OnDeleteCustomCorpusCallback::Invoke(System.Boolean,System.String)</Name>
              <SequencePoints />
              <BranchPoints />
            </Method>
            <Method skippedDueTo="Unknown" visited="false" cyclomaticComplexity="0" nPathComplexity="0" sequenceCoverage="0" branchCoverage="0" isConstructor="false" isStatic="false" isGetter="false" isSetter="false">
              <MetadataToken>100666608</MetadataToken>
              <Name>System.IAsyncResult IBM.Watson.DeveloperCloud.Services.SpeechToText.v1.SpeechToText/OnDeleteCustomCorpusCallback::BeginInvoke(System.Boolean,System.String,System.AsyncCallback,System.Object)</Name>
              <SequencePoints />
              <BranchPoints />
            </Method>
            <Method skippedDueTo="Unknown" visited="false" cyclomaticComplexity="0" nPathComplexity="0" sequenceCoverage="0" branchCoverage="0" isConstructor="false" isStatic="false" isGetter="false" isSetter="false">
              <MetadataToken>100666609</MetadataToken>
              <Name>System.Void IBM.Watson.DeveloperCloud.Services.SpeechToText.v1.SpeechToText/OnDeleteCustomCorpusCallback::EndInvoke(System.IAsyncResult)</Name>
              <SequencePoints />
              <BranchPoints />
            </Method>
          </Methods>
        </Class>
        <Class>
          <Summary numSequencePoints="8" visitedSequencePoints="6" numBranchPoints="8" visitedBranchPoints="6" sequenceCoverage="75" branchCoverage="75" maxCyclomaticComplexity="1" minCyclomaticComplexity="1" visitedClasses="1" numClasses="1" visitedMethods="6" numMethods="8" />
          <FullName>IBM.Watson.DeveloperCloud.Services.SpeechToText.v1.SpeechToText/DeleteCustomCorpusRequest</FullName>
          <Methods>
            <Method visited="true" cyclomaticComplexity="1" nPathComplexity="0" sequenceCoverage="100" branchCoverage="100" isConstructor="false" isStatic="false" isGetter="true" isSetter="false">
              <Summary numSequencePoints="1" visitedSequencePoints="1" numBranchPoints="1" visitedBranchPoints="1" sequenceCoverage="100" branchCoverage="100" maxCyclomaticComplexity="1" minCyclomaticComplexity="1" visitedClasses="0" numClasses="0" visitedMethods="1" numMethods="1" />
              <MetadataToken>100666610</MetadataToken>
              <Name>IBM.Watson.DeveloperCloud.Services.SpeechToText.v1.SpeechToText/OnDeleteCustomCorpusCallback IBM.Watson.DeveloperCloud.Services.SpeechToText.v1.SpeechToText/DeleteCustomCorpusRequest::get_Callback()</Name>
              <FileRef uid="164" />
              <SequencePoints>
                <SequencePoint vc="2" uspid="5291" ordinal="0" offset="0" sl="1420" sc="54" el="1420" ec="58" bec="0" bev="0" fileid="164" />
              </SequencePoints>
              <BranchPoints />
              <MethodPoint xsi:type="SequencePoint" vc="2" uspid="5291" ordinal="0" offset="0" sl="1420" sc="54" el="1420" ec="58" bec="0" bev="0" fileid="164" />
            </Method>
            <Method visited="true" cyclomaticComplexity="1" nPathComplexity="0" sequenceCoverage="100" branchCoverage="100" isConstructor="false" isStatic="false" isGetter="false" isSetter="true">
              <Summary numSequencePoints="1" visitedSequencePoints="1" numBranchPoints="1" visitedBranchPoints="1" sequenceCoverage="100" branchCoverage="100" maxCyclomaticComplexity="1" minCyclomaticComplexity="1" visitedClasses="0" numClasses="0" visitedMethods="1" numMethods="1" />
              <MetadataToken>100666611</MetadataToken>
              <Name>System.Void IBM.Watson.DeveloperCloud.Services.SpeechToText.v1.SpeechToText/DeleteCustomCorpusRequest::set_Callback(IBM.Watson.DeveloperCloud.Services.SpeechToText.v1.SpeechToText/OnDeleteCustomCorpusCallback)</Name>
              <FileRef uid="164" />
              <SequencePoints>
                <SequencePoint vc="1" uspid="5292" ordinal="0" offset="0" sl="1420" sc="59" el="1420" ec="63" bec="0" bev="0" fileid="164" />
              </SequencePoints>
              <BranchPoints />
              <MethodPoint xsi:type="SequencePoint" vc="1" uspid="5292" ordinal="0" offset="0" sl="1420" sc="59" el="1420" ec="63" bec="0" bev="0" fileid="164" />
            </Method>
            <Method visited="false" cyclomaticComplexity="1" nPathComplexity="0" sequenceCoverage="0" branchCoverage="0" isConstructor="false" isStatic="false" isGetter="true" isSetter="false">
              <Summary numSequencePoints="1" visitedSequencePoints="0" numBranchPoints="1" visitedBranchPoints="0" sequenceCoverage="0" branchCoverage="0" maxCyclomaticComplexity="1" minCyclomaticComplexity="1" visitedClasses="0" numClasses="0" visitedMethods="0" numMethods="1" />
              <MetadataToken>100666612</MetadataToken>
              <Name>System.String IBM.Watson.DeveloperCloud.Services.SpeechToText.v1.SpeechToText/DeleteCustomCorpusRequest::get_CustomizationID()</Name>
              <FileRef uid="164" />
              <SequencePoints>
                <SequencePoint vc="0" uspid="5293" ordinal="0" offset="0" sl="1421" sc="39" el="1421" ec="43" bec="0" bev="0" fileid="164" />
              </SequencePoints>
              <BranchPoints />
              <MethodPoint xsi:type="SequencePoint" vc="0" uspid="5293" ordinal="0" offset="0" sl="1421" sc="39" el="1421" ec="43" bec="0" bev="0" fileid="164" />
            </Method>
            <Method visited="true" cyclomaticComplexity="1" nPathComplexity="0" sequenceCoverage="100" branchCoverage="100" isConstructor="false" isStatic="false" isGetter="false" isSetter="true">
              <Summary numSequencePoints="1" visitedSequencePoints="1" numBranchPoints="1" visitedBranchPoints="1" sequenceCoverage="100" branchCoverage="100" maxCyclomaticComplexity="1" minCyclomaticComplexity="1" visitedClasses="0" numClasses="0" visitedMethods="1" numMethods="1" />
              <MetadataToken>100666613</MetadataToken>
              <Name>System.Void IBM.Watson.DeveloperCloud.Services.SpeechToText.v1.SpeechToText/DeleteCustomCorpusRequest::set_CustomizationID(System.String)</Name>
              <FileRef uid="164" />
              <SequencePoints>
                <SequencePoint vc="1" uspid="5294" ordinal="0" offset="0" sl="1421" sc="44" el="1421" ec="48" bec="0" bev="0" fileid="164" />
              </SequencePoints>
              <BranchPoints />
              <MethodPoint xsi:type="SequencePoint" vc="1" uspid="5294" ordinal="0" offset="0" sl="1421" sc="44" el="1421" ec="48" bec="0" bev="0" fileid="164" />
            </Method>
            <Method visited="false" cyclomaticComplexity="1" nPathComplexity="0" sequenceCoverage="0" branchCoverage="0" isConstructor="false" isStatic="false" isGetter="true" isSetter="false">
              <Summary numSequencePoints="1" visitedSequencePoints="0" numBranchPoints="1" visitedBranchPoints="0" sequenceCoverage="0" branchCoverage="0" maxCyclomaticComplexity="1" minCyclomaticComplexity="1" visitedClasses="0" numClasses="0" visitedMethods="0" numMethods="1" />
              <MetadataToken>100666614</MetadataToken>
              <Name>System.String IBM.Watson.DeveloperCloud.Services.SpeechToText.v1.SpeechToText/DeleteCustomCorpusRequest::get_CorpusName()</Name>
              <FileRef uid="164" />
              <SequencePoints>
                <SequencePoint vc="0" uspid="5295" ordinal="0" offset="0" sl="1422" sc="34" el="1422" ec="38" bec="0" bev="0" fileid="164" />
              </SequencePoints>
              <BranchPoints />
              <MethodPoint xsi:type="SequencePoint" vc="0" uspid="5295" ordinal="0" offset="0" sl="1422" sc="34" el="1422" ec="38" bec="0" bev="0" fileid="164" />
            </Method>
            <Method visited="true" cyclomaticComplexity="1" nPathComplexity="0" sequenceCoverage="100" branchCoverage="100" isConstructor="false" isStatic="false" isGetter="false" isSetter="true">
              <Summary numSequencePoints="1" visitedSequencePoints="1" numBranchPoints="1" visitedBranchPoints="1" sequenceCoverage="100" branchCoverage="100" maxCyclomaticComplexity="1" minCyclomaticComplexity="1" visitedClasses="0" numClasses="0" visitedMethods="1" numMethods="1" />
              <MetadataToken>100666615</MetadataToken>
              <Name>System.Void IBM.Watson.DeveloperCloud.Services.SpeechToText.v1.SpeechToText/DeleteCustomCorpusRequest::set_CorpusName(System.String)</Name>
              <FileRef uid="164" />
              <SequencePoints>
                <SequencePoint vc="1" uspid="5296" ordinal="0" offset="0" sl="1422" sc="39" el="1422" ec="43" bec="0" bev="0" fileid="164" />
              </SequencePoints>
              <BranchPoints />
              <MethodPoint xsi:type="SequencePoint" vc="1" uspid="5296" ordinal="0" offset="0" sl="1422" sc="39" el="1422" ec="43" bec="0" bev="0" fileid="164" />
            </Method>
            <Method visited="true" cyclomaticComplexity="1" nPathComplexity="0" sequenceCoverage="100" branchCoverage="100" isConstructor="false" isStatic="false" isGetter="true" isSetter="false">
              <Summary numSequencePoints="1" visitedSequencePoints="1" numBranchPoints="1" visitedBranchPoints="1" sequenceCoverage="100" branchCoverage="100" maxCyclomaticComplexity="1" minCyclomaticComplexity="1" visitedClasses="0" numClasses="0" visitedMethods="1" numMethods="1" />
              <MetadataToken>100666616</MetadataToken>
              <Name>System.String IBM.Watson.DeveloperCloud.Services.SpeechToText.v1.SpeechToText/DeleteCustomCorpusRequest::get_Data()</Name>
              <FileRef uid="164" />
              <SequencePoints>
                <SequencePoint vc="1" uspid="5297" ordinal="0" offset="0" sl="1423" sc="28" el="1423" ec="32" bec="0" bev="0" fileid="164" />
              </SequencePoints>
              <BranchPoints />
              <MethodPoint xsi:type="SequencePoint" vc="1" uspid="5297" ordinal="0" offset="0" sl="1423" sc="28" el="1423" ec="32" bec="0" bev="0" fileid="164" />
            </Method>
            <Method visited="true" cyclomaticComplexity="1" nPathComplexity="0" sequenceCoverage="100" branchCoverage="100" isConstructor="false" isStatic="false" isGetter="false" isSetter="true">
              <Summary numSequencePoints="1" visitedSequencePoints="1" numBranchPoints="1" visitedBranchPoints="1" sequenceCoverage="100" branchCoverage="100" maxCyclomaticComplexity="1" minCyclomaticComplexity="1" visitedClasses="0" numClasses="0" visitedMethods="1" numMethods="1" />
              <MetadataToken>100666617</MetadataToken>
              <Name>System.Void IBM.Watson.DeveloperCloud.Services.SpeechToText.v1.SpeechToText/DeleteCustomCorpusRequest::set_Data(System.String)</Name>
              <FileRef uid="164" />
              <SequencePoints>
                <SequencePoint vc="1" uspid="5298" ordinal="0" offset="0" sl="1423" sc="33" el="1423" ec="37" bec="0" bev="0" fileid="164" />
              </SequencePoints>
              <BranchPoints />
              <MethodPoint xsi:type="SequencePoint" vc="1" uspid="5298" ordinal="0" offset="0" sl="1423" sc="33" el="1423" ec="37" bec="0" bev="0" fileid="164" />
            </Method>
            <Method visited="true" cyclomaticComplexity="1" nPathComplexity="0" sequenceCoverage="0" branchCoverage="0" isConstructor="true" isStatic="false" isGetter="false" isSetter="false">
              <Summary numSequencePoints="0" visitedSequencePoints="0" numBranchPoints="0" visitedBranchPoints="0" sequenceCoverage="0" branchCoverage="0" maxCyclomaticComplexity="1" minCyclomaticComplexity="1" visitedClasses="0" numClasses="0" visitedMethods="0" numMethods="0" />
              <MetadataToken>100666618</MetadataToken>
              <Name>System.Void IBM.Watson.DeveloperCloud.Services.SpeechToText.v1.SpeechToText/DeleteCustomCorpusRequest::.ctor()</Name>
              <SequencePoints />
              <BranchPoints />
              <MethodPoint vc="1" uspid="5299" ordinal="0" offset="0" />
            </Method>
          </Methods>
        </Class>
        <Class>
          <Summary numSequencePoints="0" visitedSequencePoints="0" numBranchPoints="0" visitedBranchPoints="0" sequenceCoverage="0" branchCoverage="0" maxCyclomaticComplexity="0" minCyclomaticComplexity="0" visitedClasses="0" numClasses="0" visitedMethods="0" numMethods="0" />
          <FullName>IBM.Watson.DeveloperCloud.Services.SpeechToText.v1.SpeechToText/OnAddCustomCorpusCallback</FullName>
          <Methods>
            <Method skippedDueTo="Unknown" visited="false" cyclomaticComplexity="0" nPathComplexity="0" sequenceCoverage="0" branchCoverage="0" isConstructor="true" isStatic="false" isGetter="false" isSetter="false">
              <MetadataToken>100666619</MetadataToken>
              <Name>System.Void IBM.Watson.DeveloperCloud.Services.SpeechToText.v1.SpeechToText/OnAddCustomCorpusCallback::.ctor(System.Object,System.IntPtr)</Name>
              <SequencePoints />
              <BranchPoints />
            </Method>
            <Method skippedDueTo="Unknown" visited="false" cyclomaticComplexity="0" nPathComplexity="0" sequenceCoverage="0" branchCoverage="0" isConstructor="false" isStatic="false" isGetter="false" isSetter="false">
              <MetadataToken>100666620</MetadataToken>
              <Name>System.Void IBM.Watson.DeveloperCloud.Services.SpeechToText.v1.SpeechToText/OnAddCustomCorpusCallback::Invoke(System.Boolean,System.String)</Name>
              <SequencePoints />
              <BranchPoints />
            </Method>
            <Method skippedDueTo="Unknown" visited="false" cyclomaticComplexity="0" nPathComplexity="0" sequenceCoverage="0" branchCoverage="0" isConstructor="false" isStatic="false" isGetter="false" isSetter="false">
              <MetadataToken>100666621</MetadataToken>
              <Name>System.IAsyncResult IBM.Watson.DeveloperCloud.Services.SpeechToText.v1.SpeechToText/OnAddCustomCorpusCallback::BeginInvoke(System.Boolean,System.String,System.AsyncCallback,System.Object)</Name>
              <SequencePoints />
              <BranchPoints />
            </Method>
            <Method skippedDueTo="Unknown" visited="false" cyclomaticComplexity="0" nPathComplexity="0" sequenceCoverage="0" branchCoverage="0" isConstructor="false" isStatic="false" isGetter="false" isSetter="false">
              <MetadataToken>100666622</MetadataToken>
              <Name>System.Void IBM.Watson.DeveloperCloud.Services.SpeechToText.v1.SpeechToText/OnAddCustomCorpusCallback::EndInvoke(System.IAsyncResult)</Name>
              <SequencePoints />
              <BranchPoints />
            </Method>
          </Methods>
        </Class>
        <Class>
          <Summary numSequencePoints="12" visitedSequencePoints="6" numBranchPoints="12" visitedBranchPoints="6" sequenceCoverage="50" branchCoverage="50" maxCyclomaticComplexity="1" minCyclomaticComplexity="1" visitedClasses="1" numClasses="1" visitedMethods="6" numMethods="12" />
          <FullName>IBM.Watson.DeveloperCloud.Services.SpeechToText.v1.SpeechToText/AddCustomCorpusRequest</FullName>
          <Methods>
            <Method visited="true" cyclomaticComplexity="1" nPathComplexity="0" sequenceCoverage="100" branchCoverage="100" isConstructor="false" isStatic="false" isGetter="true" isSetter="false">
              <Summary numSequencePoints="1" visitedSequencePoints="1" numBranchPoints="1" visitedBranchPoints="1" sequenceCoverage="100" branchCoverage="100" maxCyclomaticComplexity="1" minCyclomaticComplexity="1" visitedClasses="0" numClasses="0" visitedMethods="1" numMethods="1" />
              <MetadataToken>100666623</MetadataToken>
              <Name>IBM.Watson.DeveloperCloud.Services.SpeechToText.v1.SpeechToText/OnAddCustomCorpusCallback IBM.Watson.DeveloperCloud.Services.SpeechToText.v1.SpeechToText/AddCustomCorpusRequest::get_Callback()</Name>
              <FileRef uid="164" />
              <SequencePoints>
                <SequencePoint vc="4" uspid="5300" ordinal="0" offset="0" sl="1553" sc="51" el="1553" ec="55" bec="0" bev="0" fileid="164" />
              </SequencePoints>
              <BranchPoints />
              <MethodPoint xsi:type="SequencePoint" vc="4" uspid="5300" ordinal="0" offset="0" sl="1553" sc="51" el="1553" ec="55" bec="0" bev="0" fileid="164" />
            </Method>
            <Method visited="true" cyclomaticComplexity="1" nPathComplexity="0" sequenceCoverage="100" branchCoverage="100" isConstructor="false" isStatic="false" isGetter="false" isSetter="true">
              <Summary numSequencePoints="1" visitedSequencePoints="1" numBranchPoints="1" visitedBranchPoints="1" sequenceCoverage="100" branchCoverage="100" maxCyclomaticComplexity="1" minCyclomaticComplexity="1" visitedClasses="0" numClasses="0" visitedMethods="1" numMethods="1" />
              <MetadataToken>100666624</MetadataToken>
              <Name>System.Void IBM.Watson.DeveloperCloud.Services.SpeechToText.v1.SpeechToText/AddCustomCorpusRequest::set_Callback(IBM.Watson.DeveloperCloud.Services.SpeechToText.v1.SpeechToText/OnAddCustomCorpusCallback)</Name>
              <FileRef uid="164" />
              <SequencePoints>
                <SequencePoint vc="2" uspid="5301" ordinal="0" offset="0" sl="1553" sc="56" el="1553" ec="60" bec="0" bev="0" fileid="164" />
              </SequencePoints>
              <BranchPoints />
              <MethodPoint xsi:type="SequencePoint" vc="2" uspid="5301" ordinal="0" offset="0" sl="1553" sc="56" el="1553" ec="60" bec="0" bev="0" fileid="164" />
            </Method>
            <Method visited="false" cyclomaticComplexity="1" nPathComplexity="0" sequenceCoverage="0" branchCoverage="0" isConstructor="false" isStatic="false" isGetter="true" isSetter="false">
              <Summary numSequencePoints="1" visitedSequencePoints="0" numBranchPoints="1" visitedBranchPoints="0" sequenceCoverage="0" branchCoverage="0" maxCyclomaticComplexity="1" minCyclomaticComplexity="1" visitedClasses="0" numClasses="0" visitedMethods="0" numMethods="1" />
              <MetadataToken>100666625</MetadataToken>
              <Name>System.String IBM.Watson.DeveloperCloud.Services.SpeechToText.v1.SpeechToText/AddCustomCorpusRequest::get_CustomizationID()</Name>
              <FileRef uid="164" />
              <SequencePoints>
                <SequencePoint vc="0" uspid="5302" ordinal="0" offset="0" sl="1554" sc="39" el="1554" ec="43" bec="0" bev="0" fileid="164" />
              </SequencePoints>
              <BranchPoints />
              <MethodPoint xsi:type="SequencePoint" vc="0" uspid="5302" ordinal="0" offset="0" sl="1554" sc="39" el="1554" ec="43" bec="0" bev="0" fileid="164" />
            </Method>
            <Method visited="true" cyclomaticComplexity="1" nPathComplexity="0" sequenceCoverage="100" branchCoverage="100" isConstructor="false" isStatic="false" isGetter="false" isSetter="true">
              <Summary numSequencePoints="1" visitedSequencePoints="1" numBranchPoints="1" visitedBranchPoints="1" sequenceCoverage="100" branchCoverage="100" maxCyclomaticComplexity="1" minCyclomaticComplexity="1" visitedClasses="0" numClasses="0" visitedMethods="1" numMethods="1" />
              <MetadataToken>100666626</MetadataToken>
              <Name>System.Void IBM.Watson.DeveloperCloud.Services.SpeechToText.v1.SpeechToText/AddCustomCorpusRequest::set_CustomizationID(System.String)</Name>
              <FileRef uid="164" />
              <SequencePoints>
                <SequencePoint vc="2" uspid="5303" ordinal="0" offset="0" sl="1554" sc="44" el="1554" ec="48" bec="0" bev="0" fileid="164" />
              </SequencePoints>
              <BranchPoints />
              <MethodPoint xsi:type="SequencePoint" vc="2" uspid="5303" ordinal="0" offset="0" sl="1554" sc="44" el="1554" ec="48" bec="0" bev="0" fileid="164" />
            </Method>
            <Method visited="false" cyclomaticComplexity="1" nPathComplexity="0" sequenceCoverage="0" branchCoverage="0" isConstructor="false" isStatic="false" isGetter="true" isSetter="false">
              <Summary numSequencePoints="1" visitedSequencePoints="0" numBranchPoints="1" visitedBranchPoints="0" sequenceCoverage="0" branchCoverage="0" maxCyclomaticComplexity="1" minCyclomaticComplexity="1" visitedClasses="0" numClasses="0" visitedMethods="0" numMethods="1" />
              <MetadataToken>100666627</MetadataToken>
              <Name>System.String IBM.Watson.DeveloperCloud.Services.SpeechToText.v1.SpeechToText/AddCustomCorpusRequest::get_CorpusName()</Name>
              <FileRef uid="164" />
              <SequencePoints>
                <SequencePoint vc="0" uspid="5304" ordinal="0" offset="0" sl="1555" sc="34" el="1555" ec="38" bec="0" bev="0" fileid="164" />
              </SequencePoints>
              <BranchPoints />
              <MethodPoint xsi:type="SequencePoint" vc="0" uspid="5304" ordinal="0" offset="0" sl="1555" sc="34" el="1555" ec="38" bec="0" bev="0" fileid="164" />
            </Method>
            <Method visited="true" cyclomaticComplexity="1" nPathComplexity="0" sequenceCoverage="100" branchCoverage="100" isConstructor="false" isStatic="false" isGetter="false" isSetter="true">
              <Summary numSequencePoints="1" visitedSequencePoints="1" numBranchPoints="1" visitedBranchPoints="1" sequenceCoverage="100" branchCoverage="100" maxCyclomaticComplexity="1" minCyclomaticComplexity="1" visitedClasses="0" numClasses="0" visitedMethods="1" numMethods="1" />
              <MetadataToken>100666628</MetadataToken>
              <Name>System.Void IBM.Watson.DeveloperCloud.Services.SpeechToText.v1.SpeechToText/AddCustomCorpusRequest::set_CorpusName(System.String)</Name>
              <FileRef uid="164" />
              <SequencePoints>
                <SequencePoint vc="2" uspid="5305" ordinal="0" offset="0" sl="1555" sc="39" el="1555" ec="43" bec="0" bev="0" fileid="164" />
              </SequencePoints>
              <BranchPoints />
              <MethodPoint xsi:type="SequencePoint" vc="2" uspid="5305" ordinal="0" offset="0" sl="1555" sc="39" el="1555" ec="43" bec="0" bev="0" fileid="164" />
            </Method>
            <Method visited="false" cyclomaticComplexity="1" nPathComplexity="0" sequenceCoverage="0" branchCoverage="0" isConstructor="false" isStatic="false" isGetter="true" isSetter="false">
              <Summary numSequencePoints="1" visitedSequencePoints="0" numBranchPoints="1" visitedBranchPoints="0" sequenceCoverage="0" branchCoverage="0" maxCyclomaticComplexity="1" minCyclomaticComplexity="1" visitedClasses="0" numClasses="0" visitedMethods="0" numMethods="1" />
              <MetadataToken>100666629</MetadataToken>
              <Name>System.Boolean IBM.Watson.DeveloperCloud.Services.SpeechToText.v1.SpeechToText/AddCustomCorpusRequest::get_AllowOverwrite()</Name>
              <FileRef uid="164" />
              <SequencePoints>
                <SequencePoint vc="0" uspid="5306" ordinal="0" offset="0" sl="1556" sc="36" el="1556" ec="40" bec="0" bev="0" fileid="164" />
              </SequencePoints>
              <BranchPoints />
              <MethodPoint xsi:type="SequencePoint" vc="0" uspid="5306" ordinal="0" offset="0" sl="1556" sc="36" el="1556" ec="40" bec="0" bev="0" fileid="164" />
            </Method>
            <Method visited="false" cyclomaticComplexity="1" nPathComplexity="0" sequenceCoverage="0" branchCoverage="0" isConstructor="false" isStatic="false" isGetter="false" isSetter="true">
              <Summary numSequencePoints="1" visitedSequencePoints="0" numBranchPoints="1" visitedBranchPoints="0" sequenceCoverage="0" branchCoverage="0" maxCyclomaticComplexity="1" minCyclomaticComplexity="1" visitedClasses="0" numClasses="0" visitedMethods="0" numMethods="1" />
              <MetadataToken>100666630</MetadataToken>
              <Name>System.Void IBM.Watson.DeveloperCloud.Services.SpeechToText.v1.SpeechToText/AddCustomCorpusRequest::set_AllowOverwrite(System.Boolean)</Name>
              <FileRef uid="164" />
              <SequencePoints>
                <SequencePoint vc="0" uspid="5307" ordinal="0" offset="0" sl="1556" sc="41" el="1556" ec="45" bec="0" bev="0" fileid="164" />
              </SequencePoints>
              <BranchPoints />
              <MethodPoint xsi:type="SequencePoint" vc="0" uspid="5307" ordinal="0" offset="0" sl="1556" sc="41" el="1556" ec="45" bec="0" bev="0" fileid="164" />
            </Method>
            <Method visited="false" cyclomaticComplexity="1" nPathComplexity="0" sequenceCoverage="0" branchCoverage="0" isConstructor="false" isStatic="false" isGetter="true" isSetter="false">
              <Summary numSequencePoints="1" visitedSequencePoints="0" numBranchPoints="1" visitedBranchPoints="0" sequenceCoverage="0" branchCoverage="0" maxCyclomaticComplexity="1" minCyclomaticComplexity="1" visitedClasses="0" numClasses="0" visitedMethods="0" numMethods="1" />
              <MetadataToken>100666631</MetadataToken>
              <Name>System.Byte[] IBM.Watson.DeveloperCloud.Services.SpeechToText.v1.SpeechToText/AddCustomCorpusRequest::get_TrainingData()</Name>
              <FileRef uid="164" />
              <SequencePoints>
                <SequencePoint vc="0" uspid="5308" ordinal="0" offset="0" sl="1557" sc="36" el="1557" ec="40" bec="0" bev="0" fileid="164" />
              </SequencePoints>
              <BranchPoints />
              <MethodPoint xsi:type="SequencePoint" vc="0" uspid="5308" ordinal="0" offset="0" sl="1557" sc="36" el="1557" ec="40" bec="0" bev="0" fileid="164" />
            </Method>
            <Method visited="false" cyclomaticComplexity="1" nPathComplexity="0" sequenceCoverage="0" branchCoverage="0" isConstructor="false" isStatic="false" isGetter="false" isSetter="true">
              <Summary numSequencePoints="1" visitedSequencePoints="0" numBranchPoints="1" visitedBranchPoints="0" sequenceCoverage="0" branchCoverage="0" maxCyclomaticComplexity="1" minCyclomaticComplexity="1" visitedClasses="0" numClasses="0" visitedMethods="0" numMethods="1" />
              <MetadataToken>100666632</MetadataToken>
              <Name>System.Void IBM.Watson.DeveloperCloud.Services.SpeechToText.v1.SpeechToText/AddCustomCorpusRequest::set_TrainingData(System.Byte[])</Name>
              <FileRef uid="164" />
              <SequencePoints>
                <SequencePoint vc="0" uspid="5309" ordinal="0" offset="0" sl="1557" sc="41" el="1557" ec="45" bec="0" bev="0" fileid="164" />
              </SequencePoints>
              <BranchPoints />
              <MethodPoint xsi:type="SequencePoint" vc="0" uspid="5309" ordinal="0" offset="0" sl="1557" sc="41" el="1557" ec="45" bec="0" bev="0" fileid="164" />
            </Method>
            <Method visited="true" cyclomaticComplexity="1" nPathComplexity="0" sequenceCoverage="100" branchCoverage="100" isConstructor="false" isStatic="false" isGetter="true" isSetter="false">
              <Summary numSequencePoints="1" visitedSequencePoints="1" numBranchPoints="1" visitedBranchPoints="1" sequenceCoverage="100" branchCoverage="100" maxCyclomaticComplexity="1" minCyclomaticComplexity="1" visitedClasses="0" numClasses="0" visitedMethods="1" numMethods="1" />
              <MetadataToken>100666633</MetadataToken>
              <Name>System.String IBM.Watson.DeveloperCloud.Services.SpeechToText.v1.SpeechToText/AddCustomCorpusRequest::get_Data()</Name>
              <FileRef uid="164" />
              <SequencePoints>
                <SequencePoint vc="2" uspid="5310" ordinal="0" offset="0" sl="1558" sc="28" el="1558" ec="32" bec="0" bev="0" fileid="164" />
              </SequencePoints>
              <BranchPoints />
              <MethodPoint xsi:type="SequencePoint" vc="2" uspid="5310" ordinal="0" offset="0" sl="1558" sc="28" el="1558" ec="32" bec="0" bev="0" fileid="164" />
            </Method>
            <Method visited="true" cyclomaticComplexity="1" nPathComplexity="0" sequenceCoverage="100" branchCoverage="100" isConstructor="false" isStatic="false" isGetter="false" isSetter="true">
              <Summary numSequencePoints="1" visitedSequencePoints="1" numBranchPoints="1" visitedBranchPoints="1" sequenceCoverage="100" branchCoverage="100" maxCyclomaticComplexity="1" minCyclomaticComplexity="1" visitedClasses="0" numClasses="0" visitedMethods="1" numMethods="1" />
              <MetadataToken>100666634</MetadataToken>
              <Name>System.Void IBM.Watson.DeveloperCloud.Services.SpeechToText.v1.SpeechToText/AddCustomCorpusRequest::set_Data(System.String)</Name>
              <FileRef uid="164" />
              <SequencePoints>
                <SequencePoint vc="2" uspid="5311" ordinal="0" offset="0" sl="1558" sc="33" el="1558" ec="37" bec="0" bev="0" fileid="164" />
              </SequencePoints>
              <BranchPoints />
              <MethodPoint xsi:type="SequencePoint" vc="2" uspid="5311" ordinal="0" offset="0" sl="1558" sc="33" el="1558" ec="37" bec="0" bev="0" fileid="164" />
            </Method>
            <Method visited="true" cyclomaticComplexity="1" nPathComplexity="0" sequenceCoverage="0" branchCoverage="0" isConstructor="true" isStatic="false" isGetter="false" isSetter="false">
              <Summary numSequencePoints="0" visitedSequencePoints="0" numBranchPoints="0" visitedBranchPoints="0" sequenceCoverage="0" branchCoverage="0" maxCyclomaticComplexity="1" minCyclomaticComplexity="1" visitedClasses="0" numClasses="0" visitedMethods="0" numMethods="0" />
              <MetadataToken>100666635</MetadataToken>
              <Name>System.Void IBM.Watson.DeveloperCloud.Services.SpeechToText.v1.SpeechToText/AddCustomCorpusRequest::.ctor()</Name>
              <SequencePoints />
              <BranchPoints />
              <MethodPoint vc="2" uspid="5312" ordinal="0" offset="0" />
            </Method>
          </Methods>
        </Class>
        <Class>
          <Summary numSequencePoints="0" visitedSequencePoints="0" numBranchPoints="0" visitedBranchPoints="0" sequenceCoverage="0" branchCoverage="0" maxCyclomaticComplexity="0" minCyclomaticComplexity="0" visitedClasses="0" numClasses="0" visitedMethods="0" numMethods="0" />
          <FullName>IBM.Watson.DeveloperCloud.Services.SpeechToText.v1.SpeechToText/GetCustomWordsCallback</FullName>
          <Methods>
            <Method skippedDueTo="Unknown" visited="false" cyclomaticComplexity="0" nPathComplexity="0" sequenceCoverage="0" branchCoverage="0" isConstructor="true" isStatic="false" isGetter="false" isSetter="false">
              <MetadataToken>100666636</MetadataToken>
              <Name>System.Void IBM.Watson.DeveloperCloud.Services.SpeechToText.v1.SpeechToText/GetCustomWordsCallback::.ctor(System.Object,System.IntPtr)</Name>
              <SequencePoints />
              <BranchPoints />
            </Method>
            <Method skippedDueTo="Unknown" visited="false" cyclomaticComplexity="0" nPathComplexity="0" sequenceCoverage="0" branchCoverage="0" isConstructor="false" isStatic="false" isGetter="false" isSetter="false">
              <MetadataToken>100666637</MetadataToken>
              <Name>System.Void IBM.Watson.DeveloperCloud.Services.SpeechToText.v1.SpeechToText/GetCustomWordsCallback::Invoke(IBM.Watson.DeveloperCloud.Services.SpeechToText.v1.WordsList,System.String)</Name>
              <SequencePoints />
              <BranchPoints />
            </Method>
            <Method skippedDueTo="Unknown" visited="false" cyclomaticComplexity="0" nPathComplexity="0" sequenceCoverage="0" branchCoverage="0" isConstructor="false" isStatic="false" isGetter="false" isSetter="false">
              <MetadataToken>100666638</MetadataToken>
              <Name>System.IAsyncResult IBM.Watson.DeveloperCloud.Services.SpeechToText.v1.SpeechToText/GetCustomWordsCallback::BeginInvoke(IBM.Watson.DeveloperCloud.Services.SpeechToText.v1.WordsList,System.String,System.AsyncCallback,System.Object)</Name>
              <SequencePoints />
              <BranchPoints />
            </Method>
            <Method skippedDueTo="Unknown" visited="false" cyclomaticComplexity="0" nPathComplexity="0" sequenceCoverage="0" branchCoverage="0" isConstructor="false" isStatic="false" isGetter="false" isSetter="false">
              <MetadataToken>100666639</MetadataToken>
              <Name>System.Void IBM.Watson.DeveloperCloud.Services.SpeechToText.v1.SpeechToText/GetCustomWordsCallback::EndInvoke(System.IAsyncResult)</Name>
              <SequencePoints />
              <BranchPoints />
            </Method>
          </Methods>
        </Class>
        <Class>
          <Summary numSequencePoints="8" visitedSequencePoints="6" numBranchPoints="8" visitedBranchPoints="6" sequenceCoverage="75" branchCoverage="75" maxCyclomaticComplexity="1" minCyclomaticComplexity="1" visitedClasses="1" numClasses="1" visitedMethods="6" numMethods="8" />
          <FullName>IBM.Watson.DeveloperCloud.Services.SpeechToText.v1.SpeechToText/GetCustomWordsReq</FullName>
          <Methods>
            <Method visited="true" cyclomaticComplexity="1" nPathComplexity="0" sequenceCoverage="100" branchCoverage="100" isConstructor="false" isStatic="false" isGetter="true" isSetter="false">
              <Summary numSequencePoints="1" visitedSequencePoints="1" numBranchPoints="1" visitedBranchPoints="1" sequenceCoverage="100" branchCoverage="100" maxCyclomaticComplexity="1" minCyclomaticComplexity="1" visitedClasses="0" numClasses="0" visitedMethods="1" numMethods="1" />
              <MetadataToken>100666640</MetadataToken>
              <Name>IBM.Watson.DeveloperCloud.Services.SpeechToText.v1.SpeechToText/GetCustomWordsCallback IBM.Watson.DeveloperCloud.Services.SpeechToText.v1.SpeechToText/GetCustomWordsReq::get_Callback()</Name>
              <FileRef uid="164" />
              <SequencePoints>
                <SequencePoint vc="2" uspid="5313" ordinal="0" offset="0" sl="1608" sc="48" el="1608" ec="52" bec="0" bev="0" fileid="164" />
              </SequencePoints>
              <BranchPoints />
              <MethodPoint xsi:type="SequencePoint" vc="2" uspid="5313" ordinal="0" offset="0" sl="1608" sc="48" el="1608" ec="52" bec="0" bev="0" fileid="164" />
            </Method>
            <Method visited="true" cyclomaticComplexity="1" nPathComplexity="0" sequenceCoverage="100" branchCoverage="100" isConstructor="false" isStatic="false" isGetter="false" isSetter="true">
              <Summary numSequencePoints="1" visitedSequencePoints="1" numBranchPoints="1" visitedBranchPoints="1" sequenceCoverage="100" branchCoverage="100" maxCyclomaticComplexity="1" minCyclomaticComplexity="1" visitedClasses="0" numClasses="0" visitedMethods="1" numMethods="1" />
              <MetadataToken>100666641</MetadataToken>
              <Name>System.Void IBM.Watson.DeveloperCloud.Services.SpeechToText.v1.SpeechToText/GetCustomWordsReq::set_Callback(IBM.Watson.DeveloperCloud.Services.SpeechToText.v1.SpeechToText/GetCustomWordsCallback)</Name>
              <FileRef uid="164" />
              <SequencePoints>
                <SequencePoint vc="1" uspid="5314" ordinal="0" offset="0" sl="1608" sc="53" el="1608" ec="57" bec="0" bev="0" fileid="164" />
              </SequencePoints>
              <BranchPoints />
              <MethodPoint xsi:type="SequencePoint" vc="1" uspid="5314" ordinal="0" offset="0" sl="1608" sc="53" el="1608" ec="57" bec="0" bev="0" fileid="164" />
            </Method>
            <Method visited="false" cyclomaticComplexity="1" nPathComplexity="0" sequenceCoverage="0" branchCoverage="0" isConstructor="false" isStatic="false" isGetter="true" isSetter="false">
              <Summary numSequencePoints="1" visitedSequencePoints="0" numBranchPoints="1" visitedBranchPoints="0" sequenceCoverage="0" branchCoverage="0" maxCyclomaticComplexity="1" minCyclomaticComplexity="1" visitedClasses="0" numClasses="0" visitedMethods="0" numMethods="1" />
              <MetadataToken>100666642</MetadataToken>
              <Name>System.String IBM.Watson.DeveloperCloud.Services.SpeechToText.v1.SpeechToText/GetCustomWordsReq::get_CustomizationID()</Name>
              <FileRef uid="164" />
              <SequencePoints>
                <SequencePoint vc="0" uspid="5315" ordinal="0" offset="0" sl="1609" sc="39" el="1609" ec="43" bec="0" bev="0" fileid="164" />
              </SequencePoints>
              <BranchPoints />
              <MethodPoint xsi:type="SequencePoint" vc="0" uspid="5315" ordinal="0" offset="0" sl="1609" sc="39" el="1609" ec="43" bec="0" bev="0" fileid="164" />
            </Method>
            <Method visited="true" cyclomaticComplexity="1" nPathComplexity="0" sequenceCoverage="100" branchCoverage="100" isConstructor="false" isStatic="false" isGetter="false" isSetter="true">
              <Summary numSequencePoints="1" visitedSequencePoints="1" numBranchPoints="1" visitedBranchPoints="1" sequenceCoverage="100" branchCoverage="100" maxCyclomaticComplexity="1" minCyclomaticComplexity="1" visitedClasses="0" numClasses="0" visitedMethods="1" numMethods="1" />
              <MetadataToken>100666643</MetadataToken>
              <Name>System.Void IBM.Watson.DeveloperCloud.Services.SpeechToText.v1.SpeechToText/GetCustomWordsReq::set_CustomizationID(System.String)</Name>
              <FileRef uid="164" />
              <SequencePoints>
                <SequencePoint vc="1" uspid="5316" ordinal="0" offset="0" sl="1609" sc="44" el="1609" ec="48" bec="0" bev="0" fileid="164" />
              </SequencePoints>
              <BranchPoints />
              <MethodPoint xsi:type="SequencePoint" vc="1" uspid="5316" ordinal="0" offset="0" sl="1609" sc="44" el="1609" ec="48" bec="0" bev="0" fileid="164" />
            </Method>
            <Method visited="false" cyclomaticComplexity="1" nPathComplexity="0" sequenceCoverage="0" branchCoverage="0" isConstructor="false" isStatic="false" isGetter="true" isSetter="false">
              <Summary numSequencePoints="1" visitedSequencePoints="0" numBranchPoints="1" visitedBranchPoints="0" sequenceCoverage="0" branchCoverage="0" maxCyclomaticComplexity="1" minCyclomaticComplexity="1" visitedClasses="0" numClasses="0" visitedMethods="0" numMethods="1" />
              <MetadataToken>100666644</MetadataToken>
              <Name>System.String IBM.Watson.DeveloperCloud.Services.SpeechToText.v1.SpeechToText/GetCustomWordsReq::get_WordType()</Name>
              <FileRef uid="164" />
              <SequencePoints>
                <SequencePoint vc="0" uspid="5317" ordinal="0" offset="0" sl="1610" sc="32" el="1610" ec="36" bec="0" bev="0" fileid="164" />
              </SequencePoints>
              <BranchPoints />
              <MethodPoint xsi:type="SequencePoint" vc="0" uspid="5317" ordinal="0" offset="0" sl="1610" sc="32" el="1610" ec="36" bec="0" bev="0" fileid="164" />
            </Method>
            <Method visited="true" cyclomaticComplexity="1" nPathComplexity="0" sequenceCoverage="100" branchCoverage="100" isConstructor="false" isStatic="false" isGetter="false" isSetter="true">
              <Summary numSequencePoints="1" visitedSequencePoints="1" numBranchPoints="1" visitedBranchPoints="1" sequenceCoverage="100" branchCoverage="100" maxCyclomaticComplexity="1" minCyclomaticComplexity="1" visitedClasses="0" numClasses="0" visitedMethods="1" numMethods="1" />
              <MetadataToken>100666645</MetadataToken>
              <Name>System.Void IBM.Watson.DeveloperCloud.Services.SpeechToText.v1.SpeechToText/GetCustomWordsReq::set_WordType(System.String)</Name>
              <FileRef uid="164" />
              <SequencePoints>
                <SequencePoint vc="1" uspid="5318" ordinal="0" offset="0" sl="1610" sc="37" el="1610" ec="41" bec="0" bev="0" fileid="164" />
              </SequencePoints>
              <BranchPoints />
              <MethodPoint xsi:type="SequencePoint" vc="1" uspid="5318" ordinal="0" offset="0" sl="1610" sc="37" el="1610" ec="41" bec="0" bev="0" fileid="164" />
            </Method>
            <Method visited="true" cyclomaticComplexity="1" nPathComplexity="0" sequenceCoverage="100" branchCoverage="100" isConstructor="false" isStatic="false" isGetter="true" isSetter="false">
              <Summary numSequencePoints="1" visitedSequencePoints="1" numBranchPoints="1" visitedBranchPoints="1" sequenceCoverage="100" branchCoverage="100" maxCyclomaticComplexity="1" minCyclomaticComplexity="1" visitedClasses="0" numClasses="0" visitedMethods="1" numMethods="1" />
              <MetadataToken>100666646</MetadataToken>
              <Name>System.String IBM.Watson.DeveloperCloud.Services.SpeechToText.v1.SpeechToText/GetCustomWordsReq::get_Data()</Name>
              <FileRef uid="164" />
              <SequencePoints>
                <SequencePoint vc="1" uspid="5319" ordinal="0" offset="0" sl="1611" sc="28" el="1611" ec="32" bec="0" bev="0" fileid="164" />
              </SequencePoints>
              <BranchPoints />
              <MethodPoint xsi:type="SequencePoint" vc="1" uspid="5319" ordinal="0" offset="0" sl="1611" sc="28" el="1611" ec="32" bec="0" bev="0" fileid="164" />
            </Method>
            <Method visited="true" cyclomaticComplexity="1" nPathComplexity="0" sequenceCoverage="100" branchCoverage="100" isConstructor="false" isStatic="false" isGetter="false" isSetter="true">
              <Summary numSequencePoints="1" visitedSequencePoints="1" numBranchPoints="1" visitedBranchPoints="1" sequenceCoverage="100" branchCoverage="100" maxCyclomaticComplexity="1" minCyclomaticComplexity="1" visitedClasses="0" numClasses="0" visitedMethods="1" numMethods="1" />
              <MetadataToken>100666647</MetadataToken>
              <Name>System.Void IBM.Watson.DeveloperCloud.Services.SpeechToText.v1.SpeechToText/GetCustomWordsReq::set_Data(System.String)</Name>
              <FileRef uid="164" />
              <SequencePoints>
                <SequencePoint vc="1" uspid="5320" ordinal="0" offset="0" sl="1611" sc="33" el="1611" ec="37" bec="0" bev="0" fileid="164" />
              </SequencePoints>
              <BranchPoints />
              <MethodPoint xsi:type="SequencePoint" vc="1" uspid="5320" ordinal="0" offset="0" sl="1611" sc="33" el="1611" ec="37" bec="0" bev="0" fileid="164" />
            </Method>
            <Method visited="true" cyclomaticComplexity="1" nPathComplexity="0" sequenceCoverage="0" branchCoverage="0" isConstructor="true" isStatic="false" isGetter="false" isSetter="false">
              <Summary numSequencePoints="0" visitedSequencePoints="0" numBranchPoints="0" visitedBranchPoints="0" sequenceCoverage="0" branchCoverage="0" maxCyclomaticComplexity="1" minCyclomaticComplexity="1" visitedClasses="0" numClasses="0" visitedMethods="0" numMethods="0" />
              <MetadataToken>100666648</MetadataToken>
              <Name>System.Void IBM.Watson.DeveloperCloud.Services.SpeechToText.v1.SpeechToText/GetCustomWordsReq::.ctor()</Name>
              <SequencePoints />
              <BranchPoints />
              <MethodPoint vc="1" uspid="5321" ordinal="0" offset="0" />
            </Method>
          </Methods>
        </Class>
        <Class>
          <Summary numSequencePoints="0" visitedSequencePoints="0" numBranchPoints="0" visitedBranchPoints="0" sequenceCoverage="0" branchCoverage="0" maxCyclomaticComplexity="0" minCyclomaticComplexity="0" visitedClasses="0" numClasses="0" visitedMethods="0" numMethods="0" />
          <FullName>IBM.Watson.DeveloperCloud.Services.SpeechToText.v1.SpeechToText/AddCustomWordsCallback</FullName>
          <Methods>
            <Method skippedDueTo="Unknown" visited="false" cyclomaticComplexity="0" nPathComplexity="0" sequenceCoverage="0" branchCoverage="0" isConstructor="true" isStatic="false" isGetter="false" isSetter="false">
              <MetadataToken>100666649</MetadataToken>
              <Name>System.Void IBM.Watson.DeveloperCloud.Services.SpeechToText.v1.SpeechToText/AddCustomWordsCallback::.ctor(System.Object,System.IntPtr)</Name>
              <SequencePoints />
              <BranchPoints />
            </Method>
            <Method skippedDueTo="Unknown" visited="false" cyclomaticComplexity="0" nPathComplexity="0" sequenceCoverage="0" branchCoverage="0" isConstructor="false" isStatic="false" isGetter="false" isSetter="false">
              <MetadataToken>100666650</MetadataToken>
              <Name>System.Void IBM.Watson.DeveloperCloud.Services.SpeechToText.v1.SpeechToText/AddCustomWordsCallback::Invoke(System.Boolean,System.String)</Name>
              <SequencePoints />
              <BranchPoints />
            </Method>
            <Method skippedDueTo="Unknown" visited="false" cyclomaticComplexity="0" nPathComplexity="0" sequenceCoverage="0" branchCoverage="0" isConstructor="false" isStatic="false" isGetter="false" isSetter="false">
              <MetadataToken>100666651</MetadataToken>
              <Name>System.IAsyncResult IBM.Watson.DeveloperCloud.Services.SpeechToText.v1.SpeechToText/AddCustomWordsCallback::BeginInvoke(System.Boolean,System.String,System.AsyncCallback,System.Object)</Name>
              <SequencePoints />
              <BranchPoints />
            </Method>
            <Method skippedDueTo="Unknown" visited="false" cyclomaticComplexity="0" nPathComplexity="0" sequenceCoverage="0" branchCoverage="0" isConstructor="false" isStatic="false" isGetter="false" isSetter="false">
              <MetadataToken>100666652</MetadataToken>
              <Name>System.Void IBM.Watson.DeveloperCloud.Services.SpeechToText.v1.SpeechToText/AddCustomWordsCallback::EndInvoke(System.IAsyncResult)</Name>
              <SequencePoints />
              <BranchPoints />
            </Method>
          </Methods>
        </Class>
        <Class>
          <Summary numSequencePoints="8" visitedSequencePoints="6" numBranchPoints="8" visitedBranchPoints="6" sequenceCoverage="75" branchCoverage="75" maxCyclomaticComplexity="1" minCyclomaticComplexity="1" visitedClasses="1" numClasses="1" visitedMethods="6" numMethods="8" />
          <FullName>IBM.Watson.DeveloperCloud.Services.SpeechToText.v1.SpeechToText/AddCustomWordsRequest</FullName>
          <Methods>
            <Method visited="true" cyclomaticComplexity="1" nPathComplexity="0" sequenceCoverage="100" branchCoverage="100" isConstructor="false" isStatic="false" isGetter="true" isSetter="false">
              <Summary numSequencePoints="1" visitedSequencePoints="1" numBranchPoints="1" visitedBranchPoints="1" sequenceCoverage="100" branchCoverage="100" maxCyclomaticComplexity="1" minCyclomaticComplexity="1" visitedClasses="0" numClasses="0" visitedMethods="1" numMethods="1" />
              <MetadataToken>100666653</MetadataToken>
              <Name>IBM.Watson.DeveloperCloud.Services.SpeechToText.v1.SpeechToText/AddCustomWordsCallback IBM.Watson.DeveloperCloud.Services.SpeechToText.v1.SpeechToText/AddCustomWordsRequest::get_Callback()</Name>
              <FileRef uid="164" />
              <SequencePoints>
                <SequencePoint vc="4" uspid="5322" ordinal="0" offset="0" sl="1732" sc="48" el="1732" ec="52" bec="0" bev="0" fileid="164" />
              </SequencePoints>
              <BranchPoints />
              <MethodPoint xsi:type="SequencePoint" vc="4" uspid="5322" ordinal="0" offset="0" sl="1732" sc="48" el="1732" ec="52" bec="0" bev="0" fileid="164" />
            </Method>
            <Method visited="true" cyclomaticComplexity="1" nPathComplexity="0" sequenceCoverage="100" branchCoverage="100" isConstructor="false" isStatic="false" isGetter="false" isSetter="true">
              <Summary numSequencePoints="1" visitedSequencePoints="1" numBranchPoints="1" visitedBranchPoints="1" sequenceCoverage="100" branchCoverage="100" maxCyclomaticComplexity="1" minCyclomaticComplexity="1" visitedClasses="0" numClasses="0" visitedMethods="1" numMethods="1" />
              <MetadataToken>100666654</MetadataToken>
              <Name>System.Void IBM.Watson.DeveloperCloud.Services.SpeechToText.v1.SpeechToText/AddCustomWordsRequest::set_Callback(IBM.Watson.DeveloperCloud.Services.SpeechToText.v1.SpeechToText/AddCustomWordsCallback)</Name>
              <FileRef uid="164" />
              <SequencePoints>
                <SequencePoint vc="2" uspid="5323" ordinal="0" offset="0" sl="1732" sc="53" el="1732" ec="57" bec="0" bev="0" fileid="164" />
              </SequencePoints>
              <BranchPoints />
              <MethodPoint xsi:type="SequencePoint" vc="2" uspid="5323" ordinal="0" offset="0" sl="1732" sc="53" el="1732" ec="57" bec="0" bev="0" fileid="164" />
            </Method>
            <Method visited="false" cyclomaticComplexity="1" nPathComplexity="0" sequenceCoverage="0" branchCoverage="0" isConstructor="false" isStatic="false" isGetter="true" isSetter="false">
              <Summary numSequencePoints="1" visitedSequencePoints="0" numBranchPoints="1" visitedBranchPoints="0" sequenceCoverage="0" branchCoverage="0" maxCyclomaticComplexity="1" minCyclomaticComplexity="1" visitedClasses="0" numClasses="0" visitedMethods="0" numMethods="1" />
              <MetadataToken>100666655</MetadataToken>
              <Name>System.String IBM.Watson.DeveloperCloud.Services.SpeechToText.v1.SpeechToText/AddCustomWordsRequest::get_CustomizationID()</Name>
              <FileRef uid="164" />
              <SequencePoints>
                <SequencePoint vc="0" uspid="5324" ordinal="0" offset="0" sl="1733" sc="39" el="1733" ec="43" bec="0" bev="0" fileid="164" />
              </SequencePoints>
              <BranchPoints />
              <MethodPoint xsi:type="SequencePoint" vc="0" uspid="5324" ordinal="0" offset="0" sl="1733" sc="39" el="1733" ec="43" bec="0" bev="0" fileid="164" />
            </Method>
            <Method visited="true" cyclomaticComplexity="1" nPathComplexity="0" sequenceCoverage="100" branchCoverage="100" isConstructor="false" isStatic="false" isGetter="false" isSetter="true">
              <Summary numSequencePoints="1" visitedSequencePoints="1" numBranchPoints="1" visitedBranchPoints="1" sequenceCoverage="100" branchCoverage="100" maxCyclomaticComplexity="1" minCyclomaticComplexity="1" visitedClasses="0" numClasses="0" visitedMethods="1" numMethods="1" />
              <MetadataToken>100666656</MetadataToken>
              <Name>System.Void IBM.Watson.DeveloperCloud.Services.SpeechToText.v1.SpeechToText/AddCustomWordsRequest::set_CustomizationID(System.String)</Name>
              <FileRef uid="164" />
              <SequencePoints>
                <SequencePoint vc="2" uspid="5325" ordinal="0" offset="0" sl="1733" sc="44" el="1733" ec="48" bec="0" bev="0" fileid="164" />
              </SequencePoints>
              <BranchPoints />
              <MethodPoint xsi:type="SequencePoint" vc="2" uspid="5325" ordinal="0" offset="0" sl="1733" sc="44" el="1733" ec="48" bec="0" bev="0" fileid="164" />
            </Method>
            <Method visited="false" cyclomaticComplexity="1" nPathComplexity="0" sequenceCoverage="0" branchCoverage="0" isConstructor="false" isStatic="false" isGetter="true" isSetter="false">
              <Summary numSequencePoints="1" visitedSequencePoints="0" numBranchPoints="1" visitedBranchPoints="0" sequenceCoverage="0" branchCoverage="0" maxCyclomaticComplexity="1" minCyclomaticComplexity="1" visitedClasses="0" numClasses="0" visitedMethods="0" numMethods="1" />
              <MetadataToken>100666657</MetadataToken>
              <Name>System.String IBM.Watson.DeveloperCloud.Services.SpeechToText.v1.SpeechToText/AddCustomWordsRequest::get_WordsJson()</Name>
              <FileRef uid="164" />
              <SequencePoints>
                <SequencePoint vc="0" uspid="5326" ordinal="0" offset="0" sl="1734" sc="33" el="1734" ec="37" bec="0" bev="0" fileid="164" />
              </SequencePoints>
              <BranchPoints />
              <MethodPoint xsi:type="SequencePoint" vc="0" uspid="5326" ordinal="0" offset="0" sl="1734" sc="33" el="1734" ec="37" bec="0" bev="0" fileid="164" />
            </Method>
            <Method visited="true" cyclomaticComplexity="1" nPathComplexity="0" sequenceCoverage="100" branchCoverage="100" isConstructor="false" isStatic="false" isGetter="false" isSetter="true">
              <Summary numSequencePoints="1" visitedSequencePoints="1" numBranchPoints="1" visitedBranchPoints="1" sequenceCoverage="100" branchCoverage="100" maxCyclomaticComplexity="1" minCyclomaticComplexity="1" visitedClasses="0" numClasses="0" visitedMethods="1" numMethods="1" />
              <MetadataToken>100666658</MetadataToken>
              <Name>System.Void IBM.Watson.DeveloperCloud.Services.SpeechToText.v1.SpeechToText/AddCustomWordsRequest::set_WordsJson(System.String)</Name>
              <FileRef uid="164" />
              <SequencePoints>
                <SequencePoint vc="2" uspid="5327" ordinal="0" offset="0" sl="1734" sc="38" el="1734" ec="42" bec="0" bev="0" fileid="164" />
              </SequencePoints>
              <BranchPoints />
              <MethodPoint xsi:type="SequencePoint" vc="2" uspid="5327" ordinal="0" offset="0" sl="1734" sc="38" el="1734" ec="42" bec="0" bev="0" fileid="164" />
            </Method>
            <Method visited="true" cyclomaticComplexity="1" nPathComplexity="0" sequenceCoverage="100" branchCoverage="100" isConstructor="false" isStatic="false" isGetter="true" isSetter="false">
              <Summary numSequencePoints="1" visitedSequencePoints="1" numBranchPoints="1" visitedBranchPoints="1" sequenceCoverage="100" branchCoverage="100" maxCyclomaticComplexity="1" minCyclomaticComplexity="1" visitedClasses="0" numClasses="0" visitedMethods="1" numMethods="1" />
              <MetadataToken>100666659</MetadataToken>
              <Name>System.String IBM.Watson.DeveloperCloud.Services.SpeechToText.v1.SpeechToText/AddCustomWordsRequest::get_Data()</Name>
              <FileRef uid="164" />
              <SequencePoints>
                <SequencePoint vc="2" uspid="5328" ordinal="0" offset="0" sl="1735" sc="28" el="1735" ec="32" bec="0" bev="0" fileid="164" />
              </SequencePoints>
              <BranchPoints />
              <MethodPoint xsi:type="SequencePoint" vc="2" uspid="5328" ordinal="0" offset="0" sl="1735" sc="28" el="1735" ec="32" bec="0" bev="0" fileid="164" />
            </Method>
            <Method visited="true" cyclomaticComplexity="1" nPathComplexity="0" sequenceCoverage="100" branchCoverage="100" isConstructor="false" isStatic="false" isGetter="false" isSetter="true">
              <Summary numSequencePoints="1" visitedSequencePoints="1" numBranchPoints="1" visitedBranchPoints="1" sequenceCoverage="100" branchCoverage="100" maxCyclomaticComplexity="1" minCyclomaticComplexity="1" visitedClasses="0" numClasses="0" visitedMethods="1" numMethods="1" />
              <MetadataToken>100666660</MetadataToken>
              <Name>System.Void IBM.Watson.DeveloperCloud.Services.SpeechToText.v1.SpeechToText/AddCustomWordsRequest::set_Data(System.String)</Name>
              <FileRef uid="164" />
              <SequencePoints>
                <SequencePoint vc="2" uspid="5329" ordinal="0" offset="0" sl="1735" sc="33" el="1735" ec="37" bec="0" bev="0" fileid="164" />
              </SequencePoints>
              <BranchPoints />
              <MethodPoint xsi:type="SequencePoint" vc="2" uspid="5329" ordinal="0" offset="0" sl="1735" sc="33" el="1735" ec="37" bec="0" bev="0" fileid="164" />
            </Method>
            <Method visited="true" cyclomaticComplexity="1" nPathComplexity="0" sequenceCoverage="0" branchCoverage="0" isConstructor="true" isStatic="false" isGetter="false" isSetter="false">
              <Summary numSequencePoints="0" visitedSequencePoints="0" numBranchPoints="0" visitedBranchPoints="0" sequenceCoverage="0" branchCoverage="0" maxCyclomaticComplexity="1" minCyclomaticComplexity="1" visitedClasses="0" numClasses="0" visitedMethods="0" numMethods="0" />
              <MetadataToken>100666661</MetadataToken>
              <Name>System.Void IBM.Watson.DeveloperCloud.Services.SpeechToText.v1.SpeechToText/AddCustomWordsRequest::.ctor()</Name>
              <SequencePoints />
              <BranchPoints />
              <MethodPoint vc="2" uspid="5330" ordinal="0" offset="0" />
            </Method>
          </Methods>
        </Class>
        <Class>
          <Summary numSequencePoints="0" visitedSequencePoints="0" numBranchPoints="0" visitedBranchPoints="0" sequenceCoverage="0" branchCoverage="0" maxCyclomaticComplexity="0" minCyclomaticComplexity="0" visitedClasses="0" numClasses="0" visitedMethods="0" numMethods="0" />
          <FullName>IBM.Watson.DeveloperCloud.Services.SpeechToText.v1.SpeechToText/OnDeleteCustomWordCallback</FullName>
          <Methods>
            <Method skippedDueTo="Unknown" visited="false" cyclomaticComplexity="0" nPathComplexity="0" sequenceCoverage="0" branchCoverage="0" isConstructor="true" isStatic="false" isGetter="false" isSetter="false">
              <MetadataToken>100666662</MetadataToken>
              <Name>System.Void IBM.Watson.DeveloperCloud.Services.SpeechToText.v1.SpeechToText/OnDeleteCustomWordCallback::.ctor(System.Object,System.IntPtr)</Name>
              <SequencePoints />
              <BranchPoints />
            </Method>
            <Method skippedDueTo="Unknown" visited="false" cyclomaticComplexity="0" nPathComplexity="0" sequenceCoverage="0" branchCoverage="0" isConstructor="false" isStatic="false" isGetter="false" isSetter="false">
              <MetadataToken>100666663</MetadataToken>
              <Name>System.Void IBM.Watson.DeveloperCloud.Services.SpeechToText.v1.SpeechToText/OnDeleteCustomWordCallback::Invoke(System.Boolean,System.String)</Name>
              <SequencePoints />
              <BranchPoints />
            </Method>
            <Method skippedDueTo="Unknown" visited="false" cyclomaticComplexity="0" nPathComplexity="0" sequenceCoverage="0" branchCoverage="0" isConstructor="false" isStatic="false" isGetter="false" isSetter="false">
              <MetadataToken>100666664</MetadataToken>
              <Name>System.IAsyncResult IBM.Watson.DeveloperCloud.Services.SpeechToText.v1.SpeechToText/OnDeleteCustomWordCallback::BeginInvoke(System.Boolean,System.String,System.AsyncCallback,System.Object)</Name>
              <SequencePoints />
              <BranchPoints />
            </Method>
            <Method skippedDueTo="Unknown" visited="false" cyclomaticComplexity="0" nPathComplexity="0" sequenceCoverage="0" branchCoverage="0" isConstructor="false" isStatic="false" isGetter="false" isSetter="false">
              <MetadataToken>100666665</MetadataToken>
              <Name>System.Void IBM.Watson.DeveloperCloud.Services.SpeechToText.v1.SpeechToText/OnDeleteCustomWordCallback::EndInvoke(System.IAsyncResult)</Name>
              <SequencePoints />
              <BranchPoints />
            </Method>
          </Methods>
        </Class>
        <Class>
          <Summary numSequencePoints="8" visitedSequencePoints="6" numBranchPoints="8" visitedBranchPoints="6" sequenceCoverage="75" branchCoverage="75" maxCyclomaticComplexity="1" minCyclomaticComplexity="1" visitedClasses="1" numClasses="1" visitedMethods="6" numMethods="8" />
          <FullName>IBM.Watson.DeveloperCloud.Services.SpeechToText.v1.SpeechToText/DeleteCustomWordRequest</FullName>
          <Methods>
            <Method visited="true" cyclomaticComplexity="1" nPathComplexity="0" sequenceCoverage="100" branchCoverage="100" isConstructor="false" isStatic="false" isGetter="true" isSetter="false">
              <Summary numSequencePoints="1" visitedSequencePoints="1" numBranchPoints="1" visitedBranchPoints="1" sequenceCoverage="100" branchCoverage="100" maxCyclomaticComplexity="1" minCyclomaticComplexity="1" visitedClasses="0" numClasses="0" visitedMethods="1" numMethods="1" />
              <MetadataToken>100666666</MetadataToken>
              <Name>IBM.Watson.DeveloperCloud.Services.SpeechToText.v1.SpeechToText/OnDeleteCustomWordCallback IBM.Watson.DeveloperCloud.Services.SpeechToText.v1.SpeechToText/DeleteCustomWordRequest::get_Callback()</Name>
              <FileRef uid="164" />
              <SequencePoints>
                <SequencePoint vc="2" uspid="5331" ordinal="0" offset="0" sl="1787" sc="52" el="1787" ec="56" bec="0" bev="0" fileid="164" />
              </SequencePoints>
              <BranchPoints />
              <MethodPoint xsi:type="SequencePoint" vc="2" uspid="5331" ordinal="0" offset="0" sl="1787" sc="52" el="1787" ec="56" bec="0" bev="0" fileid="164" />
            </Method>
            <Method visited="true" cyclomaticComplexity="1" nPathComplexity="0" sequenceCoverage="100" branchCoverage="100" isConstructor="false" isStatic="false" isGetter="false" isSetter="true">
              <Summary numSequencePoints="1" visitedSequencePoints="1" numBranchPoints="1" visitedBranchPoints="1" sequenceCoverage="100" branchCoverage="100" maxCyclomaticComplexity="1" minCyclomaticComplexity="1" visitedClasses="0" numClasses="0" visitedMethods="1" numMethods="1" />
              <MetadataToken>100666667</MetadataToken>
              <Name>System.Void IBM.Watson.DeveloperCloud.Services.SpeechToText.v1.SpeechToText/DeleteCustomWordRequest::set_Callback(IBM.Watson.DeveloperCloud.Services.SpeechToText.v1.SpeechToText/OnDeleteCustomWordCallback)</Name>
              <FileRef uid="164" />
              <SequencePoints>
                <SequencePoint vc="1" uspid="5332" ordinal="0" offset="0" sl="1787" sc="57" el="1787" ec="61" bec="0" bev="0" fileid="164" />
              </SequencePoints>
              <BranchPoints />
              <MethodPoint xsi:type="SequencePoint" vc="1" uspid="5332" ordinal="0" offset="0" sl="1787" sc="57" el="1787" ec="61" bec="0" bev="0" fileid="164" />
            </Method>
            <Method visited="false" cyclomaticComplexity="1" nPathComplexity="0" sequenceCoverage="0" branchCoverage="0" isConstructor="false" isStatic="false" isGetter="true" isSetter="false">
              <Summary numSequencePoints="1" visitedSequencePoints="0" numBranchPoints="1" visitedBranchPoints="0" sequenceCoverage="0" branchCoverage="0" maxCyclomaticComplexity="1" minCyclomaticComplexity="1" visitedClasses="0" numClasses="0" visitedMethods="0" numMethods="1" />
              <MetadataToken>100666668</MetadataToken>
              <Name>System.String IBM.Watson.DeveloperCloud.Services.SpeechToText.v1.SpeechToText/DeleteCustomWordRequest::get_CustomizationID()</Name>
              <FileRef uid="164" />
              <SequencePoints>
                <SequencePoint vc="0" uspid="5333" ordinal="0" offset="0" sl="1788" sc="39" el="1788" ec="43" bec="0" bev="0" fileid="164" />
              </SequencePoints>
              <BranchPoints />
              <MethodPoint xsi:type="SequencePoint" vc="0" uspid="5333" ordinal="0" offset="0" sl="1788" sc="39" el="1788" ec="43" bec="0" bev="0" fileid="164" />
            </Method>
            <Method visited="true" cyclomaticComplexity="1" nPathComplexity="0" sequenceCoverage="100" branchCoverage="100" isConstructor="false" isStatic="false" isGetter="false" isSetter="true">
              <Summary numSequencePoints="1" visitedSequencePoints="1" numBranchPoints="1" visitedBranchPoints="1" sequenceCoverage="100" branchCoverage="100" maxCyclomaticComplexity="1" minCyclomaticComplexity="1" visitedClasses="0" numClasses="0" visitedMethods="1" numMethods="1" />
              <MetadataToken>100666669</MetadataToken>
              <Name>System.Void IBM.Watson.DeveloperCloud.Services.SpeechToText.v1.SpeechToText/DeleteCustomWordRequest::set_CustomizationID(System.String)</Name>
              <FileRef uid="164" />
              <SequencePoints>
                <SequencePoint vc="1" uspid="5334" ordinal="0" offset="0" sl="1788" sc="44" el="1788" ec="48" bec="0" bev="0" fileid="164" />
              </SequencePoints>
              <BranchPoints />
              <MethodPoint xsi:type="SequencePoint" vc="1" uspid="5334" ordinal="0" offset="0" sl="1788" sc="44" el="1788" ec="48" bec="0" bev="0" fileid="164" />
            </Method>
            <Method visited="false" cyclomaticComplexity="1" nPathComplexity="0" sequenceCoverage="0" branchCoverage="0" isConstructor="false" isStatic="false" isGetter="true" isSetter="false">
              <Summary numSequencePoints="1" visitedSequencePoints="0" numBranchPoints="1" visitedBranchPoints="0" sequenceCoverage="0" branchCoverage="0" maxCyclomaticComplexity="1" minCyclomaticComplexity="1" visitedClasses="0" numClasses="0" visitedMethods="0" numMethods="1" />
              <MetadataToken>100666670</MetadataToken>
              <Name>System.String IBM.Watson.DeveloperCloud.Services.SpeechToText.v1.SpeechToText/DeleteCustomWordRequest::get_Word()</Name>
              <FileRef uid="164" />
              <SequencePoints>
                <SequencePoint vc="0" uspid="5335" ordinal="0" offset="0" sl="1789" sc="28" el="1789" ec="32" bec="0" bev="0" fileid="164" />
              </SequencePoints>
              <BranchPoints />
              <MethodPoint xsi:type="SequencePoint" vc="0" uspid="5335" ordinal="0" offset="0" sl="1789" sc="28" el="1789" ec="32" bec="0" bev="0" fileid="164" />
            </Method>
            <Method visited="true" cyclomaticComplexity="1" nPathComplexity="0" sequenceCoverage="100" branchCoverage="100" isConstructor="false" isStatic="false" isGetter="false" isSetter="true">
              <Summary numSequencePoints="1" visitedSequencePoints="1" numBranchPoints="1" visitedBranchPoints="1" sequenceCoverage="100" branchCoverage="100" maxCyclomaticComplexity="1" minCyclomaticComplexity="1" visitedClasses="0" numClasses="0" visitedMethods="1" numMethods="1" />
              <MetadataToken>100666671</MetadataToken>
              <Name>System.Void IBM.Watson.DeveloperCloud.Services.SpeechToText.v1.SpeechToText/DeleteCustomWordRequest::set_Word(System.String)</Name>
              <FileRef uid="164" />
              <SequencePoints>
                <SequencePoint vc="1" uspid="5336" ordinal="0" offset="0" sl="1789" sc="33" el="1789" ec="37" bec="0" bev="0" fileid="164" />
              </SequencePoints>
              <BranchPoints />
              <MethodPoint xsi:type="SequencePoint" vc="1" uspid="5336" ordinal="0" offset="0" sl="1789" sc="33" el="1789" ec="37" bec="0" bev="0" fileid="164" />
            </Method>
            <Method visited="true" cyclomaticComplexity="1" nPathComplexity="0" sequenceCoverage="100" branchCoverage="100" isConstructor="false" isStatic="false" isGetter="true" isSetter="false">
              <Summary numSequencePoints="1" visitedSequencePoints="1" numBranchPoints="1" visitedBranchPoints="1" sequenceCoverage="100" branchCoverage="100" maxCyclomaticComplexity="1" minCyclomaticComplexity="1" visitedClasses="0" numClasses="0" visitedMethods="1" numMethods="1" />
              <MetadataToken>100666672</MetadataToken>
              <Name>System.String IBM.Watson.DeveloperCloud.Services.SpeechToText.v1.SpeechToText/DeleteCustomWordRequest::get_Data()</Name>
              <FileRef uid="164" />
              <SequencePoints>
                <SequencePoint vc="1" uspid="5337" ordinal="0" offset="0" sl="1790" sc="28" el="1790" ec="32" bec="0" bev="0" fileid="164" />
              </SequencePoints>
              <BranchPoints />
              <MethodPoint xsi:type="SequencePoint" vc="1" uspid="5337" ordinal="0" offset="0" sl="1790" sc="28" el="1790" ec="32" bec="0" bev="0" fileid="164" />
            </Method>
            <Method visited="true" cyclomaticComplexity="1" nPathComplexity="0" sequenceCoverage="100" branchCoverage="100" isConstructor="false" isStatic="false" isGetter="false" isSetter="true">
              <Summary numSequencePoints="1" visitedSequencePoints="1" numBranchPoints="1" visitedBranchPoints="1" sequenceCoverage="100" branchCoverage="100" maxCyclomaticComplexity="1" minCyclomaticComplexity="1" visitedClasses="0" numClasses="0" visitedMethods="1" numMethods="1" />
              <MetadataToken>100666673</MetadataToken>
              <Name>System.Void IBM.Watson.DeveloperCloud.Services.SpeechToText.v1.SpeechToText/DeleteCustomWordRequest::set_Data(System.String)</Name>
              <FileRef uid="164" />
              <SequencePoints>
                <SequencePoint vc="1" uspid="5338" ordinal="0" offset="0" sl="1790" sc="33" el="1790" ec="37" bec="0" bev="0" fileid="164" />
              </SequencePoints>
              <BranchPoints />
              <MethodPoint xsi:type="SequencePoint" vc="1" uspid="5338" ordinal="0" offset="0" sl="1790" sc="33" el="1790" ec="37" bec="0" bev="0" fileid="164" />
            </Method>
            <Method visited="true" cyclomaticComplexity="1" nPathComplexity="0" sequenceCoverage="0" branchCoverage="0" isConstructor="true" isStatic="false" isGetter="false" isSetter="false">
              <Summary numSequencePoints="0" visitedSequencePoints="0" numBranchPoints="0" visitedBranchPoints="0" sequenceCoverage="0" branchCoverage="0" maxCyclomaticComplexity="1" minCyclomaticComplexity="1" visitedClasses="0" numClasses="0" visitedMethods="0" numMethods="0" />
              <MetadataToken>100666674</MetadataToken>
              <Name>System.Void IBM.Watson.DeveloperCloud.Services.SpeechToText.v1.SpeechToText/DeleteCustomWordRequest::.ctor()</Name>
              <SequencePoints />
              <BranchPoints />
              <MethodPoint vc="1" uspid="5339" ordinal="0" offset="0" />
            </Method>
          </Methods>
        </Class>
        <Class>
          <Summary numSequencePoints="0" visitedSequencePoints="0" numBranchPoints="0" visitedBranchPoints="0" sequenceCoverage="0" branchCoverage="0" maxCyclomaticComplexity="0" minCyclomaticComplexity="0" visitedClasses="0" numClasses="0" visitedMethods="0" numMethods="0" />
          <FullName>IBM.Watson.DeveloperCloud.Services.SpeechToText.v1.SpeechToText/GetCustomWordCallback</FullName>
          <Methods>
            <Method skippedDueTo="Unknown" visited="false" cyclomaticComplexity="0" nPathComplexity="0" sequenceCoverage="0" branchCoverage="0" isConstructor="true" isStatic="false" isGetter="false" isSetter="false">
              <MetadataToken>100666675</MetadataToken>
              <Name>System.Void IBM.Watson.DeveloperCloud.Services.SpeechToText.v1.SpeechToText/GetCustomWordCallback::.ctor(System.Object,System.IntPtr)</Name>
              <SequencePoints />
              <BranchPoints />
            </Method>
            <Method skippedDueTo="Unknown" visited="false" cyclomaticComplexity="0" nPathComplexity="0" sequenceCoverage="0" branchCoverage="0" isConstructor="false" isStatic="false" isGetter="false" isSetter="false">
              <MetadataToken>100666676</MetadataToken>
              <Name>System.Void IBM.Watson.DeveloperCloud.Services.SpeechToText.v1.SpeechToText/GetCustomWordCallback::Invoke(IBM.Watson.DeveloperCloud.Services.SpeechToText.v1.WordData,System.String)</Name>
              <SequencePoints />
              <BranchPoints />
            </Method>
            <Method skippedDueTo="Unknown" visited="false" cyclomaticComplexity="0" nPathComplexity="0" sequenceCoverage="0" branchCoverage="0" isConstructor="false" isStatic="false" isGetter="false" isSetter="false">
              <MetadataToken>100666677</MetadataToken>
              <Name>System.IAsyncResult IBM.Watson.DeveloperCloud.Services.SpeechToText.v1.SpeechToText/GetCustomWordCallback::BeginInvoke(IBM.Watson.DeveloperCloud.Services.SpeechToText.v1.WordData,System.String,System.AsyncCallback,System.Object)</Name>
              <SequencePoints />
              <BranchPoints />
            </Method>
            <Method skippedDueTo="Unknown" visited="false" cyclomaticComplexity="0" nPathComplexity="0" sequenceCoverage="0" branchCoverage="0" isConstructor="false" isStatic="false" isGetter="false" isSetter="false">
              <MetadataToken>100666678</MetadataToken>
              <Name>System.Void IBM.Watson.DeveloperCloud.Services.SpeechToText.v1.SpeechToText/GetCustomWordCallback::EndInvoke(System.IAsyncResult)</Name>
              <SequencePoints />
              <BranchPoints />
            </Method>
          </Methods>
        </Class>
        <Class>
          <Summary numSequencePoints="8" visitedSequencePoints="6" numBranchPoints="8" visitedBranchPoints="6" sequenceCoverage="75" branchCoverage="75" maxCyclomaticComplexity="1" minCyclomaticComplexity="1" visitedClasses="1" numClasses="1" visitedMethods="6" numMethods="8" />
          <FullName>IBM.Watson.DeveloperCloud.Services.SpeechToText.v1.SpeechToText/GetCustomWordReq</FullName>
          <Methods>
            <Method visited="true" cyclomaticComplexity="1" nPathComplexity="0" sequenceCoverage="100" branchCoverage="100" isConstructor="false" isStatic="false" isGetter="true" isSetter="false">
              <Summary numSequencePoints="1" visitedSequencePoints="1" numBranchPoints="1" visitedBranchPoints="1" sequenceCoverage="100" branchCoverage="100" maxCyclomaticComplexity="1" minCyclomaticComplexity="1" visitedClasses="0" numClasses="0" visitedMethods="1" numMethods="1" />
              <MetadataToken>100666679</MetadataToken>
              <Name>IBM.Watson.DeveloperCloud.Services.SpeechToText.v1.SpeechToText/GetCustomWordCallback IBM.Watson.DeveloperCloud.Services.SpeechToText.v1.SpeechToText/GetCustomWordReq::get_Callback()</Name>
              <FileRef uid="164" />
              <SequencePoints>
                <SequencePoint vc="2" uspid="5340" ordinal="0" offset="0" sl="1842" sc="47" el="1842" ec="51" bec="0" bev="0" fileid="164" />
              </SequencePoints>
              <BranchPoints />
              <MethodPoint xsi:type="SequencePoint" vc="2" uspid="5340" ordinal="0" offset="0" sl="1842" sc="47" el="1842" ec="51" bec="0" bev="0" fileid="164" />
            </Method>
            <Method visited="true" cyclomaticComplexity="1" nPathComplexity="0" sequenceCoverage="100" branchCoverage="100" isConstructor="false" isStatic="false" isGetter="false" isSetter="true">
              <Summary numSequencePoints="1" visitedSequencePoints="1" numBranchPoints="1" visitedBranchPoints="1" sequenceCoverage="100" branchCoverage="100" maxCyclomaticComplexity="1" minCyclomaticComplexity="1" visitedClasses="0" numClasses="0" visitedMethods="1" numMethods="1" />
              <MetadataToken>100666680</MetadataToken>
              <Name>System.Void IBM.Watson.DeveloperCloud.Services.SpeechToText.v1.SpeechToText/GetCustomWordReq::set_Callback(IBM.Watson.DeveloperCloud.Services.SpeechToText.v1.SpeechToText/GetCustomWordCallback)</Name>
              <FileRef uid="164" />
              <SequencePoints>
                <SequencePoint vc="1" uspid="5341" ordinal="0" offset="0" sl="1842" sc="52" el="1842" ec="56" bec="0" bev="0" fileid="164" />
              </SequencePoints>
              <BranchPoints />
              <MethodPoint xsi:type="SequencePoint" vc="1" uspid="5341" ordinal="0" offset="0" sl="1842" sc="52" el="1842" ec="56" bec="0" bev="0" fileid="164" />
            </Method>
            <Method visited="false" cyclomaticComplexity="1" nPathComplexity="0" sequenceCoverage="0" branchCoverage="0" isConstructor="false" isStatic="false" isGetter="true" isSetter="false">
              <Summary numSequencePoints="1" visitedSequencePoints="0" numBranchPoints="1" visitedBranchPoints="0" sequenceCoverage="0" branchCoverage="0" maxCyclomaticComplexity="1" minCyclomaticComplexity="1" visitedClasses="0" numClasses="0" visitedMethods="0" numMethods="1" />
              <MetadataToken>100666681</MetadataToken>
              <Name>System.String IBM.Watson.DeveloperCloud.Services.SpeechToText.v1.SpeechToText/GetCustomWordReq::get_CustomizationID()</Name>
              <FileRef uid="164" />
              <SequencePoints>
                <SequencePoint vc="0" uspid="5342" ordinal="0" offset="0" sl="1843" sc="39" el="1843" ec="43" bec="0" bev="0" fileid="164" />
              </SequencePoints>
              <BranchPoints />
              <MethodPoint xsi:type="SequencePoint" vc="0" uspid="5342" ordinal="0" offset="0" sl="1843" sc="39" el="1843" ec="43" bec="0" bev="0" fileid="164" />
            </Method>
            <Method visited="true" cyclomaticComplexity="1" nPathComplexity="0" sequenceCoverage="100" branchCoverage="100" isConstructor="false" isStatic="false" isGetter="false" isSetter="true">
              <Summary numSequencePoints="1" visitedSequencePoints="1" numBranchPoints="1" visitedBranchPoints="1" sequenceCoverage="100" branchCoverage="100" maxCyclomaticComplexity="1" minCyclomaticComplexity="1" visitedClasses="0" numClasses="0" visitedMethods="1" numMethods="1" />
              <MetadataToken>100666682</MetadataToken>
              <Name>System.Void IBM.Watson.DeveloperCloud.Services.SpeechToText.v1.SpeechToText/GetCustomWordReq::set_CustomizationID(System.String)</Name>
              <FileRef uid="164" />
              <SequencePoints>
                <SequencePoint vc="1" uspid="5343" ordinal="0" offset="0" sl="1843" sc="44" el="1843" ec="48" bec="0" bev="0" fileid="164" />
              </SequencePoints>
              <BranchPoints />
              <MethodPoint xsi:type="SequencePoint" vc="1" uspid="5343" ordinal="0" offset="0" sl="1843" sc="44" el="1843" ec="48" bec="0" bev="0" fileid="164" />
            </Method>
            <Method visited="false" cyclomaticComplexity="1" nPathComplexity="0" sequenceCoverage="0" branchCoverage="0" isConstructor="false" isStatic="false" isGetter="true" isSetter="false">
              <Summary numSequencePoints="1" visitedSequencePoints="0" numBranchPoints="1" visitedBranchPoints="0" sequenceCoverage="0" branchCoverage="0" maxCyclomaticComplexity="1" minCyclomaticComplexity="1" visitedClasses="0" numClasses="0" visitedMethods="0" numMethods="1" />
              <MetadataToken>100666683</MetadataToken>
              <Name>System.String IBM.Watson.DeveloperCloud.Services.SpeechToText.v1.SpeechToText/GetCustomWordReq::get_Word()</Name>
              <FileRef uid="164" />
              <SequencePoints>
                <SequencePoint vc="0" uspid="5344" ordinal="0" offset="0" sl="1844" sc="28" el="1844" ec="32" bec="0" bev="0" fileid="164" />
              </SequencePoints>
              <BranchPoints />
              <MethodPoint xsi:type="SequencePoint" vc="0" uspid="5344" ordinal="0" offset="0" sl="1844" sc="28" el="1844" ec="32" bec="0" bev="0" fileid="164" />
            </Method>
            <Method visited="true" cyclomaticComplexity="1" nPathComplexity="0" sequenceCoverage="100" branchCoverage="100" isConstructor="false" isStatic="false" isGetter="false" isSetter="true">
              <Summary numSequencePoints="1" visitedSequencePoints="1" numBranchPoints="1" visitedBranchPoints="1" sequenceCoverage="100" branchCoverage="100" maxCyclomaticComplexity="1" minCyclomaticComplexity="1" visitedClasses="0" numClasses="0" visitedMethods="1" numMethods="1" />
              <MetadataToken>100666684</MetadataToken>
              <Name>System.Void IBM.Watson.DeveloperCloud.Services.SpeechToText.v1.SpeechToText/GetCustomWordReq::set_Word(System.String)</Name>
              <FileRef uid="164" />
              <SequencePoints>
                <SequencePoint vc="1" uspid="5345" ordinal="0" offset="0" sl="1844" sc="33" el="1844" ec="37" bec="0" bev="0" fileid="164" />
              </SequencePoints>
              <BranchPoints />
              <MethodPoint xsi:type="SequencePoint" vc="1" uspid="5345" ordinal="0" offset="0" sl="1844" sc="33" el="1844" ec="37" bec="0" bev="0" fileid="164" />
            </Method>
            <Method visited="true" cyclomaticComplexity="1" nPathComplexity="0" sequenceCoverage="100" branchCoverage="100" isConstructor="false" isStatic="false" isGetter="true" isSetter="false">
              <Summary numSequencePoints="1" visitedSequencePoints="1" numBranchPoints="1" visitedBranchPoints="1" sequenceCoverage="100" branchCoverage="100" maxCyclomaticComplexity="1" minCyclomaticComplexity="1" visitedClasses="0" numClasses="0" visitedMethods="1" numMethods="1" />
              <MetadataToken>100666685</MetadataToken>
              <Name>System.String IBM.Watson.DeveloperCloud.Services.SpeechToText.v1.SpeechToText/GetCustomWordReq::get_Data()</Name>
              <FileRef uid="164" />
              <SequencePoints>
                <SequencePoint vc="1" uspid="5346" ordinal="0" offset="0" sl="1845" sc="28" el="1845" ec="32" bec="0" bev="0" fileid="164" />
              </SequencePoints>
              <BranchPoints />
              <MethodPoint xsi:type="SequencePoint" vc="1" uspid="5346" ordinal="0" offset="0" sl="1845" sc="28" el="1845" ec="32" bec="0" bev="0" fileid="164" />
            </Method>
            <Method visited="true" cyclomaticComplexity="1" nPathComplexity="0" sequenceCoverage="100" branchCoverage="100" isConstructor="false" isStatic="false" isGetter="false" isSetter="true">
              <Summary numSequencePoints="1" visitedSequencePoints="1" numBranchPoints="1" visitedBranchPoints="1" sequenceCoverage="100" branchCoverage="100" maxCyclomaticComplexity="1" minCyclomaticComplexity="1" visitedClasses="0" numClasses="0" visitedMethods="1" numMethods="1" />
              <MetadataToken>100666686</MetadataToken>
              <Name>System.Void IBM.Watson.DeveloperCloud.Services.SpeechToText.v1.SpeechToText/GetCustomWordReq::set_Data(System.String)</Name>
              <FileRef uid="164" />
              <SequencePoints>
                <SequencePoint vc="1" uspid="5347" ordinal="0" offset="0" sl="1845" sc="33" el="1845" ec="37" bec="0" bev="0" fileid="164" />
              </SequencePoints>
              <BranchPoints />
              <MethodPoint xsi:type="SequencePoint" vc="1" uspid="5347" ordinal="0" offset="0" sl="1845" sc="33" el="1845" ec="37" bec="0" bev="0" fileid="164" />
            </Method>
            <Method visited="true" cyclomaticComplexity="1" nPathComplexity="0" sequenceCoverage="0" branchCoverage="0" isConstructor="true" isStatic="false" isGetter="false" isSetter="false">
              <Summary numSequencePoints="0" visitedSequencePoints="0" numBranchPoints="0" visitedBranchPoints="0" sequenceCoverage="0" branchCoverage="0" maxCyclomaticComplexity="1" minCyclomaticComplexity="1" visitedClasses="0" numClasses="0" visitedMethods="0" numMethods="0" />
              <MetadataToken>100666687</MetadataToken>
              <Name>System.Void IBM.Watson.DeveloperCloud.Services.SpeechToText.v1.SpeechToText/GetCustomWordReq::.ctor()</Name>
              <SequencePoints />
              <BranchPoints />
              <MethodPoint vc="1" uspid="5348" ordinal="0" offset="0" />
            </Method>
          </Methods>
        </Class>
        <Class>
          <Summary numSequencePoints="9" visitedSequencePoints="0" numBranchPoints="8" visitedBranchPoints="0" sequenceCoverage="0" branchCoverage="0" maxCyclomaticComplexity="3" minCyclomaticComplexity="2" visitedClasses="0" numClasses="1" visitedMethods="0" numMethods="2" />
          <FullName>IBM.Watson.DeveloperCloud.Services.SpeechToText.v1.SpeechToText/CheckServiceStatus</FullName>
          <Methods>
            <Method visited="false" cyclomaticComplexity="2" nPathComplexity="2" sequenceCoverage="0" branchCoverage="0" isConstructor="true" isStatic="false" isGetter="false" isSetter="false">
              <Summary numSequencePoints="6" visitedSequencePoints="0" numBranchPoints="3" visitedBranchPoints="0" sequenceCoverage="0" branchCoverage="0" maxCyclomaticComplexity="2" minCyclomaticComplexity="2" visitedClasses="0" numClasses="0" visitedMethods="0" numMethods="1" />
              <MetadataToken>100666688</MetadataToken>
              <Name>System.Void IBM.Watson.DeveloperCloud.Services.SpeechToText.v1.SpeechToText/CheckServiceStatus::.ctor(IBM.Watson.DeveloperCloud.Services.SpeechToText.v1.SpeechToText,IBM.Watson.DeveloperCloud.Services.ServiceStatus)</Name>
              <FileRef uid="164" />
              <SequencePoints>
                <SequencePoint vc="0" uspid="5349" ordinal="0" offset="0" sl="1898" sc="7" el="1898" ec="78" bec="0" bev="0" fileid="164" />
                <SequencePoint vc="0" uspid="5350" ordinal="1" offset="6" sl="1900" sc="9" el="1900" ec="29" bec="0" bev="0" fileid="164" />
                <SequencePoint vc="0" uspid="5351" ordinal="2" offset="13" sl="1901" sc="9" el="1901" ec="31" bec="0" bev="0" fileid="164" />
                <SequencePoint vc="0" uspid="5352" ordinal="3" offset="20" sl="1903" sc="9" el="1903" ec="50" bec="2" bev="0" fileid="164" />
                <SequencePoint vc="0" uspid="5353" ordinal="4" offset="45" sl="1904" sc="11" el="1904" ec="41" bec="0" bev="0" fileid="164" />
                <SequencePoint vc="0" uspid="5354" ordinal="5" offset="62" sl="1905" sc="7" el="1905" ec="8" bec="0" bev="0" fileid="164" />
              </SequencePoints>
              <BranchPoints>
                <BranchPoint vc="0" uspid="5355" ordinal="0" offset="43" sl="1903" path="0" offsetend="45" fileid="164" />
                <BranchPoint vc="0" uspid="5356" ordinal="1" offset="43" sl="1903" path="1" offsetend="62" fileid="164" />
              </BranchPoints>
              <MethodPoint xsi:type="SequencePoint" vc="0" uspid="5349" ordinal="0" offset="0" sl="1898" sc="7" el="1898" ec="78" bec="0" bev="0" fileid="164" />
            </Method>
            <Method visited="false" cyclomaticComplexity="3" nPathComplexity="4" sequenceCoverage="0" branchCoverage="0" isConstructor="false" isStatic="false" isGetter="false" isSetter="false">
              <Summary numSequencePoints="3" visitedSequencePoints="0" numBranchPoints="5" visitedBranchPoints="0" sequenceCoverage="0" branchCoverage="0" maxCyclomaticComplexity="3" minCyclomaticComplexity="3" visitedClasses="0" numClasses="0" visitedMethods="0" numMethods="1" />
              <MetadataToken>100666689</MetadataToken>
              <Name>System.Void IBM.Watson.DeveloperCloud.Services.SpeechToText.v1.SpeechToText/CheckServiceStatus::OnCheckService(IBM.Watson.DeveloperCloud.Services.SpeechToText.v1.Model[])</Name>
              <FileRef uid="164" />
              <SequencePoints>
                <SequencePoint vc="0" uspid="5357" ordinal="0" offset="0" sl="1909" sc="9" el="1909" ec="61" bec="3" bev="0" fileid="164" />
                <SequencePoint vc="0" uspid="5358" ordinal="1" offset="21" sl="1910" sc="11" el="1910" ec="50" bec="0" bev="0" fileid="164" />
                <SequencePoint vc="0" uspid="5359" ordinal="2" offset="41" sl="1911" sc="7" el="1911" ec="8" bec="0" bev="0" fileid="164" />
              </SequencePoints>
              <BranchPoints>
                <BranchPoint vc="0" uspid="5360" ordinal="0" offset="6" sl="1909" path="0" offsetend="8" fileid="164" />
                <BranchPoint vc="0" uspid="5361" ordinal="1" offset="6" sl="1909" path="1" offsetend="41" fileid="164" />
                <BranchPoint vc="0" uspid="5362" ordinal="2" offset="19" sl="1909" path="0" offsetend="21" fileid="164" />
                <BranchPoint vc="0" uspid="5363" ordinal="3" offset="19" sl="1909" path="1" offsetend="41" fileid="164" />
              </BranchPoints>
              <MethodPoint xsi:type="SequencePoint" vc="0" uspid="5357" ordinal="0" offset="0" sl="1909" sc="9" el="1909" ec="61" bec="3" bev="0" fileid="164" />
            </Method>
          </Methods>
        </Class>
        <Class>
          <Summary numSequencePoints="9" visitedSequencePoints="0" numBranchPoints="5" visitedBranchPoints="0" sequenceCoverage="0" branchCoverage="0" maxCyclomaticComplexity="5" minCyclomaticComplexity="1" visitedClasses="0" numClasses="1" visitedMethods="0" numMethods="1" />
          <FullName>IBM.Watson.DeveloperCloud.Services.SpeechToText.v1.SpeechToText/&lt;KeepAlive&gt;d__80</FullName>
          <Methods>
            <Method visited="false" cyclomaticComplexity="1" nPathComplexity="0" sequenceCoverage="0" branchCoverage="0" isConstructor="false" isStatic="false" isGetter="true" isSetter="false">
              <Summary numSequencePoints="0" visitedSequencePoints="0" numBranchPoints="0" visitedBranchPoints="0" sequenceCoverage="0" branchCoverage="0" maxCyclomaticComplexity="1" minCyclomaticComplexity="1" visitedClasses="0" numClasses="0" visitedMethods="0" numMethods="0" />
              <MetadataToken>100666693</MetadataToken>
              <Name>System.Object IBM.Watson.DeveloperCloud.Services.SpeechToText.v1.SpeechToText/&lt;KeepAlive&gt;d__80::System.Collections.Generic.IEnumerator&lt;System.Object&gt;.get_Current()</Name>
              <SequencePoints />
              <BranchPoints />
              <MethodPoint vc="0" uspid="5364" ordinal="0" offset="0" />
            </Method>
            <Method visited="false" cyclomaticComplexity="1" nPathComplexity="0" sequenceCoverage="0" branchCoverage="0" isConstructor="false" isStatic="false" isGetter="true" isSetter="false">
              <Summary numSequencePoints="0" visitedSequencePoints="0" numBranchPoints="0" visitedBranchPoints="0" sequenceCoverage="0" branchCoverage="0" maxCyclomaticComplexity="1" minCyclomaticComplexity="1" visitedClasses="0" numClasses="0" visitedMethods="0" numMethods="0" />
              <MetadataToken>100666695</MetadataToken>
              <Name>System.Object IBM.Watson.DeveloperCloud.Services.SpeechToText.v1.SpeechToText/&lt;KeepAlive&gt;d__80::System.Collections.IEnumerator.get_Current()</Name>
              <SequencePoints />
              <BranchPoints />
              <MethodPoint vc="0" uspid="5365" ordinal="0" offset="0" />
            </Method>
            <Method visited="false" cyclomaticComplexity="1" nPathComplexity="0" sequenceCoverage="0" branchCoverage="0" isConstructor="true" isStatic="false" isGetter="false" isSetter="false">
              <Summary numSequencePoints="0" visitedSequencePoints="0" numBranchPoints="0" visitedBranchPoints="0" sequenceCoverage="0" branchCoverage="0" maxCyclomaticComplexity="1" minCyclomaticComplexity="1" visitedClasses="0" numClasses="0" visitedMethods="0" numMethods="0" />
              <MetadataToken>100666690</MetadataToken>
              <Name>System.Void IBM.Watson.DeveloperCloud.Services.SpeechToText.v1.SpeechToText/&lt;KeepAlive&gt;d__80::.ctor(System.Int32)</Name>
              <SequencePoints />
              <BranchPoints />
              <MethodPoint vc="0" uspid="5366" ordinal="0" offset="0" />
            </Method>
            <Method visited="false" cyclomaticComplexity="1" nPathComplexity="0" sequenceCoverage="0" branchCoverage="0" isConstructor="false" isStatic="false" isGetter="false" isSetter="false">
              <Summary numSequencePoints="0" visitedSequencePoints="0" numBranchPoints="0" visitedBranchPoints="0" sequenceCoverage="0" branchCoverage="0" maxCyclomaticComplexity="1" minCyclomaticComplexity="1" visitedClasses="0" numClasses="0" visitedMethods="0" numMethods="0" />
              <MetadataToken>100666691</MetadataToken>
              <Name>System.Void IBM.Watson.DeveloperCloud.Services.SpeechToText.v1.SpeechToText/&lt;KeepAlive&gt;d__80::System.IDisposable.Dispose()</Name>
              <SequencePoints />
              <BranchPoints />
              <MethodPoint vc="0" uspid="5367" ordinal="0" offset="0" />
            </Method>
            <Method visited="false" cyclomaticComplexity="5" nPathComplexity="4" sequenceCoverage="0" branchCoverage="0" isConstructor="false" isStatic="false" isGetter="false" isSetter="false">
              <Summary numSequencePoints="9" visitedSequencePoints="0" numBranchPoints="5" visitedBranchPoints="0" sequenceCoverage="0" branchCoverage="0" maxCyclomaticComplexity="5" minCyclomaticComplexity="5" visitedClasses="0" numClasses="0" visitedMethods="0" numMethods="1" />
              <MetadataToken>100666692</MetadataToken>
              <Name>System.Boolean IBM.Watson.DeveloperCloud.Services.SpeechToText.v1.SpeechToText/&lt;KeepAlive&gt;d__80::MoveNext()</Name>
              <FileRef uid="164" />
              <SequencePoints>
                <SequencePoint vc="0" uspid="5368" ordinal="0" offset="28" sl="511" sc="9" el="511" ec="27" bec="0" bev="0" fileid="164" />
                <SequencePoint vc="0" uspid="5369" ordinal="1" offset="51" sl="513" sc="9" el="513" ec="80" bec="2" bev="0" fileid="164" />
                <SequencePoint vc="0" uspid="5370" ordinal="2" offset="91" sl="515" sc="11" el="515" ec="77" bec="0" bev="0" fileid="164" />
                <SequencePoint vc="0" uspid="5371" ordinal="3" offset="97" sl="516" sc="11" el="516" ec="35" bec="0" bev="0" fileid="164" />
                <SequencePoint vc="0" uspid="5372" ordinal="4" offset="113" sl="519" sc="11" el="519" ec="60" bec="0" bev="0" fileid="164" />
                <SequencePoint vc="0" uspid="5373" ordinal="5" offset="134" sl="521" sc="11" el="521" ec="81" bec="0" bev="0" fileid="164" />
                <SequencePoint vc="0" uspid="5374" ordinal="6" offset="162" sl="522" sc="11" el="522" ec="42" bec="0" bev="0" fileid="164" />
                <SequencePoint vc="0" uspid="5375" ordinal="7" offset="178" sl="509" sc="7" el="509" ec="37" bec="2" bev="0" fileid="164" />
                <SequencePoint vc="0" uspid="5376" ordinal="8" offset="194" sl="525" sc="7" el="525" ec="54" bec="0" bev="0" fileid="164" />
              </SequencePoints>
              <BranchPoints>
                <BranchPoint vc="0" uspid="5380" ordinal="2" offset="89" sl="513" path="0" offsetend="91" fileid="164" />
                <BranchPoint vc="0" uspid="5381" ordinal="3" offset="89" sl="513" path="1" offsetend="178" fileid="164" />
                <BranchPoint vc="0" uspid="5382" ordinal="4" offset="189" sl="509" path="0" offsetend="194" fileid="164" />
                <BranchPoint vc="0" uspid="5383" ordinal="5" offset="189" sl="509" path="1" offsetend="28" fileid="164" />
              </BranchPoints>
              <MethodPoint vc="0" uspid="5384" ordinal="0" offset="0" />
            </Method>
            <Method visited="false" cyclomaticComplexity="1" nPathComplexity="0" sequenceCoverage="0" branchCoverage="0" isConstructor="false" isStatic="false" isGetter="false" isSetter="false">
              <Summary numSequencePoints="0" visitedSequencePoints="0" numBranchPoints="0" visitedBranchPoints="0" sequenceCoverage="0" branchCoverage="0" maxCyclomaticComplexity="1" minCyclomaticComplexity="1" visitedClasses="0" numClasses="0" visitedMethods="0" numMethods="0" />
              <MetadataToken>100666694</MetadataToken>
              <Name>System.Void IBM.Watson.DeveloperCloud.Services.SpeechToText.v1.SpeechToText/&lt;KeepAlive&gt;d__80::System.Collections.IEnumerator.Reset()</Name>
              <SequencePoints />
              <BranchPoints />
              <MethodPoint vc="0" uspid="5385" ordinal="0" offset="0" />
            </Method>
          </Methods>
        </Class>
        <Class>
          <Summary numSequencePoints="0" visitedSequencePoints="0" numBranchPoints="0" visitedBranchPoints="0" sequenceCoverage="0" branchCoverage="0" maxCyclomaticComplexity="1" minCyclomaticComplexity="1" visitedClasses="0" numClasses="0" visitedMethods="0" numMethods="0" />
          <FullName>IBM.Watson.DeveloperCloud.Services.RetrieveAndRank.v1.SolrClusterListResponse</FullName>
          <Methods>
            <Method visited="true" cyclomaticComplexity="1" nPathComplexity="0" sequenceCoverage="0" branchCoverage="0" isConstructor="true" isStatic="false" isGetter="false" isSetter="false">
              <Summary numSequencePoints="0" visitedSequencePoints="0" numBranchPoints="0" visitedBranchPoints="0" sequenceCoverage="0" branchCoverage="0" maxCyclomaticComplexity="1" minCyclomaticComplexity="1" visitedClasses="0" numClasses="0" visitedMethods="0" numMethods="0" />
              <MetadataToken>100664718</MetadataToken>
              <Name>System.Void IBM.Watson.DeveloperCloud.Services.RetrieveAndRank.v1.SolrClusterListResponse::.ctor()</Name>
              <SequencePoints />
              <BranchPoints />
              <MethodPoint vc="1" uspid="5386" ordinal="0" offset="0" />
            </Method>
          </Methods>
        </Class>
        <Class>
          <Summary numSequencePoints="0" visitedSequencePoints="0" numBranchPoints="0" visitedBranchPoints="0" sequenceCoverage="0" branchCoverage="0" maxCyclomaticComplexity="1" minCyclomaticComplexity="1" visitedClasses="0" numClasses="0" visitedMethods="0" numMethods="0" />
          <FullName>IBM.Watson.DeveloperCloud.Services.RetrieveAndRank.v1.SolrClusterResponse</FullName>
          <Methods>
            <Method visited="true" cyclomaticComplexity="1" nPathComplexity="0" sequenceCoverage="0" branchCoverage="0" isConstructor="true" isStatic="false" isGetter="false" isSetter="false">
              <Summary numSequencePoints="0" visitedSequencePoints="0" numBranchPoints="0" visitedBranchPoints="0" sequenceCoverage="0" branchCoverage="0" maxCyclomaticComplexity="1" minCyclomaticComplexity="1" visitedClasses="0" numClasses="0" visitedMethods="0" numMethods="0" />
              <MetadataToken>100664727</MetadataToken>
              <Name>System.Void IBM.Watson.DeveloperCloud.Services.RetrieveAndRank.v1.SolrClusterResponse::.ctor()</Name>
              <SequencePoints />
              <BranchPoints />
              <MethodPoint vc="14" uspid="5387" ordinal="0" offset="0" />
            </Method>
          </Methods>
        </Class>
        <Class>
          <Summary numSequencePoints="0" visitedSequencePoints="0" numBranchPoints="0" visitedBranchPoints="0" sequenceCoverage="0" branchCoverage="0" maxCyclomaticComplexity="1" minCyclomaticComplexity="1" visitedClasses="0" numClasses="0" visitedMethods="0" numMethods="0" />
          <FullName>IBM.Watson.DeveloperCloud.Services.RetrieveAndRank.v1.SolrConfigList</FullName>
          <Methods>
            <Method visited="true" cyclomaticComplexity="1" nPathComplexity="0" sequenceCoverage="0" branchCoverage="0" isConstructor="true" isStatic="false" isGetter="false" isSetter="false">
              <Summary numSequencePoints="0" visitedSequencePoints="0" numBranchPoints="0" visitedBranchPoints="0" sequenceCoverage="0" branchCoverage="0" maxCyclomaticComplexity="1" minCyclomaticComplexity="1" visitedClasses="0" numClasses="0" visitedMethods="0" numMethods="0" />
              <MetadataToken>100664730</MetadataToken>
              <Name>System.Void IBM.Watson.DeveloperCloud.Services.RetrieveAndRank.v1.SolrConfigList::.ctor()</Name>
              <SequencePoints />
              <BranchPoints />
              <MethodPoint vc="1" uspid="5388" ordinal="0" offset="0" />
            </Method>
          </Methods>
        </Class>
        <Class>
          <Summary numSequencePoints="0" visitedSequencePoints="0" numBranchPoints="0" visitedBranchPoints="0" sequenceCoverage="0" branchCoverage="0" maxCyclomaticComplexity="1" minCyclomaticComplexity="1" visitedClasses="0" numClasses="0" visitedMethods="0" numMethods="0" />
          <FullName>IBM.Watson.DeveloperCloud.Services.RetrieveAndRank.v1.ErrorResponsePayload</FullName>
          <Methods>
            <Method visited="false" cyclomaticComplexity="1" nPathComplexity="0" sequenceCoverage="0" branchCoverage="0" isConstructor="true" isStatic="false" isGetter="false" isSetter="false">
              <Summary numSequencePoints="0" visitedSequencePoints="0" numBranchPoints="0" visitedBranchPoints="0" sequenceCoverage="0" branchCoverage="0" maxCyclomaticComplexity="1" minCyclomaticComplexity="1" visitedClasses="0" numClasses="0" visitedMethods="0" numMethods="0" />
              <MetadataToken>100664735</MetadataToken>
              <Name>System.Void IBM.Watson.DeveloperCloud.Services.RetrieveAndRank.v1.ErrorResponsePayload::.ctor()</Name>
              <SequencePoints />
              <BranchPoints />
              <MethodPoint vc="0" uspid="5389" ordinal="0" offset="0" />
            </Method>
          </Methods>
        </Class>
        <Class>
          <Summary numSequencePoints="0" visitedSequencePoints="0" numBranchPoints="0" visitedBranchPoints="0" sequenceCoverage="0" branchCoverage="0" maxCyclomaticComplexity="1" minCyclomaticComplexity="1" visitedClasses="0" numClasses="0" visitedMethods="0" numMethods="0" />
          <FullName>IBM.Watson.DeveloperCloud.Services.RetrieveAndRank.v1.UploadResponse</FullName>
          <Methods>
            <Method visited="true" cyclomaticComplexity="1" nPathComplexity="0" sequenceCoverage="0" branchCoverage="0" isConstructor="true" isStatic="false" isGetter="false" isSetter="false">
              <Summary numSequencePoints="0" visitedSequencePoints="0" numBranchPoints="0" visitedBranchPoints="0" sequenceCoverage="0" branchCoverage="0" maxCyclomaticComplexity="1" minCyclomaticComplexity="1" visitedClasses="0" numClasses="0" visitedMethods="0" numMethods="0" />
              <MetadataToken>100664740</MetadataToken>
              <Name>System.Void IBM.Watson.DeveloperCloud.Services.RetrieveAndRank.v1.UploadResponse::.ctor()</Name>
              <SequencePoints />
              <BranchPoints />
              <MethodPoint vc="1" uspid="5390" ordinal="0" offset="0" />
            </Method>
          </Methods>
        </Class>
        <Class>
          <Summary numSequencePoints="0" visitedSequencePoints="0" numBranchPoints="0" visitedBranchPoints="0" sequenceCoverage="0" branchCoverage="0" maxCyclomaticComplexity="1" minCyclomaticComplexity="1" visitedClasses="0" numClasses="0" visitedMethods="0" numMethods="0" />
          <FullName>IBM.Watson.DeveloperCloud.Services.RetrieveAndRank.v1.DeleteResponse</FullName>
          <Methods>
            <Method visited="false" cyclomaticComplexity="1" nPathComplexity="0" sequenceCoverage="0" branchCoverage="0" isConstructor="true" isStatic="false" isGetter="false" isSetter="false">
              <Summary numSequencePoints="0" visitedSequencePoints="0" numBranchPoints="0" visitedBranchPoints="0" sequenceCoverage="0" branchCoverage="0" maxCyclomaticComplexity="1" minCyclomaticComplexity="1" visitedClasses="0" numClasses="0" visitedMethods="0" numMethods="0" />
              <MetadataToken>100664745</MetadataToken>
              <Name>System.Void IBM.Watson.DeveloperCloud.Services.RetrieveAndRank.v1.DeleteResponse::.ctor()</Name>
              <SequencePoints />
              <BranchPoints />
              <MethodPoint vc="0" uspid="5391" ordinal="0" offset="0" />
            </Method>
          </Methods>
        </Class>
        <Class>
          <Summary numSequencePoints="0" visitedSequencePoints="0" numBranchPoints="0" visitedBranchPoints="0" sequenceCoverage="0" branchCoverage="0" maxCyclomaticComplexity="1" minCyclomaticComplexity="1" visitedClasses="0" numClasses="0" visitedMethods="0" numMethods="0" />
          <FullName>IBM.Watson.DeveloperCloud.Services.RetrieveAndRank.v1.DeleteConfigResponse</FullName>
          <Methods>
            <Method visited="false" cyclomaticComplexity="1" nPathComplexity="0" sequenceCoverage="0" branchCoverage="0" isConstructor="true" isStatic="false" isGetter="false" isSetter="false">
              <Summary numSequencePoints="0" visitedSequencePoints="0" numBranchPoints="0" visitedBranchPoints="0" sequenceCoverage="0" branchCoverage="0" maxCyclomaticComplexity="1" minCyclomaticComplexity="1" visitedClasses="0" numClasses="0" visitedMethods="0" numMethods="0" />
              <MetadataToken>100664750</MetadataToken>
              <Name>System.Void IBM.Watson.DeveloperCloud.Services.RetrieveAndRank.v1.DeleteConfigResponse::.ctor()</Name>
              <SequencePoints />
              <BranchPoints />
              <MethodPoint vc="0" uspid="5392" ordinal="0" offset="0" />
            </Method>
          </Methods>
        </Class>
        <Class>
          <Summary numSequencePoints="0" visitedSequencePoints="0" numBranchPoints="0" visitedBranchPoints="0" sequenceCoverage="0" branchCoverage="0" maxCyclomaticComplexity="1" minCyclomaticComplexity="1" visitedClasses="0" numClasses="0" visitedMethods="0" numMethods="0" />
          <FullName>IBM.Watson.DeveloperCloud.Services.RetrieveAndRank.v1.MessageResponsePayload</FullName>
          <Methods>
            <Method visited="false" cyclomaticComplexity="1" nPathComplexity="0" sequenceCoverage="0" branchCoverage="0" isConstructor="true" isStatic="false" isGetter="false" isSetter="false">
              <Summary numSequencePoints="0" visitedSequencePoints="0" numBranchPoints="0" visitedBranchPoints="0" sequenceCoverage="0" branchCoverage="0" maxCyclomaticComplexity="1" minCyclomaticComplexity="1" visitedClasses="0" numClasses="0" visitedMethods="0" numMethods="0" />
              <MetadataToken>100664753</MetadataToken>
              <Name>System.Void IBM.Watson.DeveloperCloud.Services.RetrieveAndRank.v1.MessageResponsePayload::.ctor()</Name>
              <SequencePoints />
              <BranchPoints />
              <MethodPoint vc="0" uspid="5393" ordinal="0" offset="0" />
            </Method>
          </Methods>
        </Class>
        <Class>
          <Summary numSequencePoints="0" visitedSequencePoints="0" numBranchPoints="0" visitedBranchPoints="0" sequenceCoverage="0" branchCoverage="0" maxCyclomaticComplexity="1" minCyclomaticComplexity="1" visitedClasses="0" numClasses="0" visitedMethods="0" numMethods="0" />
          <FullName>IBM.Watson.DeveloperCloud.Services.RetrieveAndRank.v1.CollectionsResponse</FullName>
          <Methods>
            <Method visited="true" cyclomaticComplexity="1" nPathComplexity="0" sequenceCoverage="0" branchCoverage="0" isConstructor="true" isStatic="false" isGetter="false" isSetter="false">
              <Summary numSequencePoints="0" visitedSequencePoints="0" numBranchPoints="0" visitedBranchPoints="0" sequenceCoverage="0" branchCoverage="0" maxCyclomaticComplexity="1" minCyclomaticComplexity="1" visitedClasses="0" numClasses="0" visitedMethods="0" numMethods="0" />
              <MetadataToken>100664762</MetadataToken>
              <Name>System.Void IBM.Watson.DeveloperCloud.Services.RetrieveAndRank.v1.CollectionsResponse::.ctor()</Name>
              <SequencePoints />
              <BranchPoints />
              <MethodPoint vc="3" uspid="5394" ordinal="0" offset="0" />
            </Method>
          </Methods>
        </Class>
        <Class>
          <Summary numSequencePoints="0" visitedSequencePoints="0" numBranchPoints="0" visitedBranchPoints="0" sequenceCoverage="0" branchCoverage="0" maxCyclomaticComplexity="1" minCyclomaticComplexity="1" visitedClasses="0" numClasses="0" visitedMethods="0" numMethods="0" />
          <FullName>IBM.Watson.DeveloperCloud.Services.RetrieveAndRank.v1.ResponseHeader</FullName>
          <Methods>
            <Method visited="false" cyclomaticComplexity="1" nPathComplexity="0" sequenceCoverage="0" branchCoverage="0" isConstructor="true" isStatic="false" isGetter="false" isSetter="false">
              <Summary numSequencePoints="0" visitedSequencePoints="0" numBranchPoints="0" visitedBranchPoints="0" sequenceCoverage="0" branchCoverage="0" maxCyclomaticComplexity="1" minCyclomaticComplexity="1" visitedClasses="0" numClasses="0" visitedMethods="0" numMethods="0" />
              <MetadataToken>100664769</MetadataToken>
              <Name>System.Void IBM.Watson.DeveloperCloud.Services.RetrieveAndRank.v1.ResponseHeader::.ctor()</Name>
              <SequencePoints />
              <BranchPoints />
              <MethodPoint vc="0" uspid="5395" ordinal="0" offset="0" />
            </Method>
          </Methods>
        </Class>
        <Class>
          <Summary numSequencePoints="0" visitedSequencePoints="0" numBranchPoints="0" visitedBranchPoints="0" sequenceCoverage="0" branchCoverage="0" maxCyclomaticComplexity="1" minCyclomaticComplexity="1" visitedClasses="0" numClasses="0" visitedMethods="0" numMethods="0" />
          <FullName>IBM.Watson.DeveloperCloud.Services.RetrieveAndRank.v1.CollectionsAction</FullName>
          <Methods>
            <Method visited="false" cyclomaticComplexity="1" nPathComplexity="0" sequenceCoverage="0" branchCoverage="0" isConstructor="true" isStatic="false" isGetter="false" isSetter="false">
              <Summary numSequencePoints="0" visitedSequencePoints="0" numBranchPoints="0" visitedBranchPoints="0" sequenceCoverage="0" branchCoverage="0" maxCyclomaticComplexity="1" minCyclomaticComplexity="1" visitedClasses="0" numClasses="0" visitedMethods="0" numMethods="0" />
              <MetadataToken>100664770</MetadataToken>
              <Name>System.Void IBM.Watson.DeveloperCloud.Services.RetrieveAndRank.v1.CollectionsAction::.ctor()</Name>
              <SequencePoints />
              <BranchPoints />
              <MethodPoint vc="0" uspid="5396" ordinal="0" offset="0" />
            </Method>
          </Methods>
        </Class>
        <Class>
          <Summary numSequencePoints="0" visitedSequencePoints="0" numBranchPoints="0" visitedBranchPoints="0" sequenceCoverage="0" branchCoverage="0" maxCyclomaticComplexity="1" minCyclomaticComplexity="1" visitedClasses="0" numClasses="0" visitedMethods="0" numMethods="0" />
          <FullName>IBM.Watson.DeveloperCloud.Services.RetrieveAndRank.v1.IndexResponse</FullName>
          <Methods>
            <Method visited="true" cyclomaticComplexity="1" nPathComplexity="0" sequenceCoverage="0" branchCoverage="0" isConstructor="true" isStatic="false" isGetter="false" isSetter="false">
              <Summary numSequencePoints="0" visitedSequencePoints="0" numBranchPoints="0" visitedBranchPoints="0" sequenceCoverage="0" branchCoverage="0" maxCyclomaticComplexity="1" minCyclomaticComplexity="1" visitedClasses="0" numClasses="0" visitedMethods="0" numMethods="0" />
              <MetadataToken>100664773</MetadataToken>
              <Name>System.Void IBM.Watson.DeveloperCloud.Services.RetrieveAndRank.v1.IndexResponse::.ctor()</Name>
              <SequencePoints />
              <BranchPoints />
              <MethodPoint vc="1" uspid="5397" ordinal="0" offset="0" />
            </Method>
          </Methods>
        </Class>
        <Class>
          <Summary numSequencePoints="0" visitedSequencePoints="0" numBranchPoints="0" visitedBranchPoints="0" sequenceCoverage="0" branchCoverage="0" maxCyclomaticComplexity="1" minCyclomaticComplexity="1" visitedClasses="0" numClasses="0" visitedMethods="0" numMethods="0" />
          <FullName>IBM.Watson.DeveloperCloud.Services.RetrieveAndRank.v1.QueryParams</FullName>
          <Methods>
            <Method visited="false" cyclomaticComplexity="1" nPathComplexity="0" sequenceCoverage="0" branchCoverage="0" isConstructor="true" isStatic="false" isGetter="false" isSetter="false">
              <Summary numSequencePoints="0" visitedSequencePoints="0" numBranchPoints="0" visitedBranchPoints="0" sequenceCoverage="0" branchCoverage="0" maxCyclomaticComplexity="1" minCyclomaticComplexity="1" visitedClasses="0" numClasses="0" visitedMethods="0" numMethods="0" />
              <MetadataToken>100664780</MetadataToken>
              <Name>System.Void IBM.Watson.DeveloperCloud.Services.RetrieveAndRank.v1.QueryParams::.ctor()</Name>
              <SequencePoints />
              <BranchPoints />
              <MethodPoint vc="0" uspid="5398" ordinal="0" offset="0" />
            </Method>
          </Methods>
        </Class>
        <Class>
          <Summary numSequencePoints="0" visitedSequencePoints="0" numBranchPoints="0" visitedBranchPoints="0" sequenceCoverage="0" branchCoverage="0" maxCyclomaticComplexity="1" minCyclomaticComplexity="1" visitedClasses="0" numClasses="0" visitedMethods="0" numMethods="0" />
          <FullName>IBM.Watson.DeveloperCloud.Services.RetrieveAndRank.v1.SearchResponse</FullName>
          <Methods>
            <Method visited="true" cyclomaticComplexity="1" nPathComplexity="0" sequenceCoverage="0" branchCoverage="0" isConstructor="true" isStatic="false" isGetter="false" isSetter="false">
              <Summary numSequencePoints="0" visitedSequencePoints="0" numBranchPoints="0" visitedBranchPoints="0" sequenceCoverage="0" branchCoverage="0" maxCyclomaticComplexity="1" minCyclomaticComplexity="1" visitedClasses="0" numClasses="0" visitedMethods="0" numMethods="0" />
              <MetadataToken>100664785</MetadataToken>
              <Name>System.Void IBM.Watson.DeveloperCloud.Services.RetrieveAndRank.v1.SearchResponse::.ctor()</Name>
              <SequencePoints />
              <BranchPoints />
              <MethodPoint vc="2" uspid="5399" ordinal="0" offset="0" />
            </Method>
          </Methods>
        </Class>
        <Class>
          <Summary numSequencePoints="0" visitedSequencePoints="0" numBranchPoints="0" visitedBranchPoints="0" sequenceCoverage="0" branchCoverage="0" maxCyclomaticComplexity="1" minCyclomaticComplexity="1" visitedClasses="0" numClasses="0" visitedMethods="0" numMethods="0" />
          <FullName>IBM.Watson.DeveloperCloud.Services.RetrieveAndRank.v1.Response</FullName>
          <Methods>
            <Method visited="false" cyclomaticComplexity="1" nPathComplexity="0" sequenceCoverage="0" branchCoverage="0" isConstructor="true" isStatic="false" isGetter="false" isSetter="false">
              <Summary numSequencePoints="0" visitedSequencePoints="0" numBranchPoints="0" visitedBranchPoints="0" sequenceCoverage="0" branchCoverage="0" maxCyclomaticComplexity="1" minCyclomaticComplexity="1" visitedClasses="0" numClasses="0" visitedMethods="0" numMethods="0" />
              <MetadataToken>100664792</MetadataToken>
              <Name>System.Void IBM.Watson.DeveloperCloud.Services.RetrieveAndRank.v1.Response::.ctor()</Name>
              <SequencePoints />
              <BranchPoints />
              <MethodPoint vc="0" uspid="5400" ordinal="0" offset="0" />
            </Method>
          </Methods>
        </Class>
        <Class>
          <Summary numSequencePoints="0" visitedSequencePoints="0" numBranchPoints="0" visitedBranchPoints="0" sequenceCoverage="0" branchCoverage="0" maxCyclomaticComplexity="1" minCyclomaticComplexity="1" visitedClasses="0" numClasses="0" visitedMethods="0" numMethods="0" />
          <FullName>IBM.Watson.DeveloperCloud.Services.RetrieveAndRank.v1.Doc</FullName>
          <Methods>
            <Method visited="false" cyclomaticComplexity="1" nPathComplexity="0" sequenceCoverage="0" branchCoverage="0" isConstructor="true" isStatic="false" isGetter="false" isSetter="false">
              <Summary numSequencePoints="0" visitedSequencePoints="0" numBranchPoints="0" visitedBranchPoints="0" sequenceCoverage="0" branchCoverage="0" maxCyclomaticComplexity="1" minCyclomaticComplexity="1" visitedClasses="0" numClasses="0" visitedMethods="0" numMethods="0" />
              <MetadataToken>100664803</MetadataToken>
              <Name>System.Void IBM.Watson.DeveloperCloud.Services.RetrieveAndRank.v1.Doc::.ctor()</Name>
              <SequencePoints />
              <BranchPoints />
              <MethodPoint vc="0" uspid="5401" ordinal="0" offset="0" />
            </Method>
          </Methods>
        </Class>
        <Class>
          <Summary numSequencePoints="0" visitedSequencePoints="0" numBranchPoints="0" visitedBranchPoints="0" sequenceCoverage="0" branchCoverage="0" maxCyclomaticComplexity="1" minCyclomaticComplexity="1" visitedClasses="0" numClasses="0" visitedMethods="0" numMethods="0" />
          <FullName>IBM.Watson.DeveloperCloud.Services.RetrieveAndRank.v1.ClusterInfo</FullName>
          <Methods>
            <Method visited="false" cyclomaticComplexity="1" nPathComplexity="0" sequenceCoverage="0" branchCoverage="0" isConstructor="true" isStatic="false" isGetter="false" isSetter="false">
              <Summary numSequencePoints="0" visitedSequencePoints="0" numBranchPoints="0" visitedBranchPoints="0" sequenceCoverage="0" branchCoverage="0" maxCyclomaticComplexity="1" minCyclomaticComplexity="1" visitedClasses="0" numClasses="0" visitedMethods="0" numMethods="0" />
              <MetadataToken>100664810</MetadataToken>
              <Name>System.Void IBM.Watson.DeveloperCloud.Services.RetrieveAndRank.v1.ClusterInfo::.ctor()</Name>
              <SequencePoints />
              <BranchPoints />
              <MethodPoint vc="0" uspid="5402" ordinal="0" offset="0" />
            </Method>
          </Methods>
        </Class>
        <Class>
          <Summary numSequencePoints="0" visitedSequencePoints="0" numBranchPoints="0" visitedBranchPoints="0" sequenceCoverage="0" branchCoverage="0" maxCyclomaticComplexity="1" minCyclomaticComplexity="1" visitedClasses="0" numClasses="0" visitedMethods="0" numMethods="0" />
          <FullName>IBM.Watson.DeveloperCloud.Services.RetrieveAndRank.v1.StatsResponse</FullName>
          <Methods>
            <Method visited="true" cyclomaticComplexity="1" nPathComplexity="0" sequenceCoverage="0" branchCoverage="0" isConstructor="true" isStatic="false" isGetter="false" isSetter="false">
              <Summary numSequencePoints="0" visitedSequencePoints="0" numBranchPoints="0" visitedBranchPoints="0" sequenceCoverage="0" branchCoverage="0" maxCyclomaticComplexity="1" minCyclomaticComplexity="1" visitedClasses="0" numClasses="0" visitedMethods="0" numMethods="0" />
              <MetadataToken>100664815</MetadataToken>
              <Name>System.Void IBM.Watson.DeveloperCloud.Services.RetrieveAndRank.v1.StatsResponse::.ctor()</Name>
              <SequencePoints />
              <BranchPoints />
              <MethodPoint vc="1" uspid="5403" ordinal="0" offset="0" />
            </Method>
          </Methods>
        </Class>
        <Class>
          <Summary numSequencePoints="0" visitedSequencePoints="0" numBranchPoints="0" visitedBranchPoints="0" sequenceCoverage="0" branchCoverage="0" maxCyclomaticComplexity="1" minCyclomaticComplexity="1" visitedClasses="0" numClasses="0" visitedMethods="0" numMethods="0" />
          <FullName>IBM.Watson.DeveloperCloud.Services.RetrieveAndRank.v1.DiskUsageResults</FullName>
          <Methods>
            <Method visited="false" cyclomaticComplexity="1" nPathComplexity="0" sequenceCoverage="0" branchCoverage="0" isConstructor="true" isStatic="false" isGetter="false" isSetter="false">
              <Summary numSequencePoints="0" visitedSequencePoints="0" numBranchPoints="0" visitedBranchPoints="0" sequenceCoverage="0" branchCoverage="0" maxCyclomaticComplexity="1" minCyclomaticComplexity="1" visitedClasses="0" numClasses="0" visitedMethods="0" numMethods="0" />
              <MetadataToken>100664826</MetadataToken>
              <Name>System.Void IBM.Watson.DeveloperCloud.Services.RetrieveAndRank.v1.DiskUsageResults::.ctor()</Name>
              <SequencePoints />
              <BranchPoints />
              <MethodPoint vc="0" uspid="5404" ordinal="0" offset="0" />
            </Method>
          </Methods>
        </Class>
        <Class>
          <Summary numSequencePoints="0" visitedSequencePoints="0" numBranchPoints="0" visitedBranchPoints="0" sequenceCoverage="0" branchCoverage="0" maxCyclomaticComplexity="1" minCyclomaticComplexity="1" visitedClasses="0" numClasses="0" visitedMethods="0" numMethods="0" />
          <FullName>IBM.Watson.DeveloperCloud.Services.RetrieveAndRank.v1.MemUsageResults</FullName>
          <Methods>
            <Method visited="false" cyclomaticComplexity="1" nPathComplexity="0" sequenceCoverage="0" branchCoverage="0" isConstructor="true" isStatic="false" isGetter="false" isSetter="false">
              <Summary numSequencePoints="0" visitedSequencePoints="0" numBranchPoints="0" visitedBranchPoints="0" sequenceCoverage="0" branchCoverage="0" maxCyclomaticComplexity="1" minCyclomaticComplexity="1" visitedClasses="0" numClasses="0" visitedMethods="0" numMethods="0" />
              <MetadataToken>100664837</MetadataToken>
              <Name>System.Void IBM.Watson.DeveloperCloud.Services.RetrieveAndRank.v1.MemUsageResults::.ctor()</Name>
              <SequencePoints />
              <BranchPoints />
              <MethodPoint vc="0" uspid="5405" ordinal="0" offset="0" />
            </Method>
          </Methods>
        </Class>
        <Class>
          <Summary numSequencePoints="0" visitedSequencePoints="0" numBranchPoints="0" visitedBranchPoints="0" sequenceCoverage="0" branchCoverage="0" maxCyclomaticComplexity="1" minCyclomaticComplexity="1" visitedClasses="0" numClasses="0" visitedMethods="0" numMethods="0" />
          <FullName>IBM.Watson.DeveloperCloud.Services.RetrieveAndRank.v1.ResizeResponse</FullName>
          <Methods>
            <Method visited="true" cyclomaticComplexity="1" nPathComplexity="0" sequenceCoverage="0" branchCoverage="0" isConstructor="true" isStatic="false" isGetter="false" isSetter="false">
              <Summary numSequencePoints="0" visitedSequencePoints="0" numBranchPoints="0" visitedBranchPoints="0" sequenceCoverage="0" branchCoverage="0" maxCyclomaticComplexity="1" minCyclomaticComplexity="1" visitedClasses="0" numClasses="0" visitedMethods="0" numMethods="0" />
              <MetadataToken>100664848</MetadataToken>
              <Name>System.Void IBM.Watson.DeveloperCloud.Services.RetrieveAndRank.v1.ResizeResponse::.ctor()</Name>
              <SequencePoints />
              <BranchPoints />
              <MethodPoint vc="2" uspid="5406" ordinal="0" offset="0" />
            </Method>
          </Methods>
        </Class>
        <Class>
          <Summary numSequencePoints="0" visitedSequencePoints="0" numBranchPoints="0" visitedBranchPoints="0" sequenceCoverage="0" branchCoverage="0" maxCyclomaticComplexity="1" minCyclomaticComplexity="1" visitedClasses="0" numClasses="0" visitedMethods="0" numMethods="0" />
          <FullName>IBM.Watson.DeveloperCloud.Services.RetrieveAndRank.v1.ListRankersPayload</FullName>
          <Methods>
            <Method visited="true" cyclomaticComplexity="1" nPathComplexity="0" sequenceCoverage="0" branchCoverage="0" isConstructor="true" isStatic="false" isGetter="false" isSetter="false">
              <Summary numSequencePoints="0" visitedSequencePoints="0" numBranchPoints="0" visitedBranchPoints="0" sequenceCoverage="0" branchCoverage="0" maxCyclomaticComplexity="1" minCyclomaticComplexity="1" visitedClasses="0" numClasses="0" visitedMethods="0" numMethods="0" />
              <MetadataToken>100664851</MetadataToken>
              <Name>System.Void IBM.Watson.DeveloperCloud.Services.RetrieveAndRank.v1.ListRankersPayload::.ctor()</Name>
              <SequencePoints />
              <BranchPoints />
              <MethodPoint vc="1" uspid="5407" ordinal="0" offset="0" />
            </Method>
          </Methods>
        </Class>
        <Class>
          <Summary numSequencePoints="0" visitedSequencePoints="0" numBranchPoints="0" visitedBranchPoints="0" sequenceCoverage="0" branchCoverage="0" maxCyclomaticComplexity="1" minCyclomaticComplexity="1" visitedClasses="0" numClasses="0" visitedMethods="0" numMethods="0" />
          <FullName>IBM.Watson.DeveloperCloud.Services.RetrieveAndRank.v1.RankerInfoPayload</FullName>
          <Methods>
            <Method visited="true" cyclomaticComplexity="1" nPathComplexity="0" sequenceCoverage="0" branchCoverage="0" isConstructor="true" isStatic="false" isGetter="false" isSetter="false">
              <Summary numSequencePoints="0" visitedSequencePoints="0" numBranchPoints="0" visitedBranchPoints="0" sequenceCoverage="0" branchCoverage="0" maxCyclomaticComplexity="1" minCyclomaticComplexity="1" visitedClasses="0" numClasses="0" visitedMethods="0" numMethods="0" />
              <MetadataToken>100664860</MetadataToken>
              <Name>System.Void IBM.Watson.DeveloperCloud.Services.RetrieveAndRank.v1.RankerInfoPayload::.ctor()</Name>
              <SequencePoints />
              <BranchPoints />
              <MethodPoint vc="4" uspid="5408" ordinal="0" offset="0" />
            </Method>
          </Methods>
        </Class>
        <Class>
          <Summary numSequencePoints="0" visitedSequencePoints="0" numBranchPoints="0" visitedBranchPoints="0" sequenceCoverage="0" branchCoverage="0" maxCyclomaticComplexity="1" minCyclomaticComplexity="1" visitedClasses="0" numClasses="0" visitedMethods="0" numMethods="0" />
          <FullName>IBM.Watson.DeveloperCloud.Services.RetrieveAndRank.v1.RankerStatusPayload</FullName>
          <Methods>
            <Method visited="true" cyclomaticComplexity="1" nPathComplexity="0" sequenceCoverage="0" branchCoverage="0" isConstructor="true" isStatic="false" isGetter="false" isSetter="false">
              <Summary numSequencePoints="0" visitedSequencePoints="0" numBranchPoints="0" visitedBranchPoints="0" sequenceCoverage="0" branchCoverage="0" maxCyclomaticComplexity="1" minCyclomaticComplexity="1" visitedClasses="0" numClasses="0" visitedMethods="0" numMethods="0" />
              <MetadataToken>100664873</MetadataToken>
              <Name>System.Void IBM.Watson.DeveloperCloud.Services.RetrieveAndRank.v1.RankerStatusPayload::.ctor()</Name>
              <SequencePoints />
              <BranchPoints />
              <MethodPoint vc="2" uspid="5409" ordinal="0" offset="0" />
            </Method>
          </Methods>
        </Class>
        <Class>
          <Summary numSequencePoints="0" visitedSequencePoints="0" numBranchPoints="0" visitedBranchPoints="0" sequenceCoverage="0" branchCoverage="0" maxCyclomaticComplexity="1" minCyclomaticComplexity="1" visitedClasses="0" numClasses="0" visitedMethods="0" numMethods="0" />
          <FullName>IBM.Watson.DeveloperCloud.Services.RetrieveAndRank.v1.RankerTrainingMetadataPayload</FullName>
          <Methods>
            <Method visited="false" cyclomaticComplexity="1" nPathComplexity="0" sequenceCoverage="0" branchCoverage="0" isConstructor="true" isStatic="false" isGetter="false" isSetter="false">
              <Summary numSequencePoints="0" visitedSequencePoints="0" numBranchPoints="0" visitedBranchPoints="0" sequenceCoverage="0" branchCoverage="0" maxCyclomaticComplexity="1" minCyclomaticComplexity="1" visitedClasses="0" numClasses="0" visitedMethods="0" numMethods="0" />
              <MetadataToken>100664876</MetadataToken>
              <Name>System.Void IBM.Watson.DeveloperCloud.Services.RetrieveAndRank.v1.RankerTrainingMetadataPayload::.ctor()</Name>
              <SequencePoints />
              <BranchPoints />
              <MethodPoint vc="0" uspid="5410" ordinal="0" offset="0" />
            </Method>
          </Methods>
        </Class>
        <Class>
          <Summary numSequencePoints="0" visitedSequencePoints="0" numBranchPoints="0" visitedBranchPoints="0" sequenceCoverage="0" branchCoverage="0" maxCyclomaticComplexity="1" minCyclomaticComplexity="1" visitedClasses="0" numClasses="0" visitedMethods="0" numMethods="0" />
          <FullName>IBM.Watson.DeveloperCloud.Services.RetrieveAndRank.v1.RankerErrorResponsePayload</FullName>
          <Methods>
            <Method visited="false" cyclomaticComplexity="1" nPathComplexity="0" sequenceCoverage="0" branchCoverage="0" isConstructor="true" isStatic="false" isGetter="false" isSetter="false">
              <Summary numSequencePoints="0" visitedSequencePoints="0" numBranchPoints="0" visitedBranchPoints="0" sequenceCoverage="0" branchCoverage="0" maxCyclomaticComplexity="1" minCyclomaticComplexity="1" visitedClasses="0" numClasses="0" visitedMethods="0" numMethods="0" />
              <MetadataToken>100664883</MetadataToken>
              <Name>System.Void IBM.Watson.DeveloperCloud.Services.RetrieveAndRank.v1.RankerErrorResponsePayload::.ctor()</Name>
              <SequencePoints />
              <BranchPoints />
              <MethodPoint vc="0" uspid="5411" ordinal="0" offset="0" />
            </Method>
          </Methods>
        </Class>
        <Class>
          <Summary numSequencePoints="0" visitedSequencePoints="0" numBranchPoints="0" visitedBranchPoints="0" sequenceCoverage="0" branchCoverage="0" maxCyclomaticComplexity="1" minCyclomaticComplexity="1" visitedClasses="0" numClasses="0" visitedMethods="0" numMethods="0" />
          <FullName>IBM.Watson.DeveloperCloud.Services.RetrieveAndRank.v1.RankerOutputPayload</FullName>
          <Methods>
            <Method visited="true" cyclomaticComplexity="1" nPathComplexity="0" sequenceCoverage="0" branchCoverage="0" isConstructor="true" isStatic="false" isGetter="false" isSetter="false">
              <Summary numSequencePoints="0" visitedSequencePoints="0" numBranchPoints="0" visitedBranchPoints="0" sequenceCoverage="0" branchCoverage="0" maxCyclomaticComplexity="1" minCyclomaticComplexity="1" visitedClasses="0" numClasses="0" visitedMethods="0" numMethods="0" />
              <MetadataToken>100664892</MetadataToken>
              <Name>System.Void IBM.Watson.DeveloperCloud.Services.RetrieveAndRank.v1.RankerOutputPayload::.ctor()</Name>
              <SequencePoints />
              <BranchPoints />
              <MethodPoint vc="1" uspid="5412" ordinal="0" offset="0" />
            </Method>
          </Methods>
        </Class>
        <Class>
          <Summary numSequencePoints="0" visitedSequencePoints="0" numBranchPoints="0" visitedBranchPoints="0" sequenceCoverage="0" branchCoverage="0" maxCyclomaticComplexity="1" minCyclomaticComplexity="1" visitedClasses="0" numClasses="0" visitedMethods="0" numMethods="0" />
          <FullName>IBM.Watson.DeveloperCloud.Services.RetrieveAndRank.v1.RankedAnswer</FullName>
          <Methods>
            <Method visited="false" cyclomaticComplexity="1" nPathComplexity="0" sequenceCoverage="0" branchCoverage="0" isConstructor="true" isStatic="false" isGetter="false" isSetter="false">
              <Summary numSequencePoints="0" visitedSequencePoints="0" numBranchPoints="0" visitedBranchPoints="0" sequenceCoverage="0" branchCoverage="0" maxCyclomaticComplexity="1" minCyclomaticComplexity="1" visitedClasses="0" numClasses="0" visitedMethods="0" numMethods="0" />
              <MetadataToken>100664899</MetadataToken>
              <Name>System.Void IBM.Watson.DeveloperCloud.Services.RetrieveAndRank.v1.RankedAnswer::.ctor()</Name>
              <SequencePoints />
              <BranchPoints />
              <MethodPoint vc="0" uspid="5413" ordinal="0" offset="0" />
            </Method>
          </Methods>
        </Class>
        <Class>
          <Summary numSequencePoints="688" visitedSequencePoints="491" numBranchPoints="392" visitedBranchPoints="212" sequenceCoverage="71.37" branchCoverage="54.08" maxCyclomaticComplexity="11" minCyclomaticComplexity="1" visitedClasses="1" numClasses="1" visitedMethods="40" numMethods="46" />
          <FullName>IBM.Watson.DeveloperCloud.Services.RetrieveAndRank.v1.RetrieveAndRank</FullName>
          <Methods>
            <Method visited="true" cyclomaticComplexity="1" nPathComplexity="0" sequenceCoverage="100" branchCoverage="100" isConstructor="false" isStatic="false" isGetter="true" isSetter="false">
              <Summary numSequencePoints="1" visitedSequencePoints="1" numBranchPoints="1" visitedBranchPoints="1" sequenceCoverage="100" branchCoverage="100" maxCyclomaticComplexity="1" minCyclomaticComplexity="1" visitedClasses="0" numClasses="0" visitedMethods="1" numMethods="1" />
              <MetadataToken>100664900</MetadataToken>
              <Name>IBM.Watson.DeveloperCloud.Services.RetrieveAndRank.v1.RetrieveAndRank/LoadFileDelegate IBM.Watson.DeveloperCloud.Services.RetrieveAndRank.v1.RetrieveAndRank::get_LoadFile()</Name>
              <FileRef uid="211" />
              <SequencePoints>
                <SequencePoint vc="4" uspid="5414" ordinal="0" offset="0" sl="79" sc="40" el="79" ec="44" bec="0" bev="0" fileid="211" />
              </SequencePoints>
              <BranchPoints />
              <MethodPoint xsi:type="SequencePoint" vc="4" uspid="5414" ordinal="0" offset="0" sl="79" sc="40" el="79" ec="44" bec="0" bev="0" fileid="211" />
            </Method>
            <Method visited="false" cyclomaticComplexity="1" nPathComplexity="0" sequenceCoverage="0" branchCoverage="0" isConstructor="false" isStatic="false" isGetter="false" isSetter="true">
              <Summary numSequencePoints="1" visitedSequencePoints="0" numBranchPoints="1" visitedBranchPoints="0" sequenceCoverage="0" branchCoverage="0" maxCyclomaticComplexity="1" minCyclomaticComplexity="1" visitedClasses="0" numClasses="0" visitedMethods="0" numMethods="1" />
              <MetadataToken>100664901</MetadataToken>
              <Name>System.Void IBM.Watson.DeveloperCloud.Services.RetrieveAndRank.v1.RetrieveAndRank::set_LoadFile(IBM.Watson.DeveloperCloud.Services.RetrieveAndRank.v1.RetrieveAndRank/LoadFileDelegate)</Name>
              <FileRef uid="211" />
              <SequencePoints>
                <SequencePoint vc="0" uspid="5415" ordinal="0" offset="0" sl="79" sc="45" el="79" ec="49" bec="0" bev="0" fileid="211" />
              </SequencePoints>
              <BranchPoints />
              <MethodPoint xsi:type="SequencePoint" vc="0" uspid="5415" ordinal="0" offset="0" sl="79" sc="45" el="79" ec="49" bec="0" bev="0" fileid="211" />
            </Method>
            <Method visited="false" cyclomaticComplexity="1" nPathComplexity="0" sequenceCoverage="0" branchCoverage="0" isConstructor="false" isStatic="false" isGetter="true" isSetter="false">
              <Summary numSequencePoints="1" visitedSequencePoints="0" numBranchPoints="1" visitedBranchPoints="0" sequenceCoverage="0" branchCoverage="0" maxCyclomaticComplexity="1" minCyclomaticComplexity="1" visitedClasses="0" numClasses="0" visitedMethods="0" numMethods="1" />
              <MetadataToken>100664902</MetadataToken>
              <Name>IBM.Watson.DeveloperCloud.Services.RetrieveAndRank.v1.RetrieveAndRank/SaveFileDelegate IBM.Watson.DeveloperCloud.Services.RetrieveAndRank.v1.RetrieveAndRank::get_SaveFile()</Name>
              <FileRef uid="211" />
              <SequencePoints>
                <SequencePoint vc="0" uspid="5416" ordinal="0" offset="0" sl="90" sc="40" el="90" ec="44" bec="0" bev="0" fileid="211" />
              </SequencePoints>
              <BranchPoints />
              <MethodPoint xsi:type="SequencePoint" vc="0" uspid="5416" ordinal="0" offset="0" sl="90" sc="40" el="90" ec="44" bec="0" bev="0" fileid="211" />
            </Method>
            <Method visited="false" cyclomaticComplexity="1" nPathComplexity="0" sequenceCoverage="0" branchCoverage="0" isConstructor="false" isStatic="false" isGetter="false" isSetter="true">
              <Summary numSequencePoints="1" visitedSequencePoints="0" numBranchPoints="1" visitedBranchPoints="0" sequenceCoverage="0" branchCoverage="0" maxCyclomaticComplexity="1" minCyclomaticComplexity="1" visitedClasses="0" numClasses="0" visitedMethods="0" numMethods="1" />
              <MetadataToken>100664903</MetadataToken>
              <Name>System.Void IBM.Watson.DeveloperCloud.Services.RetrieveAndRank.v1.RetrieveAndRank::set_SaveFile(IBM.Watson.DeveloperCloud.Services.RetrieveAndRank.v1.RetrieveAndRank/SaveFileDelegate)</Name>
              <FileRef uid="211" />
              <SequencePoints>
                <SequencePoint vc="0" uspid="5417" ordinal="0" offset="0" sl="90" sc="45" el="90" ec="49" bec="0" bev="0" fileid="211" />
              </SequencePoints>
              <BranchPoints />
              <MethodPoint xsi:type="SequencePoint" vc="0" uspid="5417" ordinal="0" offset="0" sl="90" sc="45" el="90" ec="49" bec="0" bev="0" fileid="211" />
            </Method>
            <Method visited="true" cyclomaticComplexity="3" nPathComplexity="4" sequenceCoverage="81.82" branchCoverage="60" isConstructor="false" isStatic="false" isGetter="false" isSetter="false">
              <Summary numSequencePoints="11" visitedSequencePoints="9" numBranchPoints="5" visitedBranchPoints="3" sequenceCoverage="81.82" branchCoverage="60" maxCyclomaticComplexity="3" minCyclomaticComplexity="3" visitedClasses="0" numClasses="0" visitedMethods="1" numMethods="1" />
              <MetadataToken>100664904</MetadataToken>
              <Name>System.Boolean IBM.Watson.DeveloperCloud.Services.RetrieveAndRank.v1.RetrieveAndRank::GetClusters(IBM.Watson.DeveloperCloud.Services.RetrieveAndRank.v1.RetrieveAndRank/OnGetClusters,System.String)</Name>
              <FileRef uid="211" />
              <SequencePoints>
                <SequencePoint vc="1" uspid="5418" ordinal="0" offset="0" sl="109" sc="7" el="109" ec="28" bec="2" bev="1" fileid="211" />
                <SequencePoint vc="0" uspid="5419" ordinal="1" offset="3" sl="110" sc="9" el="110" ec="53" bec="0" bev="0" fileid="211" />
                <SequencePoint vc="1" uspid="5420" ordinal="2" offset="14" sl="112" sc="7" el="112" ec="57" bec="0" bev="0" fileid="211" />
                <SequencePoint vc="1" uspid="5421" ordinal="3" offset="20" sl="113" sc="7" el="113" ec="31" bec="0" bev="0" fileid="211" />
                <SequencePoint vc="1" uspid="5422" ordinal="4" offset="27" sl="114" sc="7" el="114" ec="29" bec="0" bev="0" fileid="211" />
                <SequencePoint vc="1" uspid="5423" ordinal="5" offset="34" sl="115" sc="7" el="115" ec="37" bec="0" bev="0" fileid="211" />
                <SequencePoint vc="1" uspid="5424" ordinal="6" offset="45" sl="117" sc="7" el="117" ec="90" bec="0" bev="0" fileid="211" />
                <SequencePoint vc="1" uspid="5425" ordinal="7" offset="62" sl="118" sc="7" el="118" ec="29" bec="2" bev="1" fileid="211" />
                <SequencePoint vc="0" uspid="5426" ordinal="8" offset="65" sl="119" sc="9" el="119" ec="22" bec="0" bev="0" fileid="211" />
                <SequencePoint vc="1" uspid="5427" ordinal="9" offset="67" sl="121" sc="7" el="121" ec="46" bec="0" bev="0" fileid="211" />
                <SequencePoint vc="1" uspid="5428" ordinal="10" offset="85" sl="122" sc="7" el="122" ec="34" bec="0" bev="0" fileid="211" />
              </SequencePoints>
              <BranchPoints>
                <BranchPoint vc="0" uspid="5429" ordinal="0" offset="1" sl="109" path="0" offsetend="3" fileid="211" />
                <BranchPoint vc="1" uspid="5430" ordinal="1" offset="1" sl="109" path="1" offsetend="14" fileid="211" />
                <BranchPoint vc="0" uspid="5431" ordinal="2" offset="63" sl="118" path="0" offsetend="65" fileid="211" />
                <BranchPoint vc="1" uspid="5432" ordinal="3" offset="63" sl="118" path="1" offsetend="67" fileid="211" />
              </BranchPoints>
              <MethodPoint xsi:type="SequencePoint" vc="1" uspid="5418" ordinal="0" offset="0" sl="109" sc="7" el="109" ec="28" bec="2" bev="1" fileid="211" />
            </Method>
            <Method visited="true" cyclomaticComplexity="7" nPathComplexity="32" sequenceCoverage="66.67" branchCoverage="54.55" isConstructor="false" isStatic="false" isGetter="false" isSetter="false">
              <Summary numSequencePoints="18" visitedSequencePoints="12" numBranchPoints="11" visitedBranchPoints="6" sequenceCoverage="66.67" branchCoverage="54.55" maxCyclomaticComplexity="7" minCyclomaticComplexity="7" visitedClasses="0" numClasses="0" visitedMethods="1" numMethods="1" />
              <MetadataToken>100664905</MetadataToken>
              <Name>System.Void IBM.Watson.DeveloperCloud.Services.RetrieveAndRank.v1.RetrieveAndRank::OnGetClustersResponse(IBM.Watson.DeveloperCloud.Connection.RESTConnector/Request,IBM.Watson.DeveloperCloud.Connection.RESTConnector/Response)</Name>
              <FileRef uid="211" />
              <SequencePoints>
                <SequencePoint vc="1" uspid="5433" ordinal="0" offset="0" sl="142" sc="7" el="142" ec="76" bec="0" bev="0" fileid="211" />
                <SequencePoint vc="1" uspid="5434" ordinal="1" offset="6" sl="143" sc="7" el="143" ec="24" bec="2" bev="1" fileid="211" />
                <SequencePoint vc="1" uspid="5435" ordinal="2" offset="17" sl="147" sc="11" el="147" ec="30" bec="0" bev="0" fileid="211" />
                <SequencePoint vc="1" uspid="5436" ordinal="3" offset="19" sl="148" sc="11" el="148" ec="89" bec="0" bev="0" fileid="211" />
                <SequencePoint vc="1" uspid="5437" ordinal="4" offset="43" sl="149" sc="11" el="149" ec="28" bec="2" bev="1" fileid="211" />
                <SequencePoint vc="0" uspid="5438" ordinal="5" offset="52" sl="150" sc="13" el="150" ec="60" bec="0" bev="0" fileid="211" />
                <SequencePoint vc="1" uspid="5439" ordinal="6" offset="65" sl="152" sc="11" el="152" ec="37" bec="0" bev="0" fileid="211" />
                <SequencePoint vc="1" uspid="5440" ordinal="7" offset="67" sl="153" sc="11" el="153" ec="74" bec="0" bev="0" fileid="211" />
                <SequencePoint vc="1" uspid="5441" ordinal="8" offset="87" sl="154" sc="11" el="154" ec="28" bec="2" bev="1" fileid="211" />
                <SequencePoint vc="0" uspid="5442" ordinal="9" offset="96" sl="155" sc="13" el="155" ec="60" bec="0" bev="0" fileid="211" />
                <SequencePoint vc="1" uspid="5443" ordinal="10" offset="109" sl="156" sc="9" el="156" ec="10" bec="0" bev="0" fileid="211" />
                <SequencePoint vc="0" uspid="5444" ordinal="11" offset="111" sl="157" sc="9" el="157" ec="28" bec="0" bev="0" fileid="211" />
                <SequencePoint vc="0" uspid="5445" ordinal="12" offset="113" sl="159" sc="11" el="159" ec="93" bec="0" bev="0" fileid="211" />
                <SequencePoint vc="0" uspid="5446" ordinal="13" offset="144" sl="160" sc="11" el="160" ec="32" bec="0" bev="0" fileid="211" />
                <SequencePoint vc="0" uspid="5447" ordinal="14" offset="151" sl="161" sc="9" el="161" ec="10" bec="0" bev="0" fileid="211" />
                <SequencePoint vc="1" uspid="5448" ordinal="15" offset="153" sl="164" sc="7" el="164" ec="54" bec="2" bev="1" fileid="211" />
                <SequencePoint vc="1" uspid="5449" ordinal="16" offset="166" sl="165" sc="9" el="165" ec="112" bec="2" bev="1" fileid="211" />
                <SequencePoint vc="1" uspid="5450" ordinal="17" offset="205" sl="166" sc="5" el="166" ec="6" bec="0" bev="0" fileid="211" />
              </SequencePoints>
              <BranchPoints>
                <BranchPoint vc="1" uspid="5451" ordinal="0" offset="12" sl="143" path="0" offsetend="17" fileid="211" />
                <BranchPoint vc="0" uspid="5452" ordinal="1" offset="12" sl="143" path="1" offsetend="153" fileid="211" />
                <BranchPoint vc="0" uspid="5453" ordinal="2" offset="50" sl="149" path="0" offsetend="52" fileid="211" />
                <BranchPoint vc="1" uspid="5454" ordinal="3" offset="50" sl="149" path="1" offsetend="65" fileid="211" />
                <BranchPoint vc="0" uspid="5455" ordinal="4" offset="94" sl="154" path="0" offsetend="96" fileid="211" />
                <BranchPoint vc="1" uspid="5456" ordinal="5" offset="94" sl="154" path="1" offsetend="109" fileid="211" />
                <BranchPoint vc="1" uspid="5457" ordinal="6" offset="164" sl="164" path="0" offsetend="166" fileid="211" />
                <BranchPoint vc="0" uspid="5458" ordinal="7" offset="164" sl="164" path="1" offsetend="205" fileid="211" />
                <BranchPoint vc="0" uspid="5459" ordinal="8" offset="183" sl="165" path="0" offsetend="185" fileid="211" />
                <BranchPoint vc="1" uspid="5460" ordinal="9" offset="183" sl="165" path="1" offsetend="188" fileid="211" />
              </BranchPoints>
              <MethodPoint xsi:type="SequencePoint" vc="1" uspid="5433" ordinal="0" offset="0" sl="142" sc="7" el="142" ec="76" bec="0" bev="0" fileid="211" />
            </Method>
            <Method visited="true" cyclomaticComplexity="5" nPathComplexity="16" sequenceCoverage="88.24" branchCoverage="55.56" isConstructor="false" isStatic="false" isGetter="false" isSetter="false">
              <Summary numSequencePoints="17" visitedSequencePoints="15" numBranchPoints="9" visitedBranchPoints="5" sequenceCoverage="88.24" branchCoverage="55.56" maxCyclomaticComplexity="5" minCyclomaticComplexity="5" visitedClasses="0" numClasses="0" visitedMethods="1" numMethods="1" />
              <MetadataToken>100664906</MetadataToken>
              <Name>System.Boolean IBM.Watson.DeveloperCloud.Services.RetrieveAndRank.v1.RetrieveAndRank::CreateCluster(IBM.Watson.DeveloperCloud.Services.RetrieveAndRank.v1.RetrieveAndRank/OnCreateCluster,System.String,System.String,System.String)</Name>
              <FileRef uid="211" />
              <SequencePoints>
                <SequencePoint vc="1" uspid="5461" ordinal="0" offset="0" sl="187" sc="7" el="187" ec="28" bec="2" bev="1" fileid="211" />
                <SequencePoint vc="0" uspid="5462" ordinal="1" offset="3" sl="188" sc="9" el="188" ec="53" bec="0" bev="0" fileid="211" />
                <SequencePoint vc="1" uspid="5463" ordinal="2" offset="14" sl="190" sc="7" el="190" ec="61" bec="0" bev="0" fileid="211" />
                <SequencePoint vc="1" uspid="5464" ordinal="3" offset="20" sl="191" sc="7" el="191" ec="31" bec="0" bev="0" fileid="211" />
                <SequencePoint vc="1" uspid="5465" ordinal="4" offset="27" sl="192" sc="7" el="192" ec="29" bec="0" bev="0" fileid="211" />
                <SequencePoint vc="1" uspid="5466" ordinal="5" offset="35" sl="193" sc="7" el="193" ec="37" bec="0" bev="0" fileid="211" />
                <SequencePoint vc="1" uspid="5467" ordinal="6" offset="46" sl="195" sc="7" el="195" ec="90" bec="0" bev="0" fileid="211" />
                <SequencePoint vc="1" uspid="5468" ordinal="7" offset="63" sl="196" sc="7" el="196" ec="29" bec="2" bev="1" fileid="211" />
                <SequencePoint vc="0" uspid="5469" ordinal="8" offset="66" sl="197" sc="9" el="197" ec="22" bec="0" bev="0" fileid="211" />
                <SequencePoint vc="1" uspid="5470" ordinal="9" offset="68" sl="199" sc="7" el="199" ec="27" bec="0" bev="0" fileid="211" />
                <SequencePoint vc="1" uspid="5471" ordinal="10" offset="74" sl="200" sc="7" el="200" ec="84" bec="3" bev="2" fileid="211" />
                <SequencePoint vc="1" uspid="5472" ordinal="11" offset="90" sl="201" sc="9" el="201" ec="117" bec="0" bev="0" fileid="211" />
                <SequencePoint vc="1" uspid="5473" ordinal="12" offset="134" sl="203" sc="7" el="203" ec="56" bec="0" bev="0" fileid="211" />
                <SequencePoint vc="1" uspid="5474" ordinal="13" offset="155" sl="204" sc="7" el="204" ec="50" bec="0" bev="0" fileid="211" />
                <SequencePoint vc="1" uspid="5475" ordinal="14" offset="176" sl="205" sc="7" el="205" ec="50" bec="0" bev="0" fileid="211" />
                <SequencePoint vc="1" uspid="5476" ordinal="15" offset="193" sl="206" sc="7" el="206" ec="48" bec="0" bev="0" fileid="211" />
                <SequencePoint vc="1" uspid="5477" ordinal="16" offset="211" sl="207" sc="7" el="207" ec="34" bec="0" bev="0" fileid="211" />
              </SequencePoints>
              <BranchPoints>
                <BranchPoint vc="0" uspid="5478" ordinal="0" offset="1" sl="187" path="0" offsetend="3" fileid="211" />
                <BranchPoint vc="1" uspid="5479" ordinal="1" offset="1" sl="187" path="1" offsetend="14" fileid="211" />
                <BranchPoint vc="0" uspid="5480" ordinal="2" offset="64" sl="196" path="0" offsetend="66" fileid="211" />
                <BranchPoint vc="1" uspid="5481" ordinal="3" offset="64" sl="196" path="1" offsetend="68" fileid="211" />
                <BranchPoint vc="1" uspid="5482" ordinal="4" offset="80" sl="200" path="0" offsetend="82" fileid="211" />
                <BranchPoint vc="0" uspid="5483" ordinal="5" offset="80" sl="200" path="1" offsetend="134" fileid="211" />
                <BranchPoint vc="1" uspid="5484" ordinal="6" offset="88" sl="200" path="0" offsetend="90" fileid="211" />
                <BranchPoint vc="0" uspid="5485" ordinal="7" offset="88" sl="200" path="1" offsetend="134" fileid="211" />
              </BranchPoints>
              <MethodPoint xsi:type="SequencePoint" vc="1" uspid="5461" ordinal="0" offset="0" sl="187" sc="7" el="187" ec="28" bec="2" bev="1" fileid="211" />
            </Method>
            <Method visited="true" cyclomaticComplexity="7" nPathComplexity="32" sequenceCoverage="66.67" branchCoverage="54.55" isConstructor="false" isStatic="false" isGetter="false" isSetter="false">
              <Summary numSequencePoints="18" visitedSequencePoints="12" numBranchPoints="11" visitedBranchPoints="6" sequenceCoverage="66.67" branchCoverage="54.55" maxCyclomaticComplexity="7" minCyclomaticComplexity="7" visitedClasses="0" numClasses="0" visitedMethods="1" numMethods="1" />
              <MetadataToken>100664907</MetadataToken>
              <Name>System.Void IBM.Watson.DeveloperCloud.Services.RetrieveAndRank.v1.RetrieveAndRank::OnCreateClusterResponse(IBM.Watson.DeveloperCloud.Connection.RESTConnector/Request,IBM.Watson.DeveloperCloud.Connection.RESTConnector/Response)</Name>
              <FileRef uid="211" />
              <SequencePoints>
                <SequencePoint vc="1" uspid="5486" ordinal="0" offset="0" sl="232" sc="7" el="232" ec="75" bec="0" bev="0" fileid="211" />
                <SequencePoint vc="1" uspid="5487" ordinal="1" offset="6" sl="233" sc="7" el="233" ec="24" bec="2" bev="1" fileid="211" />
                <SequencePoint vc="1" uspid="5488" ordinal="2" offset="17" sl="237" sc="11" el="237" ec="30" bec="0" bev="0" fileid="211" />
                <SequencePoint vc="1" uspid="5489" ordinal="3" offset="19" sl="238" sc="11" el="238" ec="89" bec="0" bev="0" fileid="211" />
                <SequencePoint vc="1" uspid="5490" ordinal="4" offset="43" sl="239" sc="11" el="239" ec="28" bec="2" bev="1" fileid="211" />
                <SequencePoint vc="0" uspid="5491" ordinal="5" offset="52" sl="240" sc="13" el="240" ec="60" bec="0" bev="0" fileid="211" />
                <SequencePoint vc="1" uspid="5492" ordinal="6" offset="65" sl="242" sc="11" el="242" ec="44" bec="0" bev="0" fileid="211" />
                <SequencePoint vc="1" uspid="5493" ordinal="7" offset="67" sl="243" sc="11" el="243" ec="74" bec="0" bev="0" fileid="211" />
                <SequencePoint vc="1" uspid="5494" ordinal="8" offset="87" sl="244" sc="11" el="244" ec="28" bec="2" bev="1" fileid="211" />
                <SequencePoint vc="0" uspid="5495" ordinal="9" offset="96" sl="245" sc="13" el="245" ec="60" bec="0" bev="0" fileid="211" />
                <SequencePoint vc="1" uspid="5496" ordinal="10" offset="109" sl="246" sc="9" el="246" ec="10" bec="0" bev="0" fileid="211" />
                <SequencePoint vc="0" uspid="5497" ordinal="11" offset="111" sl="247" sc="9" el="247" ec="28" bec="0" bev="0" fileid="211" />
                <SequencePoint vc="0" uspid="5498" ordinal="12" offset="113" sl="249" sc="11" el="249" ec="95" bec="0" bev="0" fileid="211" />
                <SequencePoint vc="0" uspid="5499" ordinal="13" offset="144" sl="250" sc="11" el="250" ec="32" bec="0" bev="0" fileid="211" />
                <SequencePoint vc="0" uspid="5500" ordinal="14" offset="151" sl="251" sc="9" el="251" ec="10" bec="0" bev="0" fileid="211" />
                <SequencePoint vc="1" uspid="5501" ordinal="15" offset="153" sl="254" sc="7" el="254" ec="56" bec="2" bev="1" fileid="211" />
                <SequencePoint vc="1" uspid="5502" ordinal="16" offset="166" sl="255" sc="9" el="255" ec="123" bec="2" bev="1" fileid="211" />
                <SequencePoint vc="1" uspid="5503" ordinal="17" offset="205" sl="256" sc="5" el="256" ec="6" bec="0" bev="0" fileid="211" />
              </SequencePoints>
              <BranchPoints>
                <BranchPoint vc="1" uspid="5504" ordinal="0" offset="12" sl="233" path="0" offsetend="17" fileid="211" />
                <BranchPoint vc="0" uspid="5505" ordinal="1" offset="12" sl="233" path="1" offsetend="153" fileid="211" />
                <BranchPoint vc="0" uspid="5506" ordinal="2" offset="50" sl="239" path="0" offsetend="52" fileid="211" />
                <BranchPoint vc="1" uspid="5507" ordinal="3" offset="50" sl="239" path="1" offsetend="65" fileid="211" />
                <BranchPoint vc="0" uspid="5508" ordinal="4" offset="94" sl="244" path="0" offsetend="96" fileid="211" />
                <BranchPoint vc="1" uspid="5509" ordinal="5" offset="94" sl="244" path="1" offsetend="109" fileid="211" />
                <BranchPoint vc="1" uspid="5510" ordinal="6" offset="164" sl="254" path="0" offsetend="166" fileid="211" />
                <BranchPoint vc="0" uspid="5511" ordinal="7" offset="164" sl="254" path="1" offsetend="205" fileid="211" />
                <BranchPoint vc="0" uspid="5512" ordinal="8" offset="183" sl="255" path="0" offsetend="185" fileid="211" />
                <BranchPoint vc="1" uspid="5513" ordinal="9" offset="183" sl="255" path="1" offsetend="188" fileid="211" />
              </BranchPoints>
              <MethodPoint xsi:type="SequencePoint" vc="1" uspid="5486" ordinal="0" offset="0" sl="232" sc="7" el="232" ec="75" bec="0" bev="0" fileid="211" />
            </Method>
            <Method visited="true" cyclomaticComplexity="5" nPathComplexity="16" sequenceCoverage="77.78" branchCoverage="55.56" isConstructor="false" isStatic="false" isGetter="false" isSetter="false">
              <Summary numSequencePoints="18" visitedSequencePoints="14" numBranchPoints="9" visitedBranchPoints="5" sequenceCoverage="77.78" branchCoverage="55.56" maxCyclomaticComplexity="5" minCyclomaticComplexity="5" visitedClasses="0" numClasses="0" visitedMethods="1" numMethods="1" />
              <MetadataToken>100664908</MetadataToken>
              <Name>System.Boolean IBM.Watson.DeveloperCloud.Services.RetrieveAndRank.v1.RetrieveAndRank::DeleteCluster(IBM.Watson.DeveloperCloud.Services.RetrieveAndRank.v1.RetrieveAndRank/OnDeleteCluster,System.String,System.String)</Name>
              <FileRef uid="211" />
              <SequencePoints>
                <SequencePoint vc="1" uspid="5514" ordinal="0" offset="0" sl="276" sc="7" el="276" ec="28" bec="2" bev="1" fileid="211" />
                <SequencePoint vc="0" uspid="5515" ordinal="1" offset="3" sl="277" sc="9" el="277" ec="53" bec="0" bev="0" fileid="211" />
                <SequencePoint vc="1" uspid="5516" ordinal="2" offset="14" sl="278" sc="7" el="278" ec="43" bec="2" bev="1" fileid="211" />
                <SequencePoint vc="0" uspid="5517" ordinal="3" offset="22" sl="279" sc="9" el="279" ec="81" bec="0" bev="0" fileid="211" />
                <SequencePoint vc="1" uspid="5518" ordinal="4" offset="33" sl="280" sc="7" el="280" ec="101" bec="2" bev="1" fileid="211" />
                <SequencePoint vc="0" uspid="5519" ordinal="5" offset="56" sl="281" sc="9" el="281" ec="77" bec="0" bev="0" fileid="211" />
                <SequencePoint vc="1" uspid="5520" ordinal="6" offset="67" sl="283" sc="7" el="283" ec="61" bec="0" bev="0" fileid="211" />
                <SequencePoint vc="1" uspid="5521" ordinal="7" offset="73" sl="284" sc="7" el="284" ec="31" bec="0" bev="0" fileid="211" />
                <SequencePoint vc="1" uspid="5522" ordinal="8" offset="80" sl="285" sc="7" el="285" ec="29" bec="0" bev="0" fileid="211" />
                <SequencePoint vc="1" uspid="5523" ordinal="9" offset="87" sl="286" sc="7" el="286" ec="33" bec="0" bev="0" fileid="211" />
                <SequencePoint vc="1" uspid="5524" ordinal="10" offset="94" sl="287" sc="7" el="287" ec="25" bec="0" bev="0" fileid="211" />
                <SequencePoint vc="1" uspid="5525" ordinal="11" offset="101" sl="288" sc="7" el="288" ec="37" bec="0" bev="0" fileid="211" />
                <SequencePoint vc="1" uspid="5526" ordinal="12" offset="112" sl="289" sc="7" el="289" ec="48" bec="0" bev="0" fileid="211" />
                <SequencePoint vc="1" uspid="5527" ordinal="13" offset="130" sl="290" sc="7" el="290" ec="66" bec="0" bev="0" fileid="211" />
                <SequencePoint vc="1" uspid="5528" ordinal="14" offset="142" sl="291" sc="7" el="291" ec="81" bec="0" bev="0" fileid="211" />
                <SequencePoint vc="1" uspid="5529" ordinal="15" offset="155" sl="292" sc="7" el="292" ec="29" bec="2" bev="1" fileid="211" />
                <SequencePoint vc="0" uspid="5530" ordinal="16" offset="158" sl="293" sc="9" el="293" ec="22" bec="0" bev="0" fileid="211" />
                <SequencePoint vc="1" uspid="5531" ordinal="17" offset="160" sl="295" sc="7" el="295" ec="34" bec="0" bev="0" fileid="211" />
              </SequencePoints>
              <BranchPoints>
                <BranchPoint vc="0" uspid="5532" ordinal="0" offset="1" sl="276" path="0" offsetend="3" fileid="211" />
                <BranchPoint vc="1" uspid="5533" ordinal="1" offset="1" sl="276" path="1" offsetend="14" fileid="211" />
                <BranchPoint vc="0" uspid="5534" ordinal="2" offset="20" sl="278" path="0" offsetend="22" fileid="211" />
                <BranchPoint vc="1" uspid="5535" ordinal="3" offset="20" sl="278" path="1" offsetend="33" fileid="211" />
                <BranchPoint vc="0" uspid="5536" ordinal="4" offset="54" sl="280" path="0" offsetend="56" fileid="211" />
                <BranchPoint vc="1" uspid="5537" ordinal="5" offset="54" sl="280" path="1" offsetend="67" fileid="211" />
                <BranchPoint vc="0" uspid="5538" ordinal="6" offset="156" sl="292" path="0" offsetend="158" fileid="211" />
                <BranchPoint vc="1" uspid="5539" ordinal="7" offset="156" sl="292" path="1" offsetend="160" fileid="211" />
              </BranchPoints>
              <MethodPoint xsi:type="SequencePoint" vc="1" uspid="5514" ordinal="0" offset="0" sl="276" sc="7" el="276" ec="28" bec="2" bev="1" fileid="211" />
            </Method>
            <Method visited="true" cyclomaticComplexity="2" nPathComplexity="2" sequenceCoverage="100" branchCoverage="66.67" isConstructor="false" isStatic="false" isGetter="false" isSetter="false">
              <Summary numSequencePoints="4" visitedSequencePoints="4" numBranchPoints="3" visitedBranchPoints="2" sequenceCoverage="100" branchCoverage="66.67" maxCyclomaticComplexity="2" minCyclomaticComplexity="2" visitedClasses="0" numClasses="0" visitedMethods="1" numMethods="1" />
              <MetadataToken>100664909</MetadataToken>
              <Name>System.Void IBM.Watson.DeveloperCloud.Services.RetrieveAndRank.v1.RetrieveAndRank::OnDeleteClusterResponse(IBM.Watson.DeveloperCloud.Connection.RESTConnector/Request,IBM.Watson.DeveloperCloud.Connection.RESTConnector/Response)</Name>
              <FileRef uid="211" />
              <SequencePoints>
                <SequencePoint vc="1" uspid="5540" ordinal="0" offset="0" sl="324" sc="7" el="324" ec="90" bec="0" bev="0" fileid="211" />
                <SequencePoint vc="1" uspid="5541" ordinal="1" offset="35" sl="325" sc="7" el="325" ec="56" bec="2" bev="1" fileid="211" />
                <SequencePoint vc="1" uspid="5542" ordinal="2" offset="48" sl="326" sc="9" el="326" ec="94" bec="0" bev="0" fileid="211" />
                <SequencePoint vc="1" uspid="5543" ordinal="3" offset="81" sl="327" sc="5" el="327" ec="6" bec="0" bev="0" fileid="211" />
              </SequencePoints>
              <BranchPoints>
                <BranchPoint vc="1" uspid="5544" ordinal="0" offset="46" sl="325" path="0" offsetend="48" fileid="211" />
                <BranchPoint vc="0" uspid="5545" ordinal="1" offset="46" sl="325" path="1" offsetend="81" fileid="211" />
              </BranchPoints>
              <MethodPoint xsi:type="SequencePoint" vc="1" uspid="5540" ordinal="0" offset="0" sl="324" sc="7" el="324" ec="90" bec="0" bev="0" fileid="211" />
            </Method>
            <Method visited="true" cyclomaticComplexity="4" nPathComplexity="8" sequenceCoverage="78.57" branchCoverage="57.14" isConstructor="false" isStatic="false" isGetter="false" isSetter="false">
              <Summary numSequencePoints="14" visitedSequencePoints="11" numBranchPoints="7" visitedBranchPoints="4" sequenceCoverage="78.57" branchCoverage="57.14" maxCyclomaticComplexity="4" minCyclomaticComplexity="4" visitedClasses="0" numClasses="0" visitedMethods="1" numMethods="1" />
              <MetadataToken>100664910</MetadataToken>
              <Name>System.Boolean IBM.Watson.DeveloperCloud.Services.RetrieveAndRank.v1.RetrieveAndRank::GetCluster(IBM.Watson.DeveloperCloud.Services.RetrieveAndRank.v1.RetrieveAndRank/OnGetCluster,System.String,System.String)</Name>
              <FileRef uid="211" />
              <SequencePoints>
                <SequencePoint vc="1" uspid="5546" ordinal="0" offset="0" sl="347" sc="7" el="347" ec="28" bec="2" bev="1" fileid="211" />
                <SequencePoint vc="0" uspid="5547" ordinal="1" offset="3" sl="348" sc="9" el="348" ec="53" bec="0" bev="0" fileid="211" />
                <SequencePoint vc="1" uspid="5548" ordinal="2" offset="14" sl="349" sc="7" el="349" ec="43" bec="2" bev="1" fileid="211" />
                <SequencePoint vc="0" uspid="5549" ordinal="3" offset="22" sl="350" sc="9" el="350" ec="74" bec="0" bev="0" fileid="211" />
                <SequencePoint vc="1" uspid="5550" ordinal="4" offset="33" sl="352" sc="7" el="352" ec="55" bec="0" bev="0" fileid="211" />
                <SequencePoint vc="1" uspid="5551" ordinal="5" offset="39" sl="353" sc="7" el="353" ec="31" bec="0" bev="0" fileid="211" />
                <SequencePoint vc="1" uspid="5552" ordinal="6" offset="46" sl="354" sc="7" el="354" ec="29" bec="0" bev="0" fileid="211" />
                <SequencePoint vc="1" uspid="5553" ordinal="7" offset="53" sl="355" sc="7" el="355" ec="33" bec="0" bev="0" fileid="211" />
                <SequencePoint vc="1" uspid="5554" ordinal="8" offset="60" sl="356" sc="7" el="356" ec="37" bec="0" bev="0" fileid="211" />
                <SequencePoint vc="1" uspid="5555" ordinal="9" offset="71" sl="358" sc="7" el="358" ec="115" bec="0" bev="0" fileid="211" />
                <SequencePoint vc="1" uspid="5556" ordinal="10" offset="94" sl="359" sc="7" el="359" ec="29" bec="2" bev="1" fileid="211" />
                <SequencePoint vc="0" uspid="5557" ordinal="11" offset="97" sl="360" sc="9" el="360" ec="22" bec="0" bev="0" fileid="211" />
                <SequencePoint vc="1" uspid="5558" ordinal="12" offset="99" sl="362" sc="7" el="362" ec="45" bec="0" bev="0" fileid="211" />
                <SequencePoint vc="1" uspid="5559" ordinal="13" offset="117" sl="363" sc="7" el="363" ec="34" bec="0" bev="0" fileid="211" />
              </SequencePoints>
              <BranchPoints>
                <BranchPoint vc="0" uspid="5560" ordinal="0" offset="1" sl="347" path="0" offsetend="3" fileid="211" />
                <BranchPoint vc="1" uspid="5561" ordinal="1" offset="1" sl="347" path="1" offsetend="14" fileid="211" />
                <BranchPoint vc="0" uspid="5562" ordinal="2" offset="20" sl="349" path="0" offsetend="22" fileid="211" />
                <BranchPoint vc="1" uspid="5563" ordinal="3" offset="20" sl="349" path="1" offsetend="33" fileid="211" />
                <BranchPoint vc="0" uspid="5564" ordinal="4" offset="95" sl="359" path="0" offsetend="97" fileid="211" />
                <BranchPoint vc="1" uspid="5565" ordinal="5" offset="95" sl="359" path="1" offsetend="99" fileid="211" />
              </BranchPoints>
              <MethodPoint xsi:type="SequencePoint" vc="1" uspid="5546" ordinal="0" offset="0" sl="347" sc="7" el="347" ec="28" bec="2" bev="1" fileid="211" />
            </Method>
            <Method visited="true" cyclomaticComplexity="7" nPathComplexity="32" sequenceCoverage="66.67" branchCoverage="54.55" isConstructor="false" isStatic="false" isGetter="false" isSetter="false">
              <Summary numSequencePoints="18" visitedSequencePoints="12" numBranchPoints="11" visitedBranchPoints="6" sequenceCoverage="66.67" branchCoverage="54.55" maxCyclomaticComplexity="7" minCyclomaticComplexity="7" visitedClasses="0" numClasses="0" visitedMethods="1" numMethods="1" />
              <MetadataToken>100664911</MetadataToken>
              <Name>System.Void IBM.Watson.DeveloperCloud.Services.RetrieveAndRank.v1.RetrieveAndRank::OnGetClusterResponse(IBM.Watson.DeveloperCloud.Connection.RESTConnector/Request,IBM.Watson.DeveloperCloud.Connection.RESTConnector/Response)</Name>
              <FileRef uid="211" />
              <SequencePoints>
                <SequencePoint vc="1" uspid="5566" ordinal="0" offset="0" sl="392" sc="7" el="392" ec="67" bec="0" bev="0" fileid="211" />
                <SequencePoint vc="1" uspid="5567" ordinal="1" offset="6" sl="393" sc="7" el="393" ec="24" bec="2" bev="1" fileid="211" />
                <SequencePoint vc="1" uspid="5568" ordinal="2" offset="17" sl="397" sc="11" el="397" ec="30" bec="0" bev="0" fileid="211" />
                <SequencePoint vc="1" uspid="5569" ordinal="3" offset="19" sl="398" sc="11" el="398" ec="89" bec="0" bev="0" fileid="211" />
                <SequencePoint vc="1" uspid="5570" ordinal="4" offset="43" sl="399" sc="11" el="399" ec="28" bec="2" bev="1" fileid="211" />
                <SequencePoint vc="0" uspid="5571" ordinal="5" offset="52" sl="400" sc="13" el="400" ec="60" bec="0" bev="0" fileid="211" />
                <SequencePoint vc="1" uspid="5572" ordinal="6" offset="65" sl="402" sc="11" el="402" ec="36" bec="0" bev="0" fileid="211" />
                <SequencePoint vc="1" uspid="5573" ordinal="7" offset="67" sl="403" sc="11" el="403" ec="74" bec="0" bev="0" fileid="211" />
                <SequencePoint vc="1" uspid="5574" ordinal="8" offset="87" sl="404" sc="11" el="404" ec="28" bec="2" bev="1" fileid="211" />
                <SequencePoint vc="0" uspid="5575" ordinal="9" offset="96" sl="405" sc="13" el="405" ec="60" bec="0" bev="0" fileid="211" />
                <SequencePoint vc="1" uspid="5576" ordinal="10" offset="109" sl="406" sc="9" el="406" ec="10" bec="0" bev="0" fileid="211" />
                <SequencePoint vc="0" uspid="5577" ordinal="11" offset="111" sl="407" sc="9" el="407" ec="28" bec="0" bev="0" fileid="211" />
                <SequencePoint vc="0" uspid="5578" ordinal="12" offset="113" sl="409" sc="11" el="409" ec="92" bec="0" bev="0" fileid="211" />
                <SequencePoint vc="0" uspid="5579" ordinal="13" offset="144" sl="410" sc="11" el="410" ec="32" bec="0" bev="0" fileid="211" />
                <SequencePoint vc="0" uspid="5580" ordinal="14" offset="151" sl="411" sc="9" el="411" ec="10" bec="0" bev="0" fileid="211" />
                <SequencePoint vc="1" uspid="5581" ordinal="15" offset="153" sl="414" sc="7" el="414" ec="53" bec="2" bev="1" fileid="211" />
                <SequencePoint vc="1" uspid="5582" ordinal="16" offset="166" sl="415" sc="9" el="415" ec="109" bec="2" bev="1" fileid="211" />
                <SequencePoint vc="1" uspid="5583" ordinal="17" offset="205" sl="416" sc="5" el="416" ec="6" bec="0" bev="0" fileid="211" />
              </SequencePoints>
              <BranchPoints>
                <BranchPoint vc="1" uspid="5584" ordinal="0" offset="12" sl="393" path="0" offsetend="17" fileid="211" />
                <BranchPoint vc="0" uspid="5585" ordinal="1" offset="12" sl="393" path="1" offsetend="153" fileid="211" />
                <BranchPoint vc="0" uspid="5586" ordinal="2" offset="50" sl="399" path="0" offsetend="52" fileid="211" />
                <BranchPoint vc="1" uspid="5587" ordinal="3" offset="50" sl="399" path="1" offsetend="65" fileid="211" />
                <BranchPoint vc="0" uspid="5588" ordinal="4" offset="94" sl="404" path="0" offsetend="96" fileid="211" />
                <BranchPoint vc="1" uspid="5589" ordinal="5" offset="94" sl="404" path="1" offsetend="109" fileid="211" />
                <BranchPoint vc="1" uspid="5590" ordinal="6" offset="164" sl="414" path="0" offsetend="166" fileid="211" />
                <BranchPoint vc="0" uspid="5591" ordinal="7" offset="164" sl="414" path="1" offsetend="205" fileid="211" />
                <BranchPoint vc="0" uspid="5592" ordinal="8" offset="183" sl="415" path="0" offsetend="185" fileid="211" />
                <BranchPoint vc="1" uspid="5593" ordinal="9" offset="183" sl="415" path="1" offsetend="188" fileid="211" />
              </BranchPoints>
              <MethodPoint xsi:type="SequencePoint" vc="1" uspid="5566" ordinal="0" offset="0" sl="392" sc="7" el="392" ec="67" bec="0" bev="0" fileid="211" />
            </Method>
            <Method visited="true" cyclomaticComplexity="4" nPathComplexity="8" sequenceCoverage="78.57" branchCoverage="57.14" isConstructor="false" isStatic="false" isGetter="false" isSetter="false">
              <Summary numSequencePoints="14" visitedSequencePoints="11" numBranchPoints="7" visitedBranchPoints="4" sequenceCoverage="78.57" branchCoverage="57.14" maxCyclomaticComplexity="4" minCyclomaticComplexity="4" visitedClasses="0" numClasses="0" visitedMethods="1" numMethods="1" />
              <MetadataToken>100664912</MetadataToken>
              <Name>System.Boolean IBM.Watson.DeveloperCloud.Services.RetrieveAndRank.v1.RetrieveAndRank::GetClusterConfigs(IBM.Watson.DeveloperCloud.Services.RetrieveAndRank.v1.RetrieveAndRank/OnGetClusterConfigs,System.String,System.String)</Name>
              <FileRef uid="211" />
              <SequencePoints>
                <SequencePoint vc="1" uspid="5594" ordinal="0" offset="0" sl="436" sc="7" el="436" ec="28" bec="2" bev="1" fileid="211" />
                <SequencePoint vc="0" uspid="5595" ordinal="1" offset="3" sl="437" sc="9" el="437" ec="53" bec="0" bev="0" fileid="211" />
                <SequencePoint vc="1" uspid="5596" ordinal="2" offset="14" sl="438" sc="7" el="438" ec="43" bec="2" bev="1" fileid="211" />
                <SequencePoint vc="0" uspid="5597" ordinal="3" offset="22" sl="439" sc="9" el="439" ec="74" bec="0" bev="0" fileid="211" />
                <SequencePoint vc="1" uspid="5598" ordinal="4" offset="33" sl="441" sc="7" el="441" ec="69" bec="0" bev="0" fileid="211" />
                <SequencePoint vc="1" uspid="5599" ordinal="5" offset="39" sl="442" sc="7" el="442" ec="31" bec="0" bev="0" fileid="211" />
                <SequencePoint vc="1" uspid="5600" ordinal="6" offset="46" sl="443" sc="7" el="443" ec="33" bec="0" bev="0" fileid="211" />
                <SequencePoint vc="1" uspid="5601" ordinal="7" offset="53" sl="444" sc="7" el="444" ec="29" bec="0" bev="0" fileid="211" />
                <SequencePoint vc="1" uspid="5602" ordinal="8" offset="60" sl="445" sc="7" el="445" ec="37" bec="0" bev="0" fileid="211" />
                <SequencePoint vc="1" uspid="5603" ordinal="9" offset="71" sl="446" sc="7" el="446" ec="52" bec="0" bev="0" fileid="211" />
                <SequencePoint vc="1" uspid="5604" ordinal="10" offset="89" sl="448" sc="7" el="448" ec="123" bec="0" bev="0" fileid="211" />
                <SequencePoint vc="1" uspid="5605" ordinal="11" offset="112" sl="449" sc="7" el="449" ec="29" bec="2" bev="1" fileid="211" />
                <SequencePoint vc="0" uspid="5606" ordinal="12" offset="115" sl="450" sc="9" el="450" ec="22" bec="0" bev="0" fileid="211" />
                <SequencePoint vc="1" uspid="5607" ordinal="13" offset="117" sl="452" sc="7" el="452" ec="34" bec="0" bev="0" fileid="211" />
              </SequencePoints>
              <BranchPoints>
                <BranchPoint vc="0" uspid="5608" ordinal="0" offset="1" sl="436" path="0" offsetend="3" fileid="211" />
                <BranchPoint vc="1" uspid="5609" ordinal="1" offset="1" sl="436" path="1" offsetend="14" fileid="211" />
                <BranchPoint vc="0" uspid="5610" ordinal="2" offset="20" sl="438" path="0" offsetend="22" fileid="211" />
                <BranchPoint vc="1" uspid="5611" ordinal="3" offset="20" sl="438" path="1" offsetend="33" fileid="211" />
                <BranchPoint vc="0" uspid="5612" ordinal="4" offset="113" sl="449" path="0" offsetend="115" fileid="211" />
                <BranchPoint vc="1" uspid="5613" ordinal="5" offset="113" sl="449" path="1" offsetend="117" fileid="211" />
              </BranchPoints>
              <MethodPoint xsi:type="SequencePoint" vc="1" uspid="5594" ordinal="0" offset="0" sl="436" sc="7" el="436" ec="28" bec="2" bev="1" fileid="211" />
            </Method>
            <Method visited="true" cyclomaticComplexity="7" nPathComplexity="32" sequenceCoverage="68.42" branchCoverage="54.55" isConstructor="false" isStatic="false" isGetter="false" isSetter="false">
              <Summary numSequencePoints="19" visitedSequencePoints="13" numBranchPoints="11" visitedBranchPoints="6" sequenceCoverage="68.42" branchCoverage="54.55" maxCyclomaticComplexity="7" minCyclomaticComplexity="7" visitedClasses="0" numClasses="0" visitedMethods="1" numMethods="1" />
              <MetadataToken>100664913</MetadataToken>
              <Name>System.Void IBM.Watson.DeveloperCloud.Services.RetrieveAndRank.v1.RetrieveAndRank::OnGetClusterConfigsResponse(IBM.Watson.DeveloperCloud.Connection.RESTConnector/Request,IBM.Watson.DeveloperCloud.Connection.RESTConnector/Response)</Name>
              <FileRef uid="211" />
              <SequencePoints>
                <SequencePoint vc="1" uspid="5614" ordinal="0" offset="0" sl="481" sc="7" el="481" ec="56" bec="0" bev="0" fileid="211" />
                <SequencePoint vc="1" uspid="5615" ordinal="1" offset="6" sl="482" sc="7" el="482" ec="24" bec="2" bev="1" fileid="211" />
                <SequencePoint vc="1" uspid="5616" ordinal="2" offset="17" sl="486" sc="11" el="486" ec="30" bec="0" bev="0" fileid="211" />
                <SequencePoint vc="1" uspid="5617" ordinal="3" offset="19" sl="487" sc="11" el="487" ec="60" bec="0" bev="0" fileid="211" />
                <SequencePoint vc="1" uspid="5618" ordinal="4" offset="35" sl="488" sc="11" el="488" ec="59" bec="0" bev="0" fileid="211" />
                <SequencePoint vc="1" uspid="5619" ordinal="5" offset="43" sl="489" sc="11" el="489" ec="28" bec="2" bev="1" fileid="211" />
                <SequencePoint vc="0" uspid="5620" ordinal="6" offset="52" sl="490" sc="13" el="490" ec="60" bec="0" bev="0" fileid="211" />
                <SequencePoint vc="1" uspid="5621" ordinal="7" offset="65" sl="492" sc="11" el="492" ec="35" bec="0" bev="0" fileid="211" />
                <SequencePoint vc="1" uspid="5622" ordinal="8" offset="67" sl="493" sc="11" el="493" ec="74" bec="0" bev="0" fileid="211" />
                <SequencePoint vc="1" uspid="5623" ordinal="9" offset="87" sl="494" sc="11" el="494" ec="28" bec="2" bev="1" fileid="211" />
                <SequencePoint vc="0" uspid="5624" ordinal="10" offset="96" sl="495" sc="13" el="495" ec="60" bec="0" bev="0" fileid="211" />
                <SequencePoint vc="1" uspid="5625" ordinal="11" offset="109" sl="496" sc="9" el="496" ec="10" bec="0" bev="0" fileid="211" />
                <SequencePoint vc="0" uspid="5626" ordinal="12" offset="111" sl="497" sc="9" el="497" ec="28" bec="0" bev="0" fileid="211" />
                <SequencePoint vc="0" uspid="5627" ordinal="13" offset="113" sl="499" sc="11" el="499" ec="99" bec="0" bev="0" fileid="211" />
                <SequencePoint vc="0" uspid="5628" ordinal="14" offset="144" sl="500" sc="11" el="500" ec="32" bec="0" bev="0" fileid="211" />
                <SequencePoint vc="0" uspid="5629" ordinal="15" offset="151" sl="501" sc="9" el="501" ec="10" bec="0" bev="0" fileid="211" />
                <SequencePoint vc="1" uspid="5630" ordinal="16" offset="153" sl="504" sc="7" el="504" ec="60" bec="2" bev="1" fileid="211" />
                <SequencePoint vc="1" uspid="5631" ordinal="17" offset="166" sl="505" sc="9" el="505" ec="122" bec="2" bev="1" fileid="211" />
                <SequencePoint vc="1" uspid="5632" ordinal="18" offset="205" sl="506" sc="5" el="506" ec="6" bec="0" bev="0" fileid="211" />
              </SequencePoints>
              <BranchPoints>
                <BranchPoint vc="1" uspid="5633" ordinal="0" offset="12" sl="482" path="0" offsetend="17" fileid="211" />
                <BranchPoint vc="0" uspid="5634" ordinal="1" offset="12" sl="482" path="1" offsetend="153" fileid="211" />
                <BranchPoint vc="0" uspid="5635" ordinal="2" offset="50" sl="489" path="0" offsetend="52" fileid="211" />
                <BranchPoint vc="1" uspid="5636" ordinal="3" offset="50" sl="489" path="1" offsetend="65" fileid="211" />
                <BranchPoint vc="0" uspid="5637" ordinal="4" offset="94" sl="494" path="0" offsetend="96" fileid="211" />
                <BranchPoint vc="1" uspid="5638" ordinal="5" offset="94" sl="494" path="1" offsetend="109" fileid="211" />
                <BranchPoint vc="1" uspid="5639" ordinal="6" offset="164" sl="504" path="0" offsetend="166" fileid="211" />
                <BranchPoint vc="0" uspid="5640" ordinal="7" offset="164" sl="504" path="1" offsetend="205" fileid="211" />
                <BranchPoint vc="0" uspid="5641" ordinal="8" offset="183" sl="505" path="0" offsetend="185" fileid="211" />
                <BranchPoint vc="1" uspid="5642" ordinal="9" offset="183" sl="505" path="1" offsetend="188" fileid="211" />
              </BranchPoints>
              <MethodPoint xsi:type="SequencePoint" vc="1" uspid="5614" ordinal="0" offset="0" sl="481" sc="7" el="481" ec="56" bec="0" bev="0" fileid="211" />
            </Method>
            <Method visited="true" cyclomaticComplexity="6" nPathComplexity="32" sequenceCoverage="75" branchCoverage="54.55" isConstructor="false" isStatic="false" isGetter="false" isSetter="false">
              <Summary numSequencePoints="20" visitedSequencePoints="15" numBranchPoints="11" visitedBranchPoints="6" sequenceCoverage="75" branchCoverage="54.55" maxCyclomaticComplexity="6" minCyclomaticComplexity="6" visitedClasses="0" numClasses="0" visitedMethods="1" numMethods="1" />
              <MetadataToken>100664914</MetadataToken>
              <Name>System.Boolean IBM.Watson.DeveloperCloud.Services.RetrieveAndRank.v1.RetrieveAndRank::DeleteClusterConfig(IBM.Watson.DeveloperCloud.Services.RetrieveAndRank.v1.RetrieveAndRank/OnDeleteClusterConfig,System.String,System.String,System.String)</Name>
              <FileRef uid="211" />
              <SequencePoints>
                <SequencePoint vc="1" uspid="5643" ordinal="0" offset="0" sl="527" sc="7" el="527" ec="28" bec="2" bev="1" fileid="211" />
                <SequencePoint vc="0" uspid="5644" ordinal="1" offset="3" sl="528" sc="9" el="528" ec="53" bec="0" bev="0" fileid="211" />
                <SequencePoint vc="1" uspid="5645" ordinal="2" offset="14" sl="529" sc="7" el="529" ec="43" bec="2" bev="1" fileid="211" />
                <SequencePoint vc="0" uspid="5646" ordinal="3" offset="22" sl="530" sc="9" el="530" ec="70" bec="0" bev="0" fileid="211" />
                <SequencePoint vc="1" uspid="5647" ordinal="4" offset="33" sl="531" sc="7" el="531" ec="42" bec="2" bev="1" fileid="211" />
                <SequencePoint vc="0" uspid="5648" ordinal="5" offset="41" sl="532" sc="9" el="532" ec="80" bec="0" bev="0" fileid="211" />
                <SequencePoint vc="1" uspid="5649" ordinal="6" offset="52" sl="533" sc="7" el="533" ec="106" bec="2" bev="1" fileid="211" />
                <SequencePoint vc="0" uspid="5650" ordinal="7" offset="75" sl="534" sc="9" el="534" ec="84" bec="0" bev="0" fileid="211" />
                <SequencePoint vc="1" uspid="5651" ordinal="8" offset="86" sl="536" sc="7" el="536" ec="73" bec="0" bev="0" fileid="211" />
                <SequencePoint vc="1" uspid="5652" ordinal="9" offset="92" sl="537" sc="7" el="537" ec="31" bec="0" bev="0" fileid="211" />
                <SequencePoint vc="1" uspid="5653" ordinal="10" offset="99" sl="538" sc="7" el="538" ec="29" bec="0" bev="0" fileid="211" />
                <SequencePoint vc="1" uspid="5654" ordinal="11" offset="107" sl="539" sc="7" el="539" ec="33" bec="0" bev="0" fileid="211" />
                <SequencePoint vc="1" uspid="5655" ordinal="12" offset="114" sl="540" sc="7" el="540" ec="31" bec="0" bev="0" fileid="211" />
                <SequencePoint vc="1" uspid="5656" ordinal="13" offset="121" sl="541" sc="7" el="541" ec="37" bec="0" bev="0" fileid="211" />
                <SequencePoint vc="1" uspid="5657" ordinal="14" offset="132" sl="542" sc="7" el="542" ec="25" bec="0" bev="0" fileid="211" />
                <SequencePoint vc="1" uspid="5658" ordinal="15" offset="139" sl="544" sc="7" el="544" ec="132" bec="0" bev="0" fileid="211" />
                <SequencePoint vc="1" uspid="5659" ordinal="16" offset="163" sl="545" sc="7" el="545" ec="29" bec="2" bev="1" fileid="211" />
                <SequencePoint vc="0" uspid="5660" ordinal="17" offset="166" sl="546" sc="9" el="546" ec="22" bec="0" bev="0" fileid="211" />
                <SequencePoint vc="1" uspid="5661" ordinal="18" offset="168" sl="548" sc="7" el="548" ec="54" bec="0" bev="0" fileid="211" />
                <SequencePoint vc="1" uspid="5662" ordinal="19" offset="186" sl="549" sc="7" el="549" ec="34" bec="0" bev="0" fileid="211" />
              </SequencePoints>
              <BranchPoints>
                <BranchPoint vc="0" uspid="5663" ordinal="0" offset="1" sl="527" path="0" offsetend="3" fileid="211" />
                <BranchPoint vc="1" uspid="5664" ordinal="1" offset="1" sl="527" path="1" offsetend="14" fileid="211" />
                <BranchPoint vc="0" uspid="5665" ordinal="2" offset="20" sl="529" path="0" offsetend="22" fileid="211" />
                <BranchPoint vc="1" uspid="5666" ordinal="3" offset="20" sl="529" path="1" offsetend="33" fileid="211" />
                <BranchPoint vc="0" uspid="5667" ordinal="4" offset="39" sl="531" path="0" offsetend="41" fileid="211" />
                <BranchPoint vc="1" uspid="5668" ordinal="5" offset="39" sl="531" path="1" offsetend="52" fileid="211" />
                <BranchPoint vc="0" uspid="5669" ordinal="6" offset="73" sl="533" path="0" offsetend="75" fileid="211" />
                <BranchPoint vc="1" uspid="5670" ordinal="7" offset="73" sl="533" path="1" offsetend="86" fileid="211" />
                <BranchPoint vc="0" uspid="5671" ordinal="8" offset="164" sl="545" path="0" offsetend="166" fileid="211" />
                <BranchPoint vc="1" uspid="5672" ordinal="9" offset="164" sl="545" path="1" offsetend="168" fileid="211" />
              </BranchPoints>
              <MethodPoint xsi:type="SequencePoint" vc="1" uspid="5643" ordinal="0" offset="0" sl="527" sc="7" el="527" ec="28" bec="2" bev="1" fileid="211" />
            </Method>
            <Method visited="true" cyclomaticComplexity="2" nPathComplexity="2" sequenceCoverage="100" branchCoverage="66.67" isConstructor="false" isStatic="false" isGetter="false" isSetter="false">
              <Summary numSequencePoints="3" visitedSequencePoints="3" numBranchPoints="3" visitedBranchPoints="2" sequenceCoverage="100" branchCoverage="66.67" maxCyclomaticComplexity="2" minCyclomaticComplexity="2" visitedClasses="0" numClasses="0" visitedMethods="1" numMethods="1" />
              <MetadataToken>100664915</MetadataToken>
              <Name>System.Void IBM.Watson.DeveloperCloud.Services.RetrieveAndRank.v1.RetrieveAndRank::OnDeleteClusterConfigResponse(IBM.Watson.DeveloperCloud.Connection.RESTConnector/Request,IBM.Watson.DeveloperCloud.Connection.RESTConnector/Response)</Name>
              <FileRef uid="211" />
              <SequencePoints>
                <SequencePoint vc="1" uspid="5673" ordinal="0" offset="0" sl="577" sc="7" el="577" ec="62" bec="2" bev="1" fileid="211" />
                <SequencePoint vc="1" uspid="5674" ordinal="1" offset="13" sl="578" sc="9" el="578" ec="106" bec="0" bev="0" fileid="211" />
                <SequencePoint vc="1" uspid="5675" ordinal="2" offset="46" sl="579" sc="5" el="579" ec="6" bec="0" bev="0" fileid="211" />
              </SequencePoints>
              <BranchPoints>
                <BranchPoint vc="1" uspid="5676" ordinal="0" offset="11" sl="577" path="0" offsetend="13" fileid="211" />
                <BranchPoint vc="0" uspid="5677" ordinal="1" offset="11" sl="577" path="1" offsetend="46" fileid="211" />
              </BranchPoints>
              <MethodPoint xsi:type="SequencePoint" vc="1" uspid="5673" ordinal="0" offset="0" sl="577" sc="7" el="577" ec="62" bec="2" bev="1" fileid="211" />
            </Method>
            <Method visited="true" cyclomaticComplexity="5" nPathComplexity="16" sequenceCoverage="76.47" branchCoverage="55.56" isConstructor="false" isStatic="false" isGetter="false" isSetter="false">
              <Summary numSequencePoints="17" visitedSequencePoints="13" numBranchPoints="9" visitedBranchPoints="5" sequenceCoverage="76.47" branchCoverage="55.56" maxCyclomaticComplexity="5" minCyclomaticComplexity="5" visitedClasses="0" numClasses="0" visitedMethods="1" numMethods="1" />
              <MetadataToken>100664916</MetadataToken>
              <Name>System.Boolean IBM.Watson.DeveloperCloud.Services.RetrieveAndRank.v1.RetrieveAndRank::GetClusterConfig(IBM.Watson.DeveloperCloud.Services.RetrieveAndRank.v1.RetrieveAndRank/OnGetClusterConfig,System.String,System.String,System.String)</Name>
              <FileRef uid="211" />
              <SequencePoints>
                <SequencePoint vc="1" uspid="5678" ordinal="0" offset="0" sl="600" sc="7" el="600" ec="28" bec="2" bev="1" fileid="211" />
                <SequencePoint vc="0" uspid="5679" ordinal="1" offset="3" sl="601" sc="9" el="601" ec="53" bec="0" bev="0" fileid="211" />
                <SequencePoint vc="1" uspid="5680" ordinal="2" offset="14" sl="602" sc="7" el="602" ec="43" bec="2" bev="1" fileid="211" />
                <SequencePoint vc="0" uspid="5681" ordinal="3" offset="22" sl="603" sc="9" el="603" ec="90" bec="0" bev="0" fileid="211" />
                <SequencePoint vc="1" uspid="5682" ordinal="4" offset="33" sl="604" sc="7" el="604" ec="44" bec="2" bev="1" fileid="211" />
                <SequencePoint vc="0" uspid="5683" ordinal="5" offset="41" sl="605" sc="9" el="605" ec="91" bec="0" bev="0" fileid="211" />
                <SequencePoint vc="1" uspid="5684" ordinal="6" offset="52" sl="607" sc="7" el="607" ec="67" bec="0" bev="0" fileid="211" />
                <SequencePoint vc="1" uspid="5685" ordinal="7" offset="58" sl="608" sc="7" el="608" ec="29" bec="0" bev="0" fileid="211" />
                <SequencePoint vc="1" uspid="5686" ordinal="8" offset="66" sl="609" sc="7" el="609" ec="31" bec="0" bev="0" fileid="211" />
                <SequencePoint vc="1" uspid="5687" ordinal="9" offset="73" sl="610" sc="7" el="610" ec="33" bec="0" bev="0" fileid="211" />
                <SequencePoint vc="1" uspid="5688" ordinal="10" offset="80" sl="611" sc="7" el="611" ec="35" bec="0" bev="0" fileid="211" />
                <SequencePoint vc="1" uspid="5689" ordinal="11" offset="87" sl="612" sc="7" el="612" ec="49" bec="0" bev="0" fileid="211" />
                <SequencePoint vc="1" uspid="5690" ordinal="12" offset="105" sl="613" sc="7" el="613" ec="37" bec="0" bev="0" fileid="211" />
                <SequencePoint vc="1" uspid="5691" ordinal="13" offset="116" sl="615" sc="7" el="615" ec="134" bec="0" bev="0" fileid="211" />
                <SequencePoint vc="1" uspid="5692" ordinal="14" offset="140" sl="616" sc="7" el="616" ec="29" bec="2" bev="1" fileid="211" />
                <SequencePoint vc="0" uspid="5693" ordinal="15" offset="143" sl="617" sc="9" el="617" ec="22" bec="0" bev="0" fileid="211" />
                <SequencePoint vc="1" uspid="5694" ordinal="16" offset="145" sl="619" sc="7" el="619" ec="34" bec="0" bev="0" fileid="211" />
              </SequencePoints>
              <BranchPoints>
                <BranchPoint vc="0" uspid="5695" ordinal="0" offset="1" sl="600" path="0" offsetend="3" fileid="211" />
                <BranchPoint vc="1" uspid="5696" ordinal="1" offset="1" sl="600" path="1" offsetend="14" fileid="211" />
                <BranchPoint vc="0" uspid="5697" ordinal="2" offset="20" sl="602" path="0" offsetend="22" fileid="211" />
                <BranchPoint vc="1" uspid="5698" ordinal="3" offset="20" sl="602" path="1" offsetend="33" fileid="211" />
                <BranchPoint vc="0" uspid="5699" ordinal="4" offset="39" sl="604" path="0" offsetend="41" fileid="211" />
                <BranchPoint vc="1" uspid="5700" ordinal="5" offset="39" sl="604" path="1" offsetend="52" fileid="211" />
                <BranchPoint vc="0" uspid="5701" ordinal="6" offset="141" sl="616" path="0" offsetend="143" fileid="211" />
                <BranchPoint vc="1" uspid="5702" ordinal="7" offset="141" sl="616" path="1" offsetend="145" fileid="211" />
              </BranchPoints>
              <MethodPoint xsi:type="SequencePoint" vc="1" uspid="5678" ordinal="0" offset="0" sl="600" sc="7" el="600" ec="28" bec="2" bev="1" fileid="211" />
            </Method>
            <Method visited="true" cyclomaticComplexity="3" nPathComplexity="4" sequenceCoverage="100" branchCoverage="60" isConstructor="false" isStatic="false" isGetter="false" isSetter="false">
              <Summary numSequencePoints="6" visitedSequencePoints="6" numBranchPoints="5" visitedBranchPoints="3" sequenceCoverage="100" branchCoverage="60" maxCyclomaticComplexity="3" minCyclomaticComplexity="3" visitedClasses="0" numClasses="0" visitedMethods="1" numMethods="1" />
              <MetadataToken>100664917</MetadataToken>
              <Name>System.Void IBM.Watson.DeveloperCloud.Services.RetrieveAndRank.v1.RetrieveAndRank::GetClusterConfigResponse(IBM.Watson.DeveloperCloud.Connection.RESTConnector/Request,IBM.Watson.DeveloperCloud.Connection.RESTConnector/Response)</Name>
              <FileRef uid="211" />
              <SequencePoints>
                <SequencePoint vc="1" uspid="5703" ordinal="0" offset="0" sl="644" sc="7" el="644" ec="30" bec="0" bev="0" fileid="211" />
                <SequencePoint vc="1" uspid="5704" ordinal="1" offset="2" sl="646" sc="7" el="646" ec="24" bec="2" bev="1" fileid="211" />
                <SequencePoint vc="1" uspid="5705" ordinal="2" offset="10" sl="648" sc="9" el="648" ec="30" bec="0" bev="0" fileid="211" />
                <SequencePoint vc="1" uspid="5706" ordinal="3" offset="17" sl="651" sc="7" el="651" ec="59" bec="2" bev="1" fileid="211" />
                <SequencePoint vc="1" uspid="5707" ordinal="4" offset="30" sl="652" sc="9" el="652" ec="96" bec="0" bev="0" fileid="211" />
                <SequencePoint vc="1" uspid="5708" ordinal="5" offset="58" sl="653" sc="5" el="653" ec="6" bec="0" bev="0" fileid="211" />
              </SequencePoints>
              <BranchPoints>
                <BranchPoint vc="1" uspid="5709" ordinal="0" offset="8" sl="646" path="0" offsetend="10" fileid="211" />
                <BranchPoint vc="0" uspid="5710" ordinal="1" offset="8" sl="646" path="1" offsetend="17" fileid="211" />
                <BranchPoint vc="1" uspid="5711" ordinal="2" offset="28" sl="651" path="0" offsetend="30" fileid="211" />
                <BranchPoint vc="0" uspid="5712" ordinal="3" offset="28" sl="651" path="1" offsetend="58" fileid="211" />
              </BranchPoints>
              <MethodPoint xsi:type="SequencePoint" vc="1" uspid="5703" ordinal="0" offset="0" sl="644" sc="7" el="644" ec="30" bec="0" bev="0" fileid="211" />
            </Method>
            <Method visited="false" cyclomaticComplexity="4" nPathComplexity="8" sequenceCoverage="0" branchCoverage="0" isConstructor="false" isStatic="false" isGetter="false" isSetter="false">
              <Summary numSequencePoints="13" visitedSequencePoints="0" numBranchPoints="7" visitedBranchPoints="0" sequenceCoverage="0" branchCoverage="0" maxCyclomaticComplexity="4" minCyclomaticComplexity="4" visitedClasses="0" numClasses="0" visitedMethods="0" numMethods="1" />
              <MetadataToken>100664918</MetadataToken>
              <Name>System.Void IBM.Watson.DeveloperCloud.Services.RetrieveAndRank.v1.RetrieveAndRank::SaveConfig(IBM.Watson.DeveloperCloud.Services.RetrieveAndRank.v1.RetrieveAndRank/OnSaveClusterConfig,System.Byte[],System.String,System.String)</Name>
              <FileRef uid="211" />
              <SequencePoints>
                <SequencePoint vc="0" uspid="5713" ordinal="0" offset="0" sl="671" sc="7" el="671" ec="27" bec="0" bev="0" fileid="211" />
                <SequencePoint vc="0" uspid="5714" ordinal="1" offset="2" sl="672" sc="7" el="672" ec="30" bec="2" bev="0" fileid="211" />
                <SequencePoint vc="0" uspid="5715" ordinal="2" offset="5" sl="676" sc="11" el="676" ec="32" bec="2" bev="0" fileid="211" />
                <SequencePoint vc="0" uspid="5716" ordinal="3" offset="13" sl="677" sc="13" el="677" ec="50" bec="0" bev="0" fileid="211" />
                <SequencePoint vc="0" uspid="5717" ordinal="4" offset="28" sl="681" sc="13" el="681" ec="60" bec="0" bev="0" fileid="211" />
                <SequencePoint vc="0" uspid="5718" ordinal="5" offset="35" sl="684" sc="9" el="684" ec="10" bec="0" bev="0" fileid="211" />
                <SequencePoint vc="0" uspid="5719" ordinal="6" offset="37" sl="685" sc="9" el="685" ec="28" bec="0" bev="0" fileid="211" />
                <SequencePoint vc="0" uspid="5720" ordinal="7" offset="38" sl="687" sc="11" el="687" ec="27" bec="0" bev="0" fileid="211" />
                <SequencePoint vc="0" uspid="5721" ordinal="8" offset="40" sl="688" sc="11" el="688" ec="79" bec="0" bev="0" fileid="211" />
                <SequencePoint vc="0" uspid="5722" ordinal="9" offset="70" sl="689" sc="9" el="689" ec="10" bec="0" bev="0" fileid="211" />
                <SequencePoint vc="0" uspid="5723" ordinal="10" offset="72" sl="692" sc="7" el="692" ec="28" bec="2" bev="0" fileid="211" />
                <SequencePoint vc="0" uspid="5724" ordinal="11" offset="75" sl="693" sc="9" el="693" ec="39" bec="0" bev="0" fileid="211" />
                <SequencePoint vc="0" uspid="5725" ordinal="12" offset="84" sl="694" sc="5" el="694" ec="6" bec="0" bev="0" fileid="211" />
              </SequencePoints>
              <BranchPoints>
                <BranchPoint vc="0" uspid="5726" ordinal="0" offset="3" sl="672" path="0" offsetend="5" fileid="211" />
                <BranchPoint vc="0" uspid="5727" ordinal="1" offset="3" sl="672" path="1" offsetend="72" fileid="211" />
                <BranchPoint vc="0" uspid="5728" ordinal="2" offset="11" sl="676" path="0" offsetend="13" fileid="211" />
                <BranchPoint vc="0" uspid="5729" ordinal="3" offset="11" sl="676" path="1" offsetend="28" fileid="211" />
                <BranchPoint vc="0" uspid="5730" ordinal="4" offset="73" sl="692" path="0" offsetend="75" fileid="211" />
                <BranchPoint vc="0" uspid="5731" ordinal="5" offset="73" sl="692" path="1" offsetend="84" fileid="211" />
              </BranchPoints>
              <MethodPoint xsi:type="SequencePoint" vc="0" uspid="5713" ordinal="0" offset="0" sl="671" sc="7" el="671" ec="27" bec="0" bev="0" fileid="211" />
            </Method>
            <Method visited="true" cyclomaticComplexity="8" nPathComplexity="128" sequenceCoverage="71.43" branchCoverage="53.33" isConstructor="false" isStatic="false" isGetter="false" isSetter="false">
              <Summary numSequencePoints="28" visitedSequencePoints="20" numBranchPoints="15" visitedBranchPoints="8" sequenceCoverage="71.43" branchCoverage="53.33" maxCyclomaticComplexity="8" minCyclomaticComplexity="8" visitedClasses="0" numClasses="0" visitedMethods="1" numMethods="1" />
              <MetadataToken>100664919</MetadataToken>
              <Name>System.Boolean IBM.Watson.DeveloperCloud.Services.RetrieveAndRank.v1.RetrieveAndRank::UploadClusterConfig(IBM.Watson.DeveloperCloud.Services.RetrieveAndRank.v1.RetrieveAndRank/OnUploadClusterConfig,System.String,System.String,System.String,System.String)</Name>
              <FileRef uid="211" />
              <SequencePoints>
                <SequencePoint vc="1" uspid="5732" ordinal="0" offset="0" sl="716" sc="7" el="716" ec="28" bec="2" bev="1" fileid="211" />
                <SequencePoint vc="0" uspid="5733" ordinal="1" offset="3" sl="717" sc="9" el="717" ec="53" bec="0" bev="0" fileid="211" />
                <SequencePoint vc="1" uspid="5734" ordinal="2" offset="14" sl="718" sc="7" el="718" ec="43" bec="2" bev="1" fileid="211" />
                <SequencePoint vc="0" uspid="5735" ordinal="3" offset="22" sl="719" sc="9" el="719" ec="93" bec="0" bev="0" fileid="211" />
                <SequencePoint vc="1" uspid="5736" ordinal="4" offset="33" sl="720" sc="7" el="720" ec="44" bec="2" bev="1" fileid="211" />
                <SequencePoint vc="0" uspid="5737" ordinal="5" offset="41" sl="721" sc="9" el="721" ec="94" bec="0" bev="0" fileid="211" />
                <SequencePoint vc="1" uspid="5738" ordinal="6" offset="52" sl="722" sc="7" el="722" ec="44" bec="2" bev="1" fileid="211" />
                <SequencePoint vc="0" uspid="5739" ordinal="7" offset="61" sl="723" sc="9" el="723" ec="94" bec="0" bev="0" fileid="211" />
                <SequencePoint vc="1" uspid="5740" ordinal="8" offset="72" sl="725" sc="7" el="725" ec="73" bec="0" bev="0" fileid="211" />
                <SequencePoint vc="1" uspid="5741" ordinal="9" offset="78" sl="726" sc="7" el="726" ec="31" bec="0" bev="0" fileid="211" />
                <SequencePoint vc="1" uspid="5742" ordinal="10" offset="85" sl="727" sc="7" el="727" ec="29" bec="0" bev="0" fileid="211" />
                <SequencePoint vc="1" uspid="5743" ordinal="11" offset="93" sl="728" sc="7" el="728" ec="33" bec="0" bev="0" fileid="211" />
                <SequencePoint vc="1" uspid="5744" ordinal="12" offset="100" sl="729" sc="7" el="729" ec="35" bec="0" bev="0" fileid="211" />
                <SequencePoint vc="1" uspid="5745" ordinal="13" offset="107" sl="730" sc="7" el="730" ec="52" bec="0" bev="0" fileid="211" />
                <SequencePoint vc="1" uspid="5746" ordinal="14" offset="125" sl="731" sc="7" el="731" ec="37" bec="0" bev="0" fileid="211" />
                <SequencePoint vc="1" uspid="5747" ordinal="15" offset="136" sl="733" sc="7" el="733" ec="32" bec="0" bev="0" fileid="211" />
                <SequencePoint vc="1" uspid="5748" ordinal="16" offset="138" sl="734" sc="7" el="734" ec="28" bec="2" bev="1" fileid="211" />
                <SequencePoint vc="0" uspid="5749" ordinal="17" offset="146" sl="736" sc="9" el="736" ec="43" bec="0" bev="0" fileid="211" />
                <SequencePoint vc="0" uspid="5750" ordinal="18" offset="160" sl="737" sc="7" el="737" ec="8" bec="0" bev="0" fileid="211" />
                <SequencePoint vc="1" uspid="5751" ordinal="19" offset="162" sl="741" sc="9" el="741" ec="52" bec="0" bev="0" fileid="211" />
                <SequencePoint vc="1" uspid="5752" ordinal="20" offset="170" sl="745" sc="7" el="745" ec="30" bec="2" bev="1" fileid="211" />
                <SequencePoint vc="0" uspid="5753" ordinal="21" offset="173" sl="746" sc="9" el="746" ec="75" bec="0" bev="0" fileid="211" />
                <SequencePoint vc="1" uspid="5754" ordinal="22" offset="199" sl="748" sc="7" el="748" ec="55" bec="0" bev="0" fileid="211" />
                <SequencePoint vc="1" uspid="5755" ordinal="23" offset="220" sl="749" sc="7" el="749" ec="29" bec="0" bev="0" fileid="211" />
                <SequencePoint vc="1" uspid="5756" ordinal="24" offset="227" sl="750" sc="7" el="750" ec="134" bec="0" bev="0" fileid="211" />
                <SequencePoint vc="1" uspid="5757" ordinal="25" offset="251" sl="751" sc="7" el="751" ec="29" bec="2" bev="1" fileid="211" />
                <SequencePoint vc="0" uspid="5758" ordinal="26" offset="254" sl="752" sc="9" el="752" ec="22" bec="0" bev="0" fileid="211" />
                <SequencePoint vc="1" uspid="5759" ordinal="27" offset="256" sl="754" sc="7" el="754" ec="34" bec="0" bev="0" fileid="211" />
              </SequencePoints>
              <BranchPoints>
                <BranchPoint vc="0" uspid="5760" ordinal="0" offset="1" sl="716" path="0" offsetend="3" fileid="211" />
                <BranchPoint vc="1" uspid="5761" ordinal="1" offset="1" sl="716" path="1" offsetend="14" fileid="211" />
                <BranchPoint vc="0" uspid="5762" ordinal="2" offset="20" sl="718" path="0" offsetend="22" fileid="211" />
                <BranchPoint vc="1" uspid="5763" ordinal="3" offset="20" sl="718" path="1" offsetend="33" fileid="211" />
                <BranchPoint vc="0" uspid="5764" ordinal="4" offset="39" sl="720" path="0" offsetend="41" fileid="211" />
                <BranchPoint vc="1" uspid="5765" ordinal="5" offset="39" sl="720" path="1" offsetend="52" fileid="211" />
                <BranchPoint vc="0" uspid="5766" ordinal="6" offset="59" sl="722" path="0" offsetend="61" fileid="211" />
                <BranchPoint vc="1" uspid="5767" ordinal="7" offset="59" sl="722" path="1" offsetend="72" fileid="211" />
                <BranchPoint vc="0" uspid="5768" ordinal="8" offset="144" sl="734" path="0" offsetend="146" fileid="211" />
                <BranchPoint vc="1" uspid="5769" ordinal="9" offset="144" sl="734" path="1" offsetend="162" fileid="211" />
                <BranchPoint vc="0" uspid="5770" ordinal="10" offset="171" sl="745" path="0" offsetend="173" fileid="211" />
                <BranchPoint vc="1" uspid="5771" ordinal="11" offset="171" sl="745" path="1" offsetend="199" fileid="211" />
                <BranchPoint vc="0" uspid="5772" ordinal="12" offset="252" sl="751" path="0" offsetend="254" fileid="211" />
                <BranchPoint vc="1" uspid="5773" ordinal="13" offset="252" sl="751" path="1" offsetend="256" fileid="211" />
              </BranchPoints>
              <MethodPoint xsi:type="SequencePoint" vc="1" uspid="5732" ordinal="0" offset="0" sl="716" sc="7" el="716" ec="28" bec="2" bev="1" fileid="211" />
            </Method>
            <Method visited="true" cyclomaticComplexity="7" nPathComplexity="32" sequenceCoverage="66.67" branchCoverage="54.55" isConstructor="false" isStatic="false" isGetter="false" isSetter="false">
              <Summary numSequencePoints="18" visitedSequencePoints="12" numBranchPoints="11" visitedBranchPoints="6" sequenceCoverage="66.67" branchCoverage="54.55" maxCyclomaticComplexity="7" minCyclomaticComplexity="7" visitedClasses="0" numClasses="0" visitedMethods="1" numMethods="1" />
              <MetadataToken>100664920</MetadataToken>
              <Name>System.Void IBM.Watson.DeveloperCloud.Services.RetrieveAndRank.v1.RetrieveAndRank::UploadClusterConfigResponse(IBM.Watson.DeveloperCloud.Connection.RESTConnector/Request,IBM.Watson.DeveloperCloud.Connection.RESTConnector/Response)</Name>
              <FileRef uid="211" />
              <SequencePoints>
                <SequencePoint vc="1" uspid="5774" ordinal="0" offset="0" sl="779" sc="7" el="779" ec="60" bec="0" bev="0" fileid="211" />
                <SequencePoint vc="1" uspid="5775" ordinal="1" offset="6" sl="780" sc="7" el="780" ec="24" bec="2" bev="1" fileid="211" />
                <SequencePoint vc="1" uspid="5776" ordinal="2" offset="17" sl="784" sc="11" el="784" ec="30" bec="0" bev="0" fileid="211" />
                <SequencePoint vc="1" uspid="5777" ordinal="3" offset="19" sl="785" sc="11" el="785" ec="89" bec="0" bev="0" fileid="211" />
                <SequencePoint vc="1" uspid="5778" ordinal="4" offset="43" sl="786" sc="11" el="786" ec="28" bec="2" bev="1" fileid="211" />
                <SequencePoint vc="0" uspid="5779" ordinal="5" offset="52" sl="787" sc="13" el="787" ec="60" bec="0" bev="0" fileid="211" />
                <SequencePoint vc="1" uspid="5780" ordinal="6" offset="65" sl="789" sc="11" el="789" ec="39" bec="0" bev="0" fileid="211" />
                <SequencePoint vc="1" uspid="5781" ordinal="7" offset="67" sl="790" sc="11" el="790" ec="74" bec="0" bev="0" fileid="211" />
                <SequencePoint vc="1" uspid="5782" ordinal="8" offset="87" sl="791" sc="11" el="791" ec="28" bec="2" bev="1" fileid="211" />
                <SequencePoint vc="0" uspid="5783" ordinal="9" offset="96" sl="792" sc="13" el="792" ec="60" bec="0" bev="0" fileid="211" />
                <SequencePoint vc="1" uspid="5784" ordinal="10" offset="109" sl="793" sc="9" el="793" ec="10" bec="0" bev="0" fileid="211" />
                <SequencePoint vc="0" uspid="5785" ordinal="11" offset="111" sl="794" sc="9" el="794" ec="28" bec="0" bev="0" fileid="211" />
                <SequencePoint vc="0" uspid="5786" ordinal="12" offset="113" sl="796" sc="11" el="796" ec="99" bec="0" bev="0" fileid="211" />
                <SequencePoint vc="0" uspid="5787" ordinal="13" offset="144" sl="797" sc="11" el="797" ec="32" bec="0" bev="0" fileid="211" />
                <SequencePoint vc="0" uspid="5788" ordinal="14" offset="151" sl="798" sc="9" el="798" ec="10" bec="0" bev="0" fileid="211" />
                <SequencePoint vc="1" uspid="5789" ordinal="15" offset="153" sl="801" sc="7" el="801" ec="62" bec="2" bev="1" fileid="211" />
                <SequencePoint vc="1" uspid="5790" ordinal="16" offset="166" sl="802" sc="9" el="802" ec="130" bec="2" bev="1" fileid="211" />
                <SequencePoint vc="1" uspid="5791" ordinal="17" offset="205" sl="803" sc="5" el="803" ec="6" bec="0" bev="0" fileid="211" />
              </SequencePoints>
              <BranchPoints>
                <BranchPoint vc="1" uspid="5792" ordinal="0" offset="12" sl="780" path="0" offsetend="17" fileid="211" />
                <BranchPoint vc="0" uspid="5793" ordinal="1" offset="12" sl="780" path="1" offsetend="153" fileid="211" />
                <BranchPoint vc="0" uspid="5794" ordinal="2" offset="50" sl="786" path="0" offsetend="52" fileid="211" />
                <BranchPoint vc="1" uspid="5795" ordinal="3" offset="50" sl="786" path="1" offsetend="65" fileid="211" />
                <BranchPoint vc="0" uspid="5796" ordinal="4" offset="94" sl="791" path="0" offsetend="96" fileid="211" />
                <BranchPoint vc="1" uspid="5797" ordinal="5" offset="94" sl="791" path="1" offsetend="109" fileid="211" />
                <BranchPoint vc="1" uspid="5798" ordinal="6" offset="164" sl="801" path="0" offsetend="166" fileid="211" />
                <BranchPoint vc="0" uspid="5799" ordinal="7" offset="164" sl="801" path="1" offsetend="205" fileid="211" />
                <BranchPoint vc="0" uspid="5800" ordinal="8" offset="183" sl="802" path="0" offsetend="185" fileid="211" />
                <BranchPoint vc="1" uspid="5801" ordinal="9" offset="183" sl="802" path="1" offsetend="188" fileid="211" />
              </BranchPoints>
              <MethodPoint xsi:type="SequencePoint" vc="1" uspid="5774" ordinal="0" offset="0" sl="779" sc="7" el="779" ec="60" bec="0" bev="0" fileid="211" />
            </Method>
            <Method visited="true" cyclomaticComplexity="11" nPathComplexity="1024" sequenceCoverage="76.47" branchCoverage="61.90" isConstructor="false" isStatic="false" isGetter="false" isSetter="false">
              <Summary numSequencePoints="34" visitedSequencePoints="26" numBranchPoints="21" visitedBranchPoints="13" sequenceCoverage="76.47" branchCoverage="61.90" maxCyclomaticComplexity="11" minCyclomaticComplexity="11" visitedClasses="0" numClasses="0" visitedMethods="1" numMethods="1" />
              <MetadataToken>100664921</MetadataToken>
              <Name>System.Boolean IBM.Watson.DeveloperCloud.Services.RetrieveAndRank.v1.RetrieveAndRank::ForwardCollectionRequest(IBM.Watson.DeveloperCloud.Services.RetrieveAndRank.v1.RetrieveAndRank/OnCollections,System.String,System.String,System.String,System.String,System.String)</Name>
              <FileRef uid="211" />
              <SequencePoints>
                <SequencePoint vc="3" uspid="5802" ordinal="0" offset="0" sl="826" sc="7" el="826" ec="28" bec="2" bev="1" fileid="211" />
                <SequencePoint vc="0" uspid="5803" ordinal="1" offset="3" sl="827" sc="9" el="827" ec="53" bec="0" bev="0" fileid="211" />
                <SequencePoint vc="3" uspid="5804" ordinal="2" offset="14" sl="828" sc="7" el="828" ec="40" bec="2" bev="1" fileid="211" />
                <SequencePoint vc="0" uspid="5805" ordinal="3" offset="22" sl="829" sc="9" el="829" ec="120" bec="0" bev="0" fileid="211" />
                <SequencePoint vc="3" uspid="5806" ordinal="4" offset="33" sl="830" sc="7" el="830" ec="43" bec="2" bev="1" fileid="211" />
                <SequencePoint vc="0" uspid="5807" ordinal="5" offset="41" sl="831" sc="9" el="831" ec="98" bec="0" bev="0" fileid="211" />
                <SequencePoint vc="3" uspid="5808" ordinal="6" offset="52" sl="833" sc="7" el="833" ec="55" bec="0" bev="0" fileid="211" />
                <SequencePoint vc="3" uspid="5809" ordinal="7" offset="58" sl="834" sc="7" el="834" ec="31" bec="0" bev="0" fileid="211" />
                <SequencePoint vc="3" uspid="5810" ordinal="8" offset="65" sl="835" sc="7" el="835" ec="33" bec="0" bev="0" fileid="211" />
                <SequencePoint vc="3" uspid="5811" ordinal="9" offset="72" sl="836" sc="7" el="836" ec="29" bec="0" bev="0" fileid="211" />
                <SequencePoint vc="3" uspid="5812" ordinal="10" offset="80" sl="837" sc="7" el="837" ec="27" bec="0" bev="0" fileid="211" />
                <SequencePoint vc="3" uspid="5813" ordinal="11" offset="87" sl="838" sc="7" el="838" ec="43" bec="0" bev="0" fileid="211" />
                <SequencePoint vc="3" uspid="5814" ordinal="12" offset="95" sl="839" sc="7" el="839" ec="35" bec="0" bev="0" fileid="211" />
                <SequencePoint vc="3" uspid="5815" ordinal="13" offset="103" sl="840" sc="7" el="840" ec="41" bec="0" bev="0" fileid="211" />
                <SequencePoint vc="3" uspid="5816" ordinal="14" offset="120" sl="841" sc="7" el="841" ec="37" bec="0" bev="0" fileid="211" />
                <SequencePoint vc="3" uspid="5817" ordinal="15" offset="141" sl="842" sc="7" el="842" ec="37" bec="0" bev="0" fileid="211" />
                <SequencePoint vc="3" uspid="5818" ordinal="16" offset="152" sl="844" sc="7" el="844" ec="22" bec="6" bev="5" fileid="211" />
                <SequencePoint vc="1" uspid="5819" ordinal="17" offset="196" sl="849" sc="11" el="849" ec="52" bec="2" bev="1" fileid="211" />
                <SequencePoint vc="0" uspid="5820" ordinal="18" offset="205" sl="850" sc="13" el="850" ec="116" bec="0" bev="0" fileid="211" />
                <SequencePoint vc="1" uspid="5821" ordinal="19" offset="216" sl="851" sc="11" el="851" ec="48" bec="2" bev="1" fileid="211" />
                <SequencePoint vc="0" uspid="5822" ordinal="20" offset="225" sl="852" sc="13" el="852" ec="112" bec="0" bev="0" fileid="211" />
                <SequencePoint vc="1" uspid="5823" ordinal="21" offset="236" sl="853" sc="11" el="853" ec="51" bec="0" bev="0" fileid="211" />
                <SequencePoint vc="1" uspid="5824" ordinal="22" offset="254" sl="854" sc="11" el="854" ec="64" bec="0" bev="0" fileid="211" />
                <SequencePoint vc="1" uspid="5825" ordinal="23" offset="272" sl="855" sc="11" el="855" ec="17" bec="0" bev="0" fileid="211" />
                <SequencePoint vc="1" uspid="5826" ordinal="24" offset="274" sl="857" sc="11" el="857" ec="52" bec="2" bev="1" fileid="211" />
                <SequencePoint vc="0" uspid="5827" ordinal="25" offset="283" sl="858" sc="13" el="858" ec="116" bec="0" bev="0" fileid="211" />
                <SequencePoint vc="1" uspid="5828" ordinal="26" offset="294" sl="859" sc="11" el="859" ec="51" bec="0" bev="0" fileid="211" />
                <SequencePoint vc="1" uspid="5829" ordinal="27" offset="312" sl="860" sc="11" el="860" ec="17" bec="0" bev="0" fileid="211" />
                <SequencePoint vc="0" uspid="5830" ordinal="28" offset="314" sl="862" sc="11" el="862" ec="94" bec="0" bev="0" fileid="211" />
                <SequencePoint vc="3" uspid="5831" ordinal="29" offset="331" sl="865" sc="7" el="865" ec="127" bec="0" bev="0" fileid="211" />
                <SequencePoint vc="3" uspid="5832" ordinal="30" offset="354" sl="866" sc="7" el="866" ec="29" bec="2" bev="1" fileid="211" />
                <SequencePoint vc="0" uspid="5833" ordinal="31" offset="357" sl="867" sc="9" el="867" ec="22" bec="0" bev="0" fileid="211" />
                <SequencePoint vc="3" uspid="5834" ordinal="32" offset="359" sl="869" sc="7" el="869" ec="59" bec="0" bev="0" fileid="211" />
                <SequencePoint vc="3" uspid="5835" ordinal="33" offset="377" sl="870" sc="7" el="870" ec="34" bec="0" bev="0" fileid="211" />
              </SequencePoints>
              <BranchPoints>
                <BranchPoint vc="0" uspid="5836" ordinal="0" offset="1" sl="826" path="0" offsetend="3" fileid="211" />
                <BranchPoint vc="3" uspid="5837" ordinal="1" offset="1" sl="826" path="1" offsetend="14" fileid="211" />
                <BranchPoint vc="0" uspid="5838" ordinal="2" offset="20" sl="828" path="0" offsetend="22" fileid="211" />
                <BranchPoint vc="3" uspid="5839" ordinal="3" offset="20" sl="828" path="1" offsetend="33" fileid="211" />
                <BranchPoint vc="0" uspid="5840" ordinal="4" offset="39" sl="830" path="0" offsetend="41" fileid="211" />
                <BranchPoint vc="3" uspid="5841" ordinal="5" offset="39" sl="830" path="1" offsetend="52" fileid="211" />
                <BranchPoint vc="2" uspid="5842" ordinal="6" offset="163" sl="844" path="0" offsetend="168" fileid="211" />
                <BranchPoint vc="1" uspid="5843" ordinal="7" offset="163" sl="844" path="1" offsetend="331" fileid="211" />
                <BranchPoint vc="1" uspid="5844" ordinal="8" offset="179" sl="844" path="0" offsetend="181" fileid="211" />
                <BranchPoint vc="1" uspid="5845" ordinal="9" offset="179" sl="844" path="1" offsetend="196" fileid="211" />
                <BranchPoint vc="0" uspid="5846" ordinal="10" offset="192" sl="844" path="0" offsetchain="194" offsetend="314" fileid="211" />
                <BranchPoint vc="1" uspid="5847" ordinal="11" offset="192" sl="844" path="1" offsetend="274" fileid="211" />
                <BranchPoint vc="0" uspid="5848" ordinal="12" offset="203" sl="849" path="0" offsetend="205" fileid="211" />
                <BranchPoint vc="1" uspid="5849" ordinal="13" offset="203" sl="849" path="1" offsetend="216" fileid="211" />
                <BranchPoint vc="0" uspid="5850" ordinal="14" offset="223" sl="851" path="0" offsetend="225" fileid="211" />
                <BranchPoint vc="1" uspid="5851" ordinal="15" offset="223" sl="851" path="1" offsetend="236" fileid="211" />
                <BranchPoint vc="0" uspid="5852" ordinal="16" offset="281" sl="857" path="0" offsetend="283" fileid="211" />
                <BranchPoint vc="1" uspid="5853" ordinal="17" offset="281" sl="857" path="1" offsetend="294" fileid="211" />
                <BranchPoint vc="0" uspid="5854" ordinal="18" offset="355" sl="866" path="0" offsetend="357" fileid="211" />
                <BranchPoint vc="3" uspid="5855" ordinal="19" offset="355" sl="866" path="1" offsetend="359" fileid="211" />
              </BranchPoints>
              <MethodPoint xsi:type="SequencePoint" vc="3" uspid="5802" ordinal="0" offset="0" sl="826" sc="7" el="826" ec="28" bec="2" bev="1" fileid="211" />
            </Method>
            <Method visited="true" cyclomaticComplexity="7" nPathComplexity="32" sequenceCoverage="66.67" branchCoverage="54.55" isConstructor="false" isStatic="false" isGetter="false" isSetter="false">
              <Summary numSequencePoints="18" visitedSequencePoints="12" numBranchPoints="11" visitedBranchPoints="6" sequenceCoverage="66.67" branchCoverage="54.55" maxCyclomaticComplexity="7" minCyclomaticComplexity="7" visitedClasses="0" numClasses="0" visitedMethods="1" numMethods="1" />
              <MetadataToken>100664922</MetadataToken>
              <Name>System.Void IBM.Watson.DeveloperCloud.Services.RetrieveAndRank.v1.RetrieveAndRank::OnForwardCollectionRequestResponse(IBM.Watson.DeveloperCloud.Connection.RESTConnector/Request,IBM.Watson.DeveloperCloud.Connection.RESTConnector/Response)</Name>
              <FileRef uid="211" />
              <SequencePoints>
                <SequencePoint vc="3" uspid="5856" ordinal="0" offset="0" sl="906" sc="7" el="906" ec="71" bec="0" bev="0" fileid="211" />
                <SequencePoint vc="3" uspid="5857" ordinal="1" offset="6" sl="907" sc="7" el="907" ec="24" bec="2" bev="1" fileid="211" />
                <SequencePoint vc="3" uspid="5858" ordinal="2" offset="17" sl="911" sc="11" el="911" ec="30" bec="0" bev="0" fileid="211" />
                <SequencePoint vc="3" uspid="5859" ordinal="3" offset="19" sl="912" sc="11" el="912" ec="89" bec="0" bev="0" fileid="211" />
                <SequencePoint vc="3" uspid="5860" ordinal="4" offset="43" sl="913" sc="11" el="913" ec="28" bec="2" bev="1" fileid="211" />
                <SequencePoint vc="0" uspid="5861" ordinal="5" offset="52" sl="914" sc="13" el="914" ec="60" bec="0" bev="0" fileid="211" />
                <SequencePoint vc="3" uspid="5862" ordinal="6" offset="65" sl="916" sc="11" el="916" ec="40" bec="0" bev="0" fileid="211" />
                <SequencePoint vc="3" uspid="5863" ordinal="7" offset="67" sl="917" sc="11" el="917" ec="74" bec="0" bev="0" fileid="211" />
                <SequencePoint vc="3" uspid="5864" ordinal="8" offset="87" sl="918" sc="11" el="918" ec="28" bec="2" bev="1" fileid="211" />
                <SequencePoint vc="0" uspid="5865" ordinal="9" offset="96" sl="919" sc="13" el="919" ec="60" bec="0" bev="0" fileid="211" />
                <SequencePoint vc="3" uspid="5866" ordinal="10" offset="109" sl="920" sc="9" el="920" ec="10" bec="0" bev="0" fileid="211" />
                <SequencePoint vc="0" uspid="5867" ordinal="11" offset="111" sl="921" sc="9" el="921" ec="28" bec="0" bev="0" fileid="211" />
                <SequencePoint vc="0" uspid="5868" ordinal="12" offset="113" sl="923" sc="11" el="923" ec="106" bec="0" bev="0" fileid="211" />
                <SequencePoint vc="0" uspid="5869" ordinal="13" offset="144" sl="924" sc="11" el="924" ec="32" bec="0" bev="0" fileid="211" />
                <SequencePoint vc="0" uspid="5870" ordinal="14" offset="151" sl="925" sc="9" el="925" ec="10" bec="0" bev="0" fileid="211" />
                <SequencePoint vc="3" uspid="5871" ordinal="15" offset="153" sl="928" sc="7" el="928" ec="53" bec="2" bev="1" fileid="211" />
                <SequencePoint vc="3" uspid="5872" ordinal="16" offset="166" sl="929" sc="9" el="929" ec="113" bec="2" bev="1" fileid="211" />
                <SequencePoint vc="3" uspid="5873" ordinal="17" offset="205" sl="930" sc="5" el="930" ec="6" bec="0" bev="0" fileid="211" />
              </SequencePoints>
              <BranchPoints>
                <BranchPoint vc="3" uspid="5874" ordinal="0" offset="12" sl="907" path="0" offsetend="17" fileid="211" />
                <BranchPoint vc="0" uspid="5875" ordinal="1" offset="12" sl="907" path="1" offsetend="153" fileid="211" />
                <BranchPoint vc="0" uspid="5876" ordinal="2" offset="50" sl="913" path="0" offsetend="52" fileid="211" />
                <BranchPoint vc="3" uspid="5877" ordinal="3" offset="50" sl="913" path="1" offsetend="65" fileid="211" />
                <BranchPoint vc="0" uspid="5878" ordinal="4" offset="94" sl="918" path="0" offsetend="96" fileid="211" />
                <BranchPoint vc="3" uspid="5879" ordinal="5" offset="94" sl="918" path="1" offsetend="109" fileid="211" />
                <BranchPoint vc="3" uspid="5880" ordinal="6" offset="164" sl="928" path="0" offsetend="166" fileid="211" />
                <BranchPoint vc="0" uspid="5881" ordinal="7" offset="164" sl="928" path="1" offsetend="205" fileid="211" />
                <BranchPoint vc="0" uspid="5882" ordinal="8" offset="183" sl="929" path="0" offsetend="185" fileid="211" />
                <BranchPoint vc="3" uspid="5883" ordinal="9" offset="183" sl="929" path="1" offsetend="188" fileid="211" />
              </BranchPoints>
              <MethodPoint xsi:type="SequencePoint" vc="3" uspid="5856" ordinal="0" offset="0" sl="906" sc="7" el="906" ec="71" bec="0" bev="0" fileid="211" />
            </Method>
            <Method visited="true" cyclomaticComplexity="8" nPathComplexity="128" sequenceCoverage="72.41" branchCoverage="53.33" isConstructor="false" isStatic="false" isGetter="false" isSetter="false">
              <Summary numSequencePoints="29" visitedSequencePoints="21" numBranchPoints="15" visitedBranchPoints="8" sequenceCoverage="72.41" branchCoverage="53.33" maxCyclomaticComplexity="8" minCyclomaticComplexity="8" visitedClasses="0" numClasses="0" visitedMethods="1" numMethods="1" />
              <MetadataToken>100664923</MetadataToken>
              <Name>System.Boolean IBM.Watson.DeveloperCloud.Services.RetrieveAndRank.v1.RetrieveAndRank::IndexDocuments(IBM.Watson.DeveloperCloud.Services.RetrieveAndRank.v1.RetrieveAndRank/OnIndexDocuments,System.String,System.String,System.String,System.String)</Name>
              <FileRef uid="211" />
              <SequencePoints>
                <SequencePoint vc="1" uspid="5884" ordinal="0" offset="0" sl="952" sc="7" el="952" ec="28" bec="2" bev="1" fileid="211" />
                <SequencePoint vc="0" uspid="5885" ordinal="1" offset="3" sl="953" sc="9" el="953" ec="53" bec="0" bev="0" fileid="211" />
                <SequencePoint vc="1" uspid="5886" ordinal="2" offset="14" sl="954" sc="7" el="954" ec="47" bec="2" bev="1" fileid="211" />
                <SequencePoint vc="0" uspid="5887" ordinal="3" offset="22" sl="955" sc="9" el="955" ec="99" bec="0" bev="0" fileid="211" />
                <SequencePoint vc="1" uspid="5888" ordinal="4" offset="33" sl="956" sc="7" el="956" ec="43" bec="2" bev="1" fileid="211" />
                <SequencePoint vc="0" uspid="5889" ordinal="5" offset="41" sl="957" sc="9" el="957" ec="88" bec="0" bev="0" fileid="211" />
                <SequencePoint vc="1" uspid="5890" ordinal="6" offset="52" sl="958" sc="7" el="958" ec="48" bec="2" bev="1" fileid="211" />
                <SequencePoint vc="0" uspid="5891" ordinal="7" offset="61" sl="959" sc="9" el="959" ec="93" bec="0" bev="0" fileid="211" />
                <SequencePoint vc="1" uspid="5892" ordinal="8" offset="72" sl="961" sc="7" el="961" ec="63" bec="0" bev="0" fileid="211" />
                <SequencePoint vc="1" uspid="5893" ordinal="9" offset="78" sl="962" sc="7" el="962" ec="31" bec="0" bev="0" fileid="211" />
                <SequencePoint vc="1" uspid="5894" ordinal="10" offset="85" sl="963" sc="7" el="963" ec="41" bec="0" bev="0" fileid="211" />
                <SequencePoint vc="1" uspid="5895" ordinal="11" offset="92" sl="964" sc="7" el="964" ec="33" bec="0" bev="0" fileid="211" />
                <SequencePoint vc="1" uspid="5896" ordinal="12" offset="99" sl="965" sc="7" el="965" ec="43" bec="0" bev="0" fileid="211" />
                <SequencePoint vc="1" uspid="5897" ordinal="13" offset="107" sl="966" sc="7" el="966" ec="29" bec="0" bev="0" fileid="211" />
                <SequencePoint vc="1" uspid="5898" ordinal="14" offset="115" sl="967" sc="7" el="967" ec="37" bec="0" bev="0" fileid="211" />
                <SequencePoint vc="1" uspid="5899" ordinal="15" offset="126" sl="970" sc="7" el="970" ec="28" bec="2" bev="1" fileid="211" />
                <SequencePoint vc="0" uspid="5900" ordinal="16" offset="134" sl="972" sc="9" el="972" ec="54" bec="0" bev="0" fileid="211" />
                <SequencePoint vc="0" uspid="5901" ordinal="17" offset="141" sl="973" sc="7" el="973" ec="8" bec="0" bev="0" fileid="211" />
                <SequencePoint vc="1" uspid="5902" ordinal="18" offset="143" sl="977" sc="9" el="977" ec="54" bec="0" bev="0" fileid="211" />
                <SequencePoint vc="1" uspid="5903" ordinal="19" offset="150" sl="981" sc="7" el="981" ec="29" bec="2" bev="1" fileid="211" />
                <SequencePoint vc="0" uspid="5904" ordinal="20" offset="153" sl="982" sc="9" el="982" ec="78" bec="0" bev="0" fileid="211" />
                <SequencePoint vc="1" uspid="5905" ordinal="21" offset="178" sl="984" sc="7" el="984" ec="149" bec="0" bev="0" fileid="211" />
                <SequencePoint vc="1" uspid="5906" ordinal="22" offset="203" sl="985" sc="7" el="985" ec="29" bec="2" bev="1" fileid="211" />
                <SequencePoint vc="0" uspid="5907" ordinal="23" offset="206" sl="986" sc="9" el="986" ec="22" bec="0" bev="0" fileid="211" />
                <SequencePoint vc="1" uspid="5908" ordinal="24" offset="208" sl="988" sc="7" el="988" ec="59" bec="0" bev="0" fileid="211" />
                <SequencePoint vc="1" uspid="5909" ordinal="25" offset="229" sl="989" sc="7" el="989" ec="64" bec="0" bev="0" fileid="211" />
                <SequencePoint vc="1" uspid="5910" ordinal="26" offset="240" sl="990" sc="7" el="990" ec="99" bec="0" bev="0" fileid="211" />
                <SequencePoint vc="1" uspid="5911" ordinal="27" offset="272" sl="991" sc="7" el="991" ec="49" bec="0" bev="0" fileid="211" />
                <SequencePoint vc="1" uspid="5912" ordinal="28" offset="290" sl="992" sc="7" el="992" ec="34" bec="0" bev="0" fileid="211" />
              </SequencePoints>
              <BranchPoints>
                <BranchPoint vc="0" uspid="5913" ordinal="0" offset="1" sl="952" path="0" offsetend="3" fileid="211" />
                <BranchPoint vc="1" uspid="5914" ordinal="1" offset="1" sl="952" path="1" offsetend="14" fileid="211" />
                <BranchPoint vc="0" uspid="5915" ordinal="2" offset="20" sl="954" path="0" offsetend="22" fileid="211" />
                <BranchPoint vc="1" uspid="5916" ordinal="3" offset="20" sl="954" path="1" offsetend="33" fileid="211" />
                <BranchPoint vc="0" uspid="5917" ordinal="4" offset="39" sl="956" path="0" offsetend="41" fileid="211" />
                <BranchPoint vc="1" uspid="5918" ordinal="5" offset="39" sl="956" path="1" offsetend="52" fileid="211" />
                <BranchPoint vc="0" uspid="5919" ordinal="6" offset="59" sl="958" path="0" offsetend="61" fileid="211" />
                <BranchPoint vc="1" uspid="5920" ordinal="7" offset="59" sl="958" path="1" offsetend="72" fileid="211" />
                <BranchPoint vc="0" uspid="5921" ordinal="8" offset="132" sl="970" path="0" offsetend="134" fileid="211" />
                <BranchPoint vc="1" uspid="5922" ordinal="9" offset="132" sl="970" path="1" offsetend="143" fileid="211" />
                <BranchPoint vc="0" uspid="5923" ordinal="10" offset="151" sl="981" path="0" offsetend="153" fileid="211" />
                <BranchPoint vc="1" uspid="5924" ordinal="11" offset="151" sl="981" path="1" offsetend="178" fileid="211" />
                <BranchPoint vc="0" uspid="5925" ordinal="12" offset="204" sl="985" path="0" offsetend="206" fileid="211" />
                <BranchPoint vc="1" uspid="5926" ordinal="13" offset="204" sl="985" path="1" offsetend="208" fileid="211" />
              </BranchPoints>
              <MethodPoint xsi:type="SequencePoint" vc="1" uspid="5884" ordinal="0" offset="0" sl="952" sc="7" el="952" ec="28" bec="2" bev="1" fileid="211" />
            </Method>
            <Method visited="true" cyclomaticComplexity="7" nPathComplexity="32" sequenceCoverage="70" branchCoverage="54.55" isConstructor="false" isStatic="false" isGetter="false" isSetter="false">
              <Summary numSequencePoints="20" visitedSequencePoints="14" numBranchPoints="11" visitedBranchPoints="6" sequenceCoverage="70" branchCoverage="54.55" maxCyclomaticComplexity="7" minCyclomaticComplexity="7" visitedClasses="0" numClasses="0" visitedMethods="1" numMethods="1" />
              <MetadataToken>100664924</MetadataToken>
              <Name>System.Void IBM.Watson.DeveloperCloud.Services.RetrieveAndRank.v1.RetrieveAndRank::OnIndexDocumentsResponse(IBM.Watson.DeveloperCloud.Connection.RESTConnector/Request,IBM.Watson.DeveloperCloud.Connection.RESTConnector/Response)</Name>
              <FileRef uid="211" />
              <SequencePoints>
                <SequencePoint vc="1" uspid="5927" ordinal="0" offset="0" sl="1024" sc="7" el="1024" ec="61" bec="0" bev="0" fileid="211" />
                <SequencePoint vc="1" uspid="5928" ordinal="1" offset="6" sl="1025" sc="7" el="1025" ec="24" bec="2" bev="1" fileid="211" />
                <SequencePoint vc="1" uspid="5929" ordinal="2" offset="17" sl="1029" sc="11" el="1029" ec="30" bec="0" bev="0" fileid="211" />
                <SequencePoint vc="1" uspid="5930" ordinal="3" offset="19" sl="1030" sc="11" el="1030" ec="60" bec="0" bev="0" fileid="211" />
                <SequencePoint vc="1" uspid="5931" ordinal="4" offset="36" sl="1031" sc="11" el="1031" ec="58" bec="0" bev="0" fileid="211" />
                <SequencePoint vc="1" uspid="5932" ordinal="5" offset="61" sl="1032" sc="11" el="1032" ec="59" bec="0" bev="0" fileid="211" />
                <SequencePoint vc="1" uspid="5933" ordinal="6" offset="70" sl="1033" sc="11" el="1033" ec="28" bec="2" bev="1" fileid="211" />
                <SequencePoint vc="0" uspid="5934" ordinal="7" offset="79" sl="1034" sc="13" el="1034" ec="60" bec="0" bev="0" fileid="211" />
                <SequencePoint vc="1" uspid="5935" ordinal="8" offset="92" sl="1035" sc="11" el="1035" ec="42" bec="0" bev="0" fileid="211" />
                <SequencePoint vc="1" uspid="5936" ordinal="9" offset="95" sl="1036" sc="11" el="1036" ec="74" bec="0" bev="0" fileid="211" />
                <SequencePoint vc="1" uspid="5937" ordinal="10" offset="116" sl="1037" sc="11" el="1037" ec="28" bec="2" bev="1" fileid="211" />
                <SequencePoint vc="0" uspid="5938" ordinal="11" offset="125" sl="1038" sc="13" el="1038" ec="60" bec="0" bev="0" fileid="211" />
                <SequencePoint vc="1" uspid="5939" ordinal="12" offset="138" sl="1039" sc="9" el="1039" ec="10" bec="0" bev="0" fileid="211" />
                <SequencePoint vc="0" uspid="5940" ordinal="13" offset="140" sl="1040" sc="9" el="1040" ec="28" bec="0" bev="0" fileid="211" />
                <SequencePoint vc="0" uspid="5941" ordinal="14" offset="142" sl="1042" sc="11" el="1042" ec="96" bec="0" bev="0" fileid="211" />
                <SequencePoint vc="0" uspid="5942" ordinal="15" offset="173" sl="1043" sc="11" el="1043" ec="32" bec="0" bev="0" fileid="211" />
                <SequencePoint vc="0" uspid="5943" ordinal="16" offset="180" sl="1044" sc="9" el="1044" ec="10" bec="0" bev="0" fileid="211" />
                <SequencePoint vc="1" uspid="5944" ordinal="17" offset="182" sl="1047" sc="7" el="1047" ec="57" bec="2" bev="1" fileid="211" />
                <SequencePoint vc="1" uspid="5945" ordinal="18" offset="195" sl="1048" sc="9" el="1048" ec="123" bec="2" bev="1" fileid="211" />
                <SequencePoint vc="1" uspid="5946" ordinal="19" offset="234" sl="1049" sc="5" el="1049" ec="6" bec="0" bev="0" fileid="211" />
              </SequencePoints>
              <BranchPoints>
                <BranchPoint vc="1" uspid="5947" ordinal="0" offset="12" sl="1025" path="0" offsetend="17" fileid="211" />
                <BranchPoint vc="0" uspid="5948" ordinal="1" offset="12" sl="1025" path="1" offsetend="182" fileid="211" />
                <BranchPoint vc="0" uspid="5949" ordinal="2" offset="77" sl="1033" path="0" offsetend="79" fileid="211" />
                <BranchPoint vc="1" uspid="5950" ordinal="3" offset="77" sl="1033" path="1" offsetend="92" fileid="211" />
                <BranchPoint vc="0" uspid="5951" ordinal="4" offset="123" sl="1037" path="0" offsetend="125" fileid="211" />
                <BranchPoint vc="1" uspid="5952" ordinal="5" offset="123" sl="1037" path="1" offsetend="138" fileid="211" />
                <BranchPoint vc="1" uspid="5953" ordinal="6" offset="193" sl="1047" path="0" offsetend="195" fileid="211" />
                <BranchPoint vc="0" uspid="5954" ordinal="7" offset="193" sl="1047" path="1" offsetend="234" fileid="211" />
                <BranchPoint vc="0" uspid="5955" ordinal="8" offset="212" sl="1048" path="0" offsetend="214" fileid="211" />
                <BranchPoint vc="1" uspid="5956" ordinal="9" offset="212" sl="1048" path="1" offsetend="217" fileid="211" />
              </BranchPoints>
              <MethodPoint xsi:type="SequencePoint" vc="1" uspid="5927" ordinal="0" offset="0" sl="1024" sc="7" el="1024" ec="61" bec="0" bev="0" fileid="211" />
            </Method>
            <Method visited="true" cyclomaticComplexity="8" nPathComplexity="128" sequenceCoverage="79.31" branchCoverage="60" isConstructor="false" isStatic="false" isGetter="false" isSetter="false">
              <Summary numSequencePoints="29" visitedSequencePoints="23" numBranchPoints="15" visitedBranchPoints="9" sequenceCoverage="79.31" branchCoverage="60" maxCyclomaticComplexity="8" minCyclomaticComplexity="8" visitedClasses="0" numClasses="0" visitedMethods="1" numMethods="1" />
              <MetadataToken>100664925</MetadataToken>
              <Name>System.Boolean IBM.Watson.DeveloperCloud.Services.RetrieveAndRank.v1.RetrieveAndRank::Search(IBM.Watson.DeveloperCloud.Services.RetrieveAndRank.v1.RetrieveAndRank/OnSearch,System.String,System.String,System.String,System.String[],System.Boolean,System.String,System.String)</Name>
              <FileRef uid="211" />
              <SequencePoints>
                <SequencePoint vc="2" uspid="5957" ordinal="0" offset="0" sl="1074" sc="7" el="1074" ec="28" bec="2" bev="1" fileid="211" />
                <SequencePoint vc="0" uspid="5958" ordinal="1" offset="3" sl="1075" sc="9" el="1075" ec="53" bec="0" bev="0" fileid="211" />
                <SequencePoint vc="2" uspid="5959" ordinal="2" offset="14" sl="1076" sc="7" el="1076" ec="43" bec="2" bev="1" fileid="211" />
                <SequencePoint vc="0" uspid="5960" ordinal="3" offset="22" sl="1077" sc="9" el="1077" ec="79" bec="0" bev="0" fileid="211" />
                <SequencePoint vc="2" uspid="5961" ordinal="4" offset="33" sl="1078" sc="7" el="1078" ec="48" bec="2" bev="1" fileid="211" />
                <SequencePoint vc="0" uspid="5962" ordinal="5" offset="41" sl="1079" sc="9" el="1079" ec="84" bec="0" bev="0" fileid="211" />
                <SequencePoint vc="2" uspid="5963" ordinal="6" offset="52" sl="1080" sc="7" el="1080" ec="39" bec="2" bev="1" fileid="211" />
                <SequencePoint vc="0" uspid="5964" ordinal="7" offset="61" sl="1081" sc="9" el="1081" ec="75" bec="0" bev="0" fileid="211" />
                <SequencePoint vc="2" uspid="5965" ordinal="8" offset="72" sl="1082" sc="7" el="1082" ec="35" bec="2" bev="1" fileid="211" />
                <SequencePoint vc="0" uspid="5966" ordinal="9" offset="76" sl="1083" sc="9" el="1083" ec="88" bec="0" bev="0" fileid="211" />
                <SequencePoint vc="2" uspid="5967" ordinal="10" offset="87" sl="1085" sc="7" el="1085" ec="47" bec="0" bev="0" fileid="211" />
                <SequencePoint vc="2" uspid="5968" ordinal="11" offset="93" sl="1086" sc="7" el="1086" ec="31" bec="0" bev="0" fileid="211" />
                <SequencePoint vc="2" uspid="5969" ordinal="12" offset="100" sl="1087" sc="7" el="1087" ec="33" bec="0" bev="0" fileid="211" />
                <SequencePoint vc="2" uspid="5970" ordinal="13" offset="107" sl="1088" sc="7" el="1088" ec="43" bec="0" bev="0" fileid="211" />
                <SequencePoint vc="2" uspid="5971" ordinal="14" offset="114" sl="1089" sc="7" el="1089" ec="25" bec="0" bev="0" fileid="211" />
                <SequencePoint vc="2" uspid="5972" ordinal="15" offset="122" sl="1090" sc="7" el="1090" ec="19" bec="0" bev="0" fileid="211" />
                <SequencePoint vc="2" uspid="5973" ordinal="16" offset="130" sl="1091" sc="7" el="1091" ec="29" bec="0" bev="0" fileid="211" />
                <SequencePoint vc="2" uspid="5974" ordinal="17" offset="138" sl="1092" sc="7" el="1092" ec="37" bec="0" bev="0" fileid="211" />
                <SequencePoint vc="2" uspid="5975" ordinal="18" offset="149" sl="1094" sc="7" el="1094" ec="37" bec="0" bev="0" fileid="211" />
                <SequencePoint vc="2" uspid="5976" ordinal="19" offset="170" sl="1095" sc="7" el="1095" ec="35" bec="0" bev="0" fileid="211" />
                <SequencePoint vc="2" uspid="5977" ordinal="20" offset="188" sl="1096" sc="7" el="1096" ec="51" bec="0" bev="0" fileid="211" />
                <SequencePoint vc="2" uspid="5978" ordinal="21" offset="216" sl="1098" sc="7" el="1098" ec="41" bec="0" bev="0" fileid="211" />
                <SequencePoint vc="2" uspid="5979" ordinal="22" offset="234" sl="1101" sc="7" el="1101" ec="27" bec="2" bev="2" fileid="211" />
                <SequencePoint vc="1" uspid="5980" ordinal="23" offset="238" sl="1102" sc="9" el="1102" ec="137" bec="0" bev="0" fileid="211" />
                <SequencePoint vc="1" uspid="5981" ordinal="24" offset="264" sl="1105" sc="9" el="1105" ec="139" bec="0" bev="0" fileid="211" />
                <SequencePoint vc="1" uspid="5982" ordinal="25" offset="288" sl="1106" sc="9" el="1106" ec="48" bec="0" bev="0" fileid="211" />
                <SequencePoint vc="2" uspid="5983" ordinal="26" offset="306" sl="1109" sc="7" el="1109" ec="29" bec="2" bev="1" fileid="211" />
                <SequencePoint vc="0" uspid="5984" ordinal="27" offset="309" sl="1110" sc="9" el="1110" ec="22" bec="0" bev="0" fileid="211" />
                <SequencePoint vc="2" uspid="5985" ordinal="28" offset="311" sl="1112" sc="7" el="1112" ec="34" bec="0" bev="0" fileid="211" />
              </SequencePoints>
              <BranchPoints>
                <BranchPoint vc="0" uspid="5986" ordinal="0" offset="1" sl="1074" path="0" offsetend="3" fileid="211" />
                <BranchPoint vc="2" uspid="5987" ordinal="1" offset="1" sl="1074" path="1" offsetend="14" fileid="211" />
                <BranchPoint vc="0" uspid="5988" ordinal="2" offset="20" sl="1076" path="0" offsetend="22" fileid="211" />
                <BranchPoint vc="2" uspid="5989" ordinal="3" offset="20" sl="1076" path="1" offsetend="33" fileid="211" />
                <BranchPoint vc="0" uspid="5990" ordinal="4" offset="39" sl="1078" path="0" offsetend="41" fileid="211" />
                <BranchPoint vc="2" uspid="5991" ordinal="5" offset="39" sl="1078" path="1" offsetend="52" fileid="211" />
                <BranchPoint vc="0" uspid="5992" ordinal="6" offset="59" sl="1080" path="0" offsetend="61" fileid="211" />
                <BranchPoint vc="2" uspid="5993" ordinal="7" offset="59" sl="1080" path="1" offsetend="72" fileid="211" />
                <BranchPoint vc="0" uspid="5994" ordinal="8" offset="74" sl="1082" path="0" offsetend="76" fileid="211" />
                <BranchPoint vc="2" uspid="5995" ordinal="9" offset="74" sl="1082" path="1" offsetend="87" fileid="211" />
                <BranchPoint vc="1" uspid="5996" ordinal="10" offset="236" sl="1101" path="0" offsetend="238" fileid="211" />
                <BranchPoint vc="1" uspid="5997" ordinal="11" offset="236" sl="1101" path="1" offsetend="264" fileid="211" />
                <BranchPoint vc="0" uspid="5998" ordinal="12" offset="307" sl="1109" path="0" offsetend="309" fileid="211" />
                <BranchPoint vc="2" uspid="5999" ordinal="13" offset="307" sl="1109" path="1" offsetend="311" fileid="211" />
              </BranchPoints>
              <MethodPoint xsi:type="SequencePoint" vc="2" uspid="5957" ordinal="0" offset="0" sl="1074" sc="7" el="1074" ec="28" bec="2" bev="1" fileid="211" />
            </Method>
            <Method visited="true" cyclomaticComplexity="7" nPathComplexity="32" sequenceCoverage="66.67" branchCoverage="54.55" isConstructor="false" isStatic="false" isGetter="false" isSetter="false">
              <Summary numSequencePoints="18" visitedSequencePoints="12" numBranchPoints="11" visitedBranchPoints="6" sequenceCoverage="66.67" branchCoverage="54.55" maxCyclomaticComplexity="7" minCyclomaticComplexity="7" visitedClasses="0" numClasses="0" visitedMethods="1" numMethods="1" />
              <MetadataToken>100664926</MetadataToken>
              <Name>System.Void IBM.Watson.DeveloperCloud.Services.RetrieveAndRank.v1.RetrieveAndRank::OnSearchResponse(IBM.Watson.DeveloperCloud.Connection.RESTConnector/Request,IBM.Watson.DeveloperCloud.Connection.RESTConnector/Response)</Name>
              <FileRef uid="211" />
              <SequencePoints>
                <SequencePoint vc="2" uspid="6000" ordinal="0" offset="0" sl="1148" sc="7" el="1148" ec="56" bec="0" bev="0" fileid="211" />
                <SequencePoint vc="2" uspid="6001" ordinal="1" offset="6" sl="1149" sc="7" el="1149" ec="24" bec="2" bev="1" fileid="211" />
                <SequencePoint vc="2" uspid="6002" ordinal="2" offset="17" sl="1153" sc="11" el="1153" ec="30" bec="0" bev="0" fileid="211" />
                <SequencePoint vc="2" uspid="6003" ordinal="3" offset="19" sl="1154" sc="11" el="1154" ec="89" bec="0" bev="0" fileid="211" />
                <SequencePoint vc="2" uspid="6004" ordinal="4" offset="43" sl="1155" sc="11" el="1155" ec="28" bec="2" bev="1" fileid="211" />
                <SequencePoint vc="0" uspid="6005" ordinal="5" offset="52" sl="1156" sc="13" el="1156" ec="60" bec="0" bev="0" fileid="211" />
                <SequencePoint vc="2" uspid="6006" ordinal="6" offset="65" sl="1158" sc="11" el="1158" ec="35" bec="0" bev="0" fileid="211" />
                <SequencePoint vc="2" uspid="6007" ordinal="7" offset="67" sl="1159" sc="11" el="1159" ec="74" bec="0" bev="0" fileid="211" />
                <SequencePoint vc="2" uspid="6008" ordinal="8" offset="87" sl="1160" sc="11" el="1160" ec="28" bec="2" bev="1" fileid="211" />
                <SequencePoint vc="0" uspid="6009" ordinal="9" offset="96" sl="1161" sc="13" el="1161" ec="60" bec="0" bev="0" fileid="211" />
                <SequencePoint vc="2" uspid="6010" ordinal="10" offset="109" sl="1162" sc="9" el="1162" ec="10" bec="0" bev="0" fileid="211" />
                <SequencePoint vc="0" uspid="6011" ordinal="11" offset="111" sl="1163" sc="9" el="1163" ec="28" bec="0" bev="0" fileid="211" />
                <SequencePoint vc="0" uspid="6012" ordinal="12" offset="113" sl="1165" sc="11" el="1165" ec="88" bec="0" bev="0" fileid="211" />
                <SequencePoint vc="0" uspid="6013" ordinal="13" offset="144" sl="1166" sc="11" el="1166" ec="32" bec="0" bev="0" fileid="211" />
                <SequencePoint vc="0" uspid="6014" ordinal="14" offset="151" sl="1167" sc="9" el="1167" ec="10" bec="0" bev="0" fileid="211" />
                <SequencePoint vc="2" uspid="6015" ordinal="15" offset="153" sl="1170" sc="7" el="1170" ec="49" bec="2" bev="1" fileid="211" />
                <SequencePoint vc="2" uspid="6016" ordinal="16" offset="166" sl="1171" sc="9" el="1171" ec="100" bec="2" bev="1" fileid="211" />
                <SequencePoint vc="2" uspid="6017" ordinal="17" offset="205" sl="1172" sc="5" el="1172" ec="6" bec="0" bev="0" fileid="211" />
              </SequencePoints>
              <BranchPoints>
                <BranchPoint vc="2" uspid="6018" ordinal="0" offset="12" sl="1149" path="0" offsetend="17" fileid="211" />
                <BranchPoint vc="0" uspid="6019" ordinal="1" offset="12" sl="1149" path="1" offsetend="153" fileid="211" />
                <BranchPoint vc="0" uspid="6020" ordinal="2" offset="50" sl="1155" path="0" offsetend="52" fileid="211" />
                <BranchPoint vc="2" uspid="6021" ordinal="3" offset="50" sl="1155" path="1" offsetend="65" fileid="211" />
                <BranchPoint vc="0" uspid="6022" ordinal="4" offset="94" sl="1160" path="0" offsetend="96" fileid="211" />
                <BranchPoint vc="2" uspid="6023" ordinal="5" offset="94" sl="1160" path="1" offsetend="109" fileid="211" />
                <BranchPoint vc="2" uspid="6024" ordinal="6" offset="164" sl="1170" path="0" offsetend="166" fileid="211" />
                <BranchPoint vc="0" uspid="6025" ordinal="7" offset="164" sl="1170" path="1" offsetend="205" fileid="211" />
                <BranchPoint vc="0" uspid="6026" ordinal="8" offset="183" sl="1171" path="0" offsetend="185" fileid="211" />
                <BranchPoint vc="2" uspid="6027" ordinal="9" offset="183" sl="1171" path="1" offsetend="188" fileid="211" />
              </BranchPoints>
              <MethodPoint xsi:type="SequencePoint" vc="2" uspid="6000" ordinal="0" offset="0" sl="1148" sc="7" el="1148" ec="56" bec="0" bev="0" fileid="211" />
            </Method>
            <Method visited="true" cyclomaticComplexity="4" nPathComplexity="8" sequenceCoverage="78.57" branchCoverage="57.14" isConstructor="false" isStatic="false" isGetter="false" isSetter="false">
              <Summary numSequencePoints="14" visitedSequencePoints="11" numBranchPoints="7" visitedBranchPoints="4" sequenceCoverage="78.57" branchCoverage="57.14" maxCyclomaticComplexity="4" minCyclomaticComplexity="4" visitedClasses="0" numClasses="0" visitedMethods="1" numMethods="1" />
              <MetadataToken>100664927</MetadataToken>
              <Name>System.Boolean IBM.Watson.DeveloperCloud.Services.RetrieveAndRank.v1.RetrieveAndRank::GetClusterStats(IBM.Watson.DeveloperCloud.Services.RetrieveAndRank.v1.RetrieveAndRank/OnGetClusterStats,System.String,System.String)</Name>
              <FileRef uid="211" />
              <SequencePoints>
                <SequencePoint vc="1" uspid="6028" ordinal="0" offset="0" sl="1192" sc="7" el="1192" ec="28" bec="2" bev="1" fileid="211" />
                <SequencePoint vc="0" uspid="6029" ordinal="1" offset="3" sl="1193" sc="9" el="1193" ec="53" bec="0" bev="0" fileid="211" />
                <SequencePoint vc="1" uspid="6030" ordinal="2" offset="14" sl="1194" sc="7" el="1194" ec="43" bec="2" bev="1" fileid="211" />
                <SequencePoint vc="0" uspid="6031" ordinal="3" offset="22" sl="1195" sc="9" el="1195" ec="50" bec="0" bev="0" fileid="211" />
                <SequencePoint vc="1" uspid="6032" ordinal="4" offset="33" sl="1197" sc="7" el="1197" ec="65" bec="0" bev="0" fileid="211" />
                <SequencePoint vc="1" uspid="6033" ordinal="5" offset="39" sl="1198" sc="7" el="1198" ec="31" bec="0" bev="0" fileid="211" />
                <SequencePoint vc="1" uspid="6034" ordinal="6" offset="46" sl="1199" sc="7" el="1199" ec="33" bec="0" bev="0" fileid="211" />
                <SequencePoint vc="1" uspid="6035" ordinal="7" offset="53" sl="1200" sc="7" el="1200" ec="29" bec="0" bev="0" fileid="211" />
                <SequencePoint vc="1" uspid="6036" ordinal="8" offset="60" sl="1201" sc="7" el="1201" ec="37" bec="0" bev="0" fileid="211" />
                <SequencePoint vc="1" uspid="6037" ordinal="9" offset="71" sl="1203" sc="7" el="1203" ec="121" bec="0" bev="0" fileid="211" />
                <SequencePoint vc="1" uspid="6038" ordinal="10" offset="94" sl="1204" sc="7" el="1204" ec="29" bec="2" bev="1" fileid="211" />
                <SequencePoint vc="0" uspid="6039" ordinal="11" offset="97" sl="1205" sc="9" el="1205" ec="22" bec="0" bev="0" fileid="211" />
                <SequencePoint vc="1" uspid="6040" ordinal="12" offset="99" sl="1207" sc="7" el="1207" ec="50" bec="0" bev="0" fileid="211" />
                <SequencePoint vc="1" uspid="6041" ordinal="13" offset="117" sl="1208" sc="7" el="1208" ec="34" bec="0" bev="0" fileid="211" />
              </SequencePoints>
              <BranchPoints>
                <BranchPoint vc="0" uspid="6042" ordinal="0" offset="1" sl="1192" path="0" offsetend="3" fileid="211" />
                <BranchPoint vc="1" uspid="6043" ordinal="1" offset="1" sl="1192" path="1" offsetend="14" fileid="211" />
                <BranchPoint vc="0" uspid="6044" ordinal="2" offset="20" sl="1194" path="0" offsetend="22" fileid="211" />
                <BranchPoint vc="1" uspid="6045" ordinal="3" offset="20" sl="1194" path="1" offsetend="33" fileid="211" />
                <BranchPoint vc="0" uspid="6046" ordinal="4" offset="95" sl="1204" path="0" offsetend="97" fileid="211" />
                <BranchPoint vc="1" uspid="6047" ordinal="5" offset="95" sl="1204" path="1" offsetend="99" fileid="211" />
              </BranchPoints>
              <MethodPoint xsi:type="SequencePoint" vc="1" uspid="6028" ordinal="0" offset="0" sl="1192" sc="7" el="1192" ec="28" bec="2" bev="1" fileid="211" />
            </Method>
            <Method visited="true" cyclomaticComplexity="7" nPathComplexity="32" sequenceCoverage="66.67" branchCoverage="54.55" isConstructor="false" isStatic="false" isGetter="false" isSetter="false">
              <Summary numSequencePoints="18" visitedSequencePoints="12" numBranchPoints="11" visitedBranchPoints="6" sequenceCoverage="66.67" branchCoverage="54.55" maxCyclomaticComplexity="7" minCyclomaticComplexity="7" visitedClasses="0" numClasses="0" visitedMethods="1" numMethods="1" />
              <MetadataToken>100664928</MetadataToken>
              <Name>System.Void IBM.Watson.DeveloperCloud.Services.RetrieveAndRank.v1.RetrieveAndRank::OnGetClusterStatsResponse(IBM.Watson.DeveloperCloud.Connection.RESTConnector/Request,IBM.Watson.DeveloperCloud.Connection.RESTConnector/Response)</Name>
              <FileRef uid="211" />
              <SequencePoints>
                <SequencePoint vc="1" uspid="6048" ordinal="0" offset="0" sl="1232" sc="7" el="1232" ec="56" bec="0" bev="0" fileid="211" />
                <SequencePoint vc="1" uspid="6049" ordinal="1" offset="6" sl="1233" sc="7" el="1233" ec="24" bec="2" bev="1" fileid="211" />
                <SequencePoint vc="1" uspid="6050" ordinal="2" offset="17" sl="1237" sc="11" el="1237" ec="30" bec="0" bev="0" fileid="211" />
                <SequencePoint vc="1" uspid="6051" ordinal="3" offset="19" sl="1238" sc="11" el="1238" ec="89" bec="0" bev="0" fileid="211" />
                <SequencePoint vc="1" uspid="6052" ordinal="4" offset="43" sl="1239" sc="11" el="1239" ec="28" bec="2" bev="1" fileid="211" />
                <SequencePoint vc="0" uspid="6053" ordinal="5" offset="52" sl="1240" sc="13" el="1240" ec="60" bec="0" bev="0" fileid="211" />
                <SequencePoint vc="1" uspid="6054" ordinal="6" offset="65" sl="1242" sc="11" el="1242" ec="37" bec="0" bev="0" fileid="211" />
                <SequencePoint vc="1" uspid="6055" ordinal="7" offset="67" sl="1243" sc="11" el="1243" ec="74" bec="0" bev="0" fileid="211" />
                <SequencePoint vc="1" uspid="6056" ordinal="8" offset="87" sl="1244" sc="11" el="1244" ec="28" bec="2" bev="1" fileid="211" />
                <SequencePoint vc="0" uspid="6057" ordinal="9" offset="96" sl="1245" sc="13" el="1245" ec="60" bec="0" bev="0" fileid="211" />
                <SequencePoint vc="1" uspid="6058" ordinal="10" offset="109" sl="1246" sc="9" el="1246" ec="10" bec="0" bev="0" fileid="211" />
                <SequencePoint vc="0" uspid="6059" ordinal="11" offset="111" sl="1247" sc="9" el="1247" ec="28" bec="0" bev="0" fileid="211" />
                <SequencePoint vc="0" uspid="6060" ordinal="12" offset="113" sl="1249" sc="11" el="1249" ec="97" bec="0" bev="0" fileid="211" />
                <SequencePoint vc="0" uspid="6061" ordinal="13" offset="144" sl="1250" sc="11" el="1250" ec="32" bec="0" bev="0" fileid="211" />
                <SequencePoint vc="0" uspid="6062" ordinal="14" offset="151" sl="1251" sc="9" el="1251" ec="10" bec="0" bev="0" fileid="211" />
                <SequencePoint vc="1" uspid="6063" ordinal="15" offset="153" sl="1254" sc="7" el="1254" ec="58" bec="2" bev="1" fileid="211" />
                <SequencePoint vc="1" uspid="6064" ordinal="16" offset="166" sl="1255" sc="9" el="1255" ec="120" bec="2" bev="1" fileid="211" />
                <SequencePoint vc="1" uspid="6065" ordinal="17" offset="205" sl="1256" sc="5" el="1256" ec="6" bec="0" bev="0" fileid="211" />
              </SequencePoints>
              <BranchPoints>
                <BranchPoint vc="1" uspid="6066" ordinal="0" offset="12" sl="1233" path="0" offsetend="17" fileid="211" />
                <BranchPoint vc="0" uspid="6067" ordinal="1" offset="12" sl="1233" path="1" offsetend="153" fileid="211" />
                <BranchPoint vc="0" uspid="6068" ordinal="2" offset="50" sl="1239" path="0" offsetend="52" fileid="211" />
                <BranchPoint vc="1" uspid="6069" ordinal="3" offset="50" sl="1239" path="1" offsetend="65" fileid="211" />
                <BranchPoint vc="0" uspid="6070" ordinal="4" offset="94" sl="1244" path="0" offsetend="96" fileid="211" />
                <BranchPoint vc="1" uspid="6071" ordinal="5" offset="94" sl="1244" path="1" offsetend="109" fileid="211" />
                <BranchPoint vc="1" uspid="6072" ordinal="6" offset="164" sl="1254" path="0" offsetend="166" fileid="211" />
                <BranchPoint vc="0" uspid="6073" ordinal="7" offset="164" sl="1254" path="1" offsetend="205" fileid="211" />
                <BranchPoint vc="0" uspid="6074" ordinal="8" offset="183" sl="1255" path="0" offsetend="185" fileid="211" />
                <BranchPoint vc="1" uspid="6075" ordinal="9" offset="183" sl="1255" path="1" offsetend="188" fileid="211" />
              </BranchPoints>
              <MethodPoint xsi:type="SequencePoint" vc="1" uspid="6048" ordinal="0" offset="0" sl="1232" sc="7" el="1232" ec="56" bec="0" bev="0" fileid="211" />
            </Method>
            <Method visited="true" cyclomaticComplexity="4" nPathComplexity="8" sequenceCoverage="78.57" branchCoverage="57.14" isConstructor="false" isStatic="false" isGetter="false" isSetter="false">
              <Summary numSequencePoints="14" visitedSequencePoints="11" numBranchPoints="7" visitedBranchPoints="4" sequenceCoverage="78.57" branchCoverage="57.14" maxCyclomaticComplexity="4" minCyclomaticComplexity="4" visitedClasses="0" numClasses="0" visitedMethods="1" numMethods="1" />
              <MetadataToken>100664929</MetadataToken>
              <Name>System.Boolean IBM.Watson.DeveloperCloud.Services.RetrieveAndRank.v1.RetrieveAndRank::GetClusterResizeStatus(IBM.Watson.DeveloperCloud.Services.RetrieveAndRank.v1.RetrieveAndRank/OnGetClusterResizeStatus,System.String,System.String)</Name>
              <FileRef uid="211" />
              <SequencePoints>
                <SequencePoint vc="1" uspid="6076" ordinal="0" offset="0" sl="1276" sc="7" el="1276" ec="28" bec="2" bev="1" fileid="211" />
                <SequencePoint vc="0" uspid="6077" ordinal="1" offset="3" sl="1277" sc="9" el="1277" ec="53" bec="0" bev="0" fileid="211" />
                <SequencePoint vc="1" uspid="6078" ordinal="2" offset="14" sl="1278" sc="7" el="1278" ec="43" bec="2" bev="1" fileid="211" />
                <SequencePoint vc="0" uspid="6079" ordinal="3" offset="22" sl="1279" sc="9" el="1279" ec="50" bec="0" bev="0" fileid="211" />
                <SequencePoint vc="1" uspid="6080" ordinal="4" offset="33" sl="1281" sc="7" el="1281" ec="79" bec="0" bev="0" fileid="211" />
                <SequencePoint vc="1" uspid="6081" ordinal="5" offset="39" sl="1282" sc="7" el="1282" ec="31" bec="0" bev="0" fileid="211" />
                <SequencePoint vc="1" uspid="6082" ordinal="6" offset="46" sl="1283" sc="7" el="1283" ec="33" bec="0" bev="0" fileid="211" />
                <SequencePoint vc="1" uspid="6083" ordinal="7" offset="53" sl="1284" sc="7" el="1284" ec="29" bec="0" bev="0" fileid="211" />
                <SequencePoint vc="1" uspid="6084" ordinal="8" offset="60" sl="1285" sc="7" el="1285" ec="37" bec="0" bev="0" fileid="211" />
                <SequencePoint vc="1" uspid="6085" ordinal="9" offset="71" sl="1287" sc="7" el="1287" ec="122" bec="0" bev="0" fileid="211" />
                <SequencePoint vc="1" uspid="6086" ordinal="10" offset="94" sl="1288" sc="7" el="1288" ec="29" bec="2" bev="1" fileid="211" />
                <SequencePoint vc="0" uspid="6087" ordinal="11" offset="97" sl="1289" sc="9" el="1289" ec="22" bec="0" bev="0" fileid="211" />
                <SequencePoint vc="1" uspid="6088" ordinal="12" offset="99" sl="1291" sc="7" el="1291" ec="57" bec="0" bev="0" fileid="211" />
                <SequencePoint vc="1" uspid="6089" ordinal="13" offset="117" sl="1292" sc="7" el="1292" ec="34" bec="0" bev="0" fileid="211" />
              </SequencePoints>
              <BranchPoints>
                <BranchPoint vc="0" uspid="6090" ordinal="0" offset="1" sl="1276" path="0" offsetend="3" fileid="211" />
                <BranchPoint vc="1" uspid="6091" ordinal="1" offset="1" sl="1276" path="1" offsetend="14" fileid="211" />
                <BranchPoint vc="0" uspid="6092" ordinal="2" offset="20" sl="1278" path="0" offsetend="22" fileid="211" />
                <BranchPoint vc="1" uspid="6093" ordinal="3" offset="20" sl="1278" path="1" offsetend="33" fileid="211" />
                <BranchPoint vc="0" uspid="6094" ordinal="4" offset="95" sl="1288" path="0" offsetend="97" fileid="211" />
                <BranchPoint vc="1" uspid="6095" ordinal="5" offset="95" sl="1288" path="1" offsetend="99" fileid="211" />
              </BranchPoints>
              <MethodPoint xsi:type="SequencePoint" vc="1" uspid="6076" ordinal="0" offset="0" sl="1276" sc="7" el="1276" ec="28" bec="2" bev="1" fileid="211" />
            </Method>
            <Method visited="true" cyclomaticComplexity="7" nPathComplexity="32" sequenceCoverage="66.67" branchCoverage="54.55" isConstructor="false" isStatic="false" isGetter="false" isSetter="false">
              <Summary numSequencePoints="18" visitedSequencePoints="12" numBranchPoints="11" visitedBranchPoints="6" sequenceCoverage="66.67" branchCoverage="54.55" maxCyclomaticComplexity="7" minCyclomaticComplexity="7" visitedClasses="0" numClasses="0" visitedMethods="1" numMethods="1" />
              <MetadataToken>100664930</MetadataToken>
              <Name>System.Void IBM.Watson.DeveloperCloud.Services.RetrieveAndRank.v1.RetrieveAndRank::OnGetClusterResizeStatusResponse(IBM.Watson.DeveloperCloud.Connection.RESTConnector/Request,IBM.Watson.DeveloperCloud.Connection.RESTConnector/Response)</Name>
              <FileRef uid="211" />
              <SequencePoints>
                <SequencePoint vc="1" uspid="6096" ordinal="0" offset="0" sl="1316" sc="7" el="1316" ec="65" bec="0" bev="0" fileid="211" />
                <SequencePoint vc="1" uspid="6097" ordinal="1" offset="6" sl="1317" sc="7" el="1317" ec="24" bec="2" bev="1" fileid="211" />
                <SequencePoint vc="1" uspid="6098" ordinal="2" offset="17" sl="1321" sc="11" el="1321" ec="30" bec="0" bev="0" fileid="211" />
                <SequencePoint vc="1" uspid="6099" ordinal="3" offset="19" sl="1322" sc="11" el="1322" ec="89" bec="0" bev="0" fileid="211" />
                <SequencePoint vc="1" uspid="6100" ordinal="4" offset="43" sl="1323" sc="11" el="1323" ec="28" bec="2" bev="1" fileid="211" />
                <SequencePoint vc="0" uspid="6101" ordinal="5" offset="52" sl="1324" sc="13" el="1324" ec="60" bec="0" bev="0" fileid="211" />
                <SequencePoint vc="1" uspid="6102" ordinal="6" offset="65" sl="1326" sc="11" el="1326" ec="44" bec="0" bev="0" fileid="211" />
                <SequencePoint vc="1" uspid="6103" ordinal="7" offset="67" sl="1327" sc="11" el="1327" ec="74" bec="0" bev="0" fileid="211" />
                <SequencePoint vc="1" uspid="6104" ordinal="8" offset="87" sl="1328" sc="11" el="1328" ec="28" bec="2" bev="1" fileid="211" />
                <SequencePoint vc="0" uspid="6105" ordinal="9" offset="96" sl="1329" sc="13" el="1329" ec="60" bec="0" bev="0" fileid="211" />
                <SequencePoint vc="1" uspid="6106" ordinal="10" offset="109" sl="1330" sc="9" el="1330" ec="10" bec="0" bev="0" fileid="211" />
                <SequencePoint vc="0" uspid="6107" ordinal="11" offset="111" sl="1331" sc="9" el="1331" ec="28" bec="0" bev="0" fileid="211" />
                <SequencePoint vc="0" uspid="6108" ordinal="12" offset="113" sl="1333" sc="11" el="1333" ec="104" bec="0" bev="0" fileid="211" />
                <SequencePoint vc="0" uspid="6109" ordinal="13" offset="144" sl="1334" sc="11" el="1334" ec="32" bec="0" bev="0" fileid="211" />
                <SequencePoint vc="0" uspid="6110" ordinal="14" offset="151" sl="1335" sc="9" el="1335" ec="10" bec="0" bev="0" fileid="211" />
                <SequencePoint vc="1" uspid="6111" ordinal="15" offset="153" sl="1338" sc="7" el="1338" ec="65" bec="2" bev="1" fileid="211" />
                <SequencePoint vc="1" uspid="6112" ordinal="16" offset="166" sl="1339" sc="9" el="1339" ec="141" bec="2" bev="1" fileid="211" />
                <SequencePoint vc="1" uspid="6113" ordinal="17" offset="205" sl="1340" sc="5" el="1340" ec="6" bec="0" bev="0" fileid="211" />
              </SequencePoints>
              <BranchPoints>
                <BranchPoint vc="1" uspid="6114" ordinal="0" offset="12" sl="1317" path="0" offsetend="17" fileid="211" />
                <BranchPoint vc="0" uspid="6115" ordinal="1" offset="12" sl="1317" path="1" offsetend="153" fileid="211" />
                <BranchPoint vc="0" uspid="6116" ordinal="2" offset="50" sl="1323" path="0" offsetend="52" fileid="211" />
                <BranchPoint vc="1" uspid="6117" ordinal="3" offset="50" sl="1323" path="1" offsetend="65" fileid="211" />
                <BranchPoint vc="0" uspid="6118" ordinal="4" offset="94" sl="1328" path="0" offsetend="96" fileid="211" />
                <BranchPoint vc="1" uspid="6119" ordinal="5" offset="94" sl="1328" path="1" offsetend="109" fileid="211" />
                <BranchPoint vc="1" uspid="6120" ordinal="6" offset="164" sl="1338" path="0" offsetend="166" fileid="211" />
                <BranchPoint vc="0" uspid="6121" ordinal="7" offset="164" sl="1338" path="1" offsetend="205" fileid="211" />
                <BranchPoint vc="0" uspid="6122" ordinal="8" offset="183" sl="1339" path="0" offsetend="185" fileid="211" />
                <BranchPoint vc="1" uspid="6123" ordinal="9" offset="183" sl="1339" path="1" offsetend="188" fileid="211" />
              </BranchPoints>
              <MethodPoint xsi:type="SequencePoint" vc="1" uspid="6096" ordinal="0" offset="0" sl="1316" sc="7" el="1316" ec="65" bec="0" bev="0" fileid="211" />
            </Method>
            <Method visited="true" cyclomaticComplexity="6" nPathComplexity="32" sequenceCoverage="81.82" branchCoverage="54.55" isConstructor="false" isStatic="false" isGetter="false" isSetter="false">
              <Summary numSequencePoints="22" visitedSequencePoints="18" numBranchPoints="11" visitedBranchPoints="6" sequenceCoverage="81.82" branchCoverage="54.55" maxCyclomaticComplexity="6" minCyclomaticComplexity="6" visitedClasses="0" numClasses="0" visitedMethods="1" numMethods="1" />
              <MetadataToken>100664931</MetadataToken>
              <Name>System.Boolean IBM.Watson.DeveloperCloud.Services.RetrieveAndRank.v1.RetrieveAndRank::ResizeCluster(IBM.Watson.DeveloperCloud.Services.RetrieveAndRank.v1.RetrieveAndRank/OnResizeCluster,System.String,System.Int32,System.String)</Name>
              <FileRef uid="211" />
              <SequencePoints>
                <SequencePoint vc="1" uspid="6124" ordinal="0" offset="0" sl="1362" sc="7" el="1362" ec="28" bec="2" bev="1" fileid="211" />
                <SequencePoint vc="0" uspid="6125" ordinal="1" offset="3" sl="1363" sc="9" el="1363" ec="53" bec="0" bev="0" fileid="211" />
                <SequencePoint vc="1" uspid="6126" ordinal="2" offset="14" sl="1364" sc="7" el="1364" ec="43" bec="2" bev="1" fileid="211" />
                <SequencePoint vc="0" uspid="6127" ordinal="3" offset="22" sl="1365" sc="9" el="1365" ec="50" bec="0" bev="0" fileid="211" />
                <SequencePoint vc="1" uspid="6128" ordinal="4" offset="33" sl="1366" sc="7" el="1366" ec="52" bec="3" bev="2" fileid="211" />
                <SequencePoint vc="0" uspid="6129" ordinal="5" offset="41" sl="1367" sc="9" el="1367" ec="75" bec="0" bev="0" fileid="211" />
                <SequencePoint vc="1" uspid="6130" ordinal="6" offset="52" sl="1369" sc="7" el="1369" ec="61" bec="0" bev="0" fileid="211" />
                <SequencePoint vc="1" uspid="6131" ordinal="7" offset="58" sl="1370" sc="7" el="1370" ec="31" bec="0" bev="0" fileid="211" />
                <SequencePoint vc="1" uspid="6132" ordinal="8" offset="65" sl="1371" sc="7" el="1371" ec="33" bec="0" bev="0" fileid="211" />
                <SequencePoint vc="1" uspid="6133" ordinal="9" offset="72" sl="1372" sc="7" el="1372" ec="43" bec="0" bev="0" fileid="211" />
                <SequencePoint vc="1" uspid="6134" ordinal="10" offset="79" sl="1373" sc="7" el="1373" ec="29" bec="0" bev="0" fileid="211" />
                <SequencePoint vc="1" uspid="6135" ordinal="11" offset="87" sl="1374" sc="7" el="1374" ec="37" bec="0" bev="0" fileid="211" />
                <SequencePoint vc="1" uspid="6136" ordinal="12" offset="98" sl="1377" sc="7" el="1377" ec="90" bec="0" bev="0" fileid="211" />
                <SequencePoint vc="1" uspid="6137" ordinal="13" offset="121" sl="1379" sc="7" el="1379" ec="56" bec="0" bev="0" fileid="211" />
                <SequencePoint vc="1" uspid="6138" ordinal="14" offset="142" sl="1380" sc="7" el="1380" ec="50" bec="0" bev="0" fileid="211" />
                <SequencePoint vc="1" uspid="6139" ordinal="15" offset="163" sl="1381" sc="7" el="1381" ec="52" bec="0" bev="0" fileid="211" />
                <SequencePoint vc="1" uspid="6140" ordinal="16" offset="180" sl="1382" sc="7" el="1382" ec="22" bec="0" bev="0" fileid="211" />
                <SequencePoint vc="1" uspid="6141" ordinal="17" offset="187" sl="1384" sc="7" el="1384" ec="122" bec="0" bev="0" fileid="211" />
                <SequencePoint vc="1" uspid="6142" ordinal="18" offset="210" sl="1385" sc="7" el="1385" ec="29" bec="2" bev="1" fileid="211" />
                <SequencePoint vc="0" uspid="6143" ordinal="19" offset="213" sl="1386" sc="9" el="1386" ec="22" bec="0" bev="0" fileid="211" />
                <SequencePoint vc="1" uspid="6144" ordinal="20" offset="215" sl="1388" sc="7" el="1388" ec="48" bec="0" bev="0" fileid="211" />
                <SequencePoint vc="1" uspid="6145" ordinal="21" offset="233" sl="1389" sc="7" el="1389" ec="34" bec="0" bev="0" fileid="211" />
              </SequencePoints>
              <BranchPoints>
                <BranchPoint vc="0" uspid="6146" ordinal="0" offset="1" sl="1362" path="0" offsetend="3" fileid="211" />
                <BranchPoint vc="1" uspid="6147" ordinal="1" offset="1" sl="1362" path="1" offsetend="14" fileid="211" />
                <BranchPoint vc="0" uspid="6148" ordinal="2" offset="20" sl="1364" path="0" offsetend="22" fileid="211" />
                <BranchPoint vc="1" uspid="6149" ordinal="3" offset="20" sl="1364" path="1" offsetend="33" fileid="211" />
                <BranchPoint vc="1" uspid="6150" ordinal="4" offset="35" sl="1366" path="0" offsetend="37" fileid="211" />
                <BranchPoint vc="0" uspid="6151" ordinal="5" offset="35" sl="1366" path="1" offsetend="41" fileid="211" />
                <BranchPoint vc="0" uspid="6152" ordinal="6" offset="39" sl="1366" path="0" offsetend="41" fileid="211" />
                <BranchPoint vc="1" uspid="6153" ordinal="7" offset="39" sl="1366" path="1" offsetend="52" fileid="211" />
                <BranchPoint vc="0" uspid="6154" ordinal="8" offset="211" sl="1385" path="0" offsetend="213" fileid="211" />
                <BranchPoint vc="1" uspid="6155" ordinal="9" offset="211" sl="1385" path="1" offsetend="215" fileid="211" />
              </BranchPoints>
              <MethodPoint xsi:type="SequencePoint" vc="1" uspid="6124" ordinal="0" offset="0" sl="1362" sc="7" el="1362" ec="28" bec="2" bev="1" fileid="211" />
            </Method>
            <Method visited="true" cyclomaticComplexity="7" nPathComplexity="32" sequenceCoverage="66.67" branchCoverage="54.55" isConstructor="false" isStatic="false" isGetter="false" isSetter="false">
              <Summary numSequencePoints="18" visitedSequencePoints="12" numBranchPoints="11" visitedBranchPoints="6" sequenceCoverage="66.67" branchCoverage="54.55" maxCyclomaticComplexity="7" minCyclomaticComplexity="7" visitedClasses="0" numClasses="0" visitedMethods="1" numMethods="1" />
              <MetadataToken>100664932</MetadataToken>
              <Name>System.Void IBM.Watson.DeveloperCloud.Services.RetrieveAndRank.v1.RetrieveAndRank::OnResizeClusterResponse(IBM.Watson.DeveloperCloud.Connection.RESTConnector/Request,IBM.Watson.DeveloperCloud.Connection.RESTConnector/Response)</Name>
              <FileRef uid="211" />
              <SequencePoints>
                <SequencePoint vc="1" uspid="6156" ordinal="0" offset="0" sl="1418" sc="7" el="1418" ec="65" bec="0" bev="0" fileid="211" />
                <SequencePoint vc="1" uspid="6157" ordinal="1" offset="6" sl="1419" sc="7" el="1419" ec="24" bec="2" bev="1" fileid="211" />
                <SequencePoint vc="1" uspid="6158" ordinal="2" offset="17" sl="1423" sc="11" el="1423" ec="30" bec="0" bev="0" fileid="211" />
                <SequencePoint vc="1" uspid="6159" ordinal="3" offset="19" sl="1424" sc="11" el="1424" ec="89" bec="0" bev="0" fileid="211" />
                <SequencePoint vc="1" uspid="6160" ordinal="4" offset="43" sl="1425" sc="11" el="1425" ec="28" bec="2" bev="1" fileid="211" />
                <SequencePoint vc="0" uspid="6161" ordinal="5" offset="52" sl="1426" sc="13" el="1426" ec="60" bec="0" bev="0" fileid="211" />
                <SequencePoint vc="1" uspid="6162" ordinal="6" offset="65" sl="1428" sc="11" el="1428" ec="44" bec="0" bev="0" fileid="211" />
                <SequencePoint vc="1" uspid="6163" ordinal="7" offset="67" sl="1429" sc="11" el="1429" ec="74" bec="0" bev="0" fileid="211" />
                <SequencePoint vc="1" uspid="6164" ordinal="8" offset="87" sl="1430" sc="11" el="1430" ec="28" bec="2" bev="1" fileid="211" />
                <SequencePoint vc="0" uspid="6165" ordinal="9" offset="96" sl="1431" sc="13" el="1431" ec="60" bec="0" bev="0" fileid="211" />
                <SequencePoint vc="1" uspid="6166" ordinal="10" offset="109" sl="1432" sc="9" el="1432" ec="10" bec="0" bev="0" fileid="211" />
                <SequencePoint vc="0" uspid="6167" ordinal="11" offset="111" sl="1433" sc="9" el="1433" ec="28" bec="0" bev="0" fileid="211" />
                <SequencePoint vc="0" uspid="6168" ordinal="12" offset="113" sl="1435" sc="11" el="1435" ec="95" bec="0" bev="0" fileid="211" />
                <SequencePoint vc="0" uspid="6169" ordinal="13" offset="144" sl="1436" sc="11" el="1436" ec="32" bec="0" bev="0" fileid="211" />
                <SequencePoint vc="0" uspid="6170" ordinal="14" offset="151" sl="1437" sc="9" el="1437" ec="10" bec="0" bev="0" fileid="211" />
                <SequencePoint vc="1" uspid="6171" ordinal="15" offset="153" sl="1440" sc="7" el="1440" ec="56" bec="2" bev="1" fileid="211" />
                <SequencePoint vc="1" uspid="6172" ordinal="16" offset="166" sl="1441" sc="9" el="1441" ec="123" bec="2" bev="1" fileid="211" />
                <SequencePoint vc="1" uspid="6173" ordinal="17" offset="205" sl="1442" sc="5" el="1442" ec="6" bec="0" bev="0" fileid="211" />
              </SequencePoints>
              <BranchPoints>
                <BranchPoint vc="1" uspid="6174" ordinal="0" offset="12" sl="1419" path="0" offsetend="17" fileid="211" />
                <BranchPoint vc="0" uspid="6175" ordinal="1" offset="12" sl="1419" path="1" offsetend="153" fileid="211" />
                <BranchPoint vc="0" uspid="6176" ordinal="2" offset="50" sl="1425" path="0" offsetend="52" fileid="211" />
                <BranchPoint vc="1" uspid="6177" ordinal="3" offset="50" sl="1425" path="1" offsetend="65" fileid="211" />
                <BranchPoint vc="0" uspid="6178" ordinal="4" offset="94" sl="1430" path="0" offsetend="96" fileid="211" />
                <BranchPoint vc="1" uspid="6179" ordinal="5" offset="94" sl="1430" path="1" offsetend="109" fileid="211" />
                <BranchPoint vc="1" uspid="6180" ordinal="6" offset="164" sl="1440" path="0" offsetend="166" fileid="211" />
                <BranchPoint vc="0" uspid="6181" ordinal="7" offset="164" sl="1440" path="1" offsetend="205" fileid="211" />
                <BranchPoint vc="0" uspid="6182" ordinal="8" offset="183" sl="1441" path="0" offsetend="185" fileid="211" />
                <BranchPoint vc="1" uspid="6183" ordinal="9" offset="183" sl="1441" path="1" offsetend="188" fileid="211" />
              </BranchPoints>
              <MethodPoint xsi:type="SequencePoint" vc="1" uspid="6156" ordinal="0" offset="0" sl="1418" sc="7" el="1418" ec="65" bec="0" bev="0" fileid="211" />
            </Method>
            <Method visited="true" cyclomaticComplexity="3" nPathComplexity="4" sequenceCoverage="81.82" branchCoverage="60" isConstructor="false" isStatic="false" isGetter="false" isSetter="false">
              <Summary numSequencePoints="11" visitedSequencePoints="9" numBranchPoints="5" visitedBranchPoints="3" sequenceCoverage="81.82" branchCoverage="60" maxCyclomaticComplexity="3" minCyclomaticComplexity="3" visitedClasses="0" numClasses="0" visitedMethods="1" numMethods="1" />
              <MetadataToken>100664933</MetadataToken>
              <Name>System.Boolean IBM.Watson.DeveloperCloud.Services.RetrieveAndRank.v1.RetrieveAndRank::GetRankers(IBM.Watson.DeveloperCloud.Services.RetrieveAndRank.v1.RetrieveAndRank/OnGetRankers,System.String)</Name>
              <FileRef uid="211" />
              <SequencePoints>
                <SequencePoint vc="1" uspid="6184" ordinal="0" offset="0" sl="1462" sc="7" el="1462" ec="28" bec="2" bev="1" fileid="211" />
                <SequencePoint vc="0" uspid="6185" ordinal="1" offset="3" sl="1463" sc="9" el="1463" ec="53" bec="0" bev="0" fileid="211" />
                <SequencePoint vc="1" uspid="6186" ordinal="2" offset="14" sl="1465" sc="7" el="1465" ec="55" bec="0" bev="0" fileid="211" />
                <SequencePoint vc="1" uspid="6187" ordinal="3" offset="20" sl="1466" sc="7" el="1466" ec="31" bec="0" bev="0" fileid="211" />
                <SequencePoint vc="1" uspid="6188" ordinal="4" offset="27" sl="1467" sc="7" el="1467" ec="29" bec="0" bev="0" fileid="211" />
                <SequencePoint vc="1" uspid="6189" ordinal="5" offset="34" sl="1468" sc="7" el="1468" ec="37" bec="0" bev="0" fileid="211" />
                <SequencePoint vc="1" uspid="6190" ordinal="6" offset="45" sl="1470" sc="7" el="1470" ec="89" bec="0" bev="0" fileid="211" />
                <SequencePoint vc="1" uspid="6191" ordinal="7" offset="62" sl="1471" sc="7" el="1471" ec="29" bec="2" bev="1" fileid="211" />
                <SequencePoint vc="0" uspid="6192" ordinal="8" offset="65" sl="1472" sc="9" el="1472" ec="22" bec="0" bev="0" fileid="211" />
                <SequencePoint vc="1" uspid="6193" ordinal="9" offset="67" sl="1474" sc="7" el="1474" ec="45" bec="0" bev="0" fileid="211" />
                <SequencePoint vc="1" uspid="6194" ordinal="10" offset="85" sl="1475" sc="7" el="1475" ec="34" bec="0" bev="0" fileid="211" />
              </SequencePoints>
              <BranchPoints>
                <BranchPoint vc="0" uspid="6195" ordinal="0" offset="1" sl="1462" path="0" offsetend="3" fileid="211" />
                <BranchPoint vc="1" uspid="6196" ordinal="1" offset="1" sl="1462" path="1" offsetend="14" fileid="211" />
                <BranchPoint vc="0" uspid="6197" ordinal="2" offset="63" sl="1471" path="0" offsetend="65" fileid="211" />
                <BranchPoint vc="1" uspid="6198" ordinal="3" offset="63" sl="1471" path="1" offsetend="67" fileid="211" />
              </BranchPoints>
              <MethodPoint xsi:type="SequencePoint" vc="1" uspid="6184" ordinal="0" offset="0" sl="1462" sc="7" el="1462" ec="28" bec="2" bev="1" fileid="211" />
            </Method>
            <Method visited="true" cyclomaticComplexity="7" nPathComplexity="32" sequenceCoverage="66.67" branchCoverage="54.55" isConstructor="false" isStatic="false" isGetter="false" isSetter="false">
              <Summary numSequencePoints="18" visitedSequencePoints="12" numBranchPoints="11" visitedBranchPoints="6" sequenceCoverage="66.67" branchCoverage="54.55" maxCyclomaticComplexity="7" minCyclomaticComplexity="7" visitedClasses="0" numClasses="0" visitedMethods="1" numMethods="1" />
              <MetadataToken>100664934</MetadataToken>
              <Name>System.Void IBM.Watson.DeveloperCloud.Services.RetrieveAndRank.v1.RetrieveAndRank::OnGetRankersResponse(IBM.Watson.DeveloperCloud.Connection.RESTConnector/Request,IBM.Watson.DeveloperCloud.Connection.RESTConnector/Response)</Name>
              <FileRef uid="211" />
              <SequencePoints>
                <SequencePoint vc="1" uspid="6199" ordinal="0" offset="0" sl="1495" sc="7" el="1495" ec="65" bec="0" bev="0" fileid="211" />
                <SequencePoint vc="1" uspid="6200" ordinal="1" offset="6" sl="1496" sc="7" el="1496" ec="24" bec="2" bev="1" fileid="211" />
                <SequencePoint vc="1" uspid="6201" ordinal="2" offset="17" sl="1500" sc="11" el="1500" ec="30" bec="0" bev="0" fileid="211" />
                <SequencePoint vc="1" uspid="6202" ordinal="3" offset="19" sl="1501" sc="11" el="1501" ec="89" bec="0" bev="0" fileid="211" />
                <SequencePoint vc="1" uspid="6203" ordinal="4" offset="43" sl="1502" sc="11" el="1502" ec="28" bec="2" bev="1" fileid="211" />
                <SequencePoint vc="0" uspid="6204" ordinal="5" offset="52" sl="1503" sc="13" el="1503" ec="60" bec="0" bev="0" fileid="211" />
                <SequencePoint vc="1" uspid="6205" ordinal="6" offset="65" sl="1505" sc="11" el="1505" ec="36" bec="0" bev="0" fileid="211" />
                <SequencePoint vc="1" uspid="6206" ordinal="7" offset="67" sl="1506" sc="11" el="1506" ec="74" bec="0" bev="0" fileid="211" />
                <SequencePoint vc="1" uspid="6207" ordinal="8" offset="87" sl="1507" sc="11" el="1507" ec="28" bec="2" bev="1" fileid="211" />
                <SequencePoint vc="0" uspid="6208" ordinal="9" offset="96" sl="1508" sc="13" el="1508" ec="60" bec="0" bev="0" fileid="211" />
                <SequencePoint vc="1" uspid="6209" ordinal="10" offset="109" sl="1509" sc="9" el="1509" ec="10" bec="0" bev="0" fileid="211" />
                <SequencePoint vc="0" uspid="6210" ordinal="11" offset="111" sl="1510" sc="9" el="1510" ec="28" bec="0" bev="0" fileid="211" />
                <SequencePoint vc="0" uspid="6211" ordinal="12" offset="113" sl="1512" sc="11" el="1512" ec="92" bec="0" bev="0" fileid="211" />
                <SequencePoint vc="0" uspid="6212" ordinal="13" offset="144" sl="1513" sc="11" el="1513" ec="32" bec="0" bev="0" fileid="211" />
                <SequencePoint vc="0" uspid="6213" ordinal="14" offset="151" sl="1514" sc="9" el="1514" ec="10" bec="0" bev="0" fileid="211" />
                <SequencePoint vc="1" uspid="6214" ordinal="15" offset="153" sl="1517" sc="7" el="1517" ec="53" bec="2" bev="1" fileid="211" />
                <SequencePoint vc="1" uspid="6215" ordinal="16" offset="166" sl="1518" sc="9" el="1518" ec="109" bec="2" bev="1" fileid="211" />
                <SequencePoint vc="1" uspid="6216" ordinal="17" offset="205" sl="1519" sc="5" el="1519" ec="6" bec="0" bev="0" fileid="211" />
              </SequencePoints>
              <BranchPoints>
                <BranchPoint vc="1" uspid="6217" ordinal="0" offset="12" sl="1496" path="0" offsetend="17" fileid="211" />
                <BranchPoint vc="0" uspid="6218" ordinal="1" offset="12" sl="1496" path="1" offsetend="153" fileid="211" />
                <BranchPoint vc="0" uspid="6219" ordinal="2" offset="50" sl="1502" path="0" offsetend="52" fileid="211" />
                <BranchPoint vc="1" uspid="6220" ordinal="3" offset="50" sl="1502" path="1" offsetend="65" fileid="211" />
                <BranchPoint vc="0" uspid="6221" ordinal="4" offset="94" sl="1507" path="0" offsetend="96" fileid="211" />
                <BranchPoint vc="1" uspid="6222" ordinal="5" offset="94" sl="1507" path="1" offsetend="109" fileid="211" />
                <BranchPoint vc="1" uspid="6223" ordinal="6" offset="164" sl="1517" path="0" offsetend="166" fileid="211" />
                <BranchPoint vc="0" uspid="6224" ordinal="7" offset="164" sl="1517" path="1" offsetend="205" fileid="211" />
                <BranchPoint vc="0" uspid="6225" ordinal="8" offset="183" sl="1518" path="0" offsetend="185" fileid="211" />
                <BranchPoint vc="1" uspid="6226" ordinal="9" offset="183" sl="1518" path="1" offsetend="188" fileid="211" />
              </BranchPoints>
              <MethodPoint xsi:type="SequencePoint" vc="1" uspid="6199" ordinal="0" offset="0" sl="1495" sc="7" el="1495" ec="65" bec="0" bev="0" fileid="211" />
            </Method>
            <Method visited="true" cyclomaticComplexity="8" nPathComplexity="128" sequenceCoverage="75" branchCoverage="53.33" isConstructor="false" isStatic="false" isGetter="false" isSetter="false">
              <Summary numSequencePoints="28" visitedSequencePoints="21" numBranchPoints="15" visitedBranchPoints="8" sequenceCoverage="75" branchCoverage="53.33" maxCyclomaticComplexity="8" minCyclomaticComplexity="8" visitedClasses="0" numClasses="0" visitedMethods="1" numMethods="1" />
              <MetadataToken>100664935</MetadataToken>
              <Name>System.Boolean IBM.Watson.DeveloperCloud.Services.RetrieveAndRank.v1.RetrieveAndRank::CreateRanker(IBM.Watson.DeveloperCloud.Services.RetrieveAndRank.v1.RetrieveAndRank/OnCreateRanker,System.String,System.String,System.String)</Name>
              <FileRef uid="211" />
              <SequencePoints>
                <SequencePoint vc="1" uspid="6227" ordinal="0" offset="0" sl="1540" sc="7" el="1540" ec="28" bec="2" bev="1" fileid="211" />
                <SequencePoint vc="0" uspid="6228" ordinal="1" offset="3" sl="1541" sc="9" el="1541" ec="53" bec="0" bev="0" fileid="211" />
                <SequencePoint vc="1" uspid="6229" ordinal="2" offset="14" sl="1542" sc="7" el="1542" ec="38" bec="2" bev="1" fileid="211" />
                <SequencePoint vc="0" uspid="6230" ordinal="3" offset="22" sl="1543" sc="9" el="1543" ec="90" bec="0" bev="0" fileid="211" />
                <SequencePoint vc="1" uspid="6231" ordinal="4" offset="33" sl="1544" sc="7" el="1544" ec="50" bec="2" bev="1" fileid="211" />
                <SequencePoint vc="0" uspid="6232" ordinal="5" offset="41" sl="1545" sc="9" el="1545" ec="90" bec="0" bev="0" fileid="211" />
                <SequencePoint vc="1" uspid="6233" ordinal="6" offset="52" sl="1547" sc="7" el="1547" ec="59" bec="0" bev="0" fileid="211" />
                <SequencePoint vc="1" uspid="6234" ordinal="7" offset="58" sl="1548" sc="7" el="1548" ec="31" bec="0" bev="0" fileid="211" />
                <SequencePoint vc="1" uspid="6235" ordinal="8" offset="65" sl="1549" sc="7" el="1549" ec="23" bec="0" bev="0" fileid="211" />
                <SequencePoint vc="1" uspid="6236" ordinal="9" offset="72" sl="1550" sc="7" el="1550" ec="47" bec="0" bev="0" fileid="211" />
                <SequencePoint vc="1" uspid="6237" ordinal="10" offset="79" sl="1551" sc="7" el="1551" ec="29" bec="0" bev="0" fileid="211" />
                <SequencePoint vc="1" uspid="6238" ordinal="11" offset="87" sl="1552" sc="7" el="1552" ec="37" bec="0" bev="0" fileid="211" />
                <SequencePoint vc="1" uspid="6239" ordinal="12" offset="98" sl="1555" sc="7" el="1555" ec="28" bec="2" bev="1" fileid="211" />
                <SequencePoint vc="0" uspid="6240" ordinal="13" offset="106" sl="1557" sc="9" el="1557" ec="60" bec="0" bev="0" fileid="211" />
                <SequencePoint vc="0" uspid="6241" ordinal="14" offset="113" sl="1558" sc="7" el="1558" ec="8" bec="0" bev="0" fileid="211" />
                <SequencePoint vc="1" uspid="6242" ordinal="15" offset="115" sl="1562" sc="9" el="1562" ec="60" bec="0" bev="0" fileid="211" />
                <SequencePoint vc="1" uspid="6243" ordinal="16" offset="122" sl="1566" sc="7" el="1566" ec="32" bec="2" bev="1" fileid="211" />
                <SequencePoint vc="0" uspid="6244" ordinal="17" offset="125" sl="1567" sc="9" el="1567" ec="81" bec="0" bev="0" fileid="211" />
                <SequencePoint vc="1" uspid="6245" ordinal="18" offset="150" sl="1569" sc="7" el="1569" ec="89" bec="0" bev="0" fileid="211" />
                <SequencePoint vc="1" uspid="6246" ordinal="19" offset="167" sl="1570" sc="7" el="1570" ec="29" bec="2" bev="1" fileid="211" />
                <SequencePoint vc="0" uspid="6247" ordinal="20" offset="170" sl="1571" sc="9" el="1571" ec="22" bec="0" bev="0" fileid="211" />
                <SequencePoint vc="1" uspid="6248" ordinal="21" offset="172" sl="1573" sc="7" el="1573" ec="64" bec="0" bev="0" fileid="211" />
                <SequencePoint vc="1" uspid="6249" ordinal="22" offset="183" sl="1574" sc="7" el="1574" ec="106" bec="0" bev="0" fileid="211" />
                <SequencePoint vc="1" uspid="6250" ordinal="23" offset="215" sl="1575" sc="7" el="1575" ec="39" bec="2" bev="1" fileid="211" />
                <SequencePoint vc="1" uspid="6251" ordinal="24" offset="223" sl="1577" sc="9" el="1577" ec="63" bec="0" bev="0" fileid="211" />
                <SequencePoint vc="1" uspid="6252" ordinal="25" offset="240" sl="1578" sc="9" el="1578" ec="74" bec="0" bev="0" fileid="211" />
                <SequencePoint vc="1" uspid="6253" ordinal="26" offset="262" sl="1580" sc="7" el="1580" ec="47" bec="0" bev="0" fileid="211" />
                <SequencePoint vc="1" uspid="6254" ordinal="27" offset="280" sl="1581" sc="7" el="1581" ec="34" bec="0" bev="0" fileid="211" />
              </SequencePoints>
              <BranchPoints>
                <BranchPoint vc="0" uspid="6255" ordinal="0" offset="1" sl="1540" path="0" offsetend="3" fileid="211" />
                <BranchPoint vc="1" uspid="6256" ordinal="1" offset="1" sl="1540" path="1" offsetend="14" fileid="211" />
                <BranchPoint vc="0" uspid="6257" ordinal="2" offset="20" sl="1542" path="0" offsetend="22" fileid="211" />
                <BranchPoint vc="1" uspid="6258" ordinal="3" offset="20" sl="1542" path="1" offsetend="33" fileid="211" />
                <BranchPoint vc="0" uspid="6259" ordinal="4" offset="39" sl="1544" path="0" offsetend="41" fileid="211" />
                <BranchPoint vc="1" uspid="6260" ordinal="5" offset="39" sl="1544" path="1" offsetend="52" fileid="211" />
                <BranchPoint vc="0" uspid="6261" ordinal="6" offset="104" sl="1555" path="0" offsetend="106" fileid="211" />
                <BranchPoint vc="1" uspid="6262" ordinal="7" offset="104" sl="1555" path="1" offsetend="115" fileid="211" />
                <BranchPoint vc="0" uspid="6263" ordinal="8" offset="123" sl="1566" path="0" offsetend="125" fileid="211" />
                <BranchPoint vc="1" uspid="6264" ordinal="9" offset="123" sl="1566" path="1" offsetend="150" fileid="211" />
                <BranchPoint vc="0" uspid="6265" ordinal="10" offset="168" sl="1570" path="0" offsetend="170" fileid="211" />
                <BranchPoint vc="1" uspid="6266" ordinal="11" offset="168" sl="1570" path="1" offsetend="172" fileid="211" />
                <BranchPoint vc="1" uspid="6267" ordinal="12" offset="221" sl="1575" path="0" offsetend="223" fileid="211" />
                <BranchPoint vc="0" uspid="6268" ordinal="13" offset="221" sl="1575" path="1" offsetend="262" fileid="211" />
              </BranchPoints>
              <MethodPoint xsi:type="SequencePoint" vc="1" uspid="6227" ordinal="0" offset="0" sl="1540" sc="7" el="1540" ec="28" bec="2" bev="1" fileid="211" />
            </Method>
            <Method visited="true" cyclomaticComplexity="7" nPathComplexity="32" sequenceCoverage="66.67" branchCoverage="54.55" isConstructor="false" isStatic="false" isGetter="false" isSetter="false">
              <Summary numSequencePoints="18" visitedSequencePoints="12" numBranchPoints="11" visitedBranchPoints="6" sequenceCoverage="66.67" branchCoverage="54.55" maxCyclomaticComplexity="7" minCyclomaticComplexity="7" visitedClasses="0" numClasses="0" visitedMethods="1" numMethods="1" />
              <MetadataToken>100664936</MetadataToken>
              <Name>System.Void IBM.Watson.DeveloperCloud.Services.RetrieveAndRank.v1.RetrieveAndRank::OnCreateRankerResponse(IBM.Watson.DeveloperCloud.Connection.RESTConnector/Request,IBM.Watson.DeveloperCloud.Connection.RESTConnector/Response)</Name>
              <FileRef uid="211" />
              <SequencePoints>
                <SequencePoint vc="1" uspid="6269" ordinal="0" offset="0" sl="1609" sc="7" el="1609" ec="74" bec="0" bev="0" fileid="211" />
                <SequencePoint vc="1" uspid="6270" ordinal="1" offset="6" sl="1610" sc="7" el="1610" ec="24" bec="2" bev="1" fileid="211" />
                <SequencePoint vc="1" uspid="6271" ordinal="2" offset="17" sl="1614" sc="11" el="1614" ec="30" bec="0" bev="0" fileid="211" />
                <SequencePoint vc="1" uspid="6272" ordinal="3" offset="19" sl="1615" sc="11" el="1615" ec="89" bec="0" bev="0" fileid="211" />
                <SequencePoint vc="1" uspid="6273" ordinal="4" offset="43" sl="1616" sc="11" el="1616" ec="28" bec="2" bev="1" fileid="211" />
                <SequencePoint vc="0" uspid="6274" ordinal="5" offset="52" sl="1617" sc="13" el="1617" ec="60" bec="0" bev="0" fileid="211" />
                <SequencePoint vc="1" uspid="6275" ordinal="6" offset="65" sl="1619" sc="11" el="1619" ec="43" bec="0" bev="0" fileid="211" />
                <SequencePoint vc="1" uspid="6276" ordinal="7" offset="67" sl="1620" sc="11" el="1620" ec="74" bec="0" bev="0" fileid="211" />
                <SequencePoint vc="1" uspid="6277" ordinal="8" offset="87" sl="1621" sc="11" el="1621" ec="28" bec="2" bev="1" fileid="211" />
                <SequencePoint vc="0" uspid="6278" ordinal="9" offset="96" sl="1622" sc="13" el="1622" ec="60" bec="0" bev="0" fileid="211" />
                <SequencePoint vc="1" uspid="6279" ordinal="10" offset="109" sl="1623" sc="9" el="1623" ec="10" bec="0" bev="0" fileid="211" />
                <SequencePoint vc="0" uspid="6280" ordinal="11" offset="111" sl="1624" sc="9" el="1624" ec="28" bec="0" bev="0" fileid="211" />
                <SequencePoint vc="0" uspid="6281" ordinal="12" offset="113" sl="1626" sc="11" el="1626" ec="94" bec="0" bev="0" fileid="211" />
                <SequencePoint vc="0" uspid="6282" ordinal="13" offset="144" sl="1627" sc="11" el="1627" ec="32" bec="0" bev="0" fileid="211" />
                <SequencePoint vc="0" uspid="6283" ordinal="14" offset="151" sl="1628" sc="9" el="1628" ec="10" bec="0" bev="0" fileid="211" />
                <SequencePoint vc="1" uspid="6284" ordinal="15" offset="153" sl="1631" sc="7" el="1631" ec="55" bec="2" bev="1" fileid="211" />
                <SequencePoint vc="1" uspid="6285" ordinal="16" offset="166" sl="1632" sc="9" el="1632" ec="120" bec="2" bev="1" fileid="211" />
                <SequencePoint vc="1" uspid="6286" ordinal="17" offset="205" sl="1633" sc="5" el="1633" ec="6" bec="0" bev="0" fileid="211" />
              </SequencePoints>
              <BranchPoints>
                <BranchPoint vc="1" uspid="6287" ordinal="0" offset="12" sl="1610" path="0" offsetend="17" fileid="211" />
                <BranchPoint vc="0" uspid="6288" ordinal="1" offset="12" sl="1610" path="1" offsetend="153" fileid="211" />
                <BranchPoint vc="0" uspid="6289" ordinal="2" offset="50" sl="1616" path="0" offsetend="52" fileid="211" />
                <BranchPoint vc="1" uspid="6290" ordinal="3" offset="50" sl="1616" path="1" offsetend="65" fileid="211" />
                <BranchPoint vc="0" uspid="6291" ordinal="4" offset="94" sl="1621" path="0" offsetend="96" fileid="211" />
                <BranchPoint vc="1" uspid="6292" ordinal="5" offset="94" sl="1621" path="1" offsetend="109" fileid="211" />
                <BranchPoint vc="1" uspid="6293" ordinal="6" offset="164" sl="1631" path="0" offsetend="166" fileid="211" />
                <BranchPoint vc="0" uspid="6294" ordinal="7" offset="164" sl="1631" path="1" offsetend="205" fileid="211" />
                <BranchPoint vc="0" uspid="6295" ordinal="8" offset="183" sl="1632" path="0" offsetend="185" fileid="211" />
                <BranchPoint vc="1" uspid="6296" ordinal="9" offset="183" sl="1632" path="1" offsetend="188" fileid="211" />
              </BranchPoints>
              <MethodPoint xsi:type="SequencePoint" vc="1" uspid="6269" ordinal="0" offset="0" sl="1609" sc="7" el="1609" ec="74" bec="0" bev="0" fileid="211" />
            </Method>
            <Method visited="true" cyclomaticComplexity="7" nPathComplexity="64" sequenceCoverage="72" branchCoverage="53.85" isConstructor="false" isStatic="false" isGetter="false" isSetter="false">
              <Summary numSequencePoints="25" visitedSequencePoints="18" numBranchPoints="13" visitedBranchPoints="7" sequenceCoverage="72" branchCoverage="53.85" maxCyclomaticComplexity="7" minCyclomaticComplexity="7" visitedClasses="0" numClasses="0" visitedMethods="1" numMethods="1" />
              <MetadataToken>100664937</MetadataToken>
              <Name>System.Boolean IBM.Watson.DeveloperCloud.Services.RetrieveAndRank.v1.RetrieveAndRank::Rank(IBM.Watson.DeveloperCloud.Services.RetrieveAndRank.v1.RetrieveAndRank/OnRank,System.String,System.String,System.String)</Name>
              <FileRef uid="211" />
              <SequencePoints>
                <SequencePoint vc="1" uspid="6297" ordinal="0" offset="0" sl="1654" sc="7" el="1654" ec="28" bec="2" bev="1" fileid="211" />
                <SequencePoint vc="0" uspid="6298" ordinal="1" offset="3" sl="1655" sc="9" el="1655" ec="53" bec="0" bev="0" fileid="211" />
                <SequencePoint vc="1" uspid="6299" ordinal="2" offset="14" sl="1656" sc="7" el="1656" ec="42" bec="2" bev="1" fileid="211" />
                <SequencePoint vc="0" uspid="6300" ordinal="3" offset="22" sl="1657" sc="9" el="1657" ec="73" bec="0" bev="0" fileid="211" />
                <SequencePoint vc="1" uspid="6301" ordinal="4" offset="33" sl="1658" sc="7" el="1658" ec="50" bec="2" bev="1" fileid="211" />
                <SequencePoint vc="0" uspid="6302" ordinal="5" offset="41" sl="1659" sc="9" el="1659" ec="81" bec="0" bev="0" fileid="211" />
                <SequencePoint vc="1" uspid="6303" ordinal="6" offset="52" sl="1661" sc="7" el="1661" ec="43" bec="0" bev="0" fileid="211" />
                <SequencePoint vc="1" uspid="6304" ordinal="7" offset="58" sl="1662" sc="7" el="1662" ec="31" bec="0" bev="0" fileid="211" />
                <SequencePoint vc="1" uspid="6305" ordinal="8" offset="65" sl="1663" sc="7" el="1663" ec="31" bec="0" bev="0" fileid="211" />
                <SequencePoint vc="1" uspid="6306" ordinal="9" offset="72" sl="1664" sc="7" el="1664" ec="48" bec="0" bev="0" fileid="211" />
                <SequencePoint vc="1" uspid="6307" ordinal="10" offset="79" sl="1665" sc="7" el="1665" ec="29" bec="0" bev="0" fileid="211" />
                <SequencePoint vc="1" uspid="6308" ordinal="11" offset="87" sl="1666" sc="7" el="1666" ec="37" bec="0" bev="0" fileid="211" />
                <SequencePoint vc="1" uspid="6309" ordinal="12" offset="98" sl="1669" sc="7" el="1669" ec="28" bec="2" bev="1" fileid="211" />
                <SequencePoint vc="0" uspid="6310" ordinal="13" offset="106" sl="1671" sc="9" el="1671" ec="64" bec="0" bev="0" fileid="211" />
                <SequencePoint vc="0" uspid="6311" ordinal="14" offset="113" sl="1672" sc="7" el="1672" ec="8" bec="0" bev="0" fileid="211" />
                <SequencePoint vc="1" uspid="6312" ordinal="15" offset="115" sl="1676" sc="9" el="1676" ec="64" bec="0" bev="0" fileid="211" />
                <SequencePoint vc="1" uspid="6313" ordinal="16" offset="122" sl="1680" sc="7" el="1680" ec="36" bec="2" bev="1" fileid="211" />
                <SequencePoint vc="0" uspid="6314" ordinal="17" offset="125" sl="1681" sc="9" el="1681" ec="81" bec="0" bev="0" fileid="211" />
                <SequencePoint vc="1" uspid="6315" ordinal="18" offset="150" sl="1683" sc="7" el="1683" ec="111" bec="0" bev="0" fileid="211" />
                <SequencePoint vc="1" uspid="6316" ordinal="19" offset="173" sl="1684" sc="7" el="1684" ec="29" bec="2" bev="1" fileid="211" />
                <SequencePoint vc="0" uspid="6317" ordinal="20" offset="176" sl="1685" sc="9" el="1685" ec="22" bec="0" bev="0" fileid="211" />
                <SequencePoint vc="1" uspid="6318" ordinal="21" offset="178" sl="1690" sc="7" el="1690" ec="64" bec="0" bev="0" fileid="211" />
                <SequencePoint vc="1" uspid="6319" ordinal="22" offset="189" sl="1691" sc="7" el="1691" ec="106" bec="0" bev="0" fileid="211" />
                <SequencePoint vc="1" uspid="6320" ordinal="23" offset="221" sl="1693" sc="7" el="1693" ec="39" bec="0" bev="0" fileid="211" />
                <SequencePoint vc="1" uspid="6321" ordinal="24" offset="239" sl="1694" sc="7" el="1694" ec="34" bec="0" bev="0" fileid="211" />
              </SequencePoints>
              <BranchPoints>
                <BranchPoint vc="0" uspid="6322" ordinal="0" offset="1" sl="1654" path="0" offsetend="3" fileid="211" />
                <BranchPoint vc="1" uspid="6323" ordinal="1" offset="1" sl="1654" path="1" offsetend="14" fileid="211" />
                <BranchPoint vc="0" uspid="6324" ordinal="2" offset="20" sl="1656" path="0" offsetend="22" fileid="211" />
                <BranchPoint vc="1" uspid="6325" ordinal="3" offset="20" sl="1656" path="1" offsetend="33" fileid="211" />
                <BranchPoint vc="0" uspid="6326" ordinal="4" offset="39" sl="1658" path="0" offsetend="41" fileid="211" />
                <BranchPoint vc="1" uspid="6327" ordinal="5" offset="39" sl="1658" path="1" offsetend="52" fileid="211" />
                <BranchPoint vc="0" uspid="6328" ordinal="6" offset="104" sl="1669" path="0" offsetend="106" fileid="211" />
                <BranchPoint vc="1" uspid="6329" ordinal="7" offset="104" sl="1669" path="1" offsetend="115" fileid="211" />
                <BranchPoint vc="0" uspid="6330" ordinal="8" offset="123" sl="1680" path="0" offsetend="125" fileid="211" />
                <BranchPoint vc="1" uspid="6331" ordinal="9" offset="123" sl="1680" path="1" offsetend="150" fileid="211" />
                <BranchPoint vc="0" uspid="6332" ordinal="10" offset="174" sl="1684" path="0" offsetend="176" fileid="211" />
                <BranchPoint vc="1" uspid="6333" ordinal="11" offset="174" sl="1684" path="1" offsetend="178" fileid="211" />
              </BranchPoints>
              <MethodPoint xsi:type="SequencePoint" vc="1" uspid="6297" ordinal="0" offset="0" sl="1654" sc="7" el="1654" ec="28" bec="2" bev="1" fileid="211" />
            </Method>
            <Method visited="true" cyclomaticComplexity="7" nPathComplexity="32" sequenceCoverage="66.67" branchCoverage="54.55" isConstructor="false" isStatic="false" isGetter="false" isSetter="false">
              <Summary numSequencePoints="18" visitedSequencePoints="12" numBranchPoints="11" visitedBranchPoints="6" sequenceCoverage="66.67" branchCoverage="54.55" maxCyclomaticComplexity="7" minCyclomaticComplexity="7" visitedClasses="0" numClasses="0" visitedMethods="1" numMethods="1" />
              <MetadataToken>100664938</MetadataToken>
              <Name>System.Void IBM.Watson.DeveloperCloud.Services.RetrieveAndRank.v1.RetrieveAndRank::OnRankResponse(IBM.Watson.DeveloperCloud.Connection.RESTConnector/Request,IBM.Watson.DeveloperCloud.Connection.RESTConnector/Response)</Name>
              <FileRef uid="211" />
              <SequencePoints>
                <SequencePoint vc="1" uspid="6334" ordinal="0" offset="0" sl="1727" sc="7" el="1727" ec="64" bec="0" bev="0" fileid="211" />
                <SequencePoint vc="1" uspid="6335" ordinal="1" offset="6" sl="1728" sc="7" el="1728" ec="24" bec="2" bev="1" fileid="211" />
                <SequencePoint vc="1" uspid="6336" ordinal="2" offset="17" sl="1732" sc="11" el="1732" ec="30" bec="0" bev="0" fileid="211" />
                <SequencePoint vc="1" uspid="6337" ordinal="3" offset="19" sl="1733" sc="11" el="1733" ec="89" bec="0" bev="0" fileid="211" />
                <SequencePoint vc="1" uspid="6338" ordinal="4" offset="43" sl="1734" sc="11" el="1734" ec="28" bec="2" bev="1" fileid="211" />
                <SequencePoint vc="0" uspid="6339" ordinal="5" offset="52" sl="1735" sc="13" el="1735" ec="60" bec="0" bev="0" fileid="211" />
                <SequencePoint vc="1" uspid="6340" ordinal="6" offset="65" sl="1737" sc="11" el="1737" ec="33" bec="0" bev="0" fileid="211" />
                <SequencePoint vc="1" uspid="6341" ordinal="7" offset="67" sl="1738" sc="11" el="1738" ec="74" bec="0" bev="0" fileid="211" />
                <SequencePoint vc="1" uspid="6342" ordinal="8" offset="87" sl="1739" sc="11" el="1739" ec="28" bec="2" bev="1" fileid="211" />
                <SequencePoint vc="0" uspid="6343" ordinal="9" offset="96" sl="1740" sc="13" el="1740" ec="60" bec="0" bev="0" fileid="211" />
                <SequencePoint vc="1" uspid="6344" ordinal="10" offset="109" sl="1741" sc="9" el="1741" ec="10" bec="0" bev="0" fileid="211" />
                <SequencePoint vc="0" uspid="6345" ordinal="11" offset="111" sl="1742" sc="9" el="1742" ec="28" bec="0" bev="0" fileid="211" />
                <SequencePoint vc="0" uspid="6346" ordinal="12" offset="113" sl="1744" sc="11" el="1744" ec="86" bec="0" bev="0" fileid="211" />
                <SequencePoint vc="0" uspid="6347" ordinal="13" offset="144" sl="1745" sc="11" el="1745" ec="32" bec="0" bev="0" fileid="211" />
                <SequencePoint vc="0" uspid="6348" ordinal="14" offset="151" sl="1746" sc="9" el="1746" ec="10" bec="0" bev="0" fileid="211" />
                <SequencePoint vc="1" uspid="6349" ordinal="15" offset="153" sl="1749" sc="7" el="1749" ec="47" bec="2" bev="1" fileid="211" />
                <SequencePoint vc="1" uspid="6350" ordinal="16" offset="166" sl="1750" sc="9" el="1750" ec="94" bec="2" bev="1" fileid="211" />
                <SequencePoint vc="1" uspid="6351" ordinal="17" offset="205" sl="1751" sc="5" el="1751" ec="6" bec="0" bev="0" fileid="211" />
              </SequencePoints>
              <BranchPoints>
                <BranchPoint vc="1" uspid="6352" ordinal="0" offset="12" sl="1728" path="0" offsetend="17" fileid="211" />
                <BranchPoint vc="0" uspid="6353" ordinal="1" offset="12" sl="1728" path="1" offsetend="153" fileid="211" />
                <BranchPoint vc="0" uspid="6354" ordinal="2" offset="50" sl="1734" path="0" offsetend="52" fileid="211" />
                <BranchPoint vc="1" uspid="6355" ordinal="3" offset="50" sl="1734" path="1" offsetend="65" fileid="211" />
                <BranchPoint vc="0" uspid="6356" ordinal="4" offset="94" sl="1739" path="0" offsetend="96" fileid="211" />
                <BranchPoint vc="1" uspid="6357" ordinal="5" offset="94" sl="1739" path="1" offsetend="109" fileid="211" />
                <BranchPoint vc="1" uspid="6358" ordinal="6" offset="164" sl="1749" path="0" offsetend="166" fileid="211" />
                <BranchPoint vc="0" uspid="6359" ordinal="7" offset="164" sl="1749" path="1" offsetend="205" fileid="211" />
                <BranchPoint vc="0" uspid="6360" ordinal="8" offset="183" sl="1750" path="0" offsetend="185" fileid="211" />
                <BranchPoint vc="1" uspid="6361" ordinal="9" offset="183" sl="1750" path="1" offsetend="188" fileid="211" />
              </BranchPoints>
              <MethodPoint xsi:type="SequencePoint" vc="1" uspid="6334" ordinal="0" offset="0" sl="1727" sc="7" el="1727" ec="64" bec="0" bev="0" fileid="211" />
            </Method>
            <Method visited="true" cyclomaticComplexity="5" nPathComplexity="16" sequenceCoverage="76.47" branchCoverage="55.56" isConstructor="false" isStatic="false" isGetter="false" isSetter="false">
              <Summary numSequencePoints="17" visitedSequencePoints="13" numBranchPoints="9" visitedBranchPoints="5" sequenceCoverage="76.47" branchCoverage="55.56" maxCyclomaticComplexity="5" minCyclomaticComplexity="5" visitedClasses="0" numClasses="0" visitedMethods="1" numMethods="1" />
              <MetadataToken>100664939</MetadataToken>
              <Name>System.Boolean IBM.Watson.DeveloperCloud.Services.RetrieveAndRank.v1.RetrieveAndRank::DeleteRanker(IBM.Watson.DeveloperCloud.Services.RetrieveAndRank.v1.RetrieveAndRank/OnDeleteRanker,System.String,System.String)</Name>
              <FileRef uid="211" />
              <SequencePoints>
                <SequencePoint vc="1" uspid="6362" ordinal="0" offset="0" sl="1771" sc="7" el="1771" ec="28" bec="2" bev="1" fileid="211" />
                <SequencePoint vc="0" uspid="6363" ordinal="1" offset="3" sl="1772" sc="9" el="1772" ec="53" bec="0" bev="0" fileid="211" />
                <SequencePoint vc="1" uspid="6364" ordinal="2" offset="14" sl="1773" sc="7" el="1773" ec="42" bec="2" bev="1" fileid="211" />
                <SequencePoint vc="0" uspid="6365" ordinal="3" offset="22" sl="1774" sc="9" el="1774" ec="80" bec="0" bev="0" fileid="211" />
                <SequencePoint vc="1" uspid="6366" ordinal="4" offset="33" sl="1775" sc="7" el="1775" ec="99" bec="2" bev="1" fileid="211" />
                <SequencePoint vc="0" uspid="6367" ordinal="5" offset="56" sl="1776" sc="9" el="1776" ec="76" bec="0" bev="0" fileid="211" />
                <SequencePoint vc="1" uspid="6368" ordinal="6" offset="67" sl="1778" sc="7" el="1778" ec="59" bec="0" bev="0" fileid="211" />
                <SequencePoint vc="1" uspid="6369" ordinal="7" offset="73" sl="1779" sc="7" el="1779" ec="31" bec="0" bev="0" fileid="211" />
                <SequencePoint vc="1" uspid="6370" ordinal="8" offset="80" sl="1780" sc="7" el="1780" ec="29" bec="0" bev="0" fileid="211" />
                <SequencePoint vc="1" uspid="6371" ordinal="9" offset="87" sl="1781" sc="7" el="1781" ec="31" bec="0" bev="0" fileid="211" />
                <SequencePoint vc="1" uspid="6372" ordinal="10" offset="94" sl="1782" sc="7" el="1782" ec="37" bec="0" bev="0" fileid="211" />
                <SequencePoint vc="1" uspid="6373" ordinal="11" offset="105" sl="1783" sc="7" el="1783" ec="25" bec="0" bev="0" fileid="211" />
                <SequencePoint vc="1" uspid="6374" ordinal="12" offset="112" sl="1785" sc="7" el="1785" ec="113" bec="0" bev="0" fileid="211" />
                <SequencePoint vc="1" uspid="6375" ordinal="13" offset="135" sl="1786" sc="7" el="1786" ec="29" bec="2" bev="1" fileid="211" />
                <SequencePoint vc="0" uspid="6376" ordinal="14" offset="138" sl="1787" sc="9" el="1787" ec="22" bec="0" bev="0" fileid="211" />
                <SequencePoint vc="1" uspid="6377" ordinal="15" offset="140" sl="1789" sc="7" el="1789" ec="47" bec="0" bev="0" fileid="211" />
                <SequencePoint vc="1" uspid="6378" ordinal="16" offset="158" sl="1790" sc="7" el="1790" ec="34" bec="0" bev="0" fileid="211" />
              </SequencePoints>
              <BranchPoints>
                <BranchPoint vc="0" uspid="6379" ordinal="0" offset="1" sl="1771" path="0" offsetend="3" fileid="211" />
                <BranchPoint vc="1" uspid="6380" ordinal="1" offset="1" sl="1771" path="1" offsetend="14" fileid="211" />
                <BranchPoint vc="0" uspid="6381" ordinal="2" offset="20" sl="1773" path="0" offsetend="22" fileid="211" />
                <BranchPoint vc="1" uspid="6382" ordinal="3" offset="20" sl="1773" path="1" offsetend="33" fileid="211" />
                <BranchPoint vc="0" uspid="6383" ordinal="4" offset="54" sl="1775" path="0" offsetend="56" fileid="211" />
                <BranchPoint vc="1" uspid="6384" ordinal="5" offset="54" sl="1775" path="1" offsetend="67" fileid="211" />
                <BranchPoint vc="0" uspid="6385" ordinal="6" offset="136" sl="1786" path="0" offsetend="138" fileid="211" />
                <BranchPoint vc="1" uspid="6386" ordinal="7" offset="136" sl="1786" path="1" offsetend="140" fileid="211" />
              </BranchPoints>
              <MethodPoint xsi:type="SequencePoint" vc="1" uspid="6362" ordinal="0" offset="0" sl="1771" sc="7" el="1771" ec="28" bec="2" bev="1" fileid="211" />
            </Method>
            <Method visited="true" cyclomaticComplexity="2" nPathComplexity="2" sequenceCoverage="100" branchCoverage="66.67" isConstructor="false" isStatic="false" isGetter="false" isSetter="false">
              <Summary numSequencePoints="3" visitedSequencePoints="3" numBranchPoints="3" visitedBranchPoints="2" sequenceCoverage="100" branchCoverage="66.67" maxCyclomaticComplexity="2" minCyclomaticComplexity="2" visitedClasses="0" numClasses="0" visitedMethods="1" numMethods="1" />
              <MetadataToken>100664940</MetadataToken>
              <Name>System.Void IBM.Watson.DeveloperCloud.Services.RetrieveAndRank.v1.RetrieveAndRank::OnDeleteRankerResponse(IBM.Watson.DeveloperCloud.Connection.RESTConnector/Request,IBM.Watson.DeveloperCloud.Connection.RESTConnector/Response)</Name>
              <FileRef uid="211" />
              <SequencePoints>
                <SequencePoint vc="1" uspid="6387" ordinal="0" offset="0" sl="1819" sc="7" el="1819" ec="55" bec="2" bev="1" fileid="211" />
                <SequencePoint vc="1" uspid="6388" ordinal="1" offset="13" sl="1820" sc="9" el="1820" ec="92" bec="0" bev="0" fileid="211" />
                <SequencePoint vc="1" uspid="6389" ordinal="2" offset="46" sl="1821" sc="5" el="1821" ec="6" bec="0" bev="0" fileid="211" />
              </SequencePoints>
              <BranchPoints>
                <BranchPoint vc="1" uspid="6390" ordinal="0" offset="11" sl="1819" path="0" offsetend="13" fileid="211" />
                <BranchPoint vc="0" uspid="6391" ordinal="1" offset="11" sl="1819" path="1" offsetend="46" fileid="211" />
              </BranchPoints>
              <MethodPoint xsi:type="SequencePoint" vc="1" uspid="6387" ordinal="0" offset="0" sl="1819" sc="7" el="1819" ec="55" bec="2" bev="1" fileid="211" />
            </Method>
            <Method visited="true" cyclomaticComplexity="4" nPathComplexity="8" sequenceCoverage="78.57" branchCoverage="57.14" isConstructor="false" isStatic="false" isGetter="false" isSetter="false">
              <Summary numSequencePoints="14" visitedSequencePoints="11" numBranchPoints="7" visitedBranchPoints="4" sequenceCoverage="78.57" branchCoverage="57.14" maxCyclomaticComplexity="4" minCyclomaticComplexity="4" visitedClasses="0" numClasses="0" visitedMethods="1" numMethods="1" />
              <MetadataToken>100664941</MetadataToken>
              <Name>System.Boolean IBM.Watson.DeveloperCloud.Services.RetrieveAndRank.v1.RetrieveAndRank::GetRanker(IBM.Watson.DeveloperCloud.Services.RetrieveAndRank.v1.RetrieveAndRank/OnGetRanker,System.String,System.String)</Name>
              <FileRef uid="211" />
              <SequencePoints>
                <SequencePoint vc="1" uspid="6392" ordinal="0" offset="0" sl="1841" sc="7" el="1841" ec="28" bec="2" bev="1" fileid="211" />
                <SequencePoint vc="0" uspid="6393" ordinal="1" offset="3" sl="1842" sc="9" el="1842" ec="53" bec="0" bev="0" fileid="211" />
                <SequencePoint vc="1" uspid="6394" ordinal="2" offset="14" sl="1843" sc="7" el="1843" ec="42" bec="2" bev="1" fileid="211" />
                <SequencePoint vc="0" uspid="6395" ordinal="3" offset="22" sl="1844" sc="9" el="1844" ec="73" bec="0" bev="0" fileid="211" />
                <SequencePoint vc="1" uspid="6396" ordinal="4" offset="33" sl="1846" sc="7" el="1846" ec="53" bec="0" bev="0" fileid="211" />
                <SequencePoint vc="1" uspid="6397" ordinal="5" offset="39" sl="1847" sc="7" el="1847" ec="31" bec="0" bev="0" fileid="211" />
                <SequencePoint vc="1" uspid="6398" ordinal="6" offset="46" sl="1848" sc="7" el="1848" ec="29" bec="0" bev="0" fileid="211" />
                <SequencePoint vc="1" uspid="6399" ordinal="7" offset="53" sl="1849" sc="7" el="1849" ec="31" bec="0" bev="0" fileid="211" />
                <SequencePoint vc="1" uspid="6400" ordinal="8" offset="60" sl="1850" sc="7" el="1850" ec="37" bec="0" bev="0" fileid="211" />
                <SequencePoint vc="1" uspid="6401" ordinal="9" offset="71" sl="1852" sc="7" el="1852" ec="113" bec="0" bev="0" fileid="211" />
                <SequencePoint vc="1" uspid="6402" ordinal="10" offset="94" sl="1853" sc="7" el="1853" ec="29" bec="2" bev="1" fileid="211" />
                <SequencePoint vc="0" uspid="6403" ordinal="11" offset="97" sl="1854" sc="9" el="1854" ec="22" bec="0" bev="0" fileid="211" />
                <SequencePoint vc="1" uspid="6404" ordinal="12" offset="99" sl="1856" sc="7" el="1856" ec="44" bec="0" bev="0" fileid="211" />
                <SequencePoint vc="1" uspid="6405" ordinal="13" offset="117" sl="1857" sc="7" el="1857" ec="34" bec="0" bev="0" fileid="211" />
              </SequencePoints>
              <BranchPoints>
                <BranchPoint vc="0" uspid="6406" ordinal="0" offset="1" sl="1841" path="0" offsetend="3" fileid="211" />
                <BranchPoint vc="1" uspid="6407" ordinal="1" offset="1" sl="1841" path="1" offsetend="14" fileid="211" />
                <BranchPoint vc="0" uspid="6408" ordinal="2" offset="20" sl="1843" path="0" offsetend="22" fileid="211" />
                <BranchPoint vc="1" uspid="6409" ordinal="3" offset="20" sl="1843" path="1" offsetend="33" fileid="211" />
                <BranchPoint vc="0" uspid="6410" ordinal="4" offset="95" sl="1853" path="0" offsetend="97" fileid="211" />
                <BranchPoint vc="1" uspid="6411" ordinal="5" offset="95" sl="1853" path="1" offsetend="99" fileid="211" />
              </BranchPoints>
              <MethodPoint xsi:type="SequencePoint" vc="1" uspid="6392" ordinal="0" offset="0" sl="1841" sc="7" el="1841" ec="28" bec="2" bev="1" fileid="211" />
            </Method>
            <Method visited="true" cyclomaticComplexity="7" nPathComplexity="32" sequenceCoverage="66.67" branchCoverage="54.55" isConstructor="false" isStatic="false" isGetter="false" isSetter="false">
              <Summary numSequencePoints="18" visitedSequencePoints="12" numBranchPoints="11" visitedBranchPoints="6" sequenceCoverage="66.67" branchCoverage="54.55" maxCyclomaticComplexity="7" minCyclomaticComplexity="7" visitedClasses="0" numClasses="0" visitedMethods="1" numMethods="1" />
              <MetadataToken>100664942</MetadataToken>
              <Name>System.Void IBM.Watson.DeveloperCloud.Services.RetrieveAndRank.v1.RetrieveAndRank::OnGetRankerResponse(IBM.Watson.DeveloperCloud.Connection.RESTConnector/Request,IBM.Watson.DeveloperCloud.Connection.RESTConnector/Response)</Name>
              <FileRef uid="211" />
              <SequencePoints>
                <SequencePoint vc="1" uspid="6412" ordinal="0" offset="0" sl="1886" sc="7" el="1886" ec="66" bec="0" bev="0" fileid="211" />
                <SequencePoint vc="1" uspid="6413" ordinal="1" offset="6" sl="1887" sc="7" el="1887" ec="24" bec="2" bev="1" fileid="211" />
                <SequencePoint vc="1" uspid="6414" ordinal="2" offset="17" sl="1891" sc="11" el="1891" ec="30" bec="0" bev="0" fileid="211" />
                <SequencePoint vc="1" uspid="6415" ordinal="3" offset="19" sl="1892" sc="11" el="1892" ec="89" bec="0" bev="0" fileid="211" />
                <SequencePoint vc="1" uspid="6416" ordinal="4" offset="43" sl="1893" sc="11" el="1893" ec="28" bec="2" bev="1" fileid="211" />
                <SequencePoint vc="0" uspid="6417" ordinal="5" offset="52" sl="1894" sc="13" el="1894" ec="60" bec="0" bev="0" fileid="211" />
                <SequencePoint vc="1" uspid="6418" ordinal="6" offset="65" sl="1896" sc="11" el="1896" ec="35" bec="0" bev="0" fileid="211" />
                <SequencePoint vc="1" uspid="6419" ordinal="7" offset="67" sl="1897" sc="11" el="1897" ec="74" bec="0" bev="0" fileid="211" />
                <SequencePoint vc="1" uspid="6420" ordinal="8" offset="87" sl="1898" sc="11" el="1898" ec="28" bec="2" bev="1" fileid="211" />
                <SequencePoint vc="0" uspid="6421" ordinal="9" offset="96" sl="1899" sc="13" el="1899" ec="60" bec="0" bev="0" fileid="211" />
                <SequencePoint vc="1" uspid="6422" ordinal="10" offset="109" sl="1900" sc="9" el="1900" ec="10" bec="0" bev="0" fileid="211" />
                <SequencePoint vc="0" uspid="6423" ordinal="11" offset="111" sl="1901" sc="9" el="1901" ec="28" bec="0" bev="0" fileid="211" />
                <SequencePoint vc="0" uspid="6424" ordinal="12" offset="113" sl="1903" sc="11" el="1903" ec="91" bec="0" bev="0" fileid="211" />
                <SequencePoint vc="0" uspid="6425" ordinal="13" offset="144" sl="1904" sc="11" el="1904" ec="32" bec="0" bev="0" fileid="211" />
                <SequencePoint vc="0" uspid="6426" ordinal="14" offset="151" sl="1905" sc="9" el="1905" ec="10" bec="0" bev="0" fileid="211" />
                <SequencePoint vc="1" uspid="6427" ordinal="15" offset="153" sl="1908" sc="7" el="1908" ec="52" bec="2" bev="1" fileid="211" />
                <SequencePoint vc="1" uspid="6428" ordinal="16" offset="166" sl="1909" sc="9" el="1909" ec="106" bec="2" bev="1" fileid="211" />
                <SequencePoint vc="1" uspid="6429" ordinal="17" offset="205" sl="1910" sc="5" el="1910" ec="6" bec="0" bev="0" fileid="211" />
              </SequencePoints>
              <BranchPoints>
                <BranchPoint vc="1" uspid="6430" ordinal="0" offset="12" sl="1887" path="0" offsetend="17" fileid="211" />
                <BranchPoint vc="0" uspid="6431" ordinal="1" offset="12" sl="1887" path="1" offsetend="153" fileid="211" />
                <BranchPoint vc="0" uspid="6432" ordinal="2" offset="50" sl="1893" path="0" offsetend="52" fileid="211" />
                <BranchPoint vc="1" uspid="6433" ordinal="3" offset="50" sl="1893" path="1" offsetend="65" fileid="211" />
                <BranchPoint vc="0" uspid="6434" ordinal="4" offset="94" sl="1898" path="0" offsetend="96" fileid="211" />
                <BranchPoint vc="1" uspid="6435" ordinal="5" offset="94" sl="1898" path="1" offsetend="109" fileid="211" />
                <BranchPoint vc="1" uspid="6436" ordinal="6" offset="164" sl="1908" path="0" offsetend="166" fileid="211" />
                <BranchPoint vc="0" uspid="6437" ordinal="7" offset="164" sl="1908" path="1" offsetend="205" fileid="211" />
                <BranchPoint vc="0" uspid="6438" ordinal="8" offset="183" sl="1909" path="0" offsetend="185" fileid="211" />
                <BranchPoint vc="1" uspid="6439" ordinal="9" offset="183" sl="1909" path="1" offsetend="188" fileid="211" />
              </BranchPoints>
              <MethodPoint xsi:type="SequencePoint" vc="1" uspid="6412" ordinal="0" offset="0" sl="1886" sc="7" el="1886" ec="66" bec="0" bev="0" fileid="211" />
            </Method>
            <Method visited="false" cyclomaticComplexity="1" nPathComplexity="0" sequenceCoverage="0" branchCoverage="0" isConstructor="false" isStatic="false" isGetter="false" isSetter="false">
              <Summary numSequencePoints="1" visitedSequencePoints="0" numBranchPoints="1" visitedBranchPoints="0" sequenceCoverage="0" branchCoverage="0" maxCyclomaticComplexity="1" minCyclomaticComplexity="1" visitedClasses="0" numClasses="0" visitedMethods="0" numMethods="1" />
              <MetadataToken>100664943</MetadataToken>
              <Name>System.String IBM.Watson.DeveloperCloud.Services.RetrieveAndRank.v1.RetrieveAndRank::GetServiceID()</Name>
              <FileRef uid="211" />
              <SequencePoints>
                <SequencePoint vc="0" uspid="6440" ordinal="0" offset="0" sl="1917" sc="7" el="1917" ec="25" bec="0" bev="0" fileid="211" />
              </SequencePoints>
              <BranchPoints />
              <MethodPoint xsi:type="SequencePoint" vc="0" uspid="6440" ordinal="0" offset="0" sl="1917" sc="7" el="1917" ec="25" bec="0" bev="0" fileid="211" />
            </Method>
            <Method visited="false" cyclomaticComplexity="2" nPathComplexity="2" sequenceCoverage="0" branchCoverage="0" isConstructor="false" isStatic="false" isGetter="false" isSetter="false">
              <Summary numSequencePoints="4" visitedSequencePoints="0" numBranchPoints="3" visitedBranchPoints="0" sequenceCoverage="0" branchCoverage="0" maxCyclomaticComplexity="2" minCyclomaticComplexity="2" visitedClasses="0" numClasses="0" visitedMethods="0" numMethods="1" />
              <MetadataToken>100664944</MetadataToken>
              <Name>System.Void IBM.Watson.DeveloperCloud.Services.RetrieveAndRank.v1.RetrieveAndRank::GetServiceStatus(IBM.Watson.DeveloperCloud.Services.ServiceStatus)</Name>
              <FileRef uid="211" />
              <SequencePoints>
                <SequencePoint vc="0" uspid="6441" ordinal="0" offset="0" sl="1923" sc="7" el="1923" ec="63" bec="2" bev="0" fileid="211" />
                <SequencePoint vc="0" uspid="6442" ordinal="1" offset="17" sl="1924" sc="9" el="1924" ec="48" bec="0" bev="0" fileid="211" />
                <SequencePoint vc="0" uspid="6443" ordinal="2" offset="26" sl="1926" sc="9" el="1926" ec="37" bec="0" bev="0" fileid="211" />
                <SequencePoint vc="0" uspid="6444" ordinal="3" offset="38" sl="1927" sc="5" el="1927" ec="6" bec="0" bev="0" fileid="211" />
              </SequencePoints>
              <BranchPoints>
                <BranchPoint vc="0" uspid="6445" ordinal="0" offset="15" sl="1923" path="0" offsetend="17" fileid="211" />
                <BranchPoint vc="0" uspid="6446" ordinal="1" offset="15" sl="1923" path="1" offsetend="26" fileid="211" />
              </BranchPoints>
              <MethodPoint xsi:type="SequencePoint" vc="0" uspid="6441" ordinal="0" offset="0" sl="1923" sc="7" el="1923" ec="63" bec="2" bev="0" fileid="211" />
            </Method>
            <Method visited="true" cyclomaticComplexity="1" nPathComplexity="0" sequenceCoverage="0" branchCoverage="0" isConstructor="true" isStatic="false" isGetter="false" isSetter="false">
              <Summary numSequencePoints="0" visitedSequencePoints="0" numBranchPoints="0" visitedBranchPoints="0" sequenceCoverage="0" branchCoverage="0" maxCyclomaticComplexity="1" minCyclomaticComplexity="1" visitedClasses="0" numClasses="0" visitedMethods="0" numMethods="0" />
              <MetadataToken>100664945</MetadataToken>
              <Name>System.Void IBM.Watson.DeveloperCloud.Services.RetrieveAndRank.v1.RetrieveAndRank::.ctor()</Name>
              <SequencePoints />
              <BranchPoints />
              <MethodPoint vc="1" uspid="6447" ordinal="0" offset="0" />
            </Method>
            <Method visited="true" cyclomaticComplexity="1" nPathComplexity="0" sequenceCoverage="100" branchCoverage="100" isConstructor="true" isStatic="true" isGetter="false" isSetter="false">
              <Summary numSequencePoints="1" visitedSequencePoints="1" numBranchPoints="1" visitedBranchPoints="1" sequenceCoverage="100" branchCoverage="100" maxCyclomaticComplexity="1" minCyclomaticComplexity="1" visitedClasses="0" numClasses="0" visitedMethods="1" numMethods="1" />
              <MetadataToken>100664946</MetadataToken>
              <Name>System.Void IBM.Watson.DeveloperCloud.Services.RetrieveAndRank.v1.RetrieveAndRank::.cctor()</Name>
              <FileRef uid="211" />
              <SequencePoints>
                <SequencePoint vc="1" uspid="6448" ordinal="0" offset="0" sl="37" sc="5" el="37" ec="68" bec="0" bev="0" fileid="211" />
              </SequencePoints>
              <BranchPoints />
              <MethodPoint xsi:type="SequencePoint" vc="1" uspid="6448" ordinal="0" offset="0" sl="37" sc="5" el="37" ec="68" bec="0" bev="0" fileid="211" />
            </Method>
          </Methods>
        </Class>
        <Class>
          <Summary numSequencePoints="0" visitedSequencePoints="0" numBranchPoints="0" visitedBranchPoints="0" sequenceCoverage="0" branchCoverage="0" maxCyclomaticComplexity="0" minCyclomaticComplexity="0" visitedClasses="0" numClasses="0" visitedMethods="0" numMethods="0" />
          <FullName>IBM.Watson.DeveloperCloud.Services.RetrieveAndRank.v1.RetrieveAndRank/LoadFileDelegate</FullName>
          <Methods>
            <Method skippedDueTo="Unknown" visited="false" cyclomaticComplexity="0" nPathComplexity="0" sequenceCoverage="0" branchCoverage="0" isConstructor="true" isStatic="false" isGetter="false" isSetter="false">
              <MetadataToken>100666696</MetadataToken>
              <Name>System.Void IBM.Watson.DeveloperCloud.Services.RetrieveAndRank.v1.RetrieveAndRank/LoadFileDelegate::.ctor(System.Object,System.IntPtr)</Name>
              <SequencePoints />
              <BranchPoints />
            </Method>
            <Method skippedDueTo="Unknown" visited="false" cyclomaticComplexity="0" nPathComplexity="0" sequenceCoverage="0" branchCoverage="0" isConstructor="false" isStatic="false" isGetter="false" isSetter="false">
              <MetadataToken>100666697</MetadataToken>
              <Name>System.Byte[] IBM.Watson.DeveloperCloud.Services.RetrieveAndRank.v1.RetrieveAndRank/LoadFileDelegate::Invoke(System.String)</Name>
              <SequencePoints />
              <BranchPoints />
            </Method>
            <Method skippedDueTo="Unknown" visited="false" cyclomaticComplexity="0" nPathComplexity="0" sequenceCoverage="0" branchCoverage="0" isConstructor="false" isStatic="false" isGetter="false" isSetter="false">
              <MetadataToken>100666698</MetadataToken>
              <Name>System.IAsyncResult IBM.Watson.DeveloperCloud.Services.RetrieveAndRank.v1.RetrieveAndRank/LoadFileDelegate::BeginInvoke(System.String,System.AsyncCallback,System.Object)</Name>
              <SequencePoints />
              <BranchPoints />
            </Method>
            <Method skippedDueTo="Unknown" visited="false" cyclomaticComplexity="0" nPathComplexity="0" sequenceCoverage="0" branchCoverage="0" isConstructor="false" isStatic="false" isGetter="false" isSetter="false">
              <MetadataToken>100666699</MetadataToken>
              <Name>System.Byte[] IBM.Watson.DeveloperCloud.Services.RetrieveAndRank.v1.RetrieveAndRank/LoadFileDelegate::EndInvoke(System.IAsyncResult)</Name>
              <SequencePoints />
              <BranchPoints />
            </Method>
          </Methods>
        </Class>
        <Class>
          <Summary numSequencePoints="0" visitedSequencePoints="0" numBranchPoints="0" visitedBranchPoints="0" sequenceCoverage="0" branchCoverage="0" maxCyclomaticComplexity="0" minCyclomaticComplexity="0" visitedClasses="0" numClasses="0" visitedMethods="0" numMethods="0" />
          <FullName>IBM.Watson.DeveloperCloud.Services.RetrieveAndRank.v1.RetrieveAndRank/SaveFileDelegate</FullName>
          <Methods>
            <Method skippedDueTo="Unknown" visited="false" cyclomaticComplexity="0" nPathComplexity="0" sequenceCoverage="0" branchCoverage="0" isConstructor="true" isStatic="false" isGetter="false" isSetter="false">
              <MetadataToken>100666700</MetadataToken>
              <Name>System.Void IBM.Watson.DeveloperCloud.Services.RetrieveAndRank.v1.RetrieveAndRank/SaveFileDelegate::.ctor(System.Object,System.IntPtr)</Name>
              <SequencePoints />
              <BranchPoints />
            </Method>
            <Method skippedDueTo="Unknown" visited="false" cyclomaticComplexity="0" nPathComplexity="0" sequenceCoverage="0" branchCoverage="0" isConstructor="false" isStatic="false" isGetter="false" isSetter="false">
              <MetadataToken>100666701</MetadataToken>
              <Name>System.Void IBM.Watson.DeveloperCloud.Services.RetrieveAndRank.v1.RetrieveAndRank/SaveFileDelegate::Invoke(System.String,System.Byte[])</Name>
              <SequencePoints />
              <BranchPoints />
            </Method>
            <Method skippedDueTo="Unknown" visited="false" cyclomaticComplexity="0" nPathComplexity="0" sequenceCoverage="0" branchCoverage="0" isConstructor="false" isStatic="false" isGetter="false" isSetter="false">
              <MetadataToken>100666702</MetadataToken>
              <Name>System.IAsyncResult IBM.Watson.DeveloperCloud.Services.RetrieveAndRank.v1.RetrieveAndRank/SaveFileDelegate::BeginInvoke(System.String,System.Byte[],System.AsyncCallback,System.Object)</Name>
              <SequencePoints />
              <BranchPoints />
            </Method>
            <Method skippedDueTo="Unknown" visited="false" cyclomaticComplexity="0" nPathComplexity="0" sequenceCoverage="0" branchCoverage="0" isConstructor="false" isStatic="false" isGetter="false" isSetter="false">
              <MetadataToken>100666703</MetadataToken>
              <Name>System.Void IBM.Watson.DeveloperCloud.Services.RetrieveAndRank.v1.RetrieveAndRank/SaveFileDelegate::EndInvoke(System.IAsyncResult)</Name>
              <SequencePoints />
              <BranchPoints />
            </Method>
          </Methods>
        </Class>
        <Class>
          <Summary numSequencePoints="0" visitedSequencePoints="0" numBranchPoints="0" visitedBranchPoints="0" sequenceCoverage="0" branchCoverage="0" maxCyclomaticComplexity="0" minCyclomaticComplexity="0" visitedClasses="0" numClasses="0" visitedMethods="0" numMethods="0" />
          <FullName>IBM.Watson.DeveloperCloud.Services.RetrieveAndRank.v1.RetrieveAndRank/OnGetClusters</FullName>
          <Methods>
            <Method skippedDueTo="Unknown" visited="false" cyclomaticComplexity="0" nPathComplexity="0" sequenceCoverage="0" branchCoverage="0" isConstructor="true" isStatic="false" isGetter="false" isSetter="false">
              <MetadataToken>100666704</MetadataToken>
              <Name>System.Void IBM.Watson.DeveloperCloud.Services.RetrieveAndRank.v1.RetrieveAndRank/OnGetClusters::.ctor(System.Object,System.IntPtr)</Name>
              <SequencePoints />
              <BranchPoints />
            </Method>
            <Method skippedDueTo="Unknown" visited="false" cyclomaticComplexity="0" nPathComplexity="0" sequenceCoverage="0" branchCoverage="0" isConstructor="false" isStatic="false" isGetter="false" isSetter="false">
              <MetadataToken>100666705</MetadataToken>
              <Name>System.Void IBM.Watson.DeveloperCloud.Services.RetrieveAndRank.v1.RetrieveAndRank/OnGetClusters::Invoke(IBM.Watson.DeveloperCloud.Services.RetrieveAndRank.v1.SolrClusterListResponse,System.String)</Name>
              <SequencePoints />
              <BranchPoints />
            </Method>
            <Method skippedDueTo="Unknown" visited="false" cyclomaticComplexity="0" nPathComplexity="0" sequenceCoverage="0" branchCoverage="0" isConstructor="false" isStatic="false" isGetter="false" isSetter="false">
              <MetadataToken>100666706</MetadataToken>
              <Name>System.IAsyncResult IBM.Watson.DeveloperCloud.Services.RetrieveAndRank.v1.RetrieveAndRank/OnGetClusters::BeginInvoke(IBM.Watson.DeveloperCloud.Services.RetrieveAndRank.v1.SolrClusterListResponse,System.String,System.AsyncCallback,System.Object)</Name>
              <SequencePoints />
              <BranchPoints />
            </Method>
            <Method skippedDueTo="Unknown" visited="false" cyclomaticComplexity="0" nPathComplexity="0" sequenceCoverage="0" branchCoverage="0" isConstructor="false" isStatic="false" isGetter="false" isSetter="false">
              <MetadataToken>100666707</MetadataToken>
              <Name>System.Void IBM.Watson.DeveloperCloud.Services.RetrieveAndRank.v1.RetrieveAndRank/OnGetClusters::EndInvoke(System.IAsyncResult)</Name>
              <SequencePoints />
              <BranchPoints />
            </Method>
          </Methods>
        </Class>
        <Class>
          <Summary numSequencePoints="4" visitedSequencePoints="4" numBranchPoints="4" visitedBranchPoints="4" sequenceCoverage="100" branchCoverage="100" maxCyclomaticComplexity="1" minCyclomaticComplexity="1" visitedClasses="1" numClasses="1" visitedMethods="4" numMethods="4" />
          <FullName>IBM.Watson.DeveloperCloud.Services.RetrieveAndRank.v1.RetrieveAndRank/GetClustersRequest</FullName>
          <Methods>
            <Method visited="true" cyclomaticComplexity="1" nPathComplexity="0" sequenceCoverage="100" branchCoverage="100" isConstructor="false" isStatic="false" isGetter="true" isSetter="false">
              <Summary numSequencePoints="1" visitedSequencePoints="1" numBranchPoints="1" visitedBranchPoints="1" sequenceCoverage="100" branchCoverage="100" maxCyclomaticComplexity="1" minCyclomaticComplexity="1" visitedClasses="0" numClasses="0" visitedMethods="1" numMethods="1" />
              <MetadataToken>100666708</MetadataToken>
              <Name>System.String IBM.Watson.DeveloperCloud.Services.RetrieveAndRank.v1.RetrieveAndRank/GetClustersRequest::get_Data()</Name>
              <FileRef uid="211" />
              <SequencePoints>
                <SequencePoint vc="1" uspid="6449" ordinal="0" offset="0" sl="133" sc="28" el="133" ec="32" bec="0" bev="0" fileid="211" />
              </SequencePoints>
              <BranchPoints />
              <MethodPoint xsi:type="SequencePoint" vc="1" uspid="6449" ordinal="0" offset="0" sl="133" sc="28" el="133" ec="32" bec="0" bev="0" fileid="211" />
            </Method>
            <Method visited="true" cyclomaticComplexity="1" nPathComplexity="0" sequenceCoverage="100" branchCoverage="100" isConstructor="false" isStatic="false" isGetter="false" isSetter="true">
              <Summary numSequencePoints="1" visitedSequencePoints="1" numBranchPoints="1" visitedBranchPoints="1" sequenceCoverage="100" branchCoverage="100" maxCyclomaticComplexity="1" minCyclomaticComplexity="1" visitedClasses="0" numClasses="0" visitedMethods="1" numMethods="1" />
              <MetadataToken>100666709</MetadataToken>
              <Name>System.Void IBM.Watson.DeveloperCloud.Services.RetrieveAndRank.v1.RetrieveAndRank/GetClustersRequest::set_Data(System.String)</Name>
              <FileRef uid="211" />
              <SequencePoints>
                <SequencePoint vc="1" uspid="6450" ordinal="0" offset="0" sl="133" sc="33" el="133" ec="37" bec="0" bev="0" fileid="211" />
              </SequencePoints>
              <BranchPoints />
              <MethodPoint xsi:type="SequencePoint" vc="1" uspid="6450" ordinal="0" offset="0" sl="133" sc="33" el="133" ec="37" bec="0" bev="0" fileid="211" />
            </Method>
            <Method visited="true" cyclomaticComplexity="1" nPathComplexity="0" sequenceCoverage="100" branchCoverage="100" isConstructor="false" isStatic="false" isGetter="true" isSetter="false">
              <Summary numSequencePoints="1" visitedSequencePoints="1" numBranchPoints="1" visitedBranchPoints="1" sequenceCoverage="100" branchCoverage="100" maxCyclomaticComplexity="1" minCyclomaticComplexity="1" visitedClasses="0" numClasses="0" visitedMethods="1" numMethods="1" />
              <MetadataToken>100666710</MetadataToken>
              <Name>IBM.Watson.DeveloperCloud.Services.RetrieveAndRank.v1.RetrieveAndRank/OnGetClusters IBM.Watson.DeveloperCloud.Services.RetrieveAndRank.v1.RetrieveAndRank/GetClustersRequest::get_Callback()</Name>
              <FileRef uid="211" />
              <SequencePoints>
                <SequencePoint vc="2" uspid="6451" ordinal="0" offset="0" sl="137" sc="39" el="137" ec="43" bec="0" bev="0" fileid="211" />
              </SequencePoints>
              <BranchPoints />
              <MethodPoint xsi:type="SequencePoint" vc="2" uspid="6451" ordinal="0" offset="0" sl="137" sc="39" el="137" ec="43" bec="0" bev="0" fileid="211" />
            </Method>
            <Method visited="true" cyclomaticComplexity="1" nPathComplexity="0" sequenceCoverage="100" branchCoverage="100" isConstructor="false" isStatic="false" isGetter="false" isSetter="true">
              <Summary numSequencePoints="1" visitedSequencePoints="1" numBranchPoints="1" visitedBranchPoints="1" sequenceCoverage="100" branchCoverage="100" maxCyclomaticComplexity="1" minCyclomaticComplexity="1" visitedClasses="0" numClasses="0" visitedMethods="1" numMethods="1" />
              <MetadataToken>100666711</MetadataToken>
              <Name>System.Void IBM.Watson.DeveloperCloud.Services.RetrieveAndRank.v1.RetrieveAndRank/GetClustersRequest::set_Callback(IBM.Watson.DeveloperCloud.Services.RetrieveAndRank.v1.RetrieveAndRank/OnGetClusters)</Name>
              <FileRef uid="211" />
              <SequencePoints>
                <SequencePoint vc="1" uspid="6452" ordinal="0" offset="0" sl="137" sc="44" el="137" ec="48" bec="0" bev="0" fileid="211" />
              </SequencePoints>
              <BranchPoints />
              <MethodPoint xsi:type="SequencePoint" vc="1" uspid="6452" ordinal="0" offset="0" sl="137" sc="44" el="137" ec="48" bec="0" bev="0" fileid="211" />
            </Method>
            <Method visited="true" cyclomaticComplexity="1" nPathComplexity="0" sequenceCoverage="0" branchCoverage="0" isConstructor="true" isStatic="false" isGetter="false" isSetter="false">
              <Summary numSequencePoints="0" visitedSequencePoints="0" numBranchPoints="0" visitedBranchPoints="0" sequenceCoverage="0" branchCoverage="0" maxCyclomaticComplexity="1" minCyclomaticComplexity="1" visitedClasses="0" numClasses="0" visitedMethods="0" numMethods="0" />
              <MetadataToken>100666712</MetadataToken>
              <Name>System.Void IBM.Watson.DeveloperCloud.Services.RetrieveAndRank.v1.RetrieveAndRank/GetClustersRequest::.ctor()</Name>
              <SequencePoints />
              <BranchPoints />
              <MethodPoint vc="1" uspid="6453" ordinal="0" offset="0" />
            </Method>
          </Methods>
        </Class>
        <Class>
          <Summary numSequencePoints="0" visitedSequencePoints="0" numBranchPoints="0" visitedBranchPoints="0" sequenceCoverage="0" branchCoverage="0" maxCyclomaticComplexity="0" minCyclomaticComplexity="0" visitedClasses="0" numClasses="0" visitedMethods="0" numMethods="0" />
          <FullName>IBM.Watson.DeveloperCloud.Services.RetrieveAndRank.v1.RetrieveAndRank/OnCreateCluster</FullName>
          <Methods>
            <Method skippedDueTo="Unknown" visited="false" cyclomaticComplexity="0" nPathComplexity="0" sequenceCoverage="0" branchCoverage="0" isConstructor="true" isStatic="false" isGetter="false" isSetter="false">
              <MetadataToken>100666713</MetadataToken>
              <Name>System.Void IBM.Watson.DeveloperCloud.Services.RetrieveAndRank.v1.RetrieveAndRank/OnCreateCluster::.ctor(System.Object,System.IntPtr)</Name>
              <SequencePoints />
              <BranchPoints />
            </Method>
            <Method skippedDueTo="Unknown" visited="false" cyclomaticComplexity="0" nPathComplexity="0" sequenceCoverage="0" branchCoverage="0" isConstructor="false" isStatic="false" isGetter="false" isSetter="false">
              <MetadataToken>100666714</MetadataToken>
              <Name>System.Void IBM.Watson.DeveloperCloud.Services.RetrieveAndRank.v1.RetrieveAndRank/OnCreateCluster::Invoke(IBM.Watson.DeveloperCloud.Services.RetrieveAndRank.v1.SolrClusterResponse,System.String)</Name>
              <SequencePoints />
              <BranchPoints />
            </Method>
            <Method skippedDueTo="Unknown" visited="false" cyclomaticComplexity="0" nPathComplexity="0" sequenceCoverage="0" branchCoverage="0" isConstructor="false" isStatic="false" isGetter="false" isSetter="false">
              <MetadataToken>100666715</MetadataToken>
              <Name>System.IAsyncResult IBM.Watson.DeveloperCloud.Services.RetrieveAndRank.v1.RetrieveAndRank/OnCreateCluster::BeginInvoke(IBM.Watson.DeveloperCloud.Services.RetrieveAndRank.v1.SolrClusterResponse,System.String,System.AsyncCallback,System.Object)</Name>
              <SequencePoints />
              <BranchPoints />
            </Method>
            <Method skippedDueTo="Unknown" visited="false" cyclomaticComplexity="0" nPathComplexity="0" sequenceCoverage="0" branchCoverage="0" isConstructor="false" isStatic="false" isGetter="false" isSetter="false">
              <MetadataToken>100666716</MetadataToken>
              <Name>System.Void IBM.Watson.DeveloperCloud.Services.RetrieveAndRank.v1.RetrieveAndRank/OnCreateCluster::EndInvoke(System.IAsyncResult)</Name>
              <SequencePoints />
              <BranchPoints />
            </Method>
          </Methods>
        </Class>
        <Class>
          <Summary numSequencePoints="4" visitedSequencePoints="4" numBranchPoints="4" visitedBranchPoints="4" sequenceCoverage="100" branchCoverage="100" maxCyclomaticComplexity="1" minCyclomaticComplexity="1" visitedClasses="1" numClasses="1" visitedMethods="4" numMethods="4" />
          <FullName>IBM.Watson.DeveloperCloud.Services.RetrieveAndRank.v1.RetrieveAndRank/CreateClusterRequest</FullName>
          <Methods>
            <Method visited="true" cyclomaticComplexity="1" nPathComplexity="0" sequenceCoverage="100" branchCoverage="100" isConstructor="false" isStatic="false" isGetter="true" isSetter="false">
              <Summary numSequencePoints="1" visitedSequencePoints="1" numBranchPoints="1" visitedBranchPoints="1" sequenceCoverage="100" branchCoverage="100" maxCyclomaticComplexity="1" minCyclomaticComplexity="1" visitedClasses="0" numClasses="0" visitedMethods="1" numMethods="1" />
              <MetadataToken>100666717</MetadataToken>
              <Name>System.String IBM.Watson.DeveloperCloud.Services.RetrieveAndRank.v1.RetrieveAndRank/CreateClusterRequest::get_Data()</Name>
              <FileRef uid="211" />
              <SequencePoints>
                <SequencePoint vc="1" uspid="6454" ordinal="0" offset="0" sl="218" sc="28" el="218" ec="32" bec="0" bev="0" fileid="211" />
              </SequencePoints>
              <BranchPoints />
              <MethodPoint xsi:type="SequencePoint" vc="1" uspid="6454" ordinal="0" offset="0" sl="218" sc="28" el="218" ec="32" bec="0" bev="0" fileid="211" />
            </Method>
            <Method visited="true" cyclomaticComplexity="1" nPathComplexity="0" sequenceCoverage="100" branchCoverage="100" isConstructor="false" isStatic="false" isGetter="false" isSetter="true">
              <Summary numSequencePoints="1" visitedSequencePoints="1" numBranchPoints="1" visitedBranchPoints="1" sequenceCoverage="100" branchCoverage="100" maxCyclomaticComplexity="1" minCyclomaticComplexity="1" visitedClasses="0" numClasses="0" visitedMethods="1" numMethods="1" />
              <MetadataToken>100666718</MetadataToken>
              <Name>System.Void IBM.Watson.DeveloperCloud.Services.RetrieveAndRank.v1.RetrieveAndRank/CreateClusterRequest::set_Data(System.String)</Name>
              <FileRef uid="211" />
              <SequencePoints>
                <SequencePoint vc="1" uspid="6455" ordinal="0" offset="0" sl="218" sc="33" el="218" ec="37" bec="0" bev="0" fileid="211" />
              </SequencePoints>
              <BranchPoints />
              <MethodPoint xsi:type="SequencePoint" vc="1" uspid="6455" ordinal="0" offset="0" sl="218" sc="33" el="218" ec="37" bec="0" bev="0" fileid="211" />
            </Method>
            <Method visited="true" cyclomaticComplexity="1" nPathComplexity="0" sequenceCoverage="100" branchCoverage="100" isConstructor="false" isStatic="false" isGetter="true" isSetter="false">
              <Summary numSequencePoints="1" visitedSequencePoints="1" numBranchPoints="1" visitedBranchPoints="1" sequenceCoverage="100" branchCoverage="100" maxCyclomaticComplexity="1" minCyclomaticComplexity="1" visitedClasses="0" numClasses="0" visitedMethods="1" numMethods="1" />
              <MetadataToken>100666719</MetadataToken>
              <Name>IBM.Watson.DeveloperCloud.Services.RetrieveAndRank.v1.RetrieveAndRank/OnCreateCluster IBM.Watson.DeveloperCloud.Services.RetrieveAndRank.v1.RetrieveAndRank/CreateClusterRequest::get_Callback()</Name>
              <FileRef uid="211" />
              <SequencePoints>
                <SequencePoint vc="2" uspid="6456" ordinal="0" offset="0" sl="222" sc="41" el="222" ec="45" bec="0" bev="0" fileid="211" />
              </SequencePoints>
              <BranchPoints />
              <MethodPoint xsi:type="SequencePoint" vc="2" uspid="6456" ordinal="0" offset="0" sl="222" sc="41" el="222" ec="45" bec="0" bev="0" fileid="211" />
            </Method>
            <Method visited="true" cyclomaticComplexity="1" nPathComplexity="0" sequenceCoverage="100" branchCoverage="100" isConstructor="false" isStatic="false" isGetter="false" isSetter="true">
              <Summary numSequencePoints="1" visitedSequencePoints="1" numBranchPoints="1" visitedBranchPoints="1" sequenceCoverage="100" branchCoverage="100" maxCyclomaticComplexity="1" minCyclomaticComplexity="1" visitedClasses="0" numClasses="0" visitedMethods="1" numMethods="1" />
              <MetadataToken>100666720</MetadataToken>
              <Name>System.Void IBM.Watson.DeveloperCloud.Services.RetrieveAndRank.v1.RetrieveAndRank/CreateClusterRequest::set_Callback(IBM.Watson.DeveloperCloud.Services.RetrieveAndRank.v1.RetrieveAndRank/OnCreateCluster)</Name>
              <FileRef uid="211" />
              <SequencePoints>
                <SequencePoint vc="1" uspid="6457" ordinal="0" offset="0" sl="222" sc="46" el="222" ec="50" bec="0" bev="0" fileid="211" />
              </SequencePoints>
              <BranchPoints />
              <MethodPoint xsi:type="SequencePoint" vc="1" uspid="6457" ordinal="0" offset="0" sl="222" sc="46" el="222" ec="50" bec="0" bev="0" fileid="211" />
            </Method>
            <Method visited="true" cyclomaticComplexity="1" nPathComplexity="0" sequenceCoverage="0" branchCoverage="0" isConstructor="true" isStatic="false" isGetter="false" isSetter="false">
              <Summary numSequencePoints="0" visitedSequencePoints="0" numBranchPoints="0" visitedBranchPoints="0" sequenceCoverage="0" branchCoverage="0" maxCyclomaticComplexity="1" minCyclomaticComplexity="1" visitedClasses="0" numClasses="0" visitedMethods="0" numMethods="0" />
              <MetadataToken>100666721</MetadataToken>
              <Name>System.Void IBM.Watson.DeveloperCloud.Services.RetrieveAndRank.v1.RetrieveAndRank/CreateClusterRequest::.ctor()</Name>
              <SequencePoints />
              <BranchPoints />
              <MethodPoint vc="1" uspid="6458" ordinal="0" offset="0" />
            </Method>
          </Methods>
        </Class>
        <Class>
          <Summary numSequencePoints="0" visitedSequencePoints="0" numBranchPoints="0" visitedBranchPoints="0" sequenceCoverage="0" branchCoverage="0" maxCyclomaticComplexity="0" minCyclomaticComplexity="0" visitedClasses="0" numClasses="0" visitedMethods="0" numMethods="0" />
          <FullName>IBM.Watson.DeveloperCloud.Services.RetrieveAndRank.v1.RetrieveAndRank/OnDeleteCluster</FullName>
          <Methods>
            <Method skippedDueTo="Unknown" visited="false" cyclomaticComplexity="0" nPathComplexity="0" sequenceCoverage="0" branchCoverage="0" isConstructor="true" isStatic="false" isGetter="false" isSetter="false">
              <MetadataToken>100666722</MetadataToken>
              <Name>System.Void IBM.Watson.DeveloperCloud.Services.RetrieveAndRank.v1.RetrieveAndRank/OnDeleteCluster::.ctor(System.Object,System.IntPtr)</Name>
              <SequencePoints />
              <BranchPoints />
            </Method>
            <Method skippedDueTo="Unknown" visited="false" cyclomaticComplexity="0" nPathComplexity="0" sequenceCoverage="0" branchCoverage="0" isConstructor="false" isStatic="false" isGetter="false" isSetter="false">
              <MetadataToken>100666723</MetadataToken>
              <Name>System.Void IBM.Watson.DeveloperCloud.Services.RetrieveAndRank.v1.RetrieveAndRank/OnDeleteCluster::Invoke(System.Boolean,System.String)</Name>
              <SequencePoints />
              <BranchPoints />
            </Method>
            <Method skippedDueTo="Unknown" visited="false" cyclomaticComplexity="0" nPathComplexity="0" sequenceCoverage="0" branchCoverage="0" isConstructor="false" isStatic="false" isGetter="false" isSetter="false">
              <MetadataToken>100666724</MetadataToken>
              <Name>System.IAsyncResult IBM.Watson.DeveloperCloud.Services.RetrieveAndRank.v1.RetrieveAndRank/OnDeleteCluster::BeginInvoke(System.Boolean,System.String,System.AsyncCallback,System.Object)</Name>
              <SequencePoints />
              <BranchPoints />
            </Method>
            <Method skippedDueTo="Unknown" visited="false" cyclomaticComplexity="0" nPathComplexity="0" sequenceCoverage="0" branchCoverage="0" isConstructor="false" isStatic="false" isGetter="false" isSetter="false">
              <MetadataToken>100666725</MetadataToken>
              <Name>System.Void IBM.Watson.DeveloperCloud.Services.RetrieveAndRank.v1.RetrieveAndRank/OnDeleteCluster::EndInvoke(System.IAsyncResult)</Name>
              <SequencePoints />
              <BranchPoints />
            </Method>
          </Methods>
        </Class>
        <Class>
          <Summary numSequencePoints="6" visitedSequencePoints="5" numBranchPoints="6" visitedBranchPoints="5" sequenceCoverage="83.33" branchCoverage="83.33" maxCyclomaticComplexity="1" minCyclomaticComplexity="1" visitedClasses="1" numClasses="1" visitedMethods="5" numMethods="6" />
          <FullName>IBM.Watson.DeveloperCloud.Services.RetrieveAndRank.v1.RetrieveAndRank/DeleteClusterRequest</FullName>
          <Methods>
            <Method visited="true" cyclomaticComplexity="1" nPathComplexity="0" sequenceCoverage="100" branchCoverage="100" isConstructor="false" isStatic="false" isGetter="true" isSetter="false">
              <Summary numSequencePoints="1" visitedSequencePoints="1" numBranchPoints="1" visitedBranchPoints="1" sequenceCoverage="100" branchCoverage="100" maxCyclomaticComplexity="1" minCyclomaticComplexity="1" visitedClasses="0" numClasses="0" visitedMethods="1" numMethods="1" />
              <MetadataToken>100666726</MetadataToken>
              <Name>System.String IBM.Watson.DeveloperCloud.Services.RetrieveAndRank.v1.RetrieveAndRank/DeleteClusterRequest::get_Data()</Name>
              <FileRef uid="211" />
              <SequencePoints>
                <SequencePoint vc="1" uspid="6459" ordinal="0" offset="0" sl="306" sc="28" el="306" ec="32" bec="0" bev="0" fileid="211" />
              </SequencePoints>
              <BranchPoints />
              <MethodPoint xsi:type="SequencePoint" vc="1" uspid="6459" ordinal="0" offset="0" sl="306" sc="28" el="306" ec="32" bec="0" bev="0" fileid="211" />
            </Method>
            <Method visited="true" cyclomaticComplexity="1" nPathComplexity="0" sequenceCoverage="100" branchCoverage="100" isConstructor="false" isStatic="false" isGetter="false" isSetter="true">
              <Summary numSequencePoints="1" visitedSequencePoints="1" numBranchPoints="1" visitedBranchPoints="1" sequenceCoverage="100" branchCoverage="100" maxCyclomaticComplexity="1" minCyclomaticComplexity="1" visitedClasses="0" numClasses="0" visitedMethods="1" numMethods="1" />
              <MetadataToken>100666727</MetadataToken>
              <Name>System.Void IBM.Watson.DeveloperCloud.Services.RetrieveAndRank.v1.RetrieveAndRank/DeleteClusterRequest::set_Data(System.String)</Name>
              <FileRef uid="211" />
              <SequencePoints>
                <SequencePoint vc="1" uspid="6460" ordinal="0" offset="0" sl="306" sc="33" el="306" ec="37" bec="0" bev="0" fileid="211" />
              </SequencePoints>
              <BranchPoints />
              <MethodPoint xsi:type="SequencePoint" vc="1" uspid="6460" ordinal="0" offset="0" sl="306" sc="33" el="306" ec="37" bec="0" bev="0" fileid="211" />
            </Method>
            <Method visited="false" cyclomaticComplexity="1" nPathComplexity="0" sequenceCoverage="0" branchCoverage="0" isConstructor="false" isStatic="false" isGetter="true" isSetter="false">
              <Summary numSequencePoints="1" visitedSequencePoints="0" numBranchPoints="1" visitedBranchPoints="0" sequenceCoverage="0" branchCoverage="0" maxCyclomaticComplexity="1" minCyclomaticComplexity="1" visitedClasses="0" numClasses="0" visitedMethods="0" numMethods="1" />
              <MetadataToken>100666728</MetadataToken>
              <Name>System.String IBM.Watson.DeveloperCloud.Services.RetrieveAndRank.v1.RetrieveAndRank/DeleteClusterRequest::get_ClusterID()</Name>
              <FileRef uid="211" />
              <SequencePoints>
                <SequencePoint vc="0" uspid="6461" ordinal="0" offset="0" sl="310" sc="33" el="310" ec="37" bec="0" bev="0" fileid="211" />
              </SequencePoints>
              <BranchPoints />
              <MethodPoint xsi:type="SequencePoint" vc="0" uspid="6461" ordinal="0" offset="0" sl="310" sc="33" el="310" ec="37" bec="0" bev="0" fileid="211" />
            </Method>
            <Method visited="true" cyclomaticComplexity="1" nPathComplexity="0" sequenceCoverage="100" branchCoverage="100" isConstructor="false" isStatic="false" isGetter="false" isSetter="true">
              <Summary numSequencePoints="1" visitedSequencePoints="1" numBranchPoints="1" visitedBranchPoints="1" sequenceCoverage="100" branchCoverage="100" maxCyclomaticComplexity="1" minCyclomaticComplexity="1" visitedClasses="0" numClasses="0" visitedMethods="1" numMethods="1" />
              <MetadataToken>100666729</MetadataToken>
              <Name>System.Void IBM.Watson.DeveloperCloud.Services.RetrieveAndRank.v1.RetrieveAndRank/DeleteClusterRequest::set_ClusterID(System.String)</Name>
              <FileRef uid="211" />
              <SequencePoints>
                <SequencePoint vc="1" uspid="6462" ordinal="0" offset="0" sl="310" sc="38" el="310" ec="42" bec="0" bev="0" fileid="211" />
              </SequencePoints>
              <BranchPoints />
              <MethodPoint xsi:type="SequencePoint" vc="1" uspid="6462" ordinal="0" offset="0" sl="310" sc="38" el="310" ec="42" bec="0" bev="0" fileid="211" />
            </Method>
            <Method visited="true" cyclomaticComplexity="1" nPathComplexity="0" sequenceCoverage="100" branchCoverage="100" isConstructor="false" isStatic="false" isGetter="true" isSetter="false">
              <Summary numSequencePoints="1" visitedSequencePoints="1" numBranchPoints="1" visitedBranchPoints="1" sequenceCoverage="100" branchCoverage="100" maxCyclomaticComplexity="1" minCyclomaticComplexity="1" visitedClasses="0" numClasses="0" visitedMethods="1" numMethods="1" />
              <MetadataToken>100666730</MetadataToken>
              <Name>IBM.Watson.DeveloperCloud.Services.RetrieveAndRank.v1.RetrieveAndRank/OnDeleteCluster IBM.Watson.DeveloperCloud.Services.RetrieveAndRank.v1.RetrieveAndRank/DeleteClusterRequest::get_Callback()</Name>
              <FileRef uid="211" />
              <SequencePoints>
                <SequencePoint vc="2" uspid="6463" ordinal="0" offset="0" sl="314" sc="41" el="314" ec="45" bec="0" bev="0" fileid="211" />
              </SequencePoints>
              <BranchPoints />
              <MethodPoint xsi:type="SequencePoint" vc="2" uspid="6463" ordinal="0" offset="0" sl="314" sc="41" el="314" ec="45" bec="0" bev="0" fileid="211" />
            </Method>
            <Method visited="true" cyclomaticComplexity="1" nPathComplexity="0" sequenceCoverage="100" branchCoverage="100" isConstructor="false" isStatic="false" isGetter="false" isSetter="true">
              <Summary numSequencePoints="1" visitedSequencePoints="1" numBranchPoints="1" visitedBranchPoints="1" sequenceCoverage="100" branchCoverage="100" maxCyclomaticComplexity="1" minCyclomaticComplexity="1" visitedClasses="0" numClasses="0" visitedMethods="1" numMethods="1" />
              <MetadataToken>100666731</MetadataToken>
              <Name>System.Void IBM.Watson.DeveloperCloud.Services.RetrieveAndRank.v1.RetrieveAndRank/DeleteClusterRequest::set_Callback(IBM.Watson.DeveloperCloud.Services.RetrieveAndRank.v1.RetrieveAndRank/OnDeleteCluster)</Name>
              <FileRef uid="211" />
              <SequencePoints>
                <SequencePoint vc="1" uspid="6464" ordinal="0" offset="0" sl="314" sc="46" el="314" ec="50" bec="0" bev="0" fileid="211" />
              </SequencePoints>
              <BranchPoints />
              <MethodPoint xsi:type="SequencePoint" vc="1" uspid="6464" ordinal="0" offset="0" sl="314" sc="46" el="314" ec="50" bec="0" bev="0" fileid="211" />
            </Method>
            <Method visited="true" cyclomaticComplexity="1" nPathComplexity="0" sequenceCoverage="0" branchCoverage="0" isConstructor="true" isStatic="false" isGetter="false" isSetter="false">
              <Summary numSequencePoints="0" visitedSequencePoints="0" numBranchPoints="0" visitedBranchPoints="0" sequenceCoverage="0" branchCoverage="0" maxCyclomaticComplexity="1" minCyclomaticComplexity="1" visitedClasses="0" numClasses="0" visitedMethods="0" numMethods="0" />
              <MetadataToken>100666732</MetadataToken>
              <Name>System.Void IBM.Watson.DeveloperCloud.Services.RetrieveAndRank.v1.RetrieveAndRank/DeleteClusterRequest::.ctor()</Name>
              <SequencePoints />
              <BranchPoints />
              <MethodPoint vc="1" uspid="6465" ordinal="0" offset="0" />
            </Method>
          </Methods>
        </Class>
        <Class>
          <Summary numSequencePoints="0" visitedSequencePoints="0" numBranchPoints="0" visitedBranchPoints="0" sequenceCoverage="0" branchCoverage="0" maxCyclomaticComplexity="0" minCyclomaticComplexity="0" visitedClasses="0" numClasses="0" visitedMethods="0" numMethods="0" />
          <FullName>IBM.Watson.DeveloperCloud.Services.RetrieveAndRank.v1.RetrieveAndRank/OnGetCluster</FullName>
          <Methods>
            <Method skippedDueTo="Unknown" visited="false" cyclomaticComplexity="0" nPathComplexity="0" sequenceCoverage="0" branchCoverage="0" isConstructor="true" isStatic="false" isGetter="false" isSetter="false">
              <MetadataToken>100666733</MetadataToken>
              <Name>System.Void IBM.Watson.DeveloperCloud.Services.RetrieveAndRank.v1.RetrieveAndRank/OnGetCluster::.ctor(System.Object,System.IntPtr)</Name>
              <SequencePoints />
              <BranchPoints />
            </Method>
            <Method skippedDueTo="Unknown" visited="false" cyclomaticComplexity="0" nPathComplexity="0" sequenceCoverage="0" branchCoverage="0" isConstructor="false" isStatic="false" isGetter="false" isSetter="false">
              <MetadataToken>100666734</MetadataToken>
              <Name>System.Void IBM.Watson.DeveloperCloud.Services.RetrieveAndRank.v1.RetrieveAndRank/OnGetCluster::Invoke(IBM.Watson.DeveloperCloud.Services.RetrieveAndRank.v1.SolrClusterResponse,System.String)</Name>
              <SequencePoints />
              <BranchPoints />
            </Method>
            <Method skippedDueTo="Unknown" visited="false" cyclomaticComplexity="0" nPathComplexity="0" sequenceCoverage="0" branchCoverage="0" isConstructor="false" isStatic="false" isGetter="false" isSetter="false">
              <MetadataToken>100666735</MetadataToken>
              <Name>System.IAsyncResult IBM.Watson.DeveloperCloud.Services.RetrieveAndRank.v1.RetrieveAndRank/OnGetCluster::BeginInvoke(IBM.Watson.DeveloperCloud.Services.RetrieveAndRank.v1.SolrClusterResponse,System.String,System.AsyncCallback,System.Object)</Name>
              <SequencePoints />
              <BranchPoints />
            </Method>
            <Method skippedDueTo="Unknown" visited="false" cyclomaticComplexity="0" nPathComplexity="0" sequenceCoverage="0" branchCoverage="0" isConstructor="false" isStatic="false" isGetter="false" isSetter="false">
              <MetadataToken>100666736</MetadataToken>
              <Name>System.Void IBM.Watson.DeveloperCloud.Services.RetrieveAndRank.v1.RetrieveAndRank/OnGetCluster::EndInvoke(System.IAsyncResult)</Name>
              <SequencePoints />
              <BranchPoints />
            </Method>
          </Methods>
        </Class>
        <Class>
          <Summary numSequencePoints="6" visitedSequencePoints="5" numBranchPoints="6" visitedBranchPoints="5" sequenceCoverage="83.33" branchCoverage="83.33" maxCyclomaticComplexity="1" minCyclomaticComplexity="1" visitedClasses="1" numClasses="1" visitedMethods="5" numMethods="6" />
          <FullName>IBM.Watson.DeveloperCloud.Services.RetrieveAndRank.v1.RetrieveAndRank/GetClusterRequest</FullName>
          <Methods>
            <Method visited="true" cyclomaticComplexity="1" nPathComplexity="0" sequenceCoverage="100" branchCoverage="100" isConstructor="false" isStatic="false" isGetter="true" isSetter="false">
              <Summary numSequencePoints="1" visitedSequencePoints="1" numBranchPoints="1" visitedBranchPoints="1" sequenceCoverage="100" branchCoverage="100" maxCyclomaticComplexity="1" minCyclomaticComplexity="1" visitedClasses="0" numClasses="0" visitedMethods="1" numMethods="1" />
              <MetadataToken>100666737</MetadataToken>
              <Name>System.String IBM.Watson.DeveloperCloud.Services.RetrieveAndRank.v1.RetrieveAndRank/GetClusterRequest::get_Data()</Name>
              <FileRef uid="211" />
              <SequencePoints>
                <SequencePoint vc="1" uspid="6466" ordinal="0" offset="0" sl="374" sc="28" el="374" ec="32" bec="0" bev="0" fileid="211" />
              </SequencePoints>
              <BranchPoints />
              <MethodPoint xsi:type="SequencePoint" vc="1" uspid="6466" ordinal="0" offset="0" sl="374" sc="28" el="374" ec="32" bec="0" bev="0" fileid="211" />
            </Method>
            <Method visited="true" cyclomaticComplexity="1" nPathComplexity="0" sequenceCoverage="100" branchCoverage="100" isConstructor="false" isStatic="false" isGetter="false" isSetter="true">
              <Summary numSequencePoints="1" visitedSequencePoints="1" numBranchPoints="1" visitedBranchPoints="1" sequenceCoverage="100" branchCoverage="100" maxCyclomaticComplexity="1" minCyclomaticComplexity="1" visitedClasses="0" numClasses="0" visitedMethods="1" numMethods="1" />
              <MetadataToken>100666738</MetadataToken>
              <Name>System.Void IBM.Watson.DeveloperCloud.Services.RetrieveAndRank.v1.RetrieveAndRank/GetClusterRequest::set_Data(System.String)</Name>
              <FileRef uid="211" />
              <SequencePoints>
                <SequencePoint vc="1" uspid="6467" ordinal="0" offset="0" sl="374" sc="33" el="374" ec="37" bec="0" bev="0" fileid="211" />
              </SequencePoints>
              <BranchPoints />
              <MethodPoint xsi:type="SequencePoint" vc="1" uspid="6467" ordinal="0" offset="0" sl="374" sc="33" el="374" ec="37" bec="0" bev="0" fileid="211" />
            </Method>
            <Method visited="false" cyclomaticComplexity="1" nPathComplexity="0" sequenceCoverage="0" branchCoverage="0" isConstructor="false" isStatic="false" isGetter="true" isSetter="false">
              <Summary numSequencePoints="1" visitedSequencePoints="0" numBranchPoints="1" visitedBranchPoints="0" sequenceCoverage="0" branchCoverage="0" maxCyclomaticComplexity="1" minCyclomaticComplexity="1" visitedClasses="0" numClasses="0" visitedMethods="0" numMethods="1" />
              <MetadataToken>100666739</MetadataToken>
              <Name>System.String IBM.Watson.DeveloperCloud.Services.RetrieveAndRank.v1.RetrieveAndRank/GetClusterRequest::get_ClusterID()</Name>
              <FileRef uid="211" />
              <SequencePoints>
                <SequencePoint vc="0" uspid="6468" ordinal="0" offset="0" sl="378" sc="33" el="378" ec="37" bec="0" bev="0" fileid="211" />
              </SequencePoints>
              <BranchPoints />
              <MethodPoint xsi:type="SequencePoint" vc="0" uspid="6468" ordinal="0" offset="0" sl="378" sc="33" el="378" ec="37" bec="0" bev="0" fileid="211" />
            </Method>
            <Method visited="true" cyclomaticComplexity="1" nPathComplexity="0" sequenceCoverage="100" branchCoverage="100" isConstructor="false" isStatic="false" isGetter="false" isSetter="true">
              <Summary numSequencePoints="1" visitedSequencePoints="1" numBranchPoints="1" visitedBranchPoints="1" sequenceCoverage="100" branchCoverage="100" maxCyclomaticComplexity="1" minCyclomaticComplexity="1" visitedClasses="0" numClasses="0" visitedMethods="1" numMethods="1" />
              <MetadataToken>100666740</MetadataToken>
              <Name>System.Void IBM.Watson.DeveloperCloud.Services.RetrieveAndRank.v1.RetrieveAndRank/GetClusterRequest::set_ClusterID(System.String)</Name>
              <FileRef uid="211" />
              <SequencePoints>
                <SequencePoint vc="1" uspid="6469" ordinal="0" offset="0" sl="378" sc="38" el="378" ec="42" bec="0" bev="0" fileid="211" />
              </SequencePoints>
              <BranchPoints />
              <MethodPoint xsi:type="SequencePoint" vc="1" uspid="6469" ordinal="0" offset="0" sl="378" sc="38" el="378" ec="42" bec="0" bev="0" fileid="211" />
            </Method>
            <Method visited="true" cyclomaticComplexity="1" nPathComplexity="0" sequenceCoverage="100" branchCoverage="100" isConstructor="false" isStatic="false" isGetter="true" isSetter="false">
              <Summary numSequencePoints="1" visitedSequencePoints="1" numBranchPoints="1" visitedBranchPoints="1" sequenceCoverage="100" branchCoverage="100" maxCyclomaticComplexity="1" minCyclomaticComplexity="1" visitedClasses="0" numClasses="0" visitedMethods="1" numMethods="1" />
              <MetadataToken>100666741</MetadataToken>
              <Name>IBM.Watson.DeveloperCloud.Services.RetrieveAndRank.v1.RetrieveAndRank/OnGetCluster IBM.Watson.DeveloperCloud.Services.RetrieveAndRank.v1.RetrieveAndRank/GetClusterRequest::get_Callback()</Name>
              <FileRef uid="211" />
              <SequencePoints>
                <SequencePoint vc="2" uspid="6470" ordinal="0" offset="0" sl="382" sc="38" el="382" ec="42" bec="0" bev="0" fileid="211" />
              </SequencePoints>
              <BranchPoints />
              <MethodPoint xsi:type="SequencePoint" vc="2" uspid="6470" ordinal="0" offset="0" sl="382" sc="38" el="382" ec="42" bec="0" bev="0" fileid="211" />
            </Method>
            <Method visited="true" cyclomaticComplexity="1" nPathComplexity="0" sequenceCoverage="100" branchCoverage="100" isConstructor="false" isStatic="false" isGetter="false" isSetter="true">
              <Summary numSequencePoints="1" visitedSequencePoints="1" numBranchPoints="1" visitedBranchPoints="1" sequenceCoverage="100" branchCoverage="100" maxCyclomaticComplexity="1" minCyclomaticComplexity="1" visitedClasses="0" numClasses="0" visitedMethods="1" numMethods="1" />
              <MetadataToken>100666742</MetadataToken>
              <Name>System.Void IBM.Watson.DeveloperCloud.Services.RetrieveAndRank.v1.RetrieveAndRank/GetClusterRequest::set_Callback(IBM.Watson.DeveloperCloud.Services.RetrieveAndRank.v1.RetrieveAndRank/OnGetCluster)</Name>
              <FileRef uid="211" />
              <SequencePoints>
                <SequencePoint vc="1" uspid="6471" ordinal="0" offset="0" sl="382" sc="43" el="382" ec="47" bec="0" bev="0" fileid="211" />
              </SequencePoints>
              <BranchPoints />
              <MethodPoint xsi:type="SequencePoint" vc="1" uspid="6471" ordinal="0" offset="0" sl="382" sc="43" el="382" ec="47" bec="0" bev="0" fileid="211" />
            </Method>
            <Method visited="true" cyclomaticComplexity="1" nPathComplexity="0" sequenceCoverage="0" branchCoverage="0" isConstructor="true" isStatic="false" isGetter="false" isSetter="false">
              <Summary numSequencePoints="0" visitedSequencePoints="0" numBranchPoints="0" visitedBranchPoints="0" sequenceCoverage="0" branchCoverage="0" maxCyclomaticComplexity="1" minCyclomaticComplexity="1" visitedClasses="0" numClasses="0" visitedMethods="0" numMethods="0" />
              <MetadataToken>100666743</MetadataToken>
              <Name>System.Void IBM.Watson.DeveloperCloud.Services.RetrieveAndRank.v1.RetrieveAndRank/GetClusterRequest::.ctor()</Name>
              <SequencePoints />
              <BranchPoints />
              <MethodPoint vc="1" uspid="6472" ordinal="0" offset="0" />
            </Method>
          </Methods>
        </Class>
        <Class>
          <Summary numSequencePoints="0" visitedSequencePoints="0" numBranchPoints="0" visitedBranchPoints="0" sequenceCoverage="0" branchCoverage="0" maxCyclomaticComplexity="0" minCyclomaticComplexity="0" visitedClasses="0" numClasses="0" visitedMethods="0" numMethods="0" />
          <FullName>IBM.Watson.DeveloperCloud.Services.RetrieveAndRank.v1.RetrieveAndRank/OnGetClusterConfigs</FullName>
          <Methods>
            <Method skippedDueTo="Unknown" visited="false" cyclomaticComplexity="0" nPathComplexity="0" sequenceCoverage="0" branchCoverage="0" isConstructor="true" isStatic="false" isGetter="false" isSetter="false">
              <MetadataToken>100666744</MetadataToken>
              <Name>System.Void IBM.Watson.DeveloperCloud.Services.RetrieveAndRank.v1.RetrieveAndRank/OnGetClusterConfigs::.ctor(System.Object,System.IntPtr)</Name>
              <SequencePoints />
              <BranchPoints />
            </Method>
            <Method skippedDueTo="Unknown" visited="false" cyclomaticComplexity="0" nPathComplexity="0" sequenceCoverage="0" branchCoverage="0" isConstructor="false" isStatic="false" isGetter="false" isSetter="false">
              <MetadataToken>100666745</MetadataToken>
              <Name>System.Void IBM.Watson.DeveloperCloud.Services.RetrieveAndRank.v1.RetrieveAndRank/OnGetClusterConfigs::Invoke(IBM.Watson.DeveloperCloud.Services.RetrieveAndRank.v1.SolrConfigList,System.String)</Name>
              <SequencePoints />
              <BranchPoints />
            </Method>
            <Method skippedDueTo="Unknown" visited="false" cyclomaticComplexity="0" nPathComplexity="0" sequenceCoverage="0" branchCoverage="0" isConstructor="false" isStatic="false" isGetter="false" isSetter="false">
              <MetadataToken>100666746</MetadataToken>
              <Name>System.IAsyncResult IBM.Watson.DeveloperCloud.Services.RetrieveAndRank.v1.RetrieveAndRank/OnGetClusterConfigs::BeginInvoke(IBM.Watson.DeveloperCloud.Services.RetrieveAndRank.v1.SolrConfigList,System.String,System.AsyncCallback,System.Object)</Name>
              <SequencePoints />
              <BranchPoints />
            </Method>
            <Method skippedDueTo="Unknown" visited="false" cyclomaticComplexity="0" nPathComplexity="0" sequenceCoverage="0" branchCoverage="0" isConstructor="false" isStatic="false" isGetter="false" isSetter="false">
              <MetadataToken>100666747</MetadataToken>
              <Name>System.Void IBM.Watson.DeveloperCloud.Services.RetrieveAndRank.v1.RetrieveAndRank/OnGetClusterConfigs::EndInvoke(System.IAsyncResult)</Name>
              <SequencePoints />
              <BranchPoints />
            </Method>
          </Methods>
        </Class>
        <Class>
          <Summary numSequencePoints="6" visitedSequencePoints="5" numBranchPoints="6" visitedBranchPoints="5" sequenceCoverage="83.33" branchCoverage="83.33" maxCyclomaticComplexity="1" minCyclomaticComplexity="1" visitedClasses="1" numClasses="1" visitedMethods="5" numMethods="6" />
          <FullName>IBM.Watson.DeveloperCloud.Services.RetrieveAndRank.v1.RetrieveAndRank/GetClusterConfigsRequest</FullName>
          <Methods>
            <Method visited="true" cyclomaticComplexity="1" nPathComplexity="0" sequenceCoverage="100" branchCoverage="100" isConstructor="false" isStatic="false" isGetter="true" isSetter="false">
              <Summary numSequencePoints="1" visitedSequencePoints="1" numBranchPoints="1" visitedBranchPoints="1" sequenceCoverage="100" branchCoverage="100" maxCyclomaticComplexity="1" minCyclomaticComplexity="1" visitedClasses="0" numClasses="0" visitedMethods="1" numMethods="1" />
              <MetadataToken>100666748</MetadataToken>
              <Name>System.String IBM.Watson.DeveloperCloud.Services.RetrieveAndRank.v1.RetrieveAndRank/GetClusterConfigsRequest::get_Data()</Name>
              <FileRef uid="211" />
              <SequencePoints>
                <SequencePoint vc="1" uspid="6473" ordinal="0" offset="0" sl="463" sc="28" el="463" ec="32" bec="0" bev="0" fileid="211" />
              </SequencePoints>
              <BranchPoints />
              <MethodPoint xsi:type="SequencePoint" vc="1" uspid="6473" ordinal="0" offset="0" sl="463" sc="28" el="463" ec="32" bec="0" bev="0" fileid="211" />
            </Method>
            <Method visited="true" cyclomaticComplexity="1" nPathComplexity="0" sequenceCoverage="100" branchCoverage="100" isConstructor="false" isStatic="false" isGetter="false" isSetter="true">
              <Summary numSequencePoints="1" visitedSequencePoints="1" numBranchPoints="1" visitedBranchPoints="1" sequenceCoverage="100" branchCoverage="100" maxCyclomaticComplexity="1" minCyclomaticComplexity="1" visitedClasses="0" numClasses="0" visitedMethods="1" numMethods="1" />
              <MetadataToken>100666749</MetadataToken>
              <Name>System.Void IBM.Watson.DeveloperCloud.Services.RetrieveAndRank.v1.RetrieveAndRank/GetClusterConfigsRequest::set_Data(System.String)</Name>
              <FileRef uid="211" />
              <SequencePoints>
                <SequencePoint vc="1" uspid="6474" ordinal="0" offset="0" sl="463" sc="33" el="463" ec="37" bec="0" bev="0" fileid="211" />
              </SequencePoints>
              <BranchPoints />
              <MethodPoint xsi:type="SequencePoint" vc="1" uspid="6474" ordinal="0" offset="0" sl="463" sc="33" el="463" ec="37" bec="0" bev="0" fileid="211" />
            </Method>
            <Method visited="false" cyclomaticComplexity="1" nPathComplexity="0" sequenceCoverage="0" branchCoverage="0" isConstructor="false" isStatic="false" isGetter="true" isSetter="false">
              <Summary numSequencePoints="1" visitedSequencePoints="0" numBranchPoints="1" visitedBranchPoints="0" sequenceCoverage="0" branchCoverage="0" maxCyclomaticComplexity="1" minCyclomaticComplexity="1" visitedClasses="0" numClasses="0" visitedMethods="0" numMethods="1" />
              <MetadataToken>100666750</MetadataToken>
              <Name>System.String IBM.Watson.DeveloperCloud.Services.RetrieveAndRank.v1.RetrieveAndRank/GetClusterConfigsRequest::get_ClusterID()</Name>
              <FileRef uid="211" />
              <SequencePoints>
                <SequencePoint vc="0" uspid="6475" ordinal="0" offset="0" sl="467" sc="33" el="467" ec="37" bec="0" bev="0" fileid="211" />
              </SequencePoints>
              <BranchPoints />
              <MethodPoint xsi:type="SequencePoint" vc="0" uspid="6475" ordinal="0" offset="0" sl="467" sc="33" el="467" ec="37" bec="0" bev="0" fileid="211" />
            </Method>
            <Method visited="true" cyclomaticComplexity="1" nPathComplexity="0" sequenceCoverage="100" branchCoverage="100" isConstructor="false" isStatic="false" isGetter="false" isSetter="true">
              <Summary numSequencePoints="1" visitedSequencePoints="1" numBranchPoints="1" visitedBranchPoints="1" sequenceCoverage="100" branchCoverage="100" maxCyclomaticComplexity="1" minCyclomaticComplexity="1" visitedClasses="0" numClasses="0" visitedMethods="1" numMethods="1" />
              <MetadataToken>100666751</MetadataToken>
              <Name>System.Void IBM.Watson.DeveloperCloud.Services.RetrieveAndRank.v1.RetrieveAndRank/GetClusterConfigsRequest::set_ClusterID(System.String)</Name>
              <FileRef uid="211" />
              <SequencePoints>
                <SequencePoint vc="1" uspid="6476" ordinal="0" offset="0" sl="467" sc="38" el="467" ec="42" bec="0" bev="0" fileid="211" />
              </SequencePoints>
              <BranchPoints />
              <MethodPoint xsi:type="SequencePoint" vc="1" uspid="6476" ordinal="0" offset="0" sl="467" sc="38" el="467" ec="42" bec="0" bev="0" fileid="211" />
            </Method>
            <Method visited="true" cyclomaticComplexity="1" nPathComplexity="0" sequenceCoverage="100" branchCoverage="100" isConstructor="false" isStatic="false" isGetter="true" isSetter="false">
              <Summary numSequencePoints="1" visitedSequencePoints="1" numBranchPoints="1" visitedBranchPoints="1" sequenceCoverage="100" branchCoverage="100" maxCyclomaticComplexity="1" minCyclomaticComplexity="1" visitedClasses="0" numClasses="0" visitedMethods="1" numMethods="1" />
              <MetadataToken>100666752</MetadataToken>
              <Name>IBM.Watson.DeveloperCloud.Services.RetrieveAndRank.v1.RetrieveAndRank/OnGetClusterConfigs IBM.Watson.DeveloperCloud.Services.RetrieveAndRank.v1.RetrieveAndRank/GetClusterConfigsRequest::get_Callback()</Name>
              <FileRef uid="211" />
              <SequencePoints>
                <SequencePoint vc="2" uspid="6477" ordinal="0" offset="0" sl="471" sc="45" el="471" ec="49" bec="0" bev="0" fileid="211" />
              </SequencePoints>
              <BranchPoints />
              <MethodPoint xsi:type="SequencePoint" vc="2" uspid="6477" ordinal="0" offset="0" sl="471" sc="45" el="471" ec="49" bec="0" bev="0" fileid="211" />
            </Method>
            <Method visited="true" cyclomaticComplexity="1" nPathComplexity="0" sequenceCoverage="100" branchCoverage="100" isConstructor="false" isStatic="false" isGetter="false" isSetter="true">
              <Summary numSequencePoints="1" visitedSequencePoints="1" numBranchPoints="1" visitedBranchPoints="1" sequenceCoverage="100" branchCoverage="100" maxCyclomaticComplexity="1" minCyclomaticComplexity="1" visitedClasses="0" numClasses="0" visitedMethods="1" numMethods="1" />
              <MetadataToken>100666753</MetadataToken>
              <Name>System.Void IBM.Watson.DeveloperCloud.Services.RetrieveAndRank.v1.RetrieveAndRank/GetClusterConfigsRequest::set_Callback(IBM.Watson.DeveloperCloud.Services.RetrieveAndRank.v1.RetrieveAndRank/OnGetClusterConfigs)</Name>
              <FileRef uid="211" />
              <SequencePoints>
                <SequencePoint vc="1" uspid="6478" ordinal="0" offset="0" sl="471" sc="50" el="471" ec="54" bec="0" bev="0" fileid="211" />
              </SequencePoints>
              <BranchPoints />
              <MethodPoint xsi:type="SequencePoint" vc="1" uspid="6478" ordinal="0" offset="0" sl="471" sc="50" el="471" ec="54" bec="0" bev="0" fileid="211" />
            </Method>
            <Method visited="true" cyclomaticComplexity="1" nPathComplexity="0" sequenceCoverage="0" branchCoverage="0" isConstructor="true" isStatic="false" isGetter="false" isSetter="false">
              <Summary numSequencePoints="0" visitedSequencePoints="0" numBranchPoints="0" visitedBranchPoints="0" sequenceCoverage="0" branchCoverage="0" maxCyclomaticComplexity="1" minCyclomaticComplexity="1" visitedClasses="0" numClasses="0" visitedMethods="0" numMethods="0" />
              <MetadataToken>100666754</MetadataToken>
              <Name>System.Void IBM.Watson.DeveloperCloud.Services.RetrieveAndRank.v1.RetrieveAndRank/GetClusterConfigsRequest::.ctor()</Name>
              <SequencePoints />
              <BranchPoints />
              <MethodPoint vc="1" uspid="6479" ordinal="0" offset="0" />
            </Method>
          </Methods>
        </Class>
        <Class>
          <Summary numSequencePoints="0" visitedSequencePoints="0" numBranchPoints="0" visitedBranchPoints="0" sequenceCoverage="0" branchCoverage="0" maxCyclomaticComplexity="0" minCyclomaticComplexity="0" visitedClasses="0" numClasses="0" visitedMethods="0" numMethods="0" />
          <FullName>IBM.Watson.DeveloperCloud.Services.RetrieveAndRank.v1.RetrieveAndRank/OnDeleteClusterConfig</FullName>
          <Methods>
            <Method skippedDueTo="Unknown" visited="false" cyclomaticComplexity="0" nPathComplexity="0" sequenceCoverage="0" branchCoverage="0" isConstructor="true" isStatic="false" isGetter="false" isSetter="false">
              <MetadataToken>100666755</MetadataToken>
              <Name>System.Void IBM.Watson.DeveloperCloud.Services.RetrieveAndRank.v1.RetrieveAndRank/OnDeleteClusterConfig::.ctor(System.Object,System.IntPtr)</Name>
              <SequencePoints />
              <BranchPoints />
            </Method>
            <Method skippedDueTo="Unknown" visited="false" cyclomaticComplexity="0" nPathComplexity="0" sequenceCoverage="0" branchCoverage="0" isConstructor="false" isStatic="false" isGetter="false" isSetter="false">
              <MetadataToken>100666756</MetadataToken>
              <Name>System.Void IBM.Watson.DeveloperCloud.Services.RetrieveAndRank.v1.RetrieveAndRank/OnDeleteClusterConfig::Invoke(System.Boolean,System.String)</Name>
              <SequencePoints />
              <BranchPoints />
            </Method>
            <Method skippedDueTo="Unknown" visited="false" cyclomaticComplexity="0" nPathComplexity="0" sequenceCoverage="0" branchCoverage="0" isConstructor="false" isStatic="false" isGetter="false" isSetter="false">
              <MetadataToken>100666757</MetadataToken>
              <Name>System.IAsyncResult IBM.Watson.DeveloperCloud.Services.RetrieveAndRank.v1.RetrieveAndRank/OnDeleteClusterConfig::BeginInvoke(System.Boolean,System.String,System.AsyncCallback,System.Object)</Name>
              <SequencePoints />
              <BranchPoints />
            </Method>
            <Method skippedDueTo="Unknown" visited="false" cyclomaticComplexity="0" nPathComplexity="0" sequenceCoverage="0" branchCoverage="0" isConstructor="false" isStatic="false" isGetter="false" isSetter="false">
              <MetadataToken>100666758</MetadataToken>
              <Name>System.Void IBM.Watson.DeveloperCloud.Services.RetrieveAndRank.v1.RetrieveAndRank/OnDeleteClusterConfig::EndInvoke(System.IAsyncResult)</Name>
              <SequencePoints />
              <BranchPoints />
            </Method>
          </Methods>
        </Class>
        <Class>
          <Summary numSequencePoints="8" visitedSequencePoints="6" numBranchPoints="8" visitedBranchPoints="6" sequenceCoverage="75" branchCoverage="75" maxCyclomaticComplexity="1" minCyclomaticComplexity="1" visitedClasses="1" numClasses="1" visitedMethods="6" numMethods="8" />
          <FullName>IBM.Watson.DeveloperCloud.Services.RetrieveAndRank.v1.RetrieveAndRank/DeleteClusterConfigRequest</FullName>
          <Methods>
            <Method visited="true" cyclomaticComplexity="1" nPathComplexity="0" sequenceCoverage="100" branchCoverage="100" isConstructor="false" isStatic="false" isGetter="true" isSetter="false">
              <Summary numSequencePoints="1" visitedSequencePoints="1" numBranchPoints="1" visitedBranchPoints="1" sequenceCoverage="100" branchCoverage="100" maxCyclomaticComplexity="1" minCyclomaticComplexity="1" visitedClasses="0" numClasses="0" visitedMethods="1" numMethods="1" />
              <MetadataToken>100666759</MetadataToken>
              <Name>System.String IBM.Watson.DeveloperCloud.Services.RetrieveAndRank.v1.RetrieveAndRank/DeleteClusterConfigRequest::get_Data()</Name>
              <FileRef uid="211" />
              <SequencePoints>
                <SequencePoint vc="1" uspid="6480" ordinal="0" offset="0" sl="560" sc="28" el="560" ec="32" bec="0" bev="0" fileid="211" />
              </SequencePoints>
              <BranchPoints />
              <MethodPoint xsi:type="SequencePoint" vc="1" uspid="6480" ordinal="0" offset="0" sl="560" sc="28" el="560" ec="32" bec="0" bev="0" fileid="211" />
            </Method>
            <Method visited="true" cyclomaticComplexity="1" nPathComplexity="0" sequenceCoverage="100" branchCoverage="100" isConstructor="false" isStatic="false" isGetter="false" isSetter="true">
              <Summary numSequencePoints="1" visitedSequencePoints="1" numBranchPoints="1" visitedBranchPoints="1" sequenceCoverage="100" branchCoverage="100" maxCyclomaticComplexity="1" minCyclomaticComplexity="1" visitedClasses="0" numClasses="0" visitedMethods="1" numMethods="1" />
              <MetadataToken>100666760</MetadataToken>
              <Name>System.Void IBM.Watson.DeveloperCloud.Services.RetrieveAndRank.v1.RetrieveAndRank/DeleteClusterConfigRequest::set_Data(System.String)</Name>
              <FileRef uid="211" />
              <SequencePoints>
                <SequencePoint vc="1" uspid="6481" ordinal="0" offset="0" sl="560" sc="33" el="560" ec="37" bec="0" bev="0" fileid="211" />
              </SequencePoints>
              <BranchPoints />
              <MethodPoint xsi:type="SequencePoint" vc="1" uspid="6481" ordinal="0" offset="0" sl="560" sc="33" el="560" ec="37" bec="0" bev="0" fileid="211" />
            </Method>
            <Method visited="false" cyclomaticComplexity="1" nPathComplexity="0" sequenceCoverage="0" branchCoverage="0" isConstructor="false" isStatic="false" isGetter="true" isSetter="false">
              <Summary numSequencePoints="1" visitedSequencePoints="0" numBranchPoints="1" visitedBranchPoints="0" sequenceCoverage="0" branchCoverage="0" maxCyclomaticComplexity="1" minCyclomaticComplexity="1" visitedClasses="0" numClasses="0" visitedMethods="0" numMethods="1" />
              <MetadataToken>100666761</MetadataToken>
              <Name>System.String IBM.Watson.DeveloperCloud.Services.RetrieveAndRank.v1.RetrieveAndRank/DeleteClusterConfigRequest::get_ClusterID()</Name>
              <FileRef uid="211" />
              <SequencePoints>
                <SequencePoint vc="0" uspid="6482" ordinal="0" offset="0" sl="564" sc="33" el="564" ec="37" bec="0" bev="0" fileid="211" />
              </SequencePoints>
              <BranchPoints />
              <MethodPoint xsi:type="SequencePoint" vc="0" uspid="6482" ordinal="0" offset="0" sl="564" sc="33" el="564" ec="37" bec="0" bev="0" fileid="211" />
            </Method>
            <Method visited="true" cyclomaticComplexity="1" nPathComplexity="0" sequenceCoverage="100" branchCoverage="100" isConstructor="false" isStatic="false" isGetter="false" isSetter="true">
              <Summary numSequencePoints="1" visitedSequencePoints="1" numBranchPoints="1" visitedBranchPoints="1" sequenceCoverage="100" branchCoverage="100" maxCyclomaticComplexity="1" minCyclomaticComplexity="1" visitedClasses="0" numClasses="0" visitedMethods="1" numMethods="1" />
              <MetadataToken>100666762</MetadataToken>
              <Name>System.Void IBM.Watson.DeveloperCloud.Services.RetrieveAndRank.v1.RetrieveAndRank/DeleteClusterConfigRequest::set_ClusterID(System.String)</Name>
              <FileRef uid="211" />
              <SequencePoints>
                <SequencePoint vc="1" uspid="6483" ordinal="0" offset="0" sl="564" sc="38" el="564" ec="42" bec="0" bev="0" fileid="211" />
              </SequencePoints>
              <BranchPoints />
              <MethodPoint xsi:type="SequencePoint" vc="1" uspid="6483" ordinal="0" offset="0" sl="564" sc="38" el="564" ec="42" bec="0" bev="0" fileid="211" />
            </Method>
            <Method visited="false" cyclomaticComplexity="1" nPathComplexity="0" sequenceCoverage="0" branchCoverage="0" isConstructor="false" isStatic="false" isGetter="true" isSetter="false">
              <Summary numSequencePoints="1" visitedSequencePoints="0" numBranchPoints="1" visitedBranchPoints="0" sequenceCoverage="0" branchCoverage="0" maxCyclomaticComplexity="1" minCyclomaticComplexity="1" visitedClasses="0" numClasses="0" visitedMethods="0" numMethods="1" />
              <MetadataToken>100666763</MetadataToken>
              <Name>System.String IBM.Watson.DeveloperCloud.Services.RetrieveAndRank.v1.RetrieveAndRank/DeleteClusterConfigRequest::get_ConfigID()</Name>
              <FileRef uid="211" />
              <SequencePoints>
                <SequencePoint vc="0" uspid="6484" ordinal="0" offset="0" sl="568" sc="32" el="568" ec="36" bec="0" bev="0" fileid="211" />
              </SequencePoints>
              <BranchPoints />
              <MethodPoint xsi:type="SequencePoint" vc="0" uspid="6484" ordinal="0" offset="0" sl="568" sc="32" el="568" ec="36" bec="0" bev="0" fileid="211" />
            </Method>
            <Method visited="true" cyclomaticComplexity="1" nPathComplexity="0" sequenceCoverage="100" branchCoverage="100" isConstructor="false" isStatic="false" isGetter="false" isSetter="true">
              <Summary numSequencePoints="1" visitedSequencePoints="1" numBranchPoints="1" visitedBranchPoints="1" sequenceCoverage="100" branchCoverage="100" maxCyclomaticComplexity="1" minCyclomaticComplexity="1" visitedClasses="0" numClasses="0" visitedMethods="1" numMethods="1" />
              <MetadataToken>100666764</MetadataToken>
              <Name>System.Void IBM.Watson.DeveloperCloud.Services.RetrieveAndRank.v1.RetrieveAndRank/DeleteClusterConfigRequest::set_ConfigID(System.String)</Name>
              <FileRef uid="211" />
              <SequencePoints>
                <SequencePoint vc="1" uspid="6485" ordinal="0" offset="0" sl="568" sc="37" el="568" ec="41" bec="0" bev="0" fileid="211" />
              </SequencePoints>
              <BranchPoints />
              <MethodPoint xsi:type="SequencePoint" vc="1" uspid="6485" ordinal="0" offset="0" sl="568" sc="37" el="568" ec="41" bec="0" bev="0" fileid="211" />
            </Method>
            <Method visited="true" cyclomaticComplexity="1" nPathComplexity="0" sequenceCoverage="100" branchCoverage="100" isConstructor="false" isStatic="false" isGetter="true" isSetter="false">
              <Summary numSequencePoints="1" visitedSequencePoints="1" numBranchPoints="1" visitedBranchPoints="1" sequenceCoverage="100" branchCoverage="100" maxCyclomaticComplexity="1" minCyclomaticComplexity="1" visitedClasses="0" numClasses="0" visitedMethods="1" numMethods="1" />
              <MetadataToken>100666765</MetadataToken>
              <Name>IBM.Watson.DeveloperCloud.Services.RetrieveAndRank.v1.RetrieveAndRank/OnDeleteClusterConfig IBM.Watson.DeveloperCloud.Services.RetrieveAndRank.v1.RetrieveAndRank/DeleteClusterConfigRequest::get_Callback()</Name>
              <FileRef uid="211" />
              <SequencePoints>
                <SequencePoint vc="2" uspid="6486" ordinal="0" offset="0" sl="572" sc="47" el="572" ec="51" bec="0" bev="0" fileid="211" />
              </SequencePoints>
              <BranchPoints />
              <MethodPoint xsi:type="SequencePoint" vc="2" uspid="6486" ordinal="0" offset="0" sl="572" sc="47" el="572" ec="51" bec="0" bev="0" fileid="211" />
            </Method>
            <Method visited="true" cyclomaticComplexity="1" nPathComplexity="0" sequenceCoverage="100" branchCoverage="100" isConstructor="false" isStatic="false" isGetter="false" isSetter="true">
              <Summary numSequencePoints="1" visitedSequencePoints="1" numBranchPoints="1" visitedBranchPoints="1" sequenceCoverage="100" branchCoverage="100" maxCyclomaticComplexity="1" minCyclomaticComplexity="1" visitedClasses="0" numClasses="0" visitedMethods="1" numMethods="1" />
              <MetadataToken>100666766</MetadataToken>
              <Name>System.Void IBM.Watson.DeveloperCloud.Services.RetrieveAndRank.v1.RetrieveAndRank/DeleteClusterConfigRequest::set_Callback(IBM.Watson.DeveloperCloud.Services.RetrieveAndRank.v1.RetrieveAndRank/OnDeleteClusterConfig)</Name>
              <FileRef uid="211" />
              <SequencePoints>
                <SequencePoint vc="1" uspid="6487" ordinal="0" offset="0" sl="572" sc="52" el="572" ec="56" bec="0" bev="0" fileid="211" />
              </SequencePoints>
              <BranchPoints />
              <MethodPoint xsi:type="SequencePoint" vc="1" uspid="6487" ordinal="0" offset="0" sl="572" sc="52" el="572" ec="56" bec="0" bev="0" fileid="211" />
            </Method>
            <Method visited="true" cyclomaticComplexity="1" nPathComplexity="0" sequenceCoverage="0" branchCoverage="0" isConstructor="true" isStatic="false" isGetter="false" isSetter="false">
              <Summary numSequencePoints="0" visitedSequencePoints="0" numBranchPoints="0" visitedBranchPoints="0" sequenceCoverage="0" branchCoverage="0" maxCyclomaticComplexity="1" minCyclomaticComplexity="1" visitedClasses="0" numClasses="0" visitedMethods="0" numMethods="0" />
              <MetadataToken>100666767</MetadataToken>
              <Name>System.Void IBM.Watson.DeveloperCloud.Services.RetrieveAndRank.v1.RetrieveAndRank/DeleteClusterConfigRequest::.ctor()</Name>
              <SequencePoints />
              <BranchPoints />
              <MethodPoint vc="1" uspid="6488" ordinal="0" offset="0" />
            </Method>
          </Methods>
        </Class>
        <Class>
          <Summary numSequencePoints="0" visitedSequencePoints="0" numBranchPoints="0" visitedBranchPoints="0" sequenceCoverage="0" branchCoverage="0" maxCyclomaticComplexity="0" minCyclomaticComplexity="0" visitedClasses="0" numClasses="0" visitedMethods="0" numMethods="0" />
          <FullName>IBM.Watson.DeveloperCloud.Services.RetrieveAndRank.v1.RetrieveAndRank/OnGetClusterConfig</FullName>
          <Methods>
            <Method skippedDueTo="Unknown" visited="false" cyclomaticComplexity="0" nPathComplexity="0" sequenceCoverage="0" branchCoverage="0" isConstructor="true" isStatic="false" isGetter="false" isSetter="false">
              <MetadataToken>100666768</MetadataToken>
              <Name>System.Void IBM.Watson.DeveloperCloud.Services.RetrieveAndRank.v1.RetrieveAndRank/OnGetClusterConfig::.ctor(System.Object,System.IntPtr)</Name>
              <SequencePoints />
              <BranchPoints />
            </Method>
            <Method skippedDueTo="Unknown" visited="false" cyclomaticComplexity="0" nPathComplexity="0" sequenceCoverage="0" branchCoverage="0" isConstructor="false" isStatic="false" isGetter="false" isSetter="false">
              <MetadataToken>100666769</MetadataToken>
              <Name>System.Void IBM.Watson.DeveloperCloud.Services.RetrieveAndRank.v1.RetrieveAndRank/OnGetClusterConfig::Invoke(System.Byte[],System.String)</Name>
              <SequencePoints />
              <BranchPoints />
            </Method>
            <Method skippedDueTo="Unknown" visited="false" cyclomaticComplexity="0" nPathComplexity="0" sequenceCoverage="0" branchCoverage="0" isConstructor="false" isStatic="false" isGetter="false" isSetter="false">
              <MetadataToken>100666770</MetadataToken>
              <Name>System.IAsyncResult IBM.Watson.DeveloperCloud.Services.RetrieveAndRank.v1.RetrieveAndRank/OnGetClusterConfig::BeginInvoke(System.Byte[],System.String,System.AsyncCallback,System.Object)</Name>
              <SequencePoints />
              <BranchPoints />
            </Method>
            <Method skippedDueTo="Unknown" visited="false" cyclomaticComplexity="0" nPathComplexity="0" sequenceCoverage="0" branchCoverage="0" isConstructor="false" isStatic="false" isGetter="false" isSetter="false">
              <MetadataToken>100666771</MetadataToken>
              <Name>System.Void IBM.Watson.DeveloperCloud.Services.RetrieveAndRank.v1.RetrieveAndRank/OnGetClusterConfig::EndInvoke(System.IAsyncResult)</Name>
              <SequencePoints />
              <BranchPoints />
            </Method>
          </Methods>
        </Class>
        <Class>
          <Summary numSequencePoints="8" visitedSequencePoints="6" numBranchPoints="8" visitedBranchPoints="6" sequenceCoverage="75" branchCoverage="75" maxCyclomaticComplexity="1" minCyclomaticComplexity="1" visitedClasses="1" numClasses="1" visitedMethods="6" numMethods="8" />
          <FullName>IBM.Watson.DeveloperCloud.Services.RetrieveAndRank.v1.RetrieveAndRank/GetClusterConfigRequest</FullName>
          <Methods>
            <Method visited="true" cyclomaticComplexity="1" nPathComplexity="0" sequenceCoverage="100" branchCoverage="100" isConstructor="false" isStatic="false" isGetter="true" isSetter="false">
              <Summary numSequencePoints="1" visitedSequencePoints="1" numBranchPoints="1" visitedBranchPoints="1" sequenceCoverage="100" branchCoverage="100" maxCyclomaticComplexity="1" minCyclomaticComplexity="1" visitedClasses="0" numClasses="0" visitedMethods="1" numMethods="1" />
              <MetadataToken>100666772</MetadataToken>
              <Name>System.String IBM.Watson.DeveloperCloud.Services.RetrieveAndRank.v1.RetrieveAndRank/GetClusterConfigRequest::get_Data()</Name>
              <FileRef uid="211" />
              <SequencePoints>
                <SequencePoint vc="1" uspid="6489" ordinal="0" offset="0" sl="627" sc="28" el="627" ec="32" bec="0" bev="0" fileid="211" />
              </SequencePoints>
              <BranchPoints />
              <MethodPoint xsi:type="SequencePoint" vc="1" uspid="6489" ordinal="0" offset="0" sl="627" sc="28" el="627" ec="32" bec="0" bev="0" fileid="211" />
            </Method>
            <Method visited="true" cyclomaticComplexity="1" nPathComplexity="0" sequenceCoverage="100" branchCoverage="100" isConstructor="false" isStatic="false" isGetter="false" isSetter="true">
              <Summary numSequencePoints="1" visitedSequencePoints="1" numBranchPoints="1" visitedBranchPoints="1" sequenceCoverage="100" branchCoverage="100" maxCyclomaticComplexity="1" minCyclomaticComplexity="1" visitedClasses="0" numClasses="0" visitedMethods="1" numMethods="1" />
              <MetadataToken>100666773</MetadataToken>
              <Name>System.Void IBM.Watson.DeveloperCloud.Services.RetrieveAndRank.v1.RetrieveAndRank/GetClusterConfigRequest::set_Data(System.String)</Name>
              <FileRef uid="211" />
              <SequencePoints>
                <SequencePoint vc="1" uspid="6490" ordinal="0" offset="0" sl="627" sc="33" el="627" ec="37" bec="0" bev="0" fileid="211" />
              </SequencePoints>
              <BranchPoints />
              <MethodPoint xsi:type="SequencePoint" vc="1" uspid="6490" ordinal="0" offset="0" sl="627" sc="33" el="627" ec="37" bec="0" bev="0" fileid="211" />
            </Method>
            <Method visited="false" cyclomaticComplexity="1" nPathComplexity="0" sequenceCoverage="0" branchCoverage="0" isConstructor="false" isStatic="false" isGetter="true" isSetter="false">
              <Summary numSequencePoints="1" visitedSequencePoints="0" numBranchPoints="1" visitedBranchPoints="0" sequenceCoverage="0" branchCoverage="0" maxCyclomaticComplexity="1" minCyclomaticComplexity="1" visitedClasses="0" numClasses="0" visitedMethods="0" numMethods="1" />
              <MetadataToken>100666774</MetadataToken>
              <Name>System.String IBM.Watson.DeveloperCloud.Services.RetrieveAndRank.v1.RetrieveAndRank/GetClusterConfigRequest::get_ClusterID()</Name>
              <FileRef uid="211" />
              <SequencePoints>
                <SequencePoint vc="0" uspid="6491" ordinal="0" offset="0" sl="631" sc="33" el="631" ec="37" bec="0" bev="0" fileid="211" />
              </SequencePoints>
              <BranchPoints />
              <MethodPoint xsi:type="SequencePoint" vc="0" uspid="6491" ordinal="0" offset="0" sl="631" sc="33" el="631" ec="37" bec="0" bev="0" fileid="211" />
            </Method>
            <Method visited="true" cyclomaticComplexity="1" nPathComplexity="0" sequenceCoverage="100" branchCoverage="100" isConstructor="false" isStatic="false" isGetter="false" isSetter="true">
              <Summary numSequencePoints="1" visitedSequencePoints="1" numBranchPoints="1" visitedBranchPoints="1" sequenceCoverage="100" branchCoverage="100" maxCyclomaticComplexity="1" minCyclomaticComplexity="1" visitedClasses="0" numClasses="0" visitedMethods="1" numMethods="1" />
              <MetadataToken>100666775</MetadataToken>
              <Name>System.Void IBM.Watson.DeveloperCloud.Services.RetrieveAndRank.v1.RetrieveAndRank/GetClusterConfigRequest::set_ClusterID(System.String)</Name>
              <FileRef uid="211" />
              <SequencePoints>
                <SequencePoint vc="1" uspid="6492" ordinal="0" offset="0" sl="631" sc="38" el="631" ec="42" bec="0" bev="0" fileid="211" />
              </SequencePoints>
              <BranchPoints />
              <MethodPoint xsi:type="SequencePoint" vc="1" uspid="6492" ordinal="0" offset="0" sl="631" sc="38" el="631" ec="42" bec="0" bev="0" fileid="211" />
            </Method>
            <Method visited="false" cyclomaticComplexity="1" nPathComplexity="0" sequenceCoverage="0" branchCoverage="0" isConstructor="false" isStatic="false" isGetter="true" isSetter="false">
              <Summary numSequencePoints="1" visitedSequencePoints="0" numBranchPoints="1" visitedBranchPoints="0" sequenceCoverage="0" branchCoverage="0" maxCyclomaticComplexity="1" minCyclomaticComplexity="1" visitedClasses="0" numClasses="0" visitedMethods="0" numMethods="1" />
              <MetadataToken>100666776</MetadataToken>
              <Name>System.String IBM.Watson.DeveloperCloud.Services.RetrieveAndRank.v1.RetrieveAndRank/GetClusterConfigRequest::get_ConfigName()</Name>
              <FileRef uid="211" />
              <SequencePoints>
                <SequencePoint vc="0" uspid="6493" ordinal="0" offset="0" sl="635" sc="34" el="635" ec="38" bec="0" bev="0" fileid="211" />
              </SequencePoints>
              <BranchPoints />
              <MethodPoint xsi:type="SequencePoint" vc="0" uspid="6493" ordinal="0" offset="0" sl="635" sc="34" el="635" ec="38" bec="0" bev="0" fileid="211" />
            </Method>
            <Method visited="true" cyclomaticComplexity="1" nPathComplexity="0" sequenceCoverage="100" branchCoverage="100" isConstructor="false" isStatic="false" isGetter="false" isSetter="true">
              <Summary numSequencePoints="1" visitedSequencePoints="1" numBranchPoints="1" visitedBranchPoints="1" sequenceCoverage="100" branchCoverage="100" maxCyclomaticComplexity="1" minCyclomaticComplexity="1" visitedClasses="0" numClasses="0" visitedMethods="1" numMethods="1" />
              <MetadataToken>100666777</MetadataToken>
              <Name>System.Void IBM.Watson.DeveloperCloud.Services.RetrieveAndRank.v1.RetrieveAndRank/GetClusterConfigRequest::set_ConfigName(System.String)</Name>
              <FileRef uid="211" />
              <SequencePoints>
                <SequencePoint vc="1" uspid="6494" ordinal="0" offset="0" sl="635" sc="39" el="635" ec="43" bec="0" bev="0" fileid="211" />
              </SequencePoints>
              <BranchPoints />
              <MethodPoint xsi:type="SequencePoint" vc="1" uspid="6494" ordinal="0" offset="0" sl="635" sc="39" el="635" ec="43" bec="0" bev="0" fileid="211" />
            </Method>
            <Method visited="true" cyclomaticComplexity="1" nPathComplexity="0" sequenceCoverage="100" branchCoverage="100" isConstructor="false" isStatic="false" isGetter="true" isSetter="false">
              <Summary numSequencePoints="1" visitedSequencePoints="1" numBranchPoints="1" visitedBranchPoints="1" sequenceCoverage="100" branchCoverage="100" maxCyclomaticComplexity="1" minCyclomaticComplexity="1" visitedClasses="0" numClasses="0" visitedMethods="1" numMethods="1" />
              <MetadataToken>100666778</MetadataToken>
              <Name>IBM.Watson.DeveloperCloud.Services.RetrieveAndRank.v1.RetrieveAndRank/OnGetClusterConfig IBM.Watson.DeveloperCloud.Services.RetrieveAndRank.v1.RetrieveAndRank/GetClusterConfigRequest::get_Callback()</Name>
              <FileRef uid="211" />
              <SequencePoints>
                <SequencePoint vc="2" uspid="6495" ordinal="0" offset="0" sl="639" sc="44" el="639" ec="48" bec="0" bev="0" fileid="211" />
              </SequencePoints>
              <BranchPoints />
              <MethodPoint xsi:type="SequencePoint" vc="2" uspid="6495" ordinal="0" offset="0" sl="639" sc="44" el="639" ec="48" bec="0" bev="0" fileid="211" />
            </Method>
            <Method visited="true" cyclomaticComplexity="1" nPathComplexity="0" sequenceCoverage="100" branchCoverage="100" isConstructor="false" isStatic="false" isGetter="false" isSetter="true">
              <Summary numSequencePoints="1" visitedSequencePoints="1" numBranchPoints="1" visitedBranchPoints="1" sequenceCoverage="100" branchCoverage="100" maxCyclomaticComplexity="1" minCyclomaticComplexity="1" visitedClasses="0" numClasses="0" visitedMethods="1" numMethods="1" />
              <MetadataToken>100666779</MetadataToken>
              <Name>System.Void IBM.Watson.DeveloperCloud.Services.RetrieveAndRank.v1.RetrieveAndRank/GetClusterConfigRequest::set_Callback(IBM.Watson.DeveloperCloud.Services.RetrieveAndRank.v1.RetrieveAndRank/OnGetClusterConfig)</Name>
              <FileRef uid="211" />
              <SequencePoints>
                <SequencePoint vc="1" uspid="6496" ordinal="0" offset="0" sl="639" sc="49" el="639" ec="53" bec="0" bev="0" fileid="211" />
              </SequencePoints>
              <BranchPoints />
              <MethodPoint xsi:type="SequencePoint" vc="1" uspid="6496" ordinal="0" offset="0" sl="639" sc="49" el="639" ec="53" bec="0" bev="0" fileid="211" />
            </Method>
            <Method visited="true" cyclomaticComplexity="1" nPathComplexity="0" sequenceCoverage="0" branchCoverage="0" isConstructor="true" isStatic="false" isGetter="false" isSetter="false">
              <Summary numSequencePoints="0" visitedSequencePoints="0" numBranchPoints="0" visitedBranchPoints="0" sequenceCoverage="0" branchCoverage="0" maxCyclomaticComplexity="1" minCyclomaticComplexity="1" visitedClasses="0" numClasses="0" visitedMethods="0" numMethods="0" />
              <MetadataToken>100666780</MetadataToken>
              <Name>System.Void IBM.Watson.DeveloperCloud.Services.RetrieveAndRank.v1.RetrieveAndRank/GetClusterConfigRequest::.ctor()</Name>
              <SequencePoints />
              <BranchPoints />
              <MethodPoint vc="1" uspid="6497" ordinal="0" offset="0" />
            </Method>
          </Methods>
        </Class>
        <Class>
          <Summary numSequencePoints="0" visitedSequencePoints="0" numBranchPoints="0" visitedBranchPoints="0" sequenceCoverage="0" branchCoverage="0" maxCyclomaticComplexity="0" minCyclomaticComplexity="0" visitedClasses="0" numClasses="0" visitedMethods="0" numMethods="0" />
          <FullName>IBM.Watson.DeveloperCloud.Services.RetrieveAndRank.v1.RetrieveAndRank/OnSaveClusterConfig</FullName>
          <Methods>
            <Method skippedDueTo="Unknown" visited="false" cyclomaticComplexity="0" nPathComplexity="0" sequenceCoverage="0" branchCoverage="0" isConstructor="true" isStatic="false" isGetter="false" isSetter="false">
              <MetadataToken>100666781</MetadataToken>
              <Name>System.Void IBM.Watson.DeveloperCloud.Services.RetrieveAndRank.v1.RetrieveAndRank/OnSaveClusterConfig::.ctor(System.Object,System.IntPtr)</Name>
              <SequencePoints />
              <BranchPoints />
            </Method>
            <Method skippedDueTo="Unknown" visited="false" cyclomaticComplexity="0" nPathComplexity="0" sequenceCoverage="0" branchCoverage="0" isConstructor="false" isStatic="false" isGetter="false" isSetter="false">
              <MetadataToken>100666782</MetadataToken>
              <Name>System.Void IBM.Watson.DeveloperCloud.Services.RetrieveAndRank.v1.RetrieveAndRank/OnSaveClusterConfig::Invoke(System.Boolean,System.String)</Name>
              <SequencePoints />
              <BranchPoints />
            </Method>
            <Method skippedDueTo="Unknown" visited="false" cyclomaticComplexity="0" nPathComplexity="0" sequenceCoverage="0" branchCoverage="0" isConstructor="false" isStatic="false" isGetter="false" isSetter="false">
              <MetadataToken>100666783</MetadataToken>
              <Name>System.IAsyncResult IBM.Watson.DeveloperCloud.Services.RetrieveAndRank.v1.RetrieveAndRank/OnSaveClusterConfig::BeginInvoke(System.Boolean,System.String,System.AsyncCallback,System.Object)</Name>
              <SequencePoints />
              <BranchPoints />
            </Method>
            <Method skippedDueTo="Unknown" visited="false" cyclomaticComplexity="0" nPathComplexity="0" sequenceCoverage="0" branchCoverage="0" isConstructor="false" isStatic="false" isGetter="false" isSetter="false">
              <MetadataToken>100666784</MetadataToken>
              <Name>System.Void IBM.Watson.DeveloperCloud.Services.RetrieveAndRank.v1.RetrieveAndRank/OnSaveClusterConfig::EndInvoke(System.IAsyncResult)</Name>
              <SequencePoints />
              <BranchPoints />
            </Method>
          </Methods>
        </Class>
        <Class>
          <Summary numSequencePoints="0" visitedSequencePoints="0" numBranchPoints="0" visitedBranchPoints="0" sequenceCoverage="0" branchCoverage="0" maxCyclomaticComplexity="0" minCyclomaticComplexity="0" visitedClasses="0" numClasses="0" visitedMethods="0" numMethods="0" />
          <FullName>IBM.Watson.DeveloperCloud.Services.RetrieveAndRank.v1.RetrieveAndRank/OnUploadClusterConfig</FullName>
          <Methods>
            <Method skippedDueTo="Unknown" visited="false" cyclomaticComplexity="0" nPathComplexity="0" sequenceCoverage="0" branchCoverage="0" isConstructor="true" isStatic="false" isGetter="false" isSetter="false">
              <MetadataToken>100666785</MetadataToken>
              <Name>System.Void IBM.Watson.DeveloperCloud.Services.RetrieveAndRank.v1.RetrieveAndRank/OnUploadClusterConfig::.ctor(System.Object,System.IntPtr)</Name>
              <SequencePoints />
              <BranchPoints />
            </Method>
            <Method skippedDueTo="Unknown" visited="false" cyclomaticComplexity="0" nPathComplexity="0" sequenceCoverage="0" branchCoverage="0" isConstructor="false" isStatic="false" isGetter="false" isSetter="false">
              <MetadataToken>100666786</MetadataToken>
              <Name>System.Void IBM.Watson.DeveloperCloud.Services.RetrieveAndRank.v1.RetrieveAndRank/OnUploadClusterConfig::Invoke(IBM.Watson.DeveloperCloud.Services.RetrieveAndRank.v1.UploadResponse,System.String)</Name>
              <SequencePoints />
              <BranchPoints />
            </Method>
            <Method skippedDueTo="Unknown" visited="false" cyclomaticComplexity="0" nPathComplexity="0" sequenceCoverage="0" branchCoverage="0" isConstructor="false" isStatic="false" isGetter="false" isSetter="false">
              <MetadataToken>100666787</MetadataToken>
              <Name>System.IAsyncResult IBM.Watson.DeveloperCloud.Services.RetrieveAndRank.v1.RetrieveAndRank/OnUploadClusterConfig::BeginInvoke(IBM.Watson.DeveloperCloud.Services.RetrieveAndRank.v1.UploadResponse,System.String,System.AsyncCallback,System.Object)</Name>
              <SequencePoints />
              <BranchPoints />
            </Method>
            <Method skippedDueTo="Unknown" visited="false" cyclomaticComplexity="0" nPathComplexity="0" sequenceCoverage="0" branchCoverage="0" isConstructor="false" isStatic="false" isGetter="false" isSetter="false">
              <MetadataToken>100666788</MetadataToken>
              <Name>System.Void IBM.Watson.DeveloperCloud.Services.RetrieveAndRank.v1.RetrieveAndRank/OnUploadClusterConfig::EndInvoke(System.IAsyncResult)</Name>
              <SequencePoints />
              <BranchPoints />
            </Method>
          </Methods>
        </Class>
        <Class>
          <Summary numSequencePoints="8" visitedSequencePoints="6" numBranchPoints="8" visitedBranchPoints="6" sequenceCoverage="75" branchCoverage="75" maxCyclomaticComplexity="1" minCyclomaticComplexity="1" visitedClasses="1" numClasses="1" visitedMethods="6" numMethods="8" />
          <FullName>IBM.Watson.DeveloperCloud.Services.RetrieveAndRank.v1.RetrieveAndRank/UploadClusterConfigRequest</FullName>
          <Methods>
            <Method visited="true" cyclomaticComplexity="1" nPathComplexity="0" sequenceCoverage="100" branchCoverage="100" isConstructor="false" isStatic="false" isGetter="true" isSetter="false">
              <Summary numSequencePoints="1" visitedSequencePoints="1" numBranchPoints="1" visitedBranchPoints="1" sequenceCoverage="100" branchCoverage="100" maxCyclomaticComplexity="1" minCyclomaticComplexity="1" visitedClasses="0" numClasses="0" visitedMethods="1" numMethods="1" />
              <MetadataToken>100666789</MetadataToken>
              <Name>System.String IBM.Watson.DeveloperCloud.Services.RetrieveAndRank.v1.RetrieveAndRank/UploadClusterConfigRequest::get_Data()</Name>
              <FileRef uid="211" />
              <SequencePoints>
                <SequencePoint vc="1" uspid="6498" ordinal="0" offset="0" sl="762" sc="28" el="762" ec="32" bec="0" bev="0" fileid="211" />
              </SequencePoints>
              <BranchPoints />
              <MethodPoint xsi:type="SequencePoint" vc="1" uspid="6498" ordinal="0" offset="0" sl="762" sc="28" el="762" ec="32" bec="0" bev="0" fileid="211" />
            </Method>
            <Method visited="true" cyclomaticComplexity="1" nPathComplexity="0" sequenceCoverage="100" branchCoverage="100" isConstructor="false" isStatic="false" isGetter="false" isSetter="true">
              <Summary numSequencePoints="1" visitedSequencePoints="1" numBranchPoints="1" visitedBranchPoints="1" sequenceCoverage="100" branchCoverage="100" maxCyclomaticComplexity="1" minCyclomaticComplexity="1" visitedClasses="0" numClasses="0" visitedMethods="1" numMethods="1" />
              <MetadataToken>100666790</MetadataToken>
              <Name>System.Void IBM.Watson.DeveloperCloud.Services.RetrieveAndRank.v1.RetrieveAndRank/UploadClusterConfigRequest::set_Data(System.String)</Name>
              <FileRef uid="211" />
              <SequencePoints>
                <SequencePoint vc="1" uspid="6499" ordinal="0" offset="0" sl="762" sc="33" el="762" ec="37" bec="0" bev="0" fileid="211" />
              </SequencePoints>
              <BranchPoints />
              <MethodPoint xsi:type="SequencePoint" vc="1" uspid="6499" ordinal="0" offset="0" sl="762" sc="33" el="762" ec="37" bec="0" bev="0" fileid="211" />
            </Method>
            <Method visited="false" cyclomaticComplexity="1" nPathComplexity="0" sequenceCoverage="0" branchCoverage="0" isConstructor="false" isStatic="false" isGetter="true" isSetter="false">
              <Summary numSequencePoints="1" visitedSequencePoints="0" numBranchPoints="1" visitedBranchPoints="0" sequenceCoverage="0" branchCoverage="0" maxCyclomaticComplexity="1" minCyclomaticComplexity="1" visitedClasses="0" numClasses="0" visitedMethods="0" numMethods="1" />
              <MetadataToken>100666791</MetadataToken>
              <Name>System.String IBM.Watson.DeveloperCloud.Services.RetrieveAndRank.v1.RetrieveAndRank/UploadClusterConfigRequest::get_ClusterID()</Name>
              <FileRef uid="211" />
              <SequencePoints>
                <SequencePoint vc="0" uspid="6500" ordinal="0" offset="0" sl="766" sc="33" el="766" ec="37" bec="0" bev="0" fileid="211" />
              </SequencePoints>
              <BranchPoints />
              <MethodPoint xsi:type="SequencePoint" vc="0" uspid="6500" ordinal="0" offset="0" sl="766" sc="33" el="766" ec="37" bec="0" bev="0" fileid="211" />
            </Method>
            <Method visited="true" cyclomaticComplexity="1" nPathComplexity="0" sequenceCoverage="100" branchCoverage="100" isConstructor="false" isStatic="false" isGetter="false" isSetter="true">
              <Summary numSequencePoints="1" visitedSequencePoints="1" numBranchPoints="1" visitedBranchPoints="1" sequenceCoverage="100" branchCoverage="100" maxCyclomaticComplexity="1" minCyclomaticComplexity="1" visitedClasses="0" numClasses="0" visitedMethods="1" numMethods="1" />
              <MetadataToken>100666792</MetadataToken>
              <Name>System.Void IBM.Watson.DeveloperCloud.Services.RetrieveAndRank.v1.RetrieveAndRank/UploadClusterConfigRequest::set_ClusterID(System.String)</Name>
              <FileRef uid="211" />
              <SequencePoints>
                <SequencePoint vc="1" uspid="6501" ordinal="0" offset="0" sl="766" sc="38" el="766" ec="42" bec="0" bev="0" fileid="211" />
              </SequencePoints>
              <BranchPoints />
              <MethodPoint xsi:type="SequencePoint" vc="1" uspid="6501" ordinal="0" offset="0" sl="766" sc="38" el="766" ec="42" bec="0" bev="0" fileid="211" />
            </Method>
            <Method visited="false" cyclomaticComplexity="1" nPathComplexity="0" sequenceCoverage="0" branchCoverage="0" isConstructor="false" isStatic="false" isGetter="true" isSetter="false">
              <Summary numSequencePoints="1" visitedSequencePoints="0" numBranchPoints="1" visitedBranchPoints="0" sequenceCoverage="0" branchCoverage="0" maxCyclomaticComplexity="1" minCyclomaticComplexity="1" visitedClasses="0" numClasses="0" visitedMethods="0" numMethods="1" />
              <MetadataToken>100666793</MetadataToken>
              <Name>System.String IBM.Watson.DeveloperCloud.Services.RetrieveAndRank.v1.RetrieveAndRank/UploadClusterConfigRequest::get_ConfigName()</Name>
              <FileRef uid="211" />
              <SequencePoints>
                <SequencePoint vc="0" uspid="6502" ordinal="0" offset="0" sl="770" sc="34" el="770" ec="38" bec="0" bev="0" fileid="211" />
              </SequencePoints>
              <BranchPoints />
              <MethodPoint xsi:type="SequencePoint" vc="0" uspid="6502" ordinal="0" offset="0" sl="770" sc="34" el="770" ec="38" bec="0" bev="0" fileid="211" />
            </Method>
            <Method visited="true" cyclomaticComplexity="1" nPathComplexity="0" sequenceCoverage="100" branchCoverage="100" isConstructor="false" isStatic="false" isGetter="false" isSetter="true">
              <Summary numSequencePoints="1" visitedSequencePoints="1" numBranchPoints="1" visitedBranchPoints="1" sequenceCoverage="100" branchCoverage="100" maxCyclomaticComplexity="1" minCyclomaticComplexity="1" visitedClasses="0" numClasses="0" visitedMethods="1" numMethods="1" />
              <MetadataToken>100666794</MetadataToken>
              <Name>System.Void IBM.Watson.DeveloperCloud.Services.RetrieveAndRank.v1.RetrieveAndRank/UploadClusterConfigRequest::set_ConfigName(System.String)</Name>
              <FileRef uid="211" />
              <SequencePoints>
                <SequencePoint vc="1" uspid="6503" ordinal="0" offset="0" sl="770" sc="39" el="770" ec="43" bec="0" bev="0" fileid="211" />
              </SequencePoints>
              <BranchPoints />
              <MethodPoint xsi:type="SequencePoint" vc="1" uspid="6503" ordinal="0" offset="0" sl="770" sc="39" el="770" ec="43" bec="0" bev="0" fileid="211" />
            </Method>
            <Method visited="true" cyclomaticComplexity="1" nPathComplexity="0" sequenceCoverage="100" branchCoverage="100" isConstructor="false" isStatic="false" isGetter="true" isSetter="false">
              <Summary numSequencePoints="1" visitedSequencePoints="1" numBranchPoints="1" visitedBranchPoints="1" sequenceCoverage="100" branchCoverage="100" maxCyclomaticComplexity="1" minCyclomaticComplexity="1" visitedClasses="0" numClasses="0" visitedMethods="1" numMethods="1" />
              <MetadataToken>100666795</MetadataToken>
              <Name>IBM.Watson.DeveloperCloud.Services.RetrieveAndRank.v1.RetrieveAndRank/OnUploadClusterConfig IBM.Watson.DeveloperCloud.Services.RetrieveAndRank.v1.RetrieveAndRank/UploadClusterConfigRequest::get_Callback()</Name>
              <FileRef uid="211" />
              <SequencePoints>
                <SequencePoint vc="2" uspid="6504" ordinal="0" offset="0" sl="774" sc="47" el="774" ec="51" bec="0" bev="0" fileid="211" />
              </SequencePoints>
              <BranchPoints />
              <MethodPoint xsi:type="SequencePoint" vc="2" uspid="6504" ordinal="0" offset="0" sl="774" sc="47" el="774" ec="51" bec="0" bev="0" fileid="211" />
            </Method>
            <Method visited="true" cyclomaticComplexity="1" nPathComplexity="0" sequenceCoverage="100" branchCoverage="100" isConstructor="false" isStatic="false" isGetter="false" isSetter="true">
              <Summary numSequencePoints="1" visitedSequencePoints="1" numBranchPoints="1" visitedBranchPoints="1" sequenceCoverage="100" branchCoverage="100" maxCyclomaticComplexity="1" minCyclomaticComplexity="1" visitedClasses="0" numClasses="0" visitedMethods="1" numMethods="1" />
              <MetadataToken>100666796</MetadataToken>
              <Name>System.Void IBM.Watson.DeveloperCloud.Services.RetrieveAndRank.v1.RetrieveAndRank/UploadClusterConfigRequest::set_Callback(IBM.Watson.DeveloperCloud.Services.RetrieveAndRank.v1.RetrieveAndRank/OnUploadClusterConfig)</Name>
              <FileRef uid="211" />
              <SequencePoints>
                <SequencePoint vc="1" uspid="6505" ordinal="0" offset="0" sl="774" sc="52" el="774" ec="56" bec="0" bev="0" fileid="211" />
              </SequencePoints>
              <BranchPoints />
              <MethodPoint xsi:type="SequencePoint" vc="1" uspid="6505" ordinal="0" offset="0" sl="774" sc="52" el="774" ec="56" bec="0" bev="0" fileid="211" />
            </Method>
            <Method visited="true" cyclomaticComplexity="1" nPathComplexity="0" sequenceCoverage="0" branchCoverage="0" isConstructor="true" isStatic="false" isGetter="false" isSetter="false">
              <Summary numSequencePoints="0" visitedSequencePoints="0" numBranchPoints="0" visitedBranchPoints="0" sequenceCoverage="0" branchCoverage="0" maxCyclomaticComplexity="1" minCyclomaticComplexity="1" visitedClasses="0" numClasses="0" visitedMethods="0" numMethods="0" />
              <MetadataToken>100666797</MetadataToken>
              <Name>System.Void IBM.Watson.DeveloperCloud.Services.RetrieveAndRank.v1.RetrieveAndRank/UploadClusterConfigRequest::.ctor()</Name>
              <SequencePoints />
              <BranchPoints />
              <MethodPoint vc="1" uspid="6506" ordinal="0" offset="0" />
            </Method>
          </Methods>
        </Class>
        <Class>
          <Summary numSequencePoints="0" visitedSequencePoints="0" numBranchPoints="0" visitedBranchPoints="0" sequenceCoverage="0" branchCoverage="0" maxCyclomaticComplexity="0" minCyclomaticComplexity="0" visitedClasses="0" numClasses="0" visitedMethods="0" numMethods="0" />
          <FullName>IBM.Watson.DeveloperCloud.Services.RetrieveAndRank.v1.RetrieveAndRank/OnCollections</FullName>
          <Methods>
            <Method skippedDueTo="Unknown" visited="false" cyclomaticComplexity="0" nPathComplexity="0" sequenceCoverage="0" branchCoverage="0" isConstructor="true" isStatic="false" isGetter="false" isSetter="false">
              <MetadataToken>100666798</MetadataToken>
              <Name>System.Void IBM.Watson.DeveloperCloud.Services.RetrieveAndRank.v1.RetrieveAndRank/OnCollections::.ctor(System.Object,System.IntPtr)</Name>
              <SequencePoints />
              <BranchPoints />
            </Method>
            <Method skippedDueTo="Unknown" visited="false" cyclomaticComplexity="0" nPathComplexity="0" sequenceCoverage="0" branchCoverage="0" isConstructor="false" isStatic="false" isGetter="false" isSetter="false">
              <MetadataToken>100666799</MetadataToken>
              <Name>System.Void IBM.Watson.DeveloperCloud.Services.RetrieveAndRank.v1.RetrieveAndRank/OnCollections::Invoke(IBM.Watson.DeveloperCloud.Services.RetrieveAndRank.v1.CollectionsResponse,System.String)</Name>
              <SequencePoints />
              <BranchPoints />
            </Method>
            <Method skippedDueTo="Unknown" visited="false" cyclomaticComplexity="0" nPathComplexity="0" sequenceCoverage="0" branchCoverage="0" isConstructor="false" isStatic="false" isGetter="false" isSetter="false">
              <MetadataToken>100666800</MetadataToken>
              <Name>System.IAsyncResult IBM.Watson.DeveloperCloud.Services.RetrieveAndRank.v1.RetrieveAndRank/OnCollections::BeginInvoke(IBM.Watson.DeveloperCloud.Services.RetrieveAndRank.v1.CollectionsResponse,System.String,System.AsyncCallback,System.Object)</Name>
              <SequencePoints />
              <BranchPoints />
            </Method>
            <Method skippedDueTo="Unknown" visited="false" cyclomaticComplexity="0" nPathComplexity="0" sequenceCoverage="0" branchCoverage="0" isConstructor="false" isStatic="false" isGetter="false" isSetter="false">
              <MetadataToken>100666801</MetadataToken>
              <Name>System.Void IBM.Watson.DeveloperCloud.Services.RetrieveAndRank.v1.RetrieveAndRank/OnCollections::EndInvoke(System.IAsyncResult)</Name>
              <SequencePoints />
              <BranchPoints />
            </Method>
          </Methods>
        </Class>
        <Class>
          <Summary numSequencePoints="12" visitedSequencePoints="8" numBranchPoints="12" visitedBranchPoints="8" sequenceCoverage="66.67" branchCoverage="66.67" maxCyclomaticComplexity="1" minCyclomaticComplexity="1" visitedClasses="1" numClasses="1" visitedMethods="8" numMethods="12" />
          <FullName>IBM.Watson.DeveloperCloud.Services.RetrieveAndRank.v1.RetrieveAndRank/CollectionRequest</FullName>
          <Methods>
            <Method visited="true" cyclomaticComplexity="1" nPathComplexity="0" sequenceCoverage="100" branchCoverage="100" isConstructor="false" isStatic="false" isGetter="true" isSetter="false">
              <Summary numSequencePoints="1" visitedSequencePoints="1" numBranchPoints="1" visitedBranchPoints="1" sequenceCoverage="100" branchCoverage="100" maxCyclomaticComplexity="1" minCyclomaticComplexity="1" visitedClasses="0" numClasses="0" visitedMethods="1" numMethods="1" />
              <MetadataToken>100666802</MetadataToken>
              <Name>System.String IBM.Watson.DeveloperCloud.Services.RetrieveAndRank.v1.RetrieveAndRank/CollectionRequest::get_Data()</Name>
              <FileRef uid="211" />
              <SequencePoints>
                <SequencePoint vc="3" uspid="6507" ordinal="0" offset="0" sl="881" sc="28" el="881" ec="32" bec="0" bev="0" fileid="211" />
              </SequencePoints>
              <BranchPoints />
              <MethodPoint xsi:type="SequencePoint" vc="3" uspid="6507" ordinal="0" offset="0" sl="881" sc="28" el="881" ec="32" bec="0" bev="0" fileid="211" />
            </Method>
            <Method visited="true" cyclomaticComplexity="1" nPathComplexity="0" sequenceCoverage="100" branchCoverage="100" isConstructor="false" isStatic="false" isGetter="false" isSetter="true">
              <Summary numSequencePoints="1" visitedSequencePoints="1" numBranchPoints="1" visitedBranchPoints="1" sequenceCoverage="100" branchCoverage="100" maxCyclomaticComplexity="1" minCyclomaticComplexity="1" visitedClasses="0" numClasses="0" visitedMethods="1" numMethods="1" />
              <MetadataToken>100666803</MetadataToken>
              <Name>System.Void IBM.Watson.DeveloperCloud.Services.RetrieveAndRank.v1.RetrieveAndRank/CollectionRequest::set_Data(System.String)</Name>
              <FileRef uid="211" />
              <SequencePoints>
                <SequencePoint vc="3" uspid="6508" ordinal="0" offset="0" sl="881" sc="33" el="881" ec="37" bec="0" bev="0" fileid="211" />
              </SequencePoints>
              <BranchPoints />
              <MethodPoint xsi:type="SequencePoint" vc="3" uspid="6508" ordinal="0" offset="0" sl="881" sc="33" el="881" ec="37" bec="0" bev="0" fileid="211" />
            </Method>
            <Method visited="true" cyclomaticComplexity="1" nPathComplexity="0" sequenceCoverage="100" branchCoverage="100" isConstructor="false" isStatic="false" isGetter="true" isSetter="false">
              <Summary numSequencePoints="1" visitedSequencePoints="1" numBranchPoints="1" visitedBranchPoints="1" sequenceCoverage="100" branchCoverage="100" maxCyclomaticComplexity="1" minCyclomaticComplexity="1" visitedClasses="0" numClasses="0" visitedMethods="1" numMethods="1" />
              <MetadataToken>100666804</MetadataToken>
              <Name>IBM.Watson.DeveloperCloud.Services.RetrieveAndRank.v1.RetrieveAndRank/OnCollections IBM.Watson.DeveloperCloud.Services.RetrieveAndRank.v1.RetrieveAndRank/CollectionRequest::get_Callback()</Name>
              <FileRef uid="211" />
              <SequencePoints>
                <SequencePoint vc="6" uspid="6509" ordinal="0" offset="0" sl="885" sc="39" el="885" ec="43" bec="0" bev="0" fileid="211" />
              </SequencePoints>
              <BranchPoints />
              <MethodPoint xsi:type="SequencePoint" vc="6" uspid="6509" ordinal="0" offset="0" sl="885" sc="39" el="885" ec="43" bec="0" bev="0" fileid="211" />
            </Method>
            <Method visited="true" cyclomaticComplexity="1" nPathComplexity="0" sequenceCoverage="100" branchCoverage="100" isConstructor="false" isStatic="false" isGetter="false" isSetter="true">
              <Summary numSequencePoints="1" visitedSequencePoints="1" numBranchPoints="1" visitedBranchPoints="1" sequenceCoverage="100" branchCoverage="100" maxCyclomaticComplexity="1" minCyclomaticComplexity="1" visitedClasses="0" numClasses="0" visitedMethods="1" numMethods="1" />
              <MetadataToken>100666805</MetadataToken>
              <Name>System.Void IBM.Watson.DeveloperCloud.Services.RetrieveAndRank.v1.RetrieveAndRank/CollectionRequest::set_Callback(IBM.Watson.DeveloperCloud.Services.RetrieveAndRank.v1.RetrieveAndRank/OnCollections)</Name>
              <FileRef uid="211" />
              <SequencePoints>
                <SequencePoint vc="3" uspid="6510" ordinal="0" offset="0" sl="885" sc="44" el="885" ec="48" bec="0" bev="0" fileid="211" />
              </SequencePoints>
              <BranchPoints />
              <MethodPoint xsi:type="SequencePoint" vc="3" uspid="6510" ordinal="0" offset="0" sl="885" sc="44" el="885" ec="48" bec="0" bev="0" fileid="211" />
            </Method>
            <Method visited="false" cyclomaticComplexity="1" nPathComplexity="0" sequenceCoverage="0" branchCoverage="0" isConstructor="false" isStatic="false" isGetter="true" isSetter="false">
              <Summary numSequencePoints="1" visitedSequencePoints="0" numBranchPoints="1" visitedBranchPoints="0" sequenceCoverage="0" branchCoverage="0" maxCyclomaticComplexity="1" minCyclomaticComplexity="1" visitedClasses="0" numClasses="0" visitedMethods="0" numMethods="1" />
              <MetadataToken>100666806</MetadataToken>
              <Name>System.String IBM.Watson.DeveloperCloud.Services.RetrieveAndRank.v1.RetrieveAndRank/CollectionRequest::get_ClusterID()</Name>
              <FileRef uid="211" />
              <SequencePoints>
                <SequencePoint vc="0" uspid="6511" ordinal="0" offset="0" sl="889" sc="33" el="889" ec="37" bec="0" bev="0" fileid="211" />
              </SequencePoints>
              <BranchPoints />
              <MethodPoint xsi:type="SequencePoint" vc="0" uspid="6511" ordinal="0" offset="0" sl="889" sc="33" el="889" ec="37" bec="0" bev="0" fileid="211" />
            </Method>
            <Method visited="true" cyclomaticComplexity="1" nPathComplexity="0" sequenceCoverage="100" branchCoverage="100" isConstructor="false" isStatic="false" isGetter="false" isSetter="true">
              <Summary numSequencePoints="1" visitedSequencePoints="1" numBranchPoints="1" visitedBranchPoints="1" sequenceCoverage="100" branchCoverage="100" maxCyclomaticComplexity="1" minCyclomaticComplexity="1" visitedClasses="0" numClasses="0" visitedMethods="1" numMethods="1" />
              <MetadataToken>100666807</MetadataToken>
              <Name>System.Void IBM.Watson.DeveloperCloud.Services.RetrieveAndRank.v1.RetrieveAndRank/CollectionRequest::set_ClusterID(System.String)</Name>
              <FileRef uid="211" />
              <SequencePoints>
                <SequencePoint vc="3" uspid="6512" ordinal="0" offset="0" sl="889" sc="38" el="889" ec="42" bec="0" bev="0" fileid="211" />
              </SequencePoints>
              <BranchPoints />
              <MethodPoint xsi:type="SequencePoint" vc="3" uspid="6512" ordinal="0" offset="0" sl="889" sc="38" el="889" ec="42" bec="0" bev="0" fileid="211" />
            </Method>
            <Method visited="false" cyclomaticComplexity="1" nPathComplexity="0" sequenceCoverage="0" branchCoverage="0" isConstructor="false" isStatic="false" isGetter="true" isSetter="false">
              <Summary numSequencePoints="1" visitedSequencePoints="0" numBranchPoints="1" visitedBranchPoints="0" sequenceCoverage="0" branchCoverage="0" maxCyclomaticComplexity="1" minCyclomaticComplexity="1" visitedClasses="0" numClasses="0" visitedMethods="0" numMethods="1" />
              <MetadataToken>100666808</MetadataToken>
              <Name>System.String IBM.Watson.DeveloperCloud.Services.RetrieveAndRank.v1.RetrieveAndRank/CollectionRequest::get_Action()</Name>
              <FileRef uid="211" />
              <SequencePoints>
                <SequencePoint vc="0" uspid="6513" ordinal="0" offset="0" sl="893" sc="30" el="893" ec="34" bec="0" bev="0" fileid="211" />
              </SequencePoints>
              <BranchPoints />
              <MethodPoint xsi:type="SequencePoint" vc="0" uspid="6513" ordinal="0" offset="0" sl="893" sc="30" el="893" ec="34" bec="0" bev="0" fileid="211" />
            </Method>
            <Method visited="true" cyclomaticComplexity="1" nPathComplexity="0" sequenceCoverage="100" branchCoverage="100" isConstructor="false" isStatic="false" isGetter="false" isSetter="true">
              <Summary numSequencePoints="1" visitedSequencePoints="1" numBranchPoints="1" visitedBranchPoints="1" sequenceCoverage="100" branchCoverage="100" maxCyclomaticComplexity="1" minCyclomaticComplexity="1" visitedClasses="0" numClasses="0" visitedMethods="1" numMethods="1" />
              <MetadataToken>100666809</MetadataToken>
              <Name>System.Void IBM.Watson.DeveloperCloud.Services.RetrieveAndRank.v1.RetrieveAndRank/CollectionRequest::set_Action(System.String)</Name>
              <FileRef uid="211" />
              <SequencePoints>
                <SequencePoint vc="3" uspid="6514" ordinal="0" offset="0" sl="893" sc="35" el="893" ec="39" bec="0" bev="0" fileid="211" />
              </SequencePoints>
              <BranchPoints />
              <MethodPoint xsi:type="SequencePoint" vc="3" uspid="6514" ordinal="0" offset="0" sl="893" sc="35" el="893" ec="39" bec="0" bev="0" fileid="211" />
            </Method>
            <Method visited="false" cyclomaticComplexity="1" nPathComplexity="0" sequenceCoverage="0" branchCoverage="0" isConstructor="false" isStatic="false" isGetter="true" isSetter="false">
              <Summary numSequencePoints="1" visitedSequencePoints="0" numBranchPoints="1" visitedBranchPoints="0" sequenceCoverage="0" branchCoverage="0" maxCyclomaticComplexity="1" minCyclomaticComplexity="1" visitedClasses="0" numClasses="0" visitedMethods="0" numMethods="1" />
              <MetadataToken>100666810</MetadataToken>
              <Name>System.String IBM.Watson.DeveloperCloud.Services.RetrieveAndRank.v1.RetrieveAndRank/CollectionRequest::get_CollectionName()</Name>
              <FileRef uid="211" />
              <SequencePoints>
                <SequencePoint vc="0" uspid="6515" ordinal="0" offset="0" sl="897" sc="38" el="897" ec="42" bec="0" bev="0" fileid="211" />
              </SequencePoints>
              <BranchPoints />
              <MethodPoint xsi:type="SequencePoint" vc="0" uspid="6515" ordinal="0" offset="0" sl="897" sc="38" el="897" ec="42" bec="0" bev="0" fileid="211" />
            </Method>
            <Method visited="true" cyclomaticComplexity="1" nPathComplexity="0" sequenceCoverage="100" branchCoverage="100" isConstructor="false" isStatic="false" isGetter="false" isSetter="true">
              <Summary numSequencePoints="1" visitedSequencePoints="1" numBranchPoints="1" visitedBranchPoints="1" sequenceCoverage="100" branchCoverage="100" maxCyclomaticComplexity="1" minCyclomaticComplexity="1" visitedClasses="0" numClasses="0" visitedMethods="1" numMethods="1" />
              <MetadataToken>100666811</MetadataToken>
              <Name>System.Void IBM.Watson.DeveloperCloud.Services.RetrieveAndRank.v1.RetrieveAndRank/CollectionRequest::set_CollectionName(System.String)</Name>
              <FileRef uid="211" />
              <SequencePoints>
                <SequencePoint vc="3" uspid="6516" ordinal="0" offset="0" sl="897" sc="43" el="897" ec="47" bec="0" bev="0" fileid="211" />
              </SequencePoints>
              <BranchPoints />
              <MethodPoint xsi:type="SequencePoint" vc="3" uspid="6516" ordinal="0" offset="0" sl="897" sc="43" el="897" ec="47" bec="0" bev="0" fileid="211" />
            </Method>
            <Method visited="false" cyclomaticComplexity="1" nPathComplexity="0" sequenceCoverage="0" branchCoverage="0" isConstructor="false" isStatic="false" isGetter="true" isSetter="false">
              <Summary numSequencePoints="1" visitedSequencePoints="0" numBranchPoints="1" visitedBranchPoints="0" sequenceCoverage="0" branchCoverage="0" maxCyclomaticComplexity="1" minCyclomaticComplexity="1" visitedClasses="0" numClasses="0" visitedMethods="0" numMethods="1" />
              <MetadataToken>100666812</MetadataToken>
              <Name>System.String IBM.Watson.DeveloperCloud.Services.RetrieveAndRank.v1.RetrieveAndRank/CollectionRequest::get_ConfigName()</Name>
              <FileRef uid="211" />
              <SequencePoints>
                <SequencePoint vc="0" uspid="6517" ordinal="0" offset="0" sl="901" sc="34" el="901" ec="38" bec="0" bev="0" fileid="211" />
              </SequencePoints>
              <BranchPoints />
              <MethodPoint xsi:type="SequencePoint" vc="0" uspid="6517" ordinal="0" offset="0" sl="901" sc="34" el="901" ec="38" bec="0" bev="0" fileid="211" />
            </Method>
            <Method visited="true" cyclomaticComplexity="1" nPathComplexity="0" sequenceCoverage="100" branchCoverage="100" isConstructor="false" isStatic="false" isGetter="false" isSetter="true">
              <Summary numSequencePoints="1" visitedSequencePoints="1" numBranchPoints="1" visitedBranchPoints="1" sequenceCoverage="100" branchCoverage="100" maxCyclomaticComplexity="1" minCyclomaticComplexity="1" visitedClasses="0" numClasses="0" visitedMethods="1" numMethods="1" />
              <MetadataToken>100666813</MetadataToken>
              <Name>System.Void IBM.Watson.DeveloperCloud.Services.RetrieveAndRank.v1.RetrieveAndRank/CollectionRequest::set_ConfigName(System.String)</Name>
              <FileRef uid="211" />
              <SequencePoints>
                <SequencePoint vc="3" uspid="6518" ordinal="0" offset="0" sl="901" sc="39" el="901" ec="43" bec="0" bev="0" fileid="211" />
              </SequencePoints>
              <BranchPoints />
              <MethodPoint xsi:type="SequencePoint" vc="3" uspid="6518" ordinal="0" offset="0" sl="901" sc="39" el="901" ec="43" bec="0" bev="0" fileid="211" />
            </Method>
            <Method visited="true" cyclomaticComplexity="1" nPathComplexity="0" sequenceCoverage="0" branchCoverage="0" isConstructor="true" isStatic="false" isGetter="false" isSetter="false">
              <Summary numSequencePoints="0" visitedSequencePoints="0" numBranchPoints="0" visitedBranchPoints="0" sequenceCoverage="0" branchCoverage="0" maxCyclomaticComplexity="1" minCyclomaticComplexity="1" visitedClasses="0" numClasses="0" visitedMethods="0" numMethods="0" />
              <MetadataToken>100666814</MetadataToken>
              <Name>System.Void IBM.Watson.DeveloperCloud.Services.RetrieveAndRank.v1.RetrieveAndRank/CollectionRequest::.ctor()</Name>
              <SequencePoints />
              <BranchPoints />
              <MethodPoint vc="3" uspid="6519" ordinal="0" offset="0" />
            </Method>
          </Methods>
        </Class>
        <Class>
          <Summary numSequencePoints="0" visitedSequencePoints="0" numBranchPoints="0" visitedBranchPoints="0" sequenceCoverage="0" branchCoverage="0" maxCyclomaticComplexity="0" minCyclomaticComplexity="0" visitedClasses="0" numClasses="0" visitedMethods="0" numMethods="0" />
          <FullName>IBM.Watson.DeveloperCloud.Services.RetrieveAndRank.v1.RetrieveAndRank/OnIndexDocuments</FullName>
          <Methods>
            <Method skippedDueTo="Unknown" visited="false" cyclomaticComplexity="0" nPathComplexity="0" sequenceCoverage="0" branchCoverage="0" isConstructor="true" isStatic="false" isGetter="false" isSetter="false">
              <MetadataToken>100666815</MetadataToken>
              <Name>System.Void IBM.Watson.DeveloperCloud.Services.RetrieveAndRank.v1.RetrieveAndRank/OnIndexDocuments::.ctor(System.Object,System.IntPtr)</Name>
              <SequencePoints />
              <BranchPoints />
            </Method>
            <Method skippedDueTo="Unknown" visited="false" cyclomaticComplexity="0" nPathComplexity="0" sequenceCoverage="0" branchCoverage="0" isConstructor="false" isStatic="false" isGetter="false" isSetter="false">
              <MetadataToken>100666816</MetadataToken>
              <Name>System.Void IBM.Watson.DeveloperCloud.Services.RetrieveAndRank.v1.RetrieveAndRank/OnIndexDocuments::Invoke(IBM.Watson.DeveloperCloud.Services.RetrieveAndRank.v1.IndexResponse,System.String)</Name>
              <SequencePoints />
              <BranchPoints />
            </Method>
            <Method skippedDueTo="Unknown" visited="false" cyclomaticComplexity="0" nPathComplexity="0" sequenceCoverage="0" branchCoverage="0" isConstructor="false" isStatic="false" isGetter="false" isSetter="false">
              <MetadataToken>100666817</MetadataToken>
              <Name>System.IAsyncResult IBM.Watson.DeveloperCloud.Services.RetrieveAndRank.v1.RetrieveAndRank/OnIndexDocuments::BeginInvoke(IBM.Watson.DeveloperCloud.Services.RetrieveAndRank.v1.IndexResponse,System.String,System.AsyncCallback,System.Object)</Name>
              <SequencePoints />
              <BranchPoints />
            </Method>
            <Method skippedDueTo="Unknown" visited="false" cyclomaticComplexity="0" nPathComplexity="0" sequenceCoverage="0" branchCoverage="0" isConstructor="false" isStatic="false" isGetter="false" isSetter="false">
              <MetadataToken>100666818</MetadataToken>
              <Name>System.Void IBM.Watson.DeveloperCloud.Services.RetrieveAndRank.v1.RetrieveAndRank/OnIndexDocuments::EndInvoke(System.IAsyncResult)</Name>
              <SequencePoints />
              <BranchPoints />
            </Method>
          </Methods>
        </Class>
        <Class>
          <Summary numSequencePoints="10" visitedSequencePoints="7" numBranchPoints="10" visitedBranchPoints="7" sequenceCoverage="70" branchCoverage="70" maxCyclomaticComplexity="1" minCyclomaticComplexity="1" visitedClasses="1" numClasses="1" visitedMethods="7" numMethods="10" />
          <FullName>IBM.Watson.DeveloperCloud.Services.RetrieveAndRank.v1.RetrieveAndRank/IndexDocumentsRequest</FullName>
          <Methods>
            <Method visited="true" cyclomaticComplexity="1" nPathComplexity="0" sequenceCoverage="100" branchCoverage="100" isConstructor="false" isStatic="false" isGetter="true" isSetter="false">
              <Summary numSequencePoints="1" visitedSequencePoints="1" numBranchPoints="1" visitedBranchPoints="1" sequenceCoverage="100" branchCoverage="100" maxCyclomaticComplexity="1" minCyclomaticComplexity="1" visitedClasses="0" numClasses="0" visitedMethods="1" numMethods="1" />
              <MetadataToken>100666819</MetadataToken>
              <Name>System.String IBM.Watson.DeveloperCloud.Services.RetrieveAndRank.v1.RetrieveAndRank/IndexDocumentsRequest::get_Data()</Name>
              <FileRef uid="211" />
              <SequencePoints>
                <SequencePoint vc="1" uspid="6520" ordinal="0" offset="0" sl="1003" sc="28" el="1003" ec="32" bec="0" bev="0" fileid="211" />
              </SequencePoints>
              <BranchPoints />
              <MethodPoint xsi:type="SequencePoint" vc="1" uspid="6520" ordinal="0" offset="0" sl="1003" sc="28" el="1003" ec="32" bec="0" bev="0" fileid="211" />
            </Method>
            <Method visited="true" cyclomaticComplexity="1" nPathComplexity="0" sequenceCoverage="100" branchCoverage="100" isConstructor="false" isStatic="false" isGetter="false" isSetter="true">
              <Summary numSequencePoints="1" visitedSequencePoints="1" numBranchPoints="1" visitedBranchPoints="1" sequenceCoverage="100" branchCoverage="100" maxCyclomaticComplexity="1" minCyclomaticComplexity="1" visitedClasses="0" numClasses="0" visitedMethods="1" numMethods="1" />
              <MetadataToken>100666820</MetadataToken>
              <Name>System.Void IBM.Watson.DeveloperCloud.Services.RetrieveAndRank.v1.RetrieveAndRank/IndexDocumentsRequest::set_Data(System.String)</Name>
              <FileRef uid="211" />
              <SequencePoints>
                <SequencePoint vc="1" uspid="6521" ordinal="0" offset="0" sl="1003" sc="33" el="1003" ec="37" bec="0" bev="0" fileid="211" />
              </SequencePoints>
              <BranchPoints />
              <MethodPoint xsi:type="SequencePoint" vc="1" uspid="6521" ordinal="0" offset="0" sl="1003" sc="33" el="1003" ec="37" bec="0" bev="0" fileid="211" />
            </Method>
            <Method visited="false" cyclomaticComplexity="1" nPathComplexity="0" sequenceCoverage="0" branchCoverage="0" isConstructor="false" isStatic="false" isGetter="true" isSetter="false">
              <Summary numSequencePoints="1" visitedSequencePoints="0" numBranchPoints="1" visitedBranchPoints="0" sequenceCoverage="0" branchCoverage="0" maxCyclomaticComplexity="1" minCyclomaticComplexity="1" visitedClasses="0" numClasses="0" visitedMethods="0" numMethods="1" />
              <MetadataToken>100666821</MetadataToken>
              <Name>System.String IBM.Watson.DeveloperCloud.Services.RetrieveAndRank.v1.RetrieveAndRank/IndexDocumentsRequest::get_IndexDataPath()</Name>
              <FileRef uid="211" />
              <SequencePoints>
                <SequencePoint vc="0" uspid="6522" ordinal="0" offset="0" sl="1007" sc="37" el="1007" ec="41" bec="0" bev="0" fileid="211" />
              </SequencePoints>
              <BranchPoints />
              <MethodPoint xsi:type="SequencePoint" vc="0" uspid="6522" ordinal="0" offset="0" sl="1007" sc="37" el="1007" ec="41" bec="0" bev="0" fileid="211" />
            </Method>
            <Method visited="true" cyclomaticComplexity="1" nPathComplexity="0" sequenceCoverage="100" branchCoverage="100" isConstructor="false" isStatic="false" isGetter="false" isSetter="true">
              <Summary numSequencePoints="1" visitedSequencePoints="1" numBranchPoints="1" visitedBranchPoints="1" sequenceCoverage="100" branchCoverage="100" maxCyclomaticComplexity="1" minCyclomaticComplexity="1" visitedClasses="0" numClasses="0" visitedMethods="1" numMethods="1" />
              <MetadataToken>100666822</MetadataToken>
              <Name>System.Void IBM.Watson.DeveloperCloud.Services.RetrieveAndRank.v1.RetrieveAndRank/IndexDocumentsRequest::set_IndexDataPath(System.String)</Name>
              <FileRef uid="211" />
              <SequencePoints>
                <SequencePoint vc="1" uspid="6523" ordinal="0" offset="0" sl="1007" sc="42" el="1007" ec="46" bec="0" bev="0" fileid="211" />
              </SequencePoints>
              <BranchPoints />
              <MethodPoint xsi:type="SequencePoint" vc="1" uspid="6523" ordinal="0" offset="0" sl="1007" sc="42" el="1007" ec="46" bec="0" bev="0" fileid="211" />
            </Method>
            <Method visited="false" cyclomaticComplexity="1" nPathComplexity="0" sequenceCoverage="0" branchCoverage="0" isConstructor="false" isStatic="false" isGetter="true" isSetter="false">
              <Summary numSequencePoints="1" visitedSequencePoints="0" numBranchPoints="1" visitedBranchPoints="0" sequenceCoverage="0" branchCoverage="0" maxCyclomaticComplexity="1" minCyclomaticComplexity="1" visitedClasses="0" numClasses="0" visitedMethods="0" numMethods="1" />
              <MetadataToken>100666823</MetadataToken>
              <Name>System.String IBM.Watson.DeveloperCloud.Services.RetrieveAndRank.v1.RetrieveAndRank/IndexDocumentsRequest::get_ClusterID()</Name>
              <FileRef uid="211" />
              <SequencePoints>
                <SequencePoint vc="0" uspid="6524" ordinal="0" offset="0" sl="1011" sc="33" el="1011" ec="37" bec="0" bev="0" fileid="211" />
              </SequencePoints>
              <BranchPoints />
              <MethodPoint xsi:type="SequencePoint" vc="0" uspid="6524" ordinal="0" offset="0" sl="1011" sc="33" el="1011" ec="37" bec="0" bev="0" fileid="211" />
            </Method>
            <Method visited="true" cyclomaticComplexity="1" nPathComplexity="0" sequenceCoverage="100" branchCoverage="100" isConstructor="false" isStatic="false" isGetter="false" isSetter="true">
              <Summary numSequencePoints="1" visitedSequencePoints="1" numBranchPoints="1" visitedBranchPoints="1" sequenceCoverage="100" branchCoverage="100" maxCyclomaticComplexity="1" minCyclomaticComplexity="1" visitedClasses="0" numClasses="0" visitedMethods="1" numMethods="1" />
              <MetadataToken>100666824</MetadataToken>
              <Name>System.Void IBM.Watson.DeveloperCloud.Services.RetrieveAndRank.v1.RetrieveAndRank/IndexDocumentsRequest::set_ClusterID(System.String)</Name>
              <FileRef uid="211" />
              <SequencePoints>
                <SequencePoint vc="1" uspid="6525" ordinal="0" offset="0" sl="1011" sc="38" el="1011" ec="42" bec="0" bev="0" fileid="211" />
              </SequencePoints>
              <BranchPoints />
              <MethodPoint xsi:type="SequencePoint" vc="1" uspid="6525" ordinal="0" offset="0" sl="1011" sc="38" el="1011" ec="42" bec="0" bev="0" fileid="211" />
            </Method>
            <Method visited="false" cyclomaticComplexity="1" nPathComplexity="0" sequenceCoverage="0" branchCoverage="0" isConstructor="false" isStatic="false" isGetter="true" isSetter="false">
              <Summary numSequencePoints="1" visitedSequencePoints="0" numBranchPoints="1" visitedBranchPoints="0" sequenceCoverage="0" branchCoverage="0" maxCyclomaticComplexity="1" minCyclomaticComplexity="1" visitedClasses="0" numClasses="0" visitedMethods="0" numMethods="1" />
              <MetadataToken>100666825</MetadataToken>
              <Name>System.String IBM.Watson.DeveloperCloud.Services.RetrieveAndRank.v1.RetrieveAndRank/IndexDocumentsRequest::get_CollectionName()</Name>
              <FileRef uid="211" />
              <SequencePoints>
                <SequencePoint vc="0" uspid="6526" ordinal="0" offset="0" sl="1015" sc="38" el="1015" ec="42" bec="0" bev="0" fileid="211" />
              </SequencePoints>
              <BranchPoints />
              <MethodPoint xsi:type="SequencePoint" vc="0" uspid="6526" ordinal="0" offset="0" sl="1015" sc="38" el="1015" ec="42" bec="0" bev="0" fileid="211" />
            </Method>
            <Method visited="true" cyclomaticComplexity="1" nPathComplexity="0" sequenceCoverage="100" branchCoverage="100" isConstructor="false" isStatic="false" isGetter="false" isSetter="true">
              <Summary numSequencePoints="1" visitedSequencePoints="1" numBranchPoints="1" visitedBranchPoints="1" sequenceCoverage="100" branchCoverage="100" maxCyclomaticComplexity="1" minCyclomaticComplexity="1" visitedClasses="0" numClasses="0" visitedMethods="1" numMethods="1" />
              <MetadataToken>100666826</MetadataToken>
              <Name>System.Void IBM.Watson.DeveloperCloud.Services.RetrieveAndRank.v1.RetrieveAndRank/IndexDocumentsRequest::set_CollectionName(System.String)</Name>
              <FileRef uid="211" />
              <SequencePoints>
                <SequencePoint vc="1" uspid="6527" ordinal="0" offset="0" sl="1015" sc="43" el="1015" ec="47" bec="0" bev="0" fileid="211" />
              </SequencePoints>
              <BranchPoints />
              <MethodPoint xsi:type="SequencePoint" vc="1" uspid="6527" ordinal="0" offset="0" sl="1015" sc="43" el="1015" ec="47" bec="0" bev="0" fileid="211" />
            </Method>
            <Method visited="true" cyclomaticComplexity="1" nPathComplexity="0" sequenceCoverage="100" branchCoverage="100" isConstructor="false" isStatic="false" isGetter="true" isSetter="false">
              <Summary numSequencePoints="1" visitedSequencePoints="1" numBranchPoints="1" visitedBranchPoints="1" sequenceCoverage="100" branchCoverage="100" maxCyclomaticComplexity="1" minCyclomaticComplexity="1" visitedClasses="0" numClasses="0" visitedMethods="1" numMethods="1" />
              <MetadataToken>100666827</MetadataToken>
              <Name>IBM.Watson.DeveloperCloud.Services.RetrieveAndRank.v1.RetrieveAndRank/OnIndexDocuments IBM.Watson.DeveloperCloud.Services.RetrieveAndRank.v1.RetrieveAndRank/IndexDocumentsRequest::get_Callback()</Name>
              <FileRef uid="211" />
              <SequencePoints>
                <SequencePoint vc="2" uspid="6528" ordinal="0" offset="0" sl="1019" sc="42" el="1019" ec="46" bec="0" bev="0" fileid="211" />
              </SequencePoints>
              <BranchPoints />
              <MethodPoint xsi:type="SequencePoint" vc="2" uspid="6528" ordinal="0" offset="0" sl="1019" sc="42" el="1019" ec="46" bec="0" bev="0" fileid="211" />
            </Method>
            <Method visited="true" cyclomaticComplexity="1" nPathComplexity="0" sequenceCoverage="100" branchCoverage="100" isConstructor="false" isStatic="false" isGetter="false" isSetter="true">
              <Summary numSequencePoints="1" visitedSequencePoints="1" numBranchPoints="1" visitedBranchPoints="1" sequenceCoverage="100" branchCoverage="100" maxCyclomaticComplexity="1" minCyclomaticComplexity="1" visitedClasses="0" numClasses="0" visitedMethods="1" numMethods="1" />
              <MetadataToken>100666828</MetadataToken>
              <Name>System.Void IBM.Watson.DeveloperCloud.Services.RetrieveAndRank.v1.RetrieveAndRank/IndexDocumentsRequest::set_Callback(IBM.Watson.DeveloperCloud.Services.RetrieveAndRank.v1.RetrieveAndRank/OnIndexDocuments)</Name>
              <FileRef uid="211" />
              <SequencePoints>
                <SequencePoint vc="1" uspid="6529" ordinal="0" offset="0" sl="1019" sc="47" el="1019" ec="51" bec="0" bev="0" fileid="211" />
              </SequencePoints>
              <BranchPoints />
              <MethodPoint xsi:type="SequencePoint" vc="1" uspid="6529" ordinal="0" offset="0" sl="1019" sc="47" el="1019" ec="51" bec="0" bev="0" fileid="211" />
            </Method>
            <Method visited="true" cyclomaticComplexity="1" nPathComplexity="0" sequenceCoverage="0" branchCoverage="0" isConstructor="true" isStatic="false" isGetter="false" isSetter="false">
              <Summary numSequencePoints="0" visitedSequencePoints="0" numBranchPoints="0" visitedBranchPoints="0" sequenceCoverage="0" branchCoverage="0" maxCyclomaticComplexity="1" minCyclomaticComplexity="1" visitedClasses="0" numClasses="0" visitedMethods="0" numMethods="0" />
              <MetadataToken>100666829</MetadataToken>
              <Name>System.Void IBM.Watson.DeveloperCloud.Services.RetrieveAndRank.v1.RetrieveAndRank/IndexDocumentsRequest::.ctor()</Name>
              <SequencePoints />
              <BranchPoints />
              <MethodPoint vc="1" uspid="6530" ordinal="0" offset="0" />
            </Method>
          </Methods>
        </Class>
        <Class>
          <Summary numSequencePoints="0" visitedSequencePoints="0" numBranchPoints="0" visitedBranchPoints="0" sequenceCoverage="0" branchCoverage="0" maxCyclomaticComplexity="0" minCyclomaticComplexity="0" visitedClasses="0" numClasses="0" visitedMethods="0" numMethods="0" />
          <FullName>IBM.Watson.DeveloperCloud.Services.RetrieveAndRank.v1.RetrieveAndRank/OnSearch</FullName>
          <Methods>
            <Method skippedDueTo="Unknown" visited="false" cyclomaticComplexity="0" nPathComplexity="0" sequenceCoverage="0" branchCoverage="0" isConstructor="true" isStatic="false" isGetter="false" isSetter="false">
              <MetadataToken>100666830</MetadataToken>
              <Name>System.Void IBM.Watson.DeveloperCloud.Services.RetrieveAndRank.v1.RetrieveAndRank/OnSearch::.ctor(System.Object,System.IntPtr)</Name>
              <SequencePoints />
              <BranchPoints />
            </Method>
            <Method skippedDueTo="Unknown" visited="false" cyclomaticComplexity="0" nPathComplexity="0" sequenceCoverage="0" branchCoverage="0" isConstructor="false" isStatic="false" isGetter="false" isSetter="false">
              <MetadataToken>100666831</MetadataToken>
              <Name>System.Void IBM.Watson.DeveloperCloud.Services.RetrieveAndRank.v1.RetrieveAndRank/OnSearch::Invoke(IBM.Watson.DeveloperCloud.Services.RetrieveAndRank.v1.SearchResponse,System.String)</Name>
              <SequencePoints />
              <BranchPoints />
            </Method>
            <Method skippedDueTo="Unknown" visited="false" cyclomaticComplexity="0" nPathComplexity="0" sequenceCoverage="0" branchCoverage="0" isConstructor="false" isStatic="false" isGetter="false" isSetter="false">
              <MetadataToken>100666832</MetadataToken>
              <Name>System.IAsyncResult IBM.Watson.DeveloperCloud.Services.RetrieveAndRank.v1.RetrieveAndRank/OnSearch::BeginInvoke(IBM.Watson.DeveloperCloud.Services.RetrieveAndRank.v1.SearchResponse,System.String,System.AsyncCallback,System.Object)</Name>
              <SequencePoints />
              <BranchPoints />
            </Method>
            <Method skippedDueTo="Unknown" visited="false" cyclomaticComplexity="0" nPathComplexity="0" sequenceCoverage="0" branchCoverage="0" isConstructor="false" isStatic="false" isGetter="false" isSetter="false">
              <MetadataToken>100666833</MetadataToken>
              <Name>System.Void IBM.Watson.DeveloperCloud.Services.RetrieveAndRank.v1.RetrieveAndRank/OnSearch::EndInvoke(System.IAsyncResult)</Name>
              <SequencePoints />
              <BranchPoints />
            </Method>
          </Methods>
        </Class>
        <Class>
          <Summary numSequencePoints="12" visitedSequencePoints="8" numBranchPoints="12" visitedBranchPoints="8" sequenceCoverage="66.67" branchCoverage="66.67" maxCyclomaticComplexity="1" minCyclomaticComplexity="1" visitedClasses="1" numClasses="1" visitedMethods="8" numMethods="12" />
          <FullName>IBM.Watson.DeveloperCloud.Services.RetrieveAndRank.v1.RetrieveAndRank/SearchRequest</FullName>
          <Methods>
            <Method visited="true" cyclomaticComplexity="1" nPathComplexity="0" sequenceCoverage="100" branchCoverage="100" isConstructor="false" isStatic="false" isGetter="true" isSetter="false">
              <Summary numSequencePoints="1" visitedSequencePoints="1" numBranchPoints="1" visitedBranchPoints="1" sequenceCoverage="100" branchCoverage="100" maxCyclomaticComplexity="1" minCyclomaticComplexity="1" visitedClasses="0" numClasses="0" visitedMethods="1" numMethods="1" />
              <MetadataToken>100666834</MetadataToken>
              <Name>System.String IBM.Watson.DeveloperCloud.Services.RetrieveAndRank.v1.RetrieveAndRank/SearchRequest::get_Data()</Name>
              <FileRef uid="211" />
              <SequencePoints>
                <SequencePoint vc="2" uspid="6531" ordinal="0" offset="0" sl="1123" sc="28" el="1123" ec="32" bec="0" bev="0" fileid="211" />
              </SequencePoints>
              <BranchPoints />
              <MethodPoint xsi:type="SequencePoint" vc="2" uspid="6531" ordinal="0" offset="0" sl="1123" sc="28" el="1123" ec="32" bec="0" bev="0" fileid="211" />
            </Method>
            <Method visited="true" cyclomaticComplexity="1" nPathComplexity="0" sequenceCoverage="100" branchCoverage="100" isConstructor="false" isStatic="false" isGetter="false" isSetter="true">
              <Summary numSequencePoints="1" visitedSequencePoints="1" numBranchPoints="1" visitedBranchPoints="1" sequenceCoverage="100" branchCoverage="100" maxCyclomaticComplexity="1" minCyclomaticComplexity="1" visitedClasses="0" numClasses="0" visitedMethods="1" numMethods="1" />
              <MetadataToken>100666835</MetadataToken>
              <Name>System.Void IBM.Watson.DeveloperCloud.Services.RetrieveAndRank.v1.RetrieveAndRank/SearchRequest::set_Data(System.String)</Name>
              <FileRef uid="211" />
              <SequencePoints>
                <SequencePoint vc="2" uspid="6532" ordinal="0" offset="0" sl="1123" sc="33" el="1123" ec="37" bec="0" bev="0" fileid="211" />
              </SequencePoints>
              <BranchPoints />
              <MethodPoint xsi:type="SequencePoint" vc="2" uspid="6532" ordinal="0" offset="0" sl="1123" sc="33" el="1123" ec="37" bec="0" bev="0" fileid="211" />
            </Method>
            <Method visited="false" cyclomaticComplexity="1" nPathComplexity="0" sequenceCoverage="0" branchCoverage="0" isConstructor="false" isStatic="false" isGetter="true" isSetter="false">
              <Summary numSequencePoints="1" visitedSequencePoints="0" numBranchPoints="1" visitedBranchPoints="0" sequenceCoverage="0" branchCoverage="0" maxCyclomaticComplexity="1" minCyclomaticComplexity="1" visitedClasses="0" numClasses="0" visitedMethods="0" numMethods="1" />
              <MetadataToken>100666836</MetadataToken>
              <Name>System.String IBM.Watson.DeveloperCloud.Services.RetrieveAndRank.v1.RetrieveAndRank/SearchRequest::get_ClusterID()</Name>
              <FileRef uid="211" />
              <SequencePoints>
                <SequencePoint vc="0" uspid="6533" ordinal="0" offset="0" sl="1127" sc="33" el="1127" ec="37" bec="0" bev="0" fileid="211" />
              </SequencePoints>
              <BranchPoints />
              <MethodPoint xsi:type="SequencePoint" vc="0" uspid="6533" ordinal="0" offset="0" sl="1127" sc="33" el="1127" ec="37" bec="0" bev="0" fileid="211" />
            </Method>
            <Method visited="true" cyclomaticComplexity="1" nPathComplexity="0" sequenceCoverage="100" branchCoverage="100" isConstructor="false" isStatic="false" isGetter="false" isSetter="true">
              <Summary numSequencePoints="1" visitedSequencePoints="1" numBranchPoints="1" visitedBranchPoints="1" sequenceCoverage="100" branchCoverage="100" maxCyclomaticComplexity="1" minCyclomaticComplexity="1" visitedClasses="0" numClasses="0" visitedMethods="1" numMethods="1" />
              <MetadataToken>100666837</MetadataToken>
              <Name>System.Void IBM.Watson.DeveloperCloud.Services.RetrieveAndRank.v1.RetrieveAndRank/SearchRequest::set_ClusterID(System.String)</Name>
              <FileRef uid="211" />
              <SequencePoints>
                <SequencePoint vc="2" uspid="6534" ordinal="0" offset="0" sl="1127" sc="38" el="1127" ec="42" bec="0" bev="0" fileid="211" />
              </SequencePoints>
              <BranchPoints />
              <MethodPoint xsi:type="SequencePoint" vc="2" uspid="6534" ordinal="0" offset="0" sl="1127" sc="38" el="1127" ec="42" bec="0" bev="0" fileid="211" />
            </Method>
            <Method visited="false" cyclomaticComplexity="1" nPathComplexity="0" sequenceCoverage="0" branchCoverage="0" isConstructor="false" isStatic="false" isGetter="true" isSetter="false">
              <Summary numSequencePoints="1" visitedSequencePoints="0" numBranchPoints="1" visitedBranchPoints="0" sequenceCoverage="0" branchCoverage="0" maxCyclomaticComplexity="1" minCyclomaticComplexity="1" visitedClasses="0" numClasses="0" visitedMethods="0" numMethods="1" />
              <MetadataToken>100666838</MetadataToken>
              <Name>System.String IBM.Watson.DeveloperCloud.Services.RetrieveAndRank.v1.RetrieveAndRank/SearchRequest::get_CollectionName()</Name>
              <FileRef uid="211" />
              <SequencePoints>
                <SequencePoint vc="0" uspid="6535" ordinal="0" offset="0" sl="1131" sc="38" el="1131" ec="42" bec="0" bev="0" fileid="211" />
              </SequencePoints>
              <BranchPoints />
              <MethodPoint xsi:type="SequencePoint" vc="0" uspid="6535" ordinal="0" offset="0" sl="1131" sc="38" el="1131" ec="42" bec="0" bev="0" fileid="211" />
            </Method>
            <Method visited="true" cyclomaticComplexity="1" nPathComplexity="0" sequenceCoverage="100" branchCoverage="100" isConstructor="false" isStatic="false" isGetter="false" isSetter="true">
              <Summary numSequencePoints="1" visitedSequencePoints="1" numBranchPoints="1" visitedBranchPoints="1" sequenceCoverage="100" branchCoverage="100" maxCyclomaticComplexity="1" minCyclomaticComplexity="1" visitedClasses="0" numClasses="0" visitedMethods="1" numMethods="1" />
              <MetadataToken>100666839</MetadataToken>
              <Name>System.Void IBM.Watson.DeveloperCloud.Services.RetrieveAndRank.v1.RetrieveAndRank/SearchRequest::set_CollectionName(System.String)</Name>
              <FileRef uid="211" />
              <SequencePoints>
                <SequencePoint vc="2" uspid="6536" ordinal="0" offset="0" sl="1131" sc="43" el="1131" ec="47" bec="0" bev="0" fileid="211" />
              </SequencePoints>
              <BranchPoints />
              <MethodPoint xsi:type="SequencePoint" vc="2" uspid="6536" ordinal="0" offset="0" sl="1131" sc="43" el="1131" ec="47" bec="0" bev="0" fileid="211" />
            </Method>
            <Method visited="false" cyclomaticComplexity="1" nPathComplexity="0" sequenceCoverage="0" branchCoverage="0" isConstructor="false" isStatic="false" isGetter="true" isSetter="false">
              <Summary numSequencePoints="1" visitedSequencePoints="0" numBranchPoints="1" visitedBranchPoints="0" sequenceCoverage="0" branchCoverage="0" maxCyclomaticComplexity="1" minCyclomaticComplexity="1" visitedClasses="0" numClasses="0" visitedMethods="0" numMethods="1" />
              <MetadataToken>100666840</MetadataToken>
              <Name>System.String IBM.Watson.DeveloperCloud.Services.RetrieveAndRank.v1.RetrieveAndRank/SearchRequest::get_Query()</Name>
              <FileRef uid="211" />
              <SequencePoints>
                <SequencePoint vc="0" uspid="6537" ordinal="0" offset="0" sl="1135" sc="29" el="1135" ec="33" bec="0" bev="0" fileid="211" />
              </SequencePoints>
              <BranchPoints />
              <MethodPoint xsi:type="SequencePoint" vc="0" uspid="6537" ordinal="0" offset="0" sl="1135" sc="29" el="1135" ec="33" bec="0" bev="0" fileid="211" />
            </Method>
            <Method visited="true" cyclomaticComplexity="1" nPathComplexity="0" sequenceCoverage="100" branchCoverage="100" isConstructor="false" isStatic="false" isGetter="false" isSetter="true">
              <Summary numSequencePoints="1" visitedSequencePoints="1" numBranchPoints="1" visitedBranchPoints="1" sequenceCoverage="100" branchCoverage="100" maxCyclomaticComplexity="1" minCyclomaticComplexity="1" visitedClasses="0" numClasses="0" visitedMethods="1" numMethods="1" />
              <MetadataToken>100666841</MetadataToken>
              <Name>System.Void IBM.Watson.DeveloperCloud.Services.RetrieveAndRank.v1.RetrieveAndRank/SearchRequest::set_Query(System.String)</Name>
              <FileRef uid="211" />
              <SequencePoints>
                <SequencePoint vc="2" uspid="6538" ordinal="0" offset="0" sl="1135" sc="34" el="1135" ec="38" bec="0" bev="0" fileid="211" />
              </SequencePoints>
              <BranchPoints />
              <MethodPoint xsi:type="SequencePoint" vc="2" uspid="6538" ordinal="0" offset="0" sl="1135" sc="34" el="1135" ec="38" bec="0" bev="0" fileid="211" />
            </Method>
            <Method visited="false" cyclomaticComplexity="1" nPathComplexity="0" sequenceCoverage="0" branchCoverage="0" isConstructor="false" isStatic="false" isGetter="true" isSetter="false">
              <Summary numSequencePoints="1" visitedSequencePoints="0" numBranchPoints="1" visitedBranchPoints="0" sequenceCoverage="0" branchCoverage="0" maxCyclomaticComplexity="1" minCyclomaticComplexity="1" visitedClasses="0" numClasses="0" visitedMethods="0" numMethods="1" />
              <MetadataToken>100666842</MetadataToken>
              <Name>System.String[] IBM.Watson.DeveloperCloud.Services.RetrieveAndRank.v1.RetrieveAndRank/SearchRequest::get_Fl()</Name>
              <FileRef uid="211" />
              <SequencePoints>
                <SequencePoint vc="0" uspid="6539" ordinal="0" offset="0" sl="1139" sc="28" el="1139" ec="32" bec="0" bev="0" fileid="211" />
              </SequencePoints>
              <BranchPoints />
              <MethodPoint xsi:type="SequencePoint" vc="0" uspid="6539" ordinal="0" offset="0" sl="1139" sc="28" el="1139" ec="32" bec="0" bev="0" fileid="211" />
            </Method>
            <Method visited="true" cyclomaticComplexity="1" nPathComplexity="0" sequenceCoverage="100" branchCoverage="100" isConstructor="false" isStatic="false" isGetter="false" isSetter="true">
              <Summary numSequencePoints="1" visitedSequencePoints="1" numBranchPoints="1" visitedBranchPoints="1" sequenceCoverage="100" branchCoverage="100" maxCyclomaticComplexity="1" minCyclomaticComplexity="1" visitedClasses="0" numClasses="0" visitedMethods="1" numMethods="1" />
              <MetadataToken>100666843</MetadataToken>
              <Name>System.Void IBM.Watson.DeveloperCloud.Services.RetrieveAndRank.v1.RetrieveAndRank/SearchRequest::set_Fl(System.String[])</Name>
              <FileRef uid="211" />
              <SequencePoints>
                <SequencePoint vc="2" uspid="6540" ordinal="0" offset="0" sl="1139" sc="33" el="1139" ec="37" bec="0" bev="0" fileid="211" />
              </SequencePoints>
              <BranchPoints />
              <MethodPoint xsi:type="SequencePoint" vc="2" uspid="6540" ordinal="0" offset="0" sl="1139" sc="33" el="1139" ec="37" bec="0" bev="0" fileid="211" />
            </Method>
            <Method visited="true" cyclomaticComplexity="1" nPathComplexity="0" sequenceCoverage="100" branchCoverage="100" isConstructor="false" isStatic="false" isGetter="true" isSetter="false">
              <Summary numSequencePoints="1" visitedSequencePoints="1" numBranchPoints="1" visitedBranchPoints="1" sequenceCoverage="100" branchCoverage="100" maxCyclomaticComplexity="1" minCyclomaticComplexity="1" visitedClasses="0" numClasses="0" visitedMethods="1" numMethods="1" />
              <MetadataToken>100666844</MetadataToken>
              <Name>IBM.Watson.DeveloperCloud.Services.RetrieveAndRank.v1.RetrieveAndRank/OnSearch IBM.Watson.DeveloperCloud.Services.RetrieveAndRank.v1.RetrieveAndRank/SearchRequest::get_Callback()</Name>
              <FileRef uid="211" />
              <SequencePoints>
                <SequencePoint vc="4" uspid="6541" ordinal="0" offset="0" sl="1143" sc="34" el="1143" ec="38" bec="0" bev="0" fileid="211" />
              </SequencePoints>
              <BranchPoints />
              <MethodPoint xsi:type="SequencePoint" vc="4" uspid="6541" ordinal="0" offset="0" sl="1143" sc="34" el="1143" ec="38" bec="0" bev="0" fileid="211" />
            </Method>
            <Method visited="true" cyclomaticComplexity="1" nPathComplexity="0" sequenceCoverage="100" branchCoverage="100" isConstructor="false" isStatic="false" isGetter="false" isSetter="true">
              <Summary numSequencePoints="1" visitedSequencePoints="1" numBranchPoints="1" visitedBranchPoints="1" sequenceCoverage="100" branchCoverage="100" maxCyclomaticComplexity="1" minCyclomaticComplexity="1" visitedClasses="0" numClasses="0" visitedMethods="1" numMethods="1" />
              <MetadataToken>100666845</MetadataToken>
              <Name>System.Void IBM.Watson.DeveloperCloud.Services.RetrieveAndRank.v1.RetrieveAndRank/SearchRequest::set_Callback(IBM.Watson.DeveloperCloud.Services.RetrieveAndRank.v1.RetrieveAndRank/OnSearch)</Name>
              <FileRef uid="211" />
              <SequencePoints>
                <SequencePoint vc="2" uspid="6542" ordinal="0" offset="0" sl="1143" sc="39" el="1143" ec="43" bec="0" bev="0" fileid="211" />
              </SequencePoints>
              <BranchPoints />
              <MethodPoint xsi:type="SequencePoint" vc="2" uspid="6542" ordinal="0" offset="0" sl="1143" sc="39" el="1143" ec="43" bec="0" bev="0" fileid="211" />
            </Method>
            <Method visited="true" cyclomaticComplexity="1" nPathComplexity="0" sequenceCoverage="0" branchCoverage="0" isConstructor="true" isStatic="false" isGetter="false" isSetter="false">
              <Summary numSequencePoints="0" visitedSequencePoints="0" numBranchPoints="0" visitedBranchPoints="0" sequenceCoverage="0" branchCoverage="0" maxCyclomaticComplexity="1" minCyclomaticComplexity="1" visitedClasses="0" numClasses="0" visitedMethods="0" numMethods="0" />
              <MetadataToken>100666846</MetadataToken>
              <Name>System.Void IBM.Watson.DeveloperCloud.Services.RetrieveAndRank.v1.RetrieveAndRank/SearchRequest::.ctor()</Name>
              <SequencePoints />
              <BranchPoints />
              <MethodPoint vc="2" uspid="6543" ordinal="0" offset="0" />
            </Method>
          </Methods>
        </Class>
        <Class>
          <Summary numSequencePoints="0" visitedSequencePoints="0" numBranchPoints="0" visitedBranchPoints="0" sequenceCoverage="0" branchCoverage="0" maxCyclomaticComplexity="0" minCyclomaticComplexity="0" visitedClasses="0" numClasses="0" visitedMethods="0" numMethods="0" />
          <FullName>IBM.Watson.DeveloperCloud.Services.RetrieveAndRank.v1.RetrieveAndRank/OnGetClusterStats</FullName>
          <Methods>
            <Method skippedDueTo="Unknown" visited="false" cyclomaticComplexity="0" nPathComplexity="0" sequenceCoverage="0" branchCoverage="0" isConstructor="true" isStatic="false" isGetter="false" isSetter="false">
              <MetadataToken>100666847</MetadataToken>
              <Name>System.Void IBM.Watson.DeveloperCloud.Services.RetrieveAndRank.v1.RetrieveAndRank/OnGetClusterStats::.ctor(System.Object,System.IntPtr)</Name>
              <SequencePoints />
              <BranchPoints />
            </Method>
            <Method skippedDueTo="Unknown" visited="false" cyclomaticComplexity="0" nPathComplexity="0" sequenceCoverage="0" branchCoverage="0" isConstructor="false" isStatic="false" isGetter="false" isSetter="false">
              <MetadataToken>100666848</MetadataToken>
              <Name>System.Void IBM.Watson.DeveloperCloud.Services.RetrieveAndRank.v1.RetrieveAndRank/OnGetClusterStats::Invoke(IBM.Watson.DeveloperCloud.Services.RetrieveAndRank.v1.StatsResponse,System.String)</Name>
              <SequencePoints />
              <BranchPoints />
            </Method>
            <Method skippedDueTo="Unknown" visited="false" cyclomaticComplexity="0" nPathComplexity="0" sequenceCoverage="0" branchCoverage="0" isConstructor="false" isStatic="false" isGetter="false" isSetter="false">
              <MetadataToken>100666849</MetadataToken>
              <Name>System.IAsyncResult IBM.Watson.DeveloperCloud.Services.RetrieveAndRank.v1.RetrieveAndRank/OnGetClusterStats::BeginInvoke(IBM.Watson.DeveloperCloud.Services.RetrieveAndRank.v1.StatsResponse,System.String,System.AsyncCallback,System.Object)</Name>
              <SequencePoints />
              <BranchPoints />
            </Method>
            <Method skippedDueTo="Unknown" visited="false" cyclomaticComplexity="0" nPathComplexity="0" sequenceCoverage="0" branchCoverage="0" isConstructor="false" isStatic="false" isGetter="false" isSetter="false">
              <MetadataToken>100666850</MetadataToken>
              <Name>System.Void IBM.Watson.DeveloperCloud.Services.RetrieveAndRank.v1.RetrieveAndRank/OnGetClusterStats::EndInvoke(System.IAsyncResult)</Name>
              <SequencePoints />
              <BranchPoints />
            </Method>
          </Methods>
        </Class>
        <Class>
          <Summary numSequencePoints="6" visitedSequencePoints="5" numBranchPoints="6" visitedBranchPoints="5" sequenceCoverage="83.33" branchCoverage="83.33" maxCyclomaticComplexity="1" minCyclomaticComplexity="1" visitedClasses="1" numClasses="1" visitedMethods="5" numMethods="6" />
          <FullName>IBM.Watson.DeveloperCloud.Services.RetrieveAndRank.v1.RetrieveAndRank/GetClusterStatsRequest</FullName>
          <Methods>
            <Method visited="true" cyclomaticComplexity="1" nPathComplexity="0" sequenceCoverage="100" branchCoverage="100" isConstructor="false" isStatic="false" isGetter="true" isSetter="false">
              <Summary numSequencePoints="1" visitedSequencePoints="1" numBranchPoints="1" visitedBranchPoints="1" sequenceCoverage="100" branchCoverage="100" maxCyclomaticComplexity="1" minCyclomaticComplexity="1" visitedClasses="0" numClasses="0" visitedMethods="1" numMethods="1" />
              <MetadataToken>100666851</MetadataToken>
              <Name>System.String IBM.Watson.DeveloperCloud.Services.RetrieveAndRank.v1.RetrieveAndRank/GetClusterStatsRequest::get_Data()</Name>
              <FileRef uid="211" />
              <SequencePoints>
                <SequencePoint vc="1" uspid="6544" ordinal="0" offset="0" sl="1219" sc="28" el="1219" ec="32" bec="0" bev="0" fileid="211" />
              </SequencePoints>
              <BranchPoints />
              <MethodPoint xsi:type="SequencePoint" vc="1" uspid="6544" ordinal="0" offset="0" sl="1219" sc="28" el="1219" ec="32" bec="0" bev="0" fileid="211" />
            </Method>
            <Method visited="true" cyclomaticComplexity="1" nPathComplexity="0" sequenceCoverage="100" branchCoverage="100" isConstructor="false" isStatic="false" isGetter="false" isSetter="true">
              <Summary numSequencePoints="1" visitedSequencePoints="1" numBranchPoints="1" visitedBranchPoints="1" sequenceCoverage="100" branchCoverage="100" maxCyclomaticComplexity="1" minCyclomaticComplexity="1" visitedClasses="0" numClasses="0" visitedMethods="1" numMethods="1" />
              <MetadataToken>100666852</MetadataToken>
              <Name>System.Void IBM.Watson.DeveloperCloud.Services.RetrieveAndRank.v1.RetrieveAndRank/GetClusterStatsRequest::set_Data(System.String)</Name>
              <FileRef uid="211" />
              <SequencePoints>
                <SequencePoint vc="1" uspid="6545" ordinal="0" offset="0" sl="1219" sc="33" el="1219" ec="37" bec="0" bev="0" fileid="211" />
              </SequencePoints>
              <BranchPoints />
              <MethodPoint xsi:type="SequencePoint" vc="1" uspid="6545" ordinal="0" offset="0" sl="1219" sc="33" el="1219" ec="37" bec="0" bev="0" fileid="211" />
            </Method>
            <Method visited="false" cyclomaticComplexity="1" nPathComplexity="0" sequenceCoverage="0" branchCoverage="0" isConstructor="false" isStatic="false" isGetter="true" isSetter="false">
              <Summary numSequencePoints="1" visitedSequencePoints="0" numBranchPoints="1" visitedBranchPoints="0" sequenceCoverage="0" branchCoverage="0" maxCyclomaticComplexity="1" minCyclomaticComplexity="1" visitedClasses="0" numClasses="0" visitedMethods="0" numMethods="1" />
              <MetadataToken>100666853</MetadataToken>
              <Name>System.String IBM.Watson.DeveloperCloud.Services.RetrieveAndRank.v1.RetrieveAndRank/GetClusterStatsRequest::get_ClusterID()</Name>
              <FileRef uid="211" />
              <SequencePoints>
                <SequencePoint vc="0" uspid="6546" ordinal="0" offset="0" sl="1223" sc="33" el="1223" ec="37" bec="0" bev="0" fileid="211" />
              </SequencePoints>
              <BranchPoints />
              <MethodPoint xsi:type="SequencePoint" vc="0" uspid="6546" ordinal="0" offset="0" sl="1223" sc="33" el="1223" ec="37" bec="0" bev="0" fileid="211" />
            </Method>
            <Method visited="true" cyclomaticComplexity="1" nPathComplexity="0" sequenceCoverage="100" branchCoverage="100" isConstructor="false" isStatic="false" isGetter="false" isSetter="true">
              <Summary numSequencePoints="1" visitedSequencePoints="1" numBranchPoints="1" visitedBranchPoints="1" sequenceCoverage="100" branchCoverage="100" maxCyclomaticComplexity="1" minCyclomaticComplexity="1" visitedClasses="0" numClasses="0" visitedMethods="1" numMethods="1" />
              <MetadataToken>100666854</MetadataToken>
              <Name>System.Void IBM.Watson.DeveloperCloud.Services.RetrieveAndRank.v1.RetrieveAndRank/GetClusterStatsRequest::set_ClusterID(System.String)</Name>
              <FileRef uid="211" />
              <SequencePoints>
                <SequencePoint vc="1" uspid="6547" ordinal="0" offset="0" sl="1223" sc="38" el="1223" ec="42" bec="0" bev="0" fileid="211" />
              </SequencePoints>
              <BranchPoints />
              <MethodPoint xsi:type="SequencePoint" vc="1" uspid="6547" ordinal="0" offset="0" sl="1223" sc="38" el="1223" ec="42" bec="0" bev="0" fileid="211" />
            </Method>
            <Method visited="true" cyclomaticComplexity="1" nPathComplexity="0" sequenceCoverage="100" branchCoverage="100" isConstructor="false" isStatic="false" isGetter="true" isSetter="false">
              <Summary numSequencePoints="1" visitedSequencePoints="1" numBranchPoints="1" visitedBranchPoints="1" sequenceCoverage="100" branchCoverage="100" maxCyclomaticComplexity="1" minCyclomaticComplexity="1" visitedClasses="0" numClasses="0" visitedMethods="1" numMethods="1" />
              <MetadataToken>100666855</MetadataToken>
              <Name>IBM.Watson.DeveloperCloud.Services.RetrieveAndRank.v1.RetrieveAndRank/OnGetClusterStats IBM.Watson.DeveloperCloud.Services.RetrieveAndRank.v1.RetrieveAndRank/GetClusterStatsRequest::get_Callback()</Name>
              <FileRef uid="211" />
              <SequencePoints>
                <SequencePoint vc="2" uspid="6548" ordinal="0" offset="0" sl="1227" sc="43" el="1227" ec="47" bec="0" bev="0" fileid="211" />
              </SequencePoints>
              <BranchPoints />
              <MethodPoint xsi:type="SequencePoint" vc="2" uspid="6548" ordinal="0" offset="0" sl="1227" sc="43" el="1227" ec="47" bec="0" bev="0" fileid="211" />
            </Method>
            <Method visited="true" cyclomaticComplexity="1" nPathComplexity="0" sequenceCoverage="100" branchCoverage="100" isConstructor="false" isStatic="false" isGetter="false" isSetter="true">
              <Summary numSequencePoints="1" visitedSequencePoints="1" numBranchPoints="1" visitedBranchPoints="1" sequenceCoverage="100" branchCoverage="100" maxCyclomaticComplexity="1" minCyclomaticComplexity="1" visitedClasses="0" numClasses="0" visitedMethods="1" numMethods="1" />
              <MetadataToken>100666856</MetadataToken>
              <Name>System.Void IBM.Watson.DeveloperCloud.Services.RetrieveAndRank.v1.RetrieveAndRank/GetClusterStatsRequest::set_Callback(IBM.Watson.DeveloperCloud.Services.RetrieveAndRank.v1.RetrieveAndRank/OnGetClusterStats)</Name>
              <FileRef uid="211" />
              <SequencePoints>
                <SequencePoint vc="1" uspid="6549" ordinal="0" offset="0" sl="1227" sc="48" el="1227" ec="52" bec="0" bev="0" fileid="211" />
              </SequencePoints>
              <BranchPoints />
              <MethodPoint xsi:type="SequencePoint" vc="1" uspid="6549" ordinal="0" offset="0" sl="1227" sc="48" el="1227" ec="52" bec="0" bev="0" fileid="211" />
            </Method>
            <Method visited="true" cyclomaticComplexity="1" nPathComplexity="0" sequenceCoverage="0" branchCoverage="0" isConstructor="true" isStatic="false" isGetter="false" isSetter="false">
              <Summary numSequencePoints="0" visitedSequencePoints="0" numBranchPoints="0" visitedBranchPoints="0" sequenceCoverage="0" branchCoverage="0" maxCyclomaticComplexity="1" minCyclomaticComplexity="1" visitedClasses="0" numClasses="0" visitedMethods="0" numMethods="0" />
              <MetadataToken>100666857</MetadataToken>
              <Name>System.Void IBM.Watson.DeveloperCloud.Services.RetrieveAndRank.v1.RetrieveAndRank/GetClusterStatsRequest::.ctor()</Name>
              <SequencePoints />
              <BranchPoints />
              <MethodPoint vc="1" uspid="6550" ordinal="0" offset="0" />
            </Method>
          </Methods>
        </Class>
        <Class>
          <Summary numSequencePoints="0" visitedSequencePoints="0" numBranchPoints="0" visitedBranchPoints="0" sequenceCoverage="0" branchCoverage="0" maxCyclomaticComplexity="0" minCyclomaticComplexity="0" visitedClasses="0" numClasses="0" visitedMethods="0" numMethods="0" />
          <FullName>IBM.Watson.DeveloperCloud.Services.RetrieveAndRank.v1.RetrieveAndRank/OnGetClusterResizeStatus</FullName>
          <Methods>
            <Method skippedDueTo="Unknown" visited="false" cyclomaticComplexity="0" nPathComplexity="0" sequenceCoverage="0" branchCoverage="0" isConstructor="true" isStatic="false" isGetter="false" isSetter="false">
              <MetadataToken>100666858</MetadataToken>
              <Name>System.Void IBM.Watson.DeveloperCloud.Services.RetrieveAndRank.v1.RetrieveAndRank/OnGetClusterResizeStatus::.ctor(System.Object,System.IntPtr)</Name>
              <SequencePoints />
              <BranchPoints />
            </Method>
            <Method skippedDueTo="Unknown" visited="false" cyclomaticComplexity="0" nPathComplexity="0" sequenceCoverage="0" branchCoverage="0" isConstructor="false" isStatic="false" isGetter="false" isSetter="false">
              <MetadataToken>100666859</MetadataToken>
              <Name>System.Void IBM.Watson.DeveloperCloud.Services.RetrieveAndRank.v1.RetrieveAndRank/OnGetClusterResizeStatus::Invoke(IBM.Watson.DeveloperCloud.Services.RetrieveAndRank.v1.ResizeResponse,System.String)</Name>
              <SequencePoints />
              <BranchPoints />
            </Method>
            <Method skippedDueTo="Unknown" visited="false" cyclomaticComplexity="0" nPathComplexity="0" sequenceCoverage="0" branchCoverage="0" isConstructor="false" isStatic="false" isGetter="false" isSetter="false">
              <MetadataToken>100666860</MetadataToken>
              <Name>System.IAsyncResult IBM.Watson.DeveloperCloud.Services.RetrieveAndRank.v1.RetrieveAndRank/OnGetClusterResizeStatus::BeginInvoke(IBM.Watson.DeveloperCloud.Services.RetrieveAndRank.v1.ResizeResponse,System.String,System.AsyncCallback,System.Object)</Name>
              <SequencePoints />
              <BranchPoints />
            </Method>
            <Method skippedDueTo="Unknown" visited="false" cyclomaticComplexity="0" nPathComplexity="0" sequenceCoverage="0" branchCoverage="0" isConstructor="false" isStatic="false" isGetter="false" isSetter="false">
              <MetadataToken>100666861</MetadataToken>
              <Name>System.Void IBM.Watson.DeveloperCloud.Services.RetrieveAndRank.v1.RetrieveAndRank/OnGetClusterResizeStatus::EndInvoke(System.IAsyncResult)</Name>
              <SequencePoints />
              <BranchPoints />
            </Method>
          </Methods>
        </Class>
        <Class>
          <Summary numSequencePoints="6" visitedSequencePoints="5" numBranchPoints="6" visitedBranchPoints="5" sequenceCoverage="83.33" branchCoverage="83.33" maxCyclomaticComplexity="1" minCyclomaticComplexity="1" visitedClasses="1" numClasses="1" visitedMethods="5" numMethods="6" />
          <FullName>IBM.Watson.DeveloperCloud.Services.RetrieveAndRank.v1.RetrieveAndRank/GetClusterResizeStatusRequest</FullName>
          <Methods>
            <Method visited="true" cyclomaticComplexity="1" nPathComplexity="0" sequenceCoverage="100" branchCoverage="100" isConstructor="false" isStatic="false" isGetter="true" isSetter="false">
              <Summary numSequencePoints="1" visitedSequencePoints="1" numBranchPoints="1" visitedBranchPoints="1" sequenceCoverage="100" branchCoverage="100" maxCyclomaticComplexity="1" minCyclomaticComplexity="1" visitedClasses="0" numClasses="0" visitedMethods="1" numMethods="1" />
              <MetadataToken>100666862</MetadataToken>
              <Name>System.String IBM.Watson.DeveloperCloud.Services.RetrieveAndRank.v1.RetrieveAndRank/GetClusterResizeStatusRequest::get_Data()</Name>
              <FileRef uid="211" />
              <SequencePoints>
                <SequencePoint vc="1" uspid="6551" ordinal="0" offset="0" sl="1303" sc="28" el="1303" ec="32" bec="0" bev="0" fileid="211" />
              </SequencePoints>
              <BranchPoints />
              <MethodPoint xsi:type="SequencePoint" vc="1" uspid="6551" ordinal="0" offset="0" sl="1303" sc="28" el="1303" ec="32" bec="0" bev="0" fileid="211" />
            </Method>
            <Method visited="true" cyclomaticComplexity="1" nPathComplexity="0" sequenceCoverage="100" branchCoverage="100" isConstructor="false" isStatic="false" isGetter="false" isSetter="true">
              <Summary numSequencePoints="1" visitedSequencePoints="1" numBranchPoints="1" visitedBranchPoints="1" sequenceCoverage="100" branchCoverage="100" maxCyclomaticComplexity="1" minCyclomaticComplexity="1" visitedClasses="0" numClasses="0" visitedMethods="1" numMethods="1" />
              <MetadataToken>100666863</MetadataToken>
              <Name>System.Void IBM.Watson.DeveloperCloud.Services.RetrieveAndRank.v1.RetrieveAndRank/GetClusterResizeStatusRequest::set_Data(System.String)</Name>
              <FileRef uid="211" />
              <SequencePoints>
                <SequencePoint vc="1" uspid="6552" ordinal="0" offset="0" sl="1303" sc="33" el="1303" ec="37" bec="0" bev="0" fileid="211" />
              </SequencePoints>
              <BranchPoints />
              <MethodPoint xsi:type="SequencePoint" vc="1" uspid="6552" ordinal="0" offset="0" sl="1303" sc="33" el="1303" ec="37" bec="0" bev="0" fileid="211" />
            </Method>
            <Method visited="false" cyclomaticComplexity="1" nPathComplexity="0" sequenceCoverage="0" branchCoverage="0" isConstructor="false" isStatic="false" isGetter="true" isSetter="false">
              <Summary numSequencePoints="1" visitedSequencePoints="0" numBranchPoints="1" visitedBranchPoints="0" sequenceCoverage="0" branchCoverage="0" maxCyclomaticComplexity="1" minCyclomaticComplexity="1" visitedClasses="0" numClasses="0" visitedMethods="0" numMethods="1" />
              <MetadataToken>100666864</MetadataToken>
              <Name>System.String IBM.Watson.DeveloperCloud.Services.RetrieveAndRank.v1.RetrieveAndRank/GetClusterResizeStatusRequest::get_ClusterID()</Name>
              <FileRef uid="211" />
              <SequencePoints>
                <SequencePoint vc="0" uspid="6553" ordinal="0" offset="0" sl="1307" sc="33" el="1307" ec="37" bec="0" bev="0" fileid="211" />
              </SequencePoints>
              <BranchPoints />
              <MethodPoint xsi:type="SequencePoint" vc="0" uspid="6553" ordinal="0" offset="0" sl="1307" sc="33" el="1307" ec="37" bec="0" bev="0" fileid="211" />
            </Method>
            <Method visited="true" cyclomaticComplexity="1" nPathComplexity="0" sequenceCoverage="100" branchCoverage="100" isConstructor="false" isStatic="false" isGetter="false" isSetter="true">
              <Summary numSequencePoints="1" visitedSequencePoints="1" numBranchPoints="1" visitedBranchPoints="1" sequenceCoverage="100" branchCoverage="100" maxCyclomaticComplexity="1" minCyclomaticComplexity="1" visitedClasses="0" numClasses="0" visitedMethods="1" numMethods="1" />
              <MetadataToken>100666865</MetadataToken>
              <Name>System.Void IBM.Watson.DeveloperCloud.Services.RetrieveAndRank.v1.RetrieveAndRank/GetClusterResizeStatusRequest::set_ClusterID(System.String)</Name>
              <FileRef uid="211" />
              <SequencePoints>
                <SequencePoint vc="1" uspid="6554" ordinal="0" offset="0" sl="1307" sc="38" el="1307" ec="42" bec="0" bev="0" fileid="211" />
              </SequencePoints>
              <BranchPoints />
              <MethodPoint xsi:type="SequencePoint" vc="1" uspid="6554" ordinal="0" offset="0" sl="1307" sc="38" el="1307" ec="42" bec="0" bev="0" fileid="211" />
            </Method>
            <Method visited="true" cyclomaticComplexity="1" nPathComplexity="0" sequenceCoverage="100" branchCoverage="100" isConstructor="false" isStatic="false" isGetter="true" isSetter="false">
              <Summary numSequencePoints="1" visitedSequencePoints="1" numBranchPoints="1" visitedBranchPoints="1" sequenceCoverage="100" branchCoverage="100" maxCyclomaticComplexity="1" minCyclomaticComplexity="1" visitedClasses="0" numClasses="0" visitedMethods="1" numMethods="1" />
              <MetadataToken>100666866</MetadataToken>
              <Name>IBM.Watson.DeveloperCloud.Services.RetrieveAndRank.v1.RetrieveAndRank/OnGetClusterResizeStatus IBM.Watson.DeveloperCloud.Services.RetrieveAndRank.v1.RetrieveAndRank/GetClusterResizeStatusRequest::get_Callback()</Name>
              <FileRef uid="211" />
              <SequencePoints>
                <SequencePoint vc="2" uspid="6555" ordinal="0" offset="0" sl="1311" sc="50" el="1311" ec="54" bec="0" bev="0" fileid="211" />
              </SequencePoints>
              <BranchPoints />
              <MethodPoint xsi:type="SequencePoint" vc="2" uspid="6555" ordinal="0" offset="0" sl="1311" sc="50" el="1311" ec="54" bec="0" bev="0" fileid="211" />
            </Method>
            <Method visited="true" cyclomaticComplexity="1" nPathComplexity="0" sequenceCoverage="100" branchCoverage="100" isConstructor="false" isStatic="false" isGetter="false" isSetter="true">
              <Summary numSequencePoints="1" visitedSequencePoints="1" numBranchPoints="1" visitedBranchPoints="1" sequenceCoverage="100" branchCoverage="100" maxCyclomaticComplexity="1" minCyclomaticComplexity="1" visitedClasses="0" numClasses="0" visitedMethods="1" numMethods="1" />
              <MetadataToken>100666867</MetadataToken>
              <Name>System.Void IBM.Watson.DeveloperCloud.Services.RetrieveAndRank.v1.RetrieveAndRank/GetClusterResizeStatusRequest::set_Callback(IBM.Watson.DeveloperCloud.Services.RetrieveAndRank.v1.RetrieveAndRank/OnGetClusterResizeStatus)</Name>
              <FileRef uid="211" />
              <SequencePoints>
                <SequencePoint vc="1" uspid="6556" ordinal="0" offset="0" sl="1311" sc="55" el="1311" ec="59" bec="0" bev="0" fileid="211" />
              </SequencePoints>
              <BranchPoints />
              <MethodPoint xsi:type="SequencePoint" vc="1" uspid="6556" ordinal="0" offset="0" sl="1311" sc="55" el="1311" ec="59" bec="0" bev="0" fileid="211" />
            </Method>
            <Method visited="true" cyclomaticComplexity="1" nPathComplexity="0" sequenceCoverage="0" branchCoverage="0" isConstructor="true" isStatic="false" isGetter="false" isSetter="false">
              <Summary numSequencePoints="0" visitedSequencePoints="0" numBranchPoints="0" visitedBranchPoints="0" sequenceCoverage="0" branchCoverage="0" maxCyclomaticComplexity="1" minCyclomaticComplexity="1" visitedClasses="0" numClasses="0" visitedMethods="0" numMethods="0" />
              <MetadataToken>100666868</MetadataToken>
              <Name>System.Void IBM.Watson.DeveloperCloud.Services.RetrieveAndRank.v1.RetrieveAndRank/GetClusterResizeStatusRequest::.ctor()</Name>
              <SequencePoints />
              <BranchPoints />
              <MethodPoint vc="1" uspid="6557" ordinal="0" offset="0" />
            </Method>
          </Methods>
        </Class>
        <Class>
          <Summary numSequencePoints="0" visitedSequencePoints="0" numBranchPoints="0" visitedBranchPoints="0" sequenceCoverage="0" branchCoverage="0" maxCyclomaticComplexity="0" minCyclomaticComplexity="0" visitedClasses="0" numClasses="0" visitedMethods="0" numMethods="0" />
          <FullName>IBM.Watson.DeveloperCloud.Services.RetrieveAndRank.v1.RetrieveAndRank/OnResizeCluster</FullName>
          <Methods>
            <Method skippedDueTo="Unknown" visited="false" cyclomaticComplexity="0" nPathComplexity="0" sequenceCoverage="0" branchCoverage="0" isConstructor="true" isStatic="false" isGetter="false" isSetter="false">
              <MetadataToken>100666869</MetadataToken>
              <Name>System.Void IBM.Watson.DeveloperCloud.Services.RetrieveAndRank.v1.RetrieveAndRank/OnResizeCluster::.ctor(System.Object,System.IntPtr)</Name>
              <SequencePoints />
              <BranchPoints />
            </Method>
            <Method skippedDueTo="Unknown" visited="false" cyclomaticComplexity="0" nPathComplexity="0" sequenceCoverage="0" branchCoverage="0" isConstructor="false" isStatic="false" isGetter="false" isSetter="false">
              <MetadataToken>100666870</MetadataToken>
              <Name>System.Void IBM.Watson.DeveloperCloud.Services.RetrieveAndRank.v1.RetrieveAndRank/OnResizeCluster::Invoke(IBM.Watson.DeveloperCloud.Services.RetrieveAndRank.v1.ResizeResponse,System.String)</Name>
              <SequencePoints />
              <BranchPoints />
            </Method>
            <Method skippedDueTo="Unknown" visited="false" cyclomaticComplexity="0" nPathComplexity="0" sequenceCoverage="0" branchCoverage="0" isConstructor="false" isStatic="false" isGetter="false" isSetter="false">
              <MetadataToken>100666871</MetadataToken>
              <Name>System.IAsyncResult IBM.Watson.DeveloperCloud.Services.RetrieveAndRank.v1.RetrieveAndRank/OnResizeCluster::BeginInvoke(IBM.Watson.DeveloperCloud.Services.RetrieveAndRank.v1.ResizeResponse,System.String,System.AsyncCallback,System.Object)</Name>
              <SequencePoints />
              <BranchPoints />
            </Method>
            <Method skippedDueTo="Unknown" visited="false" cyclomaticComplexity="0" nPathComplexity="0" sequenceCoverage="0" branchCoverage="0" isConstructor="false" isStatic="false" isGetter="false" isSetter="false">
              <MetadataToken>100666872</MetadataToken>
              <Name>System.Void IBM.Watson.DeveloperCloud.Services.RetrieveAndRank.v1.RetrieveAndRank/OnResizeCluster::EndInvoke(System.IAsyncResult)</Name>
              <SequencePoints />
              <BranchPoints />
            </Method>
          </Methods>
        </Class>
        <Class>
          <Summary numSequencePoints="8" visitedSequencePoints="6" numBranchPoints="8" visitedBranchPoints="6" sequenceCoverage="75" branchCoverage="75" maxCyclomaticComplexity="1" minCyclomaticComplexity="1" visitedClasses="1" numClasses="1" visitedMethods="6" numMethods="8" />
          <FullName>IBM.Watson.DeveloperCloud.Services.RetrieveAndRank.v1.RetrieveAndRank/ResizeClusterRequest</FullName>
          <Methods>
            <Method visited="true" cyclomaticComplexity="1" nPathComplexity="0" sequenceCoverage="100" branchCoverage="100" isConstructor="false" isStatic="false" isGetter="true" isSetter="false">
              <Summary numSequencePoints="1" visitedSequencePoints="1" numBranchPoints="1" visitedBranchPoints="1" sequenceCoverage="100" branchCoverage="100" maxCyclomaticComplexity="1" minCyclomaticComplexity="1" visitedClasses="0" numClasses="0" visitedMethods="1" numMethods="1" />
              <MetadataToken>100666873</MetadataToken>
              <Name>System.String IBM.Watson.DeveloperCloud.Services.RetrieveAndRank.v1.RetrieveAndRank/ResizeClusterRequest::get_Data()</Name>
              <FileRef uid="211" />
              <SequencePoints>
                <SequencePoint vc="1" uspid="6558" ordinal="0" offset="0" sl="1400" sc="28" el="1400" ec="32" bec="0" bev="0" fileid="211" />
              </SequencePoints>
              <BranchPoints />
              <MethodPoint xsi:type="SequencePoint" vc="1" uspid="6558" ordinal="0" offset="0" sl="1400" sc="28" el="1400" ec="32" bec="0" bev="0" fileid="211" />
            </Method>
            <Method visited="true" cyclomaticComplexity="1" nPathComplexity="0" sequenceCoverage="100" branchCoverage="100" isConstructor="false" isStatic="false" isGetter="false" isSetter="true">
              <Summary numSequencePoints="1" visitedSequencePoints="1" numBranchPoints="1" visitedBranchPoints="1" sequenceCoverage="100" branchCoverage="100" maxCyclomaticComplexity="1" minCyclomaticComplexity="1" visitedClasses="0" numClasses="0" visitedMethods="1" numMethods="1" />
              <MetadataToken>100666874</MetadataToken>
              <Name>System.Void IBM.Watson.DeveloperCloud.Services.RetrieveAndRank.v1.RetrieveAndRank/ResizeClusterRequest::set_Data(System.String)</Name>
              <FileRef uid="211" />
              <SequencePoints>
                <SequencePoint vc="1" uspid="6559" ordinal="0" offset="0" sl="1400" sc="33" el="1400" ec="37" bec="0" bev="0" fileid="211" />
              </SequencePoints>
              <BranchPoints />
              <MethodPoint xsi:type="SequencePoint" vc="1" uspid="6559" ordinal="0" offset="0" sl="1400" sc="33" el="1400" ec="37" bec="0" bev="0" fileid="211" />
            </Method>
            <Method visited="false" cyclomaticComplexity="1" nPathComplexity="0" sequenceCoverage="0" branchCoverage="0" isConstructor="false" isStatic="false" isGetter="true" isSetter="false">
              <Summary numSequencePoints="1" visitedSequencePoints="0" numBranchPoints="1" visitedBranchPoints="0" sequenceCoverage="0" branchCoverage="0" maxCyclomaticComplexity="1" minCyclomaticComplexity="1" visitedClasses="0" numClasses="0" visitedMethods="0" numMethods="1" />
              <MetadataToken>100666875</MetadataToken>
              <Name>System.String IBM.Watson.DeveloperCloud.Services.RetrieveAndRank.v1.RetrieveAndRank/ResizeClusterRequest::get_ClusterID()</Name>
              <FileRef uid="211" />
              <SequencePoints>
                <SequencePoint vc="0" uspid="6560" ordinal="0" offset="0" sl="1404" sc="33" el="1404" ec="37" bec="0" bev="0" fileid="211" />
              </SequencePoints>
              <BranchPoints />
              <MethodPoint xsi:type="SequencePoint" vc="0" uspid="6560" ordinal="0" offset="0" sl="1404" sc="33" el="1404" ec="37" bec="0" bev="0" fileid="211" />
            </Method>
            <Method visited="true" cyclomaticComplexity="1" nPathComplexity="0" sequenceCoverage="100" branchCoverage="100" isConstructor="false" isStatic="false" isGetter="false" isSetter="true">
              <Summary numSequencePoints="1" visitedSequencePoints="1" numBranchPoints="1" visitedBranchPoints="1" sequenceCoverage="100" branchCoverage="100" maxCyclomaticComplexity="1" minCyclomaticComplexity="1" visitedClasses="0" numClasses="0" visitedMethods="1" numMethods="1" />
              <MetadataToken>100666876</MetadataToken>
              <Name>System.Void IBM.Watson.DeveloperCloud.Services.RetrieveAndRank.v1.RetrieveAndRank/ResizeClusterRequest::set_ClusterID(System.String)</Name>
              <FileRef uid="211" />
              <SequencePoints>
                <SequencePoint vc="1" uspid="6561" ordinal="0" offset="0" sl="1404" sc="38" el="1404" ec="42" bec="0" bev="0" fileid="211" />
              </SequencePoints>
              <BranchPoints />
              <MethodPoint xsi:type="SequencePoint" vc="1" uspid="6561" ordinal="0" offset="0" sl="1404" sc="38" el="1404" ec="42" bec="0" bev="0" fileid="211" />
            </Method>
            <Method visited="false" cyclomaticComplexity="1" nPathComplexity="0" sequenceCoverage="0" branchCoverage="0" isConstructor="false" isStatic="false" isGetter="true" isSetter="false">
              <Summary numSequencePoints="1" visitedSequencePoints="0" numBranchPoints="1" visitedBranchPoints="0" sequenceCoverage="0" branchCoverage="0" maxCyclomaticComplexity="1" minCyclomaticComplexity="1" visitedClasses="0" numClasses="0" visitedMethods="0" numMethods="1" />
              <MetadataToken>100666877</MetadataToken>
              <Name>System.Int32 IBM.Watson.DeveloperCloud.Services.RetrieveAndRank.v1.RetrieveAndRank/ResizeClusterRequest::get_NewClusterSize()</Name>
              <FileRef uid="211" />
              <SequencePoints>
                <SequencePoint vc="0" uspid="6562" ordinal="0" offset="0" sl="1409" sc="35" el="1409" ec="39" bec="0" bev="0" fileid="211" />
              </SequencePoints>
              <BranchPoints />
              <MethodPoint xsi:type="SequencePoint" vc="0" uspid="6562" ordinal="0" offset="0" sl="1409" sc="35" el="1409" ec="39" bec="0" bev="0" fileid="211" />
            </Method>
            <Method visited="true" cyclomaticComplexity="1" nPathComplexity="0" sequenceCoverage="100" branchCoverage="100" isConstructor="false" isStatic="false" isGetter="false" isSetter="true">
              <Summary numSequencePoints="1" visitedSequencePoints="1" numBranchPoints="1" visitedBranchPoints="1" sequenceCoverage="100" branchCoverage="100" maxCyclomaticComplexity="1" minCyclomaticComplexity="1" visitedClasses="0" numClasses="0" visitedMethods="1" numMethods="1" />
              <MetadataToken>100666878</MetadataToken>
              <Name>System.Void IBM.Watson.DeveloperCloud.Services.RetrieveAndRank.v1.RetrieveAndRank/ResizeClusterRequest::set_NewClusterSize(System.Int32)</Name>
              <FileRef uid="211" />
              <SequencePoints>
                <SequencePoint vc="1" uspid="6563" ordinal="0" offset="0" sl="1409" sc="40" el="1409" ec="44" bec="0" bev="0" fileid="211" />
              </SequencePoints>
              <BranchPoints />
              <MethodPoint xsi:type="SequencePoint" vc="1" uspid="6563" ordinal="0" offset="0" sl="1409" sc="40" el="1409" ec="44" bec="0" bev="0" fileid="211" />
            </Method>
            <Method visited="true" cyclomaticComplexity="1" nPathComplexity="0" sequenceCoverage="100" branchCoverage="100" isConstructor="false" isStatic="false" isGetter="true" isSetter="false">
              <Summary numSequencePoints="1" visitedSequencePoints="1" numBranchPoints="1" visitedBranchPoints="1" sequenceCoverage="100" branchCoverage="100" maxCyclomaticComplexity="1" minCyclomaticComplexity="1" visitedClasses="0" numClasses="0" visitedMethods="1" numMethods="1" />
              <MetadataToken>100666879</MetadataToken>
              <Name>IBM.Watson.DeveloperCloud.Services.RetrieveAndRank.v1.RetrieveAndRank/OnResizeCluster IBM.Watson.DeveloperCloud.Services.RetrieveAndRank.v1.RetrieveAndRank/ResizeClusterRequest::get_Callback()</Name>
              <FileRef uid="211" />
              <SequencePoints>
                <SequencePoint vc="2" uspid="6564" ordinal="0" offset="0" sl="1413" sc="41" el="1413" ec="45" bec="0" bev="0" fileid="211" />
              </SequencePoints>
              <BranchPoints />
              <MethodPoint xsi:type="SequencePoint" vc="2" uspid="6564" ordinal="0" offset="0" sl="1413" sc="41" el="1413" ec="45" bec="0" bev="0" fileid="211" />
            </Method>
            <Method visited="true" cyclomaticComplexity="1" nPathComplexity="0" sequenceCoverage="100" branchCoverage="100" isConstructor="false" isStatic="false" isGetter="false" isSetter="true">
              <Summary numSequencePoints="1" visitedSequencePoints="1" numBranchPoints="1" visitedBranchPoints="1" sequenceCoverage="100" branchCoverage="100" maxCyclomaticComplexity="1" minCyclomaticComplexity="1" visitedClasses="0" numClasses="0" visitedMethods="1" numMethods="1" />
              <MetadataToken>100666880</MetadataToken>
              <Name>System.Void IBM.Watson.DeveloperCloud.Services.RetrieveAndRank.v1.RetrieveAndRank/ResizeClusterRequest::set_Callback(IBM.Watson.DeveloperCloud.Services.RetrieveAndRank.v1.RetrieveAndRank/OnResizeCluster)</Name>
              <FileRef uid="211" />
              <SequencePoints>
                <SequencePoint vc="1" uspid="6565" ordinal="0" offset="0" sl="1413" sc="46" el="1413" ec="50" bec="0" bev="0" fileid="211" />
              </SequencePoints>
              <BranchPoints />
              <MethodPoint xsi:type="SequencePoint" vc="1" uspid="6565" ordinal="0" offset="0" sl="1413" sc="46" el="1413" ec="50" bec="0" bev="0" fileid="211" />
            </Method>
            <Method visited="true" cyclomaticComplexity="1" nPathComplexity="0" sequenceCoverage="0" branchCoverage="0" isConstructor="true" isStatic="false" isGetter="false" isSetter="false">
              <Summary numSequencePoints="0" visitedSequencePoints="0" numBranchPoints="0" visitedBranchPoints="0" sequenceCoverage="0" branchCoverage="0" maxCyclomaticComplexity="1" minCyclomaticComplexity="1" visitedClasses="0" numClasses="0" visitedMethods="0" numMethods="0" />
              <MetadataToken>100666881</MetadataToken>
              <Name>System.Void IBM.Watson.DeveloperCloud.Services.RetrieveAndRank.v1.RetrieveAndRank/ResizeClusterRequest::.ctor()</Name>
              <SequencePoints />
              <BranchPoints />
              <MethodPoint vc="1" uspid="6566" ordinal="0" offset="0" />
            </Method>
          </Methods>
        </Class>
        <Class>
          <Summary numSequencePoints="0" visitedSequencePoints="0" numBranchPoints="0" visitedBranchPoints="0" sequenceCoverage="0" branchCoverage="0" maxCyclomaticComplexity="0" minCyclomaticComplexity="0" visitedClasses="0" numClasses="0" visitedMethods="0" numMethods="0" />
          <FullName>IBM.Watson.DeveloperCloud.Services.RetrieveAndRank.v1.RetrieveAndRank/OnGetRankers</FullName>
          <Methods>
            <Method skippedDueTo="Unknown" visited="false" cyclomaticComplexity="0" nPathComplexity="0" sequenceCoverage="0" branchCoverage="0" isConstructor="true" isStatic="false" isGetter="false" isSetter="false">
              <MetadataToken>100666882</MetadataToken>
              <Name>System.Void IBM.Watson.DeveloperCloud.Services.RetrieveAndRank.v1.RetrieveAndRank/OnGetRankers::.ctor(System.Object,System.IntPtr)</Name>
              <SequencePoints />
              <BranchPoints />
            </Method>
            <Method skippedDueTo="Unknown" visited="false" cyclomaticComplexity="0" nPathComplexity="0" sequenceCoverage="0" branchCoverage="0" isConstructor="false" isStatic="false" isGetter="false" isSetter="false">
              <MetadataToken>100666883</MetadataToken>
              <Name>System.Void IBM.Watson.DeveloperCloud.Services.RetrieveAndRank.v1.RetrieveAndRank/OnGetRankers::Invoke(IBM.Watson.DeveloperCloud.Services.RetrieveAndRank.v1.ListRankersPayload,System.String)</Name>
              <SequencePoints />
              <BranchPoints />
            </Method>
            <Method skippedDueTo="Unknown" visited="false" cyclomaticComplexity="0" nPathComplexity="0" sequenceCoverage="0" branchCoverage="0" isConstructor="false" isStatic="false" isGetter="false" isSetter="false">
              <MetadataToken>100666884</MetadataToken>
              <Name>System.IAsyncResult IBM.Watson.DeveloperCloud.Services.RetrieveAndRank.v1.RetrieveAndRank/OnGetRankers::BeginInvoke(IBM.Watson.DeveloperCloud.Services.RetrieveAndRank.v1.ListRankersPayload,System.String,System.AsyncCallback,System.Object)</Name>
              <SequencePoints />
              <BranchPoints />
            </Method>
            <Method skippedDueTo="Unknown" visited="false" cyclomaticComplexity="0" nPathComplexity="0" sequenceCoverage="0" branchCoverage="0" isConstructor="false" isStatic="false" isGetter="false" isSetter="false">
              <MetadataToken>100666885</MetadataToken>
              <Name>System.Void IBM.Watson.DeveloperCloud.Services.RetrieveAndRank.v1.RetrieveAndRank/OnGetRankers::EndInvoke(System.IAsyncResult)</Name>
              <SequencePoints />
              <BranchPoints />
            </Method>
          </Methods>
        </Class>
        <Class>
          <Summary numSequencePoints="4" visitedSequencePoints="4" numBranchPoints="4" visitedBranchPoints="4" sequenceCoverage="100" branchCoverage="100" maxCyclomaticComplexity="1" minCyclomaticComplexity="1" visitedClasses="1" numClasses="1" visitedMethods="4" numMethods="4" />
          <FullName>IBM.Watson.DeveloperCloud.Services.RetrieveAndRank.v1.RetrieveAndRank/GetRankersRequest</FullName>
          <Methods>
            <Method visited="true" cyclomaticComplexity="1" nPathComplexity="0" sequenceCoverage="100" branchCoverage="100" isConstructor="false" isStatic="false" isGetter="true" isSetter="false">
              <Summary numSequencePoints="1" visitedSequencePoints="1" numBranchPoints="1" visitedBranchPoints="1" sequenceCoverage="100" branchCoverage="100" maxCyclomaticComplexity="1" minCyclomaticComplexity="1" visitedClasses="0" numClasses="0" visitedMethods="1" numMethods="1" />
              <MetadataToken>100666886</MetadataToken>
              <Name>System.String IBM.Watson.DeveloperCloud.Services.RetrieveAndRank.v1.RetrieveAndRank/GetRankersRequest::get_Data()</Name>
              <FileRef uid="211" />
              <SequencePoints>
                <SequencePoint vc="1" uspid="6567" ordinal="0" offset="0" sl="1486" sc="28" el="1486" ec="32" bec="0" bev="0" fileid="211" />
              </SequencePoints>
              <BranchPoints />
              <MethodPoint xsi:type="SequencePoint" vc="1" uspid="6567" ordinal="0" offset="0" sl="1486" sc="28" el="1486" ec="32" bec="0" bev="0" fileid="211" />
            </Method>
            <Method visited="true" cyclomaticComplexity="1" nPathComplexity="0" sequenceCoverage="100" branchCoverage="100" isConstructor="false" isStatic="false" isGetter="false" isSetter="true">
              <Summary numSequencePoints="1" visitedSequencePoints="1" numBranchPoints="1" visitedBranchPoints="1" sequenceCoverage="100" branchCoverage="100" maxCyclomaticComplexity="1" minCyclomaticComplexity="1" visitedClasses="0" numClasses="0" visitedMethods="1" numMethods="1" />
              <MetadataToken>100666887</MetadataToken>
              <Name>System.Void IBM.Watson.DeveloperCloud.Services.RetrieveAndRank.v1.RetrieveAndRank/GetRankersRequest::set_Data(System.String)</Name>
              <FileRef uid="211" />
              <SequencePoints>
                <SequencePoint vc="1" uspid="6568" ordinal="0" offset="0" sl="1486" sc="33" el="1486" ec="37" bec="0" bev="0" fileid="211" />
              </SequencePoints>
              <BranchPoints />
              <MethodPoint xsi:type="SequencePoint" vc="1" uspid="6568" ordinal="0" offset="0" sl="1486" sc="33" el="1486" ec="37" bec="0" bev="0" fileid="211" />
            </Method>
            <Method visited="true" cyclomaticComplexity="1" nPathComplexity="0" sequenceCoverage="100" branchCoverage="100" isConstructor="false" isStatic="false" isGetter="true" isSetter="false">
              <Summary numSequencePoints="1" visitedSequencePoints="1" numBranchPoints="1" visitedBranchPoints="1" sequenceCoverage="100" branchCoverage="100" maxCyclomaticComplexity="1" minCyclomaticComplexity="1" visitedClasses="0" numClasses="0" visitedMethods="1" numMethods="1" />
              <MetadataToken>100666888</MetadataToken>
              <Name>IBM.Watson.DeveloperCloud.Services.RetrieveAndRank.v1.RetrieveAndRank/OnGetRankers IBM.Watson.DeveloperCloud.Services.RetrieveAndRank.v1.RetrieveAndRank/GetRankersRequest::get_Callback()</Name>
              <FileRef uid="211" />
              <SequencePoints>
                <SequencePoint vc="2" uspid="6569" ordinal="0" offset="0" sl="1490" sc="38" el="1490" ec="42" bec="0" bev="0" fileid="211" />
              </SequencePoints>
              <BranchPoints />
              <MethodPoint xsi:type="SequencePoint" vc="2" uspid="6569" ordinal="0" offset="0" sl="1490" sc="38" el="1490" ec="42" bec="0" bev="0" fileid="211" />
            </Method>
            <Method visited="true" cyclomaticComplexity="1" nPathComplexity="0" sequenceCoverage="100" branchCoverage="100" isConstructor="false" isStatic="false" isGetter="false" isSetter="true">
              <Summary numSequencePoints="1" visitedSequencePoints="1" numBranchPoints="1" visitedBranchPoints="1" sequenceCoverage="100" branchCoverage="100" maxCyclomaticComplexity="1" minCyclomaticComplexity="1" visitedClasses="0" numClasses="0" visitedMethods="1" numMethods="1" />
              <MetadataToken>100666889</MetadataToken>
              <Name>System.Void IBM.Watson.DeveloperCloud.Services.RetrieveAndRank.v1.RetrieveAndRank/GetRankersRequest::set_Callback(IBM.Watson.DeveloperCloud.Services.RetrieveAndRank.v1.RetrieveAndRank/OnGetRankers)</Name>
              <FileRef uid="211" />
              <SequencePoints>
                <SequencePoint vc="1" uspid="6570" ordinal="0" offset="0" sl="1490" sc="43" el="1490" ec="47" bec="0" bev="0" fileid="211" />
              </SequencePoints>
              <BranchPoints />
              <MethodPoint xsi:type="SequencePoint" vc="1" uspid="6570" ordinal="0" offset="0" sl="1490" sc="43" el="1490" ec="47" bec="0" bev="0" fileid="211" />
            </Method>
            <Method visited="true" cyclomaticComplexity="1" nPathComplexity="0" sequenceCoverage="0" branchCoverage="0" isConstructor="true" isStatic="false" isGetter="false" isSetter="false">
              <Summary numSequencePoints="0" visitedSequencePoints="0" numBranchPoints="0" visitedBranchPoints="0" sequenceCoverage="0" branchCoverage="0" maxCyclomaticComplexity="1" minCyclomaticComplexity="1" visitedClasses="0" numClasses="0" visitedMethods="0" numMethods="0" />
              <MetadataToken>100666890</MetadataToken>
              <Name>System.Void IBM.Watson.DeveloperCloud.Services.RetrieveAndRank.v1.RetrieveAndRank/GetRankersRequest::.ctor()</Name>
              <SequencePoints />
              <BranchPoints />
              <MethodPoint vc="1" uspid="6571" ordinal="0" offset="0" />
            </Method>
          </Methods>
        </Class>
        <Class>
          <Summary numSequencePoints="0" visitedSequencePoints="0" numBranchPoints="0" visitedBranchPoints="0" sequenceCoverage="0" branchCoverage="0" maxCyclomaticComplexity="0" minCyclomaticComplexity="0" visitedClasses="0" numClasses="0" visitedMethods="0" numMethods="0" />
          <FullName>IBM.Watson.DeveloperCloud.Services.RetrieveAndRank.v1.RetrieveAndRank/OnCreateRanker</FullName>
          <Methods>
            <Method skippedDueTo="Unknown" visited="false" cyclomaticComplexity="0" nPathComplexity="0" sequenceCoverage="0" branchCoverage="0" isConstructor="true" isStatic="false" isGetter="false" isSetter="false">
              <MetadataToken>100666891</MetadataToken>
              <Name>System.Void IBM.Watson.DeveloperCloud.Services.RetrieveAndRank.v1.RetrieveAndRank/OnCreateRanker::.ctor(System.Object,System.IntPtr)</Name>
              <SequencePoints />
              <BranchPoints />
            </Method>
            <Method skippedDueTo="Unknown" visited="false" cyclomaticComplexity="0" nPathComplexity="0" sequenceCoverage="0" branchCoverage="0" isConstructor="false" isStatic="false" isGetter="false" isSetter="false">
              <MetadataToken>100666892</MetadataToken>
              <Name>System.Void IBM.Watson.DeveloperCloud.Services.RetrieveAndRank.v1.RetrieveAndRank/OnCreateRanker::Invoke(IBM.Watson.DeveloperCloud.Services.RetrieveAndRank.v1.RankerStatusPayload,System.String)</Name>
              <SequencePoints />
              <BranchPoints />
            </Method>
            <Method skippedDueTo="Unknown" visited="false" cyclomaticComplexity="0" nPathComplexity="0" sequenceCoverage="0" branchCoverage="0" isConstructor="false" isStatic="false" isGetter="false" isSetter="false">
              <MetadataToken>100666893</MetadataToken>
              <Name>System.IAsyncResult IBM.Watson.DeveloperCloud.Services.RetrieveAndRank.v1.RetrieveAndRank/OnCreateRanker::BeginInvoke(IBM.Watson.DeveloperCloud.Services.RetrieveAndRank.v1.RankerStatusPayload,System.String,System.AsyncCallback,System.Object)</Name>
              <SequencePoints />
              <BranchPoints />
            </Method>
            <Method skippedDueTo="Unknown" visited="false" cyclomaticComplexity="0" nPathComplexity="0" sequenceCoverage="0" branchCoverage="0" isConstructor="false" isStatic="false" isGetter="false" isSetter="false">
              <MetadataToken>100666894</MetadataToken>
              <Name>System.Void IBM.Watson.DeveloperCloud.Services.RetrieveAndRank.v1.RetrieveAndRank/OnCreateRanker::EndInvoke(System.IAsyncResult)</Name>
              <SequencePoints />
              <BranchPoints />
            </Method>
          </Methods>
        </Class>
        <Class>
          <Summary numSequencePoints="8" visitedSequencePoints="6" numBranchPoints="8" visitedBranchPoints="6" sequenceCoverage="75" branchCoverage="75" maxCyclomaticComplexity="1" minCyclomaticComplexity="1" visitedClasses="1" numClasses="1" visitedMethods="6" numMethods="8" />
          <FullName>IBM.Watson.DeveloperCloud.Services.RetrieveAndRank.v1.RetrieveAndRank/CreateRankerRequest</FullName>
          <Methods>
            <Method visited="true" cyclomaticComplexity="1" nPathComplexity="0" sequenceCoverage="100" branchCoverage="100" isConstructor="false" isStatic="false" isGetter="true" isSetter="false">
              <Summary numSequencePoints="1" visitedSequencePoints="1" numBranchPoints="1" visitedBranchPoints="1" sequenceCoverage="100" branchCoverage="100" maxCyclomaticComplexity="1" minCyclomaticComplexity="1" visitedClasses="0" numClasses="0" visitedMethods="1" numMethods="1" />
              <MetadataToken>100666895</MetadataToken>
              <Name>System.String IBM.Watson.DeveloperCloud.Services.RetrieveAndRank.v1.RetrieveAndRank/CreateRankerRequest::get_Data()</Name>
              <FileRef uid="211" />
              <SequencePoints>
                <SequencePoint vc="1" uspid="6572" ordinal="0" offset="0" sl="1592" sc="28" el="1592" ec="32" bec="0" bev="0" fileid="211" />
              </SequencePoints>
              <BranchPoints />
              <MethodPoint xsi:type="SequencePoint" vc="1" uspid="6572" ordinal="0" offset="0" sl="1592" sc="28" el="1592" ec="32" bec="0" bev="0" fileid="211" />
            </Method>
            <Method visited="true" cyclomaticComplexity="1" nPathComplexity="0" sequenceCoverage="100" branchCoverage="100" isConstructor="false" isStatic="false" isGetter="false" isSetter="true">
              <Summary numSequencePoints="1" visitedSequencePoints="1" numBranchPoints="1" visitedBranchPoints="1" sequenceCoverage="100" branchCoverage="100" maxCyclomaticComplexity="1" minCyclomaticComplexity="1" visitedClasses="0" numClasses="0" visitedMethods="1" numMethods="1" />
              <MetadataToken>100666896</MetadataToken>
              <Name>System.Void IBM.Watson.DeveloperCloud.Services.RetrieveAndRank.v1.RetrieveAndRank/CreateRankerRequest::set_Data(System.String)</Name>
              <FileRef uid="211" />
              <SequencePoints>
                <SequencePoint vc="1" uspid="6573" ordinal="0" offset="0" sl="1592" sc="33" el="1592" ec="37" bec="0" bev="0" fileid="211" />
              </SequencePoints>
              <BranchPoints />
              <MethodPoint xsi:type="SequencePoint" vc="1" uspid="6573" ordinal="0" offset="0" sl="1592" sc="33" el="1592" ec="37" bec="0" bev="0" fileid="211" />
            </Method>
            <Method visited="false" cyclomaticComplexity="1" nPathComplexity="0" sequenceCoverage="0" branchCoverage="0" isConstructor="false" isStatic="false" isGetter="true" isSetter="false">
              <Summary numSequencePoints="1" visitedSequencePoints="0" numBranchPoints="1" visitedBranchPoints="0" sequenceCoverage="0" branchCoverage="0" maxCyclomaticComplexity="1" minCyclomaticComplexity="1" visitedClasses="0" numClasses="0" visitedMethods="0" numMethods="1" />
              <MetadataToken>100666897</MetadataToken>
              <Name>System.String IBM.Watson.DeveloperCloud.Services.RetrieveAndRank.v1.RetrieveAndRank/CreateRankerRequest::get_Name()</Name>
              <FileRef uid="211" />
              <SequencePoints>
                <SequencePoint vc="0" uspid="6574" ordinal="0" offset="0" sl="1596" sc="28" el="1596" ec="32" bec="0" bev="0" fileid="211" />
              </SequencePoints>
              <BranchPoints />
              <MethodPoint xsi:type="SequencePoint" vc="0" uspid="6574" ordinal="0" offset="0" sl="1596" sc="28" el="1596" ec="32" bec="0" bev="0" fileid="211" />
            </Method>
            <Method visited="true" cyclomaticComplexity="1" nPathComplexity="0" sequenceCoverage="100" branchCoverage="100" isConstructor="false" isStatic="false" isGetter="false" isSetter="true">
              <Summary numSequencePoints="1" visitedSequencePoints="1" numBranchPoints="1" visitedBranchPoints="1" sequenceCoverage="100" branchCoverage="100" maxCyclomaticComplexity="1" minCyclomaticComplexity="1" visitedClasses="0" numClasses="0" visitedMethods="1" numMethods="1" />
              <MetadataToken>100666898</MetadataToken>
              <Name>System.Void IBM.Watson.DeveloperCloud.Services.RetrieveAndRank.v1.RetrieveAndRank/CreateRankerRequest::set_Name(System.String)</Name>
              <FileRef uid="211" />
              <SequencePoints>
                <SequencePoint vc="1" uspid="6575" ordinal="0" offset="0" sl="1596" sc="33" el="1596" ec="37" bec="0" bev="0" fileid="211" />
              </SequencePoints>
              <BranchPoints />
              <MethodPoint xsi:type="SequencePoint" vc="1" uspid="6575" ordinal="0" offset="0" sl="1596" sc="33" el="1596" ec="37" bec="0" bev="0" fileid="211" />
            </Method>
            <Method visited="false" cyclomaticComplexity="1" nPathComplexity="0" sequenceCoverage="0" branchCoverage="0" isConstructor="false" isStatic="false" isGetter="true" isSetter="false">
              <Summary numSequencePoints="1" visitedSequencePoints="0" numBranchPoints="1" visitedBranchPoints="0" sequenceCoverage="0" branchCoverage="0" maxCyclomaticComplexity="1" minCyclomaticComplexity="1" visitedClasses="0" numClasses="0" visitedMethods="0" numMethods="1" />
              <MetadataToken>100666899</MetadataToken>
              <Name>System.String IBM.Watson.DeveloperCloud.Services.RetrieveAndRank.v1.RetrieveAndRank/CreateRankerRequest::get_TrainingDataPath()</Name>
              <FileRef uid="211" />
              <SequencePoints>
                <SequencePoint vc="0" uspid="6576" ordinal="0" offset="0" sl="1600" sc="40" el="1600" ec="44" bec="0" bev="0" fileid="211" />
              </SequencePoints>
              <BranchPoints />
              <MethodPoint xsi:type="SequencePoint" vc="0" uspid="6576" ordinal="0" offset="0" sl="1600" sc="40" el="1600" ec="44" bec="0" bev="0" fileid="211" />
            </Method>
            <Method visited="true" cyclomaticComplexity="1" nPathComplexity="0" sequenceCoverage="100" branchCoverage="100" isConstructor="false" isStatic="false" isGetter="false" isSetter="true">
              <Summary numSequencePoints="1" visitedSequencePoints="1" numBranchPoints="1" visitedBranchPoints="1" sequenceCoverage="100" branchCoverage="100" maxCyclomaticComplexity="1" minCyclomaticComplexity="1" visitedClasses="0" numClasses="0" visitedMethods="1" numMethods="1" />
              <MetadataToken>100666900</MetadataToken>
              <Name>System.Void IBM.Watson.DeveloperCloud.Services.RetrieveAndRank.v1.RetrieveAndRank/CreateRankerRequest::set_TrainingDataPath(System.String)</Name>
              <FileRef uid="211" />
              <SequencePoints>
                <SequencePoint vc="1" uspid="6577" ordinal="0" offset="0" sl="1600" sc="45" el="1600" ec="49" bec="0" bev="0" fileid="211" />
              </SequencePoints>
              <BranchPoints />
              <MethodPoint xsi:type="SequencePoint" vc="1" uspid="6577" ordinal="0" offset="0" sl="1600" sc="45" el="1600" ec="49" bec="0" bev="0" fileid="211" />
            </Method>
            <Method visited="true" cyclomaticComplexity="1" nPathComplexity="0" sequenceCoverage="100" branchCoverage="100" isConstructor="false" isStatic="false" isGetter="true" isSetter="false">
              <Summary numSequencePoints="1" visitedSequencePoints="1" numBranchPoints="1" visitedBranchPoints="1" sequenceCoverage="100" branchCoverage="100" maxCyclomaticComplexity="1" minCyclomaticComplexity="1" visitedClasses="0" numClasses="0" visitedMethods="1" numMethods="1" />
              <MetadataToken>100666901</MetadataToken>
              <Name>IBM.Watson.DeveloperCloud.Services.RetrieveAndRank.v1.RetrieveAndRank/OnCreateRanker IBM.Watson.DeveloperCloud.Services.RetrieveAndRank.v1.RetrieveAndRank/CreateRankerRequest::get_Callback()</Name>
              <FileRef uid="211" />
              <SequencePoints>
                <SequencePoint vc="2" uspid="6578" ordinal="0" offset="0" sl="1604" sc="40" el="1604" ec="44" bec="0" bev="0" fileid="211" />
              </SequencePoints>
              <BranchPoints />
              <MethodPoint xsi:type="SequencePoint" vc="2" uspid="6578" ordinal="0" offset="0" sl="1604" sc="40" el="1604" ec="44" bec="0" bev="0" fileid="211" />
            </Method>
            <Method visited="true" cyclomaticComplexity="1" nPathComplexity="0" sequenceCoverage="100" branchCoverage="100" isConstructor="false" isStatic="false" isGetter="false" isSetter="true">
              <Summary numSequencePoints="1" visitedSequencePoints="1" numBranchPoints="1" visitedBranchPoints="1" sequenceCoverage="100" branchCoverage="100" maxCyclomaticComplexity="1" minCyclomaticComplexity="1" visitedClasses="0" numClasses="0" visitedMethods="1" numMethods="1" />
              <MetadataToken>100666902</MetadataToken>
              <Name>System.Void IBM.Watson.DeveloperCloud.Services.RetrieveAndRank.v1.RetrieveAndRank/CreateRankerRequest::set_Callback(IBM.Watson.DeveloperCloud.Services.RetrieveAndRank.v1.RetrieveAndRank/OnCreateRanker)</Name>
              <FileRef uid="211" />
              <SequencePoints>
                <SequencePoint vc="1" uspid="6579" ordinal="0" offset="0" sl="1604" sc="45" el="1604" ec="49" bec="0" bev="0" fileid="211" />
              </SequencePoints>
              <BranchPoints />
              <MethodPoint xsi:type="SequencePoint" vc="1" uspid="6579" ordinal="0" offset="0" sl="1604" sc="45" el="1604" ec="49" bec="0" bev="0" fileid="211" />
            </Method>
            <Method visited="true" cyclomaticComplexity="1" nPathComplexity="0" sequenceCoverage="0" branchCoverage="0" isConstructor="true" isStatic="false" isGetter="false" isSetter="false">
              <Summary numSequencePoints="0" visitedSequencePoints="0" numBranchPoints="0" visitedBranchPoints="0" sequenceCoverage="0" branchCoverage="0" maxCyclomaticComplexity="1" minCyclomaticComplexity="1" visitedClasses="0" numClasses="0" visitedMethods="0" numMethods="0" />
              <MetadataToken>100666903</MetadataToken>
              <Name>System.Void IBM.Watson.DeveloperCloud.Services.RetrieveAndRank.v1.RetrieveAndRank/CreateRankerRequest::.ctor()</Name>
              <SequencePoints />
              <BranchPoints />
              <MethodPoint vc="1" uspid="6580" ordinal="0" offset="0" />
            </Method>
          </Methods>
        </Class>
        <Class>
          <Summary numSequencePoints="0" visitedSequencePoints="0" numBranchPoints="0" visitedBranchPoints="0" sequenceCoverage="0" branchCoverage="0" maxCyclomaticComplexity="0" minCyclomaticComplexity="0" visitedClasses="0" numClasses="0" visitedMethods="0" numMethods="0" />
          <FullName>IBM.Watson.DeveloperCloud.Services.RetrieveAndRank.v1.RetrieveAndRank/OnRank</FullName>
          <Methods>
            <Method skippedDueTo="Unknown" visited="false" cyclomaticComplexity="0" nPathComplexity="0" sequenceCoverage="0" branchCoverage="0" isConstructor="true" isStatic="false" isGetter="false" isSetter="false">
              <MetadataToken>100666904</MetadataToken>
              <Name>System.Void IBM.Watson.DeveloperCloud.Services.RetrieveAndRank.v1.RetrieveAndRank/OnRank::.ctor(System.Object,System.IntPtr)</Name>
              <SequencePoints />
              <BranchPoints />
            </Method>
            <Method skippedDueTo="Unknown" visited="false" cyclomaticComplexity="0" nPathComplexity="0" sequenceCoverage="0" branchCoverage="0" isConstructor="false" isStatic="false" isGetter="false" isSetter="false">
              <MetadataToken>100666905</MetadataToken>
              <Name>System.Void IBM.Watson.DeveloperCloud.Services.RetrieveAndRank.v1.RetrieveAndRank/OnRank::Invoke(IBM.Watson.DeveloperCloud.Services.RetrieveAndRank.v1.RankerOutputPayload,System.String)</Name>
              <SequencePoints />
              <BranchPoints />
            </Method>
            <Method skippedDueTo="Unknown" visited="false" cyclomaticComplexity="0" nPathComplexity="0" sequenceCoverage="0" branchCoverage="0" isConstructor="false" isStatic="false" isGetter="false" isSetter="false">
              <MetadataToken>100666906</MetadataToken>
              <Name>System.IAsyncResult IBM.Watson.DeveloperCloud.Services.RetrieveAndRank.v1.RetrieveAndRank/OnRank::BeginInvoke(IBM.Watson.DeveloperCloud.Services.RetrieveAndRank.v1.RankerOutputPayload,System.String,System.AsyncCallback,System.Object)</Name>
              <SequencePoints />
              <BranchPoints />
            </Method>
            <Method skippedDueTo="Unknown" visited="false" cyclomaticComplexity="0" nPathComplexity="0" sequenceCoverage="0" branchCoverage="0" isConstructor="false" isStatic="false" isGetter="false" isSetter="false">
              <MetadataToken>100666907</MetadataToken>
              <Name>System.Void IBM.Watson.DeveloperCloud.Services.RetrieveAndRank.v1.RetrieveAndRank/OnRank::EndInvoke(System.IAsyncResult)</Name>
              <SequencePoints />
              <BranchPoints />
            </Method>
          </Methods>
        </Class>
        <Class>
          <Summary numSequencePoints="8" visitedSequencePoints="6" numBranchPoints="8" visitedBranchPoints="6" sequenceCoverage="75" branchCoverage="75" maxCyclomaticComplexity="1" minCyclomaticComplexity="1" visitedClasses="1" numClasses="1" visitedMethods="6" numMethods="8" />
          <FullName>IBM.Watson.DeveloperCloud.Services.RetrieveAndRank.v1.RetrieveAndRank/RankRequest</FullName>
          <Methods>
            <Method visited="true" cyclomaticComplexity="1" nPathComplexity="0" sequenceCoverage="100" branchCoverage="100" isConstructor="false" isStatic="false" isGetter="true" isSetter="false">
              <Summary numSequencePoints="1" visitedSequencePoints="1" numBranchPoints="1" visitedBranchPoints="1" sequenceCoverage="100" branchCoverage="100" maxCyclomaticComplexity="1" minCyclomaticComplexity="1" visitedClasses="0" numClasses="0" visitedMethods="1" numMethods="1" />
              <MetadataToken>100666908</MetadataToken>
              <Name>System.String IBM.Watson.DeveloperCloud.Services.RetrieveAndRank.v1.RetrieveAndRank/RankRequest::get_Data()</Name>
              <FileRef uid="211" />
              <SequencePoints>
                <SequencePoint vc="1" uspid="6581" ordinal="0" offset="0" sl="1705" sc="28" el="1705" ec="32" bec="0" bev="0" fileid="211" />
              </SequencePoints>
              <BranchPoints />
              <MethodPoint xsi:type="SequencePoint" vc="1" uspid="6581" ordinal="0" offset="0" sl="1705" sc="28" el="1705" ec="32" bec="0" bev="0" fileid="211" />
            </Method>
            <Method visited="true" cyclomaticComplexity="1" nPathComplexity="0" sequenceCoverage="100" branchCoverage="100" isConstructor="false" isStatic="false" isGetter="false" isSetter="true">
              <Summary numSequencePoints="1" visitedSequencePoints="1" numBranchPoints="1" visitedBranchPoints="1" sequenceCoverage="100" branchCoverage="100" maxCyclomaticComplexity="1" minCyclomaticComplexity="1" visitedClasses="0" numClasses="0" visitedMethods="1" numMethods="1" />
              <MetadataToken>100666909</MetadataToken>
              <Name>System.Void IBM.Watson.DeveloperCloud.Services.RetrieveAndRank.v1.RetrieveAndRank/RankRequest::set_Data(System.String)</Name>
              <FileRef uid="211" />
              <SequencePoints>
                <SequencePoint vc="1" uspid="6582" ordinal="0" offset="0" sl="1705" sc="33" el="1705" ec="37" bec="0" bev="0" fileid="211" />
              </SequencePoints>
              <BranchPoints />
              <MethodPoint xsi:type="SequencePoint" vc="1" uspid="6582" ordinal="0" offset="0" sl="1705" sc="33" el="1705" ec="37" bec="0" bev="0" fileid="211" />
            </Method>
            <Method visited="false" cyclomaticComplexity="1" nPathComplexity="0" sequenceCoverage="0" branchCoverage="0" isConstructor="false" isStatic="false" isGetter="true" isSetter="false">
              <Summary numSequencePoints="1" visitedSequencePoints="0" numBranchPoints="1" visitedBranchPoints="0" sequenceCoverage="0" branchCoverage="0" maxCyclomaticComplexity="1" minCyclomaticComplexity="1" visitedClasses="0" numClasses="0" visitedMethods="0" numMethods="1" />
              <MetadataToken>100666910</MetadataToken>
              <Name>System.String IBM.Watson.DeveloperCloud.Services.RetrieveAndRank.v1.RetrieveAndRank/RankRequest::get_RankerID()</Name>
              <FileRef uid="211" />
              <SequencePoints>
                <SequencePoint vc="0" uspid="6583" ordinal="0" offset="0" sl="1709" sc="32" el="1709" ec="36" bec="0" bev="0" fileid="211" />
              </SequencePoints>
              <BranchPoints />
              <MethodPoint xsi:type="SequencePoint" vc="0" uspid="6583" ordinal="0" offset="0" sl="1709" sc="32" el="1709" ec="36" bec="0" bev="0" fileid="211" />
            </Method>
            <Method visited="true" cyclomaticComplexity="1" nPathComplexity="0" sequenceCoverage="100" branchCoverage="100" isConstructor="false" isStatic="false" isGetter="false" isSetter="true">
              <Summary numSequencePoints="1" visitedSequencePoints="1" numBranchPoints="1" visitedBranchPoints="1" sequenceCoverage="100" branchCoverage="100" maxCyclomaticComplexity="1" minCyclomaticComplexity="1" visitedClasses="0" numClasses="0" visitedMethods="1" numMethods="1" />
              <MetadataToken>100666911</MetadataToken>
              <Name>System.Void IBM.Watson.DeveloperCloud.Services.RetrieveAndRank.v1.RetrieveAndRank/RankRequest::set_RankerID(System.String)</Name>
              <FileRef uid="211" />
              <SequencePoints>
                <SequencePoint vc="1" uspid="6584" ordinal="0" offset="0" sl="1709" sc="37" el="1709" ec="41" bec="0" bev="0" fileid="211" />
              </SequencePoints>
              <BranchPoints />
              <MethodPoint xsi:type="SequencePoint" vc="1" uspid="6584" ordinal="0" offset="0" sl="1709" sc="37" el="1709" ec="41" bec="0" bev="0" fileid="211" />
            </Method>
            <Method visited="false" cyclomaticComplexity="1" nPathComplexity="0" sequenceCoverage="0" branchCoverage="0" isConstructor="false" isStatic="false" isGetter="true" isSetter="false">
              <Summary numSequencePoints="1" visitedSequencePoints="0" numBranchPoints="1" visitedBranchPoints="0" sequenceCoverage="0" branchCoverage="0" maxCyclomaticComplexity="1" minCyclomaticComplexity="1" visitedClasses="0" numClasses="0" visitedMethods="0" numMethods="1" />
              <MetadataToken>100666912</MetadataToken>
              <Name>System.String IBM.Watson.DeveloperCloud.Services.RetrieveAndRank.v1.RetrieveAndRank/RankRequest::get_SearchResultsPath()</Name>
              <FileRef uid="211" />
              <SequencePoints>
                <SequencePoint vc="0" uspid="6585" ordinal="0" offset="0" sl="1713" sc="41" el="1713" ec="45" bec="0" bev="0" fileid="211" />
              </SequencePoints>
              <BranchPoints />
              <MethodPoint xsi:type="SequencePoint" vc="0" uspid="6585" ordinal="0" offset="0" sl="1713" sc="41" el="1713" ec="45" bec="0" bev="0" fileid="211" />
            </Method>
            <Method visited="true" cyclomaticComplexity="1" nPathComplexity="0" sequenceCoverage="100" branchCoverage="100" isConstructor="false" isStatic="false" isGetter="false" isSetter="true">
              <Summary numSequencePoints="1" visitedSequencePoints="1" numBranchPoints="1" visitedBranchPoints="1" sequenceCoverage="100" branchCoverage="100" maxCyclomaticComplexity="1" minCyclomaticComplexity="1" visitedClasses="0" numClasses="0" visitedMethods="1" numMethods="1" />
              <MetadataToken>100666913</MetadataToken>
              <Name>System.Void IBM.Watson.DeveloperCloud.Services.RetrieveAndRank.v1.RetrieveAndRank/RankRequest::set_SearchResultsPath(System.String)</Name>
              <FileRef uid="211" />
              <SequencePoints>
                <SequencePoint vc="1" uspid="6586" ordinal="0" offset="0" sl="1713" sc="46" el="1713" ec="50" bec="0" bev="0" fileid="211" />
              </SequencePoints>
              <BranchPoints />
              <MethodPoint xsi:type="SequencePoint" vc="1" uspid="6586" ordinal="0" offset="0" sl="1713" sc="46" el="1713" ec="50" bec="0" bev="0" fileid="211" />
            </Method>
            <Method visited="true" cyclomaticComplexity="1" nPathComplexity="0" sequenceCoverage="100" branchCoverage="100" isConstructor="false" isStatic="false" isGetter="true" isSetter="false">
              <Summary numSequencePoints="1" visitedSequencePoints="1" numBranchPoints="1" visitedBranchPoints="1" sequenceCoverage="100" branchCoverage="100" maxCyclomaticComplexity="1" minCyclomaticComplexity="1" visitedClasses="0" numClasses="0" visitedMethods="1" numMethods="1" />
              <MetadataToken>100666914</MetadataToken>
              <Name>IBM.Watson.DeveloperCloud.Services.RetrieveAndRank.v1.RetrieveAndRank/OnRank IBM.Watson.DeveloperCloud.Services.RetrieveAndRank.v1.RetrieveAndRank/RankRequest::get_Callback()</Name>
              <FileRef uid="211" />
              <SequencePoints>
                <SequencePoint vc="2" uspid="6587" ordinal="0" offset="0" sl="1717" sc="32" el="1717" ec="36" bec="0" bev="0" fileid="211" />
              </SequencePoints>
              <BranchPoints />
              <MethodPoint xsi:type="SequencePoint" vc="2" uspid="6587" ordinal="0" offset="0" sl="1717" sc="32" el="1717" ec="36" bec="0" bev="0" fileid="211" />
            </Method>
            <Method visited="true" cyclomaticComplexity="1" nPathComplexity="0" sequenceCoverage="100" branchCoverage="100" isConstructor="false" isStatic="false" isGetter="false" isSetter="true">
              <Summary numSequencePoints="1" visitedSequencePoints="1" numBranchPoints="1" visitedBranchPoints="1" sequenceCoverage="100" branchCoverage="100" maxCyclomaticComplexity="1" minCyclomaticComplexity="1" visitedClasses="0" numClasses="0" visitedMethods="1" numMethods="1" />
              <MetadataToken>100666915</MetadataToken>
              <Name>System.Void IBM.Watson.DeveloperCloud.Services.RetrieveAndRank.v1.RetrieveAndRank/RankRequest::set_Callback(IBM.Watson.DeveloperCloud.Services.RetrieveAndRank.v1.RetrieveAndRank/OnRank)</Name>
              <FileRef uid="211" />
              <SequencePoints>
                <SequencePoint vc="1" uspid="6588" ordinal="0" offset="0" sl="1717" sc="37" el="1717" ec="41" bec="0" bev="0" fileid="211" />
              </SequencePoints>
              <BranchPoints />
              <MethodPoint xsi:type="SequencePoint" vc="1" uspid="6588" ordinal="0" offset="0" sl="1717" sc="37" el="1717" ec="41" bec="0" bev="0" fileid="211" />
            </Method>
            <Method visited="true" cyclomaticComplexity="1" nPathComplexity="0" sequenceCoverage="0" branchCoverage="0" isConstructor="true" isStatic="false" isGetter="false" isSetter="false">
              <Summary numSequencePoints="0" visitedSequencePoints="0" numBranchPoints="0" visitedBranchPoints="0" sequenceCoverage="0" branchCoverage="0" maxCyclomaticComplexity="1" minCyclomaticComplexity="1" visitedClasses="0" numClasses="0" visitedMethods="0" numMethods="0" />
              <MetadataToken>100666916</MetadataToken>
              <Name>System.Void IBM.Watson.DeveloperCloud.Services.RetrieveAndRank.v1.RetrieveAndRank/RankRequest::.ctor()</Name>
              <SequencePoints />
              <BranchPoints />
              <MethodPoint vc="1" uspid="6589" ordinal="0" offset="0" />
            </Method>
          </Methods>
        </Class>
        <Class>
          <Summary numSequencePoints="0" visitedSequencePoints="0" numBranchPoints="0" visitedBranchPoints="0" sequenceCoverage="0" branchCoverage="0" maxCyclomaticComplexity="0" minCyclomaticComplexity="0" visitedClasses="0" numClasses="0" visitedMethods="0" numMethods="0" />
          <FullName>IBM.Watson.DeveloperCloud.Services.RetrieveAndRank.v1.RetrieveAndRank/OnDeleteRanker</FullName>
          <Methods>
            <Method skippedDueTo="Unknown" visited="false" cyclomaticComplexity="0" nPathComplexity="0" sequenceCoverage="0" branchCoverage="0" isConstructor="true" isStatic="false" isGetter="false" isSetter="false">
              <MetadataToken>100666917</MetadataToken>
              <Name>System.Void IBM.Watson.DeveloperCloud.Services.RetrieveAndRank.v1.RetrieveAndRank/OnDeleteRanker::.ctor(System.Object,System.IntPtr)</Name>
              <SequencePoints />
              <BranchPoints />
            </Method>
            <Method skippedDueTo="Unknown" visited="false" cyclomaticComplexity="0" nPathComplexity="0" sequenceCoverage="0" branchCoverage="0" isConstructor="false" isStatic="false" isGetter="false" isSetter="false">
              <MetadataToken>100666918</MetadataToken>
              <Name>System.Void IBM.Watson.DeveloperCloud.Services.RetrieveAndRank.v1.RetrieveAndRank/OnDeleteRanker::Invoke(System.Boolean,System.String)</Name>
              <SequencePoints />
              <BranchPoints />
            </Method>
            <Method skippedDueTo="Unknown" visited="false" cyclomaticComplexity="0" nPathComplexity="0" sequenceCoverage="0" branchCoverage="0" isConstructor="false" isStatic="false" isGetter="false" isSetter="false">
              <MetadataToken>100666919</MetadataToken>
              <Name>System.IAsyncResult IBM.Watson.DeveloperCloud.Services.RetrieveAndRank.v1.RetrieveAndRank/OnDeleteRanker::BeginInvoke(System.Boolean,System.String,System.AsyncCallback,System.Object)</Name>
              <SequencePoints />
              <BranchPoints />
            </Method>
            <Method skippedDueTo="Unknown" visited="false" cyclomaticComplexity="0" nPathComplexity="0" sequenceCoverage="0" branchCoverage="0" isConstructor="false" isStatic="false" isGetter="false" isSetter="false">
              <MetadataToken>100666920</MetadataToken>
              <Name>System.Void IBM.Watson.DeveloperCloud.Services.RetrieveAndRank.v1.RetrieveAndRank/OnDeleteRanker::EndInvoke(System.IAsyncResult)</Name>
              <SequencePoints />
              <BranchPoints />
            </Method>
          </Methods>
        </Class>
        <Class>
          <Summary numSequencePoints="6" visitedSequencePoints="5" numBranchPoints="6" visitedBranchPoints="5" sequenceCoverage="83.33" branchCoverage="83.33" maxCyclomaticComplexity="1" minCyclomaticComplexity="1" visitedClasses="1" numClasses="1" visitedMethods="5" numMethods="6" />
          <FullName>IBM.Watson.DeveloperCloud.Services.RetrieveAndRank.v1.RetrieveAndRank/DeleteRankerRequest</FullName>
          <Methods>
            <Method visited="true" cyclomaticComplexity="1" nPathComplexity="0" sequenceCoverage="100" branchCoverage="100" isConstructor="false" isStatic="false" isGetter="true" isSetter="false">
              <Summary numSequencePoints="1" visitedSequencePoints="1" numBranchPoints="1" visitedBranchPoints="1" sequenceCoverage="100" branchCoverage="100" maxCyclomaticComplexity="1" minCyclomaticComplexity="1" visitedClasses="0" numClasses="0" visitedMethods="1" numMethods="1" />
              <MetadataToken>100666921</MetadataToken>
              <Name>System.String IBM.Watson.DeveloperCloud.Services.RetrieveAndRank.v1.RetrieveAndRank/DeleteRankerRequest::get_Data()</Name>
              <FileRef uid="211" />
              <SequencePoints>
                <SequencePoint vc="1" uspid="6590" ordinal="0" offset="0" sl="1801" sc="28" el="1801" ec="32" bec="0" bev="0" fileid="211" />
              </SequencePoints>
              <BranchPoints />
              <MethodPoint xsi:type="SequencePoint" vc="1" uspid="6590" ordinal="0" offset="0" sl="1801" sc="28" el="1801" ec="32" bec="0" bev="0" fileid="211" />
            </Method>
            <Method visited="true" cyclomaticComplexity="1" nPathComplexity="0" sequenceCoverage="100" branchCoverage="100" isConstructor="false" isStatic="false" isGetter="false" isSetter="true">
              <Summary numSequencePoints="1" visitedSequencePoints="1" numBranchPoints="1" visitedBranchPoints="1" sequenceCoverage="100" branchCoverage="100" maxCyclomaticComplexity="1" minCyclomaticComplexity="1" visitedClasses="0" numClasses="0" visitedMethods="1" numMethods="1" />
              <MetadataToken>100666922</MetadataToken>
              <Name>System.Void IBM.Watson.DeveloperCloud.Services.RetrieveAndRank.v1.RetrieveAndRank/DeleteRankerRequest::set_Data(System.String)</Name>
              <FileRef uid="211" />
              <SequencePoints>
                <SequencePoint vc="1" uspid="6591" ordinal="0" offset="0" sl="1801" sc="33" el="1801" ec="37" bec="0" bev="0" fileid="211" />
              </SequencePoints>
              <BranchPoints />
              <MethodPoint xsi:type="SequencePoint" vc="1" uspid="6591" ordinal="0" offset="0" sl="1801" sc="33" el="1801" ec="37" bec="0" bev="0" fileid="211" />
            </Method>
            <Method visited="false" cyclomaticComplexity="1" nPathComplexity="0" sequenceCoverage="0" branchCoverage="0" isConstructor="false" isStatic="false" isGetter="true" isSetter="false">
              <Summary numSequencePoints="1" visitedSequencePoints="0" numBranchPoints="1" visitedBranchPoints="0" sequenceCoverage="0" branchCoverage="0" maxCyclomaticComplexity="1" minCyclomaticComplexity="1" visitedClasses="0" numClasses="0" visitedMethods="0" numMethods="1" />
              <MetadataToken>100666923</MetadataToken>
              <Name>System.String IBM.Watson.DeveloperCloud.Services.RetrieveAndRank.v1.RetrieveAndRank/DeleteRankerRequest::get_RankerID()</Name>
              <FileRef uid="211" />
              <SequencePoints>
                <SequencePoint vc="0" uspid="6592" ordinal="0" offset="0" sl="1805" sc="32" el="1805" ec="36" bec="0" bev="0" fileid="211" />
              </SequencePoints>
              <BranchPoints />
              <MethodPoint xsi:type="SequencePoint" vc="0" uspid="6592" ordinal="0" offset="0" sl="1805" sc="32" el="1805" ec="36" bec="0" bev="0" fileid="211" />
            </Method>
            <Method visited="true" cyclomaticComplexity="1" nPathComplexity="0" sequenceCoverage="100" branchCoverage="100" isConstructor="false" isStatic="false" isGetter="false" isSetter="true">
              <Summary numSequencePoints="1" visitedSequencePoints="1" numBranchPoints="1" visitedBranchPoints="1" sequenceCoverage="100" branchCoverage="100" maxCyclomaticComplexity="1" minCyclomaticComplexity="1" visitedClasses="0" numClasses="0" visitedMethods="1" numMethods="1" />
              <MetadataToken>100666924</MetadataToken>
              <Name>System.Void IBM.Watson.DeveloperCloud.Services.RetrieveAndRank.v1.RetrieveAndRank/DeleteRankerRequest::set_RankerID(System.String)</Name>
              <FileRef uid="211" />
              <SequencePoints>
                <SequencePoint vc="1" uspid="6593" ordinal="0" offset="0" sl="1805" sc="37" el="1805" ec="41" bec="0" bev="0" fileid="211" />
              </SequencePoints>
              <BranchPoints />
              <MethodPoint xsi:type="SequencePoint" vc="1" uspid="6593" ordinal="0" offset="0" sl="1805" sc="37" el="1805" ec="41" bec="0" bev="0" fileid="211" />
            </Method>
            <Method visited="true" cyclomaticComplexity="1" nPathComplexity="0" sequenceCoverage="100" branchCoverage="100" isConstructor="false" isStatic="false" isGetter="true" isSetter="false">
              <Summary numSequencePoints="1" visitedSequencePoints="1" numBranchPoints="1" visitedBranchPoints="1" sequenceCoverage="100" branchCoverage="100" maxCyclomaticComplexity="1" minCyclomaticComplexity="1" visitedClasses="0" numClasses="0" visitedMethods="1" numMethods="1" />
              <MetadataToken>100666925</MetadataToken>
              <Name>IBM.Watson.DeveloperCloud.Services.RetrieveAndRank.v1.RetrieveAndRank/OnDeleteRanker IBM.Watson.DeveloperCloud.Services.RetrieveAndRank.v1.RetrieveAndRank/DeleteRankerRequest::get_Callback()</Name>
              <FileRef uid="211" />
              <SequencePoints>
                <SequencePoint vc="2" uspid="6594" ordinal="0" offset="0" sl="1809" sc="40" el="1809" ec="44" bec="0" bev="0" fileid="211" />
              </SequencePoints>
              <BranchPoints />
              <MethodPoint xsi:type="SequencePoint" vc="2" uspid="6594" ordinal="0" offset="0" sl="1809" sc="40" el="1809" ec="44" bec="0" bev="0" fileid="211" />
            </Method>
            <Method visited="true" cyclomaticComplexity="1" nPathComplexity="0" sequenceCoverage="100" branchCoverage="100" isConstructor="false" isStatic="false" isGetter="false" isSetter="true">
              <Summary numSequencePoints="1" visitedSequencePoints="1" numBranchPoints="1" visitedBranchPoints="1" sequenceCoverage="100" branchCoverage="100" maxCyclomaticComplexity="1" minCyclomaticComplexity="1" visitedClasses="0" numClasses="0" visitedMethods="1" numMethods="1" />
              <MetadataToken>100666926</MetadataToken>
              <Name>System.Void IBM.Watson.DeveloperCloud.Services.RetrieveAndRank.v1.RetrieveAndRank/DeleteRankerRequest::set_Callback(IBM.Watson.DeveloperCloud.Services.RetrieveAndRank.v1.RetrieveAndRank/OnDeleteRanker)</Name>
              <FileRef uid="211" />
              <SequencePoints>
                <SequencePoint vc="1" uspid="6595" ordinal="0" offset="0" sl="1809" sc="45" el="1809" ec="49" bec="0" bev="0" fileid="211" />
              </SequencePoints>
              <BranchPoints />
              <MethodPoint xsi:type="SequencePoint" vc="1" uspid="6595" ordinal="0" offset="0" sl="1809" sc="45" el="1809" ec="49" bec="0" bev="0" fileid="211" />
            </Method>
            <Method visited="true" cyclomaticComplexity="1" nPathComplexity="0" sequenceCoverage="0" branchCoverage="0" isConstructor="true" isStatic="false" isGetter="false" isSetter="false">
              <Summary numSequencePoints="0" visitedSequencePoints="0" numBranchPoints="0" visitedBranchPoints="0" sequenceCoverage="0" branchCoverage="0" maxCyclomaticComplexity="1" minCyclomaticComplexity="1" visitedClasses="0" numClasses="0" visitedMethods="0" numMethods="0" />
              <MetadataToken>100666927</MetadataToken>
              <Name>System.Void IBM.Watson.DeveloperCloud.Services.RetrieveAndRank.v1.RetrieveAndRank/DeleteRankerRequest::.ctor()</Name>
              <SequencePoints />
              <BranchPoints />
              <MethodPoint vc="1" uspid="6596" ordinal="0" offset="0" />
            </Method>
          </Methods>
        </Class>
        <Class>
          <Summary numSequencePoints="0" visitedSequencePoints="0" numBranchPoints="0" visitedBranchPoints="0" sequenceCoverage="0" branchCoverage="0" maxCyclomaticComplexity="0" minCyclomaticComplexity="0" visitedClasses="0" numClasses="0" visitedMethods="0" numMethods="0" />
          <FullName>IBM.Watson.DeveloperCloud.Services.RetrieveAndRank.v1.RetrieveAndRank/OnGetRanker</FullName>
          <Methods>
            <Method skippedDueTo="Unknown" visited="false" cyclomaticComplexity="0" nPathComplexity="0" sequenceCoverage="0" branchCoverage="0" isConstructor="true" isStatic="false" isGetter="false" isSetter="false">
              <MetadataToken>100666928</MetadataToken>
              <Name>System.Void IBM.Watson.DeveloperCloud.Services.RetrieveAndRank.v1.RetrieveAndRank/OnGetRanker::.ctor(System.Object,System.IntPtr)</Name>
              <SequencePoints />
              <BranchPoints />
            </Method>
            <Method skippedDueTo="Unknown" visited="false" cyclomaticComplexity="0" nPathComplexity="0" sequenceCoverage="0" branchCoverage="0" isConstructor="false" isStatic="false" isGetter="false" isSetter="false">
              <MetadataToken>100666929</MetadataToken>
              <Name>System.Void IBM.Watson.DeveloperCloud.Services.RetrieveAndRank.v1.RetrieveAndRank/OnGetRanker::Invoke(IBM.Watson.DeveloperCloud.Services.RetrieveAndRank.v1.RankerStatusPayload,System.String)</Name>
              <SequencePoints />
              <BranchPoints />
            </Method>
            <Method skippedDueTo="Unknown" visited="false" cyclomaticComplexity="0" nPathComplexity="0" sequenceCoverage="0" branchCoverage="0" isConstructor="false" isStatic="false" isGetter="false" isSetter="false">
              <MetadataToken>100666930</MetadataToken>
              <Name>System.IAsyncResult IBM.Watson.DeveloperCloud.Services.RetrieveAndRank.v1.RetrieveAndRank/OnGetRanker::BeginInvoke(IBM.Watson.DeveloperCloud.Services.RetrieveAndRank.v1.RankerStatusPayload,System.String,System.AsyncCallback,System.Object)</Name>
              <SequencePoints />
              <BranchPoints />
            </Method>
            <Method skippedDueTo="Unknown" visited="false" cyclomaticComplexity="0" nPathComplexity="0" sequenceCoverage="0" branchCoverage="0" isConstructor="false" isStatic="false" isGetter="false" isSetter="false">
              <MetadataToken>100666931</MetadataToken>
              <Name>System.Void IBM.Watson.DeveloperCloud.Services.RetrieveAndRank.v1.RetrieveAndRank/OnGetRanker::EndInvoke(System.IAsyncResult)</Name>
              <SequencePoints />
              <BranchPoints />
            </Method>
          </Methods>
        </Class>
        <Class>
          <Summary numSequencePoints="6" visitedSequencePoints="5" numBranchPoints="6" visitedBranchPoints="5" sequenceCoverage="83.33" branchCoverage="83.33" maxCyclomaticComplexity="1" minCyclomaticComplexity="1" visitedClasses="1" numClasses="1" visitedMethods="5" numMethods="6" />
          <FullName>IBM.Watson.DeveloperCloud.Services.RetrieveAndRank.v1.RetrieveAndRank/GetRankerRequest</FullName>
          <Methods>
            <Method visited="true" cyclomaticComplexity="1" nPathComplexity="0" sequenceCoverage="100" branchCoverage="100" isConstructor="false" isStatic="false" isGetter="true" isSetter="false">
              <Summary numSequencePoints="1" visitedSequencePoints="1" numBranchPoints="1" visitedBranchPoints="1" sequenceCoverage="100" branchCoverage="100" maxCyclomaticComplexity="1" minCyclomaticComplexity="1" visitedClasses="0" numClasses="0" visitedMethods="1" numMethods="1" />
              <MetadataToken>100666932</MetadataToken>
              <Name>System.String IBM.Watson.DeveloperCloud.Services.RetrieveAndRank.v1.RetrieveAndRank/GetRankerRequest::get_Data()</Name>
              <FileRef uid="211" />
              <SequencePoints>
                <SequencePoint vc="1" uspid="6597" ordinal="0" offset="0" sl="1868" sc="28" el="1868" ec="32" bec="0" bev="0" fileid="211" />
              </SequencePoints>
              <BranchPoints />
              <MethodPoint xsi:type="SequencePoint" vc="1" uspid="6597" ordinal="0" offset="0" sl="1868" sc="28" el="1868" ec="32" bec="0" bev="0" fileid="211" />
            </Method>
            <Method visited="true" cyclomaticComplexity="1" nPathComplexity="0" sequenceCoverage="100" branchCoverage="100" isConstructor="false" isStatic="false" isGetter="false" isSetter="true">
              <Summary numSequencePoints="1" visitedSequencePoints="1" numBranchPoints="1" visitedBranchPoints="1" sequenceCoverage="100" branchCoverage="100" maxCyclomaticComplexity="1" minCyclomaticComplexity="1" visitedClasses="0" numClasses="0" visitedMethods="1" numMethods="1" />
              <MetadataToken>100666933</MetadataToken>
              <Name>System.Void IBM.Watson.DeveloperCloud.Services.RetrieveAndRank.v1.RetrieveAndRank/GetRankerRequest::set_Data(System.String)</Name>
              <FileRef uid="211" />
              <SequencePoints>
                <SequencePoint vc="1" uspid="6598" ordinal="0" offset="0" sl="1868" sc="33" el="1868" ec="37" bec="0" bev="0" fileid="211" />
              </SequencePoints>
              <BranchPoints />
              <MethodPoint xsi:type="SequencePoint" vc="1" uspid="6598" ordinal="0" offset="0" sl="1868" sc="33" el="1868" ec="37" bec="0" bev="0" fileid="211" />
            </Method>
            <Method visited="false" cyclomaticComplexity="1" nPathComplexity="0" sequenceCoverage="0" branchCoverage="0" isConstructor="false" isStatic="false" isGetter="true" isSetter="false">
              <Summary numSequencePoints="1" visitedSequencePoints="0" numBranchPoints="1" visitedBranchPoints="0" sequenceCoverage="0" branchCoverage="0" maxCyclomaticComplexity="1" minCyclomaticComplexity="1" visitedClasses="0" numClasses="0" visitedMethods="0" numMethods="1" />
              <MetadataToken>100666934</MetadataToken>
              <Name>System.String IBM.Watson.DeveloperCloud.Services.RetrieveAndRank.v1.RetrieveAndRank/GetRankerRequest::get_RankerID()</Name>
              <FileRef uid="211" />
              <SequencePoints>
                <SequencePoint vc="0" uspid="6599" ordinal="0" offset="0" sl="1872" sc="32" el="1872" ec="36" bec="0" bev="0" fileid="211" />
              </SequencePoints>
              <BranchPoints />
              <MethodPoint xsi:type="SequencePoint" vc="0" uspid="6599" ordinal="0" offset="0" sl="1872" sc="32" el="1872" ec="36" bec="0" bev="0" fileid="211" />
            </Method>
            <Method visited="true" cyclomaticComplexity="1" nPathComplexity="0" sequenceCoverage="100" branchCoverage="100" isConstructor="false" isStatic="false" isGetter="false" isSetter="true">
              <Summary numSequencePoints="1" visitedSequencePoints="1" numBranchPoints="1" visitedBranchPoints="1" sequenceCoverage="100" branchCoverage="100" maxCyclomaticComplexity="1" minCyclomaticComplexity="1" visitedClasses="0" numClasses="0" visitedMethods="1" numMethods="1" />
              <MetadataToken>100666935</MetadataToken>
              <Name>System.Void IBM.Watson.DeveloperCloud.Services.RetrieveAndRank.v1.RetrieveAndRank/GetRankerRequest::set_RankerID(System.String)</Name>
              <FileRef uid="211" />
              <SequencePoints>
                <SequencePoint vc="1" uspid="6600" ordinal="0" offset="0" sl="1872" sc="37" el="1872" ec="41" bec="0" bev="0" fileid="211" />
              </SequencePoints>
              <BranchPoints />
              <MethodPoint xsi:type="SequencePoint" vc="1" uspid="6600" ordinal="0" offset="0" sl="1872" sc="37" el="1872" ec="41" bec="0" bev="0" fileid="211" />
            </Method>
            <Method visited="true" cyclomaticComplexity="1" nPathComplexity="0" sequenceCoverage="100" branchCoverage="100" isConstructor="false" isStatic="false" isGetter="true" isSetter="false">
              <Summary numSequencePoints="1" visitedSequencePoints="1" numBranchPoints="1" visitedBranchPoints="1" sequenceCoverage="100" branchCoverage="100" maxCyclomaticComplexity="1" minCyclomaticComplexity="1" visitedClasses="0" numClasses="0" visitedMethods="1" numMethods="1" />
              <MetadataToken>100666936</MetadataToken>
              <Name>IBM.Watson.DeveloperCloud.Services.RetrieveAndRank.v1.RetrieveAndRank/OnGetRanker IBM.Watson.DeveloperCloud.Services.RetrieveAndRank.v1.RetrieveAndRank/GetRankerRequest::get_Callback()</Name>
              <FileRef uid="211" />
              <SequencePoints>
                <SequencePoint vc="2" uspid="6601" ordinal="0" offset="0" sl="1876" sc="37" el="1876" ec="41" bec="0" bev="0" fileid="211" />
              </SequencePoints>
              <BranchPoints />
              <MethodPoint xsi:type="SequencePoint" vc="2" uspid="6601" ordinal="0" offset="0" sl="1876" sc="37" el="1876" ec="41" bec="0" bev="0" fileid="211" />
            </Method>
            <Method visited="true" cyclomaticComplexity="1" nPathComplexity="0" sequenceCoverage="100" branchCoverage="100" isConstructor="false" isStatic="false" isGetter="false" isSetter="true">
              <Summary numSequencePoints="1" visitedSequencePoints="1" numBranchPoints="1" visitedBranchPoints="1" sequenceCoverage="100" branchCoverage="100" maxCyclomaticComplexity="1" minCyclomaticComplexity="1" visitedClasses="0" numClasses="0" visitedMethods="1" numMethods="1" />
              <MetadataToken>100666937</MetadataToken>
              <Name>System.Void IBM.Watson.DeveloperCloud.Services.RetrieveAndRank.v1.RetrieveAndRank/GetRankerRequest::set_Callback(IBM.Watson.DeveloperCloud.Services.RetrieveAndRank.v1.RetrieveAndRank/OnGetRanker)</Name>
              <FileRef uid="211" />
              <SequencePoints>
                <SequencePoint vc="1" uspid="6602" ordinal="0" offset="0" sl="1876" sc="42" el="1876" ec="46" bec="0" bev="0" fileid="211" />
              </SequencePoints>
              <BranchPoints />
              <MethodPoint xsi:type="SequencePoint" vc="1" uspid="6602" ordinal="0" offset="0" sl="1876" sc="42" el="1876" ec="46" bec="0" bev="0" fileid="211" />
            </Method>
            <Method visited="true" cyclomaticComplexity="1" nPathComplexity="0" sequenceCoverage="0" branchCoverage="0" isConstructor="true" isStatic="false" isGetter="false" isSetter="false">
              <Summary numSequencePoints="0" visitedSequencePoints="0" numBranchPoints="0" visitedBranchPoints="0" sequenceCoverage="0" branchCoverage="0" maxCyclomaticComplexity="1" minCyclomaticComplexity="1" visitedClasses="0" numClasses="0" visitedMethods="0" numMethods="0" />
              <MetadataToken>100666938</MetadataToken>
              <Name>System.Void IBM.Watson.DeveloperCloud.Services.RetrieveAndRank.v1.RetrieveAndRank/GetRankerRequest::.ctor()</Name>
              <SequencePoints />
              <BranchPoints />
              <MethodPoint vc="1" uspid="6603" ordinal="0" offset="0" />
            </Method>
          </Methods>
        </Class>
        <Class>
          <Summary numSequencePoints="9" visitedSequencePoints="0" numBranchPoints="6" visitedBranchPoints="0" sequenceCoverage="0" branchCoverage="0" maxCyclomaticComplexity="2" minCyclomaticComplexity="2" visitedClasses="0" numClasses="1" visitedMethods="0" numMethods="2" />
          <FullName>IBM.Watson.DeveloperCloud.Services.RetrieveAndRank.v1.RetrieveAndRank/CheckServiceStatus</FullName>
          <Methods>
            <Method visited="false" cyclomaticComplexity="2" nPathComplexity="2" sequenceCoverage="0" branchCoverage="0" isConstructor="true" isStatic="false" isGetter="false" isSetter="false">
              <Summary numSequencePoints="6" visitedSequencePoints="0" numBranchPoints="3" visitedBranchPoints="0" sequenceCoverage="0" branchCoverage="0" maxCyclomaticComplexity="2" minCyclomaticComplexity="2" visitedClasses="0" numClasses="0" visitedMethods="0" numMethods="1" />
              <MetadataToken>100666939</MetadataToken>
              <Name>System.Void IBM.Watson.DeveloperCloud.Services.RetrieveAndRank.v1.RetrieveAndRank/CheckServiceStatus::.ctor(IBM.Watson.DeveloperCloud.Services.RetrieveAndRank.v1.RetrieveAndRank,IBM.Watson.DeveloperCloud.Services.ServiceStatus)</Name>
              <FileRef uid="211" />
              <SequencePoints>
                <SequencePoint vc="0" uspid="6604" ordinal="0" offset="0" sl="1934" sc="7" el="1934" ec="81" bec="0" bev="0" fileid="211" />
                <SequencePoint vc="0" uspid="6605" ordinal="1" offset="6" sl="1936" sc="9" el="1936" ec="29" bec="0" bev="0" fileid="211" />
                <SequencePoint vc="0" uspid="6606" ordinal="2" offset="13" sl="1937" sc="9" el="1937" ec="31" bec="0" bev="0" fileid="211" />
                <SequencePoint vc="0" uspid="6607" ordinal="3" offset="20" sl="1939" sc="9" el="1939" ec="51" bec="2" bev="0" fileid="211" />
                <SequencePoint vc="0" uspid="6608" ordinal="4" offset="46" sl="1940" sc="11" el="1940" ec="41" bec="0" bev="0" fileid="211" />
                <SequencePoint vc="0" uspid="6609" ordinal="5" offset="63" sl="1941" sc="7" el="1941" ec="8" bec="0" bev="0" fileid="211" />
              </SequencePoints>
              <BranchPoints>
                <BranchPoint vc="0" uspid="6610" ordinal="0" offset="44" sl="1939" path="0" offsetend="46" fileid="211" />
                <BranchPoint vc="0" uspid="6611" ordinal="1" offset="44" sl="1939" path="1" offsetend="63" fileid="211" />
              </BranchPoints>
              <MethodPoint xsi:type="SequencePoint" vc="0" uspid="6604" ordinal="0" offset="0" sl="1934" sc="7" el="1934" ec="81" bec="0" bev="0" fileid="211" />
            </Method>
            <Method visited="false" cyclomaticComplexity="2" nPathComplexity="2" sequenceCoverage="0" branchCoverage="0" isConstructor="false" isStatic="false" isGetter="false" isSetter="false">
              <Summary numSequencePoints="3" visitedSequencePoints="0" numBranchPoints="3" visitedBranchPoints="0" sequenceCoverage="0" branchCoverage="0" maxCyclomaticComplexity="2" minCyclomaticComplexity="2" visitedClasses="0" numClasses="0" visitedMethods="0" numMethods="1" />
              <MetadataToken>100666940</MetadataToken>
              <Name>System.Void IBM.Watson.DeveloperCloud.Services.RetrieveAndRank.v1.RetrieveAndRank/CheckServiceStatus::OnGetClusters(IBM.Watson.DeveloperCloud.Services.RetrieveAndRank.v1.SolrClusterListResponse,System.String)</Name>
              <FileRef uid="211" />
              <SequencePoints>
                <SequencePoint vc="0" uspid="6612" ordinal="0" offset="0" sl="1945" sc="9" el="1945" ec="32" bec="2" bev="0" fileid="211" />
                <SequencePoint vc="0" uspid="6613" ordinal="1" offset="8" sl="1946" sc="11" el="1946" ec="56" bec="0" bev="0" fileid="211" />
                <SequencePoint vc="0" uspid="6614" ordinal="2" offset="28" sl="1947" sc="7" el="1947" ec="8" bec="0" bev="0" fileid="211" />
              </SequencePoints>
              <BranchPoints>
                <BranchPoint vc="0" uspid="6615" ordinal="0" offset="6" sl="1945" path="0" offsetend="8" fileid="211" />
                <BranchPoint vc="0" uspid="6616" ordinal="1" offset="6" sl="1945" path="1" offsetend="28" fileid="211" />
              </BranchPoints>
              <MethodPoint xsi:type="SequencePoint" vc="0" uspid="6612" ordinal="0" offset="0" sl="1945" sc="9" el="1945" ec="32" bec="2" bev="0" fileid="211" />
            </Method>
          </Methods>
        </Class>
        <Class>
          <Summary numSequencePoints="0" visitedSequencePoints="0" numBranchPoints="0" visitedBranchPoints="0" sequenceCoverage="0" branchCoverage="0" maxCyclomaticComplexity="1" minCyclomaticComplexity="1" visitedClasses="0" numClasses="0" visitedMethods="0" numMethods="0" />
          <FullName>IBM.Watson.DeveloperCloud.Services.PersonalityInsights.v3.Profile</FullName>
          <Methods>
            <Method visited="true" cyclomaticComplexity="1" nPathComplexity="0" sequenceCoverage="0" branchCoverage="0" isConstructor="true" isStatic="false" isGetter="false" isSetter="false">
              <Summary numSequencePoints="0" visitedSequencePoints="0" numBranchPoints="0" visitedBranchPoints="0" sequenceCoverage="0" branchCoverage="0" maxCyclomaticComplexity="1" minCyclomaticComplexity="1" visitedClasses="0" numClasses="0" visitedMethods="0" numMethods="0" />
              <MetadataToken>100664965</MetadataToken>
              <Name>System.Void IBM.Watson.DeveloperCloud.Services.PersonalityInsights.v3.Profile::.ctor()</Name>
              <SequencePoints />
              <BranchPoints />
              <MethodPoint vc="2" uspid="6617" ordinal="0" offset="0" />
            </Method>
          </Methods>
        </Class>
        <Class>
          <Summary numSequencePoints="0" visitedSequencePoints="0" numBranchPoints="0" visitedBranchPoints="0" sequenceCoverage="0" branchCoverage="0" maxCyclomaticComplexity="1" minCyclomaticComplexity="1" visitedClasses="0" numClasses="0" visitedMethods="0" numMethods="0" />
          <FullName>IBM.Watson.DeveloperCloud.Services.PersonalityInsights.v3.TraitTreeNode</FullName>
          <Methods>
            <Method visited="false" cyclomaticComplexity="1" nPathComplexity="0" sequenceCoverage="0" branchCoverage="0" isConstructor="true" isStatic="false" isGetter="false" isSetter="false">
              <Summary numSequencePoints="0" visitedSequencePoints="0" numBranchPoints="0" visitedBranchPoints="0" sequenceCoverage="0" branchCoverage="0" maxCyclomaticComplexity="1" minCyclomaticComplexity="1" visitedClasses="0" numClasses="0" visitedMethods="0" numMethods="0" />
              <MetadataToken>100664978</MetadataToken>
              <Name>System.Void IBM.Watson.DeveloperCloud.Services.PersonalityInsights.v3.TraitTreeNode::.ctor()</Name>
              <SequencePoints />
              <BranchPoints />
              <MethodPoint vc="0" uspid="6618" ordinal="0" offset="0" />
            </Method>
          </Methods>
        </Class>
        <Class>
          <Summary numSequencePoints="0" visitedSequencePoints="0" numBranchPoints="0" visitedBranchPoints="0" sequenceCoverage="0" branchCoverage="0" maxCyclomaticComplexity="1" minCyclomaticComplexity="1" visitedClasses="0" numClasses="0" visitedMethods="0" numMethods="0" />
          <FullName>IBM.Watson.DeveloperCloud.Services.PersonalityInsights.v3.BehaviorNode</FullName>
          <Methods>
            <Method visited="false" cyclomaticComplexity="1" nPathComplexity="0" sequenceCoverage="0" branchCoverage="0" isConstructor="true" isStatic="false" isGetter="false" isSetter="false">
              <Summary numSequencePoints="0" visitedSequencePoints="0" numBranchPoints="0" visitedBranchPoints="0" sequenceCoverage="0" branchCoverage="0" maxCyclomaticComplexity="1" minCyclomaticComplexity="1" visitedClasses="0" numClasses="0" visitedMethods="0" numMethods="0" />
              <MetadataToken>100664987</MetadataToken>
              <Name>System.Void IBM.Watson.DeveloperCloud.Services.PersonalityInsights.v3.BehaviorNode::.ctor()</Name>
              <SequencePoints />
              <BranchPoints />
              <MethodPoint vc="0" uspid="6619" ordinal="0" offset="0" />
            </Method>
          </Methods>
        </Class>
        <Class>
          <Summary numSequencePoints="0" visitedSequencePoints="0" numBranchPoints="0" visitedBranchPoints="0" sequenceCoverage="0" branchCoverage="0" maxCyclomaticComplexity="1" minCyclomaticComplexity="1" visitedClasses="0" numClasses="0" visitedMethods="0" numMethods="0" />
          <FullName>IBM.Watson.DeveloperCloud.Services.PersonalityInsights.v3.ConsumptionPreferencesCategoryNode</FullName>
          <Methods>
            <Method visited="false" cyclomaticComplexity="1" nPathComplexity="0" sequenceCoverage="0" branchCoverage="0" isConstructor="true" isStatic="false" isGetter="false" isSetter="false">
              <Summary numSequencePoints="0" visitedSequencePoints="0" numBranchPoints="0" visitedBranchPoints="0" sequenceCoverage="0" branchCoverage="0" maxCyclomaticComplexity="1" minCyclomaticComplexity="1" visitedClasses="0" numClasses="0" visitedMethods="0" numMethods="0" />
              <MetadataToken>100664994</MetadataToken>
              <Name>System.Void IBM.Watson.DeveloperCloud.Services.PersonalityInsights.v3.ConsumptionPreferencesCategoryNode::.ctor()</Name>
              <SequencePoints />
              <BranchPoints />
              <MethodPoint vc="0" uspid="6620" ordinal="0" offset="0" />
            </Method>
          </Methods>
        </Class>
        <Class>
          <Summary numSequencePoints="0" visitedSequencePoints="0" numBranchPoints="0" visitedBranchPoints="0" sequenceCoverage="0" branchCoverage="0" maxCyclomaticComplexity="1" minCyclomaticComplexity="1" visitedClasses="0" numClasses="0" visitedMethods="0" numMethods="0" />
          <FullName>IBM.Watson.DeveloperCloud.Services.PersonalityInsights.v3.Warning</FullName>
          <Methods>
            <Method visited="false" cyclomaticComplexity="1" nPathComplexity="0" sequenceCoverage="0" branchCoverage="0" isConstructor="true" isStatic="false" isGetter="false" isSetter="false">
              <Summary numSequencePoints="0" visitedSequencePoints="0" numBranchPoints="0" visitedBranchPoints="0" sequenceCoverage="0" branchCoverage="0" maxCyclomaticComplexity="1" minCyclomaticComplexity="1" visitedClasses="0" numClasses="0" visitedMethods="0" numMethods="0" />
              <MetadataToken>100664999</MetadataToken>
              <Name>System.Void IBM.Watson.DeveloperCloud.Services.PersonalityInsights.v3.Warning::.ctor()</Name>
              <SequencePoints />
              <BranchPoints />
              <MethodPoint vc="0" uspid="6621" ordinal="0" offset="0" />
            </Method>
          </Methods>
        </Class>
        <Class>
          <Summary numSequencePoints="0" visitedSequencePoints="0" numBranchPoints="0" visitedBranchPoints="0" sequenceCoverage="0" branchCoverage="0" maxCyclomaticComplexity="1" minCyclomaticComplexity="1" visitedClasses="0" numClasses="0" visitedMethods="0" numMethods="0" />
          <FullName>IBM.Watson.DeveloperCloud.Services.PersonalityInsights.v3.ConsumptionPreferencesNode</FullName>
          <Methods>
            <Method visited="false" cyclomaticComplexity="1" nPathComplexity="0" sequenceCoverage="0" branchCoverage="0" isConstructor="true" isStatic="false" isGetter="false" isSetter="false">
              <Summary numSequencePoints="0" visitedSequencePoints="0" numBranchPoints="0" visitedBranchPoints="0" sequenceCoverage="0" branchCoverage="0" maxCyclomaticComplexity="1" minCyclomaticComplexity="1" visitedClasses="0" numClasses="0" visitedMethods="0" numMethods="0" />
              <MetadataToken>100665006</MetadataToken>
              <Name>System.Void IBM.Watson.DeveloperCloud.Services.PersonalityInsights.v3.ConsumptionPreferencesNode::.ctor()</Name>
              <SequencePoints />
              <BranchPoints />
              <MethodPoint vc="0" uspid="6622" ordinal="0" offset="0" />
            </Method>
          </Methods>
        </Class>
        <Class>
          <Summary numSequencePoints="0" visitedSequencePoints="0" numBranchPoints="0" visitedBranchPoints="0" sequenceCoverage="0" branchCoverage="0" maxCyclomaticComplexity="1" minCyclomaticComplexity="1" visitedClasses="0" numClasses="0" visitedMethods="0" numMethods="0" />
          <FullName>IBM.Watson.DeveloperCloud.Services.PersonalityInsights.v3.ContentType</FullName>
          <Methods>
            <Method visited="false" cyclomaticComplexity="1" nPathComplexity="0" sequenceCoverage="0" branchCoverage="0" isConstructor="true" isStatic="false" isGetter="false" isSetter="false">
              <Summary numSequencePoints="0" visitedSequencePoints="0" numBranchPoints="0" visitedBranchPoints="0" sequenceCoverage="0" branchCoverage="0" maxCyclomaticComplexity="1" minCyclomaticComplexity="1" visitedClasses="0" numClasses="0" visitedMethods="0" numMethods="0" />
              <MetadataToken>100665007</MetadataToken>
              <Name>System.Void IBM.Watson.DeveloperCloud.Services.PersonalityInsights.v3.ContentType::.ctor()</Name>
              <SequencePoints />
              <BranchPoints />
              <MethodPoint vc="0" uspid="6623" ordinal="0" offset="0" />
            </Method>
          </Methods>
        </Class>
        <Class>
          <Summary numSequencePoints="0" visitedSequencePoints="0" numBranchPoints="0" visitedBranchPoints="0" sequenceCoverage="0" branchCoverage="0" maxCyclomaticComplexity="1" minCyclomaticComplexity="1" visitedClasses="0" numClasses="0" visitedMethods="0" numMethods="0" />
          <FullName>IBM.Watson.DeveloperCloud.Services.PersonalityInsights.v3.ContentLanguage</FullName>
          <Methods>
            <Method visited="false" cyclomaticComplexity="1" nPathComplexity="0" sequenceCoverage="0" branchCoverage="0" isConstructor="true" isStatic="false" isGetter="false" isSetter="false">
              <Summary numSequencePoints="0" visitedSequencePoints="0" numBranchPoints="0" visitedBranchPoints="0" sequenceCoverage="0" branchCoverage="0" maxCyclomaticComplexity="1" minCyclomaticComplexity="1" visitedClasses="0" numClasses="0" visitedMethods="0" numMethods="0" />
              <MetadataToken>100665008</MetadataToken>
              <Name>System.Void IBM.Watson.DeveloperCloud.Services.PersonalityInsights.v3.ContentLanguage::.ctor()</Name>
              <SequencePoints />
              <BranchPoints />
              <MethodPoint vc="0" uspid="6624" ordinal="0" offset="0" />
            </Method>
          </Methods>
        </Class>
        <Class>
          <Summary numSequencePoints="0" visitedSequencePoints="0" numBranchPoints="0" visitedBranchPoints="0" sequenceCoverage="0" branchCoverage="0" maxCyclomaticComplexity="1" minCyclomaticComplexity="1" visitedClasses="0" numClasses="0" visitedMethods="0" numMethods="0" />
          <FullName>IBM.Watson.DeveloperCloud.Services.PersonalityInsights.v3.AcceptLanguage</FullName>
          <Methods>
            <Method visited="false" cyclomaticComplexity="1" nPathComplexity="0" sequenceCoverage="0" branchCoverage="0" isConstructor="true" isStatic="false" isGetter="false" isSetter="false">
              <Summary numSequencePoints="0" visitedSequencePoints="0" numBranchPoints="0" visitedBranchPoints="0" sequenceCoverage="0" branchCoverage="0" maxCyclomaticComplexity="1" minCyclomaticComplexity="1" visitedClasses="0" numClasses="0" visitedMethods="0" numMethods="0" />
              <MetadataToken>100665009</MetadataToken>
              <Name>System.Void IBM.Watson.DeveloperCloud.Services.PersonalityInsights.v3.AcceptLanguage::.ctor()</Name>
              <SequencePoints />
              <BranchPoints />
              <MethodPoint vc="0" uspid="6625" ordinal="0" offset="0" />
            </Method>
          </Methods>
        </Class>
        <Class>
          <Summary numSequencePoints="0" visitedSequencePoints="0" numBranchPoints="0" visitedBranchPoints="0" sequenceCoverage="0" branchCoverage="0" maxCyclomaticComplexity="1" minCyclomaticComplexity="1" visitedClasses="0" numClasses="0" visitedMethods="0" numMethods="0" />
          <FullName>IBM.Watson.DeveloperCloud.Services.PersonalityInsights.v3.PersonalityInsightsVersion</FullName>
          <Methods>
            <Method visited="false" cyclomaticComplexity="1" nPathComplexity="0" sequenceCoverage="0" branchCoverage="0" isConstructor="true" isStatic="false" isGetter="false" isSetter="false">
              <Summary numSequencePoints="0" visitedSequencePoints="0" numBranchPoints="0" visitedBranchPoints="0" sequenceCoverage="0" branchCoverage="0" maxCyclomaticComplexity="1" minCyclomaticComplexity="1" visitedClasses="0" numClasses="0" visitedMethods="0" numMethods="0" />
              <MetadataToken>100665010</MetadataToken>
              <Name>System.Void IBM.Watson.DeveloperCloud.Services.PersonalityInsights.v3.PersonalityInsightsVersion::.ctor()</Name>
              <SequencePoints />
              <BranchPoints />
              <MethodPoint vc="0" uspid="6626" ordinal="0" offset="0" />
            </Method>
          </Methods>
        </Class>
        <Class>
          <Summary numSequencePoints="54" visitedSequencePoints="38" numBranchPoints="25" visitedBranchPoints="12" sequenceCoverage="70.37" branchCoverage="48" maxCyclomaticComplexity="7" minCyclomaticComplexity="1" visitedClasses="1" numClasses="1" visitedMethods="3" numMethods="5" />
          <FullName>IBM.Watson.DeveloperCloud.Services.PersonalityInsights.v3.PersonalityInsights</FullName>
          <Methods>
            <Method visited="true" cyclomaticComplexity="5" nPathComplexity="16" sequenceCoverage="83.33" branchCoverage="55.56" isConstructor="false" isStatic="false" isGetter="false" isSetter="false">
              <Summary numSequencePoints="30" visitedSequencePoints="25" numBranchPoints="9" visitedBranchPoints="5" sequenceCoverage="83.33" branchCoverage="55.56" maxCyclomaticComplexity="5" minCyclomaticComplexity="5" visitedClasses="0" numClasses="0" visitedMethods="1" numMethods="1" />
              <MetadataToken>100665011</MetadataToken>
              <Name>System.Boolean IBM.Watson.DeveloperCloud.Services.PersonalityInsights.v3.PersonalityInsights::GetProfile(IBM.Watson.DeveloperCloud.Services.PersonalityInsights.v3.PersonalityInsights/OnGetProfile,System.String,System.String,System.String,System.String,System.String,System.Boolean,System.Boolean,System.Boolean,System.String,System.String)</Name>
              <FileRef uid="238" />
              <SequencePoints>
                <SequencePoint vc="2" uspid="6627" ordinal="0" offset="0" sl="55" sc="7" el="55" ec="28" bec="2" bev="1" fileid="238" />
                <SequencePoint vc="0" uspid="6628" ordinal="1" offset="3" sl="56" sc="9" el="56" ec="53" bec="0" bev="0" fileid="238" />
                <SequencePoint vc="2" uspid="6629" ordinal="2" offset="14" sl="57" sc="7" el="57" ec="40" bec="2" bev="1" fileid="238" />
                <SequencePoint vc="0" uspid="6630" ordinal="3" offset="22" sl="58" sc="9" el="58" ec="94" bec="0" bev="0" fileid="238" />
                <SequencePoint vc="2" uspid="6631" ordinal="4" offset="33" sl="60" sc="7" el="60" ec="100" bec="0" bev="0" fileid="238" />
                <SequencePoint vc="2" uspid="6632" ordinal="5" offset="50" sl="61" sc="7" el="61" ec="29" bec="2" bev="1" fileid="238" />
                <SequencePoint vc="0" uspid="6633" ordinal="6" offset="53" sl="62" sc="9" el="62" ec="22" bec="0" bev="0" fileid="238" />
                <SequencePoint vc="2" uspid="6634" ordinal="7" offset="55" sl="64" sc="7" el="64" ec="55" bec="0" bev="0" fileid="238" />
                <SequencePoint vc="2" uspid="6635" ordinal="8" offset="61" sl="65" sc="7" el="65" ec="27" bec="0" bev="0" fileid="238" />
                <SequencePoint vc="2" uspid="6636" ordinal="9" offset="68" sl="66" sc="7" el="66" ec="31" bec="0" bev="0" fileid="238" />
                <SequencePoint vc="2" uspid="6637" ordinal="10" offset="75" sl="67" sc="7" el="67" ec="23" bec="0" bev="0" fileid="238" />
                <SequencePoint vc="2" uspid="6638" ordinal="11" offset="83" sl="68" sc="7" el="68" ec="43" bec="0" bev="0" fileid="238" />
                <SequencePoint vc="2" uspid="6639" ordinal="12" offset="101" sl="70" sc="7" el="70" ec="60" bec="0" bev="0" fileid="238" />
                <SequencePoint vc="2" uspid="6640" ordinal="13" offset="124" sl="71" sc="7" el="71" ec="62" bec="0" bev="0" fileid="238" />
                <SequencePoint vc="2" uspid="6641" ordinal="14" offset="147" sl="72" sc="7" el="72" ec="86" bec="0" bev="0" fileid="238" />
                <SequencePoint vc="2" uspid="6642" ordinal="15" offset="170" sl="73" sc="7" el="73" ec="43" bec="0" bev="0" fileid="238" />
                <SequencePoint vc="2" uspid="6643" ordinal="16" offset="188" sl="75" sc="7" el="75" ec="49" bec="0" bev="0" fileid="238" />
                <SequencePoint vc="2" uspid="6644" ordinal="17" offset="205" sl="76" sc="7" el="76" ec="57" bec="0" bev="0" fileid="238" />
                <SequencePoint vc="2" uspid="6645" ordinal="18" offset="223" sl="77" sc="7" el="77" ec="38" bec="0" bev="0" fileid="238" />
                <SequencePoint vc="2" uspid="6646" ordinal="19" offset="241" sl="78" sc="7" el="78" ec="55" bec="0" bev="0" fileid="238" />
                <SequencePoint vc="2" uspid="6647" ordinal="20" offset="259" sl="82" sc="9" el="82" ec="57" bec="2" bev="1" fileid="238" />
                <SequencePoint vc="2" uspid="6648" ordinal="21" offset="272" sl="84" sc="11" el="84" ec="45" bec="0" bev="0" fileid="238" />
                <SequencePoint vc="2" uspid="6649" ordinal="22" offset="274" sl="85" sc="11" el="85" ec="47" bec="0" bev="0" fileid="238" />
                <SequencePoint vc="0" uspid="6650" ordinal="23" offset="281" sl="86" sc="11" el="86" ec="67" bec="0" bev="0" fileid="238" />
                <SequencePoint vc="0" uspid="6651" ordinal="24" offset="298" sl="88" sc="7" el="88" ec="8" bec="0" bev="0" fileid="238" />
                <SequencePoint vc="2" uspid="6652" ordinal="25" offset="300" sl="89" sc="7" el="89" ec="12" bec="0" bev="0" fileid="238" />
                <SequencePoint vc="2" uspid="6653" ordinal="26" offset="301" sl="91" sc="9" el="91" ec="93" bec="0" bev="0" fileid="238" />
                <SequencePoint vc="2" uspid="6654" ordinal="27" offset="312" sl="92" sc="9" el="92" ec="63" bec="0" bev="0" fileid="238" />
                <SequencePoint vc="2" uspid="6655" ordinal="28" offset="334" sl="93" sc="7" el="93" ec="8" bec="0" bev="0" fileid="238" />
                <SequencePoint vc="2" uspid="6656" ordinal="29" offset="336" sl="95" sc="7" el="95" ec="34" bec="0" bev="0" fileid="238" />
              </SequencePoints>
              <BranchPoints>
                <BranchPoint vc="0" uspid="6657" ordinal="0" offset="1" sl="55" path="0" offsetend="3" fileid="238" />
                <BranchPoint vc="2" uspid="6658" ordinal="1" offset="1" sl="55" path="1" offsetend="14" fileid="238" />
                <BranchPoint vc="0" uspid="6659" ordinal="2" offset="20" sl="57" path="0" offsetend="22" fileid="238" />
                <BranchPoint vc="2" uspid="6660" ordinal="3" offset="20" sl="57" path="1" offsetend="33" fileid="238" />
                <BranchPoint vc="0" uspid="6661" ordinal="4" offset="51" sl="61" path="0" offsetend="53" fileid="238" />
                <BranchPoint vc="2" uspid="6662" ordinal="5" offset="51" sl="61" path="1" offsetend="55" fileid="238" />
                <BranchPoint vc="2" uspid="6663" ordinal="6" offset="270" sl="82" path="0" offsetend="272" fileid="238" />
                <BranchPoint vc="0" uspid="6664" ordinal="7" offset="270" sl="82" path="1" offsetend="298" fileid="238" />
              </BranchPoints>
              <MethodPoint xsi:type="SequencePoint" vc="2" uspid="6627" ordinal="0" offset="0" sl="55" sc="7" el="55" ec="28" bec="2" bev="1" fileid="238" />
            </Method>
            <Method visited="true" cyclomaticComplexity="7" nPathComplexity="32" sequenceCoverage="66.67" branchCoverage="54.55" isConstructor="false" isStatic="false" isGetter="false" isSetter="false">
              <Summary numSequencePoints="18" visitedSequencePoints="12" numBranchPoints="11" visitedBranchPoints="6" sequenceCoverage="66.67" branchCoverage="54.55" maxCyclomaticComplexity="7" minCyclomaticComplexity="7" visitedClasses="0" numClasses="0" visitedMethods="1" numMethods="1" />
              <MetadataToken>100665012</MetadataToken>
              <Name>System.Void IBM.Watson.DeveloperCloud.Services.PersonalityInsights.v3.PersonalityInsights::GetProfileResponse(IBM.Watson.DeveloperCloud.Connection.RESTConnector/Request,IBM.Watson.DeveloperCloud.Connection.RESTConnector/Response)</Name>
              <FileRef uid="238" />
              <SequencePoints>
                <SequencePoint vc="2" uspid="6665" ordinal="0" offset="0" sl="119" sc="5" el="119" ec="38" bec="0" bev="0" fileid="238" />
                <SequencePoint vc="2" uspid="6666" ordinal="1" offset="6" sl="120" sc="5" el="120" ec="22" bec="2" bev="1" fileid="238" />
                <SequencePoint vc="2" uspid="6667" ordinal="2" offset="17" sl="124" sc="9" el="124" ec="28" bec="0" bev="0" fileid="238" />
                <SequencePoint vc="2" uspid="6668" ordinal="3" offset="19" sl="125" sc="9" el="125" ec="87" bec="0" bev="0" fileid="238" />
                <SequencePoint vc="2" uspid="6669" ordinal="4" offset="43" sl="126" sc="9" el="126" ec="26" bec="2" bev="1" fileid="238" />
                <SequencePoint vc="0" uspid="6670" ordinal="5" offset="52" sl="127" sc="11" el="127" ec="58" bec="0" bev="0" fileid="238" />
                <SequencePoint vc="2" uspid="6671" ordinal="6" offset="65" sl="129" sc="9" el="129" ec="31" bec="0" bev="0" fileid="238" />
                <SequencePoint vc="2" uspid="6672" ordinal="7" offset="67" sl="130" sc="9" el="130" ec="72" bec="0" bev="0" fileid="238" />
                <SequencePoint vc="2" uspid="6673" ordinal="8" offset="87" sl="131" sc="9" el="131" ec="26" bec="2" bev="1" fileid="238" />
                <SequencePoint vc="0" uspid="6674" ordinal="9" offset="96" sl="132" sc="11" el="132" ec="58" bec="0" bev="0" fileid="238" />
                <SequencePoint vc="2" uspid="6675" ordinal="10" offset="109" sl="133" sc="7" el="133" ec="8" bec="0" bev="0" fileid="238" />
                <SequencePoint vc="0" uspid="6676" ordinal="11" offset="111" sl="134" sc="7" el="134" ec="26" bec="0" bev="0" fileid="238" />
                <SequencePoint vc="0" uspid="6677" ordinal="12" offset="113" sl="136" sc="9" el="136" ec="93" bec="0" bev="0" fileid="238" />
                <SequencePoint vc="0" uspid="6678" ordinal="13" offset="144" sl="137" sc="9" el="137" ec="30" bec="0" bev="0" fileid="238" />
                <SequencePoint vc="0" uspid="6679" ordinal="14" offset="151" sl="138" sc="7" el="138" ec="8" bec="0" bev="0" fileid="238" />
                <SequencePoint vc="2" uspid="6680" ordinal="15" offset="153" sl="141" sc="5" el="141" ec="51" bec="2" bev="1" fileid="238" />
                <SequencePoint vc="2" uspid="6681" ordinal="16" offset="166" sl="142" sc="7" el="142" ec="104" bec="2" bev="1" fileid="238" />
                <SequencePoint vc="2" uspid="6682" ordinal="17" offset="205" sl="143" sc="3" el="143" ec="4" bec="0" bev="0" fileid="238" />
              </SequencePoints>
              <BranchPoints>
                <BranchPoint vc="2" uspid="6683" ordinal="0" offset="12" sl="120" path="0" offsetend="17" fileid="238" />
                <BranchPoint vc="0" uspid="6684" ordinal="1" offset="12" sl="120" path="1" offsetend="153" fileid="238" />
                <BranchPoint vc="0" uspid="6685" ordinal="2" offset="50" sl="126" path="0" offsetend="52" fileid="238" />
                <BranchPoint vc="2" uspid="6686" ordinal="3" offset="50" sl="126" path="1" offsetend="65" fileid="238" />
                <BranchPoint vc="0" uspid="6687" ordinal="4" offset="94" sl="131" path="0" offsetend="96" fileid="238" />
                <BranchPoint vc="2" uspid="6688" ordinal="5" offset="94" sl="131" path="1" offsetend="109" fileid="238" />
                <BranchPoint vc="2" uspid="6689" ordinal="6" offset="164" sl="141" path="0" offsetend="166" fileid="238" />
                <BranchPoint vc="0" uspid="6690" ordinal="7" offset="164" sl="141" path="1" offsetend="205" fileid="238" />
                <BranchPoint vc="0" uspid="6691" ordinal="8" offset="183" sl="142" path="0" offsetend="185" fileid="238" />
                <BranchPoint vc="2" uspid="6692" ordinal="9" offset="183" sl="142" path="1" offsetend="188" fileid="238" />
              </BranchPoints>
              <MethodPoint xsi:type="SequencePoint" vc="2" uspid="6665" ordinal="0" offset="0" sl="119" sc="5" el="119" ec="38" bec="0" bev="0" fileid="238" />
            </Method>
            <Method visited="false" cyclomaticComplexity="1" nPathComplexity="0" sequenceCoverage="0" branchCoverage="0" isConstructor="false" isStatic="false" isGetter="false" isSetter="false">
              <Summary numSequencePoints="1" visitedSequencePoints="0" numBranchPoints="1" visitedBranchPoints="0" sequenceCoverage="0" branchCoverage="0" maxCyclomaticComplexity="1" minCyclomaticComplexity="1" visitedClasses="0" numClasses="0" visitedMethods="0" numMethods="1" />
              <MetadataToken>100665013</MetadataToken>
              <Name>System.String IBM.Watson.DeveloperCloud.Services.PersonalityInsights.v3.PersonalityInsights::GetServiceID()</Name>
              <FileRef uid="238" />
              <SequencePoints>
                <SequencePoint vc="0" uspid="6693" ordinal="0" offset="0" sl="149" sc="5" el="149" ec="23" bec="0" bev="0" fileid="238" />
              </SequencePoints>
              <BranchPoints />
              <MethodPoint xsi:type="SequencePoint" vc="0" uspid="6693" ordinal="0" offset="0" sl="149" sc="5" el="149" ec="23" bec="0" bev="0" fileid="238" />
            </Method>
            <Method visited="false" cyclomaticComplexity="2" nPathComplexity="2" sequenceCoverage="0" branchCoverage="0" isConstructor="false" isStatic="false" isGetter="false" isSetter="false">
              <Summary numSequencePoints="4" visitedSequencePoints="0" numBranchPoints="3" visitedBranchPoints="0" sequenceCoverage="0" branchCoverage="0" maxCyclomaticComplexity="2" minCyclomaticComplexity="2" visitedClasses="0" numClasses="0" visitedMethods="0" numMethods="1" />
              <MetadataToken>100665014</MetadataToken>
              <Name>System.Void IBM.Watson.DeveloperCloud.Services.PersonalityInsights.v3.PersonalityInsights::GetServiceStatus(IBM.Watson.DeveloperCloud.Services.ServiceStatus)</Name>
              <FileRef uid="238" />
              <SequencePoints>
                <SequencePoint vc="0" uspid="6694" ordinal="0" offset="0" sl="154" sc="5" el="154" ec="71" bec="2" bev="0" fileid="238" />
                <SequencePoint vc="0" uspid="6695" ordinal="1" offset="17" sl="155" sc="7" el="155" ec="46" bec="0" bev="0" fileid="238" />
                <SequencePoint vc="0" uspid="6696" ordinal="2" offset="26" sl="157" sc="7" el="157" ec="35" bec="0" bev="0" fileid="238" />
                <SequencePoint vc="0" uspid="6697" ordinal="3" offset="38" sl="158" sc="3" el="158" ec="4" bec="0" bev="0" fileid="238" />
              </SequencePoints>
              <BranchPoints>
                <BranchPoint vc="0" uspid="6698" ordinal="0" offset="15" sl="154" path="0" offsetend="17" fileid="238" />
                <BranchPoint vc="0" uspid="6699" ordinal="1" offset="15" sl="154" path="1" offsetend="26" fileid="238" />
              </BranchPoints>
              <MethodPoint xsi:type="SequencePoint" vc="0" uspid="6694" ordinal="0" offset="0" sl="154" sc="5" el="154" ec="71" bec="2" bev="0" fileid="238" />
            </Method>
            <Method visited="true" cyclomaticComplexity="1" nPathComplexity="0" sequenceCoverage="0" branchCoverage="0" isConstructor="true" isStatic="false" isGetter="false" isSetter="false">
              <Summary numSequencePoints="0" visitedSequencePoints="0" numBranchPoints="0" visitedBranchPoints="0" sequenceCoverage="0" branchCoverage="0" maxCyclomaticComplexity="1" minCyclomaticComplexity="1" visitedClasses="0" numClasses="0" visitedMethods="0" numMethods="0" />
              <MetadataToken>100665015</MetadataToken>
              <Name>System.Void IBM.Watson.DeveloperCloud.Services.PersonalityInsights.v3.PersonalityInsights::.ctor()</Name>
              <SequencePoints />
              <BranchPoints />
              <MethodPoint vc="1" uspid="6700" ordinal="0" offset="0" />
            </Method>
            <Method visited="true" cyclomaticComplexity="1" nPathComplexity="0" sequenceCoverage="100" branchCoverage="100" isConstructor="true" isStatic="true" isGetter="false" isSetter="false">
              <Summary numSequencePoints="1" visitedSequencePoints="1" numBranchPoints="1" visitedBranchPoints="1" sequenceCoverage="100" branchCoverage="100" maxCyclomaticComplexity="1" minCyclomaticComplexity="1" visitedClasses="0" numClasses="0" visitedMethods="1" numMethods="1" />
              <MetadataToken>100665016</MetadataToken>
              <Name>System.Void IBM.Watson.DeveloperCloud.Services.PersonalityInsights.v3.PersonalityInsights::.cctor()</Name>
              <FileRef uid="238" />
              <SequencePoints>
                <SequencePoint vc="1" uspid="6701" ordinal="0" offset="0" sl="36" sc="5" el="36" ec="68" bec="0" bev="0" fileid="238" />
              </SequencePoints>
              <BranchPoints />
              <MethodPoint xsi:type="SequencePoint" vc="1" uspid="6701" ordinal="0" offset="0" sl="36" sc="5" el="36" ec="68" bec="0" bev="0" fileid="238" />
            </Method>
          </Methods>
        </Class>
        <Class>
          <Summary numSequencePoints="0" visitedSequencePoints="0" numBranchPoints="0" visitedBranchPoints="0" sequenceCoverage="0" branchCoverage="0" maxCyclomaticComplexity="0" minCyclomaticComplexity="0" visitedClasses="0" numClasses="0" visitedMethods="0" numMethods="0" />
          <FullName>IBM.Watson.DeveloperCloud.Services.PersonalityInsights.v3.PersonalityInsights/OnGetProfile</FullName>
          <Methods>
            <Method skippedDueTo="Unknown" visited="false" cyclomaticComplexity="0" nPathComplexity="0" sequenceCoverage="0" branchCoverage="0" isConstructor="true" isStatic="false" isGetter="false" isSetter="false">
              <MetadataToken>100666941</MetadataToken>
              <Name>System.Void IBM.Watson.DeveloperCloud.Services.PersonalityInsights.v3.PersonalityInsights/OnGetProfile::.ctor(System.Object,System.IntPtr)</Name>
              <SequencePoints />
              <BranchPoints />
            </Method>
            <Method skippedDueTo="Unknown" visited="false" cyclomaticComplexity="0" nPathComplexity="0" sequenceCoverage="0" branchCoverage="0" isConstructor="false" isStatic="false" isGetter="false" isSetter="false">
              <MetadataToken>100666942</MetadataToken>
              <Name>System.Void IBM.Watson.DeveloperCloud.Services.PersonalityInsights.v3.PersonalityInsights/OnGetProfile::Invoke(IBM.Watson.DeveloperCloud.Services.PersonalityInsights.v3.Profile,System.String)</Name>
              <SequencePoints />
              <BranchPoints />
            </Method>
            <Method skippedDueTo="Unknown" visited="false" cyclomaticComplexity="0" nPathComplexity="0" sequenceCoverage="0" branchCoverage="0" isConstructor="false" isStatic="false" isGetter="false" isSetter="false">
              <MetadataToken>100666943</MetadataToken>
              <Name>System.IAsyncResult IBM.Watson.DeveloperCloud.Services.PersonalityInsights.v3.PersonalityInsights/OnGetProfile::BeginInvoke(IBM.Watson.DeveloperCloud.Services.PersonalityInsights.v3.Profile,System.String,System.AsyncCallback,System.Object)</Name>
              <SequencePoints />
              <BranchPoints />
            </Method>
            <Method skippedDueTo="Unknown" visited="false" cyclomaticComplexity="0" nPathComplexity="0" sequenceCoverage="0" branchCoverage="0" isConstructor="false" isStatic="false" isGetter="false" isSetter="false">
              <MetadataToken>100666944</MetadataToken>
              <Name>System.Void IBM.Watson.DeveloperCloud.Services.PersonalityInsights.v3.PersonalityInsights/OnGetProfile::EndInvoke(System.IAsyncResult)</Name>
              <SequencePoints />
              <BranchPoints />
            </Method>
          </Methods>
        </Class>
        <Class>
          <Summary numSequencePoints="6" visitedSequencePoints="5" numBranchPoints="6" visitedBranchPoints="5" sequenceCoverage="83.33" branchCoverage="83.33" maxCyclomaticComplexity="1" minCyclomaticComplexity="1" visitedClasses="1" numClasses="1" visitedMethods="5" numMethods="6" />
          <FullName>IBM.Watson.DeveloperCloud.Services.PersonalityInsights.v3.PersonalityInsights/GetProfileRequest</FullName>
          <Methods>
            <Method visited="false" cyclomaticComplexity="1" nPathComplexity="0" sequenceCoverage="0" branchCoverage="0" isConstructor="false" isStatic="false" isGetter="true" isSetter="false">
              <Summary numSequencePoints="1" visitedSequencePoints="0" numBranchPoints="1" visitedBranchPoints="0" sequenceCoverage="0" branchCoverage="0" maxCyclomaticComplexity="1" minCyclomaticComplexity="1" visitedClasses="0" numClasses="0" visitedMethods="0" numMethods="1" />
              <MetadataToken>100666945</MetadataToken>
              <Name>System.String IBM.Watson.DeveloperCloud.Services.PersonalityInsights.v3.PersonalityInsights/GetProfileRequest::get_Source()</Name>
              <FileRef uid="238" />
              <SequencePoints>
                <SequencePoint vc="0" uspid="6702" ordinal="0" offset="0" sl="106" sc="28" el="106" ec="32" bec="0" bev="0" fileid="238" />
              </SequencePoints>
              <BranchPoints />
              <MethodPoint xsi:type="SequencePoint" vc="0" uspid="6702" ordinal="0" offset="0" sl="106" sc="28" el="106" ec="32" bec="0" bev="0" fileid="238" />
            </Method>
            <Method visited="true" cyclomaticComplexity="1" nPathComplexity="0" sequenceCoverage="100" branchCoverage="100" isConstructor="false" isStatic="false" isGetter="false" isSetter="true">
              <Summary numSequencePoints="1" visitedSequencePoints="1" numBranchPoints="1" visitedBranchPoints="1" sequenceCoverage="100" branchCoverage="100" maxCyclomaticComplexity="1" minCyclomaticComplexity="1" visitedClasses="0" numClasses="0" visitedMethods="1" numMethods="1" />
              <MetadataToken>100666946</MetadataToken>
              <Name>System.Void IBM.Watson.DeveloperCloud.Services.PersonalityInsights.v3.PersonalityInsights/GetProfileRequest::set_Source(System.String)</Name>
              <FileRef uid="238" />
              <SequencePoints>
                <SequencePoint vc="2" uspid="6703" ordinal="0" offset="0" sl="106" sc="33" el="106" ec="37" bec="0" bev="0" fileid="238" />
              </SequencePoints>
              <BranchPoints />
              <MethodPoint xsi:type="SequencePoint" vc="2" uspid="6703" ordinal="0" offset="0" sl="106" sc="33" el="106" ec="37" bec="0" bev="0" fileid="238" />
            </Method>
            <Method visited="true" cyclomaticComplexity="1" nPathComplexity="0" sequenceCoverage="100" branchCoverage="100" isConstructor="false" isStatic="false" isGetter="true" isSetter="false">
              <Summary numSequencePoints="1" visitedSequencePoints="1" numBranchPoints="1" visitedBranchPoints="1" sequenceCoverage="100" branchCoverage="100" maxCyclomaticComplexity="1" minCyclomaticComplexity="1" visitedClasses="0" numClasses="0" visitedMethods="1" numMethods="1" />
              <MetadataToken>100666947</MetadataToken>
              <Name>System.String IBM.Watson.DeveloperCloud.Services.PersonalityInsights.v3.PersonalityInsights/GetProfileRequest::get_Data()</Name>
              <FileRef uid="238" />
              <SequencePoints>
                <SequencePoint vc="2" uspid="6704" ordinal="0" offset="0" sl="110" sc="26" el="110" ec="30" bec="0" bev="0" fileid="238" />
              </SequencePoints>
              <BranchPoints />
              <MethodPoint xsi:type="SequencePoint" vc="2" uspid="6704" ordinal="0" offset="0" sl="110" sc="26" el="110" ec="30" bec="0" bev="0" fileid="238" />
            </Method>
            <Method visited="true" cyclomaticComplexity="1" nPathComplexity="0" sequenceCoverage="100" branchCoverage="100" isConstructor="false" isStatic="false" isGetter="false" isSetter="true">
              <Summary numSequencePoints="1" visitedSequencePoints="1" numBranchPoints="1" visitedBranchPoints="1" sequenceCoverage="100" branchCoverage="100" maxCyclomaticComplexity="1" minCyclomaticComplexity="1" visitedClasses="0" numClasses="0" visitedMethods="1" numMethods="1" />
              <MetadataToken>100666948</MetadataToken>
              <Name>System.Void IBM.Watson.DeveloperCloud.Services.PersonalityInsights.v3.PersonalityInsights/GetProfileRequest::set_Data(System.String)</Name>
              <FileRef uid="238" />
              <SequencePoints>
                <SequencePoint vc="2" uspid="6705" ordinal="0" offset="0" sl="110" sc="31" el="110" ec="35" bec="0" bev="0" fileid="238" />
              </SequencePoints>
              <BranchPoints />
              <MethodPoint xsi:type="SequencePoint" vc="2" uspid="6705" ordinal="0" offset="0" sl="110" sc="31" el="110" ec="35" bec="0" bev="0" fileid="238" />
            </Method>
            <Method visited="true" cyclomaticComplexity="1" nPathComplexity="0" sequenceCoverage="100" branchCoverage="100" isConstructor="false" isStatic="false" isGetter="true" isSetter="false">
              <Summary numSequencePoints="1" visitedSequencePoints="1" numBranchPoints="1" visitedBranchPoints="1" sequenceCoverage="100" branchCoverage="100" maxCyclomaticComplexity="1" minCyclomaticComplexity="1" visitedClasses="0" numClasses="0" visitedMethods="1" numMethods="1" />
              <MetadataToken>100666949</MetadataToken>
              <Name>IBM.Watson.DeveloperCloud.Services.PersonalityInsights.v3.PersonalityInsights/OnGetProfile IBM.Watson.DeveloperCloud.Services.PersonalityInsights.v3.PersonalityInsights/GetProfileRequest::get_Callback()</Name>
              <FileRef uid="238" />
              <SequencePoints>
                <SequencePoint vc="4" uspid="6706" ordinal="0" offset="0" sl="114" sc="36" el="114" ec="40" bec="0" bev="0" fileid="238" />
              </SequencePoints>
              <BranchPoints />
              <MethodPoint xsi:type="SequencePoint" vc="4" uspid="6706" ordinal="0" offset="0" sl="114" sc="36" el="114" ec="40" bec="0" bev="0" fileid="238" />
            </Method>
            <Method visited="true" cyclomaticComplexity="1" nPathComplexity="0" sequenceCoverage="100" branchCoverage="100" isConstructor="false" isStatic="false" isGetter="false" isSetter="true">
              <Summary numSequencePoints="1" visitedSequencePoints="1" numBranchPoints="1" visitedBranchPoints="1" sequenceCoverage="100" branchCoverage="100" maxCyclomaticComplexity="1" minCyclomaticComplexity="1" visitedClasses="0" numClasses="0" visitedMethods="1" numMethods="1" />
              <MetadataToken>100666950</MetadataToken>
              <Name>System.Void IBM.Watson.DeveloperCloud.Services.PersonalityInsights.v3.PersonalityInsights/GetProfileRequest::set_Callback(IBM.Watson.DeveloperCloud.Services.PersonalityInsights.v3.PersonalityInsights/OnGetProfile)</Name>
              <FileRef uid="238" />
              <SequencePoints>
                <SequencePoint vc="2" uspid="6707" ordinal="0" offset="0" sl="114" sc="41" el="114" ec="45" bec="0" bev="0" fileid="238" />
              </SequencePoints>
              <BranchPoints />
              <MethodPoint xsi:type="SequencePoint" vc="2" uspid="6707" ordinal="0" offset="0" sl="114" sc="41" el="114" ec="45" bec="0" bev="0" fileid="238" />
            </Method>
            <Method visited="true" cyclomaticComplexity="1" nPathComplexity="0" sequenceCoverage="0" branchCoverage="0" isConstructor="true" isStatic="false" isGetter="false" isSetter="false">
              <Summary numSequencePoints="0" visitedSequencePoints="0" numBranchPoints="0" visitedBranchPoints="0" sequenceCoverage="0" branchCoverage="0" maxCyclomaticComplexity="1" minCyclomaticComplexity="1" visitedClasses="0" numClasses="0" visitedMethods="0" numMethods="0" />
              <MetadataToken>100666951</MetadataToken>
              <Name>System.Void IBM.Watson.DeveloperCloud.Services.PersonalityInsights.v3.PersonalityInsights/GetProfileRequest::.ctor()</Name>
              <SequencePoints />
              <BranchPoints />
              <MethodPoint vc="2" uspid="6708" ordinal="0" offset="0" />
            </Method>
          </Methods>
        </Class>
        <Class>
          <Summary numSequencePoints="10" visitedSequencePoints="0" numBranchPoints="6" visitedBranchPoints="0" sequenceCoverage="0" branchCoverage="0" maxCyclomaticComplexity="2" minCyclomaticComplexity="2" visitedClasses="0" numClasses="1" visitedMethods="0" numMethods="2" />
          <FullName>IBM.Watson.DeveloperCloud.Services.PersonalityInsights.v3.PersonalityInsights/CheckServiceStatus</FullName>
          <Methods>
            <Method visited="false" cyclomaticComplexity="2" nPathComplexity="2" sequenceCoverage="0" branchCoverage="0" isConstructor="true" isStatic="false" isGetter="false" isSetter="false">
              <Summary numSequencePoints="7" visitedSequencePoints="0" numBranchPoints="3" visitedBranchPoints="0" sequenceCoverage="0" branchCoverage="0" maxCyclomaticComplexity="2" minCyclomaticComplexity="2" visitedClasses="0" numClasses="0" visitedMethods="0" numMethods="1" />
              <MetadataToken>100666952</MetadataToken>
              <Name>System.Void IBM.Watson.DeveloperCloud.Services.PersonalityInsights.v3.PersonalityInsights/CheckServiceStatus::.ctor(IBM.Watson.DeveloperCloud.Services.PersonalityInsights.v3.PersonalityInsights,IBM.Watson.DeveloperCloud.Services.ServiceStatus)</Name>
              <FileRef uid="238" />
              <SequencePoints>
                <SequencePoint vc="0" uspid="6709" ordinal="0" offset="0" sl="165" sc="5" el="165" ec="83" bec="0" bev="0" fileid="238" />
                <SequencePoint vc="0" uspid="6710" ordinal="1" offset="6" sl="167" sc="7" el="167" ec="27" bec="0" bev="0" fileid="238" />
                <SequencePoint vc="0" uspid="6711" ordinal="2" offset="13" sl="168" sc="7" el="168" ec="29" bec="0" bev="0" fileid="238" />
                <SequencePoint vc="0" uspid="6712" ordinal="3" offset="20" sl="169" sc="7" el="169" ec="723" bec="0" bev="0" fileid="238" />
                <SequencePoint vc="0" uspid="6713" ordinal="4" offset="26" sl="170" sc="7" el="170" ec="108" bec="2" bev="0" fileid="238" />
                <SequencePoint vc="0" uspid="6714" ordinal="5" offset="81" sl="171" sc="9" el="171" ec="39" bec="0" bev="0" fileid="238" />
                <SequencePoint vc="0" uspid="6715" ordinal="6" offset="98" sl="172" sc="5" el="172" ec="6" bec="0" bev="0" fileid="238" />
              </SequencePoints>
              <BranchPoints>
                <BranchPoint vc="0" uspid="6716" ordinal="0" offset="79" sl="170" path="0" offsetend="81" fileid="238" />
                <BranchPoint vc="0" uspid="6717" ordinal="1" offset="79" sl="170" path="1" offsetend="98" fileid="238" />
              </BranchPoints>
              <MethodPoint xsi:type="SequencePoint" vc="0" uspid="6709" ordinal="0" offset="0" sl="165" sc="5" el="165" ec="83" bec="0" bev="0" fileid="238" />
            </Method>
            <Method visited="false" cyclomaticComplexity="2" nPathComplexity="2" sequenceCoverage="0" branchCoverage="0" isConstructor="false" isStatic="false" isGetter="false" isSetter="false">
              <Summary numSequencePoints="3" visitedSequencePoints="0" numBranchPoints="3" visitedBranchPoints="0" sequenceCoverage="0" branchCoverage="0" maxCyclomaticComplexity="2" minCyclomaticComplexity="2" visitedClasses="0" numClasses="0" visitedMethods="0" numMethods="1" />
              <MetadataToken>100666953</MetadataToken>
              <Name>System.Void IBM.Watson.DeveloperCloud.Services.PersonalityInsights.v3.PersonalityInsights/CheckServiceStatus::OnGetProfile(IBM.Watson.DeveloperCloud.Services.PersonalityInsights.v3.Profile,System.String)</Name>
              <FileRef uid="238" />
              <SequencePoints>
                <SequencePoint vc="0" uspid="6718" ordinal="0" offset="0" sl="176" sc="7" el="176" ec="30" bec="2" bev="0" fileid="238" />
                <SequencePoint vc="0" uspid="6719" ordinal="1" offset="8" sl="177" sc="9" el="177" ec="46" bec="0" bev="0" fileid="238" />
                <SequencePoint vc="0" uspid="6720" ordinal="2" offset="28" sl="178" sc="5" el="178" ec="6" bec="0" bev="0" fileid="238" />
              </SequencePoints>
              <BranchPoints>
                <BranchPoint vc="0" uspid="6721" ordinal="0" offset="6" sl="176" path="0" offsetend="8" fileid="238" />
                <BranchPoint vc="0" uspid="6722" ordinal="1" offset="6" sl="176" path="1" offsetend="28" fileid="238" />
              </BranchPoints>
              <MethodPoint xsi:type="SequencePoint" vc="0" uspid="6718" ordinal="0" offset="0" sl="176" sc="7" el="176" ec="30" bec="2" bev="0" fileid="238" />
            </Method>
          </Methods>
        </Class>
        <Class>
          <Summary numSequencePoints="0" visitedSequencePoints="0" numBranchPoints="0" visitedBranchPoints="0" sequenceCoverage="0" branchCoverage="0" maxCyclomaticComplexity="1" minCyclomaticComplexity="1" visitedClasses="0" numClasses="0" visitedMethods="0" numMethods="0" />
          <FullName>IBM.Watson.DeveloperCloud.Services.PersonalityInsights.v2.Profile</FullName>
          <Methods>
            <Method visited="false" cyclomaticComplexity="1" nPathComplexity="0" sequenceCoverage="0" branchCoverage="0" isConstructor="true" isStatic="false" isGetter="false" isSetter="false">
              <Summary numSequencePoints="0" visitedSequencePoints="0" numBranchPoints="0" visitedBranchPoints="0" sequenceCoverage="0" branchCoverage="0" maxCyclomaticComplexity="1" minCyclomaticComplexity="1" visitedClasses="0" numClasses="0" visitedMethods="0" numMethods="0" />
              <MetadataToken>100665031</MetadataToken>
              <Name>System.Void IBM.Watson.DeveloperCloud.Services.PersonalityInsights.v2.Profile::.ctor()</Name>
              <SequencePoints />
              <BranchPoints />
              <MethodPoint vc="0" uspid="6723" ordinal="0" offset="0" />
            </Method>
          </Methods>
        </Class>
        <Class>
          <Summary numSequencePoints="0" visitedSequencePoints="0" numBranchPoints="0" visitedBranchPoints="0" sequenceCoverage="0" branchCoverage="0" maxCyclomaticComplexity="1" minCyclomaticComplexity="1" visitedClasses="0" numClasses="0" visitedMethods="0" numMethods="0" />
          <FullName>IBM.Watson.DeveloperCloud.Services.PersonalityInsights.v2.TraitTreeNode</FullName>
          <Methods>
            <Method visited="false" cyclomaticComplexity="1" nPathComplexity="0" sequenceCoverage="0" branchCoverage="0" isConstructor="true" isStatic="false" isGetter="false" isSetter="false">
              <Summary numSequencePoints="0" visitedSequencePoints="0" numBranchPoints="0" visitedBranchPoints="0" sequenceCoverage="0" branchCoverage="0" maxCyclomaticComplexity="1" minCyclomaticComplexity="1" visitedClasses="0" numClasses="0" visitedMethods="0" numMethods="0" />
              <MetadataToken>100665048</MetadataToken>
              <Name>System.Void IBM.Watson.DeveloperCloud.Services.PersonalityInsights.v2.TraitTreeNode::.ctor()</Name>
              <SequencePoints />
              <BranchPoints />
              <MethodPoint vc="0" uspid="6724" ordinal="0" offset="0" />
            </Method>
          </Methods>
        </Class>
        <Class>
          <Summary numSequencePoints="0" visitedSequencePoints="0" numBranchPoints="0" visitedBranchPoints="0" sequenceCoverage="0" branchCoverage="0" maxCyclomaticComplexity="1" minCyclomaticComplexity="1" visitedClasses="0" numClasses="0" visitedMethods="0" numMethods="0" />
          <FullName>IBM.Watson.DeveloperCloud.Services.PersonalityInsights.v2.Warning</FullName>
          <Methods>
            <Method visited="false" cyclomaticComplexity="1" nPathComplexity="0" sequenceCoverage="0" branchCoverage="0" isConstructor="true" isStatic="false" isGetter="false" isSetter="false">
              <Summary numSequencePoints="0" visitedSequencePoints="0" numBranchPoints="0" visitedBranchPoints="0" sequenceCoverage="0" branchCoverage="0" maxCyclomaticComplexity="1" minCyclomaticComplexity="1" visitedClasses="0" numClasses="0" visitedMethods="0" numMethods="0" />
              <MetadataToken>100665053</MetadataToken>
              <Name>System.Void IBM.Watson.DeveloperCloud.Services.PersonalityInsights.v2.Warning::.ctor()</Name>
              <SequencePoints />
              <BranchPoints />
              <MethodPoint vc="0" uspid="6725" ordinal="0" offset="0" />
            </Method>
          </Methods>
        </Class>
        <Class>
          <Summary numSequencePoints="0" visitedSequencePoints="0" numBranchPoints="0" visitedBranchPoints="0" sequenceCoverage="0" branchCoverage="0" maxCyclomaticComplexity="1" minCyclomaticComplexity="1" visitedClasses="0" numClasses="0" visitedMethods="0" numMethods="0" />
          <FullName>IBM.Watson.DeveloperCloud.Services.PersonalityInsights.v2.ContentListContainer</FullName>
          <Methods>
            <Method visited="false" cyclomaticComplexity="1" nPathComplexity="0" sequenceCoverage="0" branchCoverage="0" isConstructor="true" isStatic="false" isGetter="false" isSetter="false">
              <Summary numSequencePoints="0" visitedSequencePoints="0" numBranchPoints="0" visitedBranchPoints="0" sequenceCoverage="0" branchCoverage="0" maxCyclomaticComplexity="1" minCyclomaticComplexity="1" visitedClasses="0" numClasses="0" visitedMethods="0" numMethods="0" />
              <MetadataToken>100665056</MetadataToken>
              <Name>System.Void IBM.Watson.DeveloperCloud.Services.PersonalityInsights.v2.ContentListContainer::.ctor()</Name>
              <SequencePoints />
              <BranchPoints />
              <MethodPoint vc="0" uspid="6726" ordinal="0" offset="0" />
            </Method>
          </Methods>
        </Class>
        <Class>
          <Summary numSequencePoints="0" visitedSequencePoints="0" numBranchPoints="0" visitedBranchPoints="0" sequenceCoverage="0" branchCoverage="0" maxCyclomaticComplexity="1" minCyclomaticComplexity="1" visitedClasses="0" numClasses="0" visitedMethods="0" numMethods="0" />
          <FullName>IBM.Watson.DeveloperCloud.Services.PersonalityInsights.v2.ContentItem</FullName>
          <Methods>
            <Method visited="false" cyclomaticComplexity="1" nPathComplexity="0" sequenceCoverage="0" branchCoverage="0" isConstructor="true" isStatic="false" isGetter="false" isSetter="false">
              <Summary numSequencePoints="0" visitedSequencePoints="0" numBranchPoints="0" visitedBranchPoints="0" sequenceCoverage="0" branchCoverage="0" maxCyclomaticComplexity="1" minCyclomaticComplexity="1" visitedClasses="0" numClasses="0" visitedMethods="0" numMethods="0" />
              <MetadataToken>100665079</MetadataToken>
              <Name>System.Void IBM.Watson.DeveloperCloud.Services.PersonalityInsights.v2.ContentItem::.ctor()</Name>
              <SequencePoints />
              <BranchPoints />
              <MethodPoint vc="0" uspid="6727" ordinal="0" offset="0" />
            </Method>
          </Methods>
        </Class>
        <Class>
          <Summary numSequencePoints="0" visitedSequencePoints="0" numBranchPoints="0" visitedBranchPoints="0" sequenceCoverage="0" branchCoverage="0" maxCyclomaticComplexity="1" minCyclomaticComplexity="1" visitedClasses="0" numClasses="0" visitedMethods="0" numMethods="0" />
          <FullName>IBM.Watson.DeveloperCloud.Services.PersonalityInsights.v2.ContentType</FullName>
          <Methods>
            <Method visited="false" cyclomaticComplexity="1" nPathComplexity="0" sequenceCoverage="0" branchCoverage="0" isConstructor="true" isStatic="false" isGetter="false" isSetter="false">
              <Summary numSequencePoints="0" visitedSequencePoints="0" numBranchPoints="0" visitedBranchPoints="0" sequenceCoverage="0" branchCoverage="0" maxCyclomaticComplexity="1" minCyclomaticComplexity="1" visitedClasses="0" numClasses="0" visitedMethods="0" numMethods="0" />
              <MetadataToken>100665080</MetadataToken>
              <Name>System.Void IBM.Watson.DeveloperCloud.Services.PersonalityInsights.v2.ContentType::.ctor()</Name>
              <SequencePoints />
              <BranchPoints />
              <MethodPoint vc="0" uspid="6728" ordinal="0" offset="0" />
            </Method>
          </Methods>
        </Class>
        <Class>
          <Summary numSequencePoints="0" visitedSequencePoints="0" numBranchPoints="0" visitedBranchPoints="0" sequenceCoverage="0" branchCoverage="0" maxCyclomaticComplexity="1" minCyclomaticComplexity="1" visitedClasses="0" numClasses="0" visitedMethods="0" numMethods="0" />
          <FullName>IBM.Watson.DeveloperCloud.Services.PersonalityInsights.v2.Language</FullName>
          <Methods>
            <Method visited="false" cyclomaticComplexity="1" nPathComplexity="0" sequenceCoverage="0" branchCoverage="0" isConstructor="true" isStatic="false" isGetter="false" isSetter="false">
              <Summary numSequencePoints="0" visitedSequencePoints="0" numBranchPoints="0" visitedBranchPoints="0" sequenceCoverage="0" branchCoverage="0" maxCyclomaticComplexity="1" minCyclomaticComplexity="1" visitedClasses="0" numClasses="0" visitedMethods="0" numMethods="0" />
              <MetadataToken>100665081</MetadataToken>
              <Name>System.Void IBM.Watson.DeveloperCloud.Services.PersonalityInsights.v2.Language::.ctor()</Name>
              <SequencePoints />
              <BranchPoints />
              <MethodPoint vc="0" uspid="6729" ordinal="0" offset="0" />
            </Method>
          </Methods>
        </Class>
        <Class>
          <Summary numSequencePoints="55" visitedSequencePoints="0" numBranchPoints="31" visitedBranchPoints="0" sequenceCoverage="0" branchCoverage="0" maxCyclomaticComplexity="9" minCyclomaticComplexity="1" visitedClasses="0" numClasses="1" visitedMethods="0" numMethods="5" />
          <FullName>IBM.Watson.DeveloperCloud.Services.PersonalityInsights.v2.PersonalityInsights</FullName>
          <Methods>
            <Method visited="false" cyclomaticComplexity="9" nPathComplexity="128" sequenceCoverage="0" branchCoverage="0" isConstructor="false" isStatic="false" isGetter="false" isSetter="false">
              <Summary numSequencePoints="31" visitedSequencePoints="0" numBranchPoints="15" visitedBranchPoints="0" sequenceCoverage="0" branchCoverage="0" maxCyclomaticComplexity="9" minCyclomaticComplexity="9" visitedClasses="0" numClasses="0" visitedMethods="0" numMethods="1" />
              <MetadataToken>100665082</MetadataToken>
              <Name>System.Boolean IBM.Watson.DeveloperCloud.Services.PersonalityInsights.v2.PersonalityInsights::GetProfile(IBM.Watson.DeveloperCloud.Services.PersonalityInsights.v2.PersonalityInsights/OnGetProfile,System.String,System.String,System.String,System.String,System.String,System.Boolean,System.Boolean,System.String)</Name>
              <FileRef uid="246" />
              <SequencePoints>
                <SequencePoint vc="0" uspid="6730" ordinal="0" offset="0" sl="69" sc="7" el="69" ec="28" bec="2" bev="0" fileid="246" />
                <SequencePoint vc="0" uspid="6731" ordinal="1" offset="3" sl="70" sc="9" el="70" ec="53" bec="0" bev="0" fileid="246" />
                <SequencePoint vc="0" uspid="6732" ordinal="2" offset="14" sl="71" sc="7" el="71" ec="40" bec="2" bev="0" fileid="246" />
                <SequencePoint vc="0" uspid="6733" ordinal="3" offset="22" sl="72" sc="9" el="72" ec="94" bec="0" bev="0" fileid="246" />
                <SequencePoint vc="0" uspid="6734" ordinal="4" offset="33" sl="74" sc="7" el="74" ec="93" bec="0" bev="0" fileid="246" />
                <SequencePoint vc="0" uspid="6735" ordinal="5" offset="50" sl="75" sc="7" el="75" ec="29" bec="2" bev="0" fileid="246" />
                <SequencePoint vc="0" uspid="6736" ordinal="6" offset="53" sl="76" sc="9" el="76" ec="22" bec="0" bev="0" fileid="246" />
                <SequencePoint vc="0" uspid="6737" ordinal="7" offset="55" sl="78" sc="7" el="78" ec="55" bec="0" bev="0" fileid="246" />
                <SequencePoint vc="0" uspid="6738" ordinal="8" offset="61" sl="79" sc="7" el="79" ec="31" bec="0" bev="0" fileid="246" />
                <SequencePoint vc="0" uspid="6739" ordinal="9" offset="68" sl="80" sc="7" el="80" ec="43" bec="0" bev="0" fileid="246" />
                <SequencePoint vc="0" uspid="6740" ordinal="10" offset="86" sl="82" sc="7" el="82" ec="61" bec="0" bev="0" fileid="246" />
                <SequencePoint vc="0" uspid="6741" ordinal="11" offset="109" sl="83" sc="7" el="83" ec="54" bec="0" bev="0" fileid="246" />
                <SequencePoint vc="0" uspid="6742" ordinal="12" offset="132" sl="85" sc="7" el="85" ec="49" bec="0" bev="0" fileid="246" />
                <SequencePoint vc="0" uspid="6743" ordinal="13" offset="149" sl="86" sc="7" el="86" ec="57" bec="0" bev="0" fileid="246" />
                <SequencePoint vc="0" uspid="6744" ordinal="14" offset="167" sl="87" sc="7" el="87" ec="38" bec="0" bev="0" fileid="246" />
                <SequencePoint vc="0" uspid="6745" ordinal="15" offset="185" sl="88" sc="7" el="88" ec="55" bec="0" bev="0" fileid="246" />
                <SequencePoint vc="0" uspid="6746" ordinal="16" offset="203" sl="90" sc="7" el="90" ec="31" bec="0" bev="0" fileid="246" />
                <SequencePoint vc="0" uspid="6747" ordinal="17" offset="205" sl="91" sc="25" el="91" ec="51" bec="0" bev="0" fileid="246" />
                <SequencePoint vc="0" uspid="6748" ordinal="18" offset="216" sl="91" sc="15" el="91" ec="21" bec="0" bev="0" fileid="246" />
                <SequencePoint vc="0" uspid="6749" ordinal="19" offset="222" sl="93" sc="9" el="93" ec="26" bec="2" bev="0" fileid="246" />
                <SequencePoint vc="0" uspid="6750" ordinal="20" offset="225" sl="96" sc="9" el="96" ec="33" bec="0" bev="0" fileid="246" />
                <SequencePoint vc="0" uspid="6751" ordinal="21" offset="234" sl="97" sc="9" el="97" ec="32" bec="2" bev="0" fileid="246" />
                <SequencePoint vc="0" uspid="6752" ordinal="22" offset="244" sl="98" sc="11" el="98" ec="31" bec="0" bev="0" fileid="246" />
                <SequencePoint vc="0" uspid="6753" ordinal="23" offset="252" sl="91" sc="22" el="91" ec="24" bec="0" bev="0" fileid="246" />
                <SequencePoint vc="0" uspid="6754" ordinal="24" offset="259" sl="101" sc="7" el="101" ec="52" bec="3" bev="0" fileid="246" />
                <SequencePoint vc="0" uspid="6755" ordinal="25" offset="270" sl="103" sc="9" el="103" ec="43" bec="0" bev="0" fileid="246" />
                <SequencePoint vc="0" uspid="6756" ordinal="26" offset="273" sl="104" sc="9" el="104" ec="45" bec="0" bev="0" fileid="246" />
                <SequencePoint vc="0" uspid="6757" ordinal="27" offset="281" sl="105" sc="9" el="105" ec="65" bec="0" bev="0" fileid="246" />
                <SequencePoint vc="0" uspid="6758" ordinal="28" offset="299" sl="106" sc="7" el="106" ec="8" bec="0" bev="0" fileid="246" />
                <SequencePoint vc="0" uspid="6759" ordinal="29" offset="301" sl="109" sc="9" el="109" ec="63" bec="0" bev="0" fileid="246" />
                <SequencePoint vc="0" uspid="6760" ordinal="30" offset="318" sl="112" sc="7" el="112" ec="34" bec="0" bev="0" fileid="246" />
              </SequencePoints>
              <BranchPoints>
                <BranchPoint vc="0" uspid="6761" ordinal="0" offset="1" sl="69" path="0" offsetend="3" fileid="246" />
                <BranchPoint vc="0" uspid="6762" ordinal="1" offset="1" sl="69" path="1" offsetend="14" fileid="246" />
                <BranchPoint vc="0" uspid="6763" ordinal="2" offset="20" sl="71" path="0" offsetend="22" fileid="246" />
                <BranchPoint vc="0" uspid="6764" ordinal="3" offset="20" sl="71" path="1" offsetend="33" fileid="246" />
                <BranchPoint vc="0" uspid="6765" ordinal="4" offset="51" sl="75" path="0" offsetend="53" fileid="246" />
                <BranchPoint vc="0" uspid="6766" ordinal="5" offset="51" sl="75" path="1" offsetend="55" fileid="246" />
                <BranchPoint vc="0" uspid="6767" ordinal="6" offset="223" sl="93" path="0" offsetend="225" fileid="246" />
                <BranchPoint vc="0" uspid="6768" ordinal="7" offset="223" sl="93" path="1" offsetend="259" fileid="246" />
                <BranchPoint vc="0" uspid="6769" ordinal="8" offset="242" sl="97" path="0" offsetend="244" fileid="246" />
                <BranchPoint vc="0" uspid="6770" ordinal="9" offset="242" sl="97" path="1" offsetend="246" fileid="246" />
                <BranchPoint vc="0" uspid="6773" ordinal="12" offset="260" sl="101" path="0" offsetend="262" fileid="246" />
                <BranchPoint vc="0" uspid="6774" ordinal="13" offset="260" sl="101" path="1" offsetend="301" fileid="246" />
                <BranchPoint vc="0" uspid="6775" ordinal="14" offset="268" sl="101" path="0" offsetend="270" fileid="246" />
                <BranchPoint vc="0" uspid="6776" ordinal="15" offset="268" sl="101" path="1" offsetend="301" fileid="246" />
              </BranchPoints>
              <MethodPoint xsi:type="SequencePoint" vc="0" uspid="6730" ordinal="0" offset="0" sl="69" sc="7" el="69" ec="28" bec="2" bev="0" fileid="246" />
            </Method>
            <Method visited="false" cyclomaticComplexity="7" nPathComplexity="32" sequenceCoverage="0" branchCoverage="0" isConstructor="false" isStatic="false" isGetter="false" isSetter="false">
              <Summary numSequencePoints="18" visitedSequencePoints="0" numBranchPoints="11" visitedBranchPoints="0" sequenceCoverage="0" branchCoverage="0" maxCyclomaticComplexity="7" minCyclomaticComplexity="7" visitedClasses="0" numClasses="0" visitedMethods="0" numMethods="1" />
              <MetadataToken>100665083</MetadataToken>
              <Name>System.Void IBM.Watson.DeveloperCloud.Services.PersonalityInsights.v2.PersonalityInsights::GetProfileResponse(IBM.Watson.DeveloperCloud.Connection.RESTConnector/Request,IBM.Watson.DeveloperCloud.Connection.RESTConnector/Response)</Name>
              <FileRef uid="246" />
              <SequencePoints>
                <SequencePoint vc="0" uspid="6777" ordinal="0" offset="0" sl="132" sc="7" el="132" ec="40" bec="0" bev="0" fileid="246" />
                <SequencePoint vc="0" uspid="6778" ordinal="1" offset="6" sl="133" sc="7" el="133" ec="24" bec="2" bev="0" fileid="246" />
                <SequencePoint vc="0" uspid="6779" ordinal="2" offset="17" sl="137" sc="11" el="137" ec="30" bec="0" bev="0" fileid="246" />
                <SequencePoint vc="0" uspid="6780" ordinal="3" offset="19" sl="138" sc="11" el="138" ec="89" bec="0" bev="0" fileid="246" />
                <SequencePoint vc="0" uspid="6781" ordinal="4" offset="43" sl="139" sc="11" el="139" ec="28" bec="2" bev="0" fileid="246" />
                <SequencePoint vc="0" uspid="6782" ordinal="5" offset="52" sl="140" sc="13" el="140" ec="60" bec="0" bev="0" fileid="246" />
                <SequencePoint vc="0" uspid="6783" ordinal="6" offset="65" sl="142" sc="11" el="142" ec="33" bec="0" bev="0" fileid="246" />
                <SequencePoint vc="0" uspid="6784" ordinal="7" offset="67" sl="143" sc="11" el="143" ec="74" bec="0" bev="0" fileid="246" />
                <SequencePoint vc="0" uspid="6785" ordinal="8" offset="87" sl="144" sc="11" el="144" ec="28" bec="2" bev="0" fileid="246" />
                <SequencePoint vc="0" uspid="6786" ordinal="9" offset="96" sl="145" sc="13" el="145" ec="60" bec="0" bev="0" fileid="246" />
                <SequencePoint vc="0" uspid="6787" ordinal="10" offset="109" sl="146" sc="9" el="146" ec="10" bec="0" bev="0" fileid="246" />
                <SequencePoint vc="0" uspid="6788" ordinal="11" offset="111" sl="147" sc="9" el="147" ec="28" bec="0" bev="0" fileid="246" />
                <SequencePoint vc="0" uspid="6789" ordinal="12" offset="113" sl="149" sc="11" el="149" ec="95" bec="0" bev="0" fileid="246" />
                <SequencePoint vc="0" uspid="6790" ordinal="13" offset="144" sl="150" sc="11" el="150" ec="32" bec="0" bev="0" fileid="246" />
                <SequencePoint vc="0" uspid="6791" ordinal="14" offset="151" sl="151" sc="9" el="151" ec="10" bec="0" bev="0" fileid="246" />
                <SequencePoint vc="0" uspid="6792" ordinal="15" offset="153" sl="154" sc="7" el="154" ec="53" bec="2" bev="0" fileid="246" />
                <SequencePoint vc="0" uspid="6793" ordinal="16" offset="166" sl="155" sc="9" el="155" ec="106" bec="2" bev="0" fileid="246" />
                <SequencePoint vc="0" uspid="6794" ordinal="17" offset="205" sl="156" sc="5" el="156" ec="6" bec="0" bev="0" fileid="246" />
              </SequencePoints>
              <BranchPoints>
                <BranchPoint vc="0" uspid="6795" ordinal="0" offset="12" sl="133" path="0" offsetend="17" fileid="246" />
                <BranchPoint vc="0" uspid="6796" ordinal="1" offset="12" sl="133" path="1" offsetend="153" fileid="246" />
                <BranchPoint vc="0" uspid="6797" ordinal="2" offset="50" sl="139" path="0" offsetend="52" fileid="246" />
                <BranchPoint vc="0" uspid="6798" ordinal="3" offset="50" sl="139" path="1" offsetend="65" fileid="246" />
                <BranchPoint vc="0" uspid="6799" ordinal="4" offset="94" sl="144" path="0" offsetend="96" fileid="246" />
                <BranchPoint vc="0" uspid="6800" ordinal="5" offset="94" sl="144" path="1" offsetend="109" fileid="246" />
                <BranchPoint vc="0" uspid="6801" ordinal="6" offset="164" sl="154" path="0" offsetend="166" fileid="246" />
                <BranchPoint vc="0" uspid="6802" ordinal="7" offset="164" sl="154" path="1" offsetend="205" fileid="246" />
                <BranchPoint vc="0" uspid="6803" ordinal="8" offset="183" sl="155" path="0" offsetend="185" fileid="246" />
                <BranchPoint vc="0" uspid="6804" ordinal="9" offset="183" sl="155" path="1" offsetend="188" fileid="246" />
              </BranchPoints>
              <MethodPoint xsi:type="SequencePoint" vc="0" uspid="6777" ordinal="0" offset="0" sl="132" sc="7" el="132" ec="40" bec="0" bev="0" fileid="246" />
            </Method>
            <Method visited="false" cyclomaticComplexity="1" nPathComplexity="0" sequenceCoverage="0" branchCoverage="0" isConstructor="false" isStatic="false" isGetter="false" isSetter="false">
              <Summary numSequencePoints="1" visitedSequencePoints="0" numBranchPoints="1" visitedBranchPoints="0" sequenceCoverage="0" branchCoverage="0" maxCyclomaticComplexity="1" minCyclomaticComplexity="1" visitedClasses="0" numClasses="0" visitedMethods="0" numMethods="1" />
              <MetadataToken>100665084</MetadataToken>
              <Name>System.String IBM.Watson.DeveloperCloud.Services.PersonalityInsights.v2.PersonalityInsights::GetServiceID()</Name>
              <FileRef uid="246" />
              <SequencePoints>
                <SequencePoint vc="0" uspid="6805" ordinal="0" offset="0" sl="163" sc="7" el="163" ec="25" bec="0" bev="0" fileid="246" />
              </SequencePoints>
              <BranchPoints />
              <MethodPoint xsi:type="SequencePoint" vc="0" uspid="6805" ordinal="0" offset="0" sl="163" sc="7" el="163" ec="25" bec="0" bev="0" fileid="246" />
            </Method>
            <Method visited="false" cyclomaticComplexity="2" nPathComplexity="2" sequenceCoverage="0" branchCoverage="0" isConstructor="false" isStatic="false" isGetter="false" isSetter="false">
              <Summary numSequencePoints="4" visitedSequencePoints="0" numBranchPoints="3" visitedBranchPoints="0" sequenceCoverage="0" branchCoverage="0" maxCyclomaticComplexity="2" minCyclomaticComplexity="2" visitedClasses="0" numClasses="0" visitedMethods="0" numMethods="1" />
              <MetadataToken>100665085</MetadataToken>
              <Name>System.Void IBM.Watson.DeveloperCloud.Services.PersonalityInsights.v2.PersonalityInsights::GetServiceStatus(IBM.Watson.DeveloperCloud.Services.ServiceStatus)</Name>
              <FileRef uid="246" />
              <SequencePoints>
                <SequencePoint vc="0" uspid="6806" ordinal="0" offset="0" sl="169" sc="7" el="169" ec="73" bec="2" bev="0" fileid="246" />
                <SequencePoint vc="0" uspid="6807" ordinal="1" offset="17" sl="170" sc="9" el="170" ec="48" bec="0" bev="0" fileid="246" />
                <SequencePoint vc="0" uspid="6808" ordinal="2" offset="26" sl="172" sc="9" el="172" ec="37" bec="0" bev="0" fileid="246" />
                <SequencePoint vc="0" uspid="6809" ordinal="3" offset="38" sl="173" sc="5" el="173" ec="6" bec="0" bev="0" fileid="246" />
              </SequencePoints>
              <BranchPoints>
                <BranchPoint vc="0" uspid="6810" ordinal="0" offset="15" sl="169" path="0" offsetend="17" fileid="246" />
                <BranchPoint vc="0" uspid="6811" ordinal="1" offset="15" sl="169" path="1" offsetend="26" fileid="246" />
              </BranchPoints>
              <MethodPoint xsi:type="SequencePoint" vc="0" uspid="6806" ordinal="0" offset="0" sl="169" sc="7" el="169" ec="73" bec="2" bev="0" fileid="246" />
            </Method>
            <Method visited="false" cyclomaticComplexity="1" nPathComplexity="0" sequenceCoverage="0" branchCoverage="0" isConstructor="true" isStatic="false" isGetter="false" isSetter="false">
              <Summary numSequencePoints="0" visitedSequencePoints="0" numBranchPoints="0" visitedBranchPoints="0" sequenceCoverage="0" branchCoverage="0" maxCyclomaticComplexity="1" minCyclomaticComplexity="1" visitedClasses="0" numClasses="0" visitedMethods="0" numMethods="0" />
              <MetadataToken>100665086</MetadataToken>
              <Name>System.Void IBM.Watson.DeveloperCloud.Services.PersonalityInsights.v2.PersonalityInsights::.ctor()</Name>
              <SequencePoints />
              <BranchPoints />
              <MethodPoint vc="0" uspid="6812" ordinal="0" offset="0" />
            </Method>
            <Method visited="false" cyclomaticComplexity="1" nPathComplexity="0" sequenceCoverage="0" branchCoverage="0" isConstructor="true" isStatic="true" isGetter="false" isSetter="false">
              <Summary numSequencePoints="1" visitedSequencePoints="0" numBranchPoints="1" visitedBranchPoints="0" sequenceCoverage="0" branchCoverage="0" maxCyclomaticComplexity="1" minCyclomaticComplexity="1" visitedClasses="0" numClasses="0" visitedMethods="0" numMethods="1" />
              <MetadataToken>100665087</MetadataToken>
              <Name>System.Void IBM.Watson.DeveloperCloud.Services.PersonalityInsights.v2.PersonalityInsights::.cctor()</Name>
              <FileRef uid="246" />
              <SequencePoints>
                <SequencePoint vc="0" uspid="6813" ordinal="0" offset="0" sl="36" sc="5" el="36" ec="68" bec="0" bev="0" fileid="246" />
              </SequencePoints>
              <BranchPoints />
              <MethodPoint xsi:type="SequencePoint" vc="0" uspid="6813" ordinal="0" offset="0" sl="36" sc="5" el="36" ec="68" bec="0" bev="0" fileid="246" />
            </Method>
          </Methods>
        </Class>
        <Class>
          <Summary numSequencePoints="0" visitedSequencePoints="0" numBranchPoints="0" visitedBranchPoints="0" sequenceCoverage="0" branchCoverage="0" maxCyclomaticComplexity="0" minCyclomaticComplexity="0" visitedClasses="0" numClasses="0" visitedMethods="0" numMethods="0" />
          <FullName>IBM.Watson.DeveloperCloud.Services.PersonalityInsights.v2.PersonalityInsights/OnGetProfile</FullName>
          <Methods>
            <Method skippedDueTo="Unknown" visited="false" cyclomaticComplexity="0" nPathComplexity="0" sequenceCoverage="0" branchCoverage="0" isConstructor="true" isStatic="false" isGetter="false" isSetter="false">
              <MetadataToken>100666954</MetadataToken>
              <Name>System.Void IBM.Watson.DeveloperCloud.Services.PersonalityInsights.v2.PersonalityInsights/OnGetProfile::.ctor(System.Object,System.IntPtr)</Name>
              <SequencePoints />
              <BranchPoints />
            </Method>
            <Method skippedDueTo="Unknown" visited="false" cyclomaticComplexity="0" nPathComplexity="0" sequenceCoverage="0" branchCoverage="0" isConstructor="false" isStatic="false" isGetter="false" isSetter="false">
              <MetadataToken>100666955</MetadataToken>
              <Name>System.Void IBM.Watson.DeveloperCloud.Services.PersonalityInsights.v2.PersonalityInsights/OnGetProfile::Invoke(IBM.Watson.DeveloperCloud.Services.PersonalityInsights.v2.Profile,System.String)</Name>
              <SequencePoints />
              <BranchPoints />
            </Method>
            <Method skippedDueTo="Unknown" visited="false" cyclomaticComplexity="0" nPathComplexity="0" sequenceCoverage="0" branchCoverage="0" isConstructor="false" isStatic="false" isGetter="false" isSetter="false">
              <MetadataToken>100666956</MetadataToken>
              <Name>System.IAsyncResult IBM.Watson.DeveloperCloud.Services.PersonalityInsights.v2.PersonalityInsights/OnGetProfile::BeginInvoke(IBM.Watson.DeveloperCloud.Services.PersonalityInsights.v2.Profile,System.String,System.AsyncCallback,System.Object)</Name>
              <SequencePoints />
              <BranchPoints />
            </Method>
            <Method skippedDueTo="Unknown" visited="false" cyclomaticComplexity="0" nPathComplexity="0" sequenceCoverage="0" branchCoverage="0" isConstructor="false" isStatic="false" isGetter="false" isSetter="false">
              <MetadataToken>100666957</MetadataToken>
              <Name>System.Void IBM.Watson.DeveloperCloud.Services.PersonalityInsights.v2.PersonalityInsights/OnGetProfile::EndInvoke(System.IAsyncResult)</Name>
              <SequencePoints />
              <BranchPoints />
            </Method>
          </Methods>
        </Class>
        <Class>
          <Summary numSequencePoints="4" visitedSequencePoints="0" numBranchPoints="4" visitedBranchPoints="0" sequenceCoverage="0" branchCoverage="0" maxCyclomaticComplexity="1" minCyclomaticComplexity="1" visitedClasses="0" numClasses="1" visitedMethods="0" numMethods="4" />
          <FullName>IBM.Watson.DeveloperCloud.Services.PersonalityInsights.v2.PersonalityInsights/GetProfileRequest</FullName>
          <Methods>
            <Method visited="false" cyclomaticComplexity="1" nPathComplexity="0" sequenceCoverage="0" branchCoverage="0" isConstructor="false" isStatic="false" isGetter="true" isSetter="false">
              <Summary numSequencePoints="1" visitedSequencePoints="0" numBranchPoints="1" visitedBranchPoints="0" sequenceCoverage="0" branchCoverage="0" maxCyclomaticComplexity="1" minCyclomaticComplexity="1" visitedClasses="0" numClasses="0" visitedMethods="0" numMethods="1" />
              <MetadataToken>100666958</MetadataToken>
              <Name>System.String IBM.Watson.DeveloperCloud.Services.PersonalityInsights.v2.PersonalityInsights/GetProfileRequest::get_Data()</Name>
              <FileRef uid="246" />
              <SequencePoints>
                <SequencePoint vc="0" uspid="6814" ordinal="0" offset="0" sl="123" sc="28" el="123" ec="32" bec="0" bev="0" fileid="246" />
              </SequencePoints>
              <BranchPoints />
              <MethodPoint xsi:type="SequencePoint" vc="0" uspid="6814" ordinal="0" offset="0" sl="123" sc="28" el="123" ec="32" bec="0" bev="0" fileid="246" />
            </Method>
            <Method visited="false" cyclomaticComplexity="1" nPathComplexity="0" sequenceCoverage="0" branchCoverage="0" isConstructor="false" isStatic="false" isGetter="false" isSetter="true">
              <Summary numSequencePoints="1" visitedSequencePoints="0" numBranchPoints="1" visitedBranchPoints="0" sequenceCoverage="0" branchCoverage="0" maxCyclomaticComplexity="1" minCyclomaticComplexity="1" visitedClasses="0" numClasses="0" visitedMethods="0" numMethods="1" />
              <MetadataToken>100666959</MetadataToken>
              <Name>System.Void IBM.Watson.DeveloperCloud.Services.PersonalityInsights.v2.PersonalityInsights/GetProfileRequest::set_Data(System.String)</Name>
              <FileRef uid="246" />
              <SequencePoints>
                <SequencePoint vc="0" uspid="6815" ordinal="0" offset="0" sl="123" sc="33" el="123" ec="37" bec="0" bev="0" fileid="246" />
              </SequencePoints>
              <BranchPoints />
              <MethodPoint xsi:type="SequencePoint" vc="0" uspid="6815" ordinal="0" offset="0" sl="123" sc="33" el="123" ec="37" bec="0" bev="0" fileid="246" />
            </Method>
            <Method visited="false" cyclomaticComplexity="1" nPathComplexity="0" sequenceCoverage="0" branchCoverage="0" isConstructor="false" isStatic="false" isGetter="true" isSetter="false">
              <Summary numSequencePoints="1" visitedSequencePoints="0" numBranchPoints="1" visitedBranchPoints="0" sequenceCoverage="0" branchCoverage="0" maxCyclomaticComplexity="1" minCyclomaticComplexity="1" visitedClasses="0" numClasses="0" visitedMethods="0" numMethods="1" />
              <MetadataToken>100666960</MetadataToken>
              <Name>IBM.Watson.DeveloperCloud.Services.PersonalityInsights.v2.PersonalityInsights/OnGetProfile IBM.Watson.DeveloperCloud.Services.PersonalityInsights.v2.PersonalityInsights/GetProfileRequest::get_Callback()</Name>
              <FileRef uid="246" />
              <SequencePoints>
                <SequencePoint vc="0" uspid="6816" ordinal="0" offset="0" sl="127" sc="38" el="127" ec="42" bec="0" bev="0" fileid="246" />
              </SequencePoints>
              <BranchPoints />
              <MethodPoint xsi:type="SequencePoint" vc="0" uspid="6816" ordinal="0" offset="0" sl="127" sc="38" el="127" ec="42" bec="0" bev="0" fileid="246" />
            </Method>
            <Method visited="false" cyclomaticComplexity="1" nPathComplexity="0" sequenceCoverage="0" branchCoverage="0" isConstructor="false" isStatic="false" isGetter="false" isSetter="true">
              <Summary numSequencePoints="1" visitedSequencePoints="0" numBranchPoints="1" visitedBranchPoints="0" sequenceCoverage="0" branchCoverage="0" maxCyclomaticComplexity="1" minCyclomaticComplexity="1" visitedClasses="0" numClasses="0" visitedMethods="0" numMethods="1" />
              <MetadataToken>100666961</MetadataToken>
              <Name>System.Void IBM.Watson.DeveloperCloud.Services.PersonalityInsights.v2.PersonalityInsights/GetProfileRequest::set_Callback(IBM.Watson.DeveloperCloud.Services.PersonalityInsights.v2.PersonalityInsights/OnGetProfile)</Name>
              <FileRef uid="246" />
              <SequencePoints>
                <SequencePoint vc="0" uspid="6817" ordinal="0" offset="0" sl="127" sc="43" el="127" ec="47" bec="0" bev="0" fileid="246" />
              </SequencePoints>
              <BranchPoints />
              <MethodPoint xsi:type="SequencePoint" vc="0" uspid="6817" ordinal="0" offset="0" sl="127" sc="43" el="127" ec="47" bec="0" bev="0" fileid="246" />
            </Method>
            <Method visited="false" cyclomaticComplexity="1" nPathComplexity="0" sequenceCoverage="0" branchCoverage="0" isConstructor="true" isStatic="false" isGetter="false" isSetter="false">
              <Summary numSequencePoints="0" visitedSequencePoints="0" numBranchPoints="0" visitedBranchPoints="0" sequenceCoverage="0" branchCoverage="0" maxCyclomaticComplexity="1" minCyclomaticComplexity="1" visitedClasses="0" numClasses="0" visitedMethods="0" numMethods="0" />
              <MetadataToken>100666962</MetadataToken>
              <Name>System.Void IBM.Watson.DeveloperCloud.Services.PersonalityInsights.v2.PersonalityInsights/GetProfileRequest::.ctor()</Name>
              <SequencePoints />
              <BranchPoints />
              <MethodPoint vc="0" uspid="6818" ordinal="0" offset="0" />
            </Method>
          </Methods>
        </Class>
        <Class>
          <Summary numSequencePoints="10" visitedSequencePoints="0" numBranchPoints="6" visitedBranchPoints="0" sequenceCoverage="0" branchCoverage="0" maxCyclomaticComplexity="2" minCyclomaticComplexity="2" visitedClasses="0" numClasses="1" visitedMethods="0" numMethods="2" />
          <FullName>IBM.Watson.DeveloperCloud.Services.PersonalityInsights.v2.PersonalityInsights/CheckServiceStatus</FullName>
          <Methods>
            <Method visited="false" cyclomaticComplexity="2" nPathComplexity="2" sequenceCoverage="0" branchCoverage="0" isConstructor="true" isStatic="false" isGetter="false" isSetter="false">
              <Summary numSequencePoints="7" visitedSequencePoints="0" numBranchPoints="3" visitedBranchPoints="0" sequenceCoverage="0" branchCoverage="0" maxCyclomaticComplexity="2" minCyclomaticComplexity="2" visitedClasses="0" numClasses="0" visitedMethods="0" numMethods="1" />
              <MetadataToken>100666963</MetadataToken>
              <Name>System.Void IBM.Watson.DeveloperCloud.Services.PersonalityInsights.v2.PersonalityInsights/CheckServiceStatus::.ctor(IBM.Watson.DeveloperCloud.Services.PersonalityInsights.v2.PersonalityInsights,IBM.Watson.DeveloperCloud.Services.ServiceStatus)</Name>
              <FileRef uid="246" />
              <SequencePoints>
                <SequencePoint vc="0" uspid="6819" ordinal="0" offset="0" sl="180" sc="7" el="180" ec="85" bec="0" bev="0" fileid="246" />
                <SequencePoint vc="0" uspid="6820" ordinal="1" offset="6" sl="182" sc="9" el="182" ec="29" bec="0" bev="0" fileid="246" />
                <SequencePoint vc="0" uspid="6821" ordinal="2" offset="13" sl="183" sc="9" el="183" ec="31" bec="0" bev="0" fileid="246" />
                <SequencePoint vc="0" uspid="6822" ordinal="3" offset="20" sl="184" sc="9" el="184" ec="725" bec="0" bev="0" fileid="246" />
                <SequencePoint vc="0" uspid="6823" ordinal="4" offset="26" sl="185" sc="9" el="185" ec="103" bec="2" bev="0" fileid="246" />
                <SequencePoint vc="0" uspid="6824" ordinal="5" offset="75" sl="186" sc="11" el="186" ec="41" bec="0" bev="0" fileid="246" />
                <SequencePoint vc="0" uspid="6825" ordinal="6" offset="92" sl="187" sc="7" el="187" ec="8" bec="0" bev="0" fileid="246" />
              </SequencePoints>
              <BranchPoints>
                <BranchPoint vc="0" uspid="6826" ordinal="0" offset="73" sl="185" path="0" offsetend="75" fileid="246" />
                <BranchPoint vc="0" uspid="6827" ordinal="1" offset="73" sl="185" path="1" offsetend="92" fileid="246" />
              </BranchPoints>
              <MethodPoint xsi:type="SequencePoint" vc="0" uspid="6819" ordinal="0" offset="0" sl="180" sc="7" el="180" ec="85" bec="0" bev="0" fileid="246" />
            </Method>
            <Method visited="false" cyclomaticComplexity="2" nPathComplexity="2" sequenceCoverage="0" branchCoverage="0" isConstructor="false" isStatic="false" isGetter="false" isSetter="false">
              <Summary numSequencePoints="3" visitedSequencePoints="0" numBranchPoints="3" visitedBranchPoints="0" sequenceCoverage="0" branchCoverage="0" maxCyclomaticComplexity="2" minCyclomaticComplexity="2" visitedClasses="0" numClasses="0" visitedMethods="0" numMethods="1" />
              <MetadataToken>100666964</MetadataToken>
              <Name>System.Void IBM.Watson.DeveloperCloud.Services.PersonalityInsights.v2.PersonalityInsights/CheckServiceStatus::OnGetProfile(IBM.Watson.DeveloperCloud.Services.PersonalityInsights.v2.Profile,System.String)</Name>
              <FileRef uid="246" />
              <SequencePoints>
                <SequencePoint vc="0" uspid="6828" ordinal="0" offset="0" sl="191" sc="9" el="191" ec="32" bec="2" bev="0" fileid="246" />
                <SequencePoint vc="0" uspid="6829" ordinal="1" offset="8" sl="192" sc="11" el="192" ec="48" bec="0" bev="0" fileid="246" />
                <SequencePoint vc="0" uspid="6830" ordinal="2" offset="28" sl="193" sc="7" el="193" ec="8" bec="0" bev="0" fileid="246" />
              </SequencePoints>
              <BranchPoints>
                <BranchPoint vc="0" uspid="6831" ordinal="0" offset="6" sl="191" path="0" offsetend="8" fileid="246" />
                <BranchPoint vc="0" uspid="6832" ordinal="1" offset="6" sl="191" path="1" offsetend="28" fileid="246" />
              </BranchPoints>
              <MethodPoint xsi:type="SequencePoint" vc="0" uspid="6828" ordinal="0" offset="0" sl="191" sc="9" el="191" ec="32" bec="2" bev="0" fileid="246" />
            </Method>
          </Methods>
        </Class>
        <Class>
          <Summary numSequencePoints="0" visitedSequencePoints="0" numBranchPoints="0" visitedBranchPoints="0" sequenceCoverage="0" branchCoverage="0" maxCyclomaticComplexity="1" minCyclomaticComplexity="1" visitedClasses="0" numClasses="0" visitedMethods="0" numMethods="0" />
          <FullName>IBM.Watson.DeveloperCloud.Services.NaturalLanguageClassifier.v1.Classifier</FullName>
          <Methods>
            <Method visited="true" cyclomaticComplexity="1" nPathComplexity="0" sequenceCoverage="0" branchCoverage="0" isConstructor="true" isStatic="false" isGetter="false" isSetter="false">
              <Summary numSequencePoints="0" visitedSequencePoints="0" numBranchPoints="0" visitedBranchPoints="0" sequenceCoverage="0" branchCoverage="0" maxCyclomaticComplexity="1" minCyclomaticComplexity="1" visitedClasses="0" numClasses="0" visitedMethods="0" numMethods="0" />
              <MetadataToken>100665102</MetadataToken>
              <Name>System.Void IBM.Watson.DeveloperCloud.Services.NaturalLanguageClassifier.v1.Classifier::.ctor()</Name>
              <SequencePoints />
              <BranchPoints />
              <MethodPoint vc="4" uspid="6833" ordinal="0" offset="0" />
            </Method>
          </Methods>
        </Class>
        <Class>
          <Summary numSequencePoints="0" visitedSequencePoints="0" numBranchPoints="0" visitedBranchPoints="0" sequenceCoverage="0" branchCoverage="0" maxCyclomaticComplexity="1" minCyclomaticComplexity="1" visitedClasses="0" numClasses="0" visitedMethods="0" numMethods="0" />
          <FullName>IBM.Watson.DeveloperCloud.Services.NaturalLanguageClassifier.v1.Classifiers</FullName>
          <Methods>
            <Method visited="true" cyclomaticComplexity="1" nPathComplexity="0" sequenceCoverage="0" branchCoverage="0" isConstructor="true" isStatic="false" isGetter="false" isSetter="false">
              <Summary numSequencePoints="0" visitedSequencePoints="0" numBranchPoints="0" visitedBranchPoints="0" sequenceCoverage="0" branchCoverage="0" maxCyclomaticComplexity="1" minCyclomaticComplexity="1" visitedClasses="0" numClasses="0" visitedMethods="0" numMethods="0" />
              <MetadataToken>100665105</MetadataToken>
              <Name>System.Void IBM.Watson.DeveloperCloud.Services.NaturalLanguageClassifier.v1.Classifiers::.ctor()</Name>
              <SequencePoints />
              <BranchPoints />
              <MethodPoint vc="2" uspid="6834" ordinal="0" offset="0" />
            </Method>
          </Methods>
        </Class>
        <Class>
          <Summary numSequencePoints="0" visitedSequencePoints="0" numBranchPoints="0" visitedBranchPoints="0" sequenceCoverage="0" branchCoverage="0" maxCyclomaticComplexity="1" minCyclomaticComplexity="1" visitedClasses="0" numClasses="0" visitedMethods="0" numMethods="0" />
          <FullName>IBM.Watson.DeveloperCloud.Services.NaturalLanguageClassifier.v1.Class</FullName>
          <Methods>
            <Method visited="false" cyclomaticComplexity="1" nPathComplexity="0" sequenceCoverage="0" branchCoverage="0" isConstructor="true" isStatic="false" isGetter="false" isSetter="false">
              <Summary numSequencePoints="0" visitedSequencePoints="0" numBranchPoints="0" visitedBranchPoints="0" sequenceCoverage="0" branchCoverage="0" maxCyclomaticComplexity="1" minCyclomaticComplexity="1" visitedClasses="0" numClasses="0" visitedMethods="0" numMethods="0" />
              <MetadataToken>100665110</MetadataToken>
              <Name>System.Void IBM.Watson.DeveloperCloud.Services.NaturalLanguageClassifier.v1.Class::.ctor()</Name>
              <SequencePoints />
              <BranchPoints />
              <MethodPoint vc="0" uspid="6835" ordinal="0" offset="0" />
            </Method>
          </Methods>
        </Class>
        <Class>
          <Summary numSequencePoints="0" visitedSequencePoints="0" numBranchPoints="0" visitedBranchPoints="0" sequenceCoverage="0" branchCoverage="0" maxCyclomaticComplexity="1" minCyclomaticComplexity="1" visitedClasses="0" numClasses="0" visitedMethods="0" numMethods="0" />
          <FullName>IBM.Watson.DeveloperCloud.Services.NaturalLanguageClassifier.v1.ClassifyResult</FullName>
          <Methods>
            <Method visited="true" cyclomaticComplexity="1" nPathComplexity="0" sequenceCoverage="0" branchCoverage="0" isConstructor="true" isStatic="false" isGetter="false" isSetter="false">
              <Summary numSequencePoints="0" visitedSequencePoints="0" numBranchPoints="0" visitedBranchPoints="0" sequenceCoverage="0" branchCoverage="0" maxCyclomaticComplexity="1" minCyclomaticComplexity="1" visitedClasses="0" numClasses="0" visitedMethods="0" numMethods="0" />
              <MetadataToken>100665122</MetadataToken>
              <Name>System.Void IBM.Watson.DeveloperCloud.Services.NaturalLanguageClassifier.v1.ClassifyResult::.ctor()</Name>
              <SequencePoints />
              <BranchPoints />
              <MethodPoint vc="1" uspid="6836" ordinal="0" offset="0" />
            </Method>
          </Methods>
        </Class>
        <Class>
          <Summary numSequencePoints="188" visitedSequencePoints="122" numBranchPoints="111" visitedBranchPoints="56" sequenceCoverage="64.89" branchCoverage="50.45" maxCyclomaticComplexity="9" minCyclomaticComplexity="1" visitedClasses="1" numClasses="1" visitedMethods="16" numMethods="19" />
          <FullName>IBM.Watson.DeveloperCloud.Services.NaturalLanguageClassifier.v1.NaturalLanguageClassifier</FullName>
          <Methods>
            <Method visited="true" cyclomaticComplexity="1" nPathComplexity="0" sequenceCoverage="100" branchCoverage="100" isConstructor="false" isStatic="false" isGetter="true" isSetter="false">
              <Summary numSequencePoints="1" visitedSequencePoints="1" numBranchPoints="1" visitedBranchPoints="1" sequenceCoverage="100" branchCoverage="100" maxCyclomaticComplexity="1" minCyclomaticComplexity="1" visitedClasses="0" numClasses="0" visitedMethods="1" numMethods="1" />
              <MetadataToken>100665123</MetadataToken>
              <Name>System.Boolean IBM.Watson.DeveloperCloud.Services.NaturalLanguageClassifier.v1.NaturalLanguageClassifier::get_DisableCache()</Name>
              <FileRef uid="253" />
              <SequencePoints>
                <SequencePoint vc="1" uspid="6837" ordinal="0" offset="0" sl="74" sc="32" el="74" ec="36" bec="0" bev="0" fileid="253" />
              </SequencePoints>
              <BranchPoints />
              <MethodPoint xsi:type="SequencePoint" vc="1" uspid="6837" ordinal="0" offset="0" sl="74" sc="32" el="74" ec="36" bec="0" bev="0" fileid="253" />
            </Method>
            <Method visited="true" cyclomaticComplexity="1" nPathComplexity="0" sequenceCoverage="100" branchCoverage="100" isConstructor="false" isStatic="false" isGetter="false" isSetter="true">
              <Summary numSequencePoints="1" visitedSequencePoints="1" numBranchPoints="1" visitedBranchPoints="1" sequenceCoverage="100" branchCoverage="100" maxCyclomaticComplexity="1" minCyclomaticComplexity="1" visitedClasses="0" numClasses="0" visitedMethods="1" numMethods="1" />
              <MetadataToken>100665124</MetadataToken>
              <Name>System.Void IBM.Watson.DeveloperCloud.Services.NaturalLanguageClassifier.v1.NaturalLanguageClassifier::set_DisableCache(System.Boolean)</Name>
              <FileRef uid="253" />
              <SequencePoints>
                <SequencePoint vc="1" uspid="6838" ordinal="0" offset="0" sl="74" sc="37" el="74" ec="41" bec="0" bev="0" fileid="253" />
              </SequencePoints>
              <BranchPoints />
              <MethodPoint xsi:type="SequencePoint" vc="1" uspid="6838" ordinal="0" offset="0" sl="74" sc="37" el="74" ec="41" bec="0" bev="0" fileid="253" />
            </Method>
            <Method visited="true" cyclomaticComplexity="1" nPathComplexity="0" sequenceCoverage="100" branchCoverage="100" isConstructor="false" isStatic="false" isGetter="false" isSetter="false">
              <Summary numSequencePoints="2" visitedSequencePoints="2" numBranchPoints="1" visitedBranchPoints="1" sequenceCoverage="100" branchCoverage="100" maxCyclomaticComplexity="1" minCyclomaticComplexity="1" visitedClasses="0" numClasses="0" visitedMethods="1" numMethods="1" />
              <MetadataToken>100665125</MetadataToken>
              <Name>System.Void IBM.Watson.DeveloperCloud.Services.NaturalLanguageClassifier.v1.NaturalLanguageClassifier::FindClassifier(System.String,IBM.Watson.DeveloperCloud.Services.NaturalLanguageClassifier.v1.NaturalLanguageClassifier/OnFindClassifier)</Name>
              <FileRef uid="253" />
              <SequencePoints>
                <SequencePoint vc="1" uspid="6839" ordinal="0" offset="0" sl="91" sc="7" el="91" ec="61" bec="0" bev="0" fileid="253" />
                <SequencePoint vc="1" uspid="6840" ordinal="1" offset="9" sl="92" sc="5" el="92" ec="6" bec="0" bev="0" fileid="253" />
              </SequencePoints>
              <BranchPoints />
              <MethodPoint xsi:type="SequencePoint" vc="1" uspid="6839" ordinal="0" offset="0" sl="91" sc="7" el="91" ec="61" bec="0" bev="0" fileid="253" />
            </Method>
            <Method visited="true" cyclomaticComplexity="3" nPathComplexity="4" sequenceCoverage="77.78" branchCoverage="60" isConstructor="false" isStatic="false" isGetter="false" isSetter="false">
              <Summary numSequencePoints="9" visitedSequencePoints="7" numBranchPoints="5" visitedBranchPoints="3" sequenceCoverage="77.78" branchCoverage="60" maxCyclomaticComplexity="3" minCyclomaticComplexity="3" visitedClasses="0" numClasses="0" visitedMethods="1" numMethods="1" />
              <MetadataToken>100665126</MetadataToken>
              <Name>System.Boolean IBM.Watson.DeveloperCloud.Services.NaturalLanguageClassifier.v1.NaturalLanguageClassifier::GetClassifiers(IBM.Watson.DeveloperCloud.Services.NaturalLanguageClassifier.v1.NaturalLanguageClassifier/OnGetClassifiers)</Name>
              <FileRef uid="253" />
              <SequencePoints>
                <SequencePoint vc="2" uspid="6841" ordinal="0" offset="0" sl="150" sc="7" el="150" ec="28" bec="2" bev="1" fileid="253" />
                <SequencePoint vc="0" uspid="6842" ordinal="1" offset="3" sl="151" sc="9" el="151" ec="53" bec="0" bev="0" fileid="253" />
                <SequencePoint vc="2" uspid="6843" ordinal="2" offset="14" sl="153" sc="7" el="153" ec="91" bec="0" bev="0" fileid="253" />
                <SequencePoint vc="2" uspid="6844" ordinal="3" offset="31" sl="154" sc="7" el="154" ec="29" bec="2" bev="1" fileid="253" />
                <SequencePoint vc="0" uspid="6845" ordinal="4" offset="34" sl="155" sc="9" el="155" ec="22" bec="0" bev="0" fileid="253" />
                <SequencePoint vc="2" uspid="6846" ordinal="5" offset="36" sl="157" sc="7" el="157" ec="55" bec="0" bev="0" fileid="253" />
                <SequencePoint vc="2" uspid="6847" ordinal="6" offset="42" sl="158" sc="7" el="158" ec="31" bec="0" bev="0" fileid="253" />
                <SequencePoint vc="2" uspid="6848" ordinal="7" offset="49" sl="159" sc="7" el="159" ec="45" bec="0" bev="0" fileid="253" />
                <SequencePoint vc="2" uspid="6849" ordinal="8" offset="67" sl="161" sc="7" el="161" ec="34" bec="0" bev="0" fileid="253" />
              </SequencePoints>
              <BranchPoints>
                <BranchPoint vc="0" uspid="6850" ordinal="0" offset="1" sl="150" path="0" offsetend="3" fileid="253" />
                <BranchPoint vc="2" uspid="6851" ordinal="1" offset="1" sl="150" path="1" offsetend="14" fileid="253" />
                <BranchPoint vc="0" uspid="6852" ordinal="2" offset="32" sl="154" path="0" offsetend="34" fileid="253" />
                <BranchPoint vc="2" uspid="6853" ordinal="3" offset="32" sl="154" path="1" offsetend="36" fileid="253" />
              </BranchPoints>
              <MethodPoint xsi:type="SequencePoint" vc="2" uspid="6841" ordinal="0" offset="0" sl="150" sc="7" el="150" ec="28" bec="2" bev="1" fileid="253" />
            </Method>
            <Method visited="true" cyclomaticComplexity="7" nPathComplexity="32" sequenceCoverage="66.67" branchCoverage="54.55" isConstructor="false" isStatic="false" isGetter="false" isSetter="false">
              <Summary numSequencePoints="18" visitedSequencePoints="12" numBranchPoints="11" visitedBranchPoints="6" sequenceCoverage="66.67" branchCoverage="54.55" maxCyclomaticComplexity="7" minCyclomaticComplexity="7" visitedClasses="0" numClasses="0" visitedMethods="1" numMethods="1" />
              <MetadataToken>100665127</MetadataToken>
              <Name>System.Void IBM.Watson.DeveloperCloud.Services.NaturalLanguageClassifier.v1.NaturalLanguageClassifier::OnGetClassifiersResp(IBM.Watson.DeveloperCloud.Connection.RESTConnector/Request,IBM.Watson.DeveloperCloud.Connection.RESTConnector/Response)</Name>
              <FileRef uid="253" />
              <SequencePoints>
                <SequencePoint vc="2" uspid="6854" ordinal="0" offset="0" sl="169" sc="7" el="169" ec="51" bec="0" bev="0" fileid="253" />
                <SequencePoint vc="2" uspid="6855" ordinal="1" offset="6" sl="170" sc="7" el="170" ec="24" bec="2" bev="1" fileid="253" />
                <SequencePoint vc="2" uspid="6856" ordinal="2" offset="17" sl="174" sc="11" el="174" ec="30" bec="0" bev="0" fileid="253" />
                <SequencePoint vc="2" uspid="6857" ordinal="3" offset="19" sl="175" sc="11" el="175" ec="89" bec="0" bev="0" fileid="253" />
                <SequencePoint vc="2" uspid="6858" ordinal="4" offset="43" sl="176" sc="11" el="176" ec="28" bec="2" bev="1" fileid="253" />
                <SequencePoint vc="0" uspid="6859" ordinal="5" offset="52" sl="177" sc="13" el="177" ec="60" bec="0" bev="0" fileid="253" />
                <SequencePoint vc="2" uspid="6860" ordinal="6" offset="65" sl="179" sc="11" el="179" ec="36" bec="0" bev="0" fileid="253" />
                <SequencePoint vc="2" uspid="6861" ordinal="7" offset="67" sl="180" sc="11" el="180" ec="74" bec="0" bev="0" fileid="253" />
                <SequencePoint vc="2" uspid="6862" ordinal="8" offset="87" sl="181" sc="11" el="181" ec="28" bec="2" bev="1" fileid="253" />
                <SequencePoint vc="0" uspid="6863" ordinal="9" offset="96" sl="182" sc="13" el="182" ec="60" bec="0" bev="0" fileid="253" />
                <SequencePoint vc="2" uspid="6864" ordinal="10" offset="109" sl="183" sc="9" el="183" ec="10" bec="0" bev="0" fileid="253" />
                <SequencePoint vc="0" uspid="6865" ordinal="11" offset="111" sl="184" sc="9" el="184" ec="28" bec="0" bev="0" fileid="253" />
                <SequencePoint vc="0" uspid="6866" ordinal="12" offset="113" sl="186" sc="11" el="186" ec="99" bec="0" bev="0" fileid="253" />
                <SequencePoint vc="0" uspid="6867" ordinal="13" offset="144" sl="187" sc="11" el="187" ec="32" bec="0" bev="0" fileid="253" />
                <SequencePoint vc="0" uspid="6868" ordinal="14" offset="151" sl="188" sc="9" el="188" ec="10" bec="0" bev="0" fileid="253" />
                <SequencePoint vc="2" uspid="6869" ordinal="15" offset="153" sl="191" sc="7" el="191" ec="53" bec="2" bev="1" fileid="253" />
                <SequencePoint vc="2" uspid="6870" ordinal="16" offset="166" sl="192" sc="9" el="192" ec="78" bec="2" bev="1" fileid="253" />
                <SequencePoint vc="2" uspid="6871" ordinal="17" offset="194" sl="193" sc="5" el="193" ec="6" bec="0" bev="0" fileid="253" />
              </SequencePoints>
              <BranchPoints>
                <BranchPoint vc="2" uspid="6872" ordinal="0" offset="12" sl="170" path="0" offsetend="17" fileid="253" />
                <BranchPoint vc="0" uspid="6873" ordinal="1" offset="12" sl="170" path="1" offsetend="153" fileid="253" />
                <BranchPoint vc="0" uspid="6874" ordinal="2" offset="50" sl="176" path="0" offsetend="52" fileid="253" />
                <BranchPoint vc="2" uspid="6875" ordinal="3" offset="50" sl="176" path="1" offsetend="65" fileid="253" />
                <BranchPoint vc="0" uspid="6876" ordinal="4" offset="94" sl="181" path="0" offsetend="96" fileid="253" />
                <BranchPoint vc="2" uspid="6877" ordinal="5" offset="94" sl="181" path="1" offsetend="109" fileid="253" />
                <BranchPoint vc="2" uspid="6878" ordinal="6" offset="164" sl="191" path="0" offsetend="166" fileid="253" />
                <BranchPoint vc="0" uspid="6879" ordinal="7" offset="164" sl="191" path="1" offsetend="194" fileid="253" />
                <BranchPoint vc="0" uspid="6880" ordinal="8" offset="183" sl="192" path="0" offsetend="185" fileid="253" />
                <BranchPoint vc="2" uspid="6881" ordinal="9" offset="183" sl="192" path="1" offsetend="188" fileid="253" />
              </BranchPoints>
              <MethodPoint xsi:type="SequencePoint" vc="2" uspid="6854" ordinal="0" offset="0" sl="169" sc="7" el="169" ec="51" bec="0" bev="0" fileid="253" />
            </Method>
            <Method visited="true" cyclomaticComplexity="4" nPathComplexity="8" sequenceCoverage="72.73" branchCoverage="57.14" isConstructor="false" isStatic="false" isGetter="false" isSetter="false">
              <Summary numSequencePoints="11" visitedSequencePoints="8" numBranchPoints="7" visitedBranchPoints="4" sequenceCoverage="72.73" branchCoverage="57.14" maxCyclomaticComplexity="4" minCyclomaticComplexity="4" visitedClasses="0" numClasses="0" visitedMethods="1" numMethods="1" />
              <MetadataToken>100665128</MetadataToken>
              <Name>System.Boolean IBM.Watson.DeveloperCloud.Services.NaturalLanguageClassifier.v1.NaturalLanguageClassifier::GetClassifier(System.String,IBM.Watson.DeveloperCloud.Services.NaturalLanguageClassifier.v1.NaturalLanguageClassifier/OnGetClassifier)</Name>
              <FileRef uid="253" />
              <SequencePoints>
                <SequencePoint vc="2" uspid="6882" ordinal="0" offset="0" sl="205" sc="7" el="205" ec="46" bec="2" bev="1" fileid="253" />
                <SequencePoint vc="0" uspid="6883" ordinal="1" offset="8" sl="206" sc="9" el="206" ec="57" bec="0" bev="0" fileid="253" />
                <SequencePoint vc="2" uspid="6884" ordinal="2" offset="19" sl="207" sc="7" el="207" ec="28" bec="2" bev="1" fileid="253" />
                <SequencePoint vc="0" uspid="6885" ordinal="3" offset="22" sl="208" sc="9" el="208" ec="53" bec="0" bev="0" fileid="253" />
                <SequencePoint vc="2" uspid="6886" ordinal="4" offset="33" sl="210" sc="7" el="210" ec="107" bec="0" bev="0" fileid="253" />
                <SequencePoint vc="2" uspid="6887" ordinal="5" offset="56" sl="211" sc="7" el="211" ec="29" bec="2" bev="1" fileid="253" />
                <SequencePoint vc="0" uspid="6888" ordinal="6" offset="59" sl="212" sc="9" el="212" ec="22" bec="0" bev="0" fileid="253" />
                <SequencePoint vc="2" uspid="6889" ordinal="7" offset="61" sl="214" sc="7" el="214" ec="53" bec="0" bev="0" fileid="253" />
                <SequencePoint vc="2" uspid="6890" ordinal="8" offset="67" sl="215" sc="7" el="215" ec="31" bec="0" bev="0" fileid="253" />
                <SequencePoint vc="2" uspid="6891" ordinal="9" offset="74" sl="216" sc="7" el="216" ec="44" bec="0" bev="0" fileid="253" />
                <SequencePoint vc="2" uspid="6892" ordinal="10" offset="92" sl="218" sc="7" el="218" ec="34" bec="0" bev="0" fileid="253" />
              </SequencePoints>
              <BranchPoints>
                <BranchPoint vc="0" uspid="6893" ordinal="0" offset="6" sl="205" path="0" offsetend="8" fileid="253" />
                <BranchPoint vc="2" uspid="6894" ordinal="1" offset="6" sl="205" path="1" offsetend="19" fileid="253" />
                <BranchPoint vc="0" uspid="6895" ordinal="2" offset="20" sl="207" path="0" offsetend="22" fileid="253" />
                <BranchPoint vc="2" uspid="6896" ordinal="3" offset="20" sl="207" path="1" offsetend="33" fileid="253" />
                <BranchPoint vc="0" uspid="6897" ordinal="4" offset="57" sl="211" path="0" offsetend="59" fileid="253" />
                <BranchPoint vc="2" uspid="6898" ordinal="5" offset="57" sl="211" path="1" offsetend="61" fileid="253" />
              </BranchPoints>
              <MethodPoint xsi:type="SequencePoint" vc="2" uspid="6882" ordinal="0" offset="0" sl="205" sc="7" el="205" ec="46" bec="2" bev="1" fileid="253" />
            </Method>
            <Method visited="true" cyclomaticComplexity="7" nPathComplexity="32" sequenceCoverage="66.67" branchCoverage="54.55" isConstructor="false" isStatic="false" isGetter="false" isSetter="false">
              <Summary numSequencePoints="18" visitedSequencePoints="12" numBranchPoints="11" visitedBranchPoints="6" sequenceCoverage="66.67" branchCoverage="54.55" maxCyclomaticComplexity="7" minCyclomaticComplexity="7" visitedClasses="0" numClasses="0" visitedMethods="1" numMethods="1" />
              <MetadataToken>100665129</MetadataToken>
              <Name>System.Void IBM.Watson.DeveloperCloud.Services.NaturalLanguageClassifier.v1.NaturalLanguageClassifier::OnGetClassifierResp(IBM.Watson.DeveloperCloud.Connection.RESTConnector/Request,IBM.Watson.DeveloperCloud.Connection.RESTConnector/Response)</Name>
              <FileRef uid="253" />
              <SequencePoints>
                <SequencePoint vc="2" uspid="6899" ordinal="0" offset="0" sl="226" sc="7" el="226" ec="48" bec="0" bev="0" fileid="253" />
                <SequencePoint vc="2" uspid="6900" ordinal="1" offset="6" sl="227" sc="7" el="227" ec="24" bec="2" bev="1" fileid="253" />
                <SequencePoint vc="2" uspid="6901" ordinal="2" offset="17" sl="231" sc="11" el="231" ec="30" bec="0" bev="0" fileid="253" />
                <SequencePoint vc="2" uspid="6902" ordinal="3" offset="19" sl="232" sc="11" el="232" ec="89" bec="0" bev="0" fileid="253" />
                <SequencePoint vc="2" uspid="6903" ordinal="4" offset="43" sl="233" sc="11" el="233" ec="28" bec="2" bev="1" fileid="253" />
                <SequencePoint vc="0" uspid="6904" ordinal="5" offset="52" sl="234" sc="13" el="234" ec="60" bec="0" bev="0" fileid="253" />
                <SequencePoint vc="2" uspid="6905" ordinal="6" offset="65" sl="236" sc="11" el="236" ec="35" bec="0" bev="0" fileid="253" />
                <SequencePoint vc="2" uspid="6906" ordinal="7" offset="67" sl="237" sc="11" el="237" ec="74" bec="0" bev="0" fileid="253" />
                <SequencePoint vc="2" uspid="6907" ordinal="8" offset="87" sl="238" sc="11" el="238" ec="28" bec="2" bev="1" fileid="253" />
                <SequencePoint vc="0" uspid="6908" ordinal="9" offset="96" sl="239" sc="13" el="239" ec="60" bec="0" bev="0" fileid="253" />
                <SequencePoint vc="2" uspid="6909" ordinal="10" offset="109" sl="240" sc="9" el="240" ec="10" bec="0" bev="0" fileid="253" />
                <SequencePoint vc="0" uspid="6910" ordinal="11" offset="111" sl="241" sc="9" el="241" ec="28" bec="0" bev="0" fileid="253" />
                <SequencePoint vc="0" uspid="6911" ordinal="12" offset="113" sl="243" sc="11" el="243" ec="99" bec="0" bev="0" fileid="253" />
                <SequencePoint vc="0" uspid="6912" ordinal="13" offset="144" sl="244" sc="11" el="244" ec="32" bec="0" bev="0" fileid="253" />
                <SequencePoint vc="0" uspid="6913" ordinal="14" offset="151" sl="245" sc="9" el="245" ec="10" bec="0" bev="0" fileid="253" />
                <SequencePoint vc="2" uspid="6914" ordinal="15" offset="153" sl="248" sc="7" el="248" ec="52" bec="2" bev="1" fileid="253" />
                <SequencePoint vc="2" uspid="6915" ordinal="16" offset="166" sl="249" sc="9" el="249" ec="76" bec="2" bev="1" fileid="253" />
                <SequencePoint vc="2" uspid="6916" ordinal="17" offset="194" sl="250" sc="5" el="250" ec="6" bec="0" bev="0" fileid="253" />
              </SequencePoints>
              <BranchPoints>
                <BranchPoint vc="2" uspid="6917" ordinal="0" offset="12" sl="227" path="0" offsetend="17" fileid="253" />
                <BranchPoint vc="0" uspid="6918" ordinal="1" offset="12" sl="227" path="1" offsetend="153" fileid="253" />
                <BranchPoint vc="0" uspid="6919" ordinal="2" offset="50" sl="233" path="0" offsetend="52" fileid="253" />
                <BranchPoint vc="2" uspid="6920" ordinal="3" offset="50" sl="233" path="1" offsetend="65" fileid="253" />
                <BranchPoint vc="0" uspid="6921" ordinal="4" offset="94" sl="238" path="0" offsetend="96" fileid="253" />
                <BranchPoint vc="2" uspid="6922" ordinal="5" offset="94" sl="238" path="1" offsetend="109" fileid="253" />
                <BranchPoint vc="2" uspid="6923" ordinal="6" offset="164" sl="248" path="0" offsetend="166" fileid="253" />
                <BranchPoint vc="0" uspid="6924" ordinal="7" offset="164" sl="248" path="1" offsetend="194" fileid="253" />
                <BranchPoint vc="0" uspid="6925" ordinal="8" offset="183" sl="249" path="0" offsetend="185" fileid="253" />
                <BranchPoint vc="2" uspid="6926" ordinal="9" offset="183" sl="249" path="1" offsetend="188" fileid="253" />
              </BranchPoints>
              <MethodPoint xsi:type="SequencePoint" vc="2" uspid="6899" ordinal="0" offset="0" sl="226" sc="7" el="226" ec="48" bec="0" bev="0" fileid="253" />
            </Method>
            <Method visited="true" cyclomaticComplexity="6" nPathComplexity="32" sequenceCoverage="76.19" branchCoverage="54.55" isConstructor="false" isStatic="false" isGetter="false" isSetter="false">
              <Summary numSequencePoints="21" visitedSequencePoints="16" numBranchPoints="11" visitedBranchPoints="6" sequenceCoverage="76.19" branchCoverage="54.55" maxCyclomaticComplexity="6" minCyclomaticComplexity="6" visitedClasses="0" numClasses="0" visitedMethods="1" numMethods="1" />
              <MetadataToken>100665130</MetadataToken>
              <Name>System.Boolean IBM.Watson.DeveloperCloud.Services.NaturalLanguageClassifier.v1.NaturalLanguageClassifier::TrainClassifier(System.String,System.String,System.String,IBM.Watson.DeveloperCloud.Services.NaturalLanguageClassifier.v1.NaturalLanguageClassifier/OnTrainClassifier)</Name>
              <FileRef uid="253" />
              <SequencePoints>
                <SequencePoint vc="1" uspid="6927" ordinal="0" offset="0" sl="264" sc="7" el="264" ec="48" bec="2" bev="1" fileid="253" />
                <SequencePoint vc="0" uspid="6928" ordinal="1" offset="8" sl="265" sc="9" el="265" ec="57" bec="0" bev="0" fileid="253" />
                <SequencePoint vc="1" uspid="6929" ordinal="2" offset="19" sl="266" sc="7" el="266" ec="42" bec="2" bev="1" fileid="253" />
                <SequencePoint vc="0" uspid="6930" ordinal="3" offset="27" sl="267" sc="9" el="267" ec="53" bec="0" bev="0" fileid="253" />
                <SequencePoint vc="1" uspid="6931" ordinal="4" offset="38" sl="268" sc="7" el="268" ec="46" bec="2" bev="1" fileid="253" />
                <SequencePoint vc="0" uspid="6932" ordinal="5" offset="46" sl="269" sc="9" el="269" ec="57" bec="0" bev="0" fileid="253" />
                <SequencePoint vc="1" uspid="6933" ordinal="6" offset="57" sl="270" sc="7" el="270" ec="28" bec="2" bev="1" fileid="253" />
                <SequencePoint vc="0" uspid="6934" ordinal="7" offset="61" sl="271" sc="9" el="271" ec="53" bec="0" bev="0" fileid="253" />
                <SequencePoint vc="1" uspid="6935" ordinal="8" offset="72" sl="273" sc="7" el="273" ec="91" bec="0" bev="0" fileid="253" />
                <SequencePoint vc="1" uspid="6936" ordinal="9" offset="89" sl="274" sc="7" el="274" ec="29" bec="2" bev="1" fileid="253" />
                <SequencePoint vc="0" uspid="6937" ordinal="10" offset="92" sl="275" sc="9" el="275" ec="22" bec="0" bev="0" fileid="253" />
                <SequencePoint vc="1" uspid="6938" ordinal="11" offset="94" sl="277" sc="7" el="277" ec="86" bec="0" bev="0" fileid="253" />
                <SequencePoint vc="1" uspid="6939" ordinal="12" offset="100" sl="278" sc="7" el="278" ec="47" bec="0" bev="0" fileid="253" />
                <SequencePoint vc="1" uspid="6940" ordinal="13" offset="112" sl="279" sc="7" el="279" ec="49" bec="0" bev="0" fileid="253" />
                <SequencePoint vc="1" uspid="6941" ordinal="14" offset="124" sl="281" sc="7" el="281" ec="57" bec="0" bev="0" fileid="253" />
                <SequencePoint vc="1" uspid="6942" ordinal="15" offset="130" sl="282" sc="7" el="282" ec="31" bec="0" bev="0" fileid="253" />
                <SequencePoint vc="1" uspid="6943" ordinal="16" offset="138" sl="283" sc="7" el="283" ec="46" bec="0" bev="0" fileid="253" />
                <SequencePoint vc="1" uspid="6944" ordinal="17" offset="156" sl="284" sc="7" el="284" ec="64" bec="0" bev="0" fileid="253" />
                <SequencePoint vc="1" uspid="6945" ordinal="18" offset="167" sl="285" sc="7" el="285" ec="121" bec="0" bev="0" fileid="253" />
                <SequencePoint vc="1" uspid="6946" ordinal="19" offset="206" sl="286" sc="7" el="286" ec="97" bec="0" bev="0" fileid="253" />
                <SequencePoint vc="1" uspid="6947" ordinal="20" offset="240" sl="288" sc="7" el="288" ec="34" bec="0" bev="0" fileid="253" />
              </SequencePoints>
              <BranchPoints>
                <BranchPoint vc="0" uspid="6948" ordinal="0" offset="6" sl="264" path="0" offsetend="8" fileid="253" />
                <BranchPoint vc="1" uspid="6949" ordinal="1" offset="6" sl="264" path="1" offsetend="19" fileid="253" />
                <BranchPoint vc="0" uspid="6950" ordinal="2" offset="25" sl="266" path="0" offsetend="27" fileid="253" />
                <BranchPoint vc="1" uspid="6951" ordinal="3" offset="25" sl="266" path="1" offsetend="38" fileid="253" />
                <BranchPoint vc="0" uspid="6952" ordinal="4" offset="44" sl="268" path="0" offsetend="46" fileid="253" />
                <BranchPoint vc="1" uspid="6953" ordinal="5" offset="44" sl="268" path="1" offsetend="57" fileid="253" />
                <BranchPoint vc="0" uspid="6954" ordinal="6" offset="59" sl="270" path="0" offsetend="61" fileid="253" />
                <BranchPoint vc="1" uspid="6955" ordinal="7" offset="59" sl="270" path="1" offsetend="72" fileid="253" />
                <BranchPoint vc="0" uspid="6956" ordinal="8" offset="90" sl="274" path="0" offsetend="92" fileid="253" />
                <BranchPoint vc="1" uspid="6957" ordinal="9" offset="90" sl="274" path="1" offsetend="94" fileid="253" />
              </BranchPoints>
              <MethodPoint xsi:type="SequencePoint" vc="1" uspid="6927" ordinal="0" offset="0" sl="264" sc="7" el="264" ec="48" bec="2" bev="1" fileid="253" />
            </Method>
            <Method visited="true" cyclomaticComplexity="7" nPathComplexity="32" sequenceCoverage="66.67" branchCoverage="54.55" isConstructor="false" isStatic="false" isGetter="false" isSetter="false">
              <Summary numSequencePoints="18" visitedSequencePoints="12" numBranchPoints="11" visitedBranchPoints="6" sequenceCoverage="66.67" branchCoverage="54.55" maxCyclomaticComplexity="7" minCyclomaticComplexity="7" visitedClasses="0" numClasses="0" visitedMethods="1" numMethods="1" />
              <MetadataToken>100665131</MetadataToken>
              <Name>System.Void IBM.Watson.DeveloperCloud.Services.NaturalLanguageClassifier.v1.NaturalLanguageClassifier::OnTrainClassifierResp(IBM.Watson.DeveloperCloud.Connection.RESTConnector/Request,IBM.Watson.DeveloperCloud.Connection.RESTConnector/Response)</Name>
              <FileRef uid="253" />
              <SequencePoints>
                <SequencePoint vc="1" uspid="6958" ordinal="0" offset="0" sl="296" sc="7" el="296" ec="48" bec="0" bev="0" fileid="253" />
                <SequencePoint vc="1" uspid="6959" ordinal="1" offset="6" sl="297" sc="7" el="297" ec="24" bec="2" bev="1" fileid="253" />
                <SequencePoint vc="1" uspid="6960" ordinal="2" offset="17" sl="301" sc="11" el="301" ec="30" bec="0" bev="0" fileid="253" />
                <SequencePoint vc="1" uspid="6961" ordinal="3" offset="19" sl="302" sc="11" el="302" ec="89" bec="0" bev="0" fileid="253" />
                <SequencePoint vc="1" uspid="6962" ordinal="4" offset="43" sl="303" sc="11" el="303" ec="28" bec="2" bev="1" fileid="253" />
                <SequencePoint vc="0" uspid="6963" ordinal="5" offset="52" sl="304" sc="13" el="304" ec="60" bec="0" bev="0" fileid="253" />
                <SequencePoint vc="1" uspid="6964" ordinal="6" offset="65" sl="306" sc="11" el="306" ec="35" bec="0" bev="0" fileid="253" />
                <SequencePoint vc="1" uspid="6965" ordinal="7" offset="67" sl="307" sc="11" el="307" ec="74" bec="0" bev="0" fileid="253" />
                <SequencePoint vc="1" uspid="6966" ordinal="8" offset="87" sl="308" sc="11" el="308" ec="28" bec="2" bev="1" fileid="253" />
                <SequencePoint vc="0" uspid="6967" ordinal="9" offset="96" sl="309" sc="13" el="309" ec="60" bec="0" bev="0" fileid="253" />
                <SequencePoint vc="1" uspid="6968" ordinal="10" offset="109" sl="310" sc="9" el="310" ec="10" bec="0" bev="0" fileid="253" />
                <SequencePoint vc="0" uspid="6969" ordinal="11" offset="111" sl="311" sc="9" el="311" ec="28" bec="0" bev="0" fileid="253" />
                <SequencePoint vc="0" uspid="6970" ordinal="12" offset="113" sl="313" sc="11" el="313" ec="99" bec="0" bev="0" fileid="253" />
                <SequencePoint vc="0" uspid="6971" ordinal="13" offset="144" sl="314" sc="11" el="314" ec="32" bec="0" bev="0" fileid="253" />
                <SequencePoint vc="0" uspid="6972" ordinal="14" offset="151" sl="315" sc="9" el="315" ec="10" bec="0" bev="0" fileid="253" />
                <SequencePoint vc="1" uspid="6973" ordinal="15" offset="153" sl="318" sc="7" el="318" ec="54" bec="2" bev="1" fileid="253" />
                <SequencePoint vc="1" uspid="6974" ordinal="16" offset="166" sl="319" sc="9" el="319" ec="78" bec="2" bev="1" fileid="253" />
                <SequencePoint vc="1" uspid="6975" ordinal="17" offset="194" sl="320" sc="5" el="320" ec="6" bec="0" bev="0" fileid="253" />
              </SequencePoints>
              <BranchPoints>
                <BranchPoint vc="1" uspid="6976" ordinal="0" offset="12" sl="297" path="0" offsetend="17" fileid="253" />
                <BranchPoint vc="0" uspid="6977" ordinal="1" offset="12" sl="297" path="1" offsetend="153" fileid="253" />
                <BranchPoint vc="0" uspid="6978" ordinal="2" offset="50" sl="303" path="0" offsetend="52" fileid="253" />
                <BranchPoint vc="1" uspid="6979" ordinal="3" offset="50" sl="303" path="1" offsetend="65" fileid="253" />
                <BranchPoint vc="0" uspid="6980" ordinal="4" offset="94" sl="308" path="0" offsetend="96" fileid="253" />
                <BranchPoint vc="1" uspid="6981" ordinal="5" offset="94" sl="308" path="1" offsetend="109" fileid="253" />
                <BranchPoint vc="1" uspid="6982" ordinal="6" offset="164" sl="318" path="0" offsetend="166" fileid="253" />
                <BranchPoint vc="0" uspid="6983" ordinal="7" offset="164" sl="318" path="1" offsetend="194" fileid="253" />
                <BranchPoint vc="0" uspid="6984" ordinal="8" offset="183" sl="319" path="0" offsetend="185" fileid="253" />
                <BranchPoint vc="1" uspid="6985" ordinal="9" offset="183" sl="319" path="1" offsetend="188" fileid="253" />
              </BranchPoints>
              <MethodPoint xsi:type="SequencePoint" vc="1" uspid="6958" ordinal="0" offset="0" sl="296" sc="7" el="296" ec="48" bec="0" bev="0" fileid="253" />
            </Method>
            <Method visited="true" cyclomaticComplexity="4" nPathComplexity="8" sequenceCoverage="75" branchCoverage="57.14" isConstructor="false" isStatic="false" isGetter="false" isSetter="false">
              <Summary numSequencePoints="12" visitedSequencePoints="9" numBranchPoints="7" visitedBranchPoints="4" sequenceCoverage="75" branchCoverage="57.14" maxCyclomaticComplexity="4" minCyclomaticComplexity="4" visitedClasses="0" numClasses="0" visitedMethods="1" numMethods="1" />
              <MetadataToken>100665132</MetadataToken>
              <Name>System.Boolean IBM.Watson.DeveloperCloud.Services.NaturalLanguageClassifier.v1.NaturalLanguageClassifier::DeleteClassifer(System.String,IBM.Watson.DeveloperCloud.Services.NaturalLanguageClassifier.v1.NaturalLanguageClassifier/OnDeleteClassifier)</Name>
              <FileRef uid="253" />
              <SequencePoints>
                <SequencePoint vc="1" uspid="6986" ordinal="0" offset="0" sl="332" sc="7" el="332" ec="46" bec="2" bev="1" fileid="253" />
                <SequencePoint vc="0" uspid="6987" ordinal="1" offset="8" sl="333" sc="9" el="333" ec="56" bec="0" bev="0" fileid="253" />
                <SequencePoint vc="1" uspid="6988" ordinal="2" offset="19" sl="334" sc="7" el="334" ec="28" bec="2" bev="1" fileid="253" />
                <SequencePoint vc="0" uspid="6989" ordinal="3" offset="22" sl="335" sc="9" el="335" ec="53" bec="0" bev="0" fileid="253" />
                <SequencePoint vc="1" uspid="6990" ordinal="4" offset="33" sl="337" sc="7" el="337" ec="107" bec="0" bev="0" fileid="253" />
                <SequencePoint vc="1" uspid="6991" ordinal="5" offset="56" sl="338" sc="7" el="338" ec="29" bec="2" bev="1" fileid="253" />
                <SequencePoint vc="0" uspid="6992" ordinal="6" offset="59" sl="339" sc="9" el="339" ec="22" bec="0" bev="0" fileid="253" />
                <SequencePoint vc="1" uspid="6993" ordinal="7" offset="61" sl="341" sc="7" el="341" ec="59" bec="0" bev="0" fileid="253" />
                <SequencePoint vc="1" uspid="6994" ordinal="8" offset="67" sl="342" sc="7" el="342" ec="31" bec="0" bev="0" fileid="253" />
                <SequencePoint vc="1" uspid="6995" ordinal="9" offset="74" sl="343" sc="7" el="343" ec="47" bec="0" bev="0" fileid="253" />
                <SequencePoint vc="1" uspid="6996" ordinal="10" offset="92" sl="344" sc="7" el="344" ec="25" bec="0" bev="0" fileid="253" />
                <SequencePoint vc="1" uspid="6997" ordinal="11" offset="99" sl="346" sc="7" el="346" ec="34" bec="0" bev="0" fileid="253" />
              </SequencePoints>
              <BranchPoints>
                <BranchPoint vc="0" uspid="6998" ordinal="0" offset="6" sl="332" path="0" offsetend="8" fileid="253" />
                <BranchPoint vc="1" uspid="6999" ordinal="1" offset="6" sl="332" path="1" offsetend="19" fileid="253" />
                <BranchPoint vc="0" uspid="7000" ordinal="2" offset="20" sl="334" path="0" offsetend="22" fileid="253" />
                <BranchPoint vc="1" uspid="7001" ordinal="3" offset="20" sl="334" path="1" offsetend="33" fileid="253" />
                <BranchPoint vc="0" uspid="7002" ordinal="4" offset="57" sl="338" path="0" offsetend="59" fileid="253" />
                <BranchPoint vc="1" uspid="7003" ordinal="5" offset="57" sl="338" path="1" offsetend="61" fileid="253" />
              </BranchPoints>
              <MethodPoint xsi:type="SequencePoint" vc="1" uspid="6986" ordinal="0" offset="0" sl="332" sc="7" el="332" ec="46" bec="2" bev="1" fileid="253" />
            </Method>
            <Method visited="true" cyclomaticComplexity="2" nPathComplexity="2" sequenceCoverage="100" branchCoverage="66.67" isConstructor="false" isStatic="false" isGetter="false" isSetter="false">
              <Summary numSequencePoints="3" visitedSequencePoints="3" numBranchPoints="3" visitedBranchPoints="2" sequenceCoverage="100" branchCoverage="66.67" maxCyclomaticComplexity="2" minCyclomaticComplexity="2" visitedClasses="0" numClasses="0" visitedMethods="1" numMethods="1" />
              <MetadataToken>100665133</MetadataToken>
              <Name>System.Void IBM.Watson.DeveloperCloud.Services.NaturalLanguageClassifier.v1.NaturalLanguageClassifier::OnDeleteClassifierResp(IBM.Watson.DeveloperCloud.Connection.RESTConnector/Request,IBM.Watson.DeveloperCloud.Connection.RESTConnector/Response)</Name>
              <FileRef uid="253" />
              <SequencePoints>
                <SequencePoint vc="1" uspid="7004" ordinal="0" offset="0" sl="354" sc="7" el="354" ec="55" bec="2" bev="1" fileid="253" />
                <SequencePoint vc="1" uspid="7005" ordinal="1" offset="13" sl="355" sc="9" el="355" ec="59" bec="0" bev="0" fileid="253" />
                <SequencePoint vc="1" uspid="7006" ordinal="2" offset="35" sl="356" sc="5" el="356" ec="6" bec="0" bev="0" fileid="253" />
              </SequencePoints>
              <BranchPoints>
                <BranchPoint vc="1" uspid="7007" ordinal="0" offset="11" sl="354" path="0" offsetend="13" fileid="253" />
                <BranchPoint vc="0" uspid="7008" ordinal="1" offset="11" sl="354" path="1" offsetend="35" fileid="253" />
              </BranchPoints>
              <MethodPoint xsi:type="SequencePoint" vc="1" uspid="7004" ordinal="0" offset="0" sl="354" sc="7" el="354" ec="55" bec="2" bev="1" fileid="253" />
            </Method>
            <Method visited="false" cyclomaticComplexity="4" nPathComplexity="4" sequenceCoverage="0" branchCoverage="0" isConstructor="false" isStatic="false" isGetter="false" isSetter="false">
              <Summary numSequencePoints="10" visitedSequencePoints="0" numBranchPoints="5" visitedBranchPoints="0" sequenceCoverage="0" branchCoverage="0" maxCyclomaticComplexity="4" minCyclomaticComplexity="4" visitedClasses="0" numClasses="0" visitedMethods="0" numMethods="1" />
              <MetadataToken>100665134</MetadataToken>
              <Name>System.Void IBM.Watson.DeveloperCloud.Services.NaturalLanguageClassifier.v1.NaturalLanguageClassifier::FlushClassifyCache(System.String)</Name>
              <FileRef uid="253" />
              <SequencePoints>
                <SequencePoint vc="0" uspid="7009" ordinal="0" offset="0" sl="366" sc="7" el="366" ec="47" bec="2" bev="0" fileid="253" />
                <SequencePoint vc="0" uspid="7010" ordinal="1" offset="8" sl="368" sc="9" el="368" ec="32" bec="0" bev="0" fileid="253" />
                <SequencePoint vc="0" uspid="7011" ordinal="2" offset="10" sl="369" sc="9" el="369" ec="66" bec="2" bev="0" fileid="253" />
                <SequencePoint vc="0" uspid="7012" ordinal="3" offset="26" sl="370" sc="11" el="370" ec="25" bec="0" bev="0" fileid="253" />
                <SequencePoint vc="0" uspid="7013" ordinal="4" offset="32" sl="371" sc="7" el="371" ec="8" bec="0" bev="0" fileid="253" />
                <SequencePoint vc="0" uspid="7014" ordinal="5" offset="33" sl="374" sc="28" el="374" ec="43" bec="0" bev="0" fileid="253" />
                <SequencePoint vc="0" uspid="7015" ordinal="6" offset="47" sl="374" sc="18" el="374" ec="24" bec="0" bev="0" fileid="253" />
                <SequencePoint vc="0" uspid="7016" ordinal="7" offset="55" sl="375" sc="11" el="375" ec="28" bec="0" bev="0" fileid="253" />
                <SequencePoint vc="0" uspid="7017" ordinal="8" offset="67" sl="374" sc="25" el="374" ec="27" bec="0" bev="0" fileid="253" />
                <SequencePoint vc="0" uspid="7018" ordinal="9" offset="92" sl="377" sc="5" el="377" ec="6" bec="0" bev="0" fileid="253" />
              </SequencePoints>
              <BranchPoints>
                <BranchPoint vc="0" uspid="7019" ordinal="0" offset="6" sl="366" path="0" offsetend="8" fileid="253" />
                <BranchPoint vc="0" uspid="7020" ordinal="1" offset="6" sl="366" path="1" offsetend="33" fileid="253" />
                <BranchPoint vc="0" uspid="7021" ordinal="2" offset="24" sl="369" path="0" offsetend="26" fileid="253" />
                <BranchPoint vc="0" uspid="7022" ordinal="3" offset="24" sl="369" path="1" offsetend="92" fileid="253" />
              </BranchPoints>
              <MethodPoint xsi:type="SequencePoint" vc="0" uspid="7009" ordinal="0" offset="0" sl="366" sc="7" el="366" ec="47" bec="2" bev="0" fileid="253" />
            </Method>
            <Method visited="true" cyclomaticComplexity="9" nPathComplexity="256" sequenceCoverage="56.25" branchCoverage="35.29" isConstructor="false" isStatic="false" isGetter="false" isSetter="false">
              <Summary numSequencePoints="32" visitedSequencePoints="18" numBranchPoints="17" visitedBranchPoints="6" sequenceCoverage="56.25" branchCoverage="35.29" maxCyclomaticComplexity="9" minCyclomaticComplexity="9" visitedClasses="0" numClasses="0" visitedMethods="1" numMethods="1" />
              <MetadataToken>100665135</MetadataToken>
              <Name>System.Boolean IBM.Watson.DeveloperCloud.Services.NaturalLanguageClassifier.v1.NaturalLanguageClassifier::Classify(System.String,System.String,IBM.Watson.DeveloperCloud.Services.NaturalLanguageClassifier.v1.NaturalLanguageClassifier/OnClassify)</Name>
              <FileRef uid="253" />
              <SequencePoints>
                <SequencePoint vc="1" uspid="7025" ordinal="0" offset="0" sl="388" sc="7" el="388" ec="46" bec="2" bev="1" fileid="253" />
                <SequencePoint vc="0" uspid="7026" ordinal="1" offset="8" sl="389" sc="9" el="389" ec="57" bec="0" bev="0" fileid="253" />
                <SequencePoint vc="1" uspid="7027" ordinal="2" offset="19" sl="390" sc="7" el="390" ec="38" bec="2" bev="1" fileid="253" />
                <SequencePoint vc="0" uspid="7028" ordinal="3" offset="27" sl="391" sc="9" el="391" ec="49" bec="0" bev="0" fileid="253" />
                <SequencePoint vc="1" uspid="7029" ordinal="4" offset="38" sl="392" sc="7" el="392" ec="28" bec="2" bev="1" fileid="253" />
                <SequencePoint vc="0" uspid="7030" ordinal="5" offset="41" sl="393" sc="9" el="393" ec="53" bec="0" bev="0" fileid="253" />
                <SequencePoint vc="1" uspid="7031" ordinal="6" offset="52" sl="395" sc="7" el="395" ec="44" bec="0" bev="0" fileid="253" />
                <SequencePoint vc="1" uspid="7032" ordinal="7" offset="59" sl="396" sc="7" el="396" ec="25" bec="2" bev="1" fileid="253" />
                <SequencePoint vc="0" uspid="7033" ordinal="8" offset="67" sl="398" sc="9" el="398" ec="32" bec="0" bev="0" fileid="253" />
                <SequencePoint vc="0" uspid="7034" ordinal="9" offset="70" sl="399" sc="9" el="399" ec="67" bec="2" bev="0" fileid="253" />
                <SequencePoint vc="0" uspid="7035" ordinal="10" offset="86" sl="401" sc="11" el="401" ec="78" bec="0" bev="0" fileid="253" />
                <SequencePoint vc="0" uspid="7036" ordinal="11" offset="119" sl="402" sc="11" el="402" ec="49" bec="0" bev="0" fileid="253" />
                <SequencePoint vc="0" uspid="7037" ordinal="12" offset="133" sl="405" sc="9" el="405" ec="44" bec="0" bev="0" fileid="253" />
                <SequencePoint vc="0" uspid="7038" ordinal="13" offset="143" sl="406" sc="9" el="406" ec="28" bec="2" bev="0" fileid="253" />
                <SequencePoint vc="0" uspid="7039" ordinal="14" offset="147" sl="408" sc="11" el="408" ec="62" bec="0" bev="0" fileid="253" />
                <SequencePoint vc="0" uspid="7040" ordinal="15" offset="157" sl="409" sc="11" el="409" ec="27" bec="2" bev="0" fileid="253" />
                <SequencePoint vc="0" uspid="7041" ordinal="16" offset="161" sl="411" sc="13" el="411" ec="27" bec="0" bev="0" fileid="253" />
                <SequencePoint vc="0" uspid="7042" ordinal="17" offset="169" sl="412" sc="13" el="412" ec="25" bec="0" bev="0" fileid="253" />
                <SequencePoint vc="1" uspid="7043" ordinal="18" offset="171" sl="417" sc="7" el="417" ec="91" bec="0" bev="0" fileid="253" />
                <SequencePoint vc="1" uspid="7044" ordinal="19" offset="188" sl="418" sc="7" el="418" ec="29" bec="2" bev="1" fileid="253" />
                <SequencePoint vc="0" uspid="7045" ordinal="20" offset="191" sl="419" sc="9" el="419" ec="22" bec="0" bev="0" fileid="253" />
                <SequencePoint vc="1" uspid="7046" ordinal="21" offset="193" sl="421" sc="7" el="421" ec="43" bec="0" bev="0" fileid="253" />
                <SequencePoint vc="1" uspid="7047" ordinal="22" offset="199" sl="422" sc="7" el="422" ec="27" bec="0" bev="0" fileid="253" />
                <SequencePoint vc="1" uspid="7048" ordinal="23" offset="206" sl="423" sc="7" el="423" ec="38" bec="0" bev="0" fileid="253" />
                <SequencePoint vc="1" uspid="7049" ordinal="24" offset="213" sl="424" sc="7" el="424" ec="31" bec="0" bev="0" fileid="253" />
                <SequencePoint vc="1" uspid="7050" ordinal="25" offset="220" sl="425" sc="7" el="425" ec="39" bec="0" bev="0" fileid="253" />
                <SequencePoint vc="1" uspid="7051" ordinal="26" offset="238" sl="426" sc="7" el="426" ec="55" bec="0" bev="0" fileid="253" />
                <SequencePoint vc="1" uspid="7052" ordinal="27" offset="260" sl="427" sc="7" el="427" ec="56" bec="0" bev="0" fileid="253" />
                <SequencePoint vc="1" uspid="7053" ordinal="28" offset="281" sl="429" sc="7" el="429" ec="74" bec="0" bev="0" fileid="253" />
                <SequencePoint vc="1" uspid="7054" ordinal="29" offset="287" sl="430" sc="7" el="430" ec="27" bec="0" bev="0" fileid="253" />
                <SequencePoint vc="1" uspid="7055" ordinal="30" offset="299" sl="431" sc="7" el="431" ec="63" bec="0" bev="0" fileid="253" />
                <SequencePoint vc="1" uspid="7056" ordinal="31" offset="321" sl="433" sc="7" el="433" ec="34" bec="0" bev="0" fileid="253" />
              </SequencePoints>
              <BranchPoints>
                <BranchPoint vc="0" uspid="7057" ordinal="0" offset="6" sl="388" path="0" offsetend="8" fileid="253" />
                <BranchPoint vc="1" uspid="7058" ordinal="1" offset="6" sl="388" path="1" offsetend="19" fileid="253" />
                <BranchPoint vc="0" uspid="7059" ordinal="2" offset="25" sl="390" path="0" offsetend="27" fileid="253" />
                <BranchPoint vc="1" uspid="7060" ordinal="3" offset="25" sl="390" path="1" offsetend="38" fileid="253" />
                <BranchPoint vc="0" uspid="7061" ordinal="4" offset="39" sl="392" path="0" offsetend="41" fileid="253" />
                <BranchPoint vc="1" uspid="7062" ordinal="5" offset="39" sl="392" path="1" offsetend="52" fileid="253" />
                <BranchPoint vc="0" uspid="7063" ordinal="6" offset="65" sl="396" path="0" offsetend="67" fileid="253" />
                <BranchPoint vc="1" uspid="7064" ordinal="7" offset="65" sl="396" path="1" offsetend="171" fileid="253" />
                <BranchPoint vc="0" uspid="7065" ordinal="8" offset="84" sl="399" path="0" offsetend="86" fileid="253" />
                <BranchPoint vc="0" uspid="7066" ordinal="9" offset="84" sl="399" path="1" offsetend="133" fileid="253" />
                <BranchPoint vc="0" uspid="7067" ordinal="10" offset="145" sl="406" path="0" offsetend="147" fileid="253" />
                <BranchPoint vc="0" uspid="7068" ordinal="11" offset="145" sl="406" path="1" offsetend="171" fileid="253" />
                <BranchPoint vc="0" uspid="7069" ordinal="12" offset="159" sl="409" path="0" offsetend="161" fileid="253" />
                <BranchPoint vc="0" uspid="7070" ordinal="13" offset="159" sl="409" path="1" offsetend="171" fileid="253" />
                <BranchPoint vc="0" uspid="7071" ordinal="14" offset="189" sl="418" path="0" offsetend="191" fileid="253" />
                <BranchPoint vc="1" uspid="7072" ordinal="15" offset="189" sl="418" path="1" offsetend="193" fileid="253" />
              </BranchPoints>
              <MethodPoint xsi:type="SequencePoint" vc="1" uspid="7025" ordinal="0" offset="0" sl="388" sc="7" el="388" ec="46" bec="2" bev="1" fileid="253" />
            </Method>
            <Method visited="true" cyclomaticComplexity="5" nPathComplexity="16" sequenceCoverage="90" branchCoverage="55.56" isConstructor="false" isStatic="false" isGetter="false" isSetter="false">
              <Summary numSequencePoints="10" visitedSequencePoints="9" numBranchPoints="9" visitedBranchPoints="5" sequenceCoverage="90" branchCoverage="55.56" maxCyclomaticComplexity="5" minCyclomaticComplexity="5" visitedClasses="0" numClasses="0" visitedMethods="1" numMethods="1" />
              <MetadataToken>100665136</MetadataToken>
              <Name>System.Void IBM.Watson.DeveloperCloud.Services.NaturalLanguageClassifier.v1.NaturalLanguageClassifier::OnClassifyResp(IBM.Watson.DeveloperCloud.Connection.RESTConnector/Request,IBM.Watson.DeveloperCloud.Connection.RESTConnector/Response)</Name>
              <FileRef uid="253" />
              <SequencePoints>
                <SequencePoint vc="1" uspid="7073" ordinal="0" offset="0" sl="444" sc="7" el="444" ec="38" bec="0" bev="0" fileid="253" />
                <SequencePoint vc="1" uspid="7074" ordinal="1" offset="2" sl="445" sc="7" el="445" ec="24" bec="2" bev="1" fileid="253" />
                <SequencePoint vc="1" uspid="7075" ordinal="2" offset="10" sl="447" sc="9" el="447" ec="53" bec="0" bev="0" fileid="253" />
                <SequencePoint vc="1" uspid="7076" ordinal="3" offset="23" sl="448" sc="9" el="448" ec="30" bec="2" bev="1" fileid="253" />
                <SequencePoint vc="1" uspid="7077" ordinal="4" offset="26" sl="450" sc="11" el="450" ec="34" bec="0" bev="0" fileid="253" />
                <SequencePoint vc="1" uspid="7078" ordinal="5" offset="28" sl="451" sc="11" el="451" ec="86" bec="2" bev="1" fileid="253" />
                <SequencePoint vc="0" uspid="7079" ordinal="6" offset="54" sl="452" sc="13" el="452" ec="62" bec="0" bev="0" fileid="253" />
                <SequencePoint vc="1" uspid="7080" ordinal="7" offset="77" sl="456" sc="7" el="456" ec="47" bec="2" bev="1" fileid="253" />
                <SequencePoint vc="1" uspid="7081" ordinal="8" offset="90" sl="457" sc="9" el="457" ec="47" bec="0" bev="0" fileid="253" />
                <SequencePoint vc="1" uspid="7082" ordinal="9" offset="107" sl="458" sc="5" el="458" ec="6" bec="0" bev="0" fileid="253" />
              </SequencePoints>
              <BranchPoints>
                <BranchPoint vc="1" uspid="7083" ordinal="0" offset="8" sl="445" path="0" offsetend="10" fileid="253" />
                <BranchPoint vc="0" uspid="7084" ordinal="1" offset="8" sl="445" path="1" offsetend="77" fileid="253" />
                <BranchPoint vc="1" uspid="7085" ordinal="2" offset="24" sl="448" path="0" offsetend="26" fileid="253" />
                <BranchPoint vc="0" uspid="7086" ordinal="3" offset="24" sl="448" path="1" offsetend="77" fileid="253" />
                <BranchPoint vc="0" uspid="7087" ordinal="4" offset="52" sl="451" path="0" offsetend="54" fileid="253" />
                <BranchPoint vc="1" uspid="7088" ordinal="5" offset="52" sl="451" path="1" offsetend="77" fileid="253" />
                <BranchPoint vc="1" uspid="7089" ordinal="6" offset="88" sl="456" path="0" offsetend="90" fileid="253" />
                <BranchPoint vc="0" uspid="7090" ordinal="7" offset="88" sl="456" path="1" offsetend="107" fileid="253" />
              </BranchPoints>
              <MethodPoint xsi:type="SequencePoint" vc="1" uspid="7073" ordinal="0" offset="0" sl="444" sc="7" el="444" ec="38" bec="0" bev="0" fileid="253" />
            </Method>
            <Method visited="true" cyclomaticComplexity="3" nPathComplexity="4" sequenceCoverage="66.67" branchCoverage="60" isConstructor="false" isStatic="false" isGetter="false" isSetter="false">
              <Summary numSequencePoints="15" visitedSequencePoints="10" numBranchPoints="5" visitedBranchPoints="3" sequenceCoverage="66.67" branchCoverage="60" maxCyclomaticComplexity="3" minCyclomaticComplexity="3" visitedClasses="0" numClasses="0" visitedMethods="1" numMethods="1" />
              <MetadataToken>100665137</MetadataToken>
              <Name>IBM.Watson.DeveloperCloud.Services.NaturalLanguageClassifier.v1.ClassifyResult IBM.Watson.DeveloperCloud.Services.NaturalLanguageClassifier.v1.NaturalLanguageClassifier::ProcessClassifyResult(System.Byte[])</Name>
              <FileRef uid="253" />
              <SequencePoints>
                <SequencePoint vc="1" uspid="7091" ordinal="0" offset="0" sl="462" sc="7" el="462" ec="38" bec="0" bev="0" fileid="253" />
                <SequencePoint vc="1" uspid="7092" ordinal="1" offset="2" sl="465" sc="9" el="465" ec="28" bec="0" bev="0" fileid="253" />
                <SequencePoint vc="1" uspid="7093" ordinal="2" offset="4" sl="466" sc="9" el="466" ec="87" bec="0" bev="0" fileid="253" />
                <SequencePoint vc="1" uspid="7094" ordinal="3" offset="23" sl="467" sc="9" el="467" ec="26" bec="2" bev="1" fileid="253" />
                <SequencePoint vc="0" uspid="7095" ordinal="4" offset="32" sl="468" sc="11" el="468" ec="58" bec="0" bev="0" fileid="253" />
                <SequencePoint vc="1" uspid="7096" ordinal="5" offset="45" sl="470" sc="9" el="470" ec="41" bec="0" bev="0" fileid="253" />
                <SequencePoint vc="1" uspid="7097" ordinal="6" offset="51" sl="472" sc="9" el="472" ec="31" bec="0" bev="0" fileid="253" />
                <SequencePoint vc="1" uspid="7098" ordinal="7" offset="53" sl="473" sc="9" el="473" ec="72" bec="0" bev="0" fileid="253" />
                <SequencePoint vc="1" uspid="7099" ordinal="8" offset="73" sl="474" sc="9" el="474" ec="26" bec="2" bev="1" fileid="253" />
                <SequencePoint vc="0" uspid="7100" ordinal="9" offset="82" sl="475" sc="11" el="475" ec="58" bec="0" bev="0" fileid="253" />
                <SequencePoint vc="1" uspid="7101" ordinal="10" offset="95" sl="476" sc="7" el="476" ec="8" bec="0" bev="0" fileid="253" />
                <SequencePoint vc="0" uspid="7102" ordinal="11" offset="97" sl="477" sc="7" el="477" ec="26" bec="0" bev="0" fileid="253" />
                <SequencePoint vc="0" uspid="7103" ordinal="12" offset="99" sl="479" sc="9" el="479" ec="97" bec="0" bev="0" fileid="253" />
                <SequencePoint vc="0" uspid="7104" ordinal="13" offset="130" sl="480" sc="7" el="480" ec="8" bec="0" bev="0" fileid="253" />
                <SequencePoint vc="1" uspid="7105" ordinal="14" offset="132" sl="482" sc="7" el="482" ec="23" bec="0" bev="0" fileid="253" />
              </SequencePoints>
              <BranchPoints>
                <BranchPoint vc="0" uspid="7106" ordinal="0" offset="30" sl="467" path="0" offsetend="32" fileid="253" />
                <BranchPoint vc="1" uspid="7107" ordinal="1" offset="30" sl="467" path="1" offsetend="45" fileid="253" />
                <BranchPoint vc="0" uspid="7108" ordinal="2" offset="80" sl="474" path="0" offsetend="82" fileid="253" />
                <BranchPoint vc="1" uspid="7109" ordinal="3" offset="80" sl="474" path="1" offsetend="95" fileid="253" />
              </BranchPoints>
              <MethodPoint xsi:type="SequencePoint" vc="1" uspid="7091" ordinal="0" offset="0" sl="462" sc="7" el="462" ec="38" bec="0" bev="0" fileid="253" />
            </Method>
            <Method visited="false" cyclomaticComplexity="1" nPathComplexity="0" sequenceCoverage="0" branchCoverage="0" isConstructor="false" isStatic="false" isGetter="false" isSetter="false">
              <Summary numSequencePoints="1" visitedSequencePoints="0" numBranchPoints="1" visitedBranchPoints="0" sequenceCoverage="0" branchCoverage="0" maxCyclomaticComplexity="1" minCyclomaticComplexity="1" visitedClasses="0" numClasses="0" visitedMethods="0" numMethods="1" />
              <MetadataToken>100665138</MetadataToken>
              <Name>System.String IBM.Watson.DeveloperCloud.Services.NaturalLanguageClassifier.v1.NaturalLanguageClassifier::GetServiceID()</Name>
              <FileRef uid="253" />
              <SequencePoints>
                <SequencePoint vc="0" uspid="7110" ordinal="0" offset="0" sl="491" sc="7" el="491" ec="25" bec="0" bev="0" fileid="253" />
              </SequencePoints>
              <BranchPoints />
              <MethodPoint xsi:type="SequencePoint" vc="0" uspid="7110" ordinal="0" offset="0" sl="491" sc="7" el="491" ec="25" bec="0" bev="0" fileid="253" />
            </Method>
            <Method visited="false" cyclomaticComplexity="2" nPathComplexity="2" sequenceCoverage="0" branchCoverage="0" isConstructor="false" isStatic="false" isGetter="false" isSetter="false">
              <Summary numSequencePoints="4" visitedSequencePoints="0" numBranchPoints="3" visitedBranchPoints="0" sequenceCoverage="0" branchCoverage="0" maxCyclomaticComplexity="2" minCyclomaticComplexity="2" visitedClasses="0" numClasses="0" visitedMethods="0" numMethods="1" />
              <MetadataToken>100665139</MetadataToken>
              <Name>System.Void IBM.Watson.DeveloperCloud.Services.NaturalLanguageClassifier.v1.NaturalLanguageClassifier::GetServiceStatus(IBM.Watson.DeveloperCloud.Services.ServiceStatus)</Name>
              <FileRef uid="253" />
              <SequencePoints>
                <SequencePoint vc="0" uspid="7111" ordinal="0" offset="0" sl="497" sc="7" el="497" ec="63" bec="2" bev="0" fileid="253" />
                <SequencePoint vc="0" uspid="7112" ordinal="1" offset="17" sl="498" sc="9" el="498" ec="48" bec="0" bev="0" fileid="253" />
                <SequencePoint vc="0" uspid="7113" ordinal="2" offset="26" sl="500" sc="9" el="500" ec="37" bec="0" bev="0" fileid="253" />
                <SequencePoint vc="0" uspid="7114" ordinal="3" offset="38" sl="501" sc="5" el="501" ec="6" bec="0" bev="0" fileid="253" />
              </SequencePoints>
              <BranchPoints>
                <BranchPoint vc="0" uspid="7115" ordinal="0" offset="15" sl="497" path="0" offsetend="17" fileid="253" />
                <BranchPoint vc="0" uspid="7116" ordinal="1" offset="15" sl="497" path="1" offsetend="26" fileid="253" />
              </BranchPoints>
              <MethodPoint xsi:type="SequencePoint" vc="0" uspid="7111" ordinal="0" offset="0" sl="497" sc="7" el="497" ec="63" bec="2" bev="0" fileid="253" />
            </Method>
            <Method visited="true" cyclomaticComplexity="1" nPathComplexity="0" sequenceCoverage="100" branchCoverage="100" isConstructor="true" isStatic="false" isGetter="false" isSetter="false">
              <Summary numSequencePoints="1" visitedSequencePoints="1" numBranchPoints="1" visitedBranchPoints="1" sequenceCoverage="100" branchCoverage="100" maxCyclomaticComplexity="1" minCyclomaticComplexity="1" visitedClasses="0" numClasses="0" visitedMethods="1" numMethods="1" />
              <MetadataToken>100665140</MetadataToken>
              <Name>System.Void IBM.Watson.DeveloperCloud.Services.NaturalLanguageClassifier.v1.NaturalLanguageClassifier::.ctor()</Name>
              <FileRef uid="253" />
              <SequencePoints>
                <SequencePoint vc="1" uspid="7117" ordinal="0" offset="0" sl="80" sc="5" el="80" ec="97" bec="0" bev="0" fileid="253" />
              </SequencePoints>
              <BranchPoints />
              <MethodPoint xsi:type="SequencePoint" vc="1" uspid="7117" ordinal="0" offset="0" sl="80" sc="5" el="80" ec="97" bec="0" bev="0" fileid="253" />
            </Method>
            <Method visited="true" cyclomaticComplexity="1" nPathComplexity="0" sequenceCoverage="100" branchCoverage="100" isConstructor="true" isStatic="true" isGetter="false" isSetter="false">
              <Summary numSequencePoints="1" visitedSequencePoints="1" numBranchPoints="1" visitedBranchPoints="1" sequenceCoverage="100" branchCoverage="100" maxCyclomaticComplexity="1" minCyclomaticComplexity="1" visitedClasses="0" numClasses="0" visitedMethods="1" numMethods="1" />
              <MetadataToken>100665141</MetadataToken>
              <Name>System.Void IBM.Watson.DeveloperCloud.Services.NaturalLanguageClassifier.v1.NaturalLanguageClassifier::.cctor()</Name>
              <FileRef uid="253" />
              <SequencePoints>
                <SequencePoint vc="1" uspid="7118" ordinal="0" offset="0" sl="79" sc="5" el="79" ec="68" bec="0" bev="0" fileid="253" />
              </SequencePoints>
              <BranchPoints />
              <MethodPoint xsi:type="SequencePoint" vc="1" uspid="7118" ordinal="0" offset="0" sl="79" sc="5" el="79" ec="68" bec="0" bev="0" fileid="253" />
            </Method>
          </Methods>
        </Class>
        <Class>
          <Summary numSequencePoints="0" visitedSequencePoints="0" numBranchPoints="0" visitedBranchPoints="0" sequenceCoverage="0" branchCoverage="0" maxCyclomaticComplexity="0" minCyclomaticComplexity="0" visitedClasses="0" numClasses="0" visitedMethods="0" numMethods="0" />
          <FullName>IBM.Watson.DeveloperCloud.Services.NaturalLanguageClassifier.v1.NaturalLanguageClassifier/OnGetClassifier</FullName>
          <Methods>
            <Method skippedDueTo="Unknown" visited="false" cyclomaticComplexity="0" nPathComplexity="0" sequenceCoverage="0" branchCoverage="0" isConstructor="true" isStatic="false" isGetter="false" isSetter="false">
              <MetadataToken>100666965</MetadataToken>
              <Name>System.Void IBM.Watson.DeveloperCloud.Services.NaturalLanguageClassifier.v1.NaturalLanguageClassifier/OnGetClassifier::.ctor(System.Object,System.IntPtr)</Name>
              <SequencePoints />
              <BranchPoints />
            </Method>
            <Method skippedDueTo="Unknown" visited="false" cyclomaticComplexity="0" nPathComplexity="0" sequenceCoverage="0" branchCoverage="0" isConstructor="false" isStatic="false" isGetter="false" isSetter="false">
              <MetadataToken>100666966</MetadataToken>
              <Name>System.Void IBM.Watson.DeveloperCloud.Services.NaturalLanguageClassifier.v1.NaturalLanguageClassifier/OnGetClassifier::Invoke(IBM.Watson.DeveloperCloud.Services.NaturalLanguageClassifier.v1.Classifier)</Name>
              <SequencePoints />
              <BranchPoints />
            </Method>
            <Method skippedDueTo="Unknown" visited="false" cyclomaticComplexity="0" nPathComplexity="0" sequenceCoverage="0" branchCoverage="0" isConstructor="false" isStatic="false" isGetter="false" isSetter="false">
              <MetadataToken>100666967</MetadataToken>
              <Name>System.IAsyncResult IBM.Watson.DeveloperCloud.Services.NaturalLanguageClassifier.v1.NaturalLanguageClassifier/OnGetClassifier::BeginInvoke(IBM.Watson.DeveloperCloud.Services.NaturalLanguageClassifier.v1.Classifier,System.AsyncCallback,System.Object)</Name>
              <SequencePoints />
              <BranchPoints />
            </Method>
            <Method skippedDueTo="Unknown" visited="false" cyclomaticComplexity="0" nPathComplexity="0" sequenceCoverage="0" branchCoverage="0" isConstructor="false" isStatic="false" isGetter="false" isSetter="false">
              <MetadataToken>100666968</MetadataToken>
              <Name>System.Void IBM.Watson.DeveloperCloud.Services.NaturalLanguageClassifier.v1.NaturalLanguageClassifier/OnGetClassifier::EndInvoke(System.IAsyncResult)</Name>
              <SequencePoints />
              <BranchPoints />
            </Method>
          </Methods>
        </Class>
        <Class>
          <Summary numSequencePoints="0" visitedSequencePoints="0" numBranchPoints="0" visitedBranchPoints="0" sequenceCoverage="0" branchCoverage="0" maxCyclomaticComplexity="0" minCyclomaticComplexity="0" visitedClasses="0" numClasses="0" visitedMethods="0" numMethods="0" />
          <FullName>IBM.Watson.DeveloperCloud.Services.NaturalLanguageClassifier.v1.NaturalLanguageClassifier/OnTrainClassifier</FullName>
          <Methods>
            <Method skippedDueTo="Unknown" visited="false" cyclomaticComplexity="0" nPathComplexity="0" sequenceCoverage="0" branchCoverage="0" isConstructor="true" isStatic="false" isGetter="false" isSetter="false">
              <MetadataToken>100666969</MetadataToken>
              <Name>System.Void IBM.Watson.DeveloperCloud.Services.NaturalLanguageClassifier.v1.NaturalLanguageClassifier/OnTrainClassifier::.ctor(System.Object,System.IntPtr)</Name>
              <SequencePoints />
              <BranchPoints />
            </Method>
            <Method skippedDueTo="Unknown" visited="false" cyclomaticComplexity="0" nPathComplexity="0" sequenceCoverage="0" branchCoverage="0" isConstructor="false" isStatic="false" isGetter="false" isSetter="false">
              <MetadataToken>100666970</MetadataToken>
              <Name>System.Void IBM.Watson.DeveloperCloud.Services.NaturalLanguageClassifier.v1.NaturalLanguageClassifier/OnTrainClassifier::Invoke(IBM.Watson.DeveloperCloud.Services.NaturalLanguageClassifier.v1.Classifier)</Name>
              <SequencePoints />
              <BranchPoints />
            </Method>
            <Method skippedDueTo="Unknown" visited="false" cyclomaticComplexity="0" nPathComplexity="0" sequenceCoverage="0" branchCoverage="0" isConstructor="false" isStatic="false" isGetter="false" isSetter="false">
              <MetadataToken>100666971</MetadataToken>
              <Name>System.IAsyncResult IBM.Watson.DeveloperCloud.Services.NaturalLanguageClassifier.v1.NaturalLanguageClassifier/OnTrainClassifier::BeginInvoke(IBM.Watson.DeveloperCloud.Services.NaturalLanguageClassifier.v1.Classifier,System.AsyncCallback,System.Object)</Name>
              <SequencePoints />
              <BranchPoints />
            </Method>
            <Method skippedDueTo="Unknown" visited="false" cyclomaticComplexity="0" nPathComplexity="0" sequenceCoverage="0" branchCoverage="0" isConstructor="false" isStatic="false" isGetter="false" isSetter="false">
              <MetadataToken>100666972</MetadataToken>
              <Name>System.Void IBM.Watson.DeveloperCloud.Services.NaturalLanguageClassifier.v1.NaturalLanguageClassifier/OnTrainClassifier::EndInvoke(System.IAsyncResult)</Name>
              <SequencePoints />
              <BranchPoints />
            </Method>
          </Methods>
        </Class>
        <Class>
          <Summary numSequencePoints="0" visitedSequencePoints="0" numBranchPoints="0" visitedBranchPoints="0" sequenceCoverage="0" branchCoverage="0" maxCyclomaticComplexity="0" minCyclomaticComplexity="0" visitedClasses="0" numClasses="0" visitedMethods="0" numMethods="0" />
          <FullName>IBM.Watson.DeveloperCloud.Services.NaturalLanguageClassifier.v1.NaturalLanguageClassifier/OnFindClassifier</FullName>
          <Methods>
            <Method skippedDueTo="Unknown" visited="false" cyclomaticComplexity="0" nPathComplexity="0" sequenceCoverage="0" branchCoverage="0" isConstructor="true" isStatic="false" isGetter="false" isSetter="false">
              <MetadataToken>100666973</MetadataToken>
              <Name>System.Void IBM.Watson.DeveloperCloud.Services.NaturalLanguageClassifier.v1.NaturalLanguageClassifier/OnFindClassifier::.ctor(System.Object,System.IntPtr)</Name>
              <SequencePoints />
              <BranchPoints />
            </Method>
            <Method skippedDueTo="Unknown" visited="false" cyclomaticComplexity="0" nPathComplexity="0" sequenceCoverage="0" branchCoverage="0" isConstructor="false" isStatic="false" isGetter="false" isSetter="false">
              <MetadataToken>100666974</MetadataToken>
              <Name>System.Void IBM.Watson.DeveloperCloud.Services.NaturalLanguageClassifier.v1.NaturalLanguageClassifier/OnFindClassifier::Invoke(IBM.Watson.DeveloperCloud.Services.NaturalLanguageClassifier.v1.Classifier)</Name>
              <SequencePoints />
              <BranchPoints />
            </Method>
            <Method skippedDueTo="Unknown" visited="false" cyclomaticComplexity="0" nPathComplexity="0" sequenceCoverage="0" branchCoverage="0" isConstructor="false" isStatic="false" isGetter="false" isSetter="false">
              <MetadataToken>100666975</MetadataToken>
              <Name>System.IAsyncResult IBM.Watson.DeveloperCloud.Services.NaturalLanguageClassifier.v1.NaturalLanguageClassifier/OnFindClassifier::BeginInvoke(IBM.Watson.DeveloperCloud.Services.NaturalLanguageClassifier.v1.Classifier,System.AsyncCallback,System.Object)</Name>
              <SequencePoints />
              <BranchPoints />
            </Method>
            <Method skippedDueTo="Unknown" visited="false" cyclomaticComplexity="0" nPathComplexity="0" sequenceCoverage="0" branchCoverage="0" isConstructor="false" isStatic="false" isGetter="false" isSetter="false">
              <MetadataToken>100666976</MetadataToken>
              <Name>System.Void IBM.Watson.DeveloperCloud.Services.NaturalLanguageClassifier.v1.NaturalLanguageClassifier/OnFindClassifier::EndInvoke(System.IAsyncResult)</Name>
              <SequencePoints />
              <BranchPoints />
            </Method>
          </Methods>
        </Class>
        <Class>
          <Summary numSequencePoints="0" visitedSequencePoints="0" numBranchPoints="0" visitedBranchPoints="0" sequenceCoverage="0" branchCoverage="0" maxCyclomaticComplexity="0" minCyclomaticComplexity="0" visitedClasses="0" numClasses="0" visitedMethods="0" numMethods="0" />
          <FullName>IBM.Watson.DeveloperCloud.Services.NaturalLanguageClassifier.v1.NaturalLanguageClassifier/OnGetClassifiers</FullName>
          <Methods>
            <Method skippedDueTo="Unknown" visited="false" cyclomaticComplexity="0" nPathComplexity="0" sequenceCoverage="0" branchCoverage="0" isConstructor="true" isStatic="false" isGetter="false" isSetter="false">
              <MetadataToken>100666977</MetadataToken>
              <Name>System.Void IBM.Watson.DeveloperCloud.Services.NaturalLanguageClassifier.v1.NaturalLanguageClassifier/OnGetClassifiers::.ctor(System.Object,System.IntPtr)</Name>
              <SequencePoints />
              <BranchPoints />
            </Method>
            <Method skippedDueTo="Unknown" visited="false" cyclomaticComplexity="0" nPathComplexity="0" sequenceCoverage="0" branchCoverage="0" isConstructor="false" isStatic="false" isGetter="false" isSetter="false">
              <MetadataToken>100666978</MetadataToken>
              <Name>System.Void IBM.Watson.DeveloperCloud.Services.NaturalLanguageClassifier.v1.NaturalLanguageClassifier/OnGetClassifiers::Invoke(IBM.Watson.DeveloperCloud.Services.NaturalLanguageClassifier.v1.Classifiers)</Name>
              <SequencePoints />
              <BranchPoints />
            </Method>
            <Method skippedDueTo="Unknown" visited="false" cyclomaticComplexity="0" nPathComplexity="0" sequenceCoverage="0" branchCoverage="0" isConstructor="false" isStatic="false" isGetter="false" isSetter="false">
              <MetadataToken>100666979</MetadataToken>
              <Name>System.IAsyncResult IBM.Watson.DeveloperCloud.Services.NaturalLanguageClassifier.v1.NaturalLanguageClassifier/OnGetClassifiers::BeginInvoke(IBM.Watson.DeveloperCloud.Services.NaturalLanguageClassifier.v1.Classifiers,System.AsyncCallback,System.Object)</Name>
              <SequencePoints />
              <BranchPoints />
            </Method>
            <Method skippedDueTo="Unknown" visited="false" cyclomaticComplexity="0" nPathComplexity="0" sequenceCoverage="0" branchCoverage="0" isConstructor="false" isStatic="false" isGetter="false" isSetter="false">
              <MetadataToken>100666980</MetadataToken>
              <Name>System.Void IBM.Watson.DeveloperCloud.Services.NaturalLanguageClassifier.v1.NaturalLanguageClassifier/OnGetClassifiers::EndInvoke(System.IAsyncResult)</Name>
              <SequencePoints />
              <BranchPoints />
            </Method>
          </Methods>
        </Class>
        <Class>
          <Summary numSequencePoints="0" visitedSequencePoints="0" numBranchPoints="0" visitedBranchPoints="0" sequenceCoverage="0" branchCoverage="0" maxCyclomaticComplexity="0" minCyclomaticComplexity="0" visitedClasses="0" numClasses="0" visitedMethods="0" numMethods="0" />
          <FullName>IBM.Watson.DeveloperCloud.Services.NaturalLanguageClassifier.v1.NaturalLanguageClassifier/OnClassify</FullName>
          <Methods>
            <Method skippedDueTo="Unknown" visited="false" cyclomaticComplexity="0" nPathComplexity="0" sequenceCoverage="0" branchCoverage="0" isConstructor="true" isStatic="false" isGetter="false" isSetter="false">
              <MetadataToken>100666981</MetadataToken>
              <Name>System.Void IBM.Watson.DeveloperCloud.Services.NaturalLanguageClassifier.v1.NaturalLanguageClassifier/OnClassify::.ctor(System.Object,System.IntPtr)</Name>
              <SequencePoints />
              <BranchPoints />
            </Method>
            <Method skippedDueTo="Unknown" visited="false" cyclomaticComplexity="0" nPathComplexity="0" sequenceCoverage="0" branchCoverage="0" isConstructor="false" isStatic="false" isGetter="false" isSetter="false">
              <MetadataToken>100666982</MetadataToken>
              <Name>System.Void IBM.Watson.DeveloperCloud.Services.NaturalLanguageClassifier.v1.NaturalLanguageClassifier/OnClassify::Invoke(IBM.Watson.DeveloperCloud.Services.NaturalLanguageClassifier.v1.ClassifyResult)</Name>
              <SequencePoints />
              <BranchPoints />
            </Method>
            <Method skippedDueTo="Unknown" visited="false" cyclomaticComplexity="0" nPathComplexity="0" sequenceCoverage="0" branchCoverage="0" isConstructor="false" isStatic="false" isGetter="false" isSetter="false">
              <MetadataToken>100666983</MetadataToken>
              <Name>System.IAsyncResult IBM.Watson.DeveloperCloud.Services.NaturalLanguageClassifier.v1.NaturalLanguageClassifier/OnClassify::BeginInvoke(IBM.Watson.DeveloperCloud.Services.NaturalLanguageClassifier.v1.ClassifyResult,System.AsyncCallback,System.Object)</Name>
              <SequencePoints />
              <BranchPoints />
            </Method>
            <Method skippedDueTo="Unknown" visited="false" cyclomaticComplexity="0" nPathComplexity="0" sequenceCoverage="0" branchCoverage="0" isConstructor="false" isStatic="false" isGetter="false" isSetter="false">
              <MetadataToken>100666984</MetadataToken>
              <Name>System.Void IBM.Watson.DeveloperCloud.Services.NaturalLanguageClassifier.v1.NaturalLanguageClassifier/OnClassify::EndInvoke(System.IAsyncResult)</Name>
              <SequencePoints />
              <BranchPoints />
            </Method>
          </Methods>
        </Class>
        <Class>
          <Summary numSequencePoints="0" visitedSequencePoints="0" numBranchPoints="0" visitedBranchPoints="0" sequenceCoverage="0" branchCoverage="0" maxCyclomaticComplexity="0" minCyclomaticComplexity="0" visitedClasses="0" numClasses="0" visitedMethods="0" numMethods="0" />
          <FullName>IBM.Watson.DeveloperCloud.Services.NaturalLanguageClassifier.v1.NaturalLanguageClassifier/OnDeleteClassifier</FullName>
          <Methods>
            <Method skippedDueTo="Unknown" visited="false" cyclomaticComplexity="0" nPathComplexity="0" sequenceCoverage="0" branchCoverage="0" isConstructor="true" isStatic="false" isGetter="false" isSetter="false">
              <MetadataToken>100666985</MetadataToken>
              <Name>System.Void IBM.Watson.DeveloperCloud.Services.NaturalLanguageClassifier.v1.NaturalLanguageClassifier/OnDeleteClassifier::.ctor(System.Object,System.IntPtr)</Name>
              <SequencePoints />
              <BranchPoints />
            </Method>
            <Method skippedDueTo="Unknown" visited="false" cyclomaticComplexity="0" nPathComplexity="0" sequenceCoverage="0" branchCoverage="0" isConstructor="false" isStatic="false" isGetter="false" isSetter="false">
              <MetadataToken>100666986</MetadataToken>
              <Name>System.Void IBM.Watson.DeveloperCloud.Services.NaturalLanguageClassifier.v1.NaturalLanguageClassifier/OnDeleteClassifier::Invoke(System.Boolean)</Name>
              <SequencePoints />
              <BranchPoints />
            </Method>
            <Method skippedDueTo="Unknown" visited="false" cyclomaticComplexity="0" nPathComplexity="0" sequenceCoverage="0" branchCoverage="0" isConstructor="false" isStatic="false" isGetter="false" isSetter="false">
              <MetadataToken>100666987</MetadataToken>
              <Name>System.IAsyncResult IBM.Watson.DeveloperCloud.Services.NaturalLanguageClassifier.v1.NaturalLanguageClassifier/OnDeleteClassifier::BeginInvoke(System.Boolean,System.AsyncCallback,System.Object)</Name>
              <SequencePoints />
              <BranchPoints />
            </Method>
            <Method skippedDueTo="Unknown" visited="false" cyclomaticComplexity="0" nPathComplexity="0" sequenceCoverage="0" branchCoverage="0" isConstructor="false" isStatic="false" isGetter="false" isSetter="false">
              <MetadataToken>100666988</MetadataToken>
              <Name>System.Void IBM.Watson.DeveloperCloud.Services.NaturalLanguageClassifier.v1.NaturalLanguageClassifier/OnDeleteClassifier::EndInvoke(System.IAsyncResult)</Name>
              <SequencePoints />
              <BranchPoints />
            </Method>
          </Methods>
        </Class>
        <Class>
          <Summary numSequencePoints="32" visitedSequencePoints="27" numBranchPoints="21" visitedBranchPoints="15" sequenceCoverage="84.38" branchCoverage="71.43" maxCyclomaticComplexity="4" minCyclomaticComplexity="1" visitedClasses="1" numClasses="1" visitedMethods="9" numMethods="9" />
          <FullName>IBM.Watson.DeveloperCloud.Services.NaturalLanguageClassifier.v1.NaturalLanguageClassifier/FindClassifierReq</FullName>
          <Methods>
            <Method visited="true" cyclomaticComplexity="1" nPathComplexity="0" sequenceCoverage="100" branchCoverage="100" isConstructor="false" isStatic="false" isGetter="true" isSetter="false">
              <Summary numSequencePoints="1" visitedSequencePoints="1" numBranchPoints="1" visitedBranchPoints="1" sequenceCoverage="100" branchCoverage="100" maxCyclomaticComplexity="1" minCyclomaticComplexity="1" visitedClasses="0" numClasses="0" visitedMethods="1" numMethods="1" />
              <MetadataToken>100666990</MetadataToken>
              <Name>IBM.Watson.DeveloperCloud.Services.NaturalLanguageClassifier.v1.NaturalLanguageClassifier IBM.Watson.DeveloperCloud.Services.NaturalLanguageClassifier.v1.NaturalLanguageClassifier/FindClassifierReq::get_Service()</Name>
              <FileRef uid="253" />
              <SequencePoints>
                <SequencePoint vc="2" uspid="7119" ordinal="0" offset="0" sl="112" sc="50" el="112" ec="54" bec="0" bev="0" fileid="253" />
              </SequencePoints>
              <BranchPoints />
              <MethodPoint xsi:type="SequencePoint" vc="2" uspid="7119" ordinal="0" offset="0" sl="112" sc="50" el="112" ec="54" bec="0" bev="0" fileid="253" />
            </Method>
            <Method visited="true" cyclomaticComplexity="1" nPathComplexity="0" sequenceCoverage="100" branchCoverage="100" isConstructor="false" isStatic="false" isGetter="false" isSetter="true">
              <Summary numSequencePoints="1" visitedSequencePoints="1" numBranchPoints="1" visitedBranchPoints="1" sequenceCoverage="100" branchCoverage="100" maxCyclomaticComplexity="1" minCyclomaticComplexity="1" visitedClasses="0" numClasses="0" visitedMethods="1" numMethods="1" />
              <MetadataToken>100666991</MetadataToken>
              <Name>System.Void IBM.Watson.DeveloperCloud.Services.NaturalLanguageClassifier.v1.NaturalLanguageClassifier/FindClassifierReq::set_Service(IBM.Watson.DeveloperCloud.Services.NaturalLanguageClassifier.v1.NaturalLanguageClassifier)</Name>
              <FileRef uid="253" />
              <SequencePoints>
                <SequencePoint vc="1" uspid="7120" ordinal="0" offset="0" sl="112" sc="55" el="112" ec="59" bec="0" bev="0" fileid="253" />
              </SequencePoints>
              <BranchPoints />
              <MethodPoint xsi:type="SequencePoint" vc="1" uspid="7120" ordinal="0" offset="0" sl="112" sc="55" el="112" ec="59" bec="0" bev="0" fileid="253" />
            </Method>
            <Method visited="true" cyclomaticComplexity="1" nPathComplexity="0" sequenceCoverage="100" branchCoverage="100" isConstructor="false" isStatic="false" isGetter="true" isSetter="false">
              <Summary numSequencePoints="1" visitedSequencePoints="1" numBranchPoints="1" visitedBranchPoints="1" sequenceCoverage="100" branchCoverage="100" maxCyclomaticComplexity="1" minCyclomaticComplexity="1" visitedClasses="0" numClasses="0" visitedMethods="1" numMethods="1" />
              <MetadataToken>100666992</MetadataToken>
              <Name>System.String IBM.Watson.DeveloperCloud.Services.NaturalLanguageClassifier.v1.NaturalLanguageClassifier/FindClassifierReq::get_ClassifierName()</Name>
              <FileRef uid="253" />
              <SequencePoints>
                <SequencePoint vc="1" uspid="7121" ordinal="0" offset="0" sl="113" sc="38" el="113" ec="42" bec="0" bev="0" fileid="253" />
              </SequencePoints>
              <BranchPoints />
              <MethodPoint xsi:type="SequencePoint" vc="1" uspid="7121" ordinal="0" offset="0" sl="113" sc="38" el="113" ec="42" bec="0" bev="0" fileid="253" />
            </Method>
            <Method visited="true" cyclomaticComplexity="1" nPathComplexity="0" sequenceCoverage="100" branchCoverage="100" isConstructor="false" isStatic="false" isGetter="false" isSetter="true">
              <Summary numSequencePoints="1" visitedSequencePoints="1" numBranchPoints="1" visitedBranchPoints="1" sequenceCoverage="100" branchCoverage="100" maxCyclomaticComplexity="1" minCyclomaticComplexity="1" visitedClasses="0" numClasses="0" visitedMethods="1" numMethods="1" />
              <MetadataToken>100666993</MetadataToken>
              <Name>System.Void IBM.Watson.DeveloperCloud.Services.NaturalLanguageClassifier.v1.NaturalLanguageClassifier/FindClassifierReq::set_ClassifierName(System.String)</Name>
              <FileRef uid="253" />
              <SequencePoints>
                <SequencePoint vc="1" uspid="7122" ordinal="0" offset="0" sl="113" sc="43" el="113" ec="47" bec="0" bev="0" fileid="253" />
              </SequencePoints>
              <BranchPoints />
              <MethodPoint xsi:type="SequencePoint" vc="1" uspid="7122" ordinal="0" offset="0" sl="113" sc="43" el="113" ec="47" bec="0" bev="0" fileid="253" />
            </Method>
            <Method visited="true" cyclomaticComplexity="1" nPathComplexity="0" sequenceCoverage="100" branchCoverage="100" isConstructor="false" isStatic="false" isGetter="true" isSetter="false">
              <Summary numSequencePoints="1" visitedSequencePoints="1" numBranchPoints="1" visitedBranchPoints="1" sequenceCoverage="100" branchCoverage="100" maxCyclomaticComplexity="1" minCyclomaticComplexity="1" visitedClasses="0" numClasses="0" visitedMethods="1" numMethods="1" />
              <MetadataToken>100666994</MetadataToken>
              <Name>IBM.Watson.DeveloperCloud.Services.NaturalLanguageClassifier.v1.NaturalLanguageClassifier/OnFindClassifier IBM.Watson.DeveloperCloud.Services.NaturalLanguageClassifier.v1.NaturalLanguageClassifier/FindClassifierReq::get_Callback()</Name>
              <FileRef uid="253" />
              <SequencePoints>
                <SequencePoint vc="2" uspid="7123" ordinal="0" offset="0" sl="114" sc="42" el="114" ec="46" bec="0" bev="0" fileid="253" />
              </SequencePoints>
              <BranchPoints />
              <MethodPoint xsi:type="SequencePoint" vc="2" uspid="7123" ordinal="0" offset="0" sl="114" sc="42" el="114" ec="46" bec="0" bev="0" fileid="253" />
            </Method>
            <Method visited="true" cyclomaticComplexity="1" nPathComplexity="0" sequenceCoverage="100" branchCoverage="100" isConstructor="false" isStatic="false" isGetter="false" isSetter="true">
              <Summary numSequencePoints="1" visitedSequencePoints="1" numBranchPoints="1" visitedBranchPoints="1" sequenceCoverage="100" branchCoverage="100" maxCyclomaticComplexity="1" minCyclomaticComplexity="1" visitedClasses="0" numClasses="0" visitedMethods="1" numMethods="1" />
              <MetadataToken>100666995</MetadataToken>
              <Name>System.Void IBM.Watson.DeveloperCloud.Services.NaturalLanguageClassifier.v1.NaturalLanguageClassifier/FindClassifierReq::set_Callback(IBM.Watson.DeveloperCloud.Services.NaturalLanguageClassifier.v1.NaturalLanguageClassifier/OnFindClassifier)</Name>
              <FileRef uid="253" />
              <SequencePoints>
                <SequencePoint vc="1" uspid="7124" ordinal="0" offset="0" sl="114" sc="47" el="114" ec="51" bec="0" bev="0" fileid="253" />
              </SequencePoints>
              <BranchPoints />
              <MethodPoint xsi:type="SequencePoint" vc="1" uspid="7124" ordinal="0" offset="0" sl="114" sc="47" el="114" ec="51" bec="0" bev="0" fileid="253" />
            </Method>
            <Method visited="true" cyclomaticComplexity="4" nPathComplexity="8" sequenceCoverage="75" branchCoverage="57.14" isConstructor="true" isStatic="false" isGetter="false" isSetter="false">
              <Summary numSequencePoints="12" visitedSequencePoints="9" numBranchPoints="7" visitedBranchPoints="4" sequenceCoverage="75" branchCoverage="57.14" maxCyclomaticComplexity="4" minCyclomaticComplexity="4" visitedClasses="0" numClasses="0" visitedMethods="1" numMethods="1" />
              <MetadataToken>100666989</MetadataToken>
              <Name>System.Void IBM.Watson.DeveloperCloud.Services.NaturalLanguageClassifier.v1.NaturalLanguageClassifier/FindClassifierReq::.ctor(IBM.Watson.DeveloperCloud.Services.NaturalLanguageClassifier.v1.NaturalLanguageClassifier,System.String,IBM.Watson.DeveloperCloud.Services.NaturalLanguageClassifier.v1.NaturalLanguageClassifier/OnFindClassifier)</Name>
              <FileRef uid="253" />
              <SequencePoints>
                <SequencePoint vc="1" uspid="7125" ordinal="0" offset="0" sl="96" sc="7" el="96" ec="116" bec="0" bev="0" fileid="253" />
                <SequencePoint vc="1" uspid="7126" ordinal="1" offset="6" sl="98" sc="9" el="98" ec="29" bec="2" bev="1" fileid="253" />
                <SequencePoint vc="0" uspid="7127" ordinal="2" offset="9" sl="99" sc="11" el="99" ec="54" bec="0" bev="0" fileid="253" />
                <SequencePoint vc="1" uspid="7128" ordinal="3" offset="20" sl="100" sc="9" el="100" ec="50" bec="2" bev="1" fileid="253" />
                <SequencePoint vc="0" uspid="7129" ordinal="4" offset="28" sl="101" sc="11" el="101" ec="61" bec="0" bev="0" fileid="253" />
                <SequencePoint vc="1" uspid="7130" ordinal="5" offset="39" sl="102" sc="9" el="102" ec="30" bec="2" bev="1" fileid="253" />
                <SequencePoint vc="0" uspid="7131" ordinal="6" offset="42" sl="103" sc="11" el="103" ec="55" bec="0" bev="0" fileid="253" />
                <SequencePoint vc="1" uspid="7132" ordinal="7" offset="53" sl="105" sc="9" el="105" ec="27" bec="0" bev="0" fileid="253" />
                <SequencePoint vc="1" uspid="7133" ordinal="8" offset="60" sl="106" sc="9" el="106" ec="41" bec="0" bev="0" fileid="253" />
                <SequencePoint vc="1" uspid="7134" ordinal="9" offset="67" sl="107" sc="9" el="107" ec="29" bec="0" bev="0" fileid="253" />
                <SequencePoint vc="1" uspid="7135" ordinal="10" offset="74" sl="109" sc="9" el="109" ec="48" bec="0" bev="0" fileid="253" />
                <SequencePoint vc="1" uspid="7136" ordinal="11" offset="98" sl="110" sc="7" el="110" ec="8" bec="0" bev="0" fileid="253" />
              </SequencePoints>
              <BranchPoints>
                <BranchPoint vc="0" uspid="7137" ordinal="0" offset="7" sl="98" path="0" offsetend="9" fileid="253" />
                <BranchPoint vc="1" uspid="7138" ordinal="1" offset="7" sl="98" path="1" offsetend="20" fileid="253" />
                <BranchPoint vc="0" uspid="7139" ordinal="2" offset="26" sl="100" path="0" offsetend="28" fileid="253" />
                <BranchPoint vc="1" uspid="7140" ordinal="3" offset="26" sl="100" path="1" offsetend="39" fileid="253" />
                <BranchPoint vc="0" uspid="7141" ordinal="4" offset="40" sl="102" path="0" offsetend="42" fileid="253" />
                <BranchPoint vc="1" uspid="7142" ordinal="5" offset="40" sl="102" path="1" offsetend="53" fileid="253" />
              </BranchPoints>
              <MethodPoint xsi:type="SequencePoint" vc="1" uspid="7125" ordinal="0" offset="0" sl="96" sc="7" el="96" ec="116" bec="0" bev="0" fileid="253" />
            </Method>
            <Method visited="true" cyclomaticComplexity="4" nPathComplexity="4" sequenceCoverage="81.82" branchCoverage="60" isConstructor="false" isStatic="false" isGetter="false" isSetter="false">
              <Summary numSequencePoints="11" visitedSequencePoints="9" numBranchPoints="5" visitedBranchPoints="3" sequenceCoverage="81.82" branchCoverage="60" maxCyclomaticComplexity="4" minCyclomaticComplexity="4" visitedClasses="0" numClasses="0" visitedMethods="1" numMethods="1" />
              <MetadataToken>100666996</MetadataToken>
              <Name>System.Void IBM.Watson.DeveloperCloud.Services.NaturalLanguageClassifier.v1.NaturalLanguageClassifier/FindClassifierReq::GetClassifiers(IBM.Watson.DeveloperCloud.Services.NaturalLanguageClassifier.v1.Classifiers)</Name>
              <FileRef uid="253" />
              <SequencePoints>
                <SequencePoint vc="1" uspid="7143" ordinal="0" offset="0" sl="118" sc="9" el="118" ec="29" bec="0" bev="0" fileid="253" />
                <SequencePoint vc="1" uspid="7144" ordinal="1" offset="2" sl="119" sc="27" el="119" ec="50" bec="0" bev="0" fileid="253" />
                <SequencePoint vc="1" uspid="7145" ordinal="2" offset="13" sl="119" sc="18" el="119" ec="23" bec="0" bev="0" fileid="253" />
                <SequencePoint vc="1" uspid="7146" ordinal="3" offset="17" sl="120" sc="11" el="120" ec="69" bec="2" bev="1" fileid="253" />
                <SequencePoint vc="1" uspid="7147" ordinal="4" offset="46" sl="123" sc="13" el="123" ec="76" bec="0" bev="0" fileid="253" />
                <SequencePoint vc="1" uspid="7148" ordinal="5" offset="76" sl="124" sc="13" el="124" ec="19" bec="0" bev="0" fileid="253" />
                <SequencePoint vc="1" uspid="7149" ordinal="6" offset="82" sl="119" sc="24" el="119" ec="26" bec="0" bev="0" fileid="253" />
                <SequencePoint vc="1" uspid="7150" ordinal="7" offset="88" sl="127" sc="9" el="127" ec="21" bec="2" bev="1" fileid="253" />
                <SequencePoint vc="0" uspid="7151" ordinal="8" offset="91" sl="129" sc="11" el="129" ec="99" bec="0" bev="0" fileid="253" />
                <SequencePoint vc="0" uspid="7152" ordinal="9" offset="121" sl="130" sc="11" el="130" ec="26" bec="0" bev="0" fileid="253" />
                <SequencePoint vc="1" uspid="7153" ordinal="10" offset="133" sl="132" sc="7" el="132" ec="8" bec="0" bev="0" fileid="253" />
              </SequencePoints>
              <BranchPoints>
                <BranchPoint vc="1" uspid="7154" ordinal="0" offset="44" sl="120" path="0" offsetend="46" fileid="253" />
                <BranchPoint vc="0" uspid="7155" ordinal="1" offset="44" sl="120" path="1" offsetend="78" fileid="253" />
                <BranchPoint vc="0" uspid="7158" ordinal="4" offset="89" sl="127" path="0" offsetend="91" fileid="253" />
                <BranchPoint vc="1" uspid="7159" ordinal="5" offset="89" sl="127" path="1" offsetend="133" fileid="253" />
              </BranchPoints>
              <MethodPoint xsi:type="SequencePoint" vc="1" uspid="7143" ordinal="0" offset="0" sl="118" sc="9" el="118" ec="29" bec="0" bev="0" fileid="253" />
            </Method>
            <Method visited="true" cyclomaticComplexity="2" nPathComplexity="2" sequenceCoverage="100" branchCoverage="66.67" isConstructor="false" isStatic="false" isGetter="false" isSetter="false">
              <Summary numSequencePoints="3" visitedSequencePoints="3" numBranchPoints="3" visitedBranchPoints="2" sequenceCoverage="100" branchCoverage="66.67" maxCyclomaticComplexity="2" minCyclomaticComplexity="2" visitedClasses="0" numClasses="0" visitedMethods="1" numMethods="1" />
              <MetadataToken>100666997</MetadataToken>
              <Name>System.Void IBM.Watson.DeveloperCloud.Services.NaturalLanguageClassifier.v1.NaturalLanguageClassifier/FindClassifierReq::GetClassifier(IBM.Watson.DeveloperCloud.Services.NaturalLanguageClassifier.v1.Classifier)</Name>
              <FileRef uid="253" />
              <SequencePoints>
                <SequencePoint vc="1" uspid="7160" ordinal="0" offset="0" sl="136" sc="9" el="136" ec="30" bec="2" bev="1" fileid="253" />
                <SequencePoint vc="1" uspid="7161" ordinal="1" offset="8" sl="137" sc="11" el="137" ec="32" bec="0" bev="0" fileid="253" />
                <SequencePoint vc="1" uspid="7162" ordinal="2" offset="20" sl="138" sc="7" el="138" ec="8" bec="0" bev="0" fileid="253" />
              </SequencePoints>
              <BranchPoints>
                <BranchPoint vc="1" uspid="7163" ordinal="0" offset="6" sl="136" path="0" offsetend="8" fileid="253" />
                <BranchPoint vc="0" uspid="7164" ordinal="1" offset="6" sl="136" path="1" offsetend="20" fileid="253" />
              </BranchPoints>
              <MethodPoint xsi:type="SequencePoint" vc="1" uspid="7160" ordinal="0" offset="0" sl="136" sc="9" el="136" ec="30" bec="2" bev="1" fileid="253" />
            </Method>
          </Methods>
        </Class>
        <Class>
          <Summary numSequencePoints="2" visitedSequencePoints="2" numBranchPoints="2" visitedBranchPoints="2" sequenceCoverage="100" branchCoverage="100" maxCyclomaticComplexity="1" minCyclomaticComplexity="1" visitedClasses="1" numClasses="1" visitedMethods="2" numMethods="2" />
          <FullName>IBM.Watson.DeveloperCloud.Services.NaturalLanguageClassifier.v1.NaturalLanguageClassifier/GetClassifiersReq</FullName>
          <Methods>
            <Method visited="true" cyclomaticComplexity="1" nPathComplexity="0" sequenceCoverage="100" branchCoverage="100" isConstructor="false" isStatic="false" isGetter="true" isSetter="false">
              <Summary numSequencePoints="1" visitedSequencePoints="1" numBranchPoints="1" visitedBranchPoints="1" sequenceCoverage="100" branchCoverage="100" maxCyclomaticComplexity="1" minCyclomaticComplexity="1" visitedClasses="0" numClasses="0" visitedMethods="1" numMethods="1" />
              <MetadataToken>100666998</MetadataToken>
              <Name>IBM.Watson.DeveloperCloud.Services.NaturalLanguageClassifier.v1.NaturalLanguageClassifier/OnGetClassifiers IBM.Watson.DeveloperCloud.Services.NaturalLanguageClassifier.v1.NaturalLanguageClassifier/GetClassifiersReq::get_Callback()</Name>
              <FileRef uid="253" />
              <SequencePoints>
                <SequencePoint vc="4" uspid="7165" ordinal="0" offset="0" sl="165" sc="42" el="165" ec="46" bec="0" bev="0" fileid="253" />
              </SequencePoints>
              <BranchPoints />
              <MethodPoint xsi:type="SequencePoint" vc="4" uspid="7165" ordinal="0" offset="0" sl="165" sc="42" el="165" ec="46" bec="0" bev="0" fileid="253" />
            </Method>
            <Method visited="true" cyclomaticComplexity="1" nPathComplexity="0" sequenceCoverage="100" branchCoverage="100" isConstructor="false" isStatic="false" isGetter="false" isSetter="true">
              <Summary numSequencePoints="1" visitedSequencePoints="1" numBranchPoints="1" visitedBranchPoints="1" sequenceCoverage="100" branchCoverage="100" maxCyclomaticComplexity="1" minCyclomaticComplexity="1" visitedClasses="0" numClasses="0" visitedMethods="1" numMethods="1" />
              <MetadataToken>100666999</MetadataToken>
              <Name>System.Void IBM.Watson.DeveloperCloud.Services.NaturalLanguageClassifier.v1.NaturalLanguageClassifier/GetClassifiersReq::set_Callback(IBM.Watson.DeveloperCloud.Services.NaturalLanguageClassifier.v1.NaturalLanguageClassifier/OnGetClassifiers)</Name>
              <FileRef uid="253" />
              <SequencePoints>
                <SequencePoint vc="2" uspid="7166" ordinal="0" offset="0" sl="165" sc="47" el="165" ec="51" bec="0" bev="0" fileid="253" />
              </SequencePoints>
              <BranchPoints />
              <MethodPoint xsi:type="SequencePoint" vc="2" uspid="7166" ordinal="0" offset="0" sl="165" sc="47" el="165" ec="51" bec="0" bev="0" fileid="253" />
            </Method>
            <Method visited="true" cyclomaticComplexity="1" nPathComplexity="0" sequenceCoverage="0" branchCoverage="0" isConstructor="true" isStatic="false" isGetter="false" isSetter="false">
              <Summary numSequencePoints="0" visitedSequencePoints="0" numBranchPoints="0" visitedBranchPoints="0" sequenceCoverage="0" branchCoverage="0" maxCyclomaticComplexity="1" minCyclomaticComplexity="1" visitedClasses="0" numClasses="0" visitedMethods="0" numMethods="0" />
              <MetadataToken>100667000</MetadataToken>
              <Name>System.Void IBM.Watson.DeveloperCloud.Services.NaturalLanguageClassifier.v1.NaturalLanguageClassifier/GetClassifiersReq::.ctor()</Name>
              <SequencePoints />
              <BranchPoints />
              <MethodPoint vc="2" uspid="7167" ordinal="0" offset="0" />
            </Method>
          </Methods>
        </Class>
        <Class>
          <Summary numSequencePoints="2" visitedSequencePoints="2" numBranchPoints="2" visitedBranchPoints="2" sequenceCoverage="100" branchCoverage="100" maxCyclomaticComplexity="1" minCyclomaticComplexity="1" visitedClasses="1" numClasses="1" visitedMethods="2" numMethods="2" />
          <FullName>IBM.Watson.DeveloperCloud.Services.NaturalLanguageClassifier.v1.NaturalLanguageClassifier/GetClassifierReq</FullName>
          <Methods>
            <Method visited="true" cyclomaticComplexity="1" nPathComplexity="0" sequenceCoverage="100" branchCoverage="100" isConstructor="false" isStatic="false" isGetter="true" isSetter="false">
              <Summary numSequencePoints="1" visitedSequencePoints="1" numBranchPoints="1" visitedBranchPoints="1" sequenceCoverage="100" branchCoverage="100" maxCyclomaticComplexity="1" minCyclomaticComplexity="1" visitedClasses="0" numClasses="0" visitedMethods="1" numMethods="1" />
              <MetadataToken>100667001</MetadataToken>
              <Name>IBM.Watson.DeveloperCloud.Services.NaturalLanguageClassifier.v1.NaturalLanguageClassifier/OnGetClassifier IBM.Watson.DeveloperCloud.Services.NaturalLanguageClassifier.v1.NaturalLanguageClassifier/GetClassifierReq::get_Callback()</Name>
              <FileRef uid="253" />
              <SequencePoints>
                <SequencePoint vc="4" uspid="7168" ordinal="0" offset="0" sl="222" sc="41" el="222" ec="45" bec="0" bev="0" fileid="253" />
              </SequencePoints>
              <BranchPoints />
              <MethodPoint xsi:type="SequencePoint" vc="4" uspid="7168" ordinal="0" offset="0" sl="222" sc="41" el="222" ec="45" bec="0" bev="0" fileid="253" />
            </Method>
            <Method visited="true" cyclomaticComplexity="1" nPathComplexity="0" sequenceCoverage="100" branchCoverage="100" isConstructor="false" isStatic="false" isGetter="false" isSetter="true">
              <Summary numSequencePoints="1" visitedSequencePoints="1" numBranchPoints="1" visitedBranchPoints="1" sequenceCoverage="100" branchCoverage="100" maxCyclomaticComplexity="1" minCyclomaticComplexity="1" visitedClasses="0" numClasses="0" visitedMethods="1" numMethods="1" />
              <MetadataToken>100667002</MetadataToken>
              <Name>System.Void IBM.Watson.DeveloperCloud.Services.NaturalLanguageClassifier.v1.NaturalLanguageClassifier/GetClassifierReq::set_Callback(IBM.Watson.DeveloperCloud.Services.NaturalLanguageClassifier.v1.NaturalLanguageClassifier/OnGetClassifier)</Name>
              <FileRef uid="253" />
              <SequencePoints>
                <SequencePoint vc="2" uspid="7169" ordinal="0" offset="0" sl="222" sc="46" el="222" ec="50" bec="0" bev="0" fileid="253" />
              </SequencePoints>
              <BranchPoints />
              <MethodPoint xsi:type="SequencePoint" vc="2" uspid="7169" ordinal="0" offset="0" sl="222" sc="46" el="222" ec="50" bec="0" bev="0" fileid="253" />
            </Method>
            <Method visited="true" cyclomaticComplexity="1" nPathComplexity="0" sequenceCoverage="0" branchCoverage="0" isConstructor="true" isStatic="false" isGetter="false" isSetter="false">
              <Summary numSequencePoints="0" visitedSequencePoints="0" numBranchPoints="0" visitedBranchPoints="0" sequenceCoverage="0" branchCoverage="0" maxCyclomaticComplexity="1" minCyclomaticComplexity="1" visitedClasses="0" numClasses="0" visitedMethods="0" numMethods="0" />
              <MetadataToken>100667003</MetadataToken>
              <Name>System.Void IBM.Watson.DeveloperCloud.Services.NaturalLanguageClassifier.v1.NaturalLanguageClassifier/GetClassifierReq::.ctor()</Name>
              <SequencePoints />
              <BranchPoints />
              <MethodPoint vc="2" uspid="7170" ordinal="0" offset="0" />
            </Method>
          </Methods>
        </Class>
        <Class>
          <Summary numSequencePoints="2" visitedSequencePoints="2" numBranchPoints="2" visitedBranchPoints="2" sequenceCoverage="100" branchCoverage="100" maxCyclomaticComplexity="1" minCyclomaticComplexity="1" visitedClasses="1" numClasses="1" visitedMethods="2" numMethods="2" />
          <FullName>IBM.Watson.DeveloperCloud.Services.NaturalLanguageClassifier.v1.NaturalLanguageClassifier/TrainClassifierReq</FullName>
          <Methods>
            <Method visited="true" cyclomaticComplexity="1" nPathComplexity="0" sequenceCoverage="100" branchCoverage="100" isConstructor="false" isStatic="false" isGetter="true" isSetter="false">
              <Summary numSequencePoints="1" visitedSequencePoints="1" numBranchPoints="1" visitedBranchPoints="1" sequenceCoverage="100" branchCoverage="100" maxCyclomaticComplexity="1" minCyclomaticComplexity="1" visitedClasses="0" numClasses="0" visitedMethods="1" numMethods="1" />
              <MetadataToken>100667004</MetadataToken>
              <Name>IBM.Watson.DeveloperCloud.Services.NaturalLanguageClassifier.v1.NaturalLanguageClassifier/OnTrainClassifier IBM.Watson.DeveloperCloud.Services.NaturalLanguageClassifier.v1.NaturalLanguageClassifier/TrainClassifierReq::get_Callback()</Name>
              <FileRef uid="253" />
              <SequencePoints>
                <SequencePoint vc="2" uspid="7171" ordinal="0" offset="0" sl="292" sc="43" el="292" ec="47" bec="0" bev="0" fileid="253" />
              </SequencePoints>
              <BranchPoints />
              <MethodPoint xsi:type="SequencePoint" vc="2" uspid="7171" ordinal="0" offset="0" sl="292" sc="43" el="292" ec="47" bec="0" bev="0" fileid="253" />
            </Method>
            <Method visited="true" cyclomaticComplexity="1" nPathComplexity="0" sequenceCoverage="100" branchCoverage="100" isConstructor="false" isStatic="false" isGetter="false" isSetter="true">
              <Summary numSequencePoints="1" visitedSequencePoints="1" numBranchPoints="1" visitedBranchPoints="1" sequenceCoverage="100" branchCoverage="100" maxCyclomaticComplexity="1" minCyclomaticComplexity="1" visitedClasses="0" numClasses="0" visitedMethods="1" numMethods="1" />
              <MetadataToken>100667005</MetadataToken>
              <Name>System.Void IBM.Watson.DeveloperCloud.Services.NaturalLanguageClassifier.v1.NaturalLanguageClassifier/TrainClassifierReq::set_Callback(IBM.Watson.DeveloperCloud.Services.NaturalLanguageClassifier.v1.NaturalLanguageClassifier/OnTrainClassifier)</Name>
              <FileRef uid="253" />
              <SequencePoints>
                <SequencePoint vc="1" uspid="7172" ordinal="0" offset="0" sl="292" sc="48" el="292" ec="52" bec="0" bev="0" fileid="253" />
              </SequencePoints>
              <BranchPoints />
              <MethodPoint xsi:type="SequencePoint" vc="1" uspid="7172" ordinal="0" offset="0" sl="292" sc="48" el="292" ec="52" bec="0" bev="0" fileid="253" />
            </Method>
            <Method visited="true" cyclomaticComplexity="1" nPathComplexity="0" sequenceCoverage="0" branchCoverage="0" isConstructor="true" isStatic="false" isGetter="false" isSetter="false">
              <Summary numSequencePoints="0" visitedSequencePoints="0" numBranchPoints="0" visitedBranchPoints="0" sequenceCoverage="0" branchCoverage="0" maxCyclomaticComplexity="1" minCyclomaticComplexity="1" visitedClasses="0" numClasses="0" visitedMethods="0" numMethods="0" />
              <MetadataToken>100667006</MetadataToken>
              <Name>System.Void IBM.Watson.DeveloperCloud.Services.NaturalLanguageClassifier.v1.NaturalLanguageClassifier/TrainClassifierReq::.ctor()</Name>
              <SequencePoints />
              <BranchPoints />
              <MethodPoint vc="1" uspid="7173" ordinal="0" offset="0" />
            </Method>
          </Methods>
        </Class>
        <Class>
          <Summary numSequencePoints="2" visitedSequencePoints="2" numBranchPoints="2" visitedBranchPoints="2" sequenceCoverage="100" branchCoverage="100" maxCyclomaticComplexity="1" minCyclomaticComplexity="1" visitedClasses="1" numClasses="1" visitedMethods="2" numMethods="2" />
          <FullName>IBM.Watson.DeveloperCloud.Services.NaturalLanguageClassifier.v1.NaturalLanguageClassifier/DeleteClassifierReq</FullName>
          <Methods>
            <Method visited="true" cyclomaticComplexity="1" nPathComplexity="0" sequenceCoverage="100" branchCoverage="100" isConstructor="false" isStatic="false" isGetter="true" isSetter="false">
              <Summary numSequencePoints="1" visitedSequencePoints="1" numBranchPoints="1" visitedBranchPoints="1" sequenceCoverage="100" branchCoverage="100" maxCyclomaticComplexity="1" minCyclomaticComplexity="1" visitedClasses="0" numClasses="0" visitedMethods="1" numMethods="1" />
              <MetadataToken>100667007</MetadataToken>
              <Name>IBM.Watson.DeveloperCloud.Services.NaturalLanguageClassifier.v1.NaturalLanguageClassifier/OnDeleteClassifier IBM.Watson.DeveloperCloud.Services.NaturalLanguageClassifier.v1.NaturalLanguageClassifier/DeleteClassifierReq::get_Callback()</Name>
              <FileRef uid="253" />
              <SequencePoints>
                <SequencePoint vc="2" uspid="7174" ordinal="0" offset="0" sl="350" sc="44" el="350" ec="48" bec="0" bev="0" fileid="253" />
              </SequencePoints>
              <BranchPoints />
              <MethodPoint xsi:type="SequencePoint" vc="2" uspid="7174" ordinal="0" offset="0" sl="350" sc="44" el="350" ec="48" bec="0" bev="0" fileid="253" />
            </Method>
            <Method visited="true" cyclomaticComplexity="1" nPathComplexity="0" sequenceCoverage="100" branchCoverage="100" isConstructor="false" isStatic="false" isGetter="false" isSetter="true">
              <Summary numSequencePoints="1" visitedSequencePoints="1" numBranchPoints="1" visitedBranchPoints="1" sequenceCoverage="100" branchCoverage="100" maxCyclomaticComplexity="1" minCyclomaticComplexity="1" visitedClasses="0" numClasses="0" visitedMethods="1" numMethods="1" />
              <MetadataToken>100667008</MetadataToken>
              <Name>System.Void IBM.Watson.DeveloperCloud.Services.NaturalLanguageClassifier.v1.NaturalLanguageClassifier/DeleteClassifierReq::set_Callback(IBM.Watson.DeveloperCloud.Services.NaturalLanguageClassifier.v1.NaturalLanguageClassifier/OnDeleteClassifier)</Name>
              <FileRef uid="253" />
              <SequencePoints>
                <SequencePoint vc="1" uspid="7175" ordinal="0" offset="0" sl="350" sc="49" el="350" ec="53" bec="0" bev="0" fileid="253" />
              </SequencePoints>
              <BranchPoints />
              <MethodPoint xsi:type="SequencePoint" vc="1" uspid="7175" ordinal="0" offset="0" sl="350" sc="49" el="350" ec="53" bec="0" bev="0" fileid="253" />
            </Method>
            <Method visited="true" cyclomaticComplexity="1" nPathComplexity="0" sequenceCoverage="0" branchCoverage="0" isConstructor="true" isStatic="false" isGetter="false" isSetter="false">
              <Summary numSequencePoints="0" visitedSequencePoints="0" numBranchPoints="0" visitedBranchPoints="0" sequenceCoverage="0" branchCoverage="0" maxCyclomaticComplexity="1" minCyclomaticComplexity="1" visitedClasses="0" numClasses="0" visitedMethods="0" numMethods="0" />
              <MetadataToken>100667009</MetadataToken>
              <Name>System.Void IBM.Watson.DeveloperCloud.Services.NaturalLanguageClassifier.v1.NaturalLanguageClassifier/DeleteClassifierReq::.ctor()</Name>
              <SequencePoints />
              <BranchPoints />
              <MethodPoint vc="1" uspid="7176" ordinal="0" offset="0" />
            </Method>
          </Methods>
        </Class>
        <Class>
          <Summary numSequencePoints="6" visitedSequencePoints="5" numBranchPoints="6" visitedBranchPoints="5" sequenceCoverage="83.33" branchCoverage="83.33" maxCyclomaticComplexity="1" minCyclomaticComplexity="1" visitedClasses="1" numClasses="1" visitedMethods="5" numMethods="6" />
          <FullName>IBM.Watson.DeveloperCloud.Services.NaturalLanguageClassifier.v1.NaturalLanguageClassifier/ClassifyReq</FullName>
          <Methods>
            <Method visited="false" cyclomaticComplexity="1" nPathComplexity="0" sequenceCoverage="0" branchCoverage="0" isConstructor="false" isStatic="false" isGetter="true" isSetter="false">
              <Summary numSequencePoints="1" visitedSequencePoints="0" numBranchPoints="1" visitedBranchPoints="0" sequenceCoverage="0" branchCoverage="0" maxCyclomaticComplexity="1" minCyclomaticComplexity="1" visitedClasses="0" numClasses="0" visitedMethods="0" numMethods="1" />
              <MetadataToken>100667010</MetadataToken>
              <Name>System.String IBM.Watson.DeveloperCloud.Services.NaturalLanguageClassifier.v1.NaturalLanguageClassifier/ClassifyReq::get_TextId()</Name>
              <FileRef uid="253" />
              <SequencePoints>
                <SequencePoint vc="0" uspid="7177" ordinal="0" offset="0" sl="437" sc="30" el="437" ec="34" bec="0" bev="0" fileid="253" />
              </SequencePoints>
              <BranchPoints />
              <MethodPoint xsi:type="SequencePoint" vc="0" uspid="7177" ordinal="0" offset="0" sl="437" sc="30" el="437" ec="34" bec="0" bev="0" fileid="253" />
            </Method>
            <Method visited="true" cyclomaticComplexity="1" nPathComplexity="0" sequenceCoverage="100" branchCoverage="100" isConstructor="false" isStatic="false" isGetter="false" isSetter="true">
              <Summary numSequencePoints="1" visitedSequencePoints="1" numBranchPoints="1" visitedBranchPoints="1" sequenceCoverage="100" branchCoverage="100" maxCyclomaticComplexity="1" minCyclomaticComplexity="1" visitedClasses="0" numClasses="0" visitedMethods="1" numMethods="1" />
              <MetadataToken>100667011</MetadataToken>
              <Name>System.Void IBM.Watson.DeveloperCloud.Services.NaturalLanguageClassifier.v1.NaturalLanguageClassifier/ClassifyReq::set_TextId(System.String)</Name>
              <FileRef uid="253" />
              <SequencePoints>
                <SequencePoint vc="1" uspid="7178" ordinal="0" offset="0" sl="437" sc="35" el="437" ec="39" bec="0" bev="0" fileid="253" />
              </SequencePoints>
              <BranchPoints />
              <MethodPoint xsi:type="SequencePoint" vc="1" uspid="7178" ordinal="0" offset="0" sl="437" sc="35" el="437" ec="39" bec="0" bev="0" fileid="253" />
            </Method>
            <Method visited="true" cyclomaticComplexity="1" nPathComplexity="0" sequenceCoverage="100" branchCoverage="100" isConstructor="false" isStatic="false" isGetter="true" isSetter="false">
              <Summary numSequencePoints="1" visitedSequencePoints="1" numBranchPoints="1" visitedBranchPoints="1" sequenceCoverage="100" branchCoverage="100" maxCyclomaticComplexity="1" minCyclomaticComplexity="1" visitedClasses="0" numClasses="0" visitedMethods="1" numMethods="1" />
              <MetadataToken>100667012</MetadataToken>
              <Name>System.String IBM.Watson.DeveloperCloud.Services.NaturalLanguageClassifier.v1.NaturalLanguageClassifier/ClassifyReq::get_ClassiferId()</Name>
              <FileRef uid="253" />
              <SequencePoints>
                <SequencePoint vc="1" uspid="7179" ordinal="0" offset="0" sl="438" sc="35" el="438" ec="39" bec="0" bev="0" fileid="253" />
              </SequencePoints>
              <BranchPoints />
              <MethodPoint xsi:type="SequencePoint" vc="1" uspid="7179" ordinal="0" offset="0" sl="438" sc="35" el="438" ec="39" bec="0" bev="0" fileid="253" />
            </Method>
            <Method visited="true" cyclomaticComplexity="1" nPathComplexity="0" sequenceCoverage="100" branchCoverage="100" isConstructor="false" isStatic="false" isGetter="false" isSetter="true">
              <Summary numSequencePoints="1" visitedSequencePoints="1" numBranchPoints="1" visitedBranchPoints="1" sequenceCoverage="100" branchCoverage="100" maxCyclomaticComplexity="1" minCyclomaticComplexity="1" visitedClasses="0" numClasses="0" visitedMethods="1" numMethods="1" />
              <MetadataToken>100667013</MetadataToken>
              <Name>System.Void IBM.Watson.DeveloperCloud.Services.NaturalLanguageClassifier.v1.NaturalLanguageClassifier/ClassifyReq::set_ClassiferId(System.String)</Name>
              <FileRef uid="253" />
              <SequencePoints>
                <SequencePoint vc="1" uspid="7180" ordinal="0" offset="0" sl="438" sc="40" el="438" ec="44" bec="0" bev="0" fileid="253" />
              </SequencePoints>
              <BranchPoints />
              <MethodPoint xsi:type="SequencePoint" vc="1" uspid="7180" ordinal="0" offset="0" sl="438" sc="40" el="438" ec="44" bec="0" bev="0" fileid="253" />
            </Method>
            <Method visited="true" cyclomaticComplexity="1" nPathComplexity="0" sequenceCoverage="100" branchCoverage="100" isConstructor="false" isStatic="false" isGetter="true" isSetter="false">
              <Summary numSequencePoints="1" visitedSequencePoints="1" numBranchPoints="1" visitedBranchPoints="1" sequenceCoverage="100" branchCoverage="100" maxCyclomaticComplexity="1" minCyclomaticComplexity="1" visitedClasses="0" numClasses="0" visitedMethods="1" numMethods="1" />
              <MetadataToken>100667014</MetadataToken>
              <Name>IBM.Watson.DeveloperCloud.Services.NaturalLanguageClassifier.v1.NaturalLanguageClassifier/OnClassify IBM.Watson.DeveloperCloud.Services.NaturalLanguageClassifier.v1.NaturalLanguageClassifier/ClassifyReq::get_Callback()</Name>
              <FileRef uid="253" />
              <SequencePoints>
                <SequencePoint vc="2" uspid="7181" ordinal="0" offset="0" sl="439" sc="36" el="439" ec="40" bec="0" bev="0" fileid="253" />
              </SequencePoints>
              <BranchPoints />
              <MethodPoint xsi:type="SequencePoint" vc="2" uspid="7181" ordinal="0" offset="0" sl="439" sc="36" el="439" ec="40" bec="0" bev="0" fileid="253" />
            </Method>
            <Method visited="true" cyclomaticComplexity="1" nPathComplexity="0" sequenceCoverage="100" branchCoverage="100" isConstructor="false" isStatic="false" isGetter="false" isSetter="true">
              <Summary numSequencePoints="1" visitedSequencePoints="1" numBranchPoints="1" visitedBranchPoints="1" sequenceCoverage="100" branchCoverage="100" maxCyclomaticComplexity="1" minCyclomaticComplexity="1" visitedClasses="0" numClasses="0" visitedMethods="1" numMethods="1" />
              <MetadataToken>100667015</MetadataToken>
              <Name>System.Void IBM.Watson.DeveloperCloud.Services.NaturalLanguageClassifier.v1.NaturalLanguageClassifier/ClassifyReq::set_Callback(IBM.Watson.DeveloperCloud.Services.NaturalLanguageClassifier.v1.NaturalLanguageClassifier/OnClassify)</Name>
              <FileRef uid="253" />
              <SequencePoints>
                <SequencePoint vc="1" uspid="7182" ordinal="0" offset="0" sl="439" sc="41" el="439" ec="45" bec="0" bev="0" fileid="253" />
              </SequencePoints>
              <BranchPoints />
              <MethodPoint xsi:type="SequencePoint" vc="1" uspid="7182" ordinal="0" offset="0" sl="439" sc="41" el="439" ec="45" bec="0" bev="0" fileid="253" />
            </Method>
            <Method visited="true" cyclomaticComplexity="1" nPathComplexity="0" sequenceCoverage="0" branchCoverage="0" isConstructor="true" isStatic="false" isGetter="false" isSetter="false">
              <Summary numSequencePoints="0" visitedSequencePoints="0" numBranchPoints="0" visitedBranchPoints="0" sequenceCoverage="0" branchCoverage="0" maxCyclomaticComplexity="1" minCyclomaticComplexity="1" visitedClasses="0" numClasses="0" visitedMethods="0" numMethods="0" />
              <MetadataToken>100667016</MetadataToken>
              <Name>System.Void IBM.Watson.DeveloperCloud.Services.NaturalLanguageClassifier.v1.NaturalLanguageClassifier/ClassifyReq::.ctor()</Name>
              <SequencePoints />
              <BranchPoints />
              <MethodPoint vc="1" uspid="7183" ordinal="0" offset="0" />
            </Method>
          </Methods>
        </Class>
        <Class>
          <Summary numSequencePoints="55" visitedSequencePoints="0" numBranchPoints="49" visitedBranchPoints="0" sequenceCoverage="0" branchCoverage="0" maxCyclomaticComplexity="9" minCyclomaticComplexity="3" visitedClasses="0" numClasses="1" visitedMethods="0" numMethods="5" />
          <FullName>IBM.Watson.DeveloperCloud.Services.NaturalLanguageClassifier.v1.NaturalLanguageClassifier/CheckServiceStatus</FullName>
          <Methods>
            <Method visited="false" cyclomaticComplexity="4" nPathComplexity="8" sequenceCoverage="0" branchCoverage="0" isConstructor="true" isStatic="false" isGetter="false" isSetter="false">
              <Summary numSequencePoints="14" visitedSequencePoints="0" numBranchPoints="7" visitedBranchPoints="0" sequenceCoverage="0" branchCoverage="0" maxCyclomaticComplexity="4" minCyclomaticComplexity="4" visitedClasses="0" numClasses="0" visitedMethods="0" numMethods="1" />
              <MetadataToken>100667017</MetadataToken>
              <Name>System.Void IBM.Watson.DeveloperCloud.Services.NaturalLanguageClassifier.v1.NaturalLanguageClassifier/CheckServiceStatus::.ctor(IBM.Watson.DeveloperCloud.Services.NaturalLanguageClassifier.v1.NaturalLanguageClassifier,IBM.Watson.DeveloperCloud.Services.ServiceStatus)</Name>
              <FileRef uid="253" />
              <SequencePoints>
                <SequencePoint vc="0" uspid="7184" ordinal="0" offset="0" sl="510" sc="7" el="510" ec="91" bec="0" bev="0" fileid="253" />
                <SequencePoint vc="0" uspid="7185" ordinal="1" offset="6" sl="512" sc="9" el="512" ec="29" bec="0" bev="0" fileid="253" />
                <SequencePoint vc="0" uspid="7186" ordinal="2" offset="13" sl="513" sc="9" el="513" ec="31" bec="0" bev="0" fileid="253" />
                <SequencePoint vc="0" uspid="7187" ordinal="3" offset="20" sl="515" sc="9" el="515" ec="90" bec="0" bev="0" fileid="253" />
                <SequencePoint vc="0" uspid="7188" ordinal="4" offset="36" sl="516" sc="9" el="516" ec="39" bec="0" bev="0" fileid="253" />
                <SequencePoint vc="0" uspid="7189" ordinal="5" offset="48" sl="518" sc="9" el="518" ec="55" bec="2" bev="0" fileid="253" />
                <SequencePoint vc="0" uspid="7190" ordinal="6" offset="56" sl="521" sc="11" el="521" ec="76" bec="2" bev="0" fileid="253" />
                <SequencePoint vc="0" uspid="7191" ordinal="7" offset="82" sl="523" sc="13" el="523" ec="57" bec="0" bev="0" fileid="253" />
                <SequencePoint vc="0" uspid="7192" ordinal="8" offset="93" sl="524" sc="11" el="524" ec="12" bec="0" bev="0" fileid="253" />
                <SequencePoint vc="0" uspid="7193" ordinal="9" offset="94" sl="527" sc="13" el="527" ec="39" bec="0" bev="0" fileid="253" />
                <SequencePoint vc="0" uspid="7194" ordinal="10" offset="108" sl="529" sc="9" el="529" ec="10" bec="0" bev="0" fileid="253" />
                <SequencePoint vc="0" uspid="7195" ordinal="11" offset="109" sl="532" sc="11" el="532" ec="58" bec="2" bev="0" fileid="253" />
                <SequencePoint vc="0" uspid="7196" ordinal="12" offset="134" sl="533" sc="13" el="533" ec="58" bec="0" bev="0" fileid="253" />
                <SequencePoint vc="0" uspid="7197" ordinal="13" offset="145" sl="536" sc="7" el="536" ec="8" bec="0" bev="0" fileid="253" />
              </SequencePoints>
              <BranchPoints>
                <BranchPoint vc="0" uspid="7198" ordinal="0" offset="54" sl="518" path="0" offsetend="56" fileid="253" />
                <BranchPoint vc="0" uspid="7199" ordinal="1" offset="54" sl="518" path="1" offsetend="109" fileid="253" />
                <BranchPoint vc="0" uspid="7200" ordinal="2" offset="80" sl="521" path="0" offsetend="82" fileid="253" />
                <BranchPoint vc="0" uspid="7201" ordinal="3" offset="80" sl="521" path="1" offsetend="94" fileid="253" />
                <BranchPoint vc="0" uspid="7202" ordinal="4" offset="132" sl="532" path="0" offsetend="134" fileid="253" />
                <BranchPoint vc="0" uspid="7203" ordinal="5" offset="132" sl="532" path="1" offsetend="145" fileid="253" />
              </BranchPoints>
              <MethodPoint xsi:type="SequencePoint" vc="0" uspid="7184" ordinal="0" offset="0" sl="510" sc="7" el="510" ec="91" bec="0" bev="0" fileid="253" />
            </Method>
            <Method visited="false" cyclomaticComplexity="9" nPathComplexity="128" sequenceCoverage="0" branchCoverage="0" isConstructor="false" isStatic="false" isGetter="false" isSetter="false">
              <Summary numSequencePoints="16" visitedSequencePoints="0" numBranchPoints="15" visitedBranchPoints="0" sequenceCoverage="0" branchCoverage="0" maxCyclomaticComplexity="9" minCyclomaticComplexity="9" visitedClasses="0" numClasses="0" visitedMethods="0" numMethods="1" />
              <MetadataToken>100667018</MetadataToken>
              <Name>System.Void IBM.Watson.DeveloperCloud.Services.NaturalLanguageClassifier.v1.NaturalLanguageClassifier/CheckServiceStatus::OnCheckServices(IBM.Watson.DeveloperCloud.Services.NaturalLanguageClassifier.v1.Classifiers)</Name>
              <FileRef uid="253" />
              <SequencePoints>
                <SequencePoint vc="0" uspid="7204" ordinal="0" offset="0" sl="540" sc="9" el="540" ec="32" bec="2" bev="0" fileid="253" />
                <SequencePoint vc="0" uspid="7205" ordinal="1" offset="11" sl="542" sc="11" el="542" ec="50" bec="2" bev="0" fileid="253" />
                <SequencePoint vc="0" uspid="7206" ordinal="2" offset="20" sl="544" sc="40" el="544" ec="63" bec="0" bev="0" fileid="253" />
                <SequencePoint vc="0" uspid="7207" ordinal="3" offset="31" sl="544" sc="22" el="544" ec="36" bec="0" bev="0" fileid="253" />
                <SequencePoint vc="0" uspid="7208" ordinal="4" offset="35" sl="547" sc="15" el="547" ec="86" bec="2" bev="0" fileid="253" />
                <SequencePoint vc="0" uspid="7209" ordinal="5" offset="66" sl="549" sc="17" el="549" ec="61" bec="0" bev="0" fileid="253" />
                <SequencePoint vc="0" uspid="7210" ordinal="6" offset="77" sl="550" sc="17" el="550" ec="23" bec="0" bev="0" fileid="253" />
                <SequencePoint vc="0" uspid="7211" ordinal="7" offset="78" sl="553" sc="17" el="553" ec="43" bec="0" bev="0" fileid="253" />
                <SequencePoint vc="0" uspid="7212" ordinal="8" offset="96" sl="544" sc="37" el="544" ec="39" bec="0" bev="0" fileid="253" />
                <SequencePoint vc="0" uspid="7213" ordinal="9" offset="102" sl="555" sc="11" el="555" ec="12" bec="0" bev="0" fileid="253" />
                <SequencePoint vc="0" uspid="7214" ordinal="10" offset="103" sl="558" sc="13" el="558" ec="65" bec="3" bev="0" fileid="253" />
                <SequencePoint vc="0" uspid="7215" ordinal="11" offset="124" sl="560" sc="15" el="560" ec="44" bec="0" bev="0" fileid="253" />
                <SequencePoint vc="0" uspid="7216" ordinal="12" offset="141" sl="563" sc="9" el="563" ec="10" bec="0" bev="0" fileid="253" />
                <SequencePoint vc="0" uspid="7217" ordinal="13" offset="142" sl="566" sc="11" el="566" ec="63" bec="3" bev="0" fileid="253" />
                <SequencePoint vc="0" uspid="7218" ordinal="14" offset="163" sl="568" sc="13" el="568" ec="43" bec="0" bev="0" fileid="253" />
                <SequencePoint vc="0" uspid="7219" ordinal="15" offset="180" sl="571" sc="7" el="571" ec="8" bec="0" bev="0" fileid="253" />
              </SequencePoints>
              <BranchPoints>
                <BranchPoint vc="0" uspid="7220" ordinal="0" offset="6" sl="540" path="0" offsetend="11" fileid="253" />
                <BranchPoint vc="0" uspid="7221" ordinal="1" offset="6" sl="540" path="1" offsetend="142" fileid="253" />
                <BranchPoint vc="0" uspid="7222" ordinal="2" offset="18" sl="542" path="0" offsetend="20" fileid="253" />
                <BranchPoint vc="0" uspid="7223" ordinal="3" offset="18" sl="542" path="1" offsetend="103" fileid="253" />
                <BranchPoint vc="0" uspid="7224" ordinal="4" offset="64" sl="547" path="0" offsetend="66" fileid="253" />
                <BranchPoint vc="0" uspid="7225" ordinal="5" offset="64" sl="547" path="1" offsetend="78" fileid="253" />
                <BranchPoint vc="0" uspid="7228" ordinal="8" offset="109" sl="558" path="0" offsetend="111" fileid="253" />
                <BranchPoint vc="0" uspid="7229" ordinal="9" offset="109" sl="558" path="1" offsetend="180" fileid="253" />
                <BranchPoint vc="0" uspid="7230" ordinal="10" offset="122" sl="558" path="0" offsetend="124" fileid="253" />
                <BranchPoint vc="0" uspid="7231" ordinal="11" offset="122" sl="558" path="1" offsetend="180" fileid="253" />
                <BranchPoint vc="0" uspid="7232" ordinal="12" offset="148" sl="566" path="0" offsetend="150" fileid="253" />
                <BranchPoint vc="0" uspid="7233" ordinal="13" offset="148" sl="566" path="1" offsetend="180" fileid="253" />
                <BranchPoint vc="0" uspid="7234" ordinal="14" offset="161" sl="566" path="0" offsetend="163" fileid="253" />
                <BranchPoint vc="0" uspid="7235" ordinal="15" offset="161" sl="566" path="1" offsetend="180" fileid="253" />
              </BranchPoints>
              <MethodPoint xsi:type="SequencePoint" vc="0" uspid="7204" ordinal="0" offset="0" sl="540" sc="9" el="540" ec="32" bec="2" bev="0" fileid="253" />
            </Method>
            <Method visited="false" cyclomaticComplexity="6" nPathComplexity="32" sequenceCoverage="0" branchCoverage="0" isConstructor="false" isStatic="false" isGetter="false" isSetter="false">
              <Summary numSequencePoints="12" visitedSequencePoints="0" numBranchPoints="11" visitedBranchPoints="0" sequenceCoverage="0" branchCoverage="0" maxCyclomaticComplexity="6" minCyclomaticComplexity="6" visitedClasses="0" numClasses="0" visitedMethods="0" numMethods="1" />
              <MetadataToken>100667019</MetadataToken>
              <Name>System.Void IBM.Watson.DeveloperCloud.Services.NaturalLanguageClassifier.v1.NaturalLanguageClassifier/CheckServiceStatus::OnCheckService(IBM.Watson.DeveloperCloud.Services.NaturalLanguageClassifier.v1.Classifier)</Name>
              <FileRef uid="253" />
              <SequencePoints>
                <SequencePoint vc="0" uspid="7236" ordinal="0" offset="0" sl="575" sc="9" el="575" ec="38" bec="2" bev="0" fileid="253" />
                <SequencePoint vc="0" uspid="7237" ordinal="1" offset="12" sl="577" sc="11" el="577" ec="37" bec="0" bev="0" fileid="253" />
                <SequencePoint vc="0" uspid="7238" ordinal="2" offset="26" sl="578" sc="11" el="578" ec="34" bec="2" bev="0" fileid="253" />
                <SequencePoint vc="0" uspid="7239" ordinal="3" offset="32" sl="580" sc="13" el="580" ec="85" bec="3" bev="0" fileid="253" />
                <SequencePoint vc="0" uspid="7240" ordinal="4" offset="68" sl="582" sc="15" el="583" ec="65" bec="0" bev="0" fileid="253" />
                <SequencePoint vc="0" uspid="7241" ordinal="5" offset="96" sl="584" sc="13" el="584" ec="14" bec="0" bev="0" fileid="253" />
                <SequencePoint vc="0" uspid="7242" ordinal="6" offset="97" sl="588" sc="15" el="588" ec="92" bec="2" bev="0" fileid="253" />
                <SequencePoint vc="0" uspid="7243" ordinal="7" offset="133" sl="589" sc="17" el="589" ec="56" bec="0" bev="0" fileid="253" />
                <SequencePoint vc="0" uspid="7244" ordinal="8" offset="145" sl="591" sc="17" el="591" ec="38" bec="0" bev="0" fileid="253" />
                <SequencePoint vc="0" uspid="7245" ordinal="9" offset="159" sl="593" sc="11" el="593" ec="12" bec="0" bev="0" fileid="253" />
                <SequencePoint vc="0" uspid="7246" ordinal="10" offset="160" sl="595" sc="13" el="595" ec="52" bec="0" bev="0" fileid="253" />
                <SequencePoint vc="0" uspid="7247" ordinal="11" offset="171" sl="597" sc="7" el="597" ec="8" bec="0" bev="0" fileid="253" />
              </SequencePoints>
              <BranchPoints>
                <BranchPoint vc="0" uspid="7248" ordinal="0" offset="7" sl="575" path="0" offsetend="12" fileid="253" />
                <BranchPoint vc="0" uspid="7249" ordinal="1" offset="7" sl="575" path="1" offsetend="171" fileid="253" />
                <BranchPoint vc="0" uspid="7250" ordinal="2" offset="27" sl="578" path="0" offsetend="32" fileid="253" />
                <BranchPoint vc="0" uspid="7251" ordinal="3" offset="27" sl="578" path="1" offsetend="160" fileid="253" />
                <BranchPoint vc="0" uspid="7252" ordinal="4" offset="48" sl="580" path="0" offsetend="50" fileid="253" />
                <BranchPoint vc="0" uspid="7253" ordinal="5" offset="48" sl="580" path="1" offsetend="68" fileid="253" />
                <BranchPoint vc="0" uspid="7254" ordinal="6" offset="66" sl="580" path="0" offsetend="68" fileid="253" />
                <BranchPoint vc="0" uspid="7255" ordinal="7" offset="66" sl="580" path="1" offsetend="97" fileid="253" />
                <BranchPoint vc="0" uspid="7256" ordinal="8" offset="131" sl="588" path="0" offsetend="133" fileid="253" />
                <BranchPoint vc="0" uspid="7257" ordinal="9" offset="131" sl="588" path="1" offsetend="145" fileid="253" />
              </BranchPoints>
              <MethodPoint xsi:type="SequencePoint" vc="0" uspid="7236" ordinal="0" offset="0" sl="575" sc="9" el="575" ec="38" bec="2" bev="0" fileid="253" />
            </Method>
            <Method visited="false" cyclomaticComplexity="6" nPathComplexity="32" sequenceCoverage="0" branchCoverage="0" isConstructor="false" isStatic="false" isGetter="false" isSetter="false">
              <Summary numSequencePoints="8" visitedSequencePoints="0" numBranchPoints="11" visitedBranchPoints="0" sequenceCoverage="0" branchCoverage="0" maxCyclomaticComplexity="6" minCyclomaticComplexity="6" visitedClasses="0" numClasses="0" visitedMethods="0" numMethods="1" />
              <MetadataToken>100667020</MetadataToken>
              <Name>System.Void IBM.Watson.DeveloperCloud.Services.NaturalLanguageClassifier.v1.NaturalLanguageClassifier/CheckServiceStatus::OnClassify(IBM.Watson.DeveloperCloud.Services.NaturalLanguageClassifier.v1.ClassifyResult)</Name>
              <FileRef uid="253" />
              <SequencePoints>
                <SequencePoint vc="0" uspid="7258" ordinal="0" offset="0" sl="601" sc="9" el="601" ec="33" bec="2" bev="0" fileid="253" />
                <SequencePoint vc="0" uspid="7259" ordinal="1" offset="9" sl="603" sc="11" el="603" ec="32" bec="0" bev="0" fileid="253" />
                <SequencePoint vc="0" uspid="7260" ordinal="2" offset="23" sl="604" sc="11" el="604" ec="30" bec="2" bev="0" fileid="253" />
                <SequencePoint vc="0" uspid="7261" ordinal="3" offset="26" sl="607" sc="13" el="607" ec="89" bec="4" bev="0" fileid="253" />
                <SequencePoint vc="0" uspid="7262" ordinal="4" offset="55" sl="609" sc="15" el="609" ec="44" bec="0" bev="0" fileid="253" />
                <SequencePoint vc="0" uspid="7263" ordinal="5" offset="72" sl="611" sc="11" el="611" ec="12" bec="0" bev="0" fileid="253" />
                <SequencePoint vc="0" uspid="7264" ordinal="6" offset="73" sl="613" sc="13" el="613" ec="46" bec="0" bev="0" fileid="253" />
                <SequencePoint vc="0" uspid="7265" ordinal="7" offset="84" sl="615" sc="7" el="615" ec="8" bec="0" bev="0" fileid="253" />
              </SequencePoints>
              <BranchPoints>
                <BranchPoint vc="0" uspid="7266" ordinal="0" offset="7" sl="601" path="0" offsetend="9" fileid="253" />
                <BranchPoint vc="0" uspid="7267" ordinal="1" offset="7" sl="601" path="1" offsetend="84" fileid="253" />
                <BranchPoint vc="0" uspid="7268" ordinal="2" offset="24" sl="604" path="0" offsetend="26" fileid="253" />
                <BranchPoint vc="0" uspid="7269" ordinal="3" offset="24" sl="604" path="1" offsetend="73" fileid="253" />
                <BranchPoint vc="0" uspid="7270" ordinal="4" offset="32" sl="607" path="0" offsetend="34" fileid="253" />
                <BranchPoint vc="0" uspid="7271" ordinal="5" offset="32" sl="607" path="1" offsetend="84" fileid="253" />
                <BranchPoint vc="0" uspid="7272" ordinal="6" offset="40" sl="607" path="0" offsetend="42" fileid="253" />
                <BranchPoint vc="0" uspid="7273" ordinal="7" offset="40" sl="607" path="1" offsetend="84" fileid="253" />
                <BranchPoint vc="0" uspid="7274" ordinal="8" offset="53" sl="607" path="0" offsetend="55" fileid="253" />
                <BranchPoint vc="0" uspid="7275" ordinal="9" offset="53" sl="607" path="1" offsetend="84" fileid="253" />
              </BranchPoints>
              <MethodPoint xsi:type="SequencePoint" vc="0" uspid="7258" ordinal="0" offset="0" sl="601" sc="9" el="601" ec="33" bec="2" bev="0" fileid="253" />
            </Method>
            <Method visited="false" cyclomaticComplexity="3" nPathComplexity="4" sequenceCoverage="0" branchCoverage="0" isConstructor="false" isStatic="false" isGetter="false" isSetter="false">
              <Summary numSequencePoints="5" visitedSequencePoints="0" numBranchPoints="5" visitedBranchPoints="0" sequenceCoverage="0" branchCoverage="0" maxCyclomaticComplexity="3" minCyclomaticComplexity="3" visitedClasses="0" numClasses="0" visitedMethods="0" numMethods="1" />
              <MetadataToken>100667021</MetadataToken>
              <Name>System.Void IBM.Watson.DeveloperCloud.Services.NaturalLanguageClassifier.v1.NaturalLanguageClassifier/CheckServiceStatus::OnFailure(System.String)</Name>
              <FileRef uid="253" />
              <SequencePoints>
                <SequencePoint vc="0" uspid="7276" ordinal="0" offset="0" sl="619" sc="9" el="619" ec="53" bec="0" bev="0" fileid="253" />
                <SequencePoint vc="0" uspid="7277" ordinal="1" offset="17" sl="620" sc="9" el="620" ec="61" bec="3" bev="0" fileid="253" />
                <SequencePoint vc="0" uspid="7278" ordinal="2" offset="38" sl="622" sc="11" el="622" ec="41" bec="0" bev="0" fileid="253" />
                <SequencePoint vc="0" uspid="7279" ordinal="3" offset="55" sl="624" sc="9" el="624" ec="52" bec="0" bev="0" fileid="253" />
                <SequencePoint vc="0" uspid="7280" ordinal="4" offset="71" sl="625" sc="7" el="625" ec="8" bec="0" bev="0" fileid="253" />
              </SequencePoints>
              <BranchPoints>
                <BranchPoint vc="0" uspid="7281" ordinal="0" offset="23" sl="620" path="0" offsetend="25" fileid="253" />
                <BranchPoint vc="0" uspid="7282" ordinal="1" offset="23" sl="620" path="1" offsetend="55" fileid="253" />
                <BranchPoint vc="0" uspid="7283" ordinal="2" offset="36" sl="620" path="0" offsetend="38" fileid="253" />
                <BranchPoint vc="0" uspid="7284" ordinal="3" offset="36" sl="620" path="1" offsetend="55" fileid="253" />
              </BranchPoints>
              <MethodPoint xsi:type="SequencePoint" vc="0" uspid="7276" ordinal="0" offset="0" sl="619" sc="9" el="619" ec="53" bec="0" bev="0" fileid="253" />
            </Method>
          </Methods>
        </Class>
        <Class>
          <Summary numSequencePoints="0" visitedSequencePoints="0" numBranchPoints="0" visitedBranchPoints="0" sequenceCoverage="0" branchCoverage="0" maxCyclomaticComplexity="1" minCyclomaticComplexity="1" visitedClasses="0" numClasses="0" visitedMethods="0" numMethods="0" />
          <FullName>IBM.Watson.DeveloperCloud.Services.LanguageTranslator.v1.Language</FullName>
          <Methods>
            <Method visited="true" cyclomaticComplexity="1" nPathComplexity="0" sequenceCoverage="0" branchCoverage="0" isConstructor="true" isStatic="false" isGetter="false" isSetter="false">
              <Summary numSequencePoints="0" visitedSequencePoints="0" numBranchPoints="0" visitedBranchPoints="0" sequenceCoverage="0" branchCoverage="0" maxCyclomaticComplexity="1" minCyclomaticComplexity="1" visitedClasses="0" numClasses="0" visitedMethods="0" numMethods="0" />
              <MetadataToken>100665146</MetadataToken>
              <Name>System.Void IBM.Watson.DeveloperCloud.Services.LanguageTranslator.v1.Language::.ctor()</Name>
              <SequencePoints />
              <BranchPoints />
              <MethodPoint vc="62" uspid="7285" ordinal="0" offset="0" />
            </Method>
          </Methods>
        </Class>
        <Class>
          <Summary numSequencePoints="0" visitedSequencePoints="0" numBranchPoints="0" visitedBranchPoints="0" sequenceCoverage="0" branchCoverage="0" maxCyclomaticComplexity="1" minCyclomaticComplexity="1" visitedClasses="0" numClasses="0" visitedMethods="0" numMethods="0" />
          <FullName>IBM.Watson.DeveloperCloud.Services.LanguageTranslator.v1.Languages</FullName>
          <Methods>
            <Method visited="true" cyclomaticComplexity="1" nPathComplexity="0" sequenceCoverage="0" branchCoverage="0" isConstructor="true" isStatic="false" isGetter="false" isSetter="false">
              <Summary numSequencePoints="0" visitedSequencePoints="0" numBranchPoints="0" visitedBranchPoints="0" sequenceCoverage="0" branchCoverage="0" maxCyclomaticComplexity="1" minCyclomaticComplexity="1" visitedClasses="0" numClasses="0" visitedMethods="0" numMethods="0" />
              <MetadataToken>100665149</MetadataToken>
              <Name>System.Void IBM.Watson.DeveloperCloud.Services.LanguageTranslator.v1.Languages::.ctor()</Name>
              <SequencePoints />
              <BranchPoints />
              <MethodPoint vc="1" uspid="7286" ordinal="0" offset="0" />
            </Method>
          </Methods>
        </Class>
        <Class>
          <Summary numSequencePoints="0" visitedSequencePoints="0" numBranchPoints="0" visitedBranchPoints="0" sequenceCoverage="0" branchCoverage="0" maxCyclomaticComplexity="1" minCyclomaticComplexity="1" visitedClasses="0" numClasses="0" visitedMethods="0" numMethods="0" />
          <FullName>IBM.Watson.DeveloperCloud.Services.LanguageTranslator.v1.Translation</FullName>
          <Methods>
            <Method visited="true" cyclomaticComplexity="1" nPathComplexity="0" sequenceCoverage="0" branchCoverage="0" isConstructor="true" isStatic="false" isGetter="false" isSetter="false">
              <Summary numSequencePoints="0" visitedSequencePoints="0" numBranchPoints="0" visitedBranchPoints="0" sequenceCoverage="0" branchCoverage="0" maxCyclomaticComplexity="1" minCyclomaticComplexity="1" visitedClasses="0" numClasses="0" visitedMethods="0" numMethods="0" />
              <MetadataToken>100665152</MetadataToken>
              <Name>System.Void IBM.Watson.DeveloperCloud.Services.LanguageTranslator.v1.Translation::.ctor()</Name>
              <SequencePoints />
              <BranchPoints />
              <MethodPoint vc="1" uspid="7287" ordinal="0" offset="0" />
            </Method>
          </Methods>
        </Class>
        <Class>
          <Summary numSequencePoints="0" visitedSequencePoints="0" numBranchPoints="0" visitedBranchPoints="0" sequenceCoverage="0" branchCoverage="0" maxCyclomaticComplexity="1" minCyclomaticComplexity="1" visitedClasses="0" numClasses="0" visitedMethods="0" numMethods="0" />
          <FullName>IBM.Watson.DeveloperCloud.Services.LanguageTranslator.v1.Translations</FullName>
          <Methods>
            <Method visited="true" cyclomaticComplexity="1" nPathComplexity="0" sequenceCoverage="0" branchCoverage="0" isConstructor="true" isStatic="false" isGetter="false" isSetter="false">
              <Summary numSequencePoints="0" visitedSequencePoints="0" numBranchPoints="0" visitedBranchPoints="0" sequenceCoverage="0" branchCoverage="0" maxCyclomaticComplexity="1" minCyclomaticComplexity="1" visitedClasses="0" numClasses="0" visitedMethods="0" numMethods="0" />
              <MetadataToken>100665159</MetadataToken>
              <Name>System.Void IBM.Watson.DeveloperCloud.Services.LanguageTranslator.v1.Translations::.ctor()</Name>
              <SequencePoints />
              <BranchPoints />
              <MethodPoint vc="1" uspid="7288" ordinal="0" offset="0" />
            </Method>
          </Methods>
        </Class>
        <Class>
          <Summary numSequencePoints="0" visitedSequencePoints="0" numBranchPoints="0" visitedBranchPoints="0" sequenceCoverage="0" branchCoverage="0" maxCyclomaticComplexity="1" minCyclomaticComplexity="1" visitedClasses="0" numClasses="0" visitedMethods="0" numMethods="0" />
          <FullName>IBM.Watson.DeveloperCloud.Services.LanguageTranslator.v1.TranslationModel</FullName>
          <Methods>
            <Method visited="true" cyclomaticComplexity="1" nPathComplexity="0" sequenceCoverage="0" branchCoverage="0" isConstructor="true" isStatic="false" isGetter="false" isSetter="false">
              <Summary numSequencePoints="0" visitedSequencePoints="0" numBranchPoints="0" visitedBranchPoints="0" sequenceCoverage="0" branchCoverage="0" maxCyclomaticComplexity="1" minCyclomaticComplexity="1" visitedClasses="0" numClasses="0" visitedMethods="0" numMethods="0" />
              <MetadataToken>100665180</MetadataToken>
              <Name>System.Void IBM.Watson.DeveloperCloud.Services.LanguageTranslator.v1.TranslationModel::.ctor()</Name>
              <SequencePoints />
              <BranchPoints />
              <MethodPoint vc="33" uspid="7289" ordinal="0" offset="0" />
            </Method>
          </Methods>
        </Class>
        <Class>
          <Summary numSequencePoints="0" visitedSequencePoints="0" numBranchPoints="0" visitedBranchPoints="0" sequenceCoverage="0" branchCoverage="0" maxCyclomaticComplexity="1" minCyclomaticComplexity="1" visitedClasses="0" numClasses="0" visitedMethods="0" numMethods="0" />
          <FullName>IBM.Watson.DeveloperCloud.Services.LanguageTranslator.v1.TranslationModels</FullName>
          <Methods>
            <Method visited="true" cyclomaticComplexity="1" nPathComplexity="0" sequenceCoverage="0" branchCoverage="0" isConstructor="true" isStatic="false" isGetter="false" isSetter="false">
              <Summary numSequencePoints="0" visitedSequencePoints="0" numBranchPoints="0" visitedBranchPoints="0" sequenceCoverage="0" branchCoverage="0" maxCyclomaticComplexity="1" minCyclomaticComplexity="1" visitedClasses="0" numClasses="0" visitedMethods="0" numMethods="0" />
              <MetadataToken>100665183</MetadataToken>
              <Name>System.Void IBM.Watson.DeveloperCloud.Services.LanguageTranslator.v1.TranslationModels::.ctor()</Name>
              <SequencePoints />
              <BranchPoints />
              <MethodPoint vc="1" uspid="7290" ordinal="0" offset="0" />
            </Method>
          </Methods>
        </Class>
        <Class>
          <Summary numSequencePoints="170" visitedSequencePoints="109" numBranchPoints="107" visitedBranchPoints="54" sequenceCoverage="64.12" branchCoverage="50.47" maxCyclomaticComplexity="7" minCyclomaticComplexity="1" visitedClasses="1" numClasses="1" visitedMethods="12" numMethods="15" />
          <FullName>IBM.Watson.DeveloperCloud.Services.LanguageTranslator.v1.LanguageTranslator</FullName>
          <Methods>
            <Method visited="false" cyclomaticComplexity="3" nPathComplexity="4" sequenceCoverage="0" branchCoverage="0" isConstructor="false" isStatic="false" isGetter="false" isSetter="false">
              <Summary numSequencePoints="8" visitedSequencePoints="0" numBranchPoints="5" visitedBranchPoints="0" sequenceCoverage="0" branchCoverage="0" maxCyclomaticComplexity="3" minCyclomaticComplexity="3" visitedClasses="0" numClasses="0" visitedMethods="0" numMethods="1" />
              <MetadataToken>100665184</MetadataToken>
              <Name>System.Boolean IBM.Watson.DeveloperCloud.Services.LanguageTranslator.v1.LanguageTranslator::GetTranslation(System.String,System.String,IBM.Watson.DeveloperCloud.Services.LanguageTranslator.v1.LanguageTranslator/TranslateCallback)</Name>
              <FileRef uid="267" />
              <SequencePoints>
                <SequencePoint vc="0" uspid="7291" ordinal="0" offset="0" sl="78" sc="7" el="78" ec="38" bec="2" bev="0" fileid="267" />
                <SequencePoint vc="0" uspid="7292" ordinal="1" offset="8" sl="79" sc="9" el="79" ec="49" bec="0" bev="0" fileid="267" />
                <SequencePoint vc="0" uspid="7293" ordinal="2" offset="19" sl="80" sc="7" el="80" ec="42" bec="2" bev="0" fileid="267" />
                <SequencePoint vc="0" uspid="7294" ordinal="3" offset="27" sl="81" sc="9" el="81" ec="53" bec="0" bev="0" fileid="267" />
                <SequencePoint vc="0" uspid="7295" ordinal="4" offset="38" sl="83" sc="7" el="83" ec="80" bec="0" bev="0" fileid="267" />
                <SequencePoint vc="0" uspid="7296" ordinal="5" offset="44" sl="84" sc="7" el="84" ec="41" bec="0" bev="0" fileid="267" />
                <SequencePoint vc="0" uspid="7297" ordinal="6" offset="56" sl="85" sc="7" el="85" ec="50" bec="0" bev="0" fileid="267" />
                <SequencePoint vc="0" uspid="7298" ordinal="7" offset="77" sl="87" sc="7" el="87" ec="67" bec="0" bev="0" fileid="267" />
              </SequencePoints>
              <BranchPoints>
                <BranchPoint vc="0" uspid="7299" ordinal="0" offset="6" sl="78" path="0" offsetend="8" fileid="267" />
                <BranchPoint vc="0" uspid="7300" ordinal="1" offset="6" sl="78" path="1" offsetend="19" fileid="267" />
                <BranchPoint vc="0" uspid="7301" ordinal="2" offset="25" sl="80" path="0" offsetend="27" fileid="267" />
                <BranchPoint vc="0" uspid="7302" ordinal="3" offset="25" sl="80" path="1" offsetend="38" fileid="267" />
              </BranchPoints>
              <MethodPoint xsi:type="SequencePoint" vc="0" uspid="7291" ordinal="0" offset="0" sl="78" sc="7" el="78" ec="38" bec="2" bev="0" fileid="267" />
            </Method>
            <Method visited="true" cyclomaticComplexity="4" nPathComplexity="8" sequenceCoverage="72.73" branchCoverage="57.14" isConstructor="false" isStatic="false" isGetter="false" isSetter="false">
              <Summary numSequencePoints="11" visitedSequencePoints="8" numBranchPoints="7" visitedBranchPoints="4" sequenceCoverage="72.73" branchCoverage="57.14" maxCyclomaticComplexity="4" minCyclomaticComplexity="4" visitedClasses="0" numClasses="0" visitedMethods="1" numMethods="1" />
              <MetadataToken>100665185</MetadataToken>
              <Name>System.Boolean IBM.Watson.DeveloperCloud.Services.LanguageTranslator.v1.LanguageTranslator::GetTranslation(System.String,System.String,System.String,IBM.Watson.DeveloperCloud.Services.LanguageTranslator.v1.LanguageTranslator/TranslateCallback)</Name>
              <FileRef uid="267" />
              <SequencePoints>
                <SequencePoint vc="1" uspid="7303" ordinal="0" offset="0" sl="99" sc="7" el="99" ec="38" bec="2" bev="1" fileid="267" />
                <SequencePoint vc="0" uspid="7304" ordinal="1" offset="8" sl="100" sc="9" el="100" ec="49" bec="0" bev="0" fileid="267" />
                <SequencePoint vc="1" uspid="7305" ordinal="2" offset="19" sl="101" sc="7" el="101" ec="40" bec="2" bev="1" fileid="267" />
                <SequencePoint vc="0" uspid="7306" ordinal="3" offset="27" sl="102" sc="9" el="102" ec="51" bec="0" bev="0" fileid="267" />
                <SequencePoint vc="1" uspid="7307" ordinal="4" offset="38" sl="103" sc="7" el="103" ec="40" bec="2" bev="1" fileid="267" />
                <SequencePoint vc="0" uspid="7308" ordinal="5" offset="46" sl="104" sc="9" el="104" ec="51" bec="0" bev="0" fileid="267" />
                <SequencePoint vc="1" uspid="7309" ordinal="6" offset="57" sl="106" sc="7" el="106" ec="80" bec="0" bev="0" fileid="267" />
                <SequencePoint vc="1" uspid="7310" ordinal="7" offset="63" sl="107" sc="7" el="107" ec="37" bec="0" bev="0" fileid="267" />
                <SequencePoint vc="1" uspid="7311" ordinal="8" offset="75" sl="108" sc="7" el="108" ec="37" bec="0" bev="0" fileid="267" />
                <SequencePoint vc="1" uspid="7312" ordinal="9" offset="87" sl="109" sc="7" el="109" ec="50" bec="0" bev="0" fileid="267" />
                <SequencePoint vc="1" uspid="7313" ordinal="10" offset="108" sl="111" sc="7" el="111" ec="67" bec="0" bev="0" fileid="267" />
              </SequencePoints>
              <BranchPoints>
                <BranchPoint vc="0" uspid="7314" ordinal="0" offset="6" sl="99" path="0" offsetend="8" fileid="267" />
                <BranchPoint vc="1" uspid="7315" ordinal="1" offset="6" sl="99" path="1" offsetend="19" fileid="267" />
                <BranchPoint vc="0" uspid="7316" ordinal="2" offset="25" sl="101" path="0" offsetend="27" fileid="267" />
                <BranchPoint vc="1" uspid="7317" ordinal="3" offset="25" sl="101" path="1" offsetend="38" fileid="267" />
                <BranchPoint vc="0" uspid="7318" ordinal="4" offset="44" sl="103" path="0" offsetend="46" fileid="267" />
                <BranchPoint vc="1" uspid="7319" ordinal="5" offset="44" sl="103" path="1" offsetend="57" fileid="267" />
              </BranchPoints>
              <MethodPoint xsi:type="SequencePoint" vc="1" uspid="7303" ordinal="0" offset="0" sl="99" sc="7" el="99" ec="38" bec="2" bev="1" fileid="267" />
            </Method>
            <Method visited="true" cyclomaticComplexity="3" nPathComplexity="4" sequenceCoverage="83.33" branchCoverage="60" isConstructor="false" isStatic="false" isGetter="false" isSetter="false">
              <Summary numSequencePoints="12" visitedSequencePoints="10" numBranchPoints="5" visitedBranchPoints="3" sequenceCoverage="83.33" branchCoverage="60" maxCyclomaticComplexity="3" minCyclomaticComplexity="3" visitedClasses="0" numClasses="0" visitedMethods="1" numMethods="1" />
              <MetadataToken>100665186</MetadataToken>
              <Name>System.Boolean IBM.Watson.DeveloperCloud.Services.LanguageTranslator.v1.LanguageTranslator::GetTranslation(System.String,IBM.Watson.DeveloperCloud.Services.LanguageTranslator.v1.LanguageTranslator/TranslateCallback)</Name>
              <FileRef uid="267" />
              <SequencePoints>
                <SequencePoint vc="1" uspid="7320" ordinal="0" offset="0" sl="115" sc="7" el="115" ec="28" bec="2" bev="1" fileid="267" />
                <SequencePoint vc="0" uspid="7321" ordinal="1" offset="3" sl="116" sc="9" el="116" ec="53" bec="0" bev="0" fileid="267" />
                <SequencePoint vc="1" uspid="7322" ordinal="2" offset="14" sl="118" sc="7" el="118" ec="89" bec="0" bev="0" fileid="267" />
                <SequencePoint vc="1" uspid="7323" ordinal="3" offset="31" sl="119" sc="7" el="119" ec="29" bec="2" bev="1" fileid="267" />
                <SequencePoint vc="0" uspid="7324" ordinal="4" offset="34" sl="120" sc="9" el="120" ec="22" bec="0" bev="0" fileid="267" />
                <SequencePoint vc="1" uspid="7325" ordinal="5" offset="36" sl="122" sc="7" el="122" ec="45" bec="0" bev="0" fileid="267" />
                <SequencePoint vc="1" uspid="7326" ordinal="6" offset="42" sl="123" sc="7" el="123" ec="31" bec="0" bev="0" fileid="267" />
                <SequencePoint vc="1" uspid="7327" ordinal="7" offset="49" sl="124" sc="7" el="124" ec="42" bec="0" bev="0" fileid="267" />
                <SequencePoint vc="1" uspid="7328" ordinal="8" offset="67" sl="125" sc="7" el="125" ec="47" bec="0" bev="0" fileid="267" />
                <SequencePoint vc="1" uspid="7329" ordinal="9" offset="84" sl="126" sc="7" el="126" ec="50" bec="0" bev="0" fileid="267" />
                <SequencePoint vc="1" uspid="7330" ordinal="10" offset="105" sl="127" sc="7" el="127" ec="56" bec="0" bev="0" fileid="267" />
                <SequencePoint vc="1" uspid="7331" ordinal="11" offset="126" sl="129" sc="7" el="129" ec="34" bec="0" bev="0" fileid="267" />
              </SequencePoints>
              <BranchPoints>
                <BranchPoint vc="0" uspid="7332" ordinal="0" offset="1" sl="115" path="0" offsetend="3" fileid="267" />
                <BranchPoint vc="1" uspid="7333" ordinal="1" offset="1" sl="115" path="1" offsetend="14" fileid="267" />
                <BranchPoint vc="0" uspid="7334" ordinal="2" offset="32" sl="119" path="0" offsetend="34" fileid="267" />
                <BranchPoint vc="1" uspid="7335" ordinal="3" offset="32" sl="119" path="1" offsetend="36" fileid="267" />
              </BranchPoints>
              <MethodPoint xsi:type="SequencePoint" vc="1" uspid="7320" ordinal="0" offset="0" sl="115" sc="7" el="115" ec="28" bec="2" bev="1" fileid="267" />
            </Method>
            <Method visited="true" cyclomaticComplexity="7" nPathComplexity="32" sequenceCoverage="66.67" branchCoverage="54.55" isConstructor="false" isStatic="false" isGetter="false" isSetter="false">
              <Summary numSequencePoints="18" visitedSequencePoints="12" numBranchPoints="11" visitedBranchPoints="6" sequenceCoverage="66.67" branchCoverage="54.55" maxCyclomaticComplexity="7" minCyclomaticComplexity="7" visitedClasses="0" numClasses="0" visitedMethods="1" numMethods="1" />
              <MetadataToken>100665187</MetadataToken>
              <Name>System.Void IBM.Watson.DeveloperCloud.Services.LanguageTranslator.v1.LanguageTranslator::TranslateResponse(IBM.Watson.DeveloperCloud.Connection.RESTConnector/Request,IBM.Watson.DeveloperCloud.Connection.RESTConnector/Response)</Name>
              <FileRef uid="267" />
              <SequencePoints>
                <SequencePoint vc="1" uspid="7336" ordinal="0" offset="0" sl="138" sc="7" el="138" ec="54" bec="0" bev="0" fileid="267" />
                <SequencePoint vc="1" uspid="7337" ordinal="1" offset="6" sl="139" sc="7" el="139" ec="24" bec="2" bev="1" fileid="267" />
                <SequencePoint vc="1" uspid="7338" ordinal="2" offset="17" sl="143" sc="11" el="143" ec="30" bec="0" bev="0" fileid="267" />
                <SequencePoint vc="1" uspid="7339" ordinal="3" offset="19" sl="144" sc="11" el="144" ec="89" bec="0" bev="0" fileid="267" />
                <SequencePoint vc="1" uspid="7340" ordinal="4" offset="43" sl="145" sc="11" el="145" ec="28" bec="2" bev="1" fileid="267" />
                <SequencePoint vc="0" uspid="7341" ordinal="5" offset="52" sl="146" sc="13" el="146" ec="60" bec="0" bev="0" fileid="267" />
                <SequencePoint vc="1" uspid="7342" ordinal="6" offset="65" sl="148" sc="11" el="148" ec="37" bec="0" bev="0" fileid="267" />
                <SequencePoint vc="1" uspid="7343" ordinal="7" offset="67" sl="149" sc="11" el="149" ec="74" bec="0" bev="0" fileid="267" />
                <SequencePoint vc="1" uspid="7344" ordinal="8" offset="87" sl="150" sc="11" el="150" ec="28" bec="2" bev="1" fileid="267" />
                <SequencePoint vc="0" uspid="7345" ordinal="9" offset="96" sl="151" sc="13" el="151" ec="60" bec="0" bev="0" fileid="267" />
                <SequencePoint vc="1" uspid="7346" ordinal="10" offset="109" sl="152" sc="9" el="152" ec="10" bec="0" bev="0" fileid="267" />
                <SequencePoint vc="0" uspid="7347" ordinal="11" offset="111" sl="153" sc="9" el="153" ec="28" bec="0" bev="0" fileid="267" />
                <SequencePoint vc="0" uspid="7348" ordinal="12" offset="113" sl="155" sc="11" el="155" ec="99" bec="0" bev="0" fileid="267" />
                <SequencePoint vc="0" uspid="7349" ordinal="13" offset="144" sl="156" sc="11" el="156" ec="32" bec="0" bev="0" fileid="267" />
                <SequencePoint vc="0" uspid="7350" ordinal="14" offset="151" sl="157" sc="9" el="157" ec="10" bec="0" bev="0" fileid="267" />
                <SequencePoint vc="1" uspid="7351" ordinal="15" offset="153" sl="160" sc="7" el="160" ec="48" bec="2" bev="1" fileid="267" />
                <SequencePoint vc="1" uspid="7352" ordinal="16" offset="166" sl="161" sc="9" el="161" ec="74" bec="2" bev="1" fileid="267" />
                <SequencePoint vc="1" uspid="7353" ordinal="17" offset="194" sl="162" sc="5" el="162" ec="6" bec="0" bev="0" fileid="267" />
              </SequencePoints>
              <BranchPoints>
                <BranchPoint vc="1" uspid="7354" ordinal="0" offset="12" sl="139" path="0" offsetend="17" fileid="267" />
                <BranchPoint vc="0" uspid="7355" ordinal="1" offset="12" sl="139" path="1" offsetend="153" fileid="267" />
                <BranchPoint vc="0" uspid="7356" ordinal="2" offset="50" sl="145" path="0" offsetend="52" fileid="267" />
                <BranchPoint vc="1" uspid="7357" ordinal="3" offset="50" sl="145" path="1" offsetend="65" fileid="267" />
                <BranchPoint vc="0" uspid="7358" ordinal="4" offset="94" sl="150" path="0" offsetend="96" fileid="267" />
                <BranchPoint vc="1" uspid="7359" ordinal="5" offset="94" sl="150" path="1" offsetend="109" fileid="267" />
                <BranchPoint vc="1" uspid="7360" ordinal="6" offset="164" sl="160" path="0" offsetend="166" fileid="267" />
                <BranchPoint vc="0" uspid="7361" ordinal="7" offset="164" sl="160" path="1" offsetend="194" fileid="267" />
                <BranchPoint vc="0" uspid="7362" ordinal="8" offset="183" sl="161" path="0" offsetend="185" fileid="267" />
                <BranchPoint vc="1" uspid="7363" ordinal="9" offset="183" sl="161" path="1" offsetend="188" fileid="267" />
              </BranchPoints>
              <MethodPoint xsi:type="SequencePoint" vc="1" uspid="7336" ordinal="0" offset="0" sl="138" sc="7" el="138" ec="54" bec="0" bev="0" fileid="267" />
            </Method>
            <Method visited="true" cyclomaticComplexity="7" nPathComplexity="64" sequenceCoverage="64.71" branchCoverage="53.85" isConstructor="false" isStatic="false" isGetter="false" isSetter="false">
              <Summary numSequencePoints="17" visitedSequencePoints="11" numBranchPoints="13" visitedBranchPoints="7" sequenceCoverage="64.71" branchCoverage="53.85" maxCyclomaticComplexity="7" minCyclomaticComplexity="7" visitedClasses="0" numClasses="0" visitedMethods="1" numMethods="1" />
              <MetadataToken>100665188</MetadataToken>
              <Name>System.Boolean IBM.Watson.DeveloperCloud.Services.LanguageTranslator.v1.LanguageTranslator::GetModels(IBM.Watson.DeveloperCloud.Services.LanguageTranslator.v1.LanguageTranslator/GetModelsCallback,System.String,System.String,IBM.Watson.DeveloperCloud.Services.LanguageTranslator.v1.LanguageTranslator/TypeFilter)</Name>
              <FileRef uid="267" />
              <SequencePoints>
                <SequencePoint vc="1" uspid="7364" ordinal="0" offset="0" sl="198" sc="7" el="198" ec="28" bec="2" bev="1" fileid="267" />
                <SequencePoint vc="0" uspid="7365" ordinal="1" offset="3" sl="199" sc="9" el="199" ec="53" bec="0" bev="0" fileid="267" />
                <SequencePoint vc="1" uspid="7366" ordinal="2" offset="14" sl="201" sc="7" el="201" ec="86" bec="0" bev="0" fileid="267" />
                <SequencePoint vc="1" uspid="7367" ordinal="3" offset="31" sl="202" sc="7" el="202" ec="29" bec="2" bev="1" fileid="267" />
                <SequencePoint vc="0" uspid="7368" ordinal="4" offset="34" sl="203" sc="9" el="203" ec="22" bec="0" bev="0" fileid="267" />
                <SequencePoint vc="1" uspid="7369" ordinal="5" offset="36" sl="205" sc="7" el="205" ec="45" bec="0" bev="0" fileid="267" />
                <SequencePoint vc="1" uspid="7370" ordinal="6" offset="42" sl="206" sc="7" el="206" ec="31" bec="0" bev="0" fileid="267" />
                <SequencePoint vc="1" uspid="7371" ordinal="7" offset="49" sl="207" sc="7" el="207" ec="42" bec="0" bev="0" fileid="267" />
                <SequencePoint vc="1" uspid="7372" ordinal="8" offset="67" sl="209" sc="7" el="209" ec="47" bec="2" bev="1" fileid="267" />
                <SequencePoint vc="0" uspid="7373" ordinal="9" offset="75" sl="210" sc="9" el="210" ec="49" bec="0" bev="0" fileid="267" />
                <SequencePoint vc="1" uspid="7374" ordinal="10" offset="92" sl="211" sc="7" el="211" ec="47" bec="2" bev="1" fileid="267" />
                <SequencePoint vc="0" uspid="7375" ordinal="11" offset="100" sl="212" sc="9" el="212" ec="49" bec="0" bev="0" fileid="267" />
                <SequencePoint vc="1" uspid="7376" ordinal="12" offset="117" sl="213" sc="7" el="213" ec="42" bec="2" bev="1" fileid="267" />
                <SequencePoint vc="0" uspid="7377" ordinal="13" offset="121" sl="214" sc="9" el="214" ec="44" bec="0" bev="0" fileid="267" />
                <SequencePoint vc="1" uspid="7378" ordinal="14" offset="144" sl="215" sc="12" el="215" ec="51" bec="2" bev="1" fileid="267" />
                <SequencePoint vc="0" uspid="7379" ordinal="15" offset="149" sl="216" sc="9" el="216" ec="45" bec="0" bev="0" fileid="267" />
                <SequencePoint vc="1" uspid="7380" ordinal="16" offset="170" sl="218" sc="7" el="218" ec="34" bec="0" bev="0" fileid="267" />
              </SequencePoints>
              <BranchPoints>
                <BranchPoint vc="0" uspid="7381" ordinal="0" offset="1" sl="198" path="0" offsetend="3" fileid="267" />
                <BranchPoint vc="1" uspid="7382" ordinal="1" offset="1" sl="198" path="1" offsetend="14" fileid="267" />
                <BranchPoint vc="0" uspid="7383" ordinal="2" offset="32" sl="202" path="0" offsetend="34" fileid="267" />
                <BranchPoint vc="1" uspid="7384" ordinal="3" offset="32" sl="202" path="1" offsetend="36" fileid="267" />
                <BranchPoint vc="0" uspid="7385" ordinal="4" offset="73" sl="209" path="0" offsetend="75" fileid="267" />
                <BranchPoint vc="1" uspid="7386" ordinal="5" offset="73" sl="209" path="1" offsetend="92" fileid="267" />
                <BranchPoint vc="0" uspid="7387" ordinal="6" offset="98" sl="211" path="0" offsetend="100" fileid="267" />
                <BranchPoint vc="1" uspid="7388" ordinal="7" offset="98" sl="211" path="1" offsetend="117" fileid="267" />
                <BranchPoint vc="0" uspid="7389" ordinal="8" offset="119" sl="213" path="0" offsetend="121" fileid="267" />
                <BranchPoint vc="1" uspid="7390" ordinal="9" offset="119" sl="213" path="1" offsetend="144" fileid="267" />
                <BranchPoint vc="0" uspid="7391" ordinal="10" offset="147" sl="215" path="0" offsetend="149" fileid="267" />
                <BranchPoint vc="1" uspid="7392" ordinal="11" offset="147" sl="215" path="1" offsetend="170" fileid="267" />
              </BranchPoints>
              <MethodPoint xsi:type="SequencePoint" vc="1" uspid="7364" ordinal="0" offset="0" sl="198" sc="7" el="198" ec="28" bec="2" bev="1" fileid="267" />
            </Method>
            <Method visited="true" cyclomaticComplexity="7" nPathComplexity="32" sequenceCoverage="66.67" branchCoverage="54.55" isConstructor="false" isStatic="false" isGetter="false" isSetter="false">
              <Summary numSequencePoints="18" visitedSequencePoints="12" numBranchPoints="11" visitedBranchPoints="6" sequenceCoverage="66.67" branchCoverage="54.55" maxCyclomaticComplexity="7" minCyclomaticComplexity="7" visitedClasses="0" numClasses="0" visitedMethods="1" numMethods="1" />
              <MetadataToken>100665189</MetadataToken>
              <Name>System.Void IBM.Watson.DeveloperCloud.Services.LanguageTranslator.v1.LanguageTranslator::GetModelsResponse(IBM.Watson.DeveloperCloud.Connection.RESTConnector/Request,IBM.Watson.DeveloperCloud.Connection.RESTConnector/Response)</Name>
              <FileRef uid="267" />
              <SequencePoints>
                <SequencePoint vc="1" uspid="7393" ordinal="0" offset="0" sl="228" sc="7" el="228" ec="58" bec="0" bev="0" fileid="267" />
                <SequencePoint vc="1" uspid="7394" ordinal="1" offset="6" sl="229" sc="7" el="229" ec="24" bec="2" bev="1" fileid="267" />
                <SequencePoint vc="1" uspid="7395" ordinal="2" offset="17" sl="233" sc="11" el="233" ec="30" bec="0" bev="0" fileid="267" />
                <SequencePoint vc="1" uspid="7396" ordinal="3" offset="19" sl="234" sc="11" el="234" ec="89" bec="0" bev="0" fileid="267" />
                <SequencePoint vc="1" uspid="7397" ordinal="4" offset="43" sl="235" sc="11" el="235" ec="28" bec="2" bev="1" fileid="267" />
                <SequencePoint vc="0" uspid="7398" ordinal="5" offset="52" sl="236" sc="13" el="236" ec="60" bec="0" bev="0" fileid="267" />
                <SequencePoint vc="1" uspid="7399" ordinal="6" offset="65" sl="238" sc="11" el="238" ec="31" bec="0" bev="0" fileid="267" />
                <SequencePoint vc="1" uspid="7400" ordinal="7" offset="67" sl="239" sc="11" el="239" ec="74" bec="0" bev="0" fileid="267" />
                <SequencePoint vc="1" uspid="7401" ordinal="8" offset="87" sl="240" sc="11" el="240" ec="28" bec="2" bev="1" fileid="267" />
                <SequencePoint vc="0" uspid="7402" ordinal="9" offset="96" sl="241" sc="13" el="241" ec="60" bec="0" bev="0" fileid="267" />
                <SequencePoint vc="1" uspid="7403" ordinal="10" offset="109" sl="242" sc="9" el="242" ec="10" bec="0" bev="0" fileid="267" />
                <SequencePoint vc="0" uspid="7404" ordinal="11" offset="111" sl="243" sc="9" el="243" ec="28" bec="0" bev="0" fileid="267" />
                <SequencePoint vc="0" uspid="7405" ordinal="12" offset="113" sl="245" sc="11" el="245" ec="94" bec="0" bev="0" fileid="267" />
                <SequencePoint vc="0" uspid="7406" ordinal="13" offset="144" sl="246" sc="11" el="246" ec="32" bec="0" bev="0" fileid="267" />
                <SequencePoint vc="0" uspid="7407" ordinal="14" offset="151" sl="247" sc="9" el="247" ec="10" bec="0" bev="0" fileid="267" />
                <SequencePoint vc="1" uspid="7408" ordinal="15" offset="153" sl="250" sc="7" el="250" ec="48" bec="2" bev="1" fileid="267" />
                <SequencePoint vc="1" uspid="7409" ordinal="16" offset="166" sl="251" sc="9" el="251" ec="68" bec="2" bev="1" fileid="267" />
                <SequencePoint vc="1" uspid="7410" ordinal="17" offset="194" sl="252" sc="5" el="252" ec="6" bec="0" bev="0" fileid="267" />
              </SequencePoints>
              <BranchPoints>
                <BranchPoint vc="1" uspid="7411" ordinal="0" offset="12" sl="229" path="0" offsetend="17" fileid="267" />
                <BranchPoint vc="0" uspid="7412" ordinal="1" offset="12" sl="229" path="1" offsetend="153" fileid="267" />
                <BranchPoint vc="0" uspid="7413" ordinal="2" offset="50" sl="235" path="0" offsetend="52" fileid="267" />
                <BranchPoint vc="1" uspid="7414" ordinal="3" offset="50" sl="235" path="1" offsetend="65" fileid="267" />
                <BranchPoint vc="0" uspid="7415" ordinal="4" offset="94" sl="240" path="0" offsetend="96" fileid="267" />
                <BranchPoint vc="1" uspid="7416" ordinal="5" offset="94" sl="240" path="1" offsetend="109" fileid="267" />
                <BranchPoint vc="1" uspid="7417" ordinal="6" offset="164" sl="250" path="0" offsetend="166" fileid="267" />
                <BranchPoint vc="0" uspid="7418" ordinal="7" offset="164" sl="250" path="1" offsetend="194" fileid="267" />
                <BranchPoint vc="0" uspid="7419" ordinal="8" offset="183" sl="251" path="0" offsetend="185" fileid="267" />
                <BranchPoint vc="1" uspid="7420" ordinal="9" offset="183" sl="251" path="1" offsetend="188" fileid="267" />
              </BranchPoints>
              <MethodPoint xsi:type="SequencePoint" vc="1" uspid="7393" ordinal="0" offset="0" sl="228" sc="7" el="228" ec="58" bec="0" bev="0" fileid="267" />
            </Method>
            <Method visited="true" cyclomaticComplexity="4" nPathComplexity="8" sequenceCoverage="75" branchCoverage="57.14" isConstructor="false" isStatic="false" isGetter="false" isSetter="false">
              <Summary numSequencePoints="12" visitedSequencePoints="9" numBranchPoints="7" visitedBranchPoints="4" sequenceCoverage="75" branchCoverage="57.14" maxCyclomaticComplexity="4" minCyclomaticComplexity="4" visitedClasses="0" numClasses="0" visitedMethods="1" numMethods="1" />
              <MetadataToken>100665190</MetadataToken>
              <Name>System.Boolean IBM.Watson.DeveloperCloud.Services.LanguageTranslator.v1.LanguageTranslator::GetModel(System.String,IBM.Watson.DeveloperCloud.Services.LanguageTranslator.v1.LanguageTranslator/GetModelCallback)</Name>
              <FileRef uid="267" />
              <SequencePoints>
                <SequencePoint vc="1" uspid="7421" ordinal="0" offset="0" sl="262" sc="7" el="262" ec="42" bec="2" bev="1" fileid="267" />
                <SequencePoint vc="0" uspid="7422" ordinal="1" offset="8" sl="263" sc="9" el="263" ec="53" bec="0" bev="0" fileid="267" />
                <SequencePoint vc="1" uspid="7423" ordinal="2" offset="19" sl="264" sc="7" el="264" ec="28" bec="2" bev="1" fileid="267" />
                <SequencePoint vc="0" uspid="7424" ordinal="3" offset="22" sl="265" sc="9" el="265" ec="53" bec="0" bev="0" fileid="267" />
                <SequencePoint vc="1" uspid="7425" ordinal="4" offset="33" sl="267" sc="7" el="267" ec="87" bec="0" bev="0" fileid="267" />
                <SequencePoint vc="1" uspid="7426" ordinal="5" offset="50" sl="268" sc="7" el="268" ec="29" bec="2" bev="1" fileid="267" />
                <SequencePoint vc="0" uspid="7427" ordinal="6" offset="53" sl="269" sc="9" el="269" ec="22" bec="0" bev="0" fileid="267" />
                <SequencePoint vc="1" uspid="7428" ordinal="7" offset="55" sl="271" sc="7" el="271" ec="43" bec="0" bev="0" fileid="267" />
                <SequencePoint vc="1" uspid="7429" ordinal="8" offset="61" sl="272" sc="7" el="272" ec="31" bec="0" bev="0" fileid="267" />
                <SequencePoint vc="1" uspid="7430" ordinal="9" offset="68" sl="273" sc="7" el="273" ec="52" bec="0" bev="0" fileid="267" />
                <SequencePoint vc="1" uspid="7431" ordinal="10" offset="80" sl="274" sc="7" el="274" ec="41" bec="0" bev="0" fileid="267" />
                <SequencePoint vc="1" uspid="7432" ordinal="11" offset="98" sl="276" sc="7" el="276" ec="34" bec="0" bev="0" fileid="267" />
              </SequencePoints>
              <BranchPoints>
                <BranchPoint vc="0" uspid="7433" ordinal="0" offset="6" sl="262" path="0" offsetend="8" fileid="267" />
                <BranchPoint vc="1" uspid="7434" ordinal="1" offset="6" sl="262" path="1" offsetend="19" fileid="267" />
                <BranchPoint vc="0" uspid="7435" ordinal="2" offset="20" sl="264" path="0" offsetend="22" fileid="267" />
                <BranchPoint vc="1" uspid="7436" ordinal="3" offset="20" sl="264" path="1" offsetend="33" fileid="267" />
                <BranchPoint vc="0" uspid="7437" ordinal="4" offset="51" sl="268" path="0" offsetend="53" fileid="267" />
                <BranchPoint vc="1" uspid="7438" ordinal="5" offset="51" sl="268" path="1" offsetend="55" fileid="267" />
              </BranchPoints>
              <MethodPoint xsi:type="SequencePoint" vc="1" uspid="7421" ordinal="0" offset="0" sl="262" sc="7" el="262" ec="42" bec="2" bev="1" fileid="267" />
            </Method>
            <Method visited="true" cyclomaticComplexity="7" nPathComplexity="32" sequenceCoverage="66.67" branchCoverage="54.55" isConstructor="false" isStatic="false" isGetter="false" isSetter="false">
              <Summary numSequencePoints="18" visitedSequencePoints="12" numBranchPoints="11" visitedBranchPoints="6" sequenceCoverage="66.67" branchCoverage="54.55" maxCyclomaticComplexity="7" minCyclomaticComplexity="7" visitedClasses="0" numClasses="0" visitedMethods="1" numMethods="1" />
              <MetadataToken>100665191</MetadataToken>
              <Name>System.Void IBM.Watson.DeveloperCloud.Services.LanguageTranslator.v1.LanguageTranslator::GetModelResponse(IBM.Watson.DeveloperCloud.Connection.RESTConnector/Request,IBM.Watson.DeveloperCloud.Connection.RESTConnector/Response)</Name>
              <FileRef uid="267" />
              <SequencePoints>
                <SequencePoint vc="1" uspid="7439" ordinal="0" offset="0" sl="286" sc="7" el="286" ec="55" bec="0" bev="0" fileid="267" />
                <SequencePoint vc="1" uspid="7440" ordinal="1" offset="6" sl="287" sc="7" el="287" ec="24" bec="2" bev="1" fileid="267" />
                <SequencePoint vc="1" uspid="7441" ordinal="2" offset="17" sl="291" sc="11" el="291" ec="30" bec="0" bev="0" fileid="267" />
                <SequencePoint vc="1" uspid="7442" ordinal="3" offset="19" sl="292" sc="11" el="292" ec="89" bec="0" bev="0" fileid="267" />
                <SequencePoint vc="1" uspid="7443" ordinal="4" offset="43" sl="293" sc="11" el="293" ec="28" bec="2" bev="1" fileid="267" />
                <SequencePoint vc="0" uspid="7444" ordinal="5" offset="52" sl="294" sc="13" el="294" ec="60" bec="0" bev="0" fileid="267" />
                <SequencePoint vc="1" uspid="7445" ordinal="6" offset="65" sl="296" sc="11" el="296" ec="30" bec="0" bev="0" fileid="267" />
                <SequencePoint vc="1" uspid="7446" ordinal="7" offset="67" sl="297" sc="11" el="297" ec="74" bec="0" bev="0" fileid="267" />
                <SequencePoint vc="1" uspid="7447" ordinal="8" offset="87" sl="298" sc="11" el="298" ec="28" bec="2" bev="1" fileid="267" />
                <SequencePoint vc="0" uspid="7448" ordinal="9" offset="96" sl="299" sc="13" el="299" ec="60" bec="0" bev="0" fileid="267" />
                <SequencePoint vc="1" uspid="7449" ordinal="10" offset="109" sl="300" sc="9" el="300" ec="10" bec="0" bev="0" fileid="267" />
                <SequencePoint vc="0" uspid="7450" ordinal="11" offset="111" sl="301" sc="9" el="301" ec="28" bec="0" bev="0" fileid="267" />
                <SequencePoint vc="0" uspid="7451" ordinal="12" offset="113" sl="303" sc="11" el="303" ec="93" bec="0" bev="0" fileid="267" />
                <SequencePoint vc="0" uspid="7452" ordinal="13" offset="144" sl="304" sc="11" el="304" ec="32" bec="0" bev="0" fileid="267" />
                <SequencePoint vc="0" uspid="7453" ordinal="14" offset="151" sl="305" sc="9" el="305" ec="10" bec="0" bev="0" fileid="267" />
                <SequencePoint vc="1" uspid="7454" ordinal="15" offset="153" sl="308" sc="7" el="308" ec="47" bec="2" bev="1" fileid="267" />
                <SequencePoint vc="1" uspid="7455" ordinal="16" offset="166" sl="309" sc="9" el="309" ec="66" bec="2" bev="1" fileid="267" />
                <SequencePoint vc="1" uspid="7456" ordinal="17" offset="194" sl="310" sc="5" el="310" ec="6" bec="0" bev="0" fileid="267" />
              </SequencePoints>
              <BranchPoints>
                <BranchPoint vc="1" uspid="7457" ordinal="0" offset="12" sl="287" path="0" offsetend="17" fileid="267" />
                <BranchPoint vc="0" uspid="7458" ordinal="1" offset="12" sl="287" path="1" offsetend="153" fileid="267" />
                <BranchPoint vc="0" uspid="7459" ordinal="2" offset="50" sl="293" path="0" offsetend="52" fileid="267" />
                <BranchPoint vc="1" uspid="7460" ordinal="3" offset="50" sl="293" path="1" offsetend="65" fileid="267" />
                <BranchPoint vc="0" uspid="7461" ordinal="4" offset="94" sl="298" path="0" offsetend="96" fileid="267" />
                <BranchPoint vc="1" uspid="7462" ordinal="5" offset="94" sl="298" path="1" offsetend="109" fileid="267" />
                <BranchPoint vc="1" uspid="7463" ordinal="6" offset="164" sl="308" path="0" offsetend="166" fileid="267" />
                <BranchPoint vc="0" uspid="7464" ordinal="7" offset="164" sl="308" path="1" offsetend="194" fileid="267" />
                <BranchPoint vc="0" uspid="7465" ordinal="8" offset="183" sl="309" path="0" offsetend="185" fileid="267" />
                <BranchPoint vc="1" uspid="7466" ordinal="9" offset="183" sl="309" path="1" offsetend="188" fileid="267" />
              </BranchPoints>
              <MethodPoint xsi:type="SequencePoint" vc="1" uspid="7439" ordinal="0" offset="0" sl="286" sc="7" el="286" ec="55" bec="0" bev="0" fileid="267" />
            </Method>
            <Method visited="true" cyclomaticComplexity="3" nPathComplexity="4" sequenceCoverage="77.78" branchCoverage="60" isConstructor="false" isStatic="false" isGetter="false" isSetter="false">
              <Summary numSequencePoints="9" visitedSequencePoints="7" numBranchPoints="5" visitedBranchPoints="3" sequenceCoverage="77.78" branchCoverage="60" maxCyclomaticComplexity="3" minCyclomaticComplexity="3" visitedClasses="0" numClasses="0" visitedMethods="1" numMethods="1" />
              <MetadataToken>100665192</MetadataToken>
              <Name>System.Boolean IBM.Watson.DeveloperCloud.Services.LanguageTranslator.v1.LanguageTranslator::GetLanguages(IBM.Watson.DeveloperCloud.Services.LanguageTranslator.v1.LanguageTranslator/GetLanguagesCallback)</Name>
              <FileRef uid="267" />
              <SequencePoints>
                <SequencePoint vc="1" uspid="7467" ordinal="0" offset="0" sl="321" sc="7" el="321" ec="28" bec="2" bev="1" fileid="267" />
                <SequencePoint vc="0" uspid="7468" ordinal="1" offset="3" sl="322" sc="9" el="322" ec="53" bec="0" bev="0" fileid="267" />
                <SequencePoint vc="1" uspid="7469" ordinal="2" offset="14" sl="324" sc="7" el="324" ec="102" bec="0" bev="0" fileid="267" />
                <SequencePoint vc="1" uspid="7470" ordinal="3" offset="31" sl="325" sc="7" el="325" ec="29" bec="2" bev="1" fileid="267" />
                <SequencePoint vc="0" uspid="7471" ordinal="4" offset="34" sl="326" sc="9" el="326" ec="22" bec="0" bev="0" fileid="267" />
                <SequencePoint vc="1" uspid="7472" ordinal="5" offset="36" sl="328" sc="7" el="328" ec="51" bec="0" bev="0" fileid="267" />
                <SequencePoint vc="1" uspid="7473" ordinal="6" offset="42" sl="329" sc="7" el="329" ec="31" bec="0" bev="0" fileid="267" />
                <SequencePoint vc="1" uspid="7474" ordinal="7" offset="49" sl="330" sc="7" el="330" ec="45" bec="0" bev="0" fileid="267" />
                <SequencePoint vc="1" uspid="7475" ordinal="8" offset="67" sl="332" sc="7" el="332" ec="34" bec="0" bev="0" fileid="267" />
              </SequencePoints>
              <BranchPoints>
                <BranchPoint vc="0" uspid="7476" ordinal="0" offset="1" sl="321" path="0" offsetend="3" fileid="267" />
                <BranchPoint vc="1" uspid="7477" ordinal="1" offset="1" sl="321" path="1" offsetend="14" fileid="267" />
                <BranchPoint vc="0" uspid="7478" ordinal="2" offset="32" sl="325" path="0" offsetend="34" fileid="267" />
                <BranchPoint vc="1" uspid="7479" ordinal="3" offset="32" sl="325" path="1" offsetend="36" fileid="267" />
              </BranchPoints>
              <MethodPoint xsi:type="SequencePoint" vc="1" uspid="7467" ordinal="0" offset="0" sl="321" sc="7" el="321" ec="28" bec="2" bev="1" fileid="267" />
            </Method>
            <Method visited="true" cyclomaticComplexity="7" nPathComplexity="32" sequenceCoverage="66.67" branchCoverage="54.55" isConstructor="false" isStatic="false" isGetter="false" isSetter="false">
              <Summary numSequencePoints="18" visitedSequencePoints="12" numBranchPoints="11" visitedBranchPoints="6" sequenceCoverage="66.67" branchCoverage="54.55" maxCyclomaticComplexity="7" minCyclomaticComplexity="7" visitedClasses="0" numClasses="0" visitedMethods="1" numMethods="1" />
              <MetadataToken>100665193</MetadataToken>
              <Name>System.Void IBM.Watson.DeveloperCloud.Services.LanguageTranslator.v1.LanguageTranslator::GetLanguagesResponse(IBM.Watson.DeveloperCloud.Connection.RESTConnector/Request,IBM.Watson.DeveloperCloud.Connection.RESTConnector/Response)</Name>
              <FileRef uid="267" />
              <SequencePoints>
                <SequencePoint vc="1" uspid="7480" ordinal="0" offset="0" sl="342" sc="7" el="342" ec="41" bec="0" bev="0" fileid="267" />
                <SequencePoint vc="1" uspid="7481" ordinal="1" offset="6" sl="343" sc="7" el="343" ec="24" bec="2" bev="1" fileid="267" />
                <SequencePoint vc="1" uspid="7482" ordinal="2" offset="17" sl="347" sc="11" el="347" ec="30" bec="0" bev="0" fileid="267" />
                <SequencePoint vc="1" uspid="7483" ordinal="3" offset="19" sl="348" sc="11" el="348" ec="89" bec="0" bev="0" fileid="267" />
                <SequencePoint vc="1" uspid="7484" ordinal="4" offset="43" sl="349" sc="11" el="349" ec="28" bec="2" bev="1" fileid="267" />
                <SequencePoint vc="0" uspid="7485" ordinal="5" offset="52" sl="350" sc="13" el="350" ec="60" bec="0" bev="0" fileid="267" />
                <SequencePoint vc="1" uspid="7486" ordinal="6" offset="65" sl="352" sc="11" el="352" ec="30" bec="0" bev="0" fileid="267" />
                <SequencePoint vc="1" uspid="7487" ordinal="7" offset="67" sl="353" sc="11" el="353" ec="74" bec="0" bev="0" fileid="267" />
                <SequencePoint vc="1" uspid="7488" ordinal="8" offset="87" sl="354" sc="11" el="354" ec="28" bec="2" bev="1" fileid="267" />
                <SequencePoint vc="0" uspid="7489" ordinal="9" offset="96" sl="355" sc="13" el="355" ec="60" bec="0" bev="0" fileid="267" />
                <SequencePoint vc="1" uspid="7490" ordinal="10" offset="109" sl="356" sc="9" el="356" ec="10" bec="0" bev="0" fileid="267" />
                <SequencePoint vc="0" uspid="7491" ordinal="11" offset="111" sl="357" sc="9" el="357" ec="28" bec="0" bev="0" fileid="267" />
                <SequencePoint vc="0" uspid="7492" ordinal="12" offset="113" sl="359" sc="11" el="359" ec="97" bec="0" bev="0" fileid="267" />
                <SequencePoint vc="0" uspid="7493" ordinal="13" offset="144" sl="360" sc="11" el="360" ec="32" bec="0" bev="0" fileid="267" />
                <SequencePoint vc="0" uspid="7494" ordinal="14" offset="151" sl="361" sc="9" el="361" ec="10" bec="0" bev="0" fileid="267" />
                <SequencePoint vc="1" uspid="7495" ordinal="15" offset="153" sl="364" sc="7" el="364" ec="51" bec="2" bev="1" fileid="267" />
                <SequencePoint vc="1" uspid="7496" ordinal="16" offset="166" sl="365" sc="9" el="365" ec="70" bec="2" bev="1" fileid="267" />
                <SequencePoint vc="1" uspid="7497" ordinal="17" offset="194" sl="366" sc="5" el="366" ec="6" bec="0" bev="0" fileid="267" />
              </SequencePoints>
              <BranchPoints>
                <BranchPoint vc="1" uspid="7498" ordinal="0" offset="12" sl="343" path="0" offsetend="17" fileid="267" />
                <BranchPoint vc="0" uspid="7499" ordinal="1" offset="12" sl="343" path="1" offsetend="153" fileid="267" />
                <BranchPoint vc="0" uspid="7500" ordinal="2" offset="50" sl="349" path="0" offsetend="52" fileid="267" />
                <BranchPoint vc="1" uspid="7501" ordinal="3" offset="50" sl="349" path="1" offsetend="65" fileid="267" />
                <BranchPoint vc="0" uspid="7502" ordinal="4" offset="94" sl="354" path="0" offsetend="96" fileid="267" />
                <BranchPoint vc="1" uspid="7503" ordinal="5" offset="94" sl="354" path="1" offsetend="109" fileid="267" />
                <BranchPoint vc="1" uspid="7504" ordinal="6" offset="164" sl="364" path="0" offsetend="166" fileid="267" />
                <BranchPoint vc="0" uspid="7505" ordinal="7" offset="164" sl="364" path="1" offsetend="194" fileid="267" />
                <BranchPoint vc="0" uspid="7506" ordinal="8" offset="183" sl="365" path="0" offsetend="185" fileid="267" />
                <BranchPoint vc="1" uspid="7507" ordinal="9" offset="183" sl="365" path="1" offsetend="188" fileid="267" />
              </BranchPoints>
              <MethodPoint xsi:type="SequencePoint" vc="1" uspid="7480" ordinal="0" offset="0" sl="342" sc="7" el="342" ec="41" bec="0" bev="0" fileid="267" />
            </Method>
            <Method visited="true" cyclomaticComplexity="4" nPathComplexity="8" sequenceCoverage="75" branchCoverage="57.14" isConstructor="false" isStatic="false" isGetter="false" isSetter="false">
              <Summary numSequencePoints="12" visitedSequencePoints="9" numBranchPoints="7" visitedBranchPoints="4" sequenceCoverage="75" branchCoverage="57.14" maxCyclomaticComplexity="4" minCyclomaticComplexity="4" visitedClasses="0" numClasses="0" visitedMethods="1" numMethods="1" />
              <MetadataToken>100665194</MetadataToken>
              <Name>System.Boolean IBM.Watson.DeveloperCloud.Services.LanguageTranslator.v1.LanguageTranslator::Identify(System.String,IBM.Watson.DeveloperCloud.Services.LanguageTranslator.v1.LanguageTranslator/IdentifyCallback)</Name>
              <FileRef uid="267" />
              <SequencePoints>
                <SequencePoint vc="1" uspid="7508" ordinal="0" offset="0" sl="378" sc="7" el="378" ec="38" bec="2" bev="1" fileid="267" />
                <SequencePoint vc="0" uspid="7509" ordinal="1" offset="8" sl="379" sc="9" el="379" ec="49" bec="0" bev="0" fileid="267" />
                <SequencePoint vc="1" uspid="7510" ordinal="2" offset="19" sl="380" sc="7" el="380" ec="28" bec="2" bev="1" fileid="267" />
                <SequencePoint vc="0" uspid="7511" ordinal="3" offset="22" sl="381" sc="9" el="381" ec="53" bec="0" bev="0" fileid="267" />
                <SequencePoint vc="1" uspid="7512" ordinal="4" offset="33" sl="383" sc="7" el="383" ec="88" bec="0" bev="0" fileid="267" />
                <SequencePoint vc="1" uspid="7513" ordinal="5" offset="50" sl="384" sc="7" el="384" ec="29" bec="2" bev="1" fileid="267" />
                <SequencePoint vc="0" uspid="7514" ordinal="6" offset="53" sl="385" sc="9" el="385" ec="22" bec="0" bev="0" fileid="267" />
                <SequencePoint vc="1" uspid="7515" ordinal="7" offset="55" sl="387" sc="7" el="387" ec="43" bec="0" bev="0" fileid="267" />
                <SequencePoint vc="1" uspid="7516" ordinal="8" offset="61" sl="388" sc="7" el="388" ec="31" bec="0" bev="0" fileid="267" />
                <SequencePoint vc="1" uspid="7517" ordinal="9" offset="68" sl="389" sc="7" el="389" ec="37" bec="0" bev="0" fileid="267" />
                <SequencePoint vc="1" uspid="7518" ordinal="10" offset="85" sl="390" sc="7" el="390" ec="43" bec="0" bev="0" fileid="267" />
                <SequencePoint vc="1" uspid="7519" ordinal="11" offset="103" sl="392" sc="7" el="392" ec="34" bec="0" bev="0" fileid="267" />
              </SequencePoints>
              <BranchPoints>
                <BranchPoint vc="0" uspid="7520" ordinal="0" offset="6" sl="378" path="0" offsetend="8" fileid="267" />
                <BranchPoint vc="1" uspid="7521" ordinal="1" offset="6" sl="378" path="1" offsetend="19" fileid="267" />
                <BranchPoint vc="0" uspid="7522" ordinal="2" offset="20" sl="380" path="0" offsetend="22" fileid="267" />
                <BranchPoint vc="1" uspid="7523" ordinal="3" offset="20" sl="380" path="1" offsetend="33" fileid="267" />
                <BranchPoint vc="0" uspid="7524" ordinal="4" offset="51" sl="384" path="0" offsetend="53" fileid="267" />
                <BranchPoint vc="1" uspid="7525" ordinal="5" offset="51" sl="384" path="1" offsetend="55" fileid="267" />
              </BranchPoints>
              <MethodPoint xsi:type="SequencePoint" vc="1" uspid="7508" ordinal="0" offset="0" sl="378" sc="7" el="378" ec="38" bec="2" bev="1" fileid="267" />
            </Method>
            <Method visited="true" cyclomaticComplexity="5" nPathComplexity="16" sequenceCoverage="54.55" branchCoverage="44.44" isConstructor="false" isStatic="false" isGetter="false" isSetter="false">
              <Summary numSequencePoints="11" visitedSequencePoints="6" numBranchPoints="9" visitedBranchPoints="4" sequenceCoverage="54.55" branchCoverage="44.44" maxCyclomaticComplexity="5" minCyclomaticComplexity="5" visitedClasses="0" numClasses="0" visitedMethods="1" numMethods="1" />
              <MetadataToken>100665195</MetadataToken>
              <Name>System.Void IBM.Watson.DeveloperCloud.Services.LanguageTranslator.v1.LanguageTranslator::OnIdentifyResponse(IBM.Watson.DeveloperCloud.Connection.RESTConnector/Request,IBM.Watson.DeveloperCloud.Connection.RESTConnector/Response)</Name>
              <FileRef uid="267" />
              <SequencePoints>
                <SequencePoint vc="1" uspid="7526" ordinal="0" offset="0" sl="402" sc="7" el="402" ec="42" bec="0" bev="0" fileid="267" />
                <SequencePoint vc="1" uspid="7527" ordinal="1" offset="7" sl="403" sc="7" el="403" ec="23" bec="2" bev="1" fileid="267" />
                <SequencePoint vc="0" uspid="7528" ordinal="2" offset="10" sl="404" sc="9" el="404" ec="63" bec="0" bev="0" fileid="267" />
                <SequencePoint vc="1" uspid="7529" ordinal="3" offset="21" sl="406" sc="7" el="406" ec="24" bec="2" bev="1" fileid="267" />
                <SequencePoint vc="1" uspid="7530" ordinal="4" offset="29" sl="408" sc="9" el="408" ec="34" bec="2" bev="1" fileid="267" />
                <SequencePoint vc="1" uspid="7531" ordinal="5" offset="37" sl="409" sc="11" el="409" ec="60" bec="0" bev="0" fileid="267" />
                <SequencePoint vc="1" uspid="7532" ordinal="6" offset="64" sl="410" sc="7" el="410" ec="8" bec="0" bev="0" fileid="267" />
                <SequencePoint vc="0" uspid="7533" ordinal="7" offset="65" sl="413" sc="9" el="413" ec="70" bec="0" bev="0" fileid="267" />
                <SequencePoint vc="0" uspid="7534" ordinal="8" offset="95" sl="414" sc="9" el="414" ec="34" bec="2" bev="0" fileid="267" />
                <SequencePoint vc="0" uspid="7535" ordinal="9" offset="103" sl="415" sc="11" el="415" ec="30" bec="0" bev="0" fileid="267" />
                <SequencePoint vc="0" uspid="7536" ordinal="10" offset="115" sl="417" sc="5" el="417" ec="6" bec="0" bev="0" fileid="267" />
              </SequencePoints>
              <BranchPoints>
                <BranchPoint vc="0" uspid="7537" ordinal="0" offset="8" sl="403" path="0" offsetend="10" fileid="267" />
                <BranchPoint vc="1" uspid="7538" ordinal="1" offset="8" sl="403" path="1" offsetend="21" fileid="267" />
                <BranchPoint vc="1" uspid="7539" ordinal="2" offset="27" sl="406" path="0" offsetend="29" fileid="267" />
                <BranchPoint vc="0" uspid="7540" ordinal="3" offset="27" sl="406" path="1" offsetend="65" fileid="267" />
                <BranchPoint vc="1" uspid="7541" ordinal="4" offset="35" sl="408" path="0" offsetend="37" fileid="267" />
                <BranchPoint vc="0" uspid="7542" ordinal="5" offset="35" sl="408" path="1" offsetend="115" fileid="267" />
                <BranchPoint vc="0" uspid="7543" ordinal="6" offset="101" sl="414" path="0" offsetend="103" fileid="267" />
                <BranchPoint vc="0" uspid="7544" ordinal="7" offset="101" sl="414" path="1" offsetend="115" fileid="267" />
              </BranchPoints>
              <MethodPoint xsi:type="SequencePoint" vc="1" uspid="7526" ordinal="0" offset="0" sl="402" sc="7" el="402" ec="42" bec="0" bev="0" fileid="267" />
            </Method>
            <Method visited="false" cyclomaticComplexity="1" nPathComplexity="0" sequenceCoverage="0" branchCoverage="0" isConstructor="false" isStatic="false" isGetter="false" isSetter="false">
              <Summary numSequencePoints="1" visitedSequencePoints="0" numBranchPoints="1" visitedBranchPoints="0" sequenceCoverage="0" branchCoverage="0" maxCyclomaticComplexity="1" minCyclomaticComplexity="1" visitedClasses="0" numClasses="0" visitedMethods="0" numMethods="1" />
              <MetadataToken>100665196</MetadataToken>
              <Name>System.String IBM.Watson.DeveloperCloud.Services.LanguageTranslator.v1.LanguageTranslator::GetServiceID()</Name>
              <FileRef uid="267" />
              <SequencePoints>
                <SequencePoint vc="0" uspid="7545" ordinal="0" offset="0" sl="424" sc="7" el="424" ec="25" bec="0" bev="0" fileid="267" />
              </SequencePoints>
              <BranchPoints />
              <MethodPoint xsi:type="SequencePoint" vc="0" uspid="7545" ordinal="0" offset="0" sl="424" sc="7" el="424" ec="25" bec="0" bev="0" fileid="267" />
            </Method>
            <Method visited="false" cyclomaticComplexity="2" nPathComplexity="2" sequenceCoverage="0" branchCoverage="0" isConstructor="false" isStatic="false" isGetter="false" isSetter="false">
              <Summary numSequencePoints="4" visitedSequencePoints="0" numBranchPoints="3" visitedBranchPoints="0" sequenceCoverage="0" branchCoverage="0" maxCyclomaticComplexity="2" minCyclomaticComplexity="2" visitedClasses="0" numClasses="0" visitedMethods="0" numMethods="1" />
              <MetadataToken>100665197</MetadataToken>
              <Name>System.Void IBM.Watson.DeveloperCloud.Services.LanguageTranslator.v1.LanguageTranslator::GetServiceStatus(IBM.Watson.DeveloperCloud.Services.ServiceStatus)</Name>
              <FileRef uid="267" />
              <SequencePoints>
                <SequencePoint vc="0" uspid="7546" ordinal="0" offset="0" sl="430" sc="7" el="430" ec="63" bec="2" bev="0" fileid="267" />
                <SequencePoint vc="0" uspid="7547" ordinal="1" offset="17" sl="431" sc="9" el="431" ec="48" bec="0" bev="0" fileid="267" />
                <SequencePoint vc="0" uspid="7548" ordinal="2" offset="26" sl="433" sc="9" el="433" ec="37" bec="0" bev="0" fileid="267" />
                <SequencePoint vc="0" uspid="7549" ordinal="3" offset="38" sl="434" sc="5" el="434" ec="6" bec="0" bev="0" fileid="267" />
              </SequencePoints>
              <BranchPoints>
                <BranchPoint vc="0" uspid="7550" ordinal="0" offset="15" sl="430" path="0" offsetend="17" fileid="267" />
                <BranchPoint vc="0" uspid="7551" ordinal="1" offset="15" sl="430" path="1" offsetend="26" fileid="267" />
              </BranchPoints>
              <MethodPoint xsi:type="SequencePoint" vc="0" uspid="7546" ordinal="0" offset="0" sl="430" sc="7" el="430" ec="63" bec="2" bev="0" fileid="267" />
            </Method>
            <Method visited="true" cyclomaticComplexity="1" nPathComplexity="0" sequenceCoverage="0" branchCoverage="0" isConstructor="true" isStatic="false" isGetter="false" isSetter="false">
              <Summary numSequencePoints="0" visitedSequencePoints="0" numBranchPoints="0" visitedBranchPoints="0" sequenceCoverage="0" branchCoverage="0" maxCyclomaticComplexity="1" minCyclomaticComplexity="1" visitedClasses="0" numClasses="0" visitedMethods="0" numMethods="0" />
              <MetadataToken>100665198</MetadataToken>
              <Name>System.Void IBM.Watson.DeveloperCloud.Services.LanguageTranslator.v1.LanguageTranslator::.ctor()</Name>
              <SequencePoints />
              <BranchPoints />
              <MethodPoint vc="1" uspid="7552" ordinal="0" offset="0" />
            </Method>
            <Method visited="true" cyclomaticComplexity="1" nPathComplexity="0" sequenceCoverage="100" branchCoverage="100" isConstructor="true" isStatic="true" isGetter="false" isSetter="false">
              <Summary numSequencePoints="1" visitedSequencePoints="1" numBranchPoints="1" visitedBranchPoints="1" sequenceCoverage="100" branchCoverage="100" maxCyclomaticComplexity="1" minCyclomaticComplexity="1" visitedClasses="0" numClasses="0" visitedMethods="1" numMethods="1" />
              <MetadataToken>100665199</MetadataToken>
              <Name>System.Void IBM.Watson.DeveloperCloud.Services.LanguageTranslator.v1.LanguageTranslator::.cctor()</Name>
              <FileRef uid="267" />
              <SequencePoints>
                <SequencePoint vc="1" uspid="7553" ordinal="0" offset="0" sl="65" sc="5" el="65" ec="68" bec="0" bev="0" fileid="267" />
              </SequencePoints>
              <BranchPoints />
              <MethodPoint xsi:type="SequencePoint" vc="1" uspid="7553" ordinal="0" offset="0" sl="65" sc="5" el="65" ec="68" bec="0" bev="0" fileid="267" />
            </Method>
          </Methods>
        </Class>
        <Class>
          <Summary numSequencePoints="0" visitedSequencePoints="0" numBranchPoints="0" visitedBranchPoints="0" sequenceCoverage="0" branchCoverage="0" maxCyclomaticComplexity="0" minCyclomaticComplexity="0" visitedClasses="0" numClasses="0" visitedMethods="0" numMethods="0" />
          <FullName>IBM.Watson.DeveloperCloud.Services.LanguageTranslator.v1.LanguageTranslator/GetModelsCallback</FullName>
          <Methods>
            <Method skippedDueTo="Unknown" visited="false" cyclomaticComplexity="0" nPathComplexity="0" sequenceCoverage="0" branchCoverage="0" isConstructor="true" isStatic="false" isGetter="false" isSetter="false">
              <MetadataToken>100667022</MetadataToken>
              <Name>System.Void IBM.Watson.DeveloperCloud.Services.LanguageTranslator.v1.LanguageTranslator/GetModelsCallback::.ctor(System.Object,System.IntPtr)</Name>
              <SequencePoints />
              <BranchPoints />
            </Method>
            <Method skippedDueTo="Unknown" visited="false" cyclomaticComplexity="0" nPathComplexity="0" sequenceCoverage="0" branchCoverage="0" isConstructor="false" isStatic="false" isGetter="false" isSetter="false">
              <MetadataToken>100667023</MetadataToken>
              <Name>System.Void IBM.Watson.DeveloperCloud.Services.LanguageTranslator.v1.LanguageTranslator/GetModelsCallback::Invoke(IBM.Watson.DeveloperCloud.Services.LanguageTranslator.v1.TranslationModels)</Name>
              <SequencePoints />
              <BranchPoints />
            </Method>
            <Method skippedDueTo="Unknown" visited="false" cyclomaticComplexity="0" nPathComplexity="0" sequenceCoverage="0" branchCoverage="0" isConstructor="false" isStatic="false" isGetter="false" isSetter="false">
              <MetadataToken>100667024</MetadataToken>
              <Name>System.IAsyncResult IBM.Watson.DeveloperCloud.Services.LanguageTranslator.v1.LanguageTranslator/GetModelsCallback::BeginInvoke(IBM.Watson.DeveloperCloud.Services.LanguageTranslator.v1.TranslationModels,System.AsyncCallback,System.Object)</Name>
              <SequencePoints />
              <BranchPoints />
            </Method>
            <Method skippedDueTo="Unknown" visited="false" cyclomaticComplexity="0" nPathComplexity="0" sequenceCoverage="0" branchCoverage="0" isConstructor="false" isStatic="false" isGetter="false" isSetter="false">
              <MetadataToken>100667025</MetadataToken>
              <Name>System.Void IBM.Watson.DeveloperCloud.Services.LanguageTranslator.v1.LanguageTranslator/GetModelsCallback::EndInvoke(System.IAsyncResult)</Name>
              <SequencePoints />
              <BranchPoints />
            </Method>
          </Methods>
        </Class>
        <Class>
          <Summary numSequencePoints="0" visitedSequencePoints="0" numBranchPoints="0" visitedBranchPoints="0" sequenceCoverage="0" branchCoverage="0" maxCyclomaticComplexity="0" minCyclomaticComplexity="0" visitedClasses="0" numClasses="0" visitedMethods="0" numMethods="0" />
          <FullName>IBM.Watson.DeveloperCloud.Services.LanguageTranslator.v1.LanguageTranslator/GetModelCallback</FullName>
          <Methods>
            <Method skippedDueTo="Unknown" visited="false" cyclomaticComplexity="0" nPathComplexity="0" sequenceCoverage="0" branchCoverage="0" isConstructor="true" isStatic="false" isGetter="false" isSetter="false">
              <MetadataToken>100667026</MetadataToken>
              <Name>System.Void IBM.Watson.DeveloperCloud.Services.LanguageTranslator.v1.LanguageTranslator/GetModelCallback::.ctor(System.Object,System.IntPtr)</Name>
              <SequencePoints />
              <BranchPoints />
            </Method>
            <Method skippedDueTo="Unknown" visited="false" cyclomaticComplexity="0" nPathComplexity="0" sequenceCoverage="0" branchCoverage="0" isConstructor="false" isStatic="false" isGetter="false" isSetter="false">
              <MetadataToken>100667027</MetadataToken>
              <Name>System.Void IBM.Watson.DeveloperCloud.Services.LanguageTranslator.v1.LanguageTranslator/GetModelCallback::Invoke(IBM.Watson.DeveloperCloud.Services.LanguageTranslator.v1.TranslationModel)</Name>
              <SequencePoints />
              <BranchPoints />
            </Method>
            <Method skippedDueTo="Unknown" visited="false" cyclomaticComplexity="0" nPathComplexity="0" sequenceCoverage="0" branchCoverage="0" isConstructor="false" isStatic="false" isGetter="false" isSetter="false">
              <MetadataToken>100667028</MetadataToken>
              <Name>System.IAsyncResult IBM.Watson.DeveloperCloud.Services.LanguageTranslator.v1.LanguageTranslator/GetModelCallback::BeginInvoke(IBM.Watson.DeveloperCloud.Services.LanguageTranslator.v1.TranslationModel,System.AsyncCallback,System.Object)</Name>
              <SequencePoints />
              <BranchPoints />
            </Method>
            <Method skippedDueTo="Unknown" visited="false" cyclomaticComplexity="0" nPathComplexity="0" sequenceCoverage="0" branchCoverage="0" isConstructor="false" isStatic="false" isGetter="false" isSetter="false">
              <MetadataToken>100667029</MetadataToken>
              <Name>System.Void IBM.Watson.DeveloperCloud.Services.LanguageTranslator.v1.LanguageTranslator/GetModelCallback::EndInvoke(System.IAsyncResult)</Name>
              <SequencePoints />
              <BranchPoints />
            </Method>
          </Methods>
        </Class>
        <Class>
          <Summary numSequencePoints="0" visitedSequencePoints="0" numBranchPoints="0" visitedBranchPoints="0" sequenceCoverage="0" branchCoverage="0" maxCyclomaticComplexity="0" minCyclomaticComplexity="0" visitedClasses="0" numClasses="0" visitedMethods="0" numMethods="0" />
          <FullName>IBM.Watson.DeveloperCloud.Services.LanguageTranslator.v1.LanguageTranslator/GetLanguagesCallback</FullName>
          <Methods>
            <Method skippedDueTo="Unknown" visited="false" cyclomaticComplexity="0" nPathComplexity="0" sequenceCoverage="0" branchCoverage="0" isConstructor="true" isStatic="false" isGetter="false" isSetter="false">
              <MetadataToken>100667030</MetadataToken>
              <Name>System.Void IBM.Watson.DeveloperCloud.Services.LanguageTranslator.v1.LanguageTranslator/GetLanguagesCallback::.ctor(System.Object,System.IntPtr)</Name>
              <SequencePoints />
              <BranchPoints />
            </Method>
            <Method skippedDueTo="Unknown" visited="false" cyclomaticComplexity="0" nPathComplexity="0" sequenceCoverage="0" branchCoverage="0" isConstructor="false" isStatic="false" isGetter="false" isSetter="false">
              <MetadataToken>100667031</MetadataToken>
              <Name>System.Void IBM.Watson.DeveloperCloud.Services.LanguageTranslator.v1.LanguageTranslator/GetLanguagesCallback::Invoke(IBM.Watson.DeveloperCloud.Services.LanguageTranslator.v1.Languages)</Name>
              <SequencePoints />
              <BranchPoints />
            </Method>
            <Method skippedDueTo="Unknown" visited="false" cyclomaticComplexity="0" nPathComplexity="0" sequenceCoverage="0" branchCoverage="0" isConstructor="false" isStatic="false" isGetter="false" isSetter="false">
              <MetadataToken>100667032</MetadataToken>
              <Name>System.IAsyncResult IBM.Watson.DeveloperCloud.Services.LanguageTranslator.v1.LanguageTranslator/GetLanguagesCallback::BeginInvoke(IBM.Watson.DeveloperCloud.Services.LanguageTranslator.v1.Languages,System.AsyncCallback,System.Object)</Name>
              <SequencePoints />
              <BranchPoints />
            </Method>
            <Method skippedDueTo="Unknown" visited="false" cyclomaticComplexity="0" nPathComplexity="0" sequenceCoverage="0" branchCoverage="0" isConstructor="false" isStatic="false" isGetter="false" isSetter="false">
              <MetadataToken>100667033</MetadataToken>
              <Name>System.Void IBM.Watson.DeveloperCloud.Services.LanguageTranslator.v1.LanguageTranslator/GetLanguagesCallback::EndInvoke(System.IAsyncResult)</Name>
              <SequencePoints />
              <BranchPoints />
            </Method>
          </Methods>
        </Class>
        <Class>
          <Summary numSequencePoints="0" visitedSequencePoints="0" numBranchPoints="0" visitedBranchPoints="0" sequenceCoverage="0" branchCoverage="0" maxCyclomaticComplexity="0" minCyclomaticComplexity="0" visitedClasses="0" numClasses="0" visitedMethods="0" numMethods="0" />
          <FullName>IBM.Watson.DeveloperCloud.Services.LanguageTranslator.v1.LanguageTranslator/IdentifyCallback</FullName>
          <Methods>
            <Method skippedDueTo="Unknown" visited="false" cyclomaticComplexity="0" nPathComplexity="0" sequenceCoverage="0" branchCoverage="0" isConstructor="true" isStatic="false" isGetter="false" isSetter="false">
              <MetadataToken>100667034</MetadataToken>
              <Name>System.Void IBM.Watson.DeveloperCloud.Services.LanguageTranslator.v1.LanguageTranslator/IdentifyCallback::.ctor(System.Object,System.IntPtr)</Name>
              <SequencePoints />
              <BranchPoints />
            </Method>
            <Method skippedDueTo="Unknown" visited="false" cyclomaticComplexity="0" nPathComplexity="0" sequenceCoverage="0" branchCoverage="0" isConstructor="false" isStatic="false" isGetter="false" isSetter="false">
              <MetadataToken>100667035</MetadataToken>
              <Name>System.Void IBM.Watson.DeveloperCloud.Services.LanguageTranslator.v1.LanguageTranslator/IdentifyCallback::Invoke(System.String)</Name>
              <SequencePoints />
              <BranchPoints />
            </Method>
            <Method skippedDueTo="Unknown" visited="false" cyclomaticComplexity="0" nPathComplexity="0" sequenceCoverage="0" branchCoverage="0" isConstructor="false" isStatic="false" isGetter="false" isSetter="false">
              <MetadataToken>100667036</MetadataToken>
              <Name>System.IAsyncResult IBM.Watson.DeveloperCloud.Services.LanguageTranslator.v1.LanguageTranslator/IdentifyCallback::BeginInvoke(System.String,System.AsyncCallback,System.Object)</Name>
              <SequencePoints />
              <BranchPoints />
            </Method>
            <Method skippedDueTo="Unknown" visited="false" cyclomaticComplexity="0" nPathComplexity="0" sequenceCoverage="0" branchCoverage="0" isConstructor="false" isStatic="false" isGetter="false" isSetter="false">
              <MetadataToken>100667037</MetadataToken>
              <Name>System.Void IBM.Watson.DeveloperCloud.Services.LanguageTranslator.v1.LanguageTranslator/IdentifyCallback::EndInvoke(System.IAsyncResult)</Name>
              <SequencePoints />
              <BranchPoints />
            </Method>
          </Methods>
        </Class>
        <Class>
          <Summary numSequencePoints="0" visitedSequencePoints="0" numBranchPoints="0" visitedBranchPoints="0" sequenceCoverage="0" branchCoverage="0" maxCyclomaticComplexity="0" minCyclomaticComplexity="0" visitedClasses="0" numClasses="0" visitedMethods="0" numMethods="0" />
          <FullName>IBM.Watson.DeveloperCloud.Services.LanguageTranslator.v1.LanguageTranslator/TranslateCallback</FullName>
          <Methods>
            <Method skippedDueTo="Unknown" visited="false" cyclomaticComplexity="0" nPathComplexity="0" sequenceCoverage="0" branchCoverage="0" isConstructor="true" isStatic="false" isGetter="false" isSetter="false">
              <MetadataToken>100667038</MetadataToken>
              <Name>System.Void IBM.Watson.DeveloperCloud.Services.LanguageTranslator.v1.LanguageTranslator/TranslateCallback::.ctor(System.Object,System.IntPtr)</Name>
              <SequencePoints />
              <BranchPoints />
            </Method>
            <Method skippedDueTo="Unknown" visited="false" cyclomaticComplexity="0" nPathComplexity="0" sequenceCoverage="0" branchCoverage="0" isConstructor="false" isStatic="false" isGetter="false" isSetter="false">
              <MetadataToken>100667039</MetadataToken>
              <Name>System.Void IBM.Watson.DeveloperCloud.Services.LanguageTranslator.v1.LanguageTranslator/TranslateCallback::Invoke(IBM.Watson.DeveloperCloud.Services.LanguageTranslator.v1.Translations)</Name>
              <SequencePoints />
              <BranchPoints />
            </Method>
            <Method skippedDueTo="Unknown" visited="false" cyclomaticComplexity="0" nPathComplexity="0" sequenceCoverage="0" branchCoverage="0" isConstructor="false" isStatic="false" isGetter="false" isSetter="false">
              <MetadataToken>100667040</MetadataToken>
              <Name>System.IAsyncResult IBM.Watson.DeveloperCloud.Services.LanguageTranslator.v1.LanguageTranslator/TranslateCallback::BeginInvoke(IBM.Watson.DeveloperCloud.Services.LanguageTranslator.v1.Translations,System.AsyncCallback,System.Object)</Name>
              <SequencePoints />
              <BranchPoints />
            </Method>
            <Method skippedDueTo="Unknown" visited="false" cyclomaticComplexity="0" nPathComplexity="0" sequenceCoverage="0" branchCoverage="0" isConstructor="false" isStatic="false" isGetter="false" isSetter="false">
              <MetadataToken>100667041</MetadataToken>
              <Name>System.Void IBM.Watson.DeveloperCloud.Services.LanguageTranslator.v1.LanguageTranslator/TranslateCallback::EndInvoke(System.IAsyncResult)</Name>
              <SequencePoints />
              <BranchPoints />
            </Method>
          </Methods>
        </Class>
        <Class>
          <Summary numSequencePoints="2" visitedSequencePoints="2" numBranchPoints="2" visitedBranchPoints="2" sequenceCoverage="100" branchCoverage="100" maxCyclomaticComplexity="1" minCyclomaticComplexity="1" visitedClasses="1" numClasses="1" visitedMethods="2" numMethods="2" />
          <FullName>IBM.Watson.DeveloperCloud.Services.LanguageTranslator.v1.LanguageTranslator/TranslateReq</FullName>
          <Methods>
            <Method visited="true" cyclomaticComplexity="1" nPathComplexity="0" sequenceCoverage="100" branchCoverage="100" isConstructor="false" isStatic="false" isGetter="true" isSetter="false">
              <Summary numSequencePoints="1" visitedSequencePoints="1" numBranchPoints="1" visitedBranchPoints="1" sequenceCoverage="100" branchCoverage="100" maxCyclomaticComplexity="1" minCyclomaticComplexity="1" visitedClasses="0" numClasses="0" visitedMethods="1" numMethods="1" />
              <MetadataToken>100667042</MetadataToken>
              <Name>IBM.Watson.DeveloperCloud.Services.LanguageTranslator.v1.LanguageTranslator/TranslateCallback IBM.Watson.DeveloperCloud.Services.LanguageTranslator.v1.LanguageTranslator/TranslateReq::get_Callback()</Name>
              <FileRef uid="267" />
              <SequencePoints>
                <SequencePoint vc="2" uspid="7554" ordinal="0" offset="0" sl="134" sc="43" el="134" ec="47" bec="0" bev="0" fileid="267" />
              </SequencePoints>
              <BranchPoints />
              <MethodPoint xsi:type="SequencePoint" vc="2" uspid="7554" ordinal="0" offset="0" sl="134" sc="43" el="134" ec="47" bec="0" bev="0" fileid="267" />
            </Method>
            <Method visited="true" cyclomaticComplexity="1" nPathComplexity="0" sequenceCoverage="100" branchCoverage="100" isConstructor="false" isStatic="false" isGetter="false" isSetter="true">
              <Summary numSequencePoints="1" visitedSequencePoints="1" numBranchPoints="1" visitedBranchPoints="1" sequenceCoverage="100" branchCoverage="100" maxCyclomaticComplexity="1" minCyclomaticComplexity="1" visitedClasses="0" numClasses="0" visitedMethods="1" numMethods="1" />
              <MetadataToken>100667043</MetadataToken>
              <Name>System.Void IBM.Watson.DeveloperCloud.Services.LanguageTranslator.v1.LanguageTranslator/TranslateReq::set_Callback(IBM.Watson.DeveloperCloud.Services.LanguageTranslator.v1.LanguageTranslator/TranslateCallback)</Name>
              <FileRef uid="267" />
              <SequencePoints>
                <SequencePoint vc="1" uspid="7555" ordinal="0" offset="0" sl="134" sc="48" el="134" ec="52" bec="0" bev="0" fileid="267" />
              </SequencePoints>
              <BranchPoints />
              <MethodPoint xsi:type="SequencePoint" vc="1" uspid="7555" ordinal="0" offset="0" sl="134" sc="48" el="134" ec="52" bec="0" bev="0" fileid="267" />
            </Method>
            <Method visited="true" cyclomaticComplexity="1" nPathComplexity="0" sequenceCoverage="0" branchCoverage="0" isConstructor="true" isStatic="false" isGetter="false" isSetter="false">
              <Summary numSequencePoints="0" visitedSequencePoints="0" numBranchPoints="0" visitedBranchPoints="0" sequenceCoverage="0" branchCoverage="0" maxCyclomaticComplexity="1" minCyclomaticComplexity="1" visitedClasses="0" numClasses="0" visitedMethods="0" numMethods="0" />
              <MetadataToken>100667044</MetadataToken>
              <Name>System.Void IBM.Watson.DeveloperCloud.Services.LanguageTranslator.v1.LanguageTranslator/TranslateReq::.ctor()</Name>
              <SequencePoints />
              <BranchPoints />
              <MethodPoint vc="1" uspid="7556" ordinal="0" offset="0" />
            </Method>
          </Methods>
        </Class>
        <Class>
          <Summary numSequencePoints="2" visitedSequencePoints="2" numBranchPoints="2" visitedBranchPoints="2" sequenceCoverage="100" branchCoverage="100" maxCyclomaticComplexity="1" minCyclomaticComplexity="1" visitedClasses="1" numClasses="1" visitedMethods="2" numMethods="2" />
          <FullName>IBM.Watson.DeveloperCloud.Services.LanguageTranslator.v1.LanguageTranslator/GetModelsReq</FullName>
          <Methods>
            <Method visited="true" cyclomaticComplexity="1" nPathComplexity="0" sequenceCoverage="100" branchCoverage="100" isConstructor="false" isStatic="false" isGetter="true" isSetter="false">
              <Summary numSequencePoints="1" visitedSequencePoints="1" numBranchPoints="1" visitedBranchPoints="1" sequenceCoverage="100" branchCoverage="100" maxCyclomaticComplexity="1" minCyclomaticComplexity="1" visitedClasses="0" numClasses="0" visitedMethods="1" numMethods="1" />
              <MetadataToken>100667045</MetadataToken>
              <Name>IBM.Watson.DeveloperCloud.Services.LanguageTranslator.v1.LanguageTranslator/GetModelsCallback IBM.Watson.DeveloperCloud.Services.LanguageTranslator.v1.LanguageTranslator/GetModelsReq::get_Callback()</Name>
              <FileRef uid="267" />
              <SequencePoints>
                <SequencePoint vc="2" uspid="7557" ordinal="0" offset="0" sl="223" sc="43" el="223" ec="47" bec="0" bev="0" fileid="267" />
              </SequencePoints>
              <BranchPoints />
              <MethodPoint xsi:type="SequencePoint" vc="2" uspid="7557" ordinal="0" offset="0" sl="223" sc="43" el="223" ec="47" bec="0" bev="0" fileid="267" />
            </Method>
            <Method visited="true" cyclomaticComplexity="1" nPathComplexity="0" sequenceCoverage="100" branchCoverage="100" isConstructor="false" isStatic="false" isGetter="false" isSetter="true">
              <Summary numSequencePoints="1" visitedSequencePoints="1" numBranchPoints="1" visitedBranchPoints="1" sequenceCoverage="100" branchCoverage="100" maxCyclomaticComplexity="1" minCyclomaticComplexity="1" visitedClasses="0" numClasses="0" visitedMethods="1" numMethods="1" />
              <MetadataToken>100667046</MetadataToken>
              <Name>System.Void IBM.Watson.DeveloperCloud.Services.LanguageTranslator.v1.LanguageTranslator/GetModelsReq::set_Callback(IBM.Watson.DeveloperCloud.Services.LanguageTranslator.v1.LanguageTranslator/GetModelsCallback)</Name>
              <FileRef uid="267" />
              <SequencePoints>
                <SequencePoint vc="1" uspid="7558" ordinal="0" offset="0" sl="223" sc="48" el="223" ec="52" bec="0" bev="0" fileid="267" />
              </SequencePoints>
              <BranchPoints />
              <MethodPoint xsi:type="SequencePoint" vc="1" uspid="7558" ordinal="0" offset="0" sl="223" sc="48" el="223" ec="52" bec="0" bev="0" fileid="267" />
            </Method>
            <Method visited="true" cyclomaticComplexity="1" nPathComplexity="0" sequenceCoverage="0" branchCoverage="0" isConstructor="true" isStatic="false" isGetter="false" isSetter="false">
              <Summary numSequencePoints="0" visitedSequencePoints="0" numBranchPoints="0" visitedBranchPoints="0" sequenceCoverage="0" branchCoverage="0" maxCyclomaticComplexity="1" minCyclomaticComplexity="1" visitedClasses="0" numClasses="0" visitedMethods="0" numMethods="0" />
              <MetadataToken>100667047</MetadataToken>
              <Name>System.Void IBM.Watson.DeveloperCloud.Services.LanguageTranslator.v1.LanguageTranslator/GetModelsReq::.ctor()</Name>
              <SequencePoints />
              <BranchPoints />
              <MethodPoint vc="1" uspid="7559" ordinal="0" offset="0" />
            </Method>
          </Methods>
        </Class>
        <Class>
          <Summary numSequencePoints="2" visitedSequencePoints="2" numBranchPoints="2" visitedBranchPoints="2" sequenceCoverage="100" branchCoverage="100" maxCyclomaticComplexity="1" minCyclomaticComplexity="1" visitedClasses="1" numClasses="1" visitedMethods="2" numMethods="2" />
          <FullName>IBM.Watson.DeveloperCloud.Services.LanguageTranslator.v1.LanguageTranslator/GetModelReq</FullName>
          <Methods>
            <Method visited="true" cyclomaticComplexity="1" nPathComplexity="0" sequenceCoverage="100" branchCoverage="100" isConstructor="false" isStatic="false" isGetter="true" isSetter="false">
              <Summary numSequencePoints="1" visitedSequencePoints="1" numBranchPoints="1" visitedBranchPoints="1" sequenceCoverage="100" branchCoverage="100" maxCyclomaticComplexity="1" minCyclomaticComplexity="1" visitedClasses="0" numClasses="0" visitedMethods="1" numMethods="1" />
              <MetadataToken>100667048</MetadataToken>
              <Name>IBM.Watson.DeveloperCloud.Services.LanguageTranslator.v1.LanguageTranslator/GetModelCallback IBM.Watson.DeveloperCloud.Services.LanguageTranslator.v1.LanguageTranslator/GetModelReq::get_Callback()</Name>
              <FileRef uid="267" />
              <SequencePoints>
                <SequencePoint vc="2" uspid="7560" ordinal="0" offset="0" sl="281" sc="42" el="281" ec="46" bec="0" bev="0" fileid="267" />
              </SequencePoints>
              <BranchPoints />
              <MethodPoint xsi:type="SequencePoint" vc="2" uspid="7560" ordinal="0" offset="0" sl="281" sc="42" el="281" ec="46" bec="0" bev="0" fileid="267" />
            </Method>
            <Method visited="true" cyclomaticComplexity="1" nPathComplexity="0" sequenceCoverage="100" branchCoverage="100" isConstructor="false" isStatic="false" isGetter="false" isSetter="true">
              <Summary numSequencePoints="1" visitedSequencePoints="1" numBranchPoints="1" visitedBranchPoints="1" sequenceCoverage="100" branchCoverage="100" maxCyclomaticComplexity="1" minCyclomaticComplexity="1" visitedClasses="0" numClasses="0" visitedMethods="1" numMethods="1" />
              <MetadataToken>100667049</MetadataToken>
              <Name>System.Void IBM.Watson.DeveloperCloud.Services.LanguageTranslator.v1.LanguageTranslator/GetModelReq::set_Callback(IBM.Watson.DeveloperCloud.Services.LanguageTranslator.v1.LanguageTranslator/GetModelCallback)</Name>
              <FileRef uid="267" />
              <SequencePoints>
                <SequencePoint vc="1" uspid="7561" ordinal="0" offset="0" sl="281" sc="47" el="281" ec="51" bec="0" bev="0" fileid="267" />
              </SequencePoints>
              <BranchPoints />
              <MethodPoint xsi:type="SequencePoint" vc="1" uspid="7561" ordinal="0" offset="0" sl="281" sc="47" el="281" ec="51" bec="0" bev="0" fileid="267" />
            </Method>
            <Method visited="true" cyclomaticComplexity="1" nPathComplexity="0" sequenceCoverage="0" branchCoverage="0" isConstructor="true" isStatic="false" isGetter="false" isSetter="false">
              <Summary numSequencePoints="0" visitedSequencePoints="0" numBranchPoints="0" visitedBranchPoints="0" sequenceCoverage="0" branchCoverage="0" maxCyclomaticComplexity="1" minCyclomaticComplexity="1" visitedClasses="0" numClasses="0" visitedMethods="0" numMethods="0" />
              <MetadataToken>100667050</MetadataToken>
              <Name>System.Void IBM.Watson.DeveloperCloud.Services.LanguageTranslator.v1.LanguageTranslator/GetModelReq::.ctor()</Name>
              <SequencePoints />
              <BranchPoints />
              <MethodPoint vc="1" uspid="7562" ordinal="0" offset="0" />
            </Method>
          </Methods>
        </Class>
        <Class>
          <Summary numSequencePoints="2" visitedSequencePoints="2" numBranchPoints="2" visitedBranchPoints="2" sequenceCoverage="100" branchCoverage="100" maxCyclomaticComplexity="1" minCyclomaticComplexity="1" visitedClasses="1" numClasses="1" visitedMethods="2" numMethods="2" />
          <FullName>IBM.Watson.DeveloperCloud.Services.LanguageTranslator.v1.LanguageTranslator/GetLanguagesReq</FullName>
          <Methods>
            <Method visited="true" cyclomaticComplexity="1" nPathComplexity="0" sequenceCoverage="100" branchCoverage="100" isConstructor="false" isStatic="false" isGetter="true" isSetter="false">
              <Summary numSequencePoints="1" visitedSequencePoints="1" numBranchPoints="1" visitedBranchPoints="1" sequenceCoverage="100" branchCoverage="100" maxCyclomaticComplexity="1" minCyclomaticComplexity="1" visitedClasses="0" numClasses="0" visitedMethods="1" numMethods="1" />
              <MetadataToken>100667051</MetadataToken>
              <Name>IBM.Watson.DeveloperCloud.Services.LanguageTranslator.v1.LanguageTranslator/GetLanguagesCallback IBM.Watson.DeveloperCloud.Services.LanguageTranslator.v1.LanguageTranslator/GetLanguagesReq::get_Callback()</Name>
              <FileRef uid="267" />
              <SequencePoints>
                <SequencePoint vc="2" uspid="7563" ordinal="0" offset="0" sl="337" sc="46" el="337" ec="50" bec="0" bev="0" fileid="267" />
              </SequencePoints>
              <BranchPoints />
              <MethodPoint xsi:type="SequencePoint" vc="2" uspid="7563" ordinal="0" offset="0" sl="337" sc="46" el="337" ec="50" bec="0" bev="0" fileid="267" />
            </Method>
            <Method visited="true" cyclomaticComplexity="1" nPathComplexity="0" sequenceCoverage="100" branchCoverage="100" isConstructor="false" isStatic="false" isGetter="false" isSetter="true">
              <Summary numSequencePoints="1" visitedSequencePoints="1" numBranchPoints="1" visitedBranchPoints="1" sequenceCoverage="100" branchCoverage="100" maxCyclomaticComplexity="1" minCyclomaticComplexity="1" visitedClasses="0" numClasses="0" visitedMethods="1" numMethods="1" />
              <MetadataToken>100667052</MetadataToken>
              <Name>System.Void IBM.Watson.DeveloperCloud.Services.LanguageTranslator.v1.LanguageTranslator/GetLanguagesReq::set_Callback(IBM.Watson.DeveloperCloud.Services.LanguageTranslator.v1.LanguageTranslator/GetLanguagesCallback)</Name>
              <FileRef uid="267" />
              <SequencePoints>
                <SequencePoint vc="1" uspid="7564" ordinal="0" offset="0" sl="337" sc="51" el="337" ec="55" bec="0" bev="0" fileid="267" />
              </SequencePoints>
              <BranchPoints />
              <MethodPoint xsi:type="SequencePoint" vc="1" uspid="7564" ordinal="0" offset="0" sl="337" sc="51" el="337" ec="55" bec="0" bev="0" fileid="267" />
            </Method>
            <Method visited="true" cyclomaticComplexity="1" nPathComplexity="0" sequenceCoverage="0" branchCoverage="0" isConstructor="true" isStatic="false" isGetter="false" isSetter="false">
              <Summary numSequencePoints="0" visitedSequencePoints="0" numBranchPoints="0" visitedBranchPoints="0" sequenceCoverage="0" branchCoverage="0" maxCyclomaticComplexity="1" minCyclomaticComplexity="1" visitedClasses="0" numClasses="0" visitedMethods="0" numMethods="0" />
              <MetadataToken>100667053</MetadataToken>
              <Name>System.Void IBM.Watson.DeveloperCloud.Services.LanguageTranslator.v1.LanguageTranslator/GetLanguagesReq::.ctor()</Name>
              <SequencePoints />
              <BranchPoints />
              <MethodPoint vc="1" uspid="7565" ordinal="0" offset="0" />
            </Method>
          </Methods>
        </Class>
        <Class>
          <Summary numSequencePoints="2" visitedSequencePoints="2" numBranchPoints="2" visitedBranchPoints="2" sequenceCoverage="100" branchCoverage="100" maxCyclomaticComplexity="1" minCyclomaticComplexity="1" visitedClasses="1" numClasses="1" visitedMethods="2" numMethods="2" />
          <FullName>IBM.Watson.DeveloperCloud.Services.LanguageTranslator.v1.LanguageTranslator/IdentifyReq</FullName>
          <Methods>
            <Method visited="true" cyclomaticComplexity="1" nPathComplexity="0" sequenceCoverage="100" branchCoverage="100" isConstructor="false" isStatic="false" isGetter="true" isSetter="false">
              <Summary numSequencePoints="1" visitedSequencePoints="1" numBranchPoints="1" visitedBranchPoints="1" sequenceCoverage="100" branchCoverage="100" maxCyclomaticComplexity="1" minCyclomaticComplexity="1" visitedClasses="0" numClasses="0" visitedMethods="1" numMethods="1" />
              <MetadataToken>100667054</MetadataToken>
              <Name>IBM.Watson.DeveloperCloud.Services.LanguageTranslator.v1.LanguageTranslator/IdentifyCallback IBM.Watson.DeveloperCloud.Services.LanguageTranslator.v1.LanguageTranslator/IdentifyReq::get_Callback()</Name>
              <FileRef uid="267" />
              <SequencePoints>
                <SequencePoint vc="2" uspid="7566" ordinal="0" offset="0" sl="397" sc="42" el="397" ec="46" bec="0" bev="0" fileid="267" />
              </SequencePoints>
              <BranchPoints />
              <MethodPoint xsi:type="SequencePoint" vc="2" uspid="7566" ordinal="0" offset="0" sl="397" sc="42" el="397" ec="46" bec="0" bev="0" fileid="267" />
            </Method>
            <Method visited="true" cyclomaticComplexity="1" nPathComplexity="0" sequenceCoverage="100" branchCoverage="100" isConstructor="false" isStatic="false" isGetter="false" isSetter="true">
              <Summary numSequencePoints="1" visitedSequencePoints="1" numBranchPoints="1" visitedBranchPoints="1" sequenceCoverage="100" branchCoverage="100" maxCyclomaticComplexity="1" minCyclomaticComplexity="1" visitedClasses="0" numClasses="0" visitedMethods="1" numMethods="1" />
              <MetadataToken>100667055</MetadataToken>
              <Name>System.Void IBM.Watson.DeveloperCloud.Services.LanguageTranslator.v1.LanguageTranslator/IdentifyReq::set_Callback(IBM.Watson.DeveloperCloud.Services.LanguageTranslator.v1.LanguageTranslator/IdentifyCallback)</Name>
              <FileRef uid="267" />
              <SequencePoints>
                <SequencePoint vc="1" uspid="7567" ordinal="0" offset="0" sl="397" sc="47" el="397" ec="51" bec="0" bev="0" fileid="267" />
              </SequencePoints>
              <BranchPoints />
              <MethodPoint xsi:type="SequencePoint" vc="1" uspid="7567" ordinal="0" offset="0" sl="397" sc="47" el="397" ec="51" bec="0" bev="0" fileid="267" />
            </Method>
            <Method visited="true" cyclomaticComplexity="1" nPathComplexity="0" sequenceCoverage="0" branchCoverage="0" isConstructor="true" isStatic="false" isGetter="false" isSetter="false">
              <Summary numSequencePoints="0" visitedSequencePoints="0" numBranchPoints="0" visitedBranchPoints="0" sequenceCoverage="0" branchCoverage="0" maxCyclomaticComplexity="1" minCyclomaticComplexity="1" visitedClasses="0" numClasses="0" visitedMethods="0" numMethods="0" />
              <MetadataToken>100667056</MetadataToken>
              <Name>System.Void IBM.Watson.DeveloperCloud.Services.LanguageTranslator.v1.LanguageTranslator/IdentifyReq::.ctor()</Name>
              <SequencePoints />
              <BranchPoints />
              <MethodPoint vc="1" uspid="7568" ordinal="0" offset="0" />
            </Method>
          </Methods>
        </Class>
        <Class>
          <Summary numSequencePoints="9" visitedSequencePoints="0" numBranchPoints="6" visitedBranchPoints="0" sequenceCoverage="0" branchCoverage="0" maxCyclomaticComplexity="2" minCyclomaticComplexity="2" visitedClasses="0" numClasses="1" visitedMethods="0" numMethods="2" />
          <FullName>IBM.Watson.DeveloperCloud.Services.LanguageTranslator.v1.LanguageTranslator/CheckServiceStatus</FullName>
          <Methods>
            <Method visited="false" cyclomaticComplexity="2" nPathComplexity="2" sequenceCoverage="0" branchCoverage="0" isConstructor="true" isStatic="false" isGetter="false" isSetter="false">
              <Summary numSequencePoints="6" visitedSequencePoints="0" numBranchPoints="3" visitedBranchPoints="0" sequenceCoverage="0" branchCoverage="0" maxCyclomaticComplexity="2" minCyclomaticComplexity="2" visitedClasses="0" numClasses="0" visitedMethods="0" numMethods="1" />
              <MetadataToken>100667057</MetadataToken>
              <Name>System.Void IBM.Watson.DeveloperCloud.Services.LanguageTranslator.v1.LanguageTranslator/CheckServiceStatus::.ctor(IBM.Watson.DeveloperCloud.Services.LanguageTranslator.v1.LanguageTranslator,IBM.Watson.DeveloperCloud.Services.ServiceStatus)</Name>
              <FileRef uid="267" />
              <SequencePoints>
                <SequencePoint vc="0" uspid="7569" ordinal="0" offset="0" sl="441" sc="7" el="441" ec="84" bec="0" bev="0" fileid="267" />
                <SequencePoint vc="0" uspid="7570" ordinal="1" offset="6" sl="443" sc="9" el="443" ec="29" bec="0" bev="0" fileid="267" />
                <SequencePoint vc="0" uspid="7571" ordinal="2" offset="13" sl="444" sc="9" el="444" ec="31" bec="0" bev="0" fileid="267" />
                <SequencePoint vc="0" uspid="7572" ordinal="3" offset="20" sl="446" sc="9" el="446" ec="53" bec="2" bev="0" fileid="267" />
                <SequencePoint vc="0" uspid="7573" ordinal="4" offset="45" sl="447" sc="11" el="447" ec="41" bec="0" bev="0" fileid="267" />
                <SequencePoint vc="0" uspid="7574" ordinal="5" offset="62" sl="448" sc="7" el="448" ec="8" bec="0" bev="0" fileid="267" />
              </SequencePoints>
              <BranchPoints>
                <BranchPoint vc="0" uspid="7575" ordinal="0" offset="43" sl="446" path="0" offsetend="45" fileid="267" />
                <BranchPoint vc="0" uspid="7576" ordinal="1" offset="43" sl="446" path="1" offsetend="62" fileid="267" />
              </BranchPoints>
              <MethodPoint xsi:type="SequencePoint" vc="0" uspid="7569" ordinal="0" offset="0" sl="441" sc="7" el="441" ec="84" bec="0" bev="0" fileid="267" />
            </Method>
            <Method visited="false" cyclomaticComplexity="2" nPathComplexity="2" sequenceCoverage="0" branchCoverage="0" isConstructor="false" isStatic="false" isGetter="false" isSetter="false">
              <Summary numSequencePoints="3" visitedSequencePoints="0" numBranchPoints="3" visitedBranchPoints="0" sequenceCoverage="0" branchCoverage="0" maxCyclomaticComplexity="2" minCyclomaticComplexity="2" visitedClasses="0" numClasses="0" visitedMethods="0" numMethods="1" />
              <MetadataToken>100667058</MetadataToken>
              <Name>System.Void IBM.Watson.DeveloperCloud.Services.LanguageTranslator.v1.LanguageTranslator/CheckServiceStatus::OnCheckService(IBM.Watson.DeveloperCloud.Services.LanguageTranslator.v1.Languages)</Name>
              <FileRef uid="267" />
              <SequencePoints>
                <SequencePoint vc="0" uspid="7577" ordinal="0" offset="0" sl="452" sc="9" el="452" ec="32" bec="2" bev="0" fileid="267" />
                <SequencePoint vc="0" uspid="7578" ordinal="1" offset="8" sl="453" sc="11" el="453" ec="49" bec="0" bev="0" fileid="267" />
                <SequencePoint vc="0" uspid="7579" ordinal="2" offset="28" sl="454" sc="7" el="454" ec="8" bec="0" bev="0" fileid="267" />
              </SequencePoints>
              <BranchPoints>
                <BranchPoint vc="0" uspid="7580" ordinal="0" offset="6" sl="452" path="0" offsetend="8" fileid="267" />
                <BranchPoint vc="0" uspid="7581" ordinal="1" offset="6" sl="452" path="1" offsetend="28" fileid="267" />
              </BranchPoints>
              <MethodPoint xsi:type="SequencePoint" vc="0" uspid="7577" ordinal="0" offset="0" sl="452" sc="9" el="452" ec="32" bec="2" bev="0" fileid="267" />
            </Method>
          </Methods>
        </Class>
        <Class>
          <Summary numSequencePoints="0" visitedSequencePoints="0" numBranchPoints="0" visitedBranchPoints="0" sequenceCoverage="0" branchCoverage="0" maxCyclomaticComplexity="1" minCyclomaticComplexity="1" visitedClasses="0" numClasses="0" visitedMethods="0" numMethods="0" />
          <FullName>IBM.Watson.DeveloperCloud.Services.DocumentConversion.v1.ConvertedDocument</FullName>
          <Methods>
            <Method visited="true" cyclomaticComplexity="1" nPathComplexity="0" sequenceCoverage="0" branchCoverage="0" isConstructor="true" isStatic="false" isGetter="false" isSetter="false">
              <Summary numSequencePoints="0" visitedSequencePoints="0" numBranchPoints="0" visitedBranchPoints="0" sequenceCoverage="0" branchCoverage="0" maxCyclomaticComplexity="1" minCyclomaticComplexity="1" visitedClasses="0" numClasses="0" visitedMethods="0" numMethods="0" />
              <MetadataToken>100665216</MetadataToken>
              <Name>System.Void IBM.Watson.DeveloperCloud.Services.DocumentConversion.v1.ConvertedDocument::.ctor()</Name>
              <SequencePoints />
              <BranchPoints />
              <MethodPoint vc="3" uspid="7582" ordinal="0" offset="0" />
            </Method>
          </Methods>
        </Class>
        <Class>
          <Summary numSequencePoints="0" visitedSequencePoints="0" numBranchPoints="0" visitedBranchPoints="0" sequenceCoverage="0" branchCoverage="0" maxCyclomaticComplexity="1" minCyclomaticComplexity="1" visitedClasses="0" numClasses="0" visitedMethods="0" numMethods="0" />
          <FullName>IBM.Watson.DeveloperCloud.Services.DocumentConversion.v1.Metadata</FullName>
          <Methods>
            <Method visited="true" cyclomaticComplexity="1" nPathComplexity="0" sequenceCoverage="0" branchCoverage="0" isConstructor="true" isStatic="false" isGetter="false" isSetter="false">
              <Summary numSequencePoints="0" visitedSequencePoints="0" numBranchPoints="0" visitedBranchPoints="0" sequenceCoverage="0" branchCoverage="0" maxCyclomaticComplexity="1" minCyclomaticComplexity="1" visitedClasses="0" numClasses="0" visitedMethods="0" numMethods="0" />
              <MetadataToken>100665221</MetadataToken>
              <Name>System.Void IBM.Watson.DeveloperCloud.Services.DocumentConversion.v1.Metadata::.ctor()</Name>
              <SequencePoints />
              <BranchPoints />
              <MethodPoint vc="39" uspid="7583" ordinal="0" offset="0" />
            </Method>
          </Methods>
        </Class>
        <Class>
          <Summary numSequencePoints="0" visitedSequencePoints="0" numBranchPoints="0" visitedBranchPoints="0" sequenceCoverage="0" branchCoverage="0" maxCyclomaticComplexity="1" minCyclomaticComplexity="1" visitedClasses="0" numClasses="0" visitedMethods="0" numMethods="0" />
          <FullName>IBM.Watson.DeveloperCloud.Services.DocumentConversion.v1.AnswerUnit</FullName>
          <Methods>
            <Method visited="true" cyclomaticComplexity="1" nPathComplexity="0" sequenceCoverage="0" branchCoverage="0" isConstructor="true" isStatic="false" isGetter="false" isSetter="false">
              <Summary numSequencePoints="0" visitedSequencePoints="0" numBranchPoints="0" visitedBranchPoints="0" sequenceCoverage="0" branchCoverage="0" maxCyclomaticComplexity="1" minCyclomaticComplexity="1" visitedClasses="0" numClasses="0" visitedMethods="0" numMethods="0" />
              <MetadataToken>100665234</MetadataToken>
              <Name>System.Void IBM.Watson.DeveloperCloud.Services.DocumentConversion.v1.AnswerUnit::.ctor()</Name>
              <SequencePoints />
              <BranchPoints />
              <MethodPoint vc="47" uspid="7584" ordinal="0" offset="0" />
            </Method>
          </Methods>
        </Class>
        <Class>
          <Summary numSequencePoints="0" visitedSequencePoints="0" numBranchPoints="0" visitedBranchPoints="0" sequenceCoverage="0" branchCoverage="0" maxCyclomaticComplexity="1" minCyclomaticComplexity="1" visitedClasses="0" numClasses="0" visitedMethods="0" numMethods="0" />
          <FullName>IBM.Watson.DeveloperCloud.Services.DocumentConversion.v1.Content</FullName>
          <Methods>
            <Method visited="true" cyclomaticComplexity="1" nPathComplexity="0" sequenceCoverage="0" branchCoverage="0" isConstructor="true" isStatic="false" isGetter="false" isSetter="false">
              <Summary numSequencePoints="0" visitedSequencePoints="0" numBranchPoints="0" visitedBranchPoints="0" sequenceCoverage="0" branchCoverage="0" maxCyclomaticComplexity="1" minCyclomaticComplexity="1" visitedClasses="0" numClasses="0" visitedMethods="0" numMethods="0" />
              <MetadataToken>100665239</MetadataToken>
              <Name>System.Void IBM.Watson.DeveloperCloud.Services.DocumentConversion.v1.Content::.ctor()</Name>
              <SequencePoints />
              <BranchPoints />
              <MethodPoint vc="47" uspid="7585" ordinal="0" offset="0" />
            </Method>
          </Methods>
        </Class>
        <Class>
          <Summary numSequencePoints="0" visitedSequencePoints="0" numBranchPoints="0" visitedBranchPoints="0" sequenceCoverage="0" branchCoverage="0" maxCyclomaticComplexity="1" minCyclomaticComplexity="1" visitedClasses="0" numClasses="0" visitedMethods="0" numMethods="0" />
          <FullName>IBM.Watson.DeveloperCloud.Services.DocumentConversion.v1.Warning</FullName>
          <Methods>
            <Method visited="false" cyclomaticComplexity="1" nPathComplexity="0" sequenceCoverage="0" branchCoverage="0" isConstructor="true" isStatic="false" isGetter="false" isSetter="false">
              <Summary numSequencePoints="0" visitedSequencePoints="0" numBranchPoints="0" visitedBranchPoints="0" sequenceCoverage="0" branchCoverage="0" maxCyclomaticComplexity="1" minCyclomaticComplexity="1" visitedClasses="0" numClasses="0" visitedMethods="0" numMethods="0" />
              <MetadataToken>100665244</MetadataToken>
              <Name>System.Void IBM.Watson.DeveloperCloud.Services.DocumentConversion.v1.Warning::.ctor()</Name>
              <SequencePoints />
              <BranchPoints />
              <MethodPoint vc="0" uspid="7586" ordinal="0" offset="0" />
            </Method>
          </Methods>
        </Class>
        <Class>
          <Summary numSequencePoints="0" visitedSequencePoints="0" numBranchPoints="0" visitedBranchPoints="0" sequenceCoverage="0" branchCoverage="0" maxCyclomaticComplexity="1" minCyclomaticComplexity="1" visitedClasses="0" numClasses="0" visitedMethods="0" numMethods="0" />
          <FullName>IBM.Watson.DeveloperCloud.Services.DocumentConversion.v1.ConversionTarget</FullName>
          <Methods>
            <Method visited="false" cyclomaticComplexity="1" nPathComplexity="0" sequenceCoverage="0" branchCoverage="0" isConstructor="true" isStatic="false" isGetter="false" isSetter="false">
              <Summary numSequencePoints="0" visitedSequencePoints="0" numBranchPoints="0" visitedBranchPoints="0" sequenceCoverage="0" branchCoverage="0" maxCyclomaticComplexity="1" minCyclomaticComplexity="1" visitedClasses="0" numClasses="0" visitedMethods="0" numMethods="0" />
              <MetadataToken>100665245</MetadataToken>
              <Name>System.Void IBM.Watson.DeveloperCloud.Services.DocumentConversion.v1.ConversionTarget::.ctor()</Name>
              <SequencePoints />
              <BranchPoints />
              <MethodPoint vc="0" uspid="7587" ordinal="0" offset="0" />
            </Method>
          </Methods>
        </Class>
        <Class>
          <Summary numSequencePoints="0" visitedSequencePoints="0" numBranchPoints="0" visitedBranchPoints="0" sequenceCoverage="0" branchCoverage="0" maxCyclomaticComplexity="1" minCyclomaticComplexity="1" visitedClasses="0" numClasses="0" visitedMethods="0" numMethods="0" />
          <FullName>IBM.Watson.DeveloperCloud.Services.DocumentConversion.v1.Version</FullName>
          <Methods>
            <Method visited="false" cyclomaticComplexity="1" nPathComplexity="0" sequenceCoverage="0" branchCoverage="0" isConstructor="true" isStatic="false" isGetter="false" isSetter="false">
              <Summary numSequencePoints="0" visitedSequencePoints="0" numBranchPoints="0" visitedBranchPoints="0" sequenceCoverage="0" branchCoverage="0" maxCyclomaticComplexity="1" minCyclomaticComplexity="1" visitedClasses="0" numClasses="0" visitedMethods="0" numMethods="0" />
              <MetadataToken>100665246</MetadataToken>
              <Name>System.Void IBM.Watson.DeveloperCloud.Services.DocumentConversion.v1.Version::.ctor()</Name>
              <SequencePoints />
              <BranchPoints />
              <MethodPoint vc="0" uspid="7588" ordinal="0" offset="0" />
            </Method>
          </Methods>
        </Class>
        <Class>
          <Summary numSequencePoints="61" visitedSequencePoints="42" numBranchPoints="41" visitedBranchPoints="22" sequenceCoverage="68.85" branchCoverage="53.66" maxCyclomaticComplexity="10" minCyclomaticComplexity="1" visitedClasses="1" numClasses="1" visitedMethods="4" numMethods="7" />
          <FullName>IBM.Watson.DeveloperCloud.Services.DocumentConversion.v1.DocumentConversion</FullName>
          <Methods>
            <Method visited="true" cyclomaticComplexity="1" nPathComplexity="0" sequenceCoverage="100" branchCoverage="100" isConstructor="false" isStatic="false" isGetter="true" isSetter="false">
              <Summary numSequencePoints="1" visitedSequencePoints="1" numBranchPoints="1" visitedBranchPoints="1" sequenceCoverage="100" branchCoverage="100" maxCyclomaticComplexity="1" minCyclomaticComplexity="1" visitedClasses="0" numClasses="0" visitedMethods="1" numMethods="1" />
              <MetadataToken>100665247</MetadataToken>
              <Name>IBM.Watson.DeveloperCloud.Services.DocumentConversion.v1.DocumentConversion/LoadFileDelegate IBM.Watson.DeveloperCloud.Services.DocumentConversion.v1.DocumentConversion::get_LoadFile()</Name>
              <FileRef uid="279" />
              <SequencePoints>
                <SequencePoint vc="3" uspid="7589" ordinal="0" offset="0" sl="59" sc="40" el="59" ec="44" bec="0" bev="0" fileid="279" />
              </SequencePoints>
              <BranchPoints />
              <MethodPoint xsi:type="SequencePoint" vc="3" uspid="7589" ordinal="0" offset="0" sl="59" sc="40" el="59" ec="44" bec="0" bev="0" fileid="279" />
            </Method>
            <Method visited="false" cyclomaticComplexity="1" nPathComplexity="0" sequenceCoverage="0" branchCoverage="0" isConstructor="false" isStatic="false" isGetter="false" isSetter="true">
              <Summary numSequencePoints="1" visitedSequencePoints="0" numBranchPoints="1" visitedBranchPoints="0" sequenceCoverage="0" branchCoverage="0" maxCyclomaticComplexity="1" minCyclomaticComplexity="1" visitedClasses="0" numClasses="0" visitedMethods="0" numMethods="1" />
              <MetadataToken>100665248</MetadataToken>
              <Name>System.Void IBM.Watson.DeveloperCloud.Services.DocumentConversion.v1.DocumentConversion::set_LoadFile(IBM.Watson.DeveloperCloud.Services.DocumentConversion.v1.DocumentConversion/LoadFileDelegate)</Name>
              <FileRef uid="279" />
              <SequencePoints>
                <SequencePoint vc="0" uspid="7590" ordinal="0" offset="0" sl="59" sc="45" el="59" ec="49" bec="0" bev="0" fileid="279" />
              </SequencePoints>
              <BranchPoints />
              <MethodPoint xsi:type="SequencePoint" vc="0" uspid="7590" ordinal="0" offset="0" sl="59" sc="45" el="59" ec="49" bec="0" bev="0" fileid="279" />
            </Method>
            <Method visited="true" cyclomaticComplexity="9" nPathComplexity="256" sequenceCoverage="75.86" branchCoverage="52.94" isConstructor="false" isStatic="false" isGetter="false" isSetter="false">
              <Summary numSequencePoints="29" visitedSequencePoints="22" numBranchPoints="17" visitedBranchPoints="9" sequenceCoverage="75.86" branchCoverage="52.94" maxCyclomaticComplexity="9" minCyclomaticComplexity="9" visitedClasses="0" numClasses="0" visitedMethods="1" numMethods="1" />
              <MetadataToken>100665249</MetadataToken>
              <Name>System.Boolean IBM.Watson.DeveloperCloud.Services.DocumentConversion.v1.DocumentConversion::ConvertDocument(IBM.Watson.DeveloperCloud.Services.DocumentConversion.v1.DocumentConversion/OnConvertDocument,System.String,System.String,System.String)</Name>
              <FileRef uid="279" />
              <SequencePoints>
                <SequencePoint vc="3" uspid="7591" ordinal="0" offset="0" sl="71" sc="7" el="71" ec="28" bec="2" bev="1" fileid="279" />
                <SequencePoint vc="0" uspid="7592" ordinal="1" offset="3" sl="72" sc="9" el="72" ec="53" bec="0" bev="0" fileid="279" />
                <SequencePoint vc="3" uspid="7593" ordinal="2" offset="14" sl="73" sc="7" el="73" ec="46" bec="2" bev="1" fileid="279" />
                <SequencePoint vc="0" uspid="7594" ordinal="3" offset="22" sl="74" sc="9" el="74" ec="91" bec="0" bev="0" fileid="279" />
                <SequencePoint vc="3" uspid="7595" ordinal="4" offset="33" sl="75" sc="7" el="75" ec="50" bec="2" bev="1" fileid="279" />
                <SequencePoint vc="0" uspid="7596" ordinal="5" offset="41" sl="76" sc="9" el="76" ec="95" bec="0" bev="0" fileid="279" />
                <SequencePoint vc="3" uspid="7597" ordinal="6" offset="52" sl="78" sc="7" el="78" ec="99" bec="0" bev="0" fileid="279" />
                <SequencePoint vc="3" uspid="7598" ordinal="7" offset="69" sl="79" sc="7" el="79" ec="29" bec="2" bev="1" fileid="279" />
                <SequencePoint vc="0" uspid="7599" ordinal="8" offset="72" sl="80" sc="9" el="80" ec="22" bec="0" bev="0" fileid="279" />
                <SequencePoint vc="3" uspid="7600" ordinal="9" offset="74" sl="82" sc="7" el="82" ec="65" bec="0" bev="0" fileid="279" />
                <SequencePoint vc="3" uspid="7601" ordinal="10" offset="80" sl="83" sc="7" el="83" ec="31" bec="0" bev="0" fileid="279" />
                <SequencePoint vc="3" uspid="7602" ordinal="11" offset="87" sl="84" sc="7" el="84" ec="48" bec="0" bev="0" fileid="279" />
                <SequencePoint vc="3" uspid="7603" ordinal="12" offset="105" sl="85" sc="7" el="85" ec="23" bec="0" bev="0" fileid="279" />
                <SequencePoint vc="3" uspid="7604" ordinal="13" offset="113" sl="86" sc="7" el="86" ec="47" bec="0" bev="0" fileid="279" />
                <SequencePoint vc="3" uspid="7605" ordinal="14" offset="120" sl="87" sc="7" el="87" ec="63" bec="0" bev="0" fileid="279" />
                <SequencePoint vc="3" uspid="7606" ordinal="15" offset="141" sl="89" sc="7" el="89" ec="34" bec="0" bev="0" fileid="279" />
                <SequencePoint vc="3" uspid="7607" ordinal="16" offset="143" sl="90" sc="7" el="90" ec="43" bec="2" bev="1" fileid="279" />
                <SequencePoint vc="3" uspid="7608" ordinal="17" offset="146" sl="92" sc="9" el="92" ec="30" bec="2" bev="1" fileid="279" />
                <SequencePoint vc="0" uspid="7609" ordinal="18" offset="154" sl="94" sc="11" el="94" ec="49" bec="0" bev="0" fileid="279" />
                <SequencePoint vc="0" uspid="7610" ordinal="19" offset="167" sl="95" sc="9" el="95" ec="10" bec="0" bev="0" fileid="279" />
                <SequencePoint vc="3" uspid="7611" ordinal="20" offset="169" sl="99" sc="11" el="99" ec="58" bec="0" bev="0" fileid="279" />
                <SequencePoint vc="3" uspid="7612" ordinal="21" offset="176" sl="103" sc="9" el="103" ec="34" bec="2" bev="1" fileid="279" />
                <SequencePoint vc="0" uspid="7613" ordinal="22" offset="179" sl="104" sc="11" el="104" ec="82" bec="0" bev="0" fileid="279" />
                <SequencePoint vc="3" uspid="7614" ordinal="23" offset="204" sl="107" sc="7" el="107" ec="32" bec="2" bev="1" fileid="279" />
                <SequencePoint vc="3" uspid="7615" ordinal="24" offset="207" sl="109" sc="9" el="109" ec="75" bec="0" bev="0" fileid="279" />
                <SequencePoint vc="3" uspid="7616" ordinal="25" offset="228" sl="111" sc="9" el="111" ec="66" bec="0" bev="0" fileid="279" />
                <SequencePoint vc="3" uspid="7617" ordinal="26" offset="239" sl="112" sc="9" el="112" ec="66" bec="0" bev="0" fileid="279" />
                <SequencePoint vc="3" uspid="7618" ordinal="27" offset="263" sl="113" sc="9" el="113" ec="83" bec="0" bev="0" fileid="279" />
                <SequencePoint vc="3" uspid="7619" ordinal="28" offset="290" sl="116" sc="7" el="116" ec="34" bec="0" bev="0" fileid="279" />
              </SequencePoints>
              <BranchPoints>
                <BranchPoint vc="0" uspid="7620" ordinal="0" offset="1" sl="71" path="0" offsetend="3" fileid="279" />
                <BranchPoint vc="3" uspid="7621" ordinal="1" offset="1" sl="71" path="1" offsetend="14" fileid="279" />
                <BranchPoint vc="0" uspid="7622" ordinal="2" offset="20" sl="73" path="0" offsetend="22" fileid="279" />
                <BranchPoint vc="3" uspid="7623" ordinal="3" offset="20" sl="73" path="1" offsetend="33" fileid="279" />
                <BranchPoint vc="0" uspid="7624" ordinal="4" offset="39" sl="75" path="0" offsetend="41" fileid="279" />
                <BranchPoint vc="3" uspid="7625" ordinal="5" offset="39" sl="75" path="1" offsetend="52" fileid="279" />
                <BranchPoint vc="0" uspid="7626" ordinal="6" offset="70" sl="79" path="0" offsetend="72" fileid="279" />
                <BranchPoint vc="3" uspid="7627" ordinal="7" offset="70" sl="79" path="1" offsetend="74" fileid="279" />
                <BranchPoint vc="3" uspid="7628" ordinal="8" offset="144" sl="90" path="0" offsetend="146" fileid="279" />
                <BranchPoint vc="0" uspid="7629" ordinal="9" offset="144" sl="90" path="1" offsetend="204" fileid="279" />
                <BranchPoint vc="0" uspid="7630" ordinal="10" offset="152" sl="92" path="0" offsetend="154" fileid="279" />
                <BranchPoint vc="3" uspid="7631" ordinal="11" offset="152" sl="92" path="1" offsetend="169" fileid="279" />
                <BranchPoint vc="0" uspid="7632" ordinal="12" offset="177" sl="103" path="0" offsetend="179" fileid="279" />
                <BranchPoint vc="3" uspid="7633" ordinal="13" offset="177" sl="103" path="1" offsetend="204" fileid="279" />
                <BranchPoint vc="3" uspid="7634" ordinal="14" offset="205" sl="107" path="0" offsetend="207" fileid="279" />
                <BranchPoint vc="0" uspid="7635" ordinal="15" offset="205" sl="107" path="1" offsetend="290" fileid="279" />
              </BranchPoints>
              <MethodPoint xsi:type="SequencePoint" vc="3" uspid="7591" ordinal="0" offset="0" sl="71" sc="7" el="71" ec="28" bec="2" bev="1" fileid="279" />
            </Method>
            <Method visited="true" cyclomaticComplexity="10" nPathComplexity="256" sequenceCoverage="75" branchCoverage="64.71" isConstructor="false" isStatic="false" isGetter="false" isSetter="false">
              <Summary numSequencePoints="24" visitedSequencePoints="18" numBranchPoints="17" visitedBranchPoints="11" sequenceCoverage="75" branchCoverage="64.71" maxCyclomaticComplexity="10" minCyclomaticComplexity="10" visitedClasses="0" numClasses="0" visitedMethods="1" numMethods="1" />
              <MetadataToken>100665250</MetadataToken>
              <Name>System.Void IBM.Watson.DeveloperCloud.Services.DocumentConversion.v1.DocumentConversion::ConvertDocumentResponse(IBM.Watson.DeveloperCloud.Connection.RESTConnector/Request,IBM.Watson.DeveloperCloud.Connection.RESTConnector/Response)</Name>
              <FileRef uid="279" />
              <SequencePoints>
                <SequencePoint vc="3" uspid="7636" ordinal="0" offset="0" sl="128" sc="7" el="128" ec="60" bec="0" bev="0" fileid="279" />
                <SequencePoint vc="3" uspid="7637" ordinal="1" offset="6" sl="130" sc="7" el="130" ec="24" bec="2" bev="1" fileid="279" />
                <SequencePoint vc="3" uspid="7638" ordinal="2" offset="17" sl="132" sc="9" el="132" ec="95" bec="2" bev="2" fileid="279" />
                <SequencePoint vc="1" uspid="7639" ordinal="3" offset="43" sl="136" sc="13" el="136" ec="32" bec="0" bev="0" fileid="279" />
                <SequencePoint vc="1" uspid="7640" ordinal="4" offset="45" sl="137" sc="13" el="137" ec="91" bec="0" bev="0" fileid="279" />
                <SequencePoint vc="1" uspid="7641" ordinal="5" offset="69" sl="138" sc="13" el="138" ec="30" bec="2" bev="1" fileid="279" />
                <SequencePoint vc="0" uspid="7642" ordinal="6" offset="78" sl="139" sc="15" el="139" ec="62" bec="0" bev="0" fileid="279" />
                <SequencePoint vc="1" uspid="7643" ordinal="7" offset="91" sl="141" sc="13" el="141" ec="35" bec="0" bev="0" fileid="279" />
                <SequencePoint vc="1" uspid="7644" ordinal="8" offset="93" sl="142" sc="13" el="142" ec="76" bec="0" bev="0" fileid="279" />
                <SequencePoint vc="1" uspid="7645" ordinal="9" offset="113" sl="143" sc="13" el="143" ec="30" bec="2" bev="1" fileid="279" />
                <SequencePoint vc="0" uspid="7646" ordinal="10" offset="122" sl="144" sc="15" el="144" ec="62" bec="0" bev="0" fileid="279" />
                <SequencePoint vc="1" uspid="7647" ordinal="11" offset="135" sl="145" sc="11" el="145" ec="12" bec="0" bev="0" fileid="279" />
                <SequencePoint vc="0" uspid="7648" ordinal="12" offset="140" sl="146" sc="11" el="146" ec="30" bec="0" bev="0" fileid="279" />
                <SequencePoint vc="0" uspid="7649" ordinal="13" offset="142" sl="148" sc="13" el="148" ec="101" bec="0" bev="0" fileid="279" />
                <SequencePoint vc="0" uspid="7650" ordinal="14" offset="173" sl="149" sc="13" el="149" ec="34" bec="0" bev="0" fileid="279" />
                <SequencePoint vc="0" uspid="7651" ordinal="15" offset="180" sl="150" sc="11" el="150" ec="12" bec="0" bev="0" fileid="279" />
                <SequencePoint vc="2" uspid="7652" ordinal="16" offset="182" sl="152" sc="14" el="152" ec="103" bec="2" bev="2" fileid="279" />
                <SequencePoint vc="1" uspid="7653" ordinal="17" offset="205" sl="154" sc="11" el="154" ec="84" bec="0" bev="0" fileid="279" />
                <SequencePoint vc="1" uspid="7654" ordinal="18" offset="227" sl="155" sc="9" el="155" ec="10" bec="0" bev="0" fileid="279" />
                <SequencePoint vc="1" uspid="7655" ordinal="19" offset="229" sl="156" sc="14" el="156" ec="103" bec="2" bev="1" fileid="279" />
                <SequencePoint vc="1" uspid="7656" ordinal="20" offset="252" sl="158" sc="11" el="158" ec="84" bec="0" bev="0" fileid="279" />
                <SequencePoint vc="3" uspid="7657" ordinal="21" offset="274" sl="163" sc="7" el="163" ec="58" bec="2" bev="1" fileid="279" />
                <SequencePoint vc="3" uspid="7658" ordinal="22" offset="287" sl="164" sc="9" el="164" ec="116" bec="2" bev="1" fileid="279" />
                <SequencePoint vc="3" uspid="7659" ordinal="23" offset="326" sl="165" sc="5" el="165" ec="6" bec="0" bev="0" fileid="279" />
              </SequencePoints>
              <BranchPoints>
                <BranchPoint vc="3" uspid="7660" ordinal="0" offset="12" sl="130" path="0" offsetend="17" fileid="279" />
                <BranchPoint vc="0" uspid="7661" ordinal="1" offset="12" sl="130" path="1" offsetend="274" fileid="279" />
                <BranchPoint vc="1" uspid="7662" ordinal="2" offset="38" sl="132" path="0" offsetend="43" fileid="279" />
                <BranchPoint vc="2" uspid="7663" ordinal="3" offset="38" sl="132" path="1" offsetend="182" fileid="279" />
                <BranchPoint vc="0" uspid="7664" ordinal="4" offset="76" sl="138" path="0" offsetend="78" fileid="279" />
                <BranchPoint vc="1" uspid="7665" ordinal="5" offset="76" sl="138" path="1" offsetend="91" fileid="279" />
                <BranchPoint vc="0" uspid="7666" ordinal="6" offset="120" sl="143" path="0" offsetend="122" fileid="279" />
                <BranchPoint vc="1" uspid="7667" ordinal="7" offset="120" sl="143" path="1" offsetend="135" fileid="279" />
                <BranchPoint vc="1" uspid="7668" ordinal="8" offset="203" sl="152" path="0" offsetend="205" fileid="279" />
                <BranchPoint vc="1" uspid="7669" ordinal="9" offset="203" sl="152" path="1" offsetend="229" fileid="279" />
                <BranchPoint vc="1" uspid="7670" ordinal="10" offset="250" sl="156" path="0" offsetend="252" fileid="279" />
                <BranchPoint vc="0" uspid="7671" ordinal="11" offset="250" sl="156" path="1" offsetend="274" fileid="279" />
                <BranchPoint vc="3" uspid="7672" ordinal="12" offset="285" sl="163" path="0" offsetend="287" fileid="279" />
                <BranchPoint vc="0" uspid="7673" ordinal="13" offset="285" sl="163" path="1" offsetend="326" fileid="279" />
                <BranchPoint vc="0" uspid="7674" ordinal="14" offset="304" sl="164" path="0" offsetend="306" fileid="279" />
                <BranchPoint vc="3" uspid="7675" ordinal="15" offset="304" sl="164" path="1" offsetend="309" fileid="279" />
              </BranchPoints>
              <MethodPoint xsi:type="SequencePoint" vc="3" uspid="7636" ordinal="0" offset="0" sl="128" sc="7" el="128" ec="60" bec="0" bev="0" fileid="279" />
            </Method>
            <Method visited="false" cyclomaticComplexity="1" nPathComplexity="0" sequenceCoverage="0" branchCoverage="0" isConstructor="false" isStatic="false" isGetter="false" isSetter="false">
              <Summary numSequencePoints="1" visitedSequencePoints="0" numBranchPoints="1" visitedBranchPoints="0" sequenceCoverage="0" branchCoverage="0" maxCyclomaticComplexity="1" minCyclomaticComplexity="1" visitedClasses="0" numClasses="0" visitedMethods="0" numMethods="1" />
              <MetadataToken>100665251</MetadataToken>
              <Name>System.String IBM.Watson.DeveloperCloud.Services.DocumentConversion.v1.DocumentConversion::GetServiceID()</Name>
              <FileRef uid="279" />
              <SequencePoints>
                <SequencePoint vc="0" uspid="7676" ordinal="0" offset="0" sl="172" sc="7" el="172" ec="25" bec="0" bev="0" fileid="279" />
              </SequencePoints>
              <BranchPoints />
              <MethodPoint xsi:type="SequencePoint" vc="0" uspid="7676" ordinal="0" offset="0" sl="172" sc="7" el="172" ec="25" bec="0" bev="0" fileid="279" />
            </Method>
            <Method visited="false" cyclomaticComplexity="2" nPathComplexity="2" sequenceCoverage="0" branchCoverage="0" isConstructor="false" isStatic="false" isGetter="false" isSetter="false">
              <Summary numSequencePoints="4" visitedSequencePoints="0" numBranchPoints="3" visitedBranchPoints="0" sequenceCoverage="0" branchCoverage="0" maxCyclomaticComplexity="2" minCyclomaticComplexity="2" visitedClasses="0" numClasses="0" visitedMethods="0" numMethods="1" />
              <MetadataToken>100665252</MetadataToken>
              <Name>System.Void IBM.Watson.DeveloperCloud.Services.DocumentConversion.v1.DocumentConversion::GetServiceStatus(IBM.Watson.DeveloperCloud.Services.ServiceStatus)</Name>
              <FileRef uid="279" />
              <SequencePoints>
                <SequencePoint vc="0" uspid="7677" ordinal="0" offset="0" sl="178" sc="7" el="178" ec="63" bec="2" bev="0" fileid="279" />
                <SequencePoint vc="0" uspid="7678" ordinal="1" offset="17" sl="179" sc="9" el="179" ec="48" bec="0" bev="0" fileid="279" />
                <SequencePoint vc="0" uspid="7679" ordinal="2" offset="26" sl="181" sc="9" el="181" ec="37" bec="0" bev="0" fileid="279" />
                <SequencePoint vc="0" uspid="7680" ordinal="3" offset="38" sl="182" sc="5" el="182" ec="6" bec="0" bev="0" fileid="279" />
              </SequencePoints>
              <BranchPoints>
                <BranchPoint vc="0" uspid="7681" ordinal="0" offset="15" sl="178" path="0" offsetend="17" fileid="279" />
                <BranchPoint vc="0" uspid="7682" ordinal="1" offset="15" sl="178" path="1" offsetend="26" fileid="279" />
              </BranchPoints>
              <MethodPoint xsi:type="SequencePoint" vc="0" uspid="7677" ordinal="0" offset="0" sl="178" sc="7" el="178" ec="63" bec="2" bev="0" fileid="279" />
            </Method>
            <Method visited="true" cyclomaticComplexity="1" nPathComplexity="0" sequenceCoverage="0" branchCoverage="0" isConstructor="true" isStatic="false" isGetter="false" isSetter="false">
              <Summary numSequencePoints="0" visitedSequencePoints="0" numBranchPoints="0" visitedBranchPoints="0" sequenceCoverage="0" branchCoverage="0" maxCyclomaticComplexity="1" minCyclomaticComplexity="1" visitedClasses="0" numClasses="0" visitedMethods="0" numMethods="0" />
              <MetadataToken>100665253</MetadataToken>
              <Name>System.Void IBM.Watson.DeveloperCloud.Services.DocumentConversion.v1.DocumentConversion::.ctor()</Name>
              <SequencePoints />
              <BranchPoints />
              <MethodPoint vc="1" uspid="7683" ordinal="0" offset="0" />
            </Method>
            <Method visited="true" cyclomaticComplexity="1" nPathComplexity="0" sequenceCoverage="100" branchCoverage="100" isConstructor="true" isStatic="true" isGetter="false" isSetter="false">
              <Summary numSequencePoints="1" visitedSequencePoints="1" numBranchPoints="1" visitedBranchPoints="1" sequenceCoverage="100" branchCoverage="100" maxCyclomaticComplexity="1" minCyclomaticComplexity="1" visitedClasses="0" numClasses="0" visitedMethods="1" numMethods="1" />
              <MetadataToken>100665254</MetadataToken>
              <Name>System.Void IBM.Watson.DeveloperCloud.Services.DocumentConversion.v1.DocumentConversion::.cctor()</Name>
              <FileRef uid="279" />
              <SequencePoints>
                <SequencePoint vc="1" uspid="7684" ordinal="0" offset="0" sl="37" sc="5" el="37" ec="68" bec="0" bev="0" fileid="279" />
              </SequencePoints>
              <BranchPoints />
              <MethodPoint xsi:type="SequencePoint" vc="1" uspid="7684" ordinal="0" offset="0" sl="37" sc="5" el="37" ec="68" bec="0" bev="0" fileid="279" />
            </Method>
          </Methods>
        </Class>
        <Class>
          <Summary numSequencePoints="0" visitedSequencePoints="0" numBranchPoints="0" visitedBranchPoints="0" sequenceCoverage="0" branchCoverage="0" maxCyclomaticComplexity="0" minCyclomaticComplexity="0" visitedClasses="0" numClasses="0" visitedMethods="0" numMethods="0" />
          <FullName>IBM.Watson.DeveloperCloud.Services.DocumentConversion.v1.DocumentConversion/OnConvertDocument</FullName>
          <Methods>
            <Method skippedDueTo="Unknown" visited="false" cyclomaticComplexity="0" nPathComplexity="0" sequenceCoverage="0" branchCoverage="0" isConstructor="true" isStatic="false" isGetter="false" isSetter="false">
              <MetadataToken>100667059</MetadataToken>
              <Name>System.Void IBM.Watson.DeveloperCloud.Services.DocumentConversion.v1.DocumentConversion/OnConvertDocument::.ctor(System.Object,System.IntPtr)</Name>
              <SequencePoints />
              <BranchPoints />
            </Method>
            <Method skippedDueTo="Unknown" visited="false" cyclomaticComplexity="0" nPathComplexity="0" sequenceCoverage="0" branchCoverage="0" isConstructor="false" isStatic="false" isGetter="false" isSetter="false">
              <MetadataToken>100667060</MetadataToken>
              <Name>System.Void IBM.Watson.DeveloperCloud.Services.DocumentConversion.v1.DocumentConversion/OnConvertDocument::Invoke(IBM.Watson.DeveloperCloud.Services.DocumentConversion.v1.ConvertedDocument,System.String)</Name>
              <SequencePoints />
              <BranchPoints />
            </Method>
            <Method skippedDueTo="Unknown" visited="false" cyclomaticComplexity="0" nPathComplexity="0" sequenceCoverage="0" branchCoverage="0" isConstructor="false" isStatic="false" isGetter="false" isSetter="false">
              <MetadataToken>100667061</MetadataToken>
              <Name>System.IAsyncResult IBM.Watson.DeveloperCloud.Services.DocumentConversion.v1.DocumentConversion/OnConvertDocument::BeginInvoke(IBM.Watson.DeveloperCloud.Services.DocumentConversion.v1.ConvertedDocument,System.String,System.AsyncCallback,System.Object)</Name>
              <SequencePoints />
              <BranchPoints />
            </Method>
            <Method skippedDueTo="Unknown" visited="false" cyclomaticComplexity="0" nPathComplexity="0" sequenceCoverage="0" branchCoverage="0" isConstructor="false" isStatic="false" isGetter="false" isSetter="false">
              <MetadataToken>100667062</MetadataToken>
              <Name>System.Void IBM.Watson.DeveloperCloud.Services.DocumentConversion.v1.DocumentConversion/OnConvertDocument::EndInvoke(System.IAsyncResult)</Name>
              <SequencePoints />
              <BranchPoints />
            </Method>
          </Methods>
        </Class>
        <Class>
          <Summary numSequencePoints="0" visitedSequencePoints="0" numBranchPoints="0" visitedBranchPoints="0" sequenceCoverage="0" branchCoverage="0" maxCyclomaticComplexity="0" minCyclomaticComplexity="0" visitedClasses="0" numClasses="0" visitedMethods="0" numMethods="0" />
          <FullName>IBM.Watson.DeveloperCloud.Services.DocumentConversion.v1.DocumentConversion/LoadFileDelegate</FullName>
          <Methods>
            <Method skippedDueTo="Unknown" visited="false" cyclomaticComplexity="0" nPathComplexity="0" sequenceCoverage="0" branchCoverage="0" isConstructor="true" isStatic="false" isGetter="false" isSetter="false">
              <MetadataToken>100667063</MetadataToken>
              <Name>System.Void IBM.Watson.DeveloperCloud.Services.DocumentConversion.v1.DocumentConversion/LoadFileDelegate::.ctor(System.Object,System.IntPtr)</Name>
              <SequencePoints />
              <BranchPoints />
            </Method>
            <Method skippedDueTo="Unknown" visited="false" cyclomaticComplexity="0" nPathComplexity="0" sequenceCoverage="0" branchCoverage="0" isConstructor="false" isStatic="false" isGetter="false" isSetter="false">
              <MetadataToken>100667064</MetadataToken>
              <Name>System.Byte[] IBM.Watson.DeveloperCloud.Services.DocumentConversion.v1.DocumentConversion/LoadFileDelegate::Invoke(System.String)</Name>
              <SequencePoints />
              <BranchPoints />
            </Method>
            <Method skippedDueTo="Unknown" visited="false" cyclomaticComplexity="0" nPathComplexity="0" sequenceCoverage="0" branchCoverage="0" isConstructor="false" isStatic="false" isGetter="false" isSetter="false">
              <MetadataToken>100667065</MetadataToken>
              <Name>System.IAsyncResult IBM.Watson.DeveloperCloud.Services.DocumentConversion.v1.DocumentConversion/LoadFileDelegate::BeginInvoke(System.String,System.AsyncCallback,System.Object)</Name>
              <SequencePoints />
              <BranchPoints />
            </Method>
            <Method skippedDueTo="Unknown" visited="false" cyclomaticComplexity="0" nPathComplexity="0" sequenceCoverage="0" branchCoverage="0" isConstructor="false" isStatic="false" isGetter="false" isSetter="false">
              <MetadataToken>100667066</MetadataToken>
              <Name>System.Byte[] IBM.Watson.DeveloperCloud.Services.DocumentConversion.v1.DocumentConversion/LoadFileDelegate::EndInvoke(System.IAsyncResult)</Name>
              <SequencePoints />
              <BranchPoints />
            </Method>
          </Methods>
        </Class>
        <Class>
          <Summary numSequencePoints="6" visitedSequencePoints="6" numBranchPoints="6" visitedBranchPoints="6" sequenceCoverage="100" branchCoverage="100" maxCyclomaticComplexity="1" minCyclomaticComplexity="1" visitedClasses="1" numClasses="1" visitedMethods="6" numMethods="6" />
          <FullName>IBM.Watson.DeveloperCloud.Services.DocumentConversion.v1.DocumentConversion/ConvertDocumentRequest</FullName>
          <Methods>
            <Method visited="true" cyclomaticComplexity="1" nPathComplexity="0" sequenceCoverage="100" branchCoverage="100" isConstructor="false" isStatic="false" isGetter="true" isSetter="false">
              <Summary numSequencePoints="1" visitedSequencePoints="1" numBranchPoints="1" visitedBranchPoints="1" sequenceCoverage="100" branchCoverage="100" maxCyclomaticComplexity="1" minCyclomaticComplexity="1" visitedClasses="0" numClasses="0" visitedMethods="1" numMethods="1" />
              <MetadataToken>100667067</MetadataToken>
              <Name>System.String IBM.Watson.DeveloperCloud.Services.DocumentConversion.v1.DocumentConversion/ConvertDocumentRequest::get_Data()</Name>
              <FileRef uid="279" />
              <SequencePoints>
                <SequencePoint vc="3" uspid="7685" ordinal="0" offset="0" sl="121" sc="28" el="121" ec="32" bec="0" bev="0" fileid="279" />
              </SequencePoints>
              <BranchPoints />
              <MethodPoint xsi:type="SequencePoint" vc="3" uspid="7685" ordinal="0" offset="0" sl="121" sc="28" el="121" ec="32" bec="0" bev="0" fileid="279" />
            </Method>
            <Method visited="true" cyclomaticComplexity="1" nPathComplexity="0" sequenceCoverage="100" branchCoverage="100" isConstructor="false" isStatic="false" isGetter="false" isSetter="true">
              <Summary numSequencePoints="1" visitedSequencePoints="1" numBranchPoints="1" visitedBranchPoints="1" sequenceCoverage="100" branchCoverage="100" maxCyclomaticComplexity="1" minCyclomaticComplexity="1" visitedClasses="0" numClasses="0" visitedMethods="1" numMethods="1" />
              <MetadataToken>100667068</MetadataToken>
              <Name>System.Void IBM.Watson.DeveloperCloud.Services.DocumentConversion.v1.DocumentConversion/ConvertDocumentRequest::set_Data(System.String)</Name>
              <FileRef uid="279" />
              <SequencePoints>
                <SequencePoint vc="3" uspid="7686" ordinal="0" offset="0" sl="121" sc="33" el="121" ec="37" bec="0" bev="0" fileid="279" />
              </SequencePoints>
              <BranchPoints />
              <MethodPoint xsi:type="SequencePoint" vc="3" uspid="7686" ordinal="0" offset="0" sl="121" sc="33" el="121" ec="37" bec="0" bev="0" fileid="279" />
            </Method>
            <Method visited="true" cyclomaticComplexity="1" nPathComplexity="0" sequenceCoverage="100" branchCoverage="100" isConstructor="false" isStatic="false" isGetter="true" isSetter="false">
              <Summary numSequencePoints="1" visitedSequencePoints="1" numBranchPoints="1" visitedBranchPoints="1" sequenceCoverage="100" branchCoverage="100" maxCyclomaticComplexity="1" minCyclomaticComplexity="1" visitedClasses="0" numClasses="0" visitedMethods="1" numMethods="1" />
              <MetadataToken>100667069</MetadataToken>
              <Name>System.String IBM.Watson.DeveloperCloud.Services.DocumentConversion.v1.DocumentConversion/ConvertDocumentRequest::get_ConversionTarget()</Name>
              <FileRef uid="279" />
              <SequencePoints>
                <SequencePoint vc="6" uspid="7687" ordinal="0" offset="0" sl="122" sc="40" el="122" ec="44" bec="0" bev="0" fileid="279" />
              </SequencePoints>
              <BranchPoints />
              <MethodPoint xsi:type="SequencePoint" vc="6" uspid="7687" ordinal="0" offset="0" sl="122" sc="40" el="122" ec="44" bec="0" bev="0" fileid="279" />
            </Method>
            <Method visited="true" cyclomaticComplexity="1" nPathComplexity="0" sequenceCoverage="100" branchCoverage="100" isConstructor="false" isStatic="false" isGetter="false" isSetter="true">
              <Summary numSequencePoints="1" visitedSequencePoints="1" numBranchPoints="1" visitedBranchPoints="1" sequenceCoverage="100" branchCoverage="100" maxCyclomaticComplexity="1" minCyclomaticComplexity="1" visitedClasses="0" numClasses="0" visitedMethods="1" numMethods="1" />
              <MetadataToken>100667070</MetadataToken>
              <Name>System.Void IBM.Watson.DeveloperCloud.Services.DocumentConversion.v1.DocumentConversion/ConvertDocumentRequest::set_ConversionTarget(System.String)</Name>
              <FileRef uid="279" />
              <SequencePoints>
                <SequencePoint vc="3" uspid="7688" ordinal="0" offset="0" sl="122" sc="45" el="122" ec="49" bec="0" bev="0" fileid="279" />
              </SequencePoints>
              <BranchPoints />
              <MethodPoint xsi:type="SequencePoint" vc="3" uspid="7688" ordinal="0" offset="0" sl="122" sc="45" el="122" ec="49" bec="0" bev="0" fileid="279" />
            </Method>
            <Method visited="true" cyclomaticComplexity="1" nPathComplexity="0" sequenceCoverage="100" branchCoverage="100" isConstructor="false" isStatic="false" isGetter="true" isSetter="false">
              <Summary numSequencePoints="1" visitedSequencePoints="1" numBranchPoints="1" visitedBranchPoints="1" sequenceCoverage="100" branchCoverage="100" maxCyclomaticComplexity="1" minCyclomaticComplexity="1" visitedClasses="0" numClasses="0" visitedMethods="1" numMethods="1" />
              <MetadataToken>100667071</MetadataToken>
              <Name>IBM.Watson.DeveloperCloud.Services.DocumentConversion.v1.DocumentConversion/OnConvertDocument IBM.Watson.DeveloperCloud.Services.DocumentConversion.v1.DocumentConversion/ConvertDocumentRequest::get_Callback()</Name>
              <FileRef uid="279" />
              <SequencePoints>
                <SequencePoint vc="6" uspid="7689" ordinal="0" offset="0" sl="123" sc="43" el="123" ec="47" bec="0" bev="0" fileid="279" />
              </SequencePoints>
              <BranchPoints />
              <MethodPoint xsi:type="SequencePoint" vc="6" uspid="7689" ordinal="0" offset="0" sl="123" sc="43" el="123" ec="47" bec="0" bev="0" fileid="279" />
            </Method>
            <Method visited="true" cyclomaticComplexity="1" nPathComplexity="0" sequenceCoverage="100" branchCoverage="100" isConstructor="false" isStatic="false" isGetter="false" isSetter="true">
              <Summary numSequencePoints="1" visitedSequencePoints="1" numBranchPoints="1" visitedBranchPoints="1" sequenceCoverage="100" branchCoverage="100" maxCyclomaticComplexity="1" minCyclomaticComplexity="1" visitedClasses="0" numClasses="0" visitedMethods="1" numMethods="1" />
              <MetadataToken>100667072</MetadataToken>
              <Name>System.Void IBM.Watson.DeveloperCloud.Services.DocumentConversion.v1.DocumentConversion/ConvertDocumentRequest::set_Callback(IBM.Watson.DeveloperCloud.Services.DocumentConversion.v1.DocumentConversion/OnConvertDocument)</Name>
              <FileRef uid="279" />
              <SequencePoints>
                <SequencePoint vc="3" uspid="7690" ordinal="0" offset="0" sl="123" sc="48" el="123" ec="52" bec="0" bev="0" fileid="279" />
              </SequencePoints>
              <BranchPoints />
              <MethodPoint xsi:type="SequencePoint" vc="3" uspid="7690" ordinal="0" offset="0" sl="123" sc="48" el="123" ec="52" bec="0" bev="0" fileid="279" />
            </Method>
            <Method visited="true" cyclomaticComplexity="1" nPathComplexity="0" sequenceCoverage="0" branchCoverage="0" isConstructor="true" isStatic="false" isGetter="false" isSetter="false">
              <Summary numSequencePoints="0" visitedSequencePoints="0" numBranchPoints="0" visitedBranchPoints="0" sequenceCoverage="0" branchCoverage="0" maxCyclomaticComplexity="1" minCyclomaticComplexity="1" visitedClasses="0" numClasses="0" visitedMethods="0" numMethods="0" />
              <MetadataToken>100667073</MetadataToken>
              <Name>System.Void IBM.Watson.DeveloperCloud.Services.DocumentConversion.v1.DocumentConversion/ConvertDocumentRequest::.ctor()</Name>
              <SequencePoints />
              <BranchPoints />
              <MethodPoint vc="3" uspid="7691" ordinal="0" offset="0" />
            </Method>
          </Methods>
        </Class>
        <Class>
          <Summary numSequencePoints="11" visitedSequencePoints="0" numBranchPoints="6" visitedBranchPoints="0" sequenceCoverage="0" branchCoverage="0" maxCyclomaticComplexity="2" minCyclomaticComplexity="2" visitedClasses="0" numClasses="1" visitedMethods="0" numMethods="2" />
          <FullName>IBM.Watson.DeveloperCloud.Services.DocumentConversion.v1.DocumentConversion/CheckServiceStatus</FullName>
          <Methods>
            <Method visited="false" cyclomaticComplexity="2" nPathComplexity="2" sequenceCoverage="0" branchCoverage="0" isConstructor="true" isStatic="false" isGetter="false" isSetter="false">
              <Summary numSequencePoints="8" visitedSequencePoints="0" numBranchPoints="3" visitedBranchPoints="0" sequenceCoverage="0" branchCoverage="0" maxCyclomaticComplexity="2" minCyclomaticComplexity="2" visitedClasses="0" numClasses="0" visitedMethods="0" numMethods="1" />
              <MetadataToken>100667074</MetadataToken>
              <Name>System.Void IBM.Watson.DeveloperCloud.Services.DocumentConversion.v1.DocumentConversion/CheckServiceStatus::.ctor(IBM.Watson.DeveloperCloud.Services.DocumentConversion.v1.DocumentConversion,IBM.Watson.DeveloperCloud.Services.ServiceStatus)</Name>
              <FileRef uid="279" />
              <SequencePoints>
                <SequencePoint vc="0" uspid="7692" ordinal="0" offset="0" sl="189" sc="7" el="189" ec="84" bec="0" bev="0" fileid="279" />
                <SequencePoint vc="0" uspid="7693" ordinal="1" offset="6" sl="191" sc="9" el="191" ec="29" bec="0" bev="0" fileid="279" />
                <SequencePoint vc="0" uspid="7694" ordinal="2" offset="13" sl="192" sc="9" el="192" ec="31" bec="0" bev="0" fileid="279" />
                <SequencePoint vc="0" uspid="7695" ordinal="3" offset="20" sl="193" sc="9" el="193" ec="58" bec="0" bev="0" fileid="279" />
                <SequencePoint vc="0" uspid="7696" ordinal="4" offset="26" sl="194" sc="9" el="194" ec="261" bec="0" bev="0" fileid="279" />
                <SequencePoint vc="0" uspid="7697" ordinal="5" offset="159" sl="195" sc="9" el="195" ec="72" bec="2" bev="0" fileid="279" />
                <SequencePoint vc="0" uspid="7698" ordinal="6" offset="191" sl="196" sc="11" el="196" ec="41" bec="0" bev="0" fileid="279" />
                <SequencePoint vc="0" uspid="7699" ordinal="7" offset="208" sl="197" sc="7" el="197" ec="8" bec="0" bev="0" fileid="279" />
              </SequencePoints>
              <BranchPoints>
                <BranchPoint vc="0" uspid="7700" ordinal="0" offset="189" sl="195" path="0" offsetend="191" fileid="279" />
                <BranchPoint vc="0" uspid="7701" ordinal="1" offset="189" sl="195" path="1" offsetend="208" fileid="279" />
              </BranchPoints>
              <MethodPoint xsi:type="SequencePoint" vc="0" uspid="7692" ordinal="0" offset="0" sl="189" sc="7" el="189" ec="84" bec="0" bev="0" fileid="279" />
            </Method>
            <Method visited="false" cyclomaticComplexity="2" nPathComplexity="2" sequenceCoverage="0" branchCoverage="0" isConstructor="false" isStatic="false" isGetter="false" isSetter="false">
              <Summary numSequencePoints="3" visitedSequencePoints="0" numBranchPoints="3" visitedBranchPoints="0" sequenceCoverage="0" branchCoverage="0" maxCyclomaticComplexity="2" minCyclomaticComplexity="2" visitedClasses="0" numClasses="0" visitedMethods="0" numMethods="1" />
              <MetadataToken>100667075</MetadataToken>
              <Name>System.Void IBM.Watson.DeveloperCloud.Services.DocumentConversion.v1.DocumentConversion/CheckServiceStatus::OnConvertDocument(IBM.Watson.DeveloperCloud.Services.DocumentConversion.v1.ConvertedDocument,System.String)</Name>
              <FileRef uid="279" />
              <SequencePoints>
                <SequencePoint vc="0" uspid="7702" ordinal="0" offset="0" sl="201" sc="9" el="201" ec="32" bec="2" bev="0" fileid="279" />
                <SequencePoint vc="0" uspid="7703" ordinal="1" offset="8" sl="202" sc="11" el="202" ec="66" bec="0" bev="0" fileid="279" />
                <SequencePoint vc="0" uspid="7704" ordinal="2" offset="28" sl="203" sc="7" el="203" ec="8" bec="0" bev="0" fileid="279" />
              </SequencePoints>
              <BranchPoints>
                <BranchPoint vc="0" uspid="7705" ordinal="0" offset="6" sl="201" path="0" offsetend="8" fileid="279" />
                <BranchPoint vc="0" uspid="7706" ordinal="1" offset="6" sl="201" path="1" offsetend="28" fileid="279" />
              </BranchPoints>
              <MethodPoint xsi:type="SequencePoint" vc="0" uspid="7702" ordinal="0" offset="0" sl="201" sc="9" el="201" ec="32" bec="2" bev="0" fileid="279" />
            </Method>
          </Methods>
        </Class>
        <Class>
          <Summary numSequencePoints="68" visitedSequencePoints="48" numBranchPoints="38" visitedBranchPoints="17" sequenceCoverage="70.59" branchCoverage="44.74" maxCyclomaticComplexity="7" minCyclomaticComplexity="1" visitedClasses="1" numClasses="1" visitedMethods="4" numMethods="6" />
          <FullName>IBM.Watson.DeveloperCloud.Services.Conversation.v1.Conversation</FullName>
          <Methods>
            <Method visited="true" cyclomaticComplexity="5" nPathComplexity="16" sequenceCoverage="80.95" branchCoverage="55.56" isConstructor="false" isStatic="false" isGetter="false" isSetter="false">
              <Summary numSequencePoints="21" visitedSequencePoints="17" numBranchPoints="9" visitedBranchPoints="5" sequenceCoverage="80.95" branchCoverage="55.56" maxCyclomaticComplexity="5" minCyclomaticComplexity="5" visitedClasses="0" numClasses="0" visitedMethods="1" numMethods="1" />
              <MetadataToken>100665255</MetadataToken>
              <Name>System.Boolean IBM.Watson.DeveloperCloud.Services.Conversation.v1.Conversation::Message(IBM.Watson.DeveloperCloud.Services.Conversation.v1.Conversation/OnMessage,System.String,System.String,System.String)</Name>
              <FileRef uid="282" />
              <SequencePoints>
                <SequencePoint vc="1" uspid="7707" ordinal="0" offset="0" sl="63" sc="7" el="63" ec="45" bec="2" bev="1" fileid="282" />
                <SequencePoint vc="0" uspid="7708" ordinal="1" offset="8" sl="64" sc="9" el="64" ec="56" bec="0" bev="0" fileid="282" />
                <SequencePoint vc="1" uspid="7709" ordinal="2" offset="19" sl="65" sc="7" el="65" ec="39" bec="2" bev="1" fileid="282" />
                <SequencePoint vc="0" uspid="7710" ordinal="3" offset="27" sl="66" sc="9" el="66" ec="50" bec="0" bev="0" fileid="282" />
                <SequencePoint vc="1" uspid="7711" ordinal="4" offset="38" sl="67" sc="7" el="67" ec="28" bec="2" bev="1" fileid="282" />
                <SequencePoint vc="0" uspid="7712" ordinal="5" offset="41" sl="68" sc="9" el="68" ec="53" bec="0" bev="0" fileid="282" />
                <SequencePoint vc="1" uspid="7713" ordinal="6" offset="52" sl="70" sc="7" el="70" ec="89" bec="0" bev="0" fileid="282" />
                <SequencePoint vc="1" uspid="7714" ordinal="7" offset="69" sl="71" sc="7" el="71" ec="29" bec="2" bev="1" fileid="282" />
                <SequencePoint vc="0" uspid="7715" ordinal="8" offset="72" sl="72" sc="9" el="72" ec="22" bec="0" bev="0" fileid="282" />
                <SequencePoint vc="1" uspid="7716" ordinal="9" offset="74" sl="74" sc="7" el="74" ec="63" bec="0" bev="0" fileid="282" />
                <SequencePoint vc="1" uspid="7717" ordinal="10" offset="79" sl="75" sc="7" el="75" ec="56" bec="0" bev="0" fileid="282" />
                <SequencePoint vc="1" uspid="7718" ordinal="11" offset="86" sl="77" sc="7" el="77" ec="41" bec="0" bev="0" fileid="282" />
                <SequencePoint vc="1" uspid="7719" ordinal="12" offset="92" sl="78" sc="7" el="78" ec="31" bec="0" bev="0" fileid="282" />
                <SequencePoint vc="1" uspid="7720" ordinal="13" offset="99" sl="79" sc="7" el="79" ec="56" bec="0" bev="0" fileid="282" />
                <SequencePoint vc="1" uspid="7721" ordinal="14" offset="120" sl="80" sc="7" el="80" ec="50" bec="0" bev="0" fileid="282" />
                <SequencePoint vc="1" uspid="7722" ordinal="15" offset="141" sl="81" sc="7" el="81" ec="51" bec="0" bev="0" fileid="282" />
                <SequencePoint vc="1" uspid="7723" ordinal="16" offset="162" sl="82" sc="7" el="82" ec="53" bec="0" bev="0" fileid="282" />
                <SequencePoint vc="1" uspid="7724" ordinal="17" offset="184" sl="83" sc="7" el="83" ec="29" bec="0" bev="0" fileid="282" />
                <SequencePoint vc="1" uspid="7725" ordinal="18" offset="192" sl="84" sc="7" el="84" ec="52" bec="0" bev="0" fileid="282" />
                <SequencePoint vc="1" uspid="7726" ordinal="19" offset="209" sl="85" sc="7" el="85" ec="36" bec="0" bev="0" fileid="282" />
                <SequencePoint vc="1" uspid="7727" ordinal="20" offset="227" sl="87" sc="7" el="87" ec="34" bec="0" bev="0" fileid="282" />
              </SequencePoints>
              <BranchPoints>
                <BranchPoint vc="0" uspid="7728" ordinal="0" offset="6" sl="63" path="0" offsetend="8" fileid="282" />
                <BranchPoint vc="1" uspid="7729" ordinal="1" offset="6" sl="63" path="1" offsetend="19" fileid="282" />
                <BranchPoint vc="0" uspid="7730" ordinal="2" offset="25" sl="65" path="0" offsetend="27" fileid="282" />
                <BranchPoint vc="1" uspid="7731" ordinal="3" offset="25" sl="65" path="1" offsetend="38" fileid="282" />
                <BranchPoint vc="0" uspid="7732" ordinal="4" offset="39" sl="67" path="0" offsetend="41" fileid="282" />
                <BranchPoint vc="1" uspid="7733" ordinal="5" offset="39" sl="67" path="1" offsetend="52" fileid="282" />
                <BranchPoint vc="0" uspid="7734" ordinal="6" offset="70" sl="71" path="0" offsetend="72" fileid="282" />
                <BranchPoint vc="1" uspid="7735" ordinal="7" offset="70" sl="71" path="1" offsetend="74" fileid="282" />
              </BranchPoints>
              <MethodPoint xsi:type="SequencePoint" vc="1" uspid="7707" ordinal="0" offset="0" sl="63" sc="7" el="63" ec="45" bec="2" bev="1" fileid="282" />
            </Method>
            <Method visited="true" cyclomaticComplexity="5" nPathComplexity="16" sequenceCoverage="81.82" branchCoverage="55.56" isConstructor="false" isStatic="false" isGetter="false" isSetter="false">
              <Summary numSequencePoints="22" visitedSequencePoints="18" numBranchPoints="9" visitedBranchPoints="5" sequenceCoverage="81.82" branchCoverage="55.56" maxCyclomaticComplexity="5" minCyclomaticComplexity="5" visitedClasses="0" numClasses="0" visitedMethods="1" numMethods="1" />
              <MetadataToken>100665256</MetadataToken>
              <Name>System.Boolean IBM.Watson.DeveloperCloud.Services.Conversation.v1.Conversation::Message(IBM.Watson.DeveloperCloud.Services.Conversation.v1.Conversation/OnMessage,System.String,IBM.Watson.DeveloperCloud.Services.Conversation.v1.MessageRequest,System.String)</Name>
              <FileRef uid="282" />
              <SequencePoints>
                <SequencePoint vc="1" uspid="7736" ordinal="0" offset="0" sl="100" sc="7" el="100" ec="45" bec="2" bev="1" fileid="282" />
                <SequencePoint vc="0" uspid="7737" ordinal="1" offset="8" sl="101" sc="9" el="101" ec="56" bec="0" bev="0" fileid="282" />
                <SequencePoint vc="1" uspid="7738" ordinal="2" offset="19" sl="102" sc="7" el="102" ec="59" bec="2" bev="1" fileid="282" />
                <SequencePoint vc="0" uspid="7739" ordinal="3" offset="37" sl="103" sc="9" el="103" ec="70" bec="0" bev="0" fileid="282" />
                <SequencePoint vc="1" uspid="7740" ordinal="4" offset="48" sl="104" sc="7" el="104" ec="28" bec="2" bev="1" fileid="282" />
                <SequencePoint vc="0" uspid="7741" ordinal="5" offset="51" sl="105" sc="9" el="105" ec="53" bec="0" bev="0" fileid="282" />
                <SequencePoint vc="1" uspid="7742" ordinal="6" offset="62" sl="107" sc="7" el="107" ec="89" bec="0" bev="0" fileid="282" />
                <SequencePoint vc="1" uspid="7743" ordinal="7" offset="79" sl="108" sc="7" el="108" ec="29" bec="2" bev="1" fileid="282" />
                <SequencePoint vc="0" uspid="7744" ordinal="8" offset="82" sl="109" sc="9" el="109" ec="22" bec="0" bev="0" fileid="282" />
                <SequencePoint vc="1" uspid="7745" ordinal="9" offset="84" sl="112" sc="7" el="112" ec="117" bec="0" bev="0" fileid="282" />
                <SequencePoint vc="1" uspid="7746" ordinal="10" offset="113" sl="113" sc="7" el="113" ec="61" bec="0" bev="0" fileid="282" />
                <SequencePoint vc="1" uspid="7747" ordinal="11" offset="121" sl="115" sc="7" el="115" ec="41" bec="0" bev="0" fileid="282" />
                <SequencePoint vc="1" uspid="7748" ordinal="12" offset="127" sl="116" sc="7" el="116" ec="31" bec="0" bev="0" fileid="282" />
                <SequencePoint vc="1" uspid="7749" ordinal="13" offset="134" sl="117" sc="7" el="117" ec="43" bec="0" bev="0" fileid="282" />
                <SequencePoint vc="1" uspid="7750" ordinal="14" offset="141" sl="118" sc="7" el="118" ec="56" bec="0" bev="0" fileid="282" />
                <SequencePoint vc="1" uspid="7751" ordinal="15" offset="162" sl="119" sc="7" el="119" ec="50" bec="0" bev="0" fileid="282" />
                <SequencePoint vc="1" uspid="7752" ordinal="16" offset="183" sl="120" sc="7" el="120" ec="51" bec="0" bev="0" fileid="282" />
                <SequencePoint vc="1" uspid="7753" ordinal="17" offset="204" sl="121" sc="7" el="121" ec="53" bec="0" bev="0" fileid="282" />
                <SequencePoint vc="1" uspid="7754" ordinal="18" offset="226" sl="122" sc="7" el="122" ec="29" bec="0" bev="0" fileid="282" />
                <SequencePoint vc="1" uspid="7755" ordinal="19" offset="234" sl="123" sc="7" el="123" ec="52" bec="0" bev="0" fileid="282" />
                <SequencePoint vc="1" uspid="7756" ordinal="20" offset="251" sl="124" sc="7" el="124" ec="36" bec="0" bev="0" fileid="282" />
                <SequencePoint vc="1" uspid="7757" ordinal="21" offset="269" sl="126" sc="7" el="126" ec="34" bec="0" bev="0" fileid="282" />
              </SequencePoints>
              <BranchPoints>
                <BranchPoint vc="0" uspid="7758" ordinal="0" offset="6" sl="100" path="0" offsetend="8" fileid="282" />
                <BranchPoint vc="1" uspid="7759" ordinal="1" offset="6" sl="100" path="1" offsetend="19" fileid="282" />
                <BranchPoint vc="0" uspid="7760" ordinal="2" offset="35" sl="102" path="0" offsetend="37" fileid="282" />
                <BranchPoint vc="1" uspid="7761" ordinal="3" offset="35" sl="102" path="1" offsetend="48" fileid="282" />
                <BranchPoint vc="0" uspid="7762" ordinal="4" offset="49" sl="104" path="0" offsetend="51" fileid="282" />
                <BranchPoint vc="1" uspid="7763" ordinal="5" offset="49" sl="104" path="1" offsetend="62" fileid="282" />
                <BranchPoint vc="0" uspid="7764" ordinal="6" offset="80" sl="108" path="0" offsetend="82" fileid="282" />
                <BranchPoint vc="1" uspid="7765" ordinal="7" offset="80" sl="108" path="1" offsetend="84" fileid="282" />
              </BranchPoints>
              <MethodPoint xsi:type="SequencePoint" vc="1" uspid="7736" ordinal="0" offset="0" sl="100" sc="7" el="100" ec="45" bec="2" bev="1" fileid="282" />
            </Method>
            <Method visited="true" cyclomaticComplexity="7" nPathComplexity="32" sequenceCoverage="66.67" branchCoverage="54.55" isConstructor="false" isStatic="false" isGetter="false" isSetter="false">
              <Summary numSequencePoints="18" visitedSequencePoints="12" numBranchPoints="11" visitedBranchPoints="6" sequenceCoverage="66.67" branchCoverage="54.55" maxCyclomaticComplexity="7" minCyclomaticComplexity="7" visitedClasses="0" numClasses="0" visitedMethods="1" numMethods="1" />
              <MetadataToken>100665257</MetadataToken>
              <Name>System.Void IBM.Watson.DeveloperCloud.Services.Conversation.v1.Conversation::MessageResp(IBM.Watson.DeveloperCloud.Connection.RESTConnector/Request,IBM.Watson.DeveloperCloud.Connection.RESTConnector/Response)</Name>
              <FileRef uid="282" />
              <SequencePoints>
                <SequencePoint vc="2" uspid="7766" ordinal="0" offset="0" sl="139" sc="7" el="139" ec="56" bec="0" bev="0" fileid="282" />
                <SequencePoint vc="2" uspid="7767" ordinal="1" offset="6" sl="140" sc="7" el="140" ec="24" bec="2" bev="1" fileid="282" />
                <SequencePoint vc="2" uspid="7768" ordinal="2" offset="17" sl="144" sc="11" el="144" ec="30" bec="0" bev="0" fileid="282" />
                <SequencePoint vc="2" uspid="7769" ordinal="3" offset="19" sl="145" sc="11" el="145" ec="89" bec="0" bev="0" fileid="282" />
                <SequencePoint vc="2" uspid="7770" ordinal="4" offset="43" sl="146" sc="11" el="146" ec="28" bec="2" bev="1" fileid="282" />
                <SequencePoint vc="0" uspid="7771" ordinal="5" offset="52" sl="147" sc="13" el="147" ec="60" bec="0" bev="0" fileid="282" />
                <SequencePoint vc="2" uspid="7772" ordinal="6" offset="65" sl="149" sc="11" el="149" ec="33" bec="0" bev="0" fileid="282" />
                <SequencePoint vc="2" uspid="7773" ordinal="7" offset="67" sl="150" sc="11" el="150" ec="74" bec="0" bev="0" fileid="282" />
                <SequencePoint vc="2" uspid="7774" ordinal="8" offset="87" sl="151" sc="11" el="151" ec="28" bec="2" bev="1" fileid="282" />
                <SequencePoint vc="0" uspid="7775" ordinal="9" offset="96" sl="152" sc="13" el="152" ec="60" bec="0" bev="0" fileid="282" />
                <SequencePoint vc="2" uspid="7776" ordinal="10" offset="109" sl="153" sc="9" el="153" ec="10" bec="0" bev="0" fileid="282" />
                <SequencePoint vc="0" uspid="7777" ordinal="11" offset="111" sl="154" sc="9" el="154" ec="28" bec="0" bev="0" fileid="282" />
                <SequencePoint vc="0" uspid="7778" ordinal="12" offset="113" sl="156" sc="11" el="156" ec="81" bec="0" bev="0" fileid="282" />
                <SequencePoint vc="0" uspid="7779" ordinal="13" offset="144" sl="157" sc="11" el="157" ec="32" bec="0" bev="0" fileid="282" />
                <SequencePoint vc="0" uspid="7780" ordinal="14" offset="151" sl="158" sc="9" el="158" ec="10" bec="0" bev="0" fileid="282" />
                <SequencePoint vc="2" uspid="7781" ordinal="15" offset="153" sl="161" sc="7" el="161" ec="46" bec="2" bev="1" fileid="282" />
                <SequencePoint vc="2" uspid="7782" ordinal="16" offset="166" sl="162" sc="9" el="162" ec="92" bec="2" bev="1" fileid="282" />
                <SequencePoint vc="2" uspid="7783" ordinal="17" offset="205" sl="163" sc="5" el="163" ec="6" bec="0" bev="0" fileid="282" />
              </SequencePoints>
              <BranchPoints>
                <BranchPoint vc="2" uspid="7784" ordinal="0" offset="12" sl="140" path="0" offsetend="17" fileid="282" />
                <BranchPoint vc="0" uspid="7785" ordinal="1" offset="12" sl="140" path="1" offsetend="153" fileid="282" />
                <BranchPoint vc="0" uspid="7786" ordinal="2" offset="50" sl="146" path="0" offsetend="52" fileid="282" />
                <BranchPoint vc="2" uspid="7787" ordinal="3" offset="50" sl="146" path="1" offsetend="65" fileid="282" />
                <BranchPoint vc="0" uspid="7788" ordinal="4" offset="94" sl="151" path="0" offsetend="96" fileid="282" />
                <BranchPoint vc="2" uspid="7789" ordinal="5" offset="94" sl="151" path="1" offsetend="109" fileid="282" />
                <BranchPoint vc="2" uspid="7790" ordinal="6" offset="164" sl="161" path="0" offsetend="166" fileid="282" />
                <BranchPoint vc="0" uspid="7791" ordinal="7" offset="164" sl="161" path="1" offsetend="205" fileid="282" />
                <BranchPoint vc="0" uspid="7792" ordinal="8" offset="183" sl="162" path="0" offsetend="185" fileid="282" />
                <BranchPoint vc="2" uspid="7793" ordinal="9" offset="183" sl="162" path="1" offsetend="188" fileid="282" />
              </BranchPoints>
              <MethodPoint xsi:type="SequencePoint" vc="2" uspid="7766" ordinal="0" offset="0" sl="139" sc="7" el="139" ec="56" bec="0" bev="0" fileid="282" />
            </Method>
            <Method visited="false" cyclomaticComplexity="1" nPathComplexity="0" sequenceCoverage="0" branchCoverage="0" isConstructor="false" isStatic="false" isGetter="false" isSetter="false">
              <Summary numSequencePoints="1" visitedSequencePoints="0" numBranchPoints="1" visitedBranchPoints="0" sequenceCoverage="0" branchCoverage="0" maxCyclomaticComplexity="1" minCyclomaticComplexity="1" visitedClasses="0" numClasses="0" visitedMethods="0" numMethods="1" />
              <MetadataToken>100665258</MetadataToken>
              <Name>System.String IBM.Watson.DeveloperCloud.Services.Conversation.v1.Conversation::GetServiceID()</Name>
              <FileRef uid="282" />
              <SequencePoints>
                <SequencePoint vc="0" uspid="7794" ordinal="0" offset="0" sl="179" sc="7" el="179" ec="25" bec="0" bev="0" fileid="282" />
              </SequencePoints>
              <BranchPoints />
              <MethodPoint xsi:type="SequencePoint" vc="0" uspid="7794" ordinal="0" offset="0" sl="179" sc="7" el="179" ec="25" bec="0" bev="0" fileid="282" />
            </Method>
            <Method visited="false" cyclomaticComplexity="4" nPathComplexity="8" sequenceCoverage="0" branchCoverage="0" isConstructor="false" isStatic="false" isGetter="false" isSetter="false">
              <Summary numSequencePoints="5" visitedSequencePoints="0" numBranchPoints="7" visitedBranchPoints="0" sequenceCoverage="0" branchCoverage="0" maxCyclomaticComplexity="4" minCyclomaticComplexity="4" visitedClasses="0" numClasses="0" visitedMethods="0" numMethods="1" />
              <MetadataToken>100665259</MetadataToken>
              <Name>System.Void IBM.Watson.DeveloperCloud.Services.Conversation.v1.Conversation::GetServiceStatus(IBM.Watson.DeveloperCloud.Services.ServiceStatus)</Name>
              <FileRef uid="282" />
              <SequencePoints>
                <SequencePoint vc="0" uspid="7795" ordinal="0" offset="0" sl="185" sc="7" el="185" ec="63" bec="2" bev="0" fileid="282" />
                <SequencePoint vc="0" uspid="7796" ordinal="1" offset="17" sl="186" sc="9" el="186" ec="48" bec="0" bev="0" fileid="282" />
                <SequencePoint vc="0" uspid="7797" ordinal="2" offset="26" sl="189" sc="9" el="189" ec="57" bec="3" bev="0" fileid="282" />
                <SequencePoint vc="0" uspid="7798" ordinal="3" offset="37" sl="191" sc="11" el="191" ec="39" bec="0" bev="0" fileid="282" />
                <SequencePoint vc="0" uspid="7799" ordinal="4" offset="49" sl="194" sc="5" el="194" ec="6" bec="0" bev="0" fileid="282" />
              </SequencePoints>
              <BranchPoints>
                <BranchPoint vc="0" uspid="7800" ordinal="0" offset="15" sl="185" path="0" offsetend="17" fileid="282" />
                <BranchPoint vc="0" uspid="7801" ordinal="1" offset="15" sl="185" path="1" offsetend="26" fileid="282" />
                <BranchPoint vc="0" uspid="7802" ordinal="2" offset="27" sl="189" path="0" offsetend="29" fileid="282" />
                <BranchPoint vc="0" uspid="7803" ordinal="3" offset="27" sl="189" path="1" offsetend="49" fileid="282" />
                <BranchPoint vc="0" uspid="7804" ordinal="4" offset="35" sl="189" path="0" offsetend="37" fileid="282" />
                <BranchPoint vc="0" uspid="7805" ordinal="5" offset="35" sl="189" path="1" offsetend="49" fileid="282" />
              </BranchPoints>
              <MethodPoint xsi:type="SequencePoint" vc="0" uspid="7795" ordinal="0" offset="0" sl="185" sc="7" el="185" ec="63" bec="2" bev="0" fileid="282" />
            </Method>
            <Method visited="true" cyclomaticComplexity="1" nPathComplexity="0" sequenceCoverage="0" branchCoverage="0" isConstructor="true" isStatic="false" isGetter="false" isSetter="false">
              <Summary numSequencePoints="0" visitedSequencePoints="0" numBranchPoints="0" visitedBranchPoints="0" sequenceCoverage="0" branchCoverage="0" maxCyclomaticComplexity="1" minCyclomaticComplexity="1" visitedClasses="0" numClasses="0" visitedMethods="0" numMethods="0" />
              <MetadataToken>100665260</MetadataToken>
              <Name>System.Void IBM.Watson.DeveloperCloud.Services.Conversation.v1.Conversation::.ctor()</Name>
              <SequencePoints />
              <BranchPoints />
              <MethodPoint vc="1" uspid="7806" ordinal="0" offset="0" />
            </Method>
            <Method visited="true" cyclomaticComplexity="1" nPathComplexity="0" sequenceCoverage="100" branchCoverage="100" isConstructor="true" isStatic="true" isGetter="false" isSetter="false">
              <Summary numSequencePoints="1" visitedSequencePoints="1" numBranchPoints="1" visitedBranchPoints="1" sequenceCoverage="100" branchCoverage="100" maxCyclomaticComplexity="1" minCyclomaticComplexity="1" visitedClasses="0" numClasses="0" visitedMethods="1" numMethods="1" />
              <MetadataToken>100665261</MetadataToken>
              <Name>System.Void IBM.Watson.DeveloperCloud.Services.Conversation.v1.Conversation::.cctor()</Name>
              <FileRef uid="282" />
              <SequencePoints>
                <SequencePoint vc="1" uspid="7807" ordinal="0" offset="0" sl="44" sc="5" el="44" ec="68" bec="0" bev="0" fileid="282" />
              </SequencePoints>
              <BranchPoints />
              <MethodPoint xsi:type="SequencePoint" vc="1" uspid="7807" ordinal="0" offset="0" sl="44" sc="5" el="44" ec="68" bec="0" bev="0" fileid="282" />
            </Method>
          </Methods>
        </Class>
        <Class>
          <Summary numSequencePoints="0" visitedSequencePoints="0" numBranchPoints="0" visitedBranchPoints="0" sequenceCoverage="0" branchCoverage="0" maxCyclomaticComplexity="0" minCyclomaticComplexity="0" visitedClasses="0" numClasses="0" visitedMethods="0" numMethods="0" />
          <FullName>IBM.Watson.DeveloperCloud.Services.Conversation.v1.Conversation/OnMessage</FullName>
          <Methods>
            <Method skippedDueTo="Unknown" visited="false" cyclomaticComplexity="0" nPathComplexity="0" sequenceCoverage="0" branchCoverage="0" isConstructor="true" isStatic="false" isGetter="false" isSetter="false">
              <MetadataToken>100667076</MetadataToken>
              <Name>System.Void IBM.Watson.DeveloperCloud.Services.Conversation.v1.Conversation/OnMessage::.ctor(System.Object,System.IntPtr)</Name>
              <SequencePoints />
              <BranchPoints />
            </Method>
            <Method skippedDueTo="Unknown" visited="false" cyclomaticComplexity="0" nPathComplexity="0" sequenceCoverage="0" branchCoverage="0" isConstructor="false" isStatic="false" isGetter="false" isSetter="false">
              <MetadataToken>100667077</MetadataToken>
              <Name>System.Void IBM.Watson.DeveloperCloud.Services.Conversation.v1.Conversation/OnMessage::Invoke(IBM.Watson.DeveloperCloud.Services.Conversation.v1.MessageResponse,System.String)</Name>
              <SequencePoints />
              <BranchPoints />
            </Method>
            <Method skippedDueTo="Unknown" visited="false" cyclomaticComplexity="0" nPathComplexity="0" sequenceCoverage="0" branchCoverage="0" isConstructor="false" isStatic="false" isGetter="false" isSetter="false">
              <MetadataToken>100667078</MetadataToken>
              <Name>System.IAsyncResult IBM.Watson.DeveloperCloud.Services.Conversation.v1.Conversation/OnMessage::BeginInvoke(IBM.Watson.DeveloperCloud.Services.Conversation.v1.MessageResponse,System.String,System.AsyncCallback,System.Object)</Name>
              <SequencePoints />
              <BranchPoints />
            </Method>
            <Method skippedDueTo="Unknown" visited="false" cyclomaticComplexity="0" nPathComplexity="0" sequenceCoverage="0" branchCoverage="0" isConstructor="false" isStatic="false" isGetter="false" isSetter="false">
              <MetadataToken>100667079</MetadataToken>
              <Name>System.Void IBM.Watson.DeveloperCloud.Services.Conversation.v1.Conversation/OnMessage::EndInvoke(System.IAsyncResult)</Name>
              <SequencePoints />
              <BranchPoints />
            </Method>
          </Methods>
        </Class>
        <Class>
          <Summary numSequencePoints="6" visitedSequencePoints="5" numBranchPoints="6" visitedBranchPoints="5" sequenceCoverage="83.33" branchCoverage="83.33" maxCyclomaticComplexity="1" minCyclomaticComplexity="1" visitedClasses="1" numClasses="1" visitedMethods="5" numMethods="6" />
          <FullName>IBM.Watson.DeveloperCloud.Services.Conversation.v1.Conversation/MessageReq</FullName>
          <Methods>
            <Method visited="true" cyclomaticComplexity="1" nPathComplexity="0" sequenceCoverage="100" branchCoverage="100" isConstructor="false" isStatic="false" isGetter="true" isSetter="false">
              <Summary numSequencePoints="1" visitedSequencePoints="1" numBranchPoints="1" visitedBranchPoints="1" sequenceCoverage="100" branchCoverage="100" maxCyclomaticComplexity="1" minCyclomaticComplexity="1" visitedClasses="0" numClasses="0" visitedMethods="1" numMethods="1" />
              <MetadataToken>100667080</MetadataToken>
              <Name>IBM.Watson.DeveloperCloud.Services.Conversation.v1.Conversation/OnMessage IBM.Watson.DeveloperCloud.Services.Conversation.v1.Conversation/MessageReq::get_Callback()</Name>
              <FileRef uid="282" />
              <SequencePoints>
                <SequencePoint vc="4" uspid="7808" ordinal="0" offset="0" sl="132" sc="35" el="132" ec="39" bec="0" bev="0" fileid="282" />
              </SequencePoints>
              <BranchPoints />
              <MethodPoint xsi:type="SequencePoint" vc="4" uspid="7808" ordinal="0" offset="0" sl="132" sc="35" el="132" ec="39" bec="0" bev="0" fileid="282" />
            </Method>
            <Method visited="true" cyclomaticComplexity="1" nPathComplexity="0" sequenceCoverage="100" branchCoverage="100" isConstructor="false" isStatic="false" isGetter="false" isSetter="true">
              <Summary numSequencePoints="1" visitedSequencePoints="1" numBranchPoints="1" visitedBranchPoints="1" sequenceCoverage="100" branchCoverage="100" maxCyclomaticComplexity="1" minCyclomaticComplexity="1" visitedClasses="0" numClasses="0" visitedMethods="1" numMethods="1" />
              <MetadataToken>100667081</MetadataToken>
              <Name>System.Void IBM.Watson.DeveloperCloud.Services.Conversation.v1.Conversation/MessageReq::set_Callback(IBM.Watson.DeveloperCloud.Services.Conversation.v1.Conversation/OnMessage)</Name>
              <FileRef uid="282" />
              <SequencePoints>
                <SequencePoint vc="2" uspid="7809" ordinal="0" offset="0" sl="132" sc="40" el="132" ec="44" bec="0" bev="0" fileid="282" />
              </SequencePoints>
              <BranchPoints />
              <MethodPoint xsi:type="SequencePoint" vc="2" uspid="7809" ordinal="0" offset="0" sl="132" sc="40" el="132" ec="44" bec="0" bev="0" fileid="282" />
            </Method>
            <Method visited="false" cyclomaticComplexity="1" nPathComplexity="0" sequenceCoverage="0" branchCoverage="0" isConstructor="false" isStatic="false" isGetter="true" isSetter="false">
              <Summary numSequencePoints="1" visitedSequencePoints="0" numBranchPoints="1" visitedBranchPoints="0" sequenceCoverage="0" branchCoverage="0" maxCyclomaticComplexity="1" minCyclomaticComplexity="1" visitedClasses="0" numClasses="0" visitedMethods="0" numMethods="1" />
              <MetadataToken>100667082</MetadataToken>
              <Name>IBM.Watson.DeveloperCloud.Services.Conversation.v1.MessageRequest IBM.Watson.DeveloperCloud.Services.Conversation.v1.Conversation/MessageReq::get_MessageRequest()</Name>
              <FileRef uid="282" />
              <SequencePoints>
                <SequencePoint vc="0" uspid="7810" ordinal="0" offset="0" sl="133" sc="46" el="133" ec="50" bec="0" bev="0" fileid="282" />
              </SequencePoints>
              <BranchPoints />
              <MethodPoint xsi:type="SequencePoint" vc="0" uspid="7810" ordinal="0" offset="0" sl="133" sc="46" el="133" ec="50" bec="0" bev="0" fileid="282" />
            </Method>
            <Method visited="true" cyclomaticComplexity="1" nPathComplexity="0" sequenceCoverage="100" branchCoverage="100" isConstructor="false" isStatic="false" isGetter="false" isSetter="true">
              <Summary numSequencePoints="1" visitedSequencePoints="1" numBranchPoints="1" visitedBranchPoints="1" sequenceCoverage="100" branchCoverage="100" maxCyclomaticComplexity="1" minCyclomaticComplexity="1" visitedClasses="0" numClasses="0" visitedMethods="1" numMethods="1" />
              <MetadataToken>100667083</MetadataToken>
              <Name>System.Void IBM.Watson.DeveloperCloud.Services.Conversation.v1.Conversation/MessageReq::set_MessageRequest(IBM.Watson.DeveloperCloud.Services.Conversation.v1.MessageRequest)</Name>
              <FileRef uid="282" />
              <SequencePoints>
                <SequencePoint vc="1" uspid="7811" ordinal="0" offset="0" sl="133" sc="51" el="133" ec="55" bec="0" bev="0" fileid="282" />
              </SequencePoints>
              <BranchPoints />
              <MethodPoint xsi:type="SequencePoint" vc="1" uspid="7811" ordinal="0" offset="0" sl="133" sc="51" el="133" ec="55" bec="0" bev="0" fileid="282" />
            </Method>
            <Method visited="true" cyclomaticComplexity="1" nPathComplexity="0" sequenceCoverage="100" branchCoverage="100" isConstructor="false" isStatic="false" isGetter="true" isSetter="false">
              <Summary numSequencePoints="1" visitedSequencePoints="1" numBranchPoints="1" visitedBranchPoints="1" sequenceCoverage="100" branchCoverage="100" maxCyclomaticComplexity="1" minCyclomaticComplexity="1" visitedClasses="0" numClasses="0" visitedMethods="1" numMethods="1" />
              <MetadataToken>100667084</MetadataToken>
              <Name>System.String IBM.Watson.DeveloperCloud.Services.Conversation.v1.Conversation/MessageReq::get_Data()</Name>
              <FileRef uid="282" />
              <SequencePoints>
                <SequencePoint vc="2" uspid="7812" ordinal="0" offset="0" sl="134" sc="28" el="134" ec="32" bec="0" bev="0" fileid="282" />
              </SequencePoints>
              <BranchPoints />
              <MethodPoint xsi:type="SequencePoint" vc="2" uspid="7812" ordinal="0" offset="0" sl="134" sc="28" el="134" ec="32" bec="0" bev="0" fileid="282" />
            </Method>
            <Method visited="true" cyclomaticComplexity="1" nPathComplexity="0" sequenceCoverage="100" branchCoverage="100" isConstructor="false" isStatic="false" isGetter="false" isSetter="true">
              <Summary numSequencePoints="1" visitedSequencePoints="1" numBranchPoints="1" visitedBranchPoints="1" sequenceCoverage="100" branchCoverage="100" maxCyclomaticComplexity="1" minCyclomaticComplexity="1" visitedClasses="0" numClasses="0" visitedMethods="1" numMethods="1" />
              <MetadataToken>100667085</MetadataToken>
              <Name>System.Void IBM.Watson.DeveloperCloud.Services.Conversation.v1.Conversation/MessageReq::set_Data(System.String)</Name>
              <FileRef uid="282" />
              <SequencePoints>
                <SequencePoint vc="2" uspid="7813" ordinal="0" offset="0" sl="134" sc="33" el="134" ec="37" bec="0" bev="0" fileid="282" />
              </SequencePoints>
              <BranchPoints />
              <MethodPoint xsi:type="SequencePoint" vc="2" uspid="7813" ordinal="0" offset="0" sl="134" sc="33" el="134" ec="37" bec="0" bev="0" fileid="282" />
            </Method>
            <Method visited="true" cyclomaticComplexity="1" nPathComplexity="0" sequenceCoverage="0" branchCoverage="0" isConstructor="true" isStatic="false" isGetter="false" isSetter="false">
              <Summary numSequencePoints="0" visitedSequencePoints="0" numBranchPoints="0" visitedBranchPoints="0" sequenceCoverage="0" branchCoverage="0" maxCyclomaticComplexity="1" minCyclomaticComplexity="1" visitedClasses="0" numClasses="0" visitedMethods="0" numMethods="0" />
              <MetadataToken>100667086</MetadataToken>
              <Name>System.Void IBM.Watson.DeveloperCloud.Services.Conversation.v1.Conversation/MessageReq::.ctor()</Name>
              <SequencePoints />
              <BranchPoints />
              <MethodPoint vc="2" uspid="7814" ordinal="0" offset="0" />
            </Method>
          </Methods>
        </Class>
        <Class>
          <Summary numSequencePoints="23" visitedSequencePoints="0" numBranchPoints="17" visitedBranchPoints="0" sequenceCoverage="0" branchCoverage="0" maxCyclomaticComplexity="6" minCyclomaticComplexity="1" visitedClasses="0" numClasses="1" visitedMethods="0" numMethods="3" />
          <FullName>IBM.Watson.DeveloperCloud.Services.Conversation.v1.Conversation/CheckServiceStatus</FullName>
          <Methods>
            <Method visited="false" cyclomaticComplexity="3" nPathComplexity="4" sequenceCoverage="0" branchCoverage="0" isConstructor="true" isStatic="false" isGetter="false" isSetter="false">
              <Summary numSequencePoints="11" visitedSequencePoints="0" numBranchPoints="5" visitedBranchPoints="0" sequenceCoverage="0" branchCoverage="0" maxCyclomaticComplexity="3" minCyclomaticComplexity="3" visitedClasses="0" numClasses="0" visitedMethods="0" numMethods="1" />
              <MetadataToken>100667087</MetadataToken>
              <Name>System.Void IBM.Watson.DeveloperCloud.Services.Conversation.v1.Conversation/CheckServiceStatus::.ctor(IBM.Watson.DeveloperCloud.Services.Conversation.v1.Conversation,IBM.Watson.DeveloperCloud.Services.ServiceStatus)</Name>
              <FileRef uid="282" />
              <SequencePoints>
                <SequencePoint vc="0" uspid="7815" ordinal="0" offset="0" sl="202" sc="7" el="202" ec="78" bec="0" bev="0" fileid="282" />
                <SequencePoint vc="0" uspid="7816" ordinal="1" offset="6" sl="204" sc="9" el="204" ec="29" bec="0" bev="0" fileid="282" />
                <SequencePoint vc="0" uspid="7817" ordinal="2" offset="13" sl="205" sc="9" el="205" ec="31" bec="0" bev="0" fileid="282" />
                <SequencePoint vc="0" uspid="7818" ordinal="3" offset="20" sl="207" sc="9" el="207" ec="87" bec="0" bev="0" fileid="282" />
                <SequencePoint vc="0" uspid="7819" ordinal="4" offset="36" sl="210" sc="9" el="210" ec="52" bec="2" bev="0" fileid="282" />
                <SequencePoint vc="0" uspid="7820" ordinal="5" offset="44" sl="213" sc="11" el="213" ec="78" bec="2" bev="0" fileid="282" />
                <SequencePoint vc="0" uspid="7821" ordinal="6" offset="80" sl="214" sc="13" el="214" ec="55" bec="0" bev="0" fileid="282" />
                <SequencePoint vc="0" uspid="7822" ordinal="7" offset="92" sl="216" sc="13" el="216" ec="38" bec="0" bev="0" fileid="282" />
                <SequencePoint vc="0" uspid="7823" ordinal="8" offset="106" sl="217" sc="9" el="217" ec="10" bec="0" bev="0" fileid="282" />
                <SequencePoint vc="0" uspid="7824" ordinal="9" offset="107" sl="220" sc="11" el="220" ec="98" bec="0" bev="0" fileid="282" />
                <SequencePoint vc="0" uspid="7825" ordinal="10" offset="118" sl="222" sc="7" el="222" ec="8" bec="0" bev="0" fileid="282" />
              </SequencePoints>
              <BranchPoints>
                <BranchPoint vc="0" uspid="7826" ordinal="0" offset="42" sl="210" path="0" offsetend="44" fileid="282" />
                <BranchPoint vc="0" uspid="7827" ordinal="1" offset="42" sl="210" path="1" offsetend="107" fileid="282" />
                <BranchPoint vc="0" uspid="7828" ordinal="2" offset="78" sl="213" path="0" offsetend="80" fileid="282" />
                <BranchPoint vc="0" uspid="7829" ordinal="3" offset="78" sl="213" path="1" offsetend="92" fileid="282" />
              </BranchPoints>
              <MethodPoint xsi:type="SequencePoint" vc="0" uspid="7815" ordinal="0" offset="0" sl="202" sc="7" el="202" ec="78" bec="0" bev="0" fileid="282" />
            </Method>
            <Method visited="false" cyclomaticComplexity="6" nPathComplexity="32" sequenceCoverage="0" branchCoverage="0" isConstructor="false" isStatic="false" isGetter="false" isSetter="false">
              <Summary numSequencePoints="8" visitedSequencePoints="0" numBranchPoints="11" visitedBranchPoints="0" sequenceCoverage="0" branchCoverage="0" maxCyclomaticComplexity="6" minCyclomaticComplexity="6" visitedClasses="0" numClasses="0" visitedMethods="0" numMethods="1" />
              <MetadataToken>100667088</MetadataToken>
              <Name>System.Void IBM.Watson.DeveloperCloud.Services.Conversation.v1.Conversation/CheckServiceStatus::OnMessage(IBM.Watson.DeveloperCloud.Services.Conversation.v1.MessageResponse,System.String)</Name>
              <FileRef uid="282" />
              <SequencePoints>
                <SequencePoint vc="0" uspid="7830" ordinal="0" offset="0" sl="226" sc="9" el="226" ec="37" bec="2" bev="0" fileid="282" />
                <SequencePoint vc="0" uspid="7831" ordinal="1" offset="9" sl="228" sc="11" el="228" ec="36" bec="0" bev="0" fileid="282" />
                <SequencePoint vc="0" uspid="7832" ordinal="2" offset="23" sl="229" sc="11" el="229" ec="28" bec="2" bev="0" fileid="282" />
                <SequencePoint vc="0" uspid="7833" ordinal="3" offset="26" sl="231" sc="13" el="231" ec="93" bec="4" bev="0" fileid="282" />
                <SequencePoint vc="0" uspid="7834" ordinal="4" offset="55" sl="232" sc="15" el="232" ec="44" bec="0" bev="0" fileid="282" />
                <SequencePoint vc="0" uspid="7835" ordinal="5" offset="72" sl="233" sc="11" el="233" ec="12" bec="0" bev="0" fileid="282" />
                <SequencePoint vc="0" uspid="7836" ordinal="6" offset="73" sl="235" sc="13" el="235" ec="52" bec="0" bev="0" fileid="282" />
                <SequencePoint vc="0" uspid="7837" ordinal="7" offset="84" sl="237" sc="7" el="237" ec="8" bec="0" bev="0" fileid="282" />
              </SequencePoints>
              <BranchPoints>
                <BranchPoint vc="0" uspid="7838" ordinal="0" offset="7" sl="226" path="0" offsetend="9" fileid="282" />
                <BranchPoint vc="0" uspid="7839" ordinal="1" offset="7" sl="226" path="1" offsetend="84" fileid="282" />
                <BranchPoint vc="0" uspid="7840" ordinal="2" offset="24" sl="229" path="0" offsetend="26" fileid="282" />
                <BranchPoint vc="0" uspid="7841" ordinal="3" offset="24" sl="229" path="1" offsetend="73" fileid="282" />
                <BranchPoint vc="0" uspid="7842" ordinal="4" offset="32" sl="231" path="0" offsetend="34" fileid="282" />
                <BranchPoint vc="0" uspid="7843" ordinal="5" offset="32" sl="231" path="1" offsetend="84" fileid="282" />
                <BranchPoint vc="0" uspid="7844" ordinal="6" offset="40" sl="231" path="0" offsetend="42" fileid="282" />
                <BranchPoint vc="0" uspid="7845" ordinal="7" offset="40" sl="231" path="1" offsetend="84" fileid="282" />
                <BranchPoint vc="0" uspid="7846" ordinal="8" offset="53" sl="231" path="0" offsetend="55" fileid="282" />
                <BranchPoint vc="0" uspid="7847" ordinal="9" offset="53" sl="231" path="1" offsetend="84" fileid="282" />
              </BranchPoints>
              <MethodPoint xsi:type="SequencePoint" vc="0" uspid="7830" ordinal="0" offset="0" sl="226" sc="9" el="226" ec="37" bec="2" bev="0" fileid="282" />
            </Method>
            <Method visited="false" cyclomaticComplexity="1" nPathComplexity="0" sequenceCoverage="0" branchCoverage="0" isConstructor="false" isStatic="false" isGetter="false" isSetter="false">
              <Summary numSequencePoints="4" visitedSequencePoints="0" numBranchPoints="1" visitedBranchPoints="0" sequenceCoverage="0" branchCoverage="0" maxCyclomaticComplexity="1" minCyclomaticComplexity="1" visitedClasses="0" numClasses="0" visitedMethods="0" numMethods="1" />
              <MetadataToken>100667089</MetadataToken>
              <Name>System.Void IBM.Watson.DeveloperCloud.Services.Conversation.v1.Conversation/CheckServiceStatus::OnFailure(System.String)</Name>
              <FileRef uid="282" />
              <SequencePoints>
                <SequencePoint vc="0" uspid="7848" ordinal="0" offset="0" sl="241" sc="9" el="241" ec="34" bec="0" bev="0" fileid="282" />
                <SequencePoint vc="0" uspid="7849" ordinal="1" offset="17" sl="242" sc="9" el="242" ec="39" bec="0" bev="0" fileid="282" />
                <SequencePoint vc="0" uspid="7850" ordinal="2" offset="34" sl="243" sc="9" el="243" ec="33" bec="0" bev="0" fileid="282" />
                <SequencePoint vc="0" uspid="7851" ordinal="3" offset="41" sl="244" sc="7" el="244" ec="8" bec="0" bev="0" fileid="282" />
              </SequencePoints>
              <BranchPoints />
              <MethodPoint xsi:type="SequencePoint" vc="0" uspid="7848" ordinal="0" offset="0" sl="241" sc="9" el="241" ec="34" bec="0" bev="0" fileid="282" />
            </Method>
          </Methods>
        </Class>
        <Class>
          <Summary numSequencePoints="0" visitedSequencePoints="0" numBranchPoints="0" visitedBranchPoints="0" sequenceCoverage="0" branchCoverage="0" maxCyclomaticComplexity="1" minCyclomaticComplexity="1" visitedClasses="0" numClasses="0" visitedMethods="0" numMethods="0" />
          <FullName>IBM.Watson.DeveloperCloud.Services.Conversation.v1.MessageResponse</FullName>
          <Methods>
            <Method visited="true" cyclomaticComplexity="1" nPathComplexity="0" sequenceCoverage="0" branchCoverage="0" isConstructor="true" isStatic="false" isGetter="false" isSetter="false">
              <Summary numSequencePoints="0" visitedSequencePoints="0" numBranchPoints="0" visitedBranchPoints="0" sequenceCoverage="0" branchCoverage="0" maxCyclomaticComplexity="1" minCyclomaticComplexity="1" visitedClasses="0" numClasses="0" visitedMethods="0" numMethods="0" />
              <MetadataToken>100665272</MetadataToken>
              <Name>System.Void IBM.Watson.DeveloperCloud.Services.Conversation.v1.MessageResponse::.ctor()</Name>
              <SequencePoints />
              <BranchPoints />
              <MethodPoint vc="2" uspid="7852" ordinal="0" offset="0" />
            </Method>
          </Methods>
        </Class>
        <Class>
          <Summary numSequencePoints="0" visitedSequencePoints="0" numBranchPoints="0" visitedBranchPoints="0" sequenceCoverage="0" branchCoverage="0" maxCyclomaticComplexity="1" minCyclomaticComplexity="1" visitedClasses="0" numClasses="0" visitedMethods="0" numMethods="0" />
          <FullName>IBM.Watson.DeveloperCloud.Services.Conversation.v1.EntityResponse</FullName>
          <Methods>
            <Method visited="false" cyclomaticComplexity="1" nPathComplexity="0" sequenceCoverage="0" branchCoverage="0" isConstructor="true" isStatic="false" isGetter="false" isSetter="false">
              <Summary numSequencePoints="0" visitedSequencePoints="0" numBranchPoints="0" visitedBranchPoints="0" sequenceCoverage="0" branchCoverage="0" maxCyclomaticComplexity="1" minCyclomaticComplexity="1" visitedClasses="0" numClasses="0" visitedMethods="0" numMethods="0" />
              <MetadataToken>100665279</MetadataToken>
              <Name>System.Void IBM.Watson.DeveloperCloud.Services.Conversation.v1.EntityResponse::.ctor()</Name>
              <SequencePoints />
              <BranchPoints />
              <MethodPoint vc="0" uspid="7853" ordinal="0" offset="0" />
            </Method>
          </Methods>
        </Class>
        <Class>
          <Summary numSequencePoints="0" visitedSequencePoints="0" numBranchPoints="0" visitedBranchPoints="0" sequenceCoverage="0" branchCoverage="0" maxCyclomaticComplexity="1" minCyclomaticComplexity="1" visitedClasses="0" numClasses="0" visitedMethods="0" numMethods="0" />
          <FullName>IBM.Watson.DeveloperCloud.Services.Conversation.v1.Intent</FullName>
          <Methods>
            <Method visited="true" cyclomaticComplexity="1" nPathComplexity="0" sequenceCoverage="0" branchCoverage="0" isConstructor="true" isStatic="false" isGetter="false" isSetter="false">
              <Summary numSequencePoints="0" visitedSequencePoints="0" numBranchPoints="0" visitedBranchPoints="0" sequenceCoverage="0" branchCoverage="0" maxCyclomaticComplexity="1" minCyclomaticComplexity="1" visitedClasses="0" numClasses="0" visitedMethods="0" numMethods="0" />
              <MetadataToken>100665284</MetadataToken>
              <Name>System.Void IBM.Watson.DeveloperCloud.Services.Conversation.v1.Intent::.ctor()</Name>
              <SequencePoints />
              <BranchPoints />
              <MethodPoint vc="2" uspid="7854" ordinal="0" offset="0" />
            </Method>
          </Methods>
        </Class>
        <Class>
          <Summary numSequencePoints="0" visitedSequencePoints="0" numBranchPoints="0" visitedBranchPoints="0" sequenceCoverage="0" branchCoverage="0" maxCyclomaticComplexity="1" minCyclomaticComplexity="1" visitedClasses="0" numClasses="0" visitedMethods="0" numMethods="0" />
          <FullName>IBM.Watson.DeveloperCloud.Services.Conversation.v1.OutputData</FullName>
          <Methods>
            <Method visited="true" cyclomaticComplexity="1" nPathComplexity="0" sequenceCoverage="0" branchCoverage="0" isConstructor="true" isStatic="false" isGetter="false" isSetter="false">
              <Summary numSequencePoints="0" visitedSequencePoints="0" numBranchPoints="0" visitedBranchPoints="0" sequenceCoverage="0" branchCoverage="0" maxCyclomaticComplexity="1" minCyclomaticComplexity="1" visitedClasses="0" numClasses="0" visitedMethods="0" numMethods="0" />
              <MetadataToken>100665291</MetadataToken>
              <Name>System.Void IBM.Watson.DeveloperCloud.Services.Conversation.v1.OutputData::.ctor()</Name>
              <SequencePoints />
              <BranchPoints />
              <MethodPoint vc="2" uspid="7855" ordinal="0" offset="0" />
            </Method>
          </Methods>
        </Class>
        <Class>
          <Summary numSequencePoints="0" visitedSequencePoints="0" numBranchPoints="0" visitedBranchPoints="0" sequenceCoverage="0" branchCoverage="0" maxCyclomaticComplexity="1" minCyclomaticComplexity="1" visitedClasses="0" numClasses="0" visitedMethods="0" numMethods="0" />
          <FullName>IBM.Watson.DeveloperCloud.Services.Conversation.v1.LogMessageResponse</FullName>
          <Methods>
            <Method visited="false" cyclomaticComplexity="1" nPathComplexity="0" sequenceCoverage="0" branchCoverage="0" isConstructor="true" isStatic="false" isGetter="false" isSetter="false">
              <Summary numSequencePoints="0" visitedSequencePoints="0" numBranchPoints="0" visitedBranchPoints="0" sequenceCoverage="0" branchCoverage="0" maxCyclomaticComplexity="1" minCyclomaticComplexity="1" visitedClasses="0" numClasses="0" visitedMethods="0" numMethods="0" />
              <MetadataToken>100665296</MetadataToken>
              <Name>System.Void IBM.Watson.DeveloperCloud.Services.Conversation.v1.LogMessageResponse::.ctor()</Name>
              <SequencePoints />
              <BranchPoints />
              <MethodPoint vc="0" uspid="7856" ordinal="0" offset="0" />
            </Method>
          </Methods>
        </Class>
        <Class>
          <Summary numSequencePoints="0" visitedSequencePoints="0" numBranchPoints="0" visitedBranchPoints="0" sequenceCoverage="0" branchCoverage="0" maxCyclomaticComplexity="1" minCyclomaticComplexity="1" visitedClasses="0" numClasses="0" visitedMethods="0" numMethods="0" />
          <FullName>IBM.Watson.DeveloperCloud.Services.Conversation.v1.MessageRequest</FullName>
          <Methods>
            <Method visited="true" cyclomaticComplexity="1" nPathComplexity="0" sequenceCoverage="0" branchCoverage="0" isConstructor="true" isStatic="false" isGetter="false" isSetter="false">
              <Summary numSequencePoints="0" visitedSequencePoints="0" numBranchPoints="0" visitedBranchPoints="0" sequenceCoverage="0" branchCoverage="0" maxCyclomaticComplexity="1" minCyclomaticComplexity="1" visitedClasses="0" numClasses="0" visitedMethods="0" numMethods="0" />
              <MetadataToken>100665311</MetadataToken>
              <Name>System.Void IBM.Watson.DeveloperCloud.Services.Conversation.v1.MessageRequest::.ctor()</Name>
              <SequencePoints />
              <BranchPoints />
              <MethodPoint vc="1" uspid="7857" ordinal="0" offset="0" />
            </Method>
          </Methods>
        </Class>
        <Class>
          <Summary numSequencePoints="0" visitedSequencePoints="0" numBranchPoints="0" visitedBranchPoints="0" sequenceCoverage="0" branchCoverage="0" maxCyclomaticComplexity="1" minCyclomaticComplexity="1" visitedClasses="0" numClasses="0" visitedMethods="0" numMethods="0" />
          <FullName>IBM.Watson.DeveloperCloud.Services.Conversation.v1.InputData</FullName>
          <Methods>
            <Method visited="true" cyclomaticComplexity="1" nPathComplexity="0" sequenceCoverage="0" branchCoverage="0" isConstructor="true" isStatic="false" isGetter="false" isSetter="false">
              <Summary numSequencePoints="0" visitedSequencePoints="0" numBranchPoints="0" visitedBranchPoints="0" sequenceCoverage="0" branchCoverage="0" maxCyclomaticComplexity="1" minCyclomaticComplexity="1" visitedClasses="0" numClasses="0" visitedMethods="0" numMethods="0" />
              <MetadataToken>100665314</MetadataToken>
              <Name>System.Void IBM.Watson.DeveloperCloud.Services.Conversation.v1.InputData::.ctor()</Name>
              <SequencePoints />
              <BranchPoints />
              <MethodPoint vc="3" uspid="7858" ordinal="0" offset="0" />
            </Method>
          </Methods>
        </Class>
        <Class>
          <Summary numSequencePoints="0" visitedSequencePoints="0" numBranchPoints="0" visitedBranchPoints="0" sequenceCoverage="0" branchCoverage="0" maxCyclomaticComplexity="1" minCyclomaticComplexity="1" visitedClasses="0" numClasses="0" visitedMethods="0" numMethods="0" />
          <FullName>IBM.Watson.DeveloperCloud.Services.Conversation.v1.Context</FullName>
          <Methods>
            <Method visited="true" cyclomaticComplexity="1" nPathComplexity="0" sequenceCoverage="0" branchCoverage="0" isConstructor="true" isStatic="false" isGetter="false" isSetter="false">
              <Summary numSequencePoints="0" visitedSequencePoints="0" numBranchPoints="0" visitedBranchPoints="0" sequenceCoverage="0" branchCoverage="0" maxCyclomaticComplexity="1" minCyclomaticComplexity="1" visitedClasses="0" numClasses="0" visitedMethods="0" numMethods="0" />
              <MetadataToken>100665321</MetadataToken>
              <Name>System.Void IBM.Watson.DeveloperCloud.Services.Conversation.v1.Context::.ctor()</Name>
              <SequencePoints />
              <BranchPoints />
              <MethodPoint vc="2" uspid="7859" ordinal="0" offset="0" />
            </Method>
          </Methods>
        </Class>
        <Class>
          <Summary numSequencePoints="0" visitedSequencePoints="0" numBranchPoints="0" visitedBranchPoints="0" sequenceCoverage="0" branchCoverage="0" maxCyclomaticComplexity="1" minCyclomaticComplexity="1" visitedClasses="0" numClasses="0" visitedMethods="0" numMethods="0" />
          <FullName>IBM.Watson.DeveloperCloud.Services.Conversation.v1.SystemResponse</FullName>
          <Methods>
            <Method visited="true" cyclomaticComplexity="1" nPathComplexity="0" sequenceCoverage="0" branchCoverage="0" isConstructor="true" isStatic="false" isGetter="false" isSetter="false">
              <Summary numSequencePoints="0" visitedSequencePoints="0" numBranchPoints="0" visitedBranchPoints="0" sequenceCoverage="0" branchCoverage="0" maxCyclomaticComplexity="1" minCyclomaticComplexity="1" visitedClasses="0" numClasses="0" visitedMethods="0" numMethods="0" />
              <MetadataToken>100665328</MetadataToken>
              <Name>System.Void IBM.Watson.DeveloperCloud.Services.Conversation.v1.SystemResponse::.ctor()</Name>
              <SequencePoints />
              <BranchPoints />
              <MethodPoint vc="2" uspid="7860" ordinal="0" offset="0" />
            </Method>
          </Methods>
        </Class>
        <Class>
          <Summary numSequencePoints="0" visitedSequencePoints="0" numBranchPoints="0" visitedBranchPoints="0" sequenceCoverage="0" branchCoverage="0" maxCyclomaticComplexity="1" minCyclomaticComplexity="1" visitedClasses="0" numClasses="0" visitedMethods="0" numMethods="0" />
          <FullName>IBM.Watson.DeveloperCloud.Services.Conversation.v1.Version</FullName>
          <Methods>
            <Method visited="false" cyclomaticComplexity="1" nPathComplexity="0" sequenceCoverage="0" branchCoverage="0" isConstructor="true" isStatic="false" isGetter="false" isSetter="false">
              <Summary numSequencePoints="0" visitedSequencePoints="0" numBranchPoints="0" visitedBranchPoints="0" sequenceCoverage="0" branchCoverage="0" maxCyclomaticComplexity="1" minCyclomaticComplexity="1" visitedClasses="0" numClasses="0" visitedMethods="0" numMethods="0" />
              <MetadataToken>100665329</MetadataToken>
              <Name>System.Void IBM.Watson.DeveloperCloud.Services.Conversation.v1.Version::.ctor()</Name>
              <SequencePoints />
              <BranchPoints />
              <MethodPoint vc="0" uspid="7861" ordinal="0" offset="0" />
            </Method>
          </Methods>
        </Class>
        <Class>
          <Summary numSequencePoints="1093" visitedSequencePoints="812" numBranchPoints="676" visitedBranchPoints="383" sequenceCoverage="74.29" branchCoverage="56.66" maxCyclomaticComplexity="41" minCyclomaticComplexity="1" visitedClasses="1" numClasses="1" visitedMethods="40" numMethods="42" />
          <FullName>IBM.Watson.DeveloperCloud.Services.AlchemyAPI.v1.AlchemyAPI</FullName>
          <Methods>
            <Method visited="true" cyclomaticComplexity="2" nPathComplexity="2" sequenceCoverage="75" branchCoverage="66.67" isConstructor="false" isStatic="false" isGetter="false" isSetter="false">
              <Summary numSequencePoints="4" visitedSequencePoints="3" numBranchPoints="3" visitedBranchPoints="2" sequenceCoverage="75" branchCoverage="66.67" maxCyclomaticComplexity="2" minCyclomaticComplexity="2" visitedClasses="0" numClasses="0" visitedMethods="1" numMethods="1" />
              <MetadataToken>100665330</MetadataToken>
              <Name>System.Void IBM.Watson.DeveloperCloud.Services.AlchemyAPI.v1.AlchemyAPI::SetCredentials()</Name>
              <FileRef uid="294" />
              <SequencePoints>
                <SequencePoint vc="1" uspid="7862" ordinal="0" offset="0" sl="47" sc="7" el="47" ec="57" bec="0" bev="0" fileid="294" />
                <SequencePoint vc="1" uspid="7863" ordinal="1" offset="20" sl="49" sc="7" el="49" ec="43" bec="2" bev="1" fileid="294" />
                <SequencePoint vc="0" uspid="7864" ordinal="2" offset="32" sl="50" sc="9" el="50" ec="78" bec="0" bev="0" fileid="294" />
                <SequencePoint vc="1" uspid="7865" ordinal="3" offset="43" sl="51" sc="5" el="51" ec="6" bec="0" bev="0" fileid="294" />
              </SequencePoints>
              <BranchPoints>
                <BranchPoint vc="0" uspid="7866" ordinal="0" offset="30" sl="49" path="0" offsetend="32" fileid="294" />
                <BranchPoint vc="1" uspid="7867" ordinal="1" offset="30" sl="49" path="1" offsetend="43" fileid="294" />
              </BranchPoints>
              <MethodPoint xsi:type="SequencePoint" vc="1" uspid="7862" ordinal="0" offset="0" sl="47" sc="7" el="47" ec="57" bec="0" bev="0" fileid="294" />
            </Method>
            <Method visited="true" cyclomaticComplexity="12" nPathComplexity="1024" sequenceCoverage="75" branchCoverage="61.90" isConstructor="false" isStatic="false" isGetter="false" isSetter="false">
              <Summary numSequencePoints="36" visitedSequencePoints="27" numBranchPoints="21" visitedBranchPoints="13" sequenceCoverage="75" branchCoverage="61.90" maxCyclomaticComplexity="12" minCyclomaticComplexity="12" visitedClasses="0" numClasses="0" visitedMethods="1" numMethods="1" />
              <MetadataToken>100665331</MetadataToken>
              <Name>System.Boolean IBM.Watson.DeveloperCloud.Services.AlchemyAPI.v1.AlchemyAPI::GetAuthors(IBM.Watson.DeveloperCloud.Services.AlchemyAPI.v1.AlchemyAPI/OnGetAuthors,System.String,System.String)</Name>
              <FileRef uid="294" />
              <SequencePoints>
                <SequencePoint vc="2" uspid="7868" ordinal="0" offset="0" sl="72" sc="7" el="72" ec="28" bec="2" bev="1" fileid="294" />
                <SequencePoint vc="0" uspid="7869" ordinal="1" offset="3" sl="73" sc="9" el="73" ec="53" bec="0" bev="0" fileid="294" />
                <SequencePoint vc="2" uspid="7870" ordinal="2" offset="14" sl="74" sc="7" el="74" ec="40" bec="2" bev="1" fileid="294" />
                <SequencePoint vc="0" uspid="7871" ordinal="3" offset="22" sl="75" sc="9" el="75" ec="84" bec="0" bev="0" fileid="294" />
                <SequencePoint vc="2" uspid="7872" ordinal="4" offset="33" sl="76" sc="7" el="76" ec="43" bec="2" bev="1" fileid="294" />
                <SequencePoint vc="0" uspid="7873" ordinal="5" offset="45" sl="77" sc="9" el="77" ec="26" bec="0" bev="0" fileid="294" />
                <SequencePoint vc="2" uspid="7874" ordinal="6" offset="51" sl="79" sc="7" el="79" ec="55" bec="0" bev="0" fileid="294" />
                <SequencePoint vc="2" uspid="7875" ordinal="7" offset="57" sl="80" sc="7" el="80" ec="31" bec="0" bev="0" fileid="294" />
                <SequencePoint vc="2" uspid="7876" ordinal="8" offset="64" sl="81" sc="7" el="81" ec="73" bec="2" bev="1" fileid="294" />
                <SequencePoint vc="2" uspid="7877" ordinal="9" offset="82" sl="83" sc="7" el="83" ec="44" bec="0" bev="0" fileid="294" />
                <SequencePoint vc="2" uspid="7878" ordinal="10" offset="103" sl="84" sc="7" el="84" ec="45" bec="0" bev="0" fileid="294" />
                <SequencePoint vc="2" uspid="7879" ordinal="11" offset="124" sl="86" sc="7" el="86" ec="73" bec="0" bev="0" fileid="294" />
                <SequencePoint vc="2" uspid="7880" ordinal="12" offset="145" sl="87" sc="7" el="87" ec="64" bec="0" bev="0" fileid="294" />
                <SequencePoint vc="2" uspid="7881" ordinal="13" offset="156" sl="90" sc="7" el="90" ec="57" bec="0" bev="0" fileid="294" />
                <SequencePoint vc="2" uspid="7882" ordinal="14" offset="168" sl="91" sc="7" el="91" ec="93" bec="3" bev="3" fileid="294" />
                <SequencePoint vc="1" uspid="7883" ordinal="15" offset="194" sl="93" sc="9" el="93" ec="43" bec="0" bev="0" fileid="294" />
                <SequencePoint vc="1" uspid="7884" ordinal="16" offset="200" sl="94" sc="9" el="94" ec="59" bec="0" bev="0" fileid="294" />
                <SequencePoint vc="1" uspid="7885" ordinal="17" offset="222" sl="95" sc="7" el="95" ec="8" bec="0" bev="0" fileid="294" />
                <SequencePoint vc="1" uspid="7886" ordinal="18" offset="227" sl="96" sc="12" el="96" ec="100" bec="3" bev="2" fileid="294" />
                <SequencePoint vc="1" uspid="7887" ordinal="19" offset="253" sl="100" sc="11" el="100" ec="69" bec="2" bev="1" fileid="294" />
                <SequencePoint vc="1" uspid="7888" ordinal="20" offset="271" sl="102" sc="13" el="102" ec="48" bec="0" bev="0" fileid="294" />
                <SequencePoint vc="1" uspid="7889" ordinal="21" offset="277" sl="103" sc="13" el="103" ec="47" bec="0" bev="0" fileid="294" />
                <SequencePoint vc="1" uspid="7890" ordinal="22" offset="280" sl="104" sc="13" el="104" ec="49" bec="0" bev="0" fileid="294" />
                <SequencePoint vc="1" uspid="7891" ordinal="23" offset="288" sl="105" sc="13" el="105" ec="66" bec="0" bev="0" fileid="294" />
                <SequencePoint vc="1" uspid="7892" ordinal="24" offset="311" sl="106" sc="11" el="106" ec="12" bec="0" bev="0" fileid="294" />
                <SequencePoint vc="0" uspid="7893" ordinal="25" offset="313" sl="109" sc="13" el="109" ec="110" bec="0" bev="0" fileid="294" />
                <SequencePoint vc="1" uspid="7894" ordinal="26" offset="330" sl="111" sc="9" el="111" ec="10" bec="0" bev="0" fileid="294" />
                <SequencePoint vc="0" uspid="7895" ordinal="27" offset="332" sl="112" sc="9" el="112" ec="28" bec="0" bev="0" fileid="294" />
                <SequencePoint vc="0" uspid="7896" ordinal="28" offset="334" sl="114" sc="11" el="114" ec="77" bec="0" bev="0" fileid="294" />
                <SequencePoint vc="0" uspid="7897" ordinal="29" offset="357" sl="119" sc="9" el="119" ec="105" bec="0" bev="0" fileid="294" />
                <SequencePoint vc="0" uspid="7898" ordinal="30" offset="378" sl="120" sc="9" el="120" ec="22" bec="0" bev="0" fileid="294" />
                <SequencePoint vc="2" uspid="7899" ordinal="31" offset="380" sl="123" sc="7" el="123" ec="81" bec="0" bev="0" fileid="294" />
                <SequencePoint vc="2" uspid="7900" ordinal="32" offset="393" sl="124" sc="7" el="124" ec="29" bec="2" bev="1" fileid="294" />
                <SequencePoint vc="0" uspid="7901" ordinal="33" offset="396" sl="125" sc="9" el="125" ec="22" bec="0" bev="0" fileid="294" />
                <SequencePoint vc="2" uspid="7902" ordinal="34" offset="398" sl="127" sc="7" el="127" ec="45" bec="0" bev="0" fileid="294" />
                <SequencePoint vc="2" uspid="7903" ordinal="35" offset="416" sl="128" sc="7" el="128" ec="34" bec="0" bev="0" fileid="294" />
              </SequencePoints>
              <BranchPoints>
                <BranchPoint vc="0" uspid="7904" ordinal="0" offset="1" sl="72" path="0" offsetend="3" fileid="294" />
                <BranchPoint vc="2" uspid="7905" ordinal="1" offset="1" sl="72" path="1" offsetend="14" fileid="294" />
                <BranchPoint vc="0" uspid="7906" ordinal="2" offset="20" sl="74" path="0" offsetend="22" fileid="294" />
                <BranchPoint vc="2" uspid="7907" ordinal="3" offset="20" sl="74" path="1" offsetend="33" fileid="294" />
                <BranchPoint vc="0" uspid="7908" ordinal="4" offset="43" sl="76" path="0" offsetend="45" fileid="294" />
                <BranchPoint vc="2" uspid="7909" ordinal="5" offset="43" sl="76" path="1" offsetend="51" fileid="294" />
                <BranchPoint vc="0" uspid="7910" ordinal="6" offset="71" sl="81" path="0" offsetend="73" fileid="294" />
                <BranchPoint vc="2" uspid="7911" ordinal="7" offset="71" sl="81" path="1" offsetend="76" fileid="294" />
                <BranchPoint vc="1" uspid="7912" ordinal="8" offset="179" sl="91" path="0" offsetend="181" fileid="294" />
                <BranchPoint vc="1" uspid="7913" ordinal="9" offset="179" sl="91" path="1" offsetend="194" fileid="294" />
                <BranchPoint vc="1" uspid="7914" ordinal="10" offset="192" sl="91" path="0" offsetend="194" fileid="294" />
                <BranchPoint vc="1" uspid="7915" ordinal="11" offset="192" sl="91" path="1" offsetend="227" fileid="294" />
                <BranchPoint vc="1" uspid="7916" ordinal="12" offset="238" sl="96" path="0" offsetend="240" fileid="294" />
                <BranchPoint vc="0" uspid="7917" ordinal="13" offset="238" sl="96" path="1" offsetend="357" fileid="294" />
                <BranchPoint vc="1" uspid="7918" ordinal="14" offset="251" sl="96" path="0" offsetend="253" fileid="294" />
                <BranchPoint vc="0" uspid="7919" ordinal="15" offset="251" sl="96" path="1" offsetend="357" fileid="294" />
                <BranchPoint vc="1" uspid="7920" ordinal="16" offset="269" sl="100" path="0" offsetend="271" fileid="294" />
                <BranchPoint vc="0" uspid="7921" ordinal="17" offset="269" sl="100" path="1" offsetend="313" fileid="294" />
                <BranchPoint vc="0" uspid="7922" ordinal="18" offset="394" sl="124" path="0" offsetend="396" fileid="294" />
                <BranchPoint vc="2" uspid="7923" ordinal="19" offset="394" sl="124" path="1" offsetend="398" fileid="294" />
              </BranchPoints>
              <MethodPoint xsi:type="SequencePoint" vc="2" uspid="7868" ordinal="0" offset="0" sl="72" sc="7" el="72" ec="28" bec="2" bev="1" fileid="294" />
            </Method>
            <Method visited="true" cyclomaticComplexity="7" nPathComplexity="32" sequenceCoverage="66.67" branchCoverage="54.55" isConstructor="false" isStatic="false" isGetter="false" isSetter="false">
              <Summary numSequencePoints="18" visitedSequencePoints="12" numBranchPoints="11" visitedBranchPoints="6" sequenceCoverage="66.67" branchCoverage="54.55" maxCyclomaticComplexity="7" minCyclomaticComplexity="7" visitedClasses="0" numClasses="0" visitedMethods="1" numMethods="1" />
              <MetadataToken>100665332</MetadataToken>
              <Name>System.Void IBM.Watson.DeveloperCloud.Services.AlchemyAPI.v1.AlchemyAPI::OnGetAuthorsResponse(IBM.Watson.DeveloperCloud.Connection.RESTConnector/Request,IBM.Watson.DeveloperCloud.Connection.RESTConnector/Response)</Name>
              <FileRef uid="294" />
              <SequencePoints>
                <SequencePoint vc="2" uspid="7924" ordinal="0" offset="0" sl="148" sc="7" el="148" ec="51" bec="0" bev="0" fileid="294" />
                <SequencePoint vc="2" uspid="7925" ordinal="1" offset="6" sl="149" sc="7" el="149" ec="24" bec="2" bev="1" fileid="294" />
                <SequencePoint vc="2" uspid="7926" ordinal="2" offset="17" sl="153" sc="11" el="153" ec="30" bec="0" bev="0" fileid="294" />
                <SequencePoint vc="2" uspid="7927" ordinal="3" offset="19" sl="154" sc="11" el="154" ec="89" bec="0" bev="0" fileid="294" />
                <SequencePoint vc="2" uspid="7928" ordinal="4" offset="43" sl="155" sc="11" el="155" ec="28" bec="2" bev="1" fileid="294" />
                <SequencePoint vc="0" uspid="7929" ordinal="5" offset="52" sl="156" sc="13" el="156" ec="60" bec="0" bev="0" fileid="294" />
                <SequencePoint vc="2" uspid="7930" ordinal="6" offset="65" sl="158" sc="11" el="158" ec="36" bec="0" bev="0" fileid="294" />
                <SequencePoint vc="2" uspid="7931" ordinal="7" offset="67" sl="159" sc="11" el="159" ec="74" bec="0" bev="0" fileid="294" />
                <SequencePoint vc="2" uspid="7932" ordinal="8" offset="87" sl="160" sc="11" el="160" ec="28" bec="2" bev="1" fileid="294" />
                <SequencePoint vc="0" uspid="7933" ordinal="9" offset="96" sl="161" sc="13" el="161" ec="60" bec="0" bev="0" fileid="294" />
                <SequencePoint vc="2" uspid="7934" ordinal="10" offset="109" sl="162" sc="9" el="162" ec="10" bec="0" bev="0" fileid="294" />
                <SequencePoint vc="0" uspid="7935" ordinal="11" offset="111" sl="163" sc="9" el="163" ec="28" bec="0" bev="0" fileid="294" />
                <SequencePoint vc="0" uspid="7936" ordinal="12" offset="113" sl="165" sc="11" el="165" ec="93" bec="0" bev="0" fileid="294" />
                <SequencePoint vc="0" uspid="7937" ordinal="13" offset="144" sl="166" sc="11" el="166" ec="32" bec="0" bev="0" fileid="294" />
                <SequencePoint vc="0" uspid="7938" ordinal="14" offset="151" sl="167" sc="9" el="167" ec="10" bec="0" bev="0" fileid="294" />
                <SequencePoint vc="2" uspid="7939" ordinal="15" offset="153" sl="170" sc="7" el="170" ec="53" bec="2" bev="1" fileid="294" />
                <SequencePoint vc="2" uspid="7940" ordinal="16" offset="166" sl="171" sc="9" el="171" ec="109" bec="2" bev="1" fileid="294" />
                <SequencePoint vc="2" uspid="7941" ordinal="17" offset="205" sl="172" sc="5" el="172" ec="6" bec="0" bev="0" fileid="294" />
              </SequencePoints>
              <BranchPoints>
                <BranchPoint vc="2" uspid="7942" ordinal="0" offset="12" sl="149" path="0" offsetend="17" fileid="294" />
                <BranchPoint vc="0" uspid="7943" ordinal="1" offset="12" sl="149" path="1" offsetend="153" fileid="294" />
                <BranchPoint vc="0" uspid="7944" ordinal="2" offset="50" sl="155" path="0" offsetend="52" fileid="294" />
                <BranchPoint vc="2" uspid="7945" ordinal="3" offset="50" sl="155" path="1" offsetend="65" fileid="294" />
                <BranchPoint vc="0" uspid="7946" ordinal="4" offset="94" sl="160" path="0" offsetend="96" fileid="294" />
                <BranchPoint vc="2" uspid="7947" ordinal="5" offset="94" sl="160" path="1" offsetend="109" fileid="294" />
                <BranchPoint vc="2" uspid="7948" ordinal="6" offset="164" sl="170" path="0" offsetend="166" fileid="294" />
                <BranchPoint vc="0" uspid="7949" ordinal="7" offset="164" sl="170" path="1" offsetend="205" fileid="294" />
                <BranchPoint vc="0" uspid="7950" ordinal="8" offset="183" sl="171" path="0" offsetend="185" fileid="294" />
                <BranchPoint vc="2" uspid="7951" ordinal="9" offset="183" sl="171" path="1" offsetend="188" fileid="294" />
              </BranchPoints>
              <MethodPoint xsi:type="SequencePoint" vc="2" uspid="7924" ordinal="0" offset="0" sl="148" sc="7" el="148" ec="51" bec="0" bev="0" fileid="294" />
            </Method>
            <Method visited="true" cyclomaticComplexity="13" nPathComplexity="2048" sequenceCoverage="76.74" branchCoverage="65.22" isConstructor="false" isStatic="false" isGetter="false" isSetter="false">
              <Summary numSequencePoints="43" visitedSequencePoints="33" numBranchPoints="23" visitedBranchPoints="15" sequenceCoverage="76.74" branchCoverage="65.22" maxCyclomaticComplexity="13" minCyclomaticComplexity="13" visitedClasses="0" numClasses="0" visitedMethods="1" numMethods="1" />
              <MetadataToken>100665333</MetadataToken>
              <Name>System.Boolean IBM.Watson.DeveloperCloud.Services.AlchemyAPI.v1.AlchemyAPI::GetRankedConcepts(IBM.Watson.DeveloperCloud.Services.AlchemyAPI.v1.AlchemyAPI/OnGetRankedConcepts,System.String,System.Int32,System.Boolean,System.Boolean,System.Boolean,System.String)</Name>
              <FileRef uid="294" />
              <SequencePoints>
                <SequencePoint vc="3" uspid="7952" ordinal="0" offset="0" sl="203" sc="7" el="203" ec="28" bec="2" bev="1" fileid="294" />
                <SequencePoint vc="0" uspid="7953" ordinal="1" offset="3" sl="204" sc="9" el="204" ec="53" bec="0" bev="0" fileid="294" />
                <SequencePoint vc="3" uspid="7954" ordinal="2" offset="14" sl="205" sc="7" el="205" ec="40" bec="2" bev="1" fileid="294" />
                <SequencePoint vc="0" uspid="7955" ordinal="3" offset="22" sl="206" sc="9" el="206" ec="78" bec="0" bev="0" fileid="294" />
                <SequencePoint vc="3" uspid="7956" ordinal="4" offset="33" sl="207" sc="7" el="207" ec="43" bec="2" bev="1" fileid="294" />
                <SequencePoint vc="0" uspid="7957" ordinal="5" offset="45" sl="208" sc="9" el="208" ec="26" bec="0" bev="0" fileid="294" />
                <SequencePoint vc="3" uspid="7958" ordinal="6" offset="51" sl="210" sc="7" el="210" ec="69" bec="0" bev="0" fileid="294" />
                <SequencePoint vc="3" uspid="7959" ordinal="7" offset="57" sl="211" sc="7" el="211" ec="31" bec="0" bev="0" fileid="294" />
                <SequencePoint vc="3" uspid="7960" ordinal="8" offset="64" sl="212" sc="7" el="212" ec="73" bec="2" bev="1" fileid="294" />
                <SequencePoint vc="3" uspid="7961" ordinal="9" offset="84" sl="214" sc="7" el="214" ec="44" bec="0" bev="0" fileid="294" />
                <SequencePoint vc="3" uspid="7962" ordinal="10" offset="105" sl="215" sc="7" el="215" ec="45" bec="0" bev="0" fileid="294" />
                <SequencePoint vc="3" uspid="7963" ordinal="11" offset="126" sl="216" sc="7" el="216" ec="51" bec="0" bev="0" fileid="294" />
                <SequencePoint vc="3" uspid="7964" ordinal="12" offset="148" sl="217" sc="7" el="217" ec="92" bec="0" bev="0" fileid="294" />
                <SequencePoint vc="3" uspid="7965" ordinal="13" offset="180" sl="218" sc="7" el="218" ec="84" bec="0" bev="0" fileid="294" />
                <SequencePoint vc="3" uspid="7966" ordinal="14" offset="212" sl="219" sc="7" el="219" ec="88" bec="0" bev="0" fileid="294" />
                <SequencePoint vc="3" uspid="7967" ordinal="15" offset="244" sl="221" sc="7" el="221" ec="73" bec="0" bev="0" fileid="294" />
                <SequencePoint vc="3" uspid="7968" ordinal="16" offset="265" sl="222" sc="7" el="222" ec="64" bec="0" bev="0" fileid="294" />
                <SequencePoint vc="3" uspid="7969" ordinal="17" offset="276" sl="225" sc="7" el="225" ec="57" bec="0" bev="0" fileid="294" />
                <SequencePoint vc="3" uspid="7970" ordinal="18" offset="288" sl="226" sc="7" el="226" ec="93" bec="3" bev="3" fileid="294" />
                <SequencePoint vc="1" uspid="7971" ordinal="19" offset="314" sl="228" sc="9" el="228" ec="51" bec="0" bev="0" fileid="294" />
                <SequencePoint vc="1" uspid="7972" ordinal="20" offset="320" sl="229" sc="9" el="229" ec="59" bec="0" bev="0" fileid="294" />
                <SequencePoint vc="1" uspid="7973" ordinal="21" offset="342" sl="230" sc="7" el="230" ec="8" bec="0" bev="0" fileid="294" />
                <SequencePoint vc="2" uspid="7974" ordinal="22" offset="347" sl="231" sc="12" el="231" ec="165" bec="4" bev="4" fileid="294" />
                <SequencePoint vc="1" uspid="7975" ordinal="23" offset="393" sl="235" sc="11" el="235" ec="59" bec="2" bev="1" fileid="294" />
                <SequencePoint vc="1" uspid="7976" ordinal="24" offset="406" sl="237" sc="13" el="237" ec="56" bec="0" bev="0" fileid="294" />
                <SequencePoint vc="1" uspid="7977" ordinal="25" offset="412" sl="238" sc="13" el="238" ec="47" bec="0" bev="0" fileid="294" />
                <SequencePoint vc="1" uspid="7978" ordinal="26" offset="415" sl="239" sc="13" el="239" ec="49" bec="0" bev="0" fileid="294" />
                <SequencePoint vc="1" uspid="7979" ordinal="27" offset="423" sl="240" sc="13" el="240" ec="66" bec="0" bev="0" fileid="294" />
                <SequencePoint vc="1" uspid="7980" ordinal="28" offset="446" sl="241" sc="11" el="241" ec="12" bec="0" bev="0" fileid="294" />
                <SequencePoint vc="0" uspid="7981" ordinal="29" offset="448" sl="244" sc="13" el="244" ec="56" bec="0" bev="0" fileid="294" />
                <SequencePoint vc="0" uspid="7982" ordinal="30" offset="454" sl="245" sc="13" el="245" ec="64" bec="0" bev="0" fileid="294" />
                <SequencePoint vc="1" uspid="7983" ordinal="31" offset="476" sl="247" sc="9" el="247" ec="10" bec="0" bev="0" fileid="294" />
                <SequencePoint vc="0" uspid="7984" ordinal="32" offset="478" sl="248" sc="9" el="248" ec="14" bec="0" bev="0" fileid="294" />
                <SequencePoint vc="0" uspid="7985" ordinal="33" offset="479" sl="250" sc="11" el="250" ec="54" bec="0" bev="0" fileid="294" />
                <SequencePoint vc="0" uspid="7986" ordinal="34" offset="485" sl="251" sc="11" el="251" ec="62" bec="0" bev="0" fileid="294" />
                <SequencePoint vc="0" uspid="7987" ordinal="35" offset="507" sl="252" sc="9" el="252" ec="10" bec="0" bev="0" fileid="294" />
                <SequencePoint vc="1" uspid="7988" ordinal="36" offset="509" sl="256" sc="9" el="256" ec="52" bec="0" bev="0" fileid="294" />
                <SequencePoint vc="1" uspid="7989" ordinal="37" offset="515" sl="257" sc="9" el="257" ec="60" bec="0" bev="0" fileid="294" />
                <SequencePoint vc="3" uspid="7990" ordinal="38" offset="537" sl="260" sc="7" el="260" ec="81" bec="0" bev="0" fileid="294" />
                <SequencePoint vc="3" uspid="7991" ordinal="39" offset="550" sl="261" sc="7" el="261" ec="29" bec="2" bev="1" fileid="294" />
                <SequencePoint vc="0" uspid="7992" ordinal="40" offset="553" sl="262" sc="9" el="262" ec="22" bec="0" bev="0" fileid="294" />
                <SequencePoint vc="3" uspid="7993" ordinal="41" offset="555" sl="264" sc="7" el="264" ec="52" bec="0" bev="0" fileid="294" />
                <SequencePoint vc="3" uspid="7994" ordinal="42" offset="573" sl="265" sc="7" el="265" ec="34" bec="0" bev="0" fileid="294" />
              </SequencePoints>
              <BranchPoints>
                <BranchPoint vc="0" uspid="7995" ordinal="0" offset="1" sl="203" path="0" offsetend="3" fileid="294" />
                <BranchPoint vc="3" uspid="7996" ordinal="1" offset="1" sl="203" path="1" offsetend="14" fileid="294" />
                <BranchPoint vc="0" uspid="7997" ordinal="2" offset="20" sl="205" path="0" offsetend="22" fileid="294" />
                <BranchPoint vc="3" uspid="7998" ordinal="3" offset="20" sl="205" path="1" offsetend="33" fileid="294" />
                <BranchPoint vc="0" uspid="7999" ordinal="4" offset="43" sl="207" path="0" offsetend="45" fileid="294" />
                <BranchPoint vc="3" uspid="8000" ordinal="5" offset="43" sl="207" path="1" offsetend="51" fileid="294" />
                <BranchPoint vc="0" uspid="8001" ordinal="6" offset="72" sl="212" path="0" offsetend="74" fileid="294" />
                <BranchPoint vc="3" uspid="8002" ordinal="7" offset="72" sl="212" path="1" offsetend="78" fileid="294" />
                <BranchPoint vc="2" uspid="8003" ordinal="8" offset="299" sl="226" path="0" offsetend="301" fileid="294" />
                <BranchPoint vc="1" uspid="8004" ordinal="9" offset="299" sl="226" path="1" offsetend="314" fileid="294" />
                <BranchPoint vc="1" uspid="8005" ordinal="10" offset="312" sl="226" path="0" offsetend="314" fileid="294" />
                <BranchPoint vc="2" uspid="8006" ordinal="11" offset="312" sl="226" path="1" offsetend="347" fileid="294" />
                <BranchPoint vc="2" uspid="8007" ordinal="12" offset="358" sl="231" path="0" offsetend="363" fileid="294" />
                <BranchPoint vc="0" uspid="8008" ordinal="13" offset="358" sl="231" path="1" offsetend="509" fileid="294" />
                <BranchPoint vc="2" uspid="8009" ordinal="14" offset="374" sl="231" path="0" offsetend="379" fileid="294" />
                <BranchPoint vc="0" uspid="8010" ordinal="15" offset="374" sl="231" path="1" offsetend="509" fileid="294" />
                <BranchPoint vc="1" uspid="8011" ordinal="16" offset="391" sl="231" path="0" offsetend="393" fileid="294" />
                <BranchPoint vc="1" uspid="8012" ordinal="17" offset="391" sl="231" path="1" offsetend="509" fileid="294" />
                <BranchPoint vc="1" uspid="8013" ordinal="18" offset="404" sl="235" path="0" offsetend="406" fileid="294" />
                <BranchPoint vc="0" uspid="8014" ordinal="19" offset="404" sl="235" path="1" offsetend="448" fileid="294" />
                <BranchPoint vc="0" uspid="8015" ordinal="20" offset="551" sl="261" path="0" offsetend="553" fileid="294" />
                <BranchPoint vc="3" uspid="8016" ordinal="21" offset="551" sl="261" path="1" offsetend="555" fileid="294" />
              </BranchPoints>
              <MethodPoint xsi:type="SequencePoint" vc="3" uspid="7952" ordinal="0" offset="0" sl="203" sc="7" el="203" ec="28" bec="2" bev="1" fileid="294" />
            </Method>
            <Method visited="true" cyclomaticComplexity="7" nPathComplexity="32" sequenceCoverage="66.67" branchCoverage="54.55" isConstructor="false" isStatic="false" isGetter="false" isSetter="false">
              <Summary numSequencePoints="18" visitedSequencePoints="12" numBranchPoints="11" visitedBranchPoints="6" sequenceCoverage="66.67" branchCoverage="54.55" maxCyclomaticComplexity="7" minCyclomaticComplexity="7" visitedClasses="0" numClasses="0" visitedMethods="1" numMethods="1" />
              <MetadataToken>100665334</MetadataToken>
              <Name>System.Void IBM.Watson.DeveloperCloud.Services.AlchemyAPI.v1.AlchemyAPI::OnGetRankedConceptsResponse(IBM.Watson.DeveloperCloud.Connection.RESTConnector/Request,IBM.Watson.DeveloperCloud.Connection.RESTConnector/Response)</Name>
              <FileRef uid="294" />
              <SequencePoints>
                <SequencePoint vc="3" uspid="8017" ordinal="0" offset="0" sl="285" sc="7" el="285" ec="54" bec="0" bev="0" fileid="294" />
                <SequencePoint vc="3" uspid="8018" ordinal="1" offset="6" sl="286" sc="7" el="286" ec="24" bec="2" bev="1" fileid="294" />
                <SequencePoint vc="3" uspid="8019" ordinal="2" offset="17" sl="290" sc="11" el="290" ec="30" bec="0" bev="0" fileid="294" />
                <SequencePoint vc="3" uspid="8020" ordinal="3" offset="19" sl="291" sc="11" el="291" ec="89" bec="0" bev="0" fileid="294" />
                <SequencePoint vc="3" uspid="8021" ordinal="4" offset="43" sl="292" sc="11" el="292" ec="28" bec="2" bev="1" fileid="294" />
                <SequencePoint vc="0" uspid="8022" ordinal="5" offset="52" sl="293" sc="13" el="293" ec="60" bec="0" bev="0" fileid="294" />
                <SequencePoint vc="3" uspid="8023" ordinal="6" offset="65" sl="295" sc="11" el="295" ec="37" bec="0" bev="0" fileid="294" />
                <SequencePoint vc="3" uspid="8024" ordinal="7" offset="67" sl="296" sc="11" el="296" ec="74" bec="0" bev="0" fileid="294" />
                <SequencePoint vc="3" uspid="8025" ordinal="8" offset="87" sl="297" sc="11" el="297" ec="28" bec="2" bev="1" fileid="294" />
                <SequencePoint vc="0" uspid="8026" ordinal="9" offset="96" sl="298" sc="13" el="298" ec="60" bec="0" bev="0" fileid="294" />
                <SequencePoint vc="3" uspid="8027" ordinal="10" offset="109" sl="299" sc="9" el="299" ec="10" bec="0" bev="0" fileid="294" />
                <SequencePoint vc="0" uspid="8028" ordinal="11" offset="111" sl="300" sc="9" el="300" ec="28" bec="0" bev="0" fileid="294" />
                <SequencePoint vc="0" uspid="8029" ordinal="12" offset="113" sl="302" sc="11" el="302" ec="100" bec="0" bev="0" fileid="294" />
                <SequencePoint vc="0" uspid="8030" ordinal="13" offset="144" sl="303" sc="11" el="303" ec="32" bec="0" bev="0" fileid="294" />
                <SequencePoint vc="0" uspid="8031" ordinal="14" offset="151" sl="304" sc="9" el="304" ec="10" bec="0" bev="0" fileid="294" />
                <SequencePoint vc="3" uspid="8032" ordinal="15" offset="153" sl="307" sc="7" el="307" ec="60" bec="2" bev="1" fileid="294" />
                <SequencePoint vc="3" uspid="8033" ordinal="16" offset="166" sl="308" sc="9" el="308" ec="124" bec="2" bev="1" fileid="294" />
                <SequencePoint vc="3" uspid="8034" ordinal="17" offset="205" sl="309" sc="5" el="309" ec="6" bec="0" bev="0" fileid="294" />
              </SequencePoints>
              <BranchPoints>
                <BranchPoint vc="3" uspid="8035" ordinal="0" offset="12" sl="286" path="0" offsetend="17" fileid="294" />
                <BranchPoint vc="0" uspid="8036" ordinal="1" offset="12" sl="286" path="1" offsetend="153" fileid="294" />
                <BranchPoint vc="0" uspid="8037" ordinal="2" offset="50" sl="292" path="0" offsetend="52" fileid="294" />
                <BranchPoint vc="3" uspid="8038" ordinal="3" offset="50" sl="292" path="1" offsetend="65" fileid="294" />
                <BranchPoint vc="0" uspid="8039" ordinal="4" offset="94" sl="297" path="0" offsetend="96" fileid="294" />
                <BranchPoint vc="3" uspid="8040" ordinal="5" offset="94" sl="297" path="1" offsetend="109" fileid="294" />
                <BranchPoint vc="3" uspid="8041" ordinal="6" offset="164" sl="307" path="0" offsetend="166" fileid="294" />
                <BranchPoint vc="0" uspid="8042" ordinal="7" offset="164" sl="307" path="1" offsetend="205" fileid="294" />
                <BranchPoint vc="0" uspid="8043" ordinal="8" offset="183" sl="308" path="0" offsetend="185" fileid="294" />
                <BranchPoint vc="3" uspid="8044" ordinal="9" offset="183" sl="308" path="1" offsetend="188" fileid="294" />
              </BranchPoints>
              <MethodPoint xsi:type="SequencePoint" vc="3" uspid="8017" ordinal="0" offset="0" sl="285" sc="7" el="285" ec="54" bec="0" bev="0" fileid="294" />
            </Method>
            <Method visited="true" cyclomaticComplexity="14" nPathComplexity="4096" sequenceCoverage="76.74" branchCoverage="64" isConstructor="false" isStatic="false" isGetter="false" isSetter="false">
              <Summary numSequencePoints="43" visitedSequencePoints="33" numBranchPoints="25" visitedBranchPoints="16" sequenceCoverage="76.74" branchCoverage="64" maxCyclomaticComplexity="14" minCyclomaticComplexity="14" visitedClasses="0" numClasses="0" visitedMethods="1" numMethods="1" />
              <MetadataToken>100665335</MetadataToken>
              <Name>System.Boolean IBM.Watson.DeveloperCloud.Services.AlchemyAPI.v1.AlchemyAPI::GetDates(IBM.Watson.DeveloperCloud.Services.AlchemyAPI.v1.AlchemyAPI/OnGetDates,System.String,System.String,System.Boolean,System.String)</Name>
              <FileRef uid="294" />
              <SequencePoints>
                <SequencePoint vc="3" uspid="8045" ordinal="0" offset="0" sl="333" sc="7" el="333" ec="28" bec="2" bev="1" fileid="294" />
                <SequencePoint vc="0" uspid="8046" ordinal="1" offset="3" sl="334" sc="9" el="334" ec="53" bec="0" bev="0" fileid="294" />
                <SequencePoint vc="3" uspid="8047" ordinal="2" offset="14" sl="335" sc="7" el="335" ec="40" bec="2" bev="1" fileid="294" />
                <SequencePoint vc="0" uspid="8048" ordinal="3" offset="22" sl="336" sc="9" el="336" ec="78" bec="0" bev="0" fileid="294" />
                <SequencePoint vc="3" uspid="8049" ordinal="4" offset="33" sl="337" sc="7" el="337" ec="43" bec="2" bev="1" fileid="294" />
                <SequencePoint vc="0" uspid="8050" ordinal="5" offset="45" sl="338" sc="9" el="338" ec="26" bec="0" bev="0" fileid="294" />
                <SequencePoint vc="3" uspid="8051" ordinal="6" offset="51" sl="339" sc="7" el="339" ec="44" bec="2" bev="1" fileid="294" />
                <SequencePoint vc="3" uspid="8052" ordinal="7" offset="59" sl="340" sc="9" el="340" ec="43" bec="0" bev="0" fileid="294" />
                <SequencePoint vc="3" uspid="8053" ordinal="8" offset="67" sl="342" sc="7" el="342" ec="51" bec="0" bev="0" fileid="294" />
                <SequencePoint vc="3" uspid="8054" ordinal="9" offset="73" sl="343" sc="7" el="343" ec="31" bec="0" bev="0" fileid="294" />
                <SequencePoint vc="3" uspid="8055" ordinal="10" offset="80" sl="344" sc="7" el="344" ec="73" bec="2" bev="1" fileid="294" />
                <SequencePoint vc="3" uspid="8056" ordinal="11" offset="100" sl="346" sc="7" el="346" ec="44" bec="0" bev="0" fileid="294" />
                <SequencePoint vc="3" uspid="8057" ordinal="12" offset="121" sl="347" sc="7" el="347" ec="45" bec="0" bev="0" fileid="294" />
                <SequencePoint vc="3" uspid="8058" ordinal="13" offset="142" sl="348" sc="7" el="348" ec="88" bec="0" bev="0" fileid="294" />
                <SequencePoint vc="3" uspid="8059" ordinal="14" offset="174" sl="350" sc="7" el="350" ec="73" bec="0" bev="0" fileid="294" />
                <SequencePoint vc="3" uspid="8060" ordinal="15" offset="195" sl="351" sc="7" el="351" ec="64" bec="0" bev="0" fileid="294" />
                <SequencePoint vc="3" uspid="8061" ordinal="16" offset="206" sl="352" sc="7" el="352" ec="68" bec="0" bev="0" fileid="294" />
                <SequencePoint vc="3" uspid="8062" ordinal="17" offset="228" sl="355" sc="7" el="355" ec="57" bec="0" bev="0" fileid="294" />
                <SequencePoint vc="3" uspid="8063" ordinal="18" offset="240" sl="356" sc="7" el="356" ec="93" bec="3" bev="3" fileid="294" />
                <SequencePoint vc="1" uspid="8064" ordinal="19" offset="266" sl="358" sc="9" el="358" ec="41" bec="0" bev="0" fileid="294" />
                <SequencePoint vc="1" uspid="8065" ordinal="20" offset="272" sl="359" sc="9" el="359" ec="59" bec="0" bev="0" fileid="294" />
                <SequencePoint vc="1" uspid="8066" ordinal="21" offset="294" sl="360" sc="7" el="360" ec="8" bec="0" bev="0" fileid="294" />
                <SequencePoint vc="2" uspid="8067" ordinal="22" offset="299" sl="361" sc="12" el="361" ec="165" bec="4" bev="4" fileid="294" />
                <SequencePoint vc="1" uspid="8068" ordinal="23" offset="345" sl="365" sc="11" el="365" ec="59" bec="2" bev="1" fileid="294" />
                <SequencePoint vc="1" uspid="8069" ordinal="24" offset="358" sl="367" sc="13" el="367" ec="46" bec="0" bev="0" fileid="294" />
                <SequencePoint vc="1" uspid="8070" ordinal="25" offset="364" sl="368" sc="13" el="368" ec="47" bec="0" bev="0" fileid="294" />
                <SequencePoint vc="1" uspid="8071" ordinal="26" offset="367" sl="369" sc="13" el="369" ec="49" bec="0" bev="0" fileid="294" />
                <SequencePoint vc="1" uspid="8072" ordinal="27" offset="375" sl="370" sc="13" el="370" ec="66" bec="0" bev="0" fileid="294" />
                <SequencePoint vc="1" uspid="8073" ordinal="28" offset="398" sl="371" sc="11" el="371" ec="12" bec="0" bev="0" fileid="294" />
                <SequencePoint vc="0" uspid="8074" ordinal="29" offset="400" sl="374" sc="13" el="374" ec="46" bec="0" bev="0" fileid="294" />
                <SequencePoint vc="0" uspid="8075" ordinal="30" offset="406" sl="375" sc="13" el="375" ec="64" bec="0" bev="0" fileid="294" />
                <SequencePoint vc="1" uspid="8076" ordinal="31" offset="428" sl="377" sc="9" el="377" ec="10" bec="0" bev="0" fileid="294" />
                <SequencePoint vc="0" uspid="8077" ordinal="32" offset="430" sl="378" sc="9" el="378" ec="14" bec="0" bev="0" fileid="294" />
                <SequencePoint vc="0" uspid="8078" ordinal="33" offset="431" sl="380" sc="11" el="380" ec="44" bec="0" bev="0" fileid="294" />
                <SequencePoint vc="0" uspid="8079" ordinal="34" offset="437" sl="381" sc="11" el="381" ec="62" bec="0" bev="0" fileid="294" />
                <SequencePoint vc="0" uspid="8080" ordinal="35" offset="459" sl="382" sc="9" el="382" ec="10" bec="0" bev="0" fileid="294" />
                <SequencePoint vc="1" uspid="8081" ordinal="36" offset="461" sl="386" sc="9" el="386" ec="42" bec="0" bev="0" fileid="294" />
                <SequencePoint vc="1" uspid="8082" ordinal="37" offset="467" sl="387" sc="9" el="387" ec="60" bec="0" bev="0" fileid="294" />
                <SequencePoint vc="3" uspid="8083" ordinal="38" offset="489" sl="390" sc="7" el="390" ec="81" bec="0" bev="0" fileid="294" />
                <SequencePoint vc="3" uspid="8084" ordinal="39" offset="502" sl="391" sc="7" el="391" ec="29" bec="2" bev="1" fileid="294" />
                <SequencePoint vc="0" uspid="8085" ordinal="40" offset="505" sl="392" sc="9" el="392" ec="22" bec="0" bev="0" fileid="294" />
                <SequencePoint vc="3" uspid="8086" ordinal="41" offset="507" sl="394" sc="7" el="394" ec="43" bec="0" bev="0" fileid="294" />
                <SequencePoint vc="3" uspid="8087" ordinal="42" offset="525" sl="395" sc="7" el="395" ec="34" bec="0" bev="0" fileid="294" />
              </SequencePoints>
              <BranchPoints>
                <BranchPoint vc="0" uspid="8088" ordinal="0" offset="1" sl="333" path="0" offsetend="3" fileid="294" />
                <BranchPoint vc="3" uspid="8089" ordinal="1" offset="1" sl="333" path="1" offsetend="14" fileid="294" />
                <BranchPoint vc="0" uspid="8090" ordinal="2" offset="20" sl="335" path="0" offsetend="22" fileid="294" />
                <BranchPoint vc="3" uspid="8091" ordinal="3" offset="20" sl="335" path="1" offsetend="33" fileid="294" />
                <BranchPoint vc="0" uspid="8092" ordinal="4" offset="43" sl="337" path="0" offsetend="45" fileid="294" />
                <BranchPoint vc="3" uspid="8093" ordinal="5" offset="43" sl="337" path="1" offsetend="51" fileid="294" />
                <BranchPoint vc="3" uspid="8094" ordinal="6" offset="57" sl="339" path="0" offsetend="59" fileid="294" />
                <BranchPoint vc="0" uspid="8095" ordinal="7" offset="57" sl="339" path="1" offsetend="67" fileid="294" />
                <BranchPoint vc="0" uspid="8096" ordinal="8" offset="88" sl="344" path="0" offsetend="90" fileid="294" />
                <BranchPoint vc="3" uspid="8097" ordinal="9" offset="88" sl="344" path="1" offsetend="94" fileid="294" />
                <BranchPoint vc="2" uspid="8098" ordinal="10" offset="251" sl="356" path="0" offsetend="253" fileid="294" />
                <BranchPoint vc="1" uspid="8099" ordinal="11" offset="251" sl="356" path="1" offsetend="266" fileid="294" />
                <BranchPoint vc="1" uspid="8100" ordinal="12" offset="264" sl="356" path="0" offsetend="266" fileid="294" />
                <BranchPoint vc="2" uspid="8101" ordinal="13" offset="264" sl="356" path="1" offsetend="299" fileid="294" />
                <BranchPoint vc="2" uspid="8102" ordinal="14" offset="310" sl="361" path="0" offsetend="315" fileid="294" />
                <BranchPoint vc="0" uspid="8103" ordinal="15" offset="310" sl="361" path="1" offsetend="461" fileid="294" />
                <BranchPoint vc="2" uspid="8104" ordinal="16" offset="326" sl="361" path="0" offsetend="331" fileid="294" />
                <BranchPoint vc="0" uspid="8105" ordinal="17" offset="326" sl="361" path="1" offsetend="461" fileid="294" />
                <BranchPoint vc="1" uspid="8106" ordinal="18" offset="343" sl="361" path="0" offsetend="345" fileid="294" />
                <BranchPoint vc="1" uspid="8107" ordinal="19" offset="343" sl="361" path="1" offsetend="461" fileid="294" />
                <BranchPoint vc="1" uspid="8108" ordinal="20" offset="356" sl="365" path="0" offsetend="358" fileid="294" />
                <BranchPoint vc="0" uspid="8109" ordinal="21" offset="356" sl="365" path="1" offsetend="400" fileid="294" />
                <BranchPoint vc="0" uspid="8110" ordinal="22" offset="503" sl="391" path="0" offsetend="505" fileid="294" />
                <BranchPoint vc="3" uspid="8111" ordinal="23" offset="503" sl="391" path="1" offsetend="507" fileid="294" />
              </BranchPoints>
              <MethodPoint xsi:type="SequencePoint" vc="3" uspid="8045" ordinal="0" offset="0" sl="333" sc="7" el="333" ec="28" bec="2" bev="1" fileid="294" />
            </Method>
            <Method visited="true" cyclomaticComplexity="7" nPathComplexity="32" sequenceCoverage="66.67" branchCoverage="54.55" isConstructor="false" isStatic="false" isGetter="false" isSetter="false">
              <Summary numSequencePoints="18" visitedSequencePoints="12" numBranchPoints="11" visitedBranchPoints="6" sequenceCoverage="66.67" branchCoverage="54.55" maxCyclomaticComplexity="7" minCyclomaticComplexity="7" visitedClasses="0" numClasses="0" visitedMethods="1" numMethods="1" />
              <MetadataToken>100665336</MetadataToken>
              <Name>System.Void IBM.Watson.DeveloperCloud.Services.AlchemyAPI.v1.AlchemyAPI::OnGetDatesResponse(IBM.Watson.DeveloperCloud.Connection.RESTConnector/Request,IBM.Watson.DeveloperCloud.Connection.RESTConnector/Response)</Name>
              <FileRef uid="294" />
              <SequencePoints>
                <SequencePoint vc="3" uspid="8112" ordinal="0" offset="0" sl="415" sc="7" el="415" ec="42" bec="0" bev="0" fileid="294" />
                <SequencePoint vc="3" uspid="8113" ordinal="1" offset="6" sl="416" sc="7" el="416" ec="24" bec="2" bev="1" fileid="294" />
                <SequencePoint vc="3" uspid="8114" ordinal="2" offset="17" sl="420" sc="11" el="420" ec="30" bec="0" bev="0" fileid="294" />
                <SequencePoint vc="3" uspid="8115" ordinal="3" offset="19" sl="421" sc="11" el="421" ec="89" bec="0" bev="0" fileid="294" />
                <SequencePoint vc="3" uspid="8116" ordinal="4" offset="43" sl="422" sc="11" el="422" ec="28" bec="2" bev="1" fileid="294" />
                <SequencePoint vc="0" uspid="8117" ordinal="5" offset="52" sl="423" sc="13" el="423" ec="60" bec="0" bev="0" fileid="294" />
                <SequencePoint vc="3" uspid="8118" ordinal="6" offset="65" sl="425" sc="11" el="425" ec="33" bec="0" bev="0" fileid="294" />
                <SequencePoint vc="3" uspid="8119" ordinal="7" offset="67" sl="426" sc="11" el="426" ec="74" bec="0" bev="0" fileid="294" />
                <SequencePoint vc="3" uspid="8120" ordinal="8" offset="87" sl="427" sc="11" el="427" ec="28" bec="2" bev="1" fileid="294" />
                <SequencePoint vc="0" uspid="8121" ordinal="9" offset="96" sl="428" sc="13" el="428" ec="60" bec="0" bev="0" fileid="294" />
                <SequencePoint vc="3" uspid="8122" ordinal="10" offset="109" sl="429" sc="9" el="429" ec="10" bec="0" bev="0" fileid="294" />
                <SequencePoint vc="0" uspid="8123" ordinal="11" offset="111" sl="430" sc="9" el="430" ec="28" bec="0" bev="0" fileid="294" />
                <SequencePoint vc="0" uspid="8124" ordinal="12" offset="113" sl="432" sc="11" el="432" ec="88" bec="0" bev="0" fileid="294" />
                <SequencePoint vc="0" uspid="8125" ordinal="13" offset="144" sl="433" sc="11" el="433" ec="32" bec="0" bev="0" fileid="294" />
                <SequencePoint vc="0" uspid="8126" ordinal="14" offset="151" sl="434" sc="9" el="434" ec="10" bec="0" bev="0" fileid="294" />
                <SequencePoint vc="3" uspid="8127" ordinal="15" offset="153" sl="437" sc="7" el="437" ec="51" bec="2" bev="1" fileid="294" />
                <SequencePoint vc="3" uspid="8128" ordinal="16" offset="166" sl="438" sc="9" el="438" ec="102" bec="2" bev="1" fileid="294" />
                <SequencePoint vc="3" uspid="8129" ordinal="17" offset="205" sl="439" sc="5" el="439" ec="6" bec="0" bev="0" fileid="294" />
              </SequencePoints>
              <BranchPoints>
                <BranchPoint vc="3" uspid="8130" ordinal="0" offset="12" sl="416" path="0" offsetend="17" fileid="294" />
                <BranchPoint vc="0" uspid="8131" ordinal="1" offset="12" sl="416" path="1" offsetend="153" fileid="294" />
                <BranchPoint vc="0" uspid="8132" ordinal="2" offset="50" sl="422" path="0" offsetend="52" fileid="294" />
                <BranchPoint vc="3" uspid="8133" ordinal="3" offset="50" sl="422" path="1" offsetend="65" fileid="294" />
                <BranchPoint vc="0" uspid="8134" ordinal="4" offset="94" sl="427" path="0" offsetend="96" fileid="294" />
                <BranchPoint vc="3" uspid="8135" ordinal="5" offset="94" sl="427" path="1" offsetend="109" fileid="294" />
                <BranchPoint vc="3" uspid="8136" ordinal="6" offset="164" sl="437" path="0" offsetend="166" fileid="294" />
                <BranchPoint vc="0" uspid="8137" ordinal="7" offset="164" sl="437" path="1" offsetend="205" fileid="294" />
                <BranchPoint vc="0" uspid="8138" ordinal="8" offset="183" sl="438" path="0" offsetend="185" fileid="294" />
                <BranchPoint vc="3" uspid="8139" ordinal="9" offset="183" sl="438" path="1" offsetend="188" fileid="294" />
              </BranchPoints>
              <MethodPoint xsi:type="SequencePoint" vc="3" uspid="8112" ordinal="0" offset="0" sl="415" sc="7" el="415" ec="42" bec="0" bev="0" fileid="294" />
            </Method>
            <Method visited="true" cyclomaticComplexity="1" nPathComplexity="0" sequenceCoverage="100" branchCoverage="100" isConstructor="false" isStatic="false" isGetter="false" isSetter="false">
              <Summary numSequencePoints="2" visitedSequencePoints="2" numBranchPoints="1" visitedBranchPoints="1" sequenceCoverage="100" branchCoverage="100" maxCyclomaticComplexity="1" minCyclomaticComplexity="1" visitedClasses="0" numClasses="0" visitedMethods="1" numMethods="1" />
              <MetadataToken>100665337</MetadataToken>
              <Name>System.String IBM.Watson.DeveloperCloud.Services.AlchemyAPI.v1.AlchemyAPI::GetCurrentDatetime()</Name>
              <FileRef uid="294" />
              <SequencePoints>
                <SequencePoint vc="3" uspid="8140" ordinal="0" offset="0" sl="444" sc="7" el="444" ec="53" bec="0" bev="0" fileid="294" />
                <SequencePoint vc="3" uspid="8141" ordinal="1" offset="5" sl="445" sc="7" el="445" ec="200" bec="0" bev="0" fileid="294" />
              </SequencePoints>
              <BranchPoints />
              <MethodPoint xsi:type="SequencePoint" vc="3" uspid="8140" ordinal="0" offset="0" sl="444" sc="7" el="444" ec="53" bec="0" bev="0" fileid="294" />
            </Method>
            <Method visited="true" cyclomaticComplexity="13" nPathComplexity="2048" sequenceCoverage="75" branchCoverage="65.22" isConstructor="false" isStatic="false" isGetter="false" isSetter="false">
              <Summary numSequencePoints="40" visitedSequencePoints="30" numBranchPoints="23" visitedBranchPoints="15" sequenceCoverage="75" branchCoverage="65.22" maxCyclomaticComplexity="13" minCyclomaticComplexity="13" visitedClasses="0" numClasses="0" visitedMethods="1" numMethods="1" />
              <MetadataToken>100665338</MetadataToken>
              <Name>System.Boolean IBM.Watson.DeveloperCloud.Services.AlchemyAPI.v1.AlchemyAPI::GetEmotions(IBM.Watson.DeveloperCloud.Services.AlchemyAPI.v1.AlchemyAPI/OnGetEmotions,System.String,System.Boolean,System.String)</Name>
              <FileRef uid="294" />
              <SequencePoints>
                <SequencePoint vc="3" uspid="8142" ordinal="0" offset="0" sl="469" sc="7" el="469" ec="28" bec="2" bev="1" fileid="294" />
                <SequencePoint vc="0" uspid="8143" ordinal="1" offset="3" sl="470" sc="9" el="470" ec="53" bec="0" bev="0" fileid="294" />
                <SequencePoint vc="3" uspid="8144" ordinal="2" offset="14" sl="471" sc="7" el="471" ec="40" bec="2" bev="1" fileid="294" />
                <SequencePoint vc="0" uspid="8145" ordinal="3" offset="22" sl="472" sc="9" el="472" ec="79" bec="0" bev="0" fileid="294" />
                <SequencePoint vc="3" uspid="8146" ordinal="4" offset="33" sl="473" sc="7" el="473" ec="43" bec="2" bev="1" fileid="294" />
                <SequencePoint vc="0" uspid="8147" ordinal="5" offset="45" sl="474" sc="9" el="474" ec="26" bec="0" bev="0" fileid="294" />
                <SequencePoint vc="3" uspid="8148" ordinal="6" offset="51" sl="476" sc="7" el="476" ec="57" bec="0" bev="0" fileid="294" />
                <SequencePoint vc="3" uspid="8149" ordinal="7" offset="57" sl="477" sc="7" el="477" ec="31" bec="0" bev="0" fileid="294" />
                <SequencePoint vc="3" uspid="8150" ordinal="8" offset="64" sl="478" sc="7" el="478" ec="73" bec="2" bev="1" fileid="294" />
                <SequencePoint vc="3" uspid="8151" ordinal="9" offset="84" sl="480" sc="7" el="480" ec="44" bec="0" bev="0" fileid="294" />
                <SequencePoint vc="3" uspid="8152" ordinal="10" offset="105" sl="481" sc="7" el="481" ec="45" bec="0" bev="0" fileid="294" />
                <SequencePoint vc="3" uspid="8153" ordinal="11" offset="126" sl="482" sc="7" el="482" ec="88" bec="0" bev="0" fileid="294" />
                <SequencePoint vc="3" uspid="8154" ordinal="12" offset="157" sl="484" sc="7" el="484" ec="73" bec="0" bev="0" fileid="294" />
                <SequencePoint vc="3" uspid="8155" ordinal="13" offset="178" sl="485" sc="7" el="485" ec="64" bec="0" bev="0" fileid="294" />
                <SequencePoint vc="3" uspid="8156" ordinal="14" offset="189" sl="488" sc="7" el="488" ec="57" bec="0" bev="0" fileid="294" />
                <SequencePoint vc="3" uspid="8157" ordinal="15" offset="201" sl="489" sc="7" el="489" ec="93" bec="3" bev="3" fileid="294" />
                <SequencePoint vc="1" uspid="8158" ordinal="16" offset="227" sl="491" sc="9" el="491" ec="43" bec="0" bev="0" fileid="294" />
                <SequencePoint vc="1" uspid="8159" ordinal="17" offset="233" sl="492" sc="9" el="492" ec="59" bec="0" bev="0" fileid="294" />
                <SequencePoint vc="1" uspid="8160" ordinal="18" offset="255" sl="493" sc="7" el="493" ec="8" bec="0" bev="0" fileid="294" />
                <SequencePoint vc="2" uspid="8161" ordinal="19" offset="260" sl="494" sc="12" el="494" ec="165" bec="4" bev="4" fileid="294" />
                <SequencePoint vc="1" uspid="8162" ordinal="20" offset="306" sl="498" sc="11" el="498" ec="59" bec="2" bev="1" fileid="294" />
                <SequencePoint vc="1" uspid="8163" ordinal="21" offset="319" sl="500" sc="13" el="500" ec="48" bec="0" bev="0" fileid="294" />
                <SequencePoint vc="1" uspid="8164" ordinal="22" offset="325" sl="501" sc="13" el="501" ec="47" bec="0" bev="0" fileid="294" />
                <SequencePoint vc="1" uspid="8165" ordinal="23" offset="328" sl="502" sc="13" el="502" ec="49" bec="0" bev="0" fileid="294" />
                <SequencePoint vc="1" uspid="8166" ordinal="24" offset="336" sl="503" sc="13" el="503" ec="66" bec="0" bev="0" fileid="294" />
                <SequencePoint vc="1" uspid="8167" ordinal="25" offset="359" sl="504" sc="11" el="504" ec="12" bec="0" bev="0" fileid="294" />
                <SequencePoint vc="0" uspid="8168" ordinal="26" offset="361" sl="507" sc="13" el="507" ec="48" bec="0" bev="0" fileid="294" />
                <SequencePoint vc="0" uspid="8169" ordinal="27" offset="367" sl="508" sc="13" el="508" ec="64" bec="0" bev="0" fileid="294" />
                <SequencePoint vc="1" uspid="8170" ordinal="28" offset="389" sl="510" sc="9" el="510" ec="10" bec="0" bev="0" fileid="294" />
                <SequencePoint vc="0" uspid="8171" ordinal="29" offset="391" sl="511" sc="9" el="511" ec="14" bec="0" bev="0" fileid="294" />
                <SequencePoint vc="0" uspid="8172" ordinal="30" offset="392" sl="513" sc="11" el="513" ec="46" bec="0" bev="0" fileid="294" />
                <SequencePoint vc="0" uspid="8173" ordinal="31" offset="398" sl="514" sc="11" el="514" ec="62" bec="0" bev="0" fileid="294" />
                <SequencePoint vc="0" uspid="8174" ordinal="32" offset="420" sl="515" sc="9" el="515" ec="10" bec="0" bev="0" fileid="294" />
                <SequencePoint vc="1" uspid="8175" ordinal="33" offset="422" sl="519" sc="9" el="519" ec="44" bec="0" bev="0" fileid="294" />
                <SequencePoint vc="1" uspid="8176" ordinal="34" offset="428" sl="520" sc="9" el="520" ec="60" bec="0" bev="0" fileid="294" />
                <SequencePoint vc="3" uspid="8177" ordinal="35" offset="450" sl="523" sc="7" el="523" ec="81" bec="0" bev="0" fileid="294" />
                <SequencePoint vc="3" uspid="8178" ordinal="36" offset="463" sl="524" sc="7" el="524" ec="29" bec="2" bev="1" fileid="294" />
                <SequencePoint vc="0" uspid="8179" ordinal="37" offset="466" sl="525" sc="9" el="525" ec="22" bec="0" bev="0" fileid="294" />
                <SequencePoint vc="3" uspid="8180" ordinal="38" offset="468" sl="527" sc="7" el="527" ec="46" bec="0" bev="0" fileid="294" />
                <SequencePoint vc="3" uspid="8181" ordinal="39" offset="486" sl="528" sc="7" el="528" ec="34" bec="0" bev="0" fileid="294" />
              </SequencePoints>
              <BranchPoints>
                <BranchPoint vc="0" uspid="8182" ordinal="0" offset="1" sl="469" path="0" offsetend="3" fileid="294" />
                <BranchPoint vc="3" uspid="8183" ordinal="1" offset="1" sl="469" path="1" offsetend="14" fileid="294" />
                <BranchPoint vc="0" uspid="8184" ordinal="2" offset="20" sl="471" path="0" offsetend="22" fileid="294" />
                <BranchPoint vc="3" uspid="8185" ordinal="3" offset="20" sl="471" path="1" offsetend="33" fileid="294" />
                <BranchPoint vc="0" uspid="8186" ordinal="4" offset="43" sl="473" path="0" offsetend="45" fileid="294" />
                <BranchPoint vc="3" uspid="8187" ordinal="5" offset="43" sl="473" path="1" offsetend="51" fileid="294" />
                <BranchPoint vc="0" uspid="8188" ordinal="6" offset="72" sl="478" path="0" offsetend="74" fileid="294" />
                <BranchPoint vc="3" uspid="8189" ordinal="7" offset="72" sl="478" path="1" offsetend="78" fileid="294" />
                <BranchPoint vc="2" uspid="8190" ordinal="8" offset="212" sl="489" path="0" offsetend="214" fileid="294" />
                <BranchPoint vc="1" uspid="8191" ordinal="9" offset="212" sl="489" path="1" offsetend="227" fileid="294" />
                <BranchPoint vc="1" uspid="8192" ordinal="10" offset="225" sl="489" path="0" offsetend="227" fileid="294" />
                <BranchPoint vc="2" uspid="8193" ordinal="11" offset="225" sl="489" path="1" offsetend="260" fileid="294" />
                <BranchPoint vc="2" uspid="8194" ordinal="12" offset="271" sl="494" path="0" offsetend="276" fileid="294" />
                <BranchPoint vc="0" uspid="8195" ordinal="13" offset="271" sl="494" path="1" offsetend="422" fileid="294" />
                <BranchPoint vc="2" uspid="8196" ordinal="14" offset="287" sl="494" path="0" offsetend="292" fileid="294" />
                <BranchPoint vc="0" uspid="8197" ordinal="15" offset="287" sl="494" path="1" offsetend="422" fileid="294" />
                <BranchPoint vc="1" uspid="8198" ordinal="16" offset="304" sl="494" path="0" offsetend="306" fileid="294" />
                <BranchPoint vc="1" uspid="8199" ordinal="17" offset="304" sl="494" path="1" offsetend="422" fileid="294" />
                <BranchPoint vc="1" uspid="8200" ordinal="18" offset="317" sl="498" path="0" offsetend="319" fileid="294" />
                <BranchPoint vc="0" uspid="8201" ordinal="19" offset="317" sl="498" path="1" offsetend="361" fileid="294" />
                <BranchPoint vc="0" uspid="8202" ordinal="20" offset="464" sl="524" path="0" offsetend="466" fileid="294" />
                <BranchPoint vc="3" uspid="8203" ordinal="21" offset="464" sl="524" path="1" offsetend="468" fileid="294" />
              </BranchPoints>
              <MethodPoint xsi:type="SequencePoint" vc="3" uspid="8142" ordinal="0" offset="0" sl="469" sc="7" el="469" ec="28" bec="2" bev="1" fileid="294" />
            </Method>
            <Method visited="true" cyclomaticComplexity="7" nPathComplexity="32" sequenceCoverage="66.67" branchCoverage="54.55" isConstructor="false" isStatic="false" isGetter="false" isSetter="false">
              <Summary numSequencePoints="18" visitedSequencePoints="12" numBranchPoints="11" visitedBranchPoints="6" sequenceCoverage="66.67" branchCoverage="54.55" maxCyclomaticComplexity="7" minCyclomaticComplexity="7" visitedClasses="0" numClasses="0" visitedMethods="1" numMethods="1" />
              <MetadataToken>100665339</MetadataToken>
              <Name>System.Void IBM.Watson.DeveloperCloud.Services.AlchemyAPI.v1.AlchemyAPI::OnGetEmotionsResponse(IBM.Watson.DeveloperCloud.Connection.RESTConnector/Request,IBM.Watson.DeveloperCloud.Connection.RESTConnector/Response)</Name>
              <FileRef uid="294" />
              <SequencePoints>
                <SequencePoint vc="3" uspid="8204" ordinal="0" offset="0" sl="548" sc="7" el="548" ec="51" bec="0" bev="0" fileid="294" />
                <SequencePoint vc="3" uspid="8205" ordinal="1" offset="6" sl="549" sc="7" el="549" ec="24" bec="2" bev="1" fileid="294" />
                <SequencePoint vc="3" uspid="8206" ordinal="2" offset="17" sl="553" sc="11" el="553" ec="30" bec="0" bev="0" fileid="294" />
                <SequencePoint vc="3" uspid="8207" ordinal="3" offset="19" sl="554" sc="11" el="554" ec="89" bec="0" bev="0" fileid="294" />
                <SequencePoint vc="3" uspid="8208" ordinal="4" offset="43" sl="555" sc="11" el="555" ec="28" bec="2" bev="1" fileid="294" />
                <SequencePoint vc="0" uspid="8209" ordinal="5" offset="52" sl="556" sc="13" el="556" ec="60" bec="0" bev="0" fileid="294" />
                <SequencePoint vc="3" uspid="8210" ordinal="6" offset="65" sl="558" sc="11" el="558" ec="36" bec="0" bev="0" fileid="294" />
                <SequencePoint vc="3" uspid="8211" ordinal="7" offset="67" sl="559" sc="11" el="559" ec="74" bec="0" bev="0" fileid="294" />
                <SequencePoint vc="3" uspid="8212" ordinal="8" offset="87" sl="560" sc="11" el="560" ec="28" bec="2" bev="1" fileid="294" />
                <SequencePoint vc="0" uspid="8213" ordinal="9" offset="96" sl="561" sc="13" el="561" ec="60" bec="0" bev="0" fileid="294" />
                <SequencePoint vc="3" uspid="8214" ordinal="10" offset="109" sl="562" sc="9" el="562" ec="10" bec="0" bev="0" fileid="294" />
                <SequencePoint vc="0" uspid="8215" ordinal="11" offset="111" sl="563" sc="9" el="563" ec="28" bec="0" bev="0" fileid="294" />
                <SequencePoint vc="0" uspid="8216" ordinal="12" offset="113" sl="565" sc="11" el="565" ec="94" bec="0" bev="0" fileid="294" />
                <SequencePoint vc="0" uspid="8217" ordinal="13" offset="144" sl="566" sc="11" el="566" ec="32" bec="0" bev="0" fileid="294" />
                <SequencePoint vc="0" uspid="8218" ordinal="14" offset="151" sl="567" sc="9" el="567" ec="10" bec="0" bev="0" fileid="294" />
                <SequencePoint vc="3" uspid="8219" ordinal="15" offset="153" sl="570" sc="7" el="570" ec="54" bec="2" bev="1" fileid="294" />
                <SequencePoint vc="3" uspid="8220" ordinal="16" offset="166" sl="571" sc="9" el="571" ec="111" bec="2" bev="1" fileid="294" />
                <SequencePoint vc="3" uspid="8221" ordinal="17" offset="205" sl="572" sc="5" el="572" ec="6" bec="0" bev="0" fileid="294" />
              </SequencePoints>
              <BranchPoints>
                <BranchPoint vc="3" uspid="8222" ordinal="0" offset="12" sl="549" path="0" offsetend="17" fileid="294" />
                <BranchPoint vc="0" uspid="8223" ordinal="1" offset="12" sl="549" path="1" offsetend="153" fileid="294" />
                <BranchPoint vc="0" uspid="8224" ordinal="2" offset="50" sl="555" path="0" offsetend="52" fileid="294" />
                <BranchPoint vc="3" uspid="8225" ordinal="3" offset="50" sl="555" path="1" offsetend="65" fileid="294" />
                <BranchPoint vc="0" uspid="8226" ordinal="4" offset="94" sl="560" path="0" offsetend="96" fileid="294" />
                <BranchPoint vc="3" uspid="8227" ordinal="5" offset="94" sl="560" path="1" offsetend="109" fileid="294" />
                <BranchPoint vc="3" uspid="8228" ordinal="6" offset="164" sl="570" path="0" offsetend="166" fileid="294" />
                <BranchPoint vc="0" uspid="8229" ordinal="7" offset="164" sl="570" path="1" offsetend="205" fileid="294" />
                <BranchPoint vc="0" uspid="8230" ordinal="8" offset="183" sl="571" path="0" offsetend="185" fileid="294" />
                <BranchPoint vc="3" uspid="8231" ordinal="9" offset="183" sl="571" path="1" offsetend="188" fileid="294" />
              </BranchPoints>
              <MethodPoint xsi:type="SequencePoint" vc="3" uspid="8204" ordinal="0" offset="0" sl="548" sc="7" el="548" ec="51" bec="0" bev="0" fileid="294" />
            </Method>
            <Method visited="true" cyclomaticComplexity="13" nPathComplexity="2048" sequenceCoverage="79.17" branchCoverage="65.22" isConstructor="false" isStatic="false" isGetter="false" isSetter="false">
              <Summary numSequencePoints="48" visitedSequencePoints="38" numBranchPoints="23" visitedBranchPoints="15" sequenceCoverage="79.17" branchCoverage="65.22" maxCyclomaticComplexity="13" minCyclomaticComplexity="13" visitedClasses="0" numClasses="0" visitedMethods="1" numMethods="1" />
              <MetadataToken>100665340</MetadataToken>
              <Name>System.Boolean IBM.Watson.DeveloperCloud.Services.AlchemyAPI.v1.AlchemyAPI::ExtractEntities(IBM.Watson.DeveloperCloud.Services.AlchemyAPI.v1.AlchemyAPI/OnGetEntities,System.String,System.Int32,System.Boolean,System.Boolean,System.Boolean,System.Boolean,System.Boolean,System.Boolean,System.Boolean,System.Boolean,System.String)</Name>
              <FileRef uid="294" />
              <SequencePoints>
                <SequencePoint vc="3" uspid="8232" ordinal="0" offset="0" sl="613" sc="7" el="613" ec="28" bec="2" bev="1" fileid="294" />
                <SequencePoint vc="0" uspid="8233" ordinal="1" offset="3" sl="614" sc="9" el="614" ec="53" bec="0" bev="0" fileid="294" />
                <SequencePoint vc="3" uspid="8234" ordinal="2" offset="14" sl="615" sc="7" el="615" ec="40" bec="2" bev="1" fileid="294" />
                <SequencePoint vc="0" uspid="8235" ordinal="3" offset="22" sl="616" sc="9" el="616" ec="83" bec="0" bev="0" fileid="294" />
                <SequencePoint vc="3" uspid="8236" ordinal="4" offset="33" sl="617" sc="7" el="617" ec="43" bec="2" bev="1" fileid="294" />
                <SequencePoint vc="0" uspid="8237" ordinal="5" offset="45" sl="618" sc="9" el="618" ec="26" bec="0" bev="0" fileid="294" />
                <SequencePoint vc="3" uspid="8238" ordinal="6" offset="51" sl="620" sc="7" el="620" ec="57" bec="0" bev="0" fileid="294" />
                <SequencePoint vc="3" uspid="8239" ordinal="7" offset="57" sl="621" sc="7" el="621" ec="31" bec="0" bev="0" fileid="294" />
                <SequencePoint vc="3" uspid="8240" ordinal="8" offset="64" sl="622" sc="7" el="622" ec="73" bec="2" bev="1" fileid="294" />
                <SequencePoint vc="3" uspid="8241" ordinal="9" offset="84" sl="624" sc="7" el="624" ec="44" bec="0" bev="0" fileid="294" />
                <SequencePoint vc="3" uspid="8242" ordinal="10" offset="105" sl="625" sc="7" el="625" ec="45" bec="0" bev="0" fileid="294" />
                <SequencePoint vc="3" uspid="8243" ordinal="11" offset="126" sl="626" sc="7" el="626" ec="79" bec="0" bev="0" fileid="294" />
                <SequencePoint vc="3" uspid="8244" ordinal="12" offset="157" sl="627" sc="7" el="627" ec="86" bec="0" bev="0" fileid="294" />
                <SequencePoint vc="3" uspid="8245" ordinal="13" offset="189" sl="628" sc="7" el="628" ec="81" bec="0" bev="0" fileid="294" />
                <SequencePoint vc="3" uspid="8246" ordinal="14" offset="221" sl="629" sc="7" el="629" ec="92" bec="0" bev="0" fileid="294" />
                <SequencePoint vc="3" uspid="8247" ordinal="15" offset="253" sl="630" sc="7" el="630" ec="84" bec="0" bev="0" fileid="294" />
                <SequencePoint vc="3" uspid="8248" ordinal="16" offset="285" sl="631" sc="7" el="631" ec="84" bec="0" bev="0" fileid="294" />
                <SequencePoint vc="3" uspid="8249" ordinal="17" offset="317" sl="632" sc="7" el="632" ec="82" bec="0" bev="0" fileid="294" />
                <SequencePoint vc="3" uspid="8250" ordinal="18" offset="349" sl="633" sc="7" el="633" ec="88" bec="0" bev="0" fileid="294" />
                <SequencePoint vc="3" uspid="8251" ordinal="19" offset="381" sl="634" sc="7" el="634" ec="100" bec="0" bev="0" fileid="294" />
                <SequencePoint vc="3" uspid="8252" ordinal="20" offset="413" sl="636" sc="7" el="636" ec="73" bec="0" bev="0" fileid="294" />
                <SequencePoint vc="3" uspid="8253" ordinal="21" offset="434" sl="637" sc="7" el="637" ec="64" bec="0" bev="0" fileid="294" />
                <SequencePoint vc="3" uspid="8254" ordinal="22" offset="445" sl="640" sc="7" el="640" ec="57" bec="0" bev="0" fileid="294" />
                <SequencePoint vc="3" uspid="8255" ordinal="23" offset="457" sl="641" sc="7" el="641" ec="93" bec="3" bev="3" fileid="294" />
                <SequencePoint vc="1" uspid="8256" ordinal="24" offset="483" sl="643" sc="9" el="643" ec="53" bec="0" bev="0" fileid="294" />
                <SequencePoint vc="1" uspid="8257" ordinal="25" offset="489" sl="644" sc="9" el="644" ec="59" bec="0" bev="0" fileid="294" />
                <SequencePoint vc="1" uspid="8258" ordinal="26" offset="511" sl="645" sc="7" el="645" ec="8" bec="0" bev="0" fileid="294" />
                <SequencePoint vc="2" uspid="8259" ordinal="27" offset="516" sl="646" sc="12" el="646" ec="165" bec="4" bev="4" fileid="294" />
                <SequencePoint vc="1" uspid="8260" ordinal="28" offset="562" sl="650" sc="11" el="650" ec="59" bec="2" bev="1" fileid="294" />
                <SequencePoint vc="1" uspid="8261" ordinal="29" offset="575" sl="652" sc="13" el="652" ec="58" bec="0" bev="0" fileid="294" />
                <SequencePoint vc="1" uspid="8262" ordinal="30" offset="581" sl="653" sc="13" el="653" ec="47" bec="0" bev="0" fileid="294" />
                <SequencePoint vc="1" uspid="8263" ordinal="31" offset="584" sl="654" sc="13" el="654" ec="49" bec="0" bev="0" fileid="294" />
                <SequencePoint vc="1" uspid="8264" ordinal="32" offset="592" sl="655" sc="13" el="655" ec="66" bec="0" bev="0" fileid="294" />
                <SequencePoint vc="1" uspid="8265" ordinal="33" offset="615" sl="656" sc="11" el="656" ec="12" bec="0" bev="0" fileid="294" />
                <SequencePoint vc="0" uspid="8266" ordinal="34" offset="617" sl="659" sc="13" el="659" ec="58" bec="0" bev="0" fileid="294" />
                <SequencePoint vc="0" uspid="8267" ordinal="35" offset="623" sl="660" sc="13" el="660" ec="64" bec="0" bev="0" fileid="294" />
                <SequencePoint vc="1" uspid="8268" ordinal="36" offset="645" sl="662" sc="9" el="662" ec="10" bec="0" bev="0" fileid="294" />
                <SequencePoint vc="0" uspid="8269" ordinal="37" offset="647" sl="663" sc="9" el="663" ec="14" bec="0" bev="0" fileid="294" />
                <SequencePoint vc="0" uspid="8270" ordinal="38" offset="648" sl="665" sc="11" el="665" ec="56" bec="0" bev="0" fileid="294" />
                <SequencePoint vc="0" uspid="8271" ordinal="39" offset="654" sl="666" sc="11" el="666" ec="62" bec="0" bev="0" fileid="294" />
                <SequencePoint vc="0" uspid="8272" ordinal="40" offset="676" sl="667" sc="9" el="667" ec="10" bec="0" bev="0" fileid="294" />
                <SequencePoint vc="1" uspid="8273" ordinal="41" offset="678" sl="671" sc="9" el="671" ec="54" bec="0" bev="0" fileid="294" />
                <SequencePoint vc="1" uspid="8274" ordinal="42" offset="684" sl="672" sc="9" el="672" ec="60" bec="0" bev="0" fileid="294" />
                <SequencePoint vc="3" uspid="8275" ordinal="43" offset="706" sl="675" sc="7" el="675" ec="81" bec="0" bev="0" fileid="294" />
                <SequencePoint vc="3" uspid="8276" ordinal="44" offset="719" sl="676" sc="7" el="676" ec="29" bec="2" bev="1" fileid="294" />
                <SequencePoint vc="0" uspid="8277" ordinal="45" offset="722" sl="677" sc="9" el="677" ec="22" bec="0" bev="0" fileid="294" />
                <SequencePoint vc="3" uspid="8278" ordinal="46" offset="724" sl="679" sc="7" el="679" ec="46" bec="0" bev="0" fileid="294" />
                <SequencePoint vc="3" uspid="8279" ordinal="47" offset="742" sl="680" sc="7" el="680" ec="34" bec="0" bev="0" fileid="294" />
              </SequencePoints>
              <BranchPoints>
                <BranchPoint vc="0" uspid="8280" ordinal="0" offset="1" sl="613" path="0" offsetend="3" fileid="294" />
                <BranchPoint vc="3" uspid="8281" ordinal="1" offset="1" sl="613" path="1" offsetend="14" fileid="294" />
                <BranchPoint vc="0" uspid="8282" ordinal="2" offset="20" sl="615" path="0" offsetend="22" fileid="294" />
                <BranchPoint vc="3" uspid="8283" ordinal="3" offset="20" sl="615" path="1" offsetend="33" fileid="294" />
                <BranchPoint vc="0" uspid="8284" ordinal="4" offset="43" sl="617" path="0" offsetend="45" fileid="294" />
                <BranchPoint vc="3" uspid="8285" ordinal="5" offset="43" sl="617" path="1" offsetend="51" fileid="294" />
                <BranchPoint vc="0" uspid="8286" ordinal="6" offset="72" sl="622" path="0" offsetend="74" fileid="294" />
                <BranchPoint vc="3" uspid="8287" ordinal="7" offset="72" sl="622" path="1" offsetend="78" fileid="294" />
                <BranchPoint vc="2" uspid="8288" ordinal="8" offset="468" sl="641" path="0" offsetend="470" fileid="294" />
                <BranchPoint vc="1" uspid="8289" ordinal="9" offset="468" sl="641" path="1" offsetend="483" fileid="294" />
                <BranchPoint vc="1" uspid="8290" ordinal="10" offset="481" sl="641" path="0" offsetend="483" fileid="294" />
                <BranchPoint vc="2" uspid="8291" ordinal="11" offset="481" sl="641" path="1" offsetend="516" fileid="294" />
                <BranchPoint vc="2" uspid="8292" ordinal="12" offset="527" sl="646" path="0" offsetend="532" fileid="294" />
                <BranchPoint vc="0" uspid="8293" ordinal="13" offset="527" sl="646" path="1" offsetend="678" fileid="294" />
                <BranchPoint vc="2" uspid="8294" ordinal="14" offset="543" sl="646" path="0" offsetend="548" fileid="294" />
                <BranchPoint vc="0" uspid="8295" ordinal="15" offset="543" sl="646" path="1" offsetend="678" fileid="294" />
                <BranchPoint vc="1" uspid="8296" ordinal="16" offset="560" sl="646" path="0" offsetend="562" fileid="294" />
                <BranchPoint vc="1" uspid="8297" ordinal="17" offset="560" sl="646" path="1" offsetend="678" fileid="294" />
                <BranchPoint vc="1" uspid="8298" ordinal="18" offset="573" sl="650" path="0" offsetend="575" fileid="294" />
                <BranchPoint vc="0" uspid="8299" ordinal="19" offset="573" sl="650" path="1" offsetend="617" fileid="294" />
                <BranchPoint vc="0" uspid="8300" ordinal="20" offset="720" sl="676" path="0" offsetend="722" fileid="294" />
                <BranchPoint vc="3" uspid="8301" ordinal="21" offset="720" sl="676" path="1" offsetend="724" fileid="294" />
              </BranchPoints>
              <MethodPoint xsi:type="SequencePoint" vc="3" uspid="8232" ordinal="0" offset="0" sl="613" sc="7" el="613" ec="28" bec="2" bev="1" fileid="294" />
            </Method>
            <Method visited="true" cyclomaticComplexity="7" nPathComplexity="32" sequenceCoverage="66.67" branchCoverage="54.55" isConstructor="false" isStatic="false" isGetter="false" isSetter="false">
              <Summary numSequencePoints="18" visitedSequencePoints="12" numBranchPoints="11" visitedBranchPoints="6" sequenceCoverage="66.67" branchCoverage="54.55" maxCyclomaticComplexity="7" minCyclomaticComplexity="7" visitedClasses="0" numClasses="0" visitedMethods="1" numMethods="1" />
              <MetadataToken>100665341</MetadataToken>
              <Name>System.Void IBM.Watson.DeveloperCloud.Services.AlchemyAPI.v1.AlchemyAPI::OnGetEntitiesResponse(IBM.Watson.DeveloperCloud.Connection.RESTConnector/Request,IBM.Watson.DeveloperCloud.Connection.RESTConnector/Response)</Name>
              <FileRef uid="294" />
              <SequencePoints>
                <SequencePoint vc="3" uspid="8302" ordinal="0" offset="0" sl="700" sc="7" el="700" ec="48" bec="0" bev="0" fileid="294" />
                <SequencePoint vc="3" uspid="8303" ordinal="1" offset="6" sl="701" sc="7" el="701" ec="24" bec="2" bev="1" fileid="294" />
                <SequencePoint vc="3" uspid="8304" ordinal="2" offset="17" sl="705" sc="11" el="705" ec="30" bec="0" bev="0" fileid="294" />
                <SequencePoint vc="3" uspid="8305" ordinal="3" offset="19" sl="706" sc="11" el="706" ec="89" bec="0" bev="0" fileid="294" />
                <SequencePoint vc="3" uspid="8306" ordinal="4" offset="43" sl="707" sc="11" el="707" ec="28" bec="2" bev="1" fileid="294" />
                <SequencePoint vc="0" uspid="8307" ordinal="5" offset="52" sl="708" sc="13" el="708" ec="60" bec="0" bev="0" fileid="294" />
                <SequencePoint vc="3" uspid="8308" ordinal="6" offset="65" sl="710" sc="11" el="710" ec="35" bec="0" bev="0" fileid="294" />
                <SequencePoint vc="3" uspid="8309" ordinal="7" offset="67" sl="711" sc="11" el="711" ec="74" bec="0" bev="0" fileid="294" />
                <SequencePoint vc="3" uspid="8310" ordinal="8" offset="87" sl="712" sc="11" el="712" ec="28" bec="2" bev="1" fileid="294" />
                <SequencePoint vc="0" uspid="8311" ordinal="9" offset="96" sl="713" sc="13" el="713" ec="60" bec="0" bev="0" fileid="294" />
                <SequencePoint vc="3" uspid="8312" ordinal="10" offset="109" sl="714" sc="9" el="714" ec="10" bec="0" bev="0" fileid="294" />
                <SequencePoint vc="0" uspid="8313" ordinal="11" offset="111" sl="715" sc="9" el="715" ec="28" bec="0" bev="0" fileid="294" />
                <SequencePoint vc="0" uspid="8314" ordinal="12" offset="113" sl="717" sc="11" el="717" ec="94" bec="0" bev="0" fileid="294" />
                <SequencePoint vc="0" uspid="8315" ordinal="13" offset="144" sl="718" sc="11" el="718" ec="32" bec="0" bev="0" fileid="294" />
                <SequencePoint vc="0" uspid="8316" ordinal="14" offset="151" sl="719" sc="9" el="719" ec="10" bec="0" bev="0" fileid="294" />
                <SequencePoint vc="3" uspid="8317" ordinal="15" offset="153" sl="722" sc="7" el="722" ec="54" bec="2" bev="1" fileid="294" />
                <SequencePoint vc="3" uspid="8318" ordinal="16" offset="166" sl="723" sc="9" el="723" ec="110" bec="2" bev="1" fileid="294" />
                <SequencePoint vc="3" uspid="8319" ordinal="17" offset="205" sl="724" sc="5" el="724" ec="6" bec="0" bev="0" fileid="294" />
              </SequencePoints>
              <BranchPoints>
                <BranchPoint vc="3" uspid="8320" ordinal="0" offset="12" sl="701" path="0" offsetend="17" fileid="294" />
                <BranchPoint vc="0" uspid="8321" ordinal="1" offset="12" sl="701" path="1" offsetend="153" fileid="294" />
                <BranchPoint vc="0" uspid="8322" ordinal="2" offset="50" sl="707" path="0" offsetend="52" fileid="294" />
                <BranchPoint vc="3" uspid="8323" ordinal="3" offset="50" sl="707" path="1" offsetend="65" fileid="294" />
                <BranchPoint vc="0" uspid="8324" ordinal="4" offset="94" sl="712" path="0" offsetend="96" fileid="294" />
                <BranchPoint vc="3" uspid="8325" ordinal="5" offset="94" sl="712" path="1" offsetend="109" fileid="294" />
                <BranchPoint vc="3" uspid="8326" ordinal="6" offset="164" sl="722" path="0" offsetend="166" fileid="294" />
                <BranchPoint vc="0" uspid="8327" ordinal="7" offset="164" sl="722" path="1" offsetend="205" fileid="294" />
                <BranchPoint vc="0" uspid="8328" ordinal="8" offset="183" sl="723" path="0" offsetend="185" fileid="294" />
                <BranchPoint vc="3" uspid="8329" ordinal="9" offset="183" sl="723" path="1" offsetend="188" fileid="294" />
              </BranchPoints>
              <MethodPoint xsi:type="SequencePoint" vc="3" uspid="8302" ordinal="0" offset="0" sl="700" sc="7" el="700" ec="48" bec="0" bev="0" fileid="294" />
            </Method>
            <Method visited="true" cyclomaticComplexity="11" nPathComplexity="512" sequenceCoverage="67.86" branchCoverage="42.11" isConstructor="false" isStatic="false" isGetter="false" isSetter="false">
              <Summary numSequencePoints="28" visitedSequencePoints="19" numBranchPoints="19" visitedBranchPoints="8" sequenceCoverage="67.86" branchCoverage="42.11" maxCyclomaticComplexity="11" minCyclomaticComplexity="11" visitedClasses="0" numClasses="0" visitedMethods="1" numMethods="1" />
              <MetadataToken>100665342</MetadataToken>
              <Name>System.Boolean IBM.Watson.DeveloperCloud.Services.AlchemyAPI.v1.AlchemyAPI::DetectFeeds(IBM.Watson.DeveloperCloud.Services.AlchemyAPI.v1.AlchemyAPI/OnDetectFeeds,System.String,System.String)</Name>
              <FileRef uid="294" />
              <SequencePoints>
                <SequencePoint vc="1" uspid="8330" ordinal="0" offset="0" sl="745" sc="7" el="745" ec="28" bec="2" bev="1" fileid="294" />
                <SequencePoint vc="0" uspid="8331" ordinal="1" offset="3" sl="746" sc="9" el="746" ec="53" bec="0" bev="0" fileid="294" />
                <SequencePoint vc="1" uspid="8332" ordinal="2" offset="14" sl="747" sc="7" el="747" ec="40" bec="2" bev="1" fileid="294" />
                <SequencePoint vc="0" uspid="8333" ordinal="3" offset="22" sl="748" sc="9" el="748" ec="79" bec="0" bev="0" fileid="294" />
                <SequencePoint vc="1" uspid="8334" ordinal="4" offset="33" sl="749" sc="7" el="749" ec="43" bec="2" bev="1" fileid="294" />
                <SequencePoint vc="0" uspid="8335" ordinal="5" offset="45" sl="750" sc="9" el="750" ec="26" bec="0" bev="0" fileid="294" />
                <SequencePoint vc="1" uspid="8336" ordinal="6" offset="51" sl="752" sc="7" el="752" ec="57" bec="0" bev="0" fileid="294" />
                <SequencePoint vc="1" uspid="8337" ordinal="7" offset="57" sl="753" sc="7" el="753" ec="31" bec="0" bev="0" fileid="294" />
                <SequencePoint vc="1" uspid="8338" ordinal="8" offset="64" sl="754" sc="7" el="754" ec="73" bec="2" bev="1" fileid="294" />
                <SequencePoint vc="1" uspid="8339" ordinal="9" offset="82" sl="756" sc="7" el="756" ec="44" bec="0" bev="0" fileid="294" />
                <SequencePoint vc="1" uspid="8340" ordinal="10" offset="103" sl="757" sc="7" el="757" ec="45" bec="0" bev="0" fileid="294" />
                <SequencePoint vc="1" uspid="8341" ordinal="11" offset="124" sl="759" sc="7" el="759" ec="73" bec="0" bev="0" fileid="294" />
                <SequencePoint vc="1" uspid="8342" ordinal="12" offset="145" sl="760" sc="7" el="760" ec="64" bec="0" bev="0" fileid="294" />
                <SequencePoint vc="1" uspid="8343" ordinal="13" offset="156" sl="763" sc="7" el="763" ec="57" bec="0" bev="0" fileid="294" />
                <SequencePoint vc="1" uspid="8344" ordinal="14" offset="168" sl="764" sc="7" el="764" ec="93" bec="3" bev="2" fileid="294" />
                <SequencePoint vc="1" uspid="8345" ordinal="15" offset="194" sl="766" sc="9" el="766" ec="44" bec="0" bev="0" fileid="294" />
                <SequencePoint vc="1" uspid="8346" ordinal="16" offset="200" sl="767" sc="9" el="767" ec="59" bec="0" bev="0" fileid="294" />
                <SequencePoint vc="1" uspid="8347" ordinal="17" offset="222" sl="768" sc="7" el="768" ec="8" bec="0" bev="0" fileid="294" />
                <SequencePoint vc="0" uspid="8348" ordinal="18" offset="224" sl="769" sc="12" el="769" ec="165" bec="3" bev="0" fileid="294" />
                <SequencePoint vc="0" uspid="8349" ordinal="19" offset="264" sl="771" sc="9" el="771" ec="84" bec="0" bev="0" fileid="294" />
                <SequencePoint vc="0" uspid="8350" ordinal="20" offset="285" sl="772" sc="9" el="772" ec="22" bec="0" bev="0" fileid="294" />
                <SequencePoint vc="0" uspid="8351" ordinal="21" offset="287" sl="780" sc="9" el="780" ec="84" bec="0" bev="0" fileid="294" />
                <SequencePoint vc="0" uspid="8352" ordinal="22" offset="308" sl="781" sc="9" el="781" ec="22" bec="0" bev="0" fileid="294" />
                <SequencePoint vc="1" uspid="8353" ordinal="23" offset="310" sl="784" sc="7" el="784" ec="81" bec="0" bev="0" fileid="294" />
                <SequencePoint vc="1" uspid="8354" ordinal="24" offset="323" sl="785" sc="7" el="785" ec="29" bec="2" bev="1" fileid="294" />
                <SequencePoint vc="0" uspid="8355" ordinal="25" offset="326" sl="786" sc="9" el="786" ec="22" bec="0" bev="0" fileid="294" />
                <SequencePoint vc="1" uspid="8356" ordinal="26" offset="328" sl="788" sc="7" el="788" ec="46" bec="0" bev="0" fileid="294" />
                <SequencePoint vc="1" uspid="8357" ordinal="27" offset="346" sl="789" sc="7" el="789" ec="34" bec="0" bev="0" fileid="294" />
              </SequencePoints>
              <BranchPoints>
                <BranchPoint vc="0" uspid="8358" ordinal="0" offset="1" sl="745" path="0" offsetend="3" fileid="294" />
                <BranchPoint vc="1" uspid="8359" ordinal="1" offset="1" sl="745" path="1" offsetend="14" fileid="294" />
                <BranchPoint vc="0" uspid="8360" ordinal="2" offset="20" sl="747" path="0" offsetend="22" fileid="294" />
                <BranchPoint vc="1" uspid="8361" ordinal="3" offset="20" sl="747" path="1" offsetend="33" fileid="294" />
                <BranchPoint vc="0" uspid="8362" ordinal="4" offset="43" sl="749" path="0" offsetend="45" fileid="294" />
                <BranchPoint vc="1" uspid="8363" ordinal="5" offset="43" sl="749" path="1" offsetend="51" fileid="294" />
                <BranchPoint vc="0" uspid="8364" ordinal="6" offset="71" sl="754" path="0" offsetend="73" fileid="294" />
                <BranchPoint vc="1" uspid="8365" ordinal="7" offset="71" sl="754" path="1" offsetend="76" fileid="294" />
                <BranchPoint vc="1" uspid="8366" ordinal="8" offset="179" sl="764" path="0" offsetend="181" fileid="294" />
                <BranchPoint vc="0" uspid="8367" ordinal="9" offset="179" sl="764" path="1" offsetend="194" fileid="294" />
                <BranchPoint vc="1" uspid="8368" ordinal="10" offset="192" sl="764" path="0" offsetend="194" fileid="294" />
                <BranchPoint vc="0" uspid="8369" ordinal="11" offset="192" sl="764" path="1" offsetend="224" fileid="294" />
                <BranchPoint vc="0" uspid="8370" ordinal="12" offset="235" sl="769" path="0" offsetend="237" fileid="294" />
                <BranchPoint vc="0" uspid="8371" ordinal="13" offset="235" sl="769" path="1" offsetend="287" fileid="294" />
                <BranchPoint vc="0" uspid="8372" ordinal="14" offset="248" sl="769" path="0" offsetend="250" fileid="294" />
                <BranchPoint vc="0" uspid="8373" ordinal="15" offset="248" sl="769" path="1" offsetend="287" fileid="294" />
                <BranchPoint vc="0" uspid="8374" ordinal="16" offset="324" sl="785" path="0" offsetend="326" fileid="294" />
                <BranchPoint vc="1" uspid="8375" ordinal="17" offset="324" sl="785" path="1" offsetend="328" fileid="294" />
              </BranchPoints>
              <MethodPoint xsi:type="SequencePoint" vc="1" uspid="8330" ordinal="0" offset="0" sl="745" sc="7" el="745" ec="28" bec="2" bev="1" fileid="294" />
            </Method>
            <Method visited="true" cyclomaticComplexity="7" nPathComplexity="32" sequenceCoverage="66.67" branchCoverage="54.55" isConstructor="false" isStatic="false" isGetter="false" isSetter="false">
              <Summary numSequencePoints="18" visitedSequencePoints="12" numBranchPoints="11" visitedBranchPoints="6" sequenceCoverage="66.67" branchCoverage="54.55" maxCyclomaticComplexity="7" minCyclomaticComplexity="7" visitedClasses="0" numClasses="0" visitedMethods="1" numMethods="1" />
              <MetadataToken>100665343</MetadataToken>
              <Name>System.Void IBM.Watson.DeveloperCloud.Services.AlchemyAPI.v1.AlchemyAPI::OnDetectFeedsResponse(IBM.Watson.DeveloperCloud.Connection.RESTConnector/Request,IBM.Watson.DeveloperCloud.Connection.RESTConnector/Response)</Name>
              <FileRef uid="294" />
              <SequencePoints>
                <SequencePoint vc="1" uspid="8376" ordinal="0" offset="0" sl="809" sc="7" el="809" ec="42" bec="0" bev="0" fileid="294" />
                <SequencePoint vc="1" uspid="8377" ordinal="1" offset="6" sl="810" sc="7" el="810" ec="24" bec="2" bev="1" fileid="294" />
                <SequencePoint vc="1" uspid="8378" ordinal="2" offset="17" sl="814" sc="11" el="814" ec="30" bec="0" bev="0" fileid="294" />
                <SequencePoint vc="1" uspid="8379" ordinal="3" offset="19" sl="815" sc="11" el="815" ec="89" bec="0" bev="0" fileid="294" />
                <SequencePoint vc="1" uspid="8380" ordinal="4" offset="43" sl="816" sc="11" el="816" ec="28" bec="2" bev="1" fileid="294" />
                <SequencePoint vc="0" uspid="8381" ordinal="5" offset="52" sl="817" sc="13" el="817" ec="60" bec="0" bev="0" fileid="294" />
                <SequencePoint vc="1" uspid="8382" ordinal="6" offset="65" sl="819" sc="11" el="819" ec="33" bec="0" bev="0" fileid="294" />
                <SequencePoint vc="1" uspid="8383" ordinal="7" offset="67" sl="820" sc="11" el="820" ec="74" bec="0" bev="0" fileid="294" />
                <SequencePoint vc="1" uspid="8384" ordinal="8" offset="87" sl="821" sc="11" el="821" ec="28" bec="2" bev="1" fileid="294" />
                <SequencePoint vc="0" uspid="8385" ordinal="9" offset="96" sl="822" sc="13" el="822" ec="60" bec="0" bev="0" fileid="294" />
                <SequencePoint vc="1" uspid="8386" ordinal="10" offset="109" sl="823" sc="9" el="823" ec="10" bec="0" bev="0" fileid="294" />
                <SequencePoint vc="0" uspid="8387" ordinal="11" offset="111" sl="824" sc="9" el="824" ec="28" bec="0" bev="0" fileid="294" />
                <SequencePoint vc="0" uspid="8388" ordinal="12" offset="113" sl="826" sc="11" el="826" ec="94" bec="0" bev="0" fileid="294" />
                <SequencePoint vc="0" uspid="8389" ordinal="13" offset="144" sl="827" sc="11" el="827" ec="32" bec="0" bev="0" fileid="294" />
                <SequencePoint vc="0" uspid="8390" ordinal="14" offset="151" sl="828" sc="9" el="828" ec="10" bec="0" bev="0" fileid="294" />
                <SequencePoint vc="1" uspid="8391" ordinal="15" offset="153" sl="831" sc="7" el="831" ec="54" bec="2" bev="1" fileid="294" />
                <SequencePoint vc="1" uspid="8392" ordinal="16" offset="166" sl="832" sc="9" el="832" ec="108" bec="2" bev="1" fileid="294" />
                <SequencePoint vc="1" uspid="8393" ordinal="17" offset="205" sl="833" sc="5" el="833" ec="6" bec="0" bev="0" fileid="294" />
              </SequencePoints>
              <BranchPoints>
                <BranchPoint vc="1" uspid="8394" ordinal="0" offset="12" sl="810" path="0" offsetend="17" fileid="294" />
                <BranchPoint vc="0" uspid="8395" ordinal="1" offset="12" sl="810" path="1" offsetend="153" fileid="294" />
                <BranchPoint vc="0" uspid="8396" ordinal="2" offset="50" sl="816" path="0" offsetend="52" fileid="294" />
                <BranchPoint vc="1" uspid="8397" ordinal="3" offset="50" sl="816" path="1" offsetend="65" fileid="294" />
                <BranchPoint vc="0" uspid="8398" ordinal="4" offset="94" sl="821" path="0" offsetend="96" fileid="294" />
                <BranchPoint vc="1" uspid="8399" ordinal="5" offset="94" sl="821" path="1" offsetend="109" fileid="294" />
                <BranchPoint vc="1" uspid="8400" ordinal="6" offset="164" sl="831" path="0" offsetend="166" fileid="294" />
                <BranchPoint vc="0" uspid="8401" ordinal="7" offset="164" sl="831" path="1" offsetend="205" fileid="294" />
                <BranchPoint vc="0" uspid="8402" ordinal="8" offset="183" sl="832" path="0" offsetend="185" fileid="294" />
                <BranchPoint vc="1" uspid="8403" ordinal="9" offset="183" sl="832" path="1" offsetend="188" fileid="294" />
              </BranchPoints>
              <MethodPoint xsi:type="SequencePoint" vc="1" uspid="8376" ordinal="0" offset="0" sl="809" sc="7" el="809" ec="42" bec="0" bev="0" fileid="294" />
            </Method>
            <Method visited="true" cyclomaticComplexity="13" nPathComplexity="2048" sequenceCoverage="77.27" branchCoverage="65.22" isConstructor="false" isStatic="false" isGetter="false" isSetter="false">
              <Summary numSequencePoints="44" visitedSequencePoints="34" numBranchPoints="23" visitedBranchPoints="15" sequenceCoverage="77.27" branchCoverage="65.22" maxCyclomaticComplexity="13" minCyclomaticComplexity="13" visitedClasses="0" numClasses="0" visitedMethods="1" numMethods="1" />
              <MetadataToken>100665344</MetadataToken>
              <Name>System.Boolean IBM.Watson.DeveloperCloud.Services.AlchemyAPI.v1.AlchemyAPI::ExtractKeywords(IBM.Watson.DeveloperCloud.Services.AlchemyAPI.v1.AlchemyAPI/OnGetKeywords,System.String,System.Int32,System.Boolean,System.Boolean,System.Boolean,System.String)</Name>
              <FileRef uid="294" />
              <SequencePoints>
                <SequencePoint vc="3" uspid="8404" ordinal="0" offset="0" sl="864" sc="7" el="864" ec="28" bec="2" bev="1" fileid="294" />
                <SequencePoint vc="0" uspid="8405" ordinal="1" offset="3" sl="865" sc="9" el="865" ec="53" bec="0" bev="0" fileid="294" />
                <SequencePoint vc="3" uspid="8406" ordinal="2" offset="14" sl="866" sc="7" el="866" ec="40" bec="2" bev="1" fileid="294" />
                <SequencePoint vc="0" uspid="8407" ordinal="3" offset="22" sl="867" sc="9" el="867" ec="83" bec="0" bev="0" fileid="294" />
                <SequencePoint vc="3" uspid="8408" ordinal="4" offset="33" sl="868" sc="7" el="868" ec="43" bec="2" bev="1" fileid="294" />
                <SequencePoint vc="0" uspid="8409" ordinal="5" offset="45" sl="869" sc="9" el="869" ec="26" bec="0" bev="0" fileid="294" />
                <SequencePoint vc="3" uspid="8410" ordinal="6" offset="51" sl="871" sc="7" el="871" ec="57" bec="0" bev="0" fileid="294" />
                <SequencePoint vc="3" uspid="8411" ordinal="7" offset="57" sl="872" sc="7" el="872" ec="31" bec="0" bev="0" fileid="294" />
                <SequencePoint vc="3" uspid="8412" ordinal="8" offset="64" sl="873" sc="7" el="873" ec="73" bec="2" bev="1" fileid="294" />
                <SequencePoint vc="3" uspid="8413" ordinal="9" offset="84" sl="875" sc="7" el="875" ec="44" bec="0" bev="0" fileid="294" />
                <SequencePoint vc="3" uspid="8414" ordinal="10" offset="105" sl="876" sc="7" el="876" ec="45" bec="0" bev="0" fileid="294" />
                <SequencePoint vc="3" uspid="8415" ordinal="11" offset="126" sl="877" sc="7" el="877" ec="79" bec="0" bev="0" fileid="294" />
                <SequencePoint vc="3" uspid="8416" ordinal="12" offset="157" sl="878" sc="7" el="878" ec="92" bec="0" bev="0" fileid="294" />
                <SequencePoint vc="3" uspid="8417" ordinal="13" offset="189" sl="879" sc="7" el="879" ec="82" bec="0" bev="0" fileid="294" />
                <SequencePoint vc="3" uspid="8418" ordinal="14" offset="221" sl="880" sc="7" el="880" ec="88" bec="0" bev="0" fileid="294" />
                <SequencePoint vc="3" uspid="8419" ordinal="15" offset="253" sl="881" sc="7" el="881" ec="55" bec="0" bev="0" fileid="294" />
                <SequencePoint vc="3" uspid="8420" ordinal="16" offset="274" sl="883" sc="7" el="883" ec="73" bec="0" bev="0" fileid="294" />
                <SequencePoint vc="3" uspid="8421" ordinal="17" offset="295" sl="884" sc="7" el="884" ec="64" bec="0" bev="0" fileid="294" />
                <SequencePoint vc="3" uspid="8422" ordinal="18" offset="306" sl="887" sc="7" el="887" ec="57" bec="0" bev="0" fileid="294" />
                <SequencePoint vc="3" uspid="8423" ordinal="19" offset="318" sl="888" sc="7" el="888" ec="93" bec="3" bev="3" fileid="294" />
                <SequencePoint vc="1" uspid="8424" ordinal="20" offset="344" sl="890" sc="9" el="890" ec="54" bec="0" bev="0" fileid="294" />
                <SequencePoint vc="1" uspid="8425" ordinal="21" offset="350" sl="891" sc="9" el="891" ec="59" bec="0" bev="0" fileid="294" />
                <SequencePoint vc="1" uspid="8426" ordinal="22" offset="372" sl="892" sc="7" el="892" ec="8" bec="0" bev="0" fileid="294" />
                <SequencePoint vc="2" uspid="8427" ordinal="23" offset="377" sl="893" sc="12" el="893" ec="165" bec="4" bev="4" fileid="294" />
                <SequencePoint vc="1" uspid="8428" ordinal="24" offset="423" sl="897" sc="11" el="897" ec="59" bec="2" bev="1" fileid="294" />
                <SequencePoint vc="1" uspid="8429" ordinal="25" offset="436" sl="899" sc="13" el="899" ec="59" bec="0" bev="0" fileid="294" />
                <SequencePoint vc="1" uspid="8430" ordinal="26" offset="442" sl="900" sc="13" el="900" ec="47" bec="0" bev="0" fileid="294" />
                <SequencePoint vc="1" uspid="8431" ordinal="27" offset="445" sl="901" sc="13" el="901" ec="49" bec="0" bev="0" fileid="294" />
                <SequencePoint vc="1" uspid="8432" ordinal="28" offset="453" sl="902" sc="13" el="902" ec="66" bec="0" bev="0" fileid="294" />
                <SequencePoint vc="1" uspid="8433" ordinal="29" offset="476" sl="903" sc="11" el="903" ec="12" bec="0" bev="0" fileid="294" />
                <SequencePoint vc="0" uspid="8434" ordinal="30" offset="478" sl="906" sc="13" el="906" ec="59" bec="0" bev="0" fileid="294" />
                <SequencePoint vc="0" uspid="8435" ordinal="31" offset="484" sl="907" sc="13" el="907" ec="64" bec="0" bev="0" fileid="294" />
                <SequencePoint vc="1" uspid="8436" ordinal="32" offset="506" sl="909" sc="9" el="909" ec="10" bec="0" bev="0" fileid="294" />
                <SequencePoint vc="0" uspid="8437" ordinal="33" offset="508" sl="910" sc="9" el="910" ec="14" bec="0" bev="0" fileid="294" />
                <SequencePoint vc="0" uspid="8438" ordinal="34" offset="509" sl="912" sc="11" el="912" ec="57" bec="0" bev="0" fileid="294" />
                <SequencePoint vc="0" uspid="8439" ordinal="35" offset="515" sl="913" sc="11" el="913" ec="62" bec="0" bev="0" fileid="294" />
                <SequencePoint vc="0" uspid="8440" ordinal="36" offset="537" sl="914" sc="9" el="914" ec="10" bec="0" bev="0" fileid="294" />
                <SequencePoint vc="1" uspid="8441" ordinal="37" offset="539" sl="918" sc="9" el="918" ec="55" bec="0" bev="0" fileid="294" />
                <SequencePoint vc="1" uspid="8442" ordinal="38" offset="545" sl="919" sc="9" el="919" ec="60" bec="0" bev="0" fileid="294" />
                <SequencePoint vc="3" uspid="8443" ordinal="39" offset="567" sl="922" sc="7" el="922" ec="81" bec="0" bev="0" fileid="294" />
                <SequencePoint vc="3" uspid="8444" ordinal="40" offset="580" sl="923" sc="7" el="923" ec="29" bec="2" bev="1" fileid="294" />
                <SequencePoint vc="0" uspid="8445" ordinal="41" offset="583" sl="924" sc="9" el="924" ec="22" bec="0" bev="0" fileid="294" />
                <SequencePoint vc="3" uspid="8446" ordinal="42" offset="585" sl="926" sc="7" el="926" ec="46" bec="0" bev="0" fileid="294" />
                <SequencePoint vc="3" uspid="8447" ordinal="43" offset="603" sl="927" sc="7" el="927" ec="34" bec="0" bev="0" fileid="294" />
              </SequencePoints>
              <BranchPoints>
                <BranchPoint vc="0" uspid="8448" ordinal="0" offset="1" sl="864" path="0" offsetend="3" fileid="294" />
                <BranchPoint vc="3" uspid="8449" ordinal="1" offset="1" sl="864" path="1" offsetend="14" fileid="294" />
                <BranchPoint vc="0" uspid="8450" ordinal="2" offset="20" sl="866" path="0" offsetend="22" fileid="294" />
                <BranchPoint vc="3" uspid="8451" ordinal="3" offset="20" sl="866" path="1" offsetend="33" fileid="294" />
                <BranchPoint vc="0" uspid="8452" ordinal="4" offset="43" sl="868" path="0" offsetend="45" fileid="294" />
                <BranchPoint vc="3" uspid="8453" ordinal="5" offset="43" sl="868" path="1" offsetend="51" fileid="294" />
                <BranchPoint vc="0" uspid="8454" ordinal="6" offset="72" sl="873" path="0" offsetend="74" fileid="294" />
                <BranchPoint vc="3" uspid="8455" ordinal="7" offset="72" sl="873" path="1" offsetend="78" fileid="294" />
                <BranchPoint vc="2" uspid="8456" ordinal="8" offset="329" sl="888" path="0" offsetend="331" fileid="294" />
                <BranchPoint vc="1" uspid="8457" ordinal="9" offset="329" sl="888" path="1" offsetend="344" fileid="294" />
                <BranchPoint vc="1" uspid="8458" ordinal="10" offset="342" sl="888" path="0" offsetend="344" fileid="294" />
                <BranchPoint vc="2" uspid="8459" ordinal="11" offset="342" sl="888" path="1" offsetend="377" fileid="294" />
                <BranchPoint vc="2" uspid="8460" ordinal="12" offset="388" sl="893" path="0" offsetend="393" fileid="294" />
                <BranchPoint vc="0" uspid="8461" ordinal="13" offset="388" sl="893" path="1" offsetend="539" fileid="294" />
                <BranchPoint vc="2" uspid="8462" ordinal="14" offset="404" sl="893" path="0" offsetend="409" fileid="294" />
                <BranchPoint vc="0" uspid="8463" ordinal="15" offset="404" sl="893" path="1" offsetend="539" fileid="294" />
                <BranchPoint vc="1" uspid="8464" ordinal="16" offset="421" sl="893" path="0" offsetend="423" fileid="294" />
                <BranchPoint vc="1" uspid="8465" ordinal="17" offset="421" sl="893" path="1" offsetend="539" fileid="294" />
                <BranchPoint vc="1" uspid="8466" ordinal="18" offset="434" sl="897" path="0" offsetend="436" fileid="294" />
                <BranchPoint vc="0" uspid="8467" ordinal="19" offset="434" sl="897" path="1" offsetend="478" fileid="294" />
                <BranchPoint vc="0" uspid="8468" ordinal="20" offset="581" sl="923" path="0" offsetend="583" fileid="294" />
                <BranchPoint vc="3" uspid="8469" ordinal="21" offset="581" sl="923" path="1" offsetend="585" fileid="294" />
              </BranchPoints>
              <MethodPoint xsi:type="SequencePoint" vc="3" uspid="8404" ordinal="0" offset="0" sl="864" sc="7" el="864" ec="28" bec="2" bev="1" fileid="294" />
            </Method>
            <Method visited="true" cyclomaticComplexity="7" nPathComplexity="32" sequenceCoverage="66.67" branchCoverage="54.55" isConstructor="false" isStatic="false" isGetter="false" isSetter="false">
              <Summary numSequencePoints="18" visitedSequencePoints="12" numBranchPoints="11" visitedBranchPoints="6" sequenceCoverage="66.67" branchCoverage="54.55" maxCyclomaticComplexity="7" minCyclomaticComplexity="7" visitedClasses="0" numClasses="0" visitedMethods="1" numMethods="1" />
              <MetadataToken>100665345</MetadataToken>
              <Name>System.Void IBM.Watson.DeveloperCloud.Services.AlchemyAPI.v1.AlchemyAPI::OnGetKeywordsResponse(IBM.Watson.DeveloperCloud.Connection.RESTConnector/Request,IBM.Watson.DeveloperCloud.Connection.RESTConnector/Response)</Name>
              <FileRef uid="294" />
              <SequencePoints>
                <SequencePoint vc="3" uspid="8470" ordinal="0" offset="0" sl="947" sc="7" el="947" ec="51" bec="0" bev="0" fileid="294" />
                <SequencePoint vc="3" uspid="8471" ordinal="1" offset="6" sl="948" sc="7" el="948" ec="24" bec="2" bev="1" fileid="294" />
                <SequencePoint vc="3" uspid="8472" ordinal="2" offset="17" sl="952" sc="11" el="952" ec="30" bec="0" bev="0" fileid="294" />
                <SequencePoint vc="3" uspid="8473" ordinal="3" offset="19" sl="953" sc="11" el="953" ec="89" bec="0" bev="0" fileid="294" />
                <SequencePoint vc="3" uspid="8474" ordinal="4" offset="43" sl="954" sc="11" el="954" ec="28" bec="2" bev="1" fileid="294" />
                <SequencePoint vc="0" uspid="8475" ordinal="5" offset="52" sl="955" sc="13" el="955" ec="60" bec="0" bev="0" fileid="294" />
                <SequencePoint vc="3" uspid="8476" ordinal="6" offset="65" sl="957" sc="11" el="957" ec="36" bec="0" bev="0" fileid="294" />
                <SequencePoint vc="3" uspid="8477" ordinal="7" offset="67" sl="958" sc="11" el="958" ec="74" bec="0" bev="0" fileid="294" />
                <SequencePoint vc="3" uspid="8478" ordinal="8" offset="87" sl="959" sc="11" el="959" ec="28" bec="2" bev="1" fileid="294" />
                <SequencePoint vc="0" uspid="8479" ordinal="9" offset="96" sl="960" sc="13" el="960" ec="60" bec="0" bev="0" fileid="294" />
                <SequencePoint vc="3" uspid="8480" ordinal="10" offset="109" sl="961" sc="9" el="961" ec="10" bec="0" bev="0" fileid="294" />
                <SequencePoint vc="0" uspid="8481" ordinal="11" offset="111" sl="962" sc="9" el="962" ec="28" bec="0" bev="0" fileid="294" />
                <SequencePoint vc="0" uspid="8482" ordinal="12" offset="113" sl="964" sc="11" el="964" ec="94" bec="0" bev="0" fileid="294" />
                <SequencePoint vc="0" uspid="8483" ordinal="13" offset="144" sl="965" sc="11" el="965" ec="32" bec="0" bev="0" fileid="294" />
                <SequencePoint vc="0" uspid="8484" ordinal="14" offset="151" sl="966" sc="9" el="966" ec="10" bec="0" bev="0" fileid="294" />
                <SequencePoint vc="3" uspid="8485" ordinal="15" offset="153" sl="969" sc="7" el="969" ec="54" bec="2" bev="1" fileid="294" />
                <SequencePoint vc="3" uspid="8486" ordinal="16" offset="166" sl="970" sc="9" el="970" ec="111" bec="2" bev="1" fileid="294" />
                <SequencePoint vc="3" uspid="8487" ordinal="17" offset="205" sl="971" sc="5" el="971" ec="6" bec="0" bev="0" fileid="294" />
              </SequencePoints>
              <BranchPoints>
                <BranchPoint vc="3" uspid="8488" ordinal="0" offset="12" sl="948" path="0" offsetend="17" fileid="294" />
                <BranchPoint vc="0" uspid="8489" ordinal="1" offset="12" sl="948" path="1" offsetend="153" fileid="294" />
                <BranchPoint vc="0" uspid="8490" ordinal="2" offset="50" sl="954" path="0" offsetend="52" fileid="294" />
                <BranchPoint vc="3" uspid="8491" ordinal="3" offset="50" sl="954" path="1" offsetend="65" fileid="294" />
                <BranchPoint vc="0" uspid="8492" ordinal="4" offset="94" sl="959" path="0" offsetend="96" fileid="294" />
                <BranchPoint vc="3" uspid="8493" ordinal="5" offset="94" sl="959" path="1" offsetend="109" fileid="294" />
                <BranchPoint vc="3" uspid="8494" ordinal="6" offset="164" sl="969" path="0" offsetend="166" fileid="294" />
                <BranchPoint vc="0" uspid="8495" ordinal="7" offset="164" sl="969" path="1" offsetend="205" fileid="294" />
                <BranchPoint vc="0" uspid="8496" ordinal="8" offset="183" sl="970" path="0" offsetend="185" fileid="294" />
                <BranchPoint vc="3" uspid="8497" ordinal="9" offset="183" sl="970" path="1" offsetend="188" fileid="294" />
              </BranchPoints>
              <MethodPoint xsi:type="SequencePoint" vc="3" uspid="8470" ordinal="0" offset="0" sl="947" sc="7" el="947" ec="51" bec="0" bev="0" fileid="294" />
            </Method>
            <Method visited="true" cyclomaticComplexity="13" nPathComplexity="2048" sequenceCoverage="75" branchCoverage="65.22" isConstructor="false" isStatic="false" isGetter="false" isSetter="false">
              <Summary numSequencePoints="40" visitedSequencePoints="30" numBranchPoints="23" visitedBranchPoints="15" sequenceCoverage="75" branchCoverage="65.22" maxCyclomaticComplexity="13" minCyclomaticComplexity="13" visitedClasses="0" numClasses="0" visitedMethods="1" numMethods="1" />
              <MetadataToken>100665346</MetadataToken>
              <Name>System.Boolean IBM.Watson.DeveloperCloud.Services.AlchemyAPI.v1.AlchemyAPI::GetLanguages(IBM.Watson.DeveloperCloud.Services.AlchemyAPI.v1.AlchemyAPI/OnGetLanguages,System.String,System.Boolean,System.String)</Name>
              <FileRef uid="294" />
              <SequencePoints>
                <SequencePoint vc="3" uspid="8498" ordinal="0" offset="0" sl="994" sc="7" el="994" ec="28" bec="2" bev="1" fileid="294" />
                <SequencePoint vc="0" uspid="8499" ordinal="1" offset="3" sl="995" sc="9" el="995" ec="53" bec="0" bev="0" fileid="294" />
                <SequencePoint vc="3" uspid="8500" ordinal="2" offset="14" sl="996" sc="7" el="996" ec="40" bec="2" bev="1" fileid="294" />
                <SequencePoint vc="0" uspid="8501" ordinal="3" offset="22" sl="997" sc="9" el="997" ec="80" bec="0" bev="0" fileid="294" />
                <SequencePoint vc="3" uspid="8502" ordinal="4" offset="33" sl="998" sc="7" el="998" ec="43" bec="2" bev="1" fileid="294" />
                <SequencePoint vc="0" uspid="8503" ordinal="5" offset="45" sl="999" sc="9" el="999" ec="26" bec="0" bev="0" fileid="294" />
                <SequencePoint vc="3" uspid="8504" ordinal="6" offset="51" sl="1001" sc="7" el="1001" ec="59" bec="0" bev="0" fileid="294" />
                <SequencePoint vc="3" uspid="8505" ordinal="7" offset="57" sl="1002" sc="7" el="1002" ec="31" bec="0" bev="0" fileid="294" />
                <SequencePoint vc="3" uspid="8506" ordinal="8" offset="64" sl="1003" sc="7" el="1003" ec="73" bec="2" bev="1" fileid="294" />
                <SequencePoint vc="3" uspid="8507" ordinal="9" offset="84" sl="1005" sc="7" el="1005" ec="44" bec="0" bev="0" fileid="294" />
                <SequencePoint vc="3" uspid="8508" ordinal="10" offset="105" sl="1006" sc="7" el="1006" ec="45" bec="0" bev="0" fileid="294" />
                <SequencePoint vc="3" uspid="8509" ordinal="11" offset="126" sl="1007" sc="7" el="1007" ec="88" bec="0" bev="0" fileid="294" />
                <SequencePoint vc="3" uspid="8510" ordinal="12" offset="157" sl="1009" sc="7" el="1009" ec="73" bec="0" bev="0" fileid="294" />
                <SequencePoint vc="3" uspid="8511" ordinal="13" offset="178" sl="1010" sc="7" el="1010" ec="64" bec="0" bev="0" fileid="294" />
                <SequencePoint vc="3" uspid="8512" ordinal="14" offset="189" sl="1013" sc="7" el="1013" ec="57" bec="0" bev="0" fileid="294" />
                <SequencePoint vc="3" uspid="8513" ordinal="15" offset="201" sl="1014" sc="7" el="1014" ec="93" bec="3" bev="3" fileid="294" />
                <SequencePoint vc="1" uspid="8514" ordinal="16" offset="227" sl="1016" sc="9" el="1016" ec="44" bec="0" bev="0" fileid="294" />
                <SequencePoint vc="1" uspid="8515" ordinal="17" offset="233" sl="1017" sc="9" el="1017" ec="59" bec="0" bev="0" fileid="294" />
                <SequencePoint vc="1" uspid="8516" ordinal="18" offset="255" sl="1018" sc="7" el="1018" ec="8" bec="0" bev="0" fileid="294" />
                <SequencePoint vc="2" uspid="8517" ordinal="19" offset="260" sl="1019" sc="12" el="1019" ec="165" bec="4" bev="4" fileid="294" />
                <SequencePoint vc="1" uspid="8518" ordinal="20" offset="306" sl="1023" sc="11" el="1023" ec="59" bec="2" bev="1" fileid="294" />
                <SequencePoint vc="1" uspid="8519" ordinal="21" offset="319" sl="1025" sc="13" el="1025" ec="49" bec="0" bev="0" fileid="294" />
                <SequencePoint vc="1" uspid="8520" ordinal="22" offset="325" sl="1026" sc="13" el="1026" ec="47" bec="0" bev="0" fileid="294" />
                <SequencePoint vc="1" uspid="8521" ordinal="23" offset="328" sl="1027" sc="13" el="1027" ec="49" bec="0" bev="0" fileid="294" />
                <SequencePoint vc="1" uspid="8522" ordinal="24" offset="336" sl="1028" sc="13" el="1028" ec="66" bec="0" bev="0" fileid="294" />
                <SequencePoint vc="1" uspid="8523" ordinal="25" offset="359" sl="1029" sc="11" el="1029" ec="12" bec="0" bev="0" fileid="294" />
                <SequencePoint vc="0" uspid="8524" ordinal="26" offset="361" sl="1032" sc="13" el="1032" ec="49" bec="0" bev="0" fileid="294" />
                <SequencePoint vc="0" uspid="8525" ordinal="27" offset="367" sl="1033" sc="13" el="1033" ec="64" bec="0" bev="0" fileid="294" />
                <SequencePoint vc="1" uspid="8526" ordinal="28" offset="389" sl="1035" sc="9" el="1035" ec="10" bec="0" bev="0" fileid="294" />
                <SequencePoint vc="0" uspid="8527" ordinal="29" offset="391" sl="1036" sc="9" el="1036" ec="14" bec="0" bev="0" fileid="294" />
                <SequencePoint vc="0" uspid="8528" ordinal="30" offset="392" sl="1038" sc="11" el="1038" ec="47" bec="0" bev="0" fileid="294" />
                <SequencePoint vc="0" uspid="8529" ordinal="31" offset="398" sl="1039" sc="11" el="1039" ec="62" bec="0" bev="0" fileid="294" />
                <SequencePoint vc="0" uspid="8530" ordinal="32" offset="420" sl="1040" sc="9" el="1040" ec="10" bec="0" bev="0" fileid="294" />
                <SequencePoint vc="1" uspid="8531" ordinal="33" offset="422" sl="1044" sc="9" el="1044" ec="45" bec="0" bev="0" fileid="294" />
                <SequencePoint vc="1" uspid="8532" ordinal="34" offset="428" sl="1045" sc="9" el="1045" ec="60" bec="0" bev="0" fileid="294" />
                <SequencePoint vc="3" uspid="8533" ordinal="35" offset="450" sl="1048" sc="7" el="1048" ec="81" bec="0" bev="0" fileid="294" />
                <SequencePoint vc="3" uspid="8534" ordinal="36" offset="463" sl="1049" sc="7" el="1049" ec="29" bec="2" bev="1" fileid="294" />
                <SequencePoint vc="0" uspid="8535" ordinal="37" offset="466" sl="1050" sc="9" el="1050" ec="22" bec="0" bev="0" fileid="294" />
                <SequencePoint vc="3" uspid="8536" ordinal="38" offset="468" sl="1052" sc="7" el="1052" ec="47" bec="0" bev="0" fileid="294" />
                <SequencePoint vc="3" uspid="8537" ordinal="39" offset="486" sl="1053" sc="7" el="1053" ec="34" bec="0" bev="0" fileid="294" />
              </SequencePoints>
              <BranchPoints>
                <BranchPoint vc="0" uspid="8538" ordinal="0" offset="1" sl="994" path="0" offsetend="3" fileid="294" />
                <BranchPoint vc="3" uspid="8539" ordinal="1" offset="1" sl="994" path="1" offsetend="14" fileid="294" />
                <BranchPoint vc="0" uspid="8540" ordinal="2" offset="20" sl="996" path="0" offsetend="22" fileid="294" />
                <BranchPoint vc="3" uspid="8541" ordinal="3" offset="20" sl="996" path="1" offsetend="33" fileid="294" />
                <BranchPoint vc="0" uspid="8542" ordinal="4" offset="43" sl="998" path="0" offsetend="45" fileid="294" />
                <BranchPoint vc="3" uspid="8543" ordinal="5" offset="43" sl="998" path="1" offsetend="51" fileid="294" />
                <BranchPoint vc="0" uspid="8544" ordinal="6" offset="72" sl="1003" path="0" offsetend="74" fileid="294" />
                <BranchPoint vc="3" uspid="8545" ordinal="7" offset="72" sl="1003" path="1" offsetend="78" fileid="294" />
                <BranchPoint vc="2" uspid="8546" ordinal="8" offset="212" sl="1014" path="0" offsetend="214" fileid="294" />
                <BranchPoint vc="1" uspid="8547" ordinal="9" offset="212" sl="1014" path="1" offsetend="227" fileid="294" />
                <BranchPoint vc="1" uspid="8548" ordinal="10" offset="225" sl="1014" path="0" offsetend="227" fileid="294" />
                <BranchPoint vc="2" uspid="8549" ordinal="11" offset="225" sl="1014" path="1" offsetend="260" fileid="294" />
                <BranchPoint vc="2" uspid="8550" ordinal="12" offset="271" sl="1019" path="0" offsetend="276" fileid="294" />
                <BranchPoint vc="0" uspid="8551" ordinal="13" offset="271" sl="1019" path="1" offsetend="422" fileid="294" />
                <BranchPoint vc="2" uspid="8552" ordinal="14" offset="287" sl="1019" path="0" offsetend="292" fileid="294" />
                <BranchPoint vc="0" uspid="8553" ordinal="15" offset="287" sl="1019" path="1" offsetend="422" fileid="294" />
                <BranchPoint vc="1" uspid="8554" ordinal="16" offset="304" sl="1019" path="0" offsetend="306" fileid="294" />
                <BranchPoint vc="1" uspid="8555" ordinal="17" offset="304" sl="1019" path="1" offsetend="422" fileid="294" />
                <BranchPoint vc="1" uspid="8556" ordinal="18" offset="317" sl="1023" path="0" offsetend="319" fileid="294" />
                <BranchPoint vc="0" uspid="8557" ordinal="19" offset="317" sl="1023" path="1" offsetend="361" fileid="294" />
                <BranchPoint vc="0" uspid="8558" ordinal="20" offset="464" sl="1049" path="0" offsetend="466" fileid="294" />
                <BranchPoint vc="3" uspid="8559" ordinal="21" offset="464" sl="1049" path="1" offsetend="468" fileid="294" />
              </BranchPoints>
              <MethodPoint xsi:type="SequencePoint" vc="3" uspid="8498" ordinal="0" offset="0" sl="994" sc="7" el="994" ec="28" bec="2" bev="1" fileid="294" />
            </Method>
            <Method visited="true" cyclomaticComplexity="7" nPathComplexity="32" sequenceCoverage="66.67" branchCoverage="54.55" isConstructor="false" isStatic="false" isGetter="false" isSetter="false">
              <Summary numSequencePoints="18" visitedSequencePoints="12" numBranchPoints="11" visitedBranchPoints="6" sequenceCoverage="66.67" branchCoverage="54.55" maxCyclomaticComplexity="7" minCyclomaticComplexity="7" visitedClasses="0" numClasses="0" visitedMethods="1" numMethods="1" />
              <MetadataToken>100665347</MetadataToken>
              <Name>System.Void IBM.Watson.DeveloperCloud.Services.AlchemyAPI.v1.AlchemyAPI::OnGetLanguagesResponse(IBM.Watson.DeveloperCloud.Connection.RESTConnector/Request,IBM.Watson.DeveloperCloud.Connection.RESTConnector/Response)</Name>
              <FileRef uid="294" />
              <SequencePoints>
                <SequencePoint vc="3" uspid="8560" ordinal="0" offset="0" sl="1073" sc="7" el="1073" ec="54" bec="0" bev="0" fileid="294" />
                <SequencePoint vc="3" uspid="8561" ordinal="1" offset="6" sl="1074" sc="7" el="1074" ec="24" bec="2" bev="1" fileid="294" />
                <SequencePoint vc="3" uspid="8562" ordinal="2" offset="17" sl="1078" sc="11" el="1078" ec="30" bec="0" bev="0" fileid="294" />
                <SequencePoint vc="3" uspid="8563" ordinal="3" offset="19" sl="1079" sc="11" el="1079" ec="89" bec="0" bev="0" fileid="294" />
                <SequencePoint vc="3" uspid="8564" ordinal="4" offset="43" sl="1080" sc="11" el="1080" ec="28" bec="2" bev="1" fileid="294" />
                <SequencePoint vc="0" uspid="8565" ordinal="5" offset="52" sl="1081" sc="13" el="1081" ec="60" bec="0" bev="0" fileid="294" />
                <SequencePoint vc="3" uspid="8566" ordinal="6" offset="65" sl="1083" sc="11" el="1083" ec="37" bec="0" bev="0" fileid="294" />
                <SequencePoint vc="3" uspid="8567" ordinal="7" offset="67" sl="1084" sc="11" el="1084" ec="74" bec="0" bev="0" fileid="294" />
                <SequencePoint vc="3" uspid="8568" ordinal="8" offset="87" sl="1085" sc="11" el="1085" ec="28" bec="2" bev="1" fileid="294" />
                <SequencePoint vc="0" uspid="8569" ordinal="9" offset="96" sl="1086" sc="13" el="1086" ec="60" bec="0" bev="0" fileid="294" />
                <SequencePoint vc="3" uspid="8570" ordinal="10" offset="109" sl="1087" sc="9" el="1087" ec="10" bec="0" bev="0" fileid="294" />
                <SequencePoint vc="0" uspid="8571" ordinal="11" offset="111" sl="1088" sc="9" el="1088" ec="28" bec="0" bev="0" fileid="294" />
                <SequencePoint vc="0" uspid="8572" ordinal="12" offset="113" sl="1090" sc="11" el="1090" ec="94" bec="0" bev="0" fileid="294" />
                <SequencePoint vc="0" uspid="8573" ordinal="13" offset="144" sl="1091" sc="11" el="1091" ec="32" bec="0" bev="0" fileid="294" />
                <SequencePoint vc="0" uspid="8574" ordinal="14" offset="151" sl="1092" sc="9" el="1092" ec="10" bec="0" bev="0" fileid="294" />
                <SequencePoint vc="3" uspid="8575" ordinal="15" offset="153" sl="1095" sc="7" el="1095" ec="55" bec="2" bev="1" fileid="294" />
                <SequencePoint vc="3" uspid="8576" ordinal="16" offset="166" sl="1096" sc="9" el="1096" ec="114" bec="2" bev="1" fileid="294" />
                <SequencePoint vc="3" uspid="8577" ordinal="17" offset="205" sl="1097" sc="5" el="1097" ec="6" bec="0" bev="0" fileid="294" />
              </SequencePoints>
              <BranchPoints>
                <BranchPoint vc="3" uspid="8578" ordinal="0" offset="12" sl="1074" path="0" offsetend="17" fileid="294" />
                <BranchPoint vc="0" uspid="8579" ordinal="1" offset="12" sl="1074" path="1" offsetend="153" fileid="294" />
                <BranchPoint vc="0" uspid="8580" ordinal="2" offset="50" sl="1080" path="0" offsetend="52" fileid="294" />
                <BranchPoint vc="3" uspid="8581" ordinal="3" offset="50" sl="1080" path="1" offsetend="65" fileid="294" />
                <BranchPoint vc="0" uspid="8582" ordinal="4" offset="94" sl="1085" path="0" offsetend="96" fileid="294" />
                <BranchPoint vc="3" uspid="8583" ordinal="5" offset="94" sl="1085" path="1" offsetend="109" fileid="294" />
                <BranchPoint vc="3" uspid="8584" ordinal="6" offset="164" sl="1095" path="0" offsetend="166" fileid="294" />
                <BranchPoint vc="0" uspid="8585" ordinal="7" offset="164" sl="1095" path="1" offsetend="205" fileid="294" />
                <BranchPoint vc="0" uspid="8586" ordinal="8" offset="183" sl="1096" path="0" offsetend="185" fileid="294" />
                <BranchPoint vc="3" uspid="8587" ordinal="9" offset="183" sl="1096" path="1" offsetend="188" fileid="294" />
              </BranchPoints>
              <MethodPoint xsi:type="SequencePoint" vc="3" uspid="8560" ordinal="0" offset="0" sl="1073" sc="7" el="1073" ec="54" bec="0" bev="0" fileid="294" />
            </Method>
            <Method visited="true" cyclomaticComplexity="11" nPathComplexity="512" sequenceCoverage="68.97" branchCoverage="42.11" isConstructor="false" isStatic="false" isGetter="false" isSetter="false">
              <Summary numSequencePoints="29" visitedSequencePoints="20" numBranchPoints="19" visitedBranchPoints="8" sequenceCoverage="68.97" branchCoverage="42.11" maxCyclomaticComplexity="11" minCyclomaticComplexity="11" visitedClasses="0" numClasses="0" visitedMethods="1" numMethods="1" />
              <MetadataToken>100665348</MetadataToken>
              <Name>System.Boolean IBM.Watson.DeveloperCloud.Services.AlchemyAPI.v1.AlchemyAPI::GetMicroformats(IBM.Watson.DeveloperCloud.Services.AlchemyAPI.v1.AlchemyAPI/OnGetMicroformats,System.String,System.String)</Name>
              <FileRef uid="294" />
              <SequencePoints>
                <SequencePoint vc="1" uspid="8588" ordinal="0" offset="0" sl="1118" sc="7" el="1118" ec="28" bec="2" bev="1" fileid="294" />
                <SequencePoint vc="0" uspid="8589" ordinal="1" offset="3" sl="1119" sc="9" el="1119" ec="53" bec="0" bev="0" fileid="294" />
                <SequencePoint vc="1" uspid="8590" ordinal="2" offset="14" sl="1120" sc="7" el="1120" ec="40" bec="2" bev="1" fileid="294" />
                <SequencePoint vc="0" uspid="8591" ordinal="3" offset="22" sl="1121" sc="9" el="1121" ec="80" bec="0" bev="0" fileid="294" />
                <SequencePoint vc="1" uspid="8592" ordinal="4" offset="33" sl="1122" sc="7" el="1122" ec="43" bec="2" bev="1" fileid="294" />
                <SequencePoint vc="0" uspid="8593" ordinal="5" offset="45" sl="1123" sc="9" el="1123" ec="26" bec="0" bev="0" fileid="294" />
                <SequencePoint vc="1" uspid="8594" ordinal="6" offset="51" sl="1125" sc="7" el="1125" ec="65" bec="0" bev="0" fileid="294" />
                <SequencePoint vc="1" uspid="8595" ordinal="7" offset="57" sl="1126" sc="7" el="1126" ec="31" bec="0" bev="0" fileid="294" />
                <SequencePoint vc="1" uspid="8596" ordinal="8" offset="64" sl="1127" sc="7" el="1127" ec="73" bec="2" bev="1" fileid="294" />
                <SequencePoint vc="1" uspid="8597" ordinal="9" offset="82" sl="1129" sc="7" el="1129" ec="44" bec="0" bev="0" fileid="294" />
                <SequencePoint vc="1" uspid="8598" ordinal="10" offset="103" sl="1130" sc="7" el="1130" ec="45" bec="0" bev="0" fileid="294" />
                <SequencePoint vc="1" uspid="8599" ordinal="11" offset="124" sl="1132" sc="7" el="1132" ec="73" bec="0" bev="0" fileid="294" />
                <SequencePoint vc="1" uspid="8600" ordinal="12" offset="145" sl="1133" sc="7" el="1133" ec="64" bec="0" bev="0" fileid="294" />
                <SequencePoint vc="1" uspid="8601" ordinal="13" offset="156" sl="1135" sc="7" el="1135" ec="27" bec="0" bev="0" fileid="294" />
                <SequencePoint vc="1" uspid="8602" ordinal="14" offset="162" sl="1136" sc="7" el="1136" ec="57" bec="0" bev="0" fileid="294" />
                <SequencePoint vc="1" uspid="8603" ordinal="15" offset="174" sl="1137" sc="7" el="1137" ec="93" bec="3" bev="1" fileid="294" />
                <SequencePoint vc="1" uspid="8604" ordinal="16" offset="200" sl="1139" sc="9" el="1139" ec="47" bec="0" bev="0" fileid="294" />
                <SequencePoint vc="1" uspid="8605" ordinal="17" offset="206" sl="1140" sc="9" el="1140" ec="59" bec="0" bev="0" fileid="294" />
                <SequencePoint vc="1" uspid="8606" ordinal="18" offset="228" sl="1141" sc="7" el="1141" ec="8" bec="0" bev="0" fileid="294" />
                <SequencePoint vc="0" uspid="8607" ordinal="19" offset="230" sl="1142" sc="12" el="1142" ec="165" bec="3" bev="0" fileid="294" />
                <SequencePoint vc="0" uspid="8608" ordinal="20" offset="270" sl="1144" sc="9" el="1144" ec="88" bec="0" bev="0" fileid="294" />
                <SequencePoint vc="0" uspid="8609" ordinal="21" offset="291" sl="1145" sc="9" el="1145" ec="22" bec="0" bev="0" fileid="294" />
                <SequencePoint vc="0" uspid="8610" ordinal="22" offset="293" sl="1153" sc="9" el="1153" ec="88" bec="0" bev="0" fileid="294" />
                <SequencePoint vc="0" uspid="8611" ordinal="23" offset="314" sl="1154" sc="9" el="1154" ec="22" bec="0" bev="0" fileid="294" />
                <SequencePoint vc="1" uspid="8612" ordinal="24" offset="316" sl="1157" sc="7" el="1157" ec="81" bec="0" bev="0" fileid="294" />
                <SequencePoint vc="1" uspid="8613" ordinal="25" offset="329" sl="1158" sc="7" el="1158" ec="29" bec="2" bev="1" fileid="294" />
                <SequencePoint vc="0" uspid="8614" ordinal="26" offset="332" sl="1159" sc="9" el="1159" ec="22" bec="0" bev="0" fileid="294" />
                <SequencePoint vc="1" uspid="8615" ordinal="27" offset="334" sl="1161" sc="7" el="1161" ec="50" bec="0" bev="0" fileid="294" />
                <SequencePoint vc="1" uspid="8616" ordinal="28" offset="352" sl="1162" sc="7" el="1162" ec="34" bec="0" bev="0" fileid="294" />
              </SequencePoints>
              <BranchPoints>
                <BranchPoint vc="0" uspid="8617" ordinal="0" offset="1" sl="1118" path="0" offsetend="3" fileid="294" />
                <BranchPoint vc="1" uspid="8618" ordinal="1" offset="1" sl="1118" path="1" offsetend="14" fileid="294" />
                <BranchPoint vc="0" uspid="8619" ordinal="2" offset="20" sl="1120" path="0" offsetend="22" fileid="294" />
                <BranchPoint vc="1" uspid="8620" ordinal="3" offset="20" sl="1120" path="1" offsetend="33" fileid="294" />
                <BranchPoint vc="0" uspid="8621" ordinal="4" offset="43" sl="1122" path="0" offsetend="45" fileid="294" />
                <BranchPoint vc="1" uspid="8622" ordinal="5" offset="43" sl="1122" path="1" offsetend="51" fileid="294" />
                <BranchPoint vc="0" uspid="8623" ordinal="6" offset="71" sl="1127" path="0" offsetend="73" fileid="294" />
                <BranchPoint vc="1" uspid="8624" ordinal="7" offset="71" sl="1127" path="1" offsetend="76" fileid="294" />
                <BranchPoint vc="0" uspid="8625" ordinal="8" offset="185" sl="1137" path="0" offsetend="187" fileid="294" />
                <BranchPoint vc="1" uspid="8626" ordinal="9" offset="185" sl="1137" path="1" offsetend="200" fileid="294" />
                <BranchPoint vc="1" uspid="8627" ordinal="10" offset="198" sl="1137" path="0" offsetend="200" fileid="294" />
                <BranchPoint vc="0" uspid="8628" ordinal="11" offset="198" sl="1137" path="1" offsetend="230" fileid="294" />
                <BranchPoint vc="0" uspid="8629" ordinal="12" offset="241" sl="1142" path="0" offsetend="243" fileid="294" />
                <BranchPoint vc="0" uspid="8630" ordinal="13" offset="241" sl="1142" path="1" offsetend="293" fileid="294" />
                <BranchPoint vc="0" uspid="8631" ordinal="14" offset="254" sl="1142" path="0" offsetend="256" fileid="294" />
                <BranchPoint vc="0" uspid="8632" ordinal="15" offset="254" sl="1142" path="1" offsetend="293" fileid="294" />
                <BranchPoint vc="0" uspid="8633" ordinal="16" offset="330" sl="1158" path="0" offsetend="332" fileid="294" />
                <BranchPoint vc="1" uspid="8634" ordinal="17" offset="330" sl="1158" path="1" offsetend="334" fileid="294" />
              </BranchPoints>
              <MethodPoint xsi:type="SequencePoint" vc="1" uspid="8588" ordinal="0" offset="0" sl="1118" sc="7" el="1118" ec="28" bec="2" bev="1" fileid="294" />
            </Method>
            <Method visited="true" cyclomaticComplexity="7" nPathComplexity="32" sequenceCoverage="66.67" branchCoverage="54.55" isConstructor="false" isStatic="false" isGetter="false" isSetter="false">
              <Summary numSequencePoints="18" visitedSequencePoints="12" numBranchPoints="11" visitedBranchPoints="6" sequenceCoverage="66.67" branchCoverage="54.55" maxCyclomaticComplexity="7" minCyclomaticComplexity="7" visitedClasses="0" numClasses="0" visitedMethods="1" numMethods="1" />
              <MetadataToken>100665349</MetadataToken>
              <Name>System.Void IBM.Watson.DeveloperCloud.Services.AlchemyAPI.v1.AlchemyAPI::OnGetMicroformatsResponse(IBM.Watson.DeveloperCloud.Connection.RESTConnector/Request,IBM.Watson.DeveloperCloud.Connection.RESTConnector/Response)</Name>
              <FileRef uid="294" />
              <SequencePoints>
                <SequencePoint vc="1" uspid="8635" ordinal="0" offset="0" sl="1182" sc="7" el="1182" ec="63" bec="0" bev="0" fileid="294" />
                <SequencePoint vc="1" uspid="8636" ordinal="1" offset="6" sl="1183" sc="7" el="1183" ec="24" bec="2" bev="1" fileid="294" />
                <SequencePoint vc="1" uspid="8637" ordinal="2" offset="17" sl="1187" sc="11" el="1187" ec="30" bec="0" bev="0" fileid="294" />
                <SequencePoint vc="1" uspid="8638" ordinal="3" offset="19" sl="1188" sc="11" el="1188" ec="89" bec="0" bev="0" fileid="294" />
                <SequencePoint vc="1" uspid="8639" ordinal="4" offset="43" sl="1189" sc="11" el="1189" ec="28" bec="2" bev="1" fileid="294" />
                <SequencePoint vc="0" uspid="8640" ordinal="5" offset="52" sl="1190" sc="13" el="1190" ec="60" bec="0" bev="0" fileid="294" />
                <SequencePoint vc="1" uspid="8641" ordinal="6" offset="65" sl="1192" sc="11" el="1192" ec="40" bec="0" bev="0" fileid="294" />
                <SequencePoint vc="1" uspid="8642" ordinal="7" offset="67" sl="1193" sc="11" el="1193" ec="74" bec="0" bev="0" fileid="294" />
                <SequencePoint vc="1" uspid="8643" ordinal="8" offset="87" sl="1194" sc="11" el="1194" ec="28" bec="2" bev="1" fileid="294" />
                <SequencePoint vc="0" uspid="8644" ordinal="9" offset="96" sl="1195" sc="13" el="1195" ec="60" bec="0" bev="0" fileid="294" />
                <SequencePoint vc="1" uspid="8645" ordinal="10" offset="109" sl="1196" sc="9" el="1196" ec="10" bec="0" bev="0" fileid="294" />
                <SequencePoint vc="0" uspid="8646" ordinal="11" offset="111" sl="1197" sc="9" el="1197" ec="28" bec="0" bev="0" fileid="294" />
                <SequencePoint vc="0" uspid="8647" ordinal="12" offset="113" sl="1199" sc="11" el="1199" ec="98" bec="0" bev="0" fileid="294" />
                <SequencePoint vc="0" uspid="8648" ordinal="13" offset="144" sl="1200" sc="11" el="1200" ec="32" bec="0" bev="0" fileid="294" />
                <SequencePoint vc="0" uspid="8649" ordinal="14" offset="151" sl="1201" sc="9" el="1201" ec="10" bec="0" bev="0" fileid="294" />
                <SequencePoint vc="1" uspid="8650" ordinal="15" offset="153" sl="1204" sc="7" el="1204" ec="58" bec="2" bev="1" fileid="294" />
                <SequencePoint vc="1" uspid="8651" ordinal="16" offset="166" sl="1205" sc="9" el="1205" ec="123" bec="2" bev="1" fileid="294" />
                <SequencePoint vc="1" uspid="8652" ordinal="17" offset="205" sl="1206" sc="5" el="1206" ec="6" bec="0" bev="0" fileid="294" />
              </SequencePoints>
              <BranchPoints>
                <BranchPoint vc="1" uspid="8653" ordinal="0" offset="12" sl="1183" path="0" offsetend="17" fileid="294" />
                <BranchPoint vc="0" uspid="8654" ordinal="1" offset="12" sl="1183" path="1" offsetend="153" fileid="294" />
                <BranchPoint vc="0" uspid="8655" ordinal="2" offset="50" sl="1189" path="0" offsetend="52" fileid="294" />
                <BranchPoint vc="1" uspid="8656" ordinal="3" offset="50" sl="1189" path="1" offsetend="65" fileid="294" />
                <BranchPoint vc="0" uspid="8657" ordinal="4" offset="94" sl="1194" path="0" offsetend="96" fileid="294" />
                <BranchPoint vc="1" uspid="8658" ordinal="5" offset="94" sl="1194" path="1" offsetend="109" fileid="294" />
                <BranchPoint vc="1" uspid="8659" ordinal="6" offset="164" sl="1204" path="0" offsetend="166" fileid="294" />
                <BranchPoint vc="0" uspid="8660" ordinal="7" offset="164" sl="1204" path="1" offsetend="205" fileid="294" />
                <BranchPoint vc="0" uspid="8661" ordinal="8" offset="183" sl="1205" path="0" offsetend="185" fileid="294" />
                <BranchPoint vc="1" uspid="8662" ordinal="9" offset="183" sl="1205" path="1" offsetend="188" fileid="294" />
              </BranchPoints>
              <MethodPoint xsi:type="SequencePoint" vc="1" uspid="8635" ordinal="0" offset="0" sl="1182" sc="7" el="1182" ec="63" bec="0" bev="0" fileid="294" />
            </Method>
            <Method visited="true" cyclomaticComplexity="12" nPathComplexity="1024" sequenceCoverage="79.41" branchCoverage="61.90" isConstructor="false" isStatic="false" isGetter="false" isSetter="false">
              <Summary numSequencePoints="34" visitedSequencePoints="27" numBranchPoints="21" visitedBranchPoints="13" sequenceCoverage="79.41" branchCoverage="61.90" maxCyclomaticComplexity="12" minCyclomaticComplexity="12" visitedClasses="0" numClasses="0" visitedMethods="1" numMethods="1" />
              <MetadataToken>100665350</MetadataToken>
              <Name>System.Boolean IBM.Watson.DeveloperCloud.Services.AlchemyAPI.v1.AlchemyAPI::GetPublicationDate(IBM.Watson.DeveloperCloud.Services.AlchemyAPI.v1.AlchemyAPI/OnGetPublicationDate,System.String,System.String)</Name>
              <FileRef uid="294" />
              <SequencePoints>
                <SequencePoint vc="2" uspid="8663" ordinal="0" offset="0" sl="1227" sc="7" el="1227" ec="28" bec="2" bev="1" fileid="294" />
                <SequencePoint vc="0" uspid="8664" ordinal="1" offset="3" sl="1228" sc="9" el="1228" ec="53" bec="0" bev="0" fileid="294" />
                <SequencePoint vc="2" uspid="8665" ordinal="2" offset="14" sl="1229" sc="7" el="1229" ec="40" bec="2" bev="1" fileid="294" />
                <SequencePoint vc="0" uspid="8666" ordinal="3" offset="22" sl="1230" sc="9" el="1230" ec="83" bec="0" bev="0" fileid="294" />
                <SequencePoint vc="2" uspid="8667" ordinal="4" offset="33" sl="1231" sc="7" el="1231" ec="43" bec="2" bev="1" fileid="294" />
                <SequencePoint vc="0" uspid="8668" ordinal="5" offset="45" sl="1232" sc="9" el="1232" ec="26" bec="0" bev="0" fileid="294" />
                <SequencePoint vc="2" uspid="8669" ordinal="6" offset="51" sl="1234" sc="7" el="1234" ec="71" bec="0" bev="0" fileid="294" />
                <SequencePoint vc="2" uspid="8670" ordinal="7" offset="57" sl="1235" sc="7" el="1235" ec="31" bec="0" bev="0" fileid="294" />
                <SequencePoint vc="2" uspid="8671" ordinal="8" offset="64" sl="1236" sc="7" el="1236" ec="73" bec="2" bev="1" fileid="294" />
                <SequencePoint vc="2" uspid="8672" ordinal="9" offset="82" sl="1238" sc="7" el="1238" ec="44" bec="0" bev="0" fileid="294" />
                <SequencePoint vc="2" uspid="8673" ordinal="10" offset="103" sl="1239" sc="7" el="1239" ec="45" bec="0" bev="0" fileid="294" />
                <SequencePoint vc="2" uspid="8674" ordinal="11" offset="124" sl="1241" sc="7" el="1241" ec="73" bec="0" bev="0" fileid="294" />
                <SequencePoint vc="2" uspid="8675" ordinal="12" offset="145" sl="1242" sc="7" el="1242" ec="64" bec="0" bev="0" fileid="294" />
                <SequencePoint vc="2" uspid="8676" ordinal="13" offset="156" sl="1244" sc="7" el="1244" ec="27" bec="0" bev="0" fileid="294" />
                <SequencePoint vc="2" uspid="8677" ordinal="14" offset="162" sl="1245" sc="7" el="1245" ec="57" bec="0" bev="0" fileid="294" />
                <SequencePoint vc="2" uspid="8678" ordinal="15" offset="174" sl="1246" sc="7" el="1246" ec="93" bec="3" bev="3" fileid="294" />
                <SequencePoint vc="1" uspid="8679" ordinal="16" offset="200" sl="1248" sc="9" el="1248" ec="52" bec="0" bev="0" fileid="294" />
                <SequencePoint vc="1" uspid="8680" ordinal="17" offset="206" sl="1249" sc="9" el="1249" ec="59" bec="0" bev="0" fileid="294" />
                <SequencePoint vc="1" uspid="8681" ordinal="18" offset="228" sl="1250" sc="7" el="1250" ec="8" bec="0" bev="0" fileid="294" />
                <SequencePoint vc="1" uspid="8682" ordinal="19" offset="230" sl="1251" sc="12" el="1251" ec="100" bec="3" bev="2" fileid="294" />
                <SequencePoint vc="1" uspid="8683" ordinal="20" offset="256" sl="1253" sc="9" el="1253" ec="67" bec="2" bev="1" fileid="294" />
                <SequencePoint vc="1" uspid="8684" ordinal="21" offset="274" sl="1255" sc="11" el="1255" ec="55" bec="0" bev="0" fileid="294" />
                <SequencePoint vc="1" uspid="8685" ordinal="22" offset="280" sl="1256" sc="11" el="1256" ec="45" bec="0" bev="0" fileid="294" />
                <SequencePoint vc="1" uspid="8686" ordinal="23" offset="283" sl="1257" sc="11" el="1257" ec="47" bec="0" bev="0" fileid="294" />
                <SequencePoint vc="1" uspid="8687" ordinal="24" offset="291" sl="1258" sc="11" el="1258" ec="64" bec="0" bev="0" fileid="294" />
                <SequencePoint vc="1" uspid="8688" ordinal="25" offset="314" sl="1259" sc="9" el="1259" ec="10" bec="0" bev="0" fileid="294" />
                <SequencePoint vc="0" uspid="8689" ordinal="26" offset="316" sl="1261" sc="11" el="1261" ec="115" bec="0" bev="0" fileid="294" />
                <SequencePoint vc="0" uspid="8690" ordinal="27" offset="333" sl="1265" sc="9" el="1265" ec="113" bec="0" bev="0" fileid="294" />
                <SequencePoint vc="0" uspid="8691" ordinal="28" offset="354" sl="1266" sc="9" el="1266" ec="22" bec="0" bev="0" fileid="294" />
                <SequencePoint vc="2" uspid="8692" ordinal="29" offset="356" sl="1269" sc="7" el="1269" ec="81" bec="0" bev="0" fileid="294" />
                <SequencePoint vc="2" uspid="8693" ordinal="30" offset="369" sl="1270" sc="7" el="1270" ec="29" bec="2" bev="1" fileid="294" />
                <SequencePoint vc="0" uspid="8694" ordinal="31" offset="372" sl="1271" sc="9" el="1271" ec="22" bec="0" bev="0" fileid="294" />
                <SequencePoint vc="2" uspid="8695" ordinal="32" offset="374" sl="1273" sc="7" el="1273" ec="53" bec="0" bev="0" fileid="294" />
                <SequencePoint vc="2" uspid="8696" ordinal="33" offset="392" sl="1274" sc="7" el="1274" ec="34" bec="0" bev="0" fileid="294" />
              </SequencePoints>
              <BranchPoints>
                <BranchPoint vc="0" uspid="8697" ordinal="0" offset="1" sl="1227" path="0" offsetend="3" fileid="294" />
                <BranchPoint vc="2" uspid="8698" ordinal="1" offset="1" sl="1227" path="1" offsetend="14" fileid="294" />
                <BranchPoint vc="0" uspid="8699" ordinal="2" offset="20" sl="1229" path="0" offsetend="22" fileid="294" />
                <BranchPoint vc="2" uspid="8700" ordinal="3" offset="20" sl="1229" path="1" offsetend="33" fileid="294" />
                <BranchPoint vc="0" uspid="8701" ordinal="4" offset="43" sl="1231" path="0" offsetend="45" fileid="294" />
                <BranchPoint vc="2" uspid="8702" ordinal="5" offset="43" sl="1231" path="1" offsetend="51" fileid="294" />
                <BranchPoint vc="0" uspid="8703" ordinal="6" offset="71" sl="1236" path="0" offsetend="73" fileid="294" />
                <BranchPoint vc="2" uspid="8704" ordinal="7" offset="71" sl="1236" path="1" offsetend="76" fileid="294" />
                <BranchPoint vc="1" uspid="8705" ordinal="8" offset="185" sl="1246" path="0" offsetend="187" fileid="294" />
                <BranchPoint vc="1" uspid="8706" ordinal="9" offset="185" sl="1246" path="1" offsetend="200" fileid="294" />
                <BranchPoint vc="1" uspid="8707" ordinal="10" offset="198" sl="1246" path="0" offsetend="200" fileid="294" />
                <BranchPoint vc="1" uspid="8708" ordinal="11" offset="198" sl="1246" path="1" offsetend="230" fileid="294" />
                <BranchPoint vc="1" uspid="8709" ordinal="12" offset="241" sl="1251" path="0" offsetend="243" fileid="294" />
                <BranchPoint vc="0" uspid="8710" ordinal="13" offset="241" sl="1251" path="1" offsetend="333" fileid="294" />
                <BranchPoint vc="1" uspid="8711" ordinal="14" offset="254" sl="1251" path="0" offsetend="256" fileid="294" />
                <BranchPoint vc="0" uspid="8712" ordinal="15" offset="254" sl="1251" path="1" offsetend="333" fileid="294" />
                <BranchPoint vc="1" uspid="8713" ordinal="16" offset="272" sl="1253" path="0" offsetend="274" fileid="294" />
                <BranchPoint vc="0" uspid="8714" ordinal="17" offset="272" sl="1253" path="1" offsetend="316" fileid="294" />
                <BranchPoint vc="0" uspid="8715" ordinal="18" offset="370" sl="1270" path="0" offsetend="372" fileid="294" />
                <BranchPoint vc="2" uspid="8716" ordinal="19" offset="370" sl="1270" path="1" offsetend="374" fileid="294" />
              </BranchPoints>
              <MethodPoint xsi:type="SequencePoint" vc="2" uspid="8663" ordinal="0" offset="0" sl="1227" sc="7" el="1227" ec="28" bec="2" bev="1" fileid="294" />
            </Method>
            <Method visited="true" cyclomaticComplexity="7" nPathComplexity="32" sequenceCoverage="66.67" branchCoverage="54.55" isConstructor="false" isStatic="false" isGetter="false" isSetter="false">
              <Summary numSequencePoints="18" visitedSequencePoints="12" numBranchPoints="11" visitedBranchPoints="6" sequenceCoverage="66.67" branchCoverage="54.55" maxCyclomaticComplexity="7" minCyclomaticComplexity="7" visitedClasses="0" numClasses="0" visitedMethods="1" numMethods="1" />
              <MetadataToken>100665351</MetadataToken>
              <Name>System.Void IBM.Watson.DeveloperCloud.Services.AlchemyAPI.v1.AlchemyAPI::OnGetPublicationDateResponse(IBM.Watson.DeveloperCloud.Connection.RESTConnector/Request,IBM.Watson.DeveloperCloud.Connection.RESTConnector/Response)</Name>
              <FileRef uid="294" />
              <SequencePoints>
                <SequencePoint vc="2" uspid="8717" ordinal="0" offset="0" sl="1294" sc="7" el="1294" ec="51" bec="0" bev="0" fileid="294" />
                <SequencePoint vc="2" uspid="8718" ordinal="1" offset="6" sl="1295" sc="7" el="1295" ec="24" bec="2" bev="1" fileid="294" />
                <SequencePoint vc="2" uspid="8719" ordinal="2" offset="17" sl="1299" sc="11" el="1299" ec="30" bec="0" bev="0" fileid="294" />
                <SequencePoint vc="2" uspid="8720" ordinal="3" offset="19" sl="1300" sc="11" el="1300" ec="89" bec="0" bev="0" fileid="294" />
                <SequencePoint vc="2" uspid="8721" ordinal="4" offset="43" sl="1301" sc="11" el="1301" ec="28" bec="2" bev="1" fileid="294" />
                <SequencePoint vc="0" uspid="8722" ordinal="5" offset="52" sl="1302" sc="13" el="1302" ec="60" bec="0" bev="0" fileid="294" />
                <SequencePoint vc="2" uspid="8723" ordinal="6" offset="65" sl="1304" sc="11" el="1304" ec="36" bec="0" bev="0" fileid="294" />
                <SequencePoint vc="2" uspid="8724" ordinal="7" offset="67" sl="1305" sc="11" el="1305" ec="74" bec="0" bev="0" fileid="294" />
                <SequencePoint vc="2" uspid="8725" ordinal="8" offset="87" sl="1306" sc="11" el="1306" ec="28" bec="2" bev="1" fileid="294" />
                <SequencePoint vc="0" uspid="8726" ordinal="9" offset="96" sl="1307" sc="13" el="1307" ec="60" bec="0" bev="0" fileid="294" />
                <SequencePoint vc="2" uspid="8727" ordinal="10" offset="109" sl="1308" sc="9" el="1308" ec="10" bec="0" bev="0" fileid="294" />
                <SequencePoint vc="0" uspid="8728" ordinal="11" offset="111" sl="1309" sc="9" el="1309" ec="28" bec="0" bev="0" fileid="294" />
                <SequencePoint vc="0" uspid="8729" ordinal="12" offset="113" sl="1311" sc="11" el="1311" ec="101" bec="0" bev="0" fileid="294" />
                <SequencePoint vc="0" uspid="8730" ordinal="13" offset="144" sl="1312" sc="11" el="1312" ec="32" bec="0" bev="0" fileid="294" />
                <SequencePoint vc="0" uspid="8731" ordinal="14" offset="151" sl="1313" sc="9" el="1313" ec="10" bec="0" bev="0" fileid="294" />
                <SequencePoint vc="2" uspid="8732" ordinal="15" offset="153" sl="1316" sc="7" el="1316" ec="61" bec="2" bev="1" fileid="294" />
                <SequencePoint vc="2" uspid="8733" ordinal="16" offset="166" sl="1317" sc="9" el="1317" ec="125" bec="2" bev="1" fileid="294" />
                <SequencePoint vc="2" uspid="8734" ordinal="17" offset="205" sl="1318" sc="5" el="1318" ec="6" bec="0" bev="0" fileid="294" />
              </SequencePoints>
              <BranchPoints>
                <BranchPoint vc="2" uspid="8735" ordinal="0" offset="12" sl="1295" path="0" offsetend="17" fileid="294" />
                <BranchPoint vc="0" uspid="8736" ordinal="1" offset="12" sl="1295" path="1" offsetend="153" fileid="294" />
                <BranchPoint vc="0" uspid="8737" ordinal="2" offset="50" sl="1301" path="0" offsetend="52" fileid="294" />
                <BranchPoint vc="2" uspid="8738" ordinal="3" offset="50" sl="1301" path="1" offsetend="65" fileid="294" />
                <BranchPoint vc="0" uspid="8739" ordinal="4" offset="94" sl="1306" path="0" offsetend="96" fileid="294" />
                <BranchPoint vc="2" uspid="8740" ordinal="5" offset="94" sl="1306" path="1" offsetend="109" fileid="294" />
                <BranchPoint vc="2" uspid="8741" ordinal="6" offset="164" sl="1316" path="0" offsetend="166" fileid="294" />
                <BranchPoint vc="0" uspid="8742" ordinal="7" offset="164" sl="1316" path="1" offsetend="205" fileid="294" />
                <BranchPoint vc="0" uspid="8743" ordinal="8" offset="183" sl="1317" path="0" offsetend="185" fileid="294" />
                <BranchPoint vc="2" uspid="8744" ordinal="9" offset="183" sl="1317" path="1" offsetend="188" fileid="294" />
              </BranchPoints>
              <MethodPoint xsi:type="SequencePoint" vc="2" uspid="8717" ordinal="0" offset="0" sl="1294" sc="7" el="1294" ec="51" bec="0" bev="0" fileid="294" />
            </Method>
            <Method visited="true" cyclomaticComplexity="13" nPathComplexity="2048" sequenceCoverage="80.39" branchCoverage="65.22" isConstructor="false" isStatic="false" isGetter="false" isSetter="false">
              <Summary numSequencePoints="51" visitedSequencePoints="41" numBranchPoints="23" visitedBranchPoints="15" sequenceCoverage="80.39" branchCoverage="65.22" maxCyclomaticComplexity="13" minCyclomaticComplexity="13" visitedClasses="0" numClasses="0" visitedMethods="1" numMethods="1" />
              <MetadataToken>100665352</MetadataToken>
              <Name>System.Boolean IBM.Watson.DeveloperCloud.Services.AlchemyAPI.v1.AlchemyAPI::GetRelations(IBM.Watson.DeveloperCloud.Services.AlchemyAPI.v1.AlchemyAPI/OnGetRelations,System.String,System.Int32,System.Boolean,System.Boolean,System.Boolean,System.Boolean,System.Boolean,System.Boolean,System.Boolean,System.Boolean,System.Boolean,System.Boolean,System.String)</Name>
              <FileRef uid="294" />
              <SequencePoints>
                <SequencePoint vc="3" uspid="8745" ordinal="0" offset="0" sl="1363" sc="7" el="1363" ec="28" bec="2" bev="1" fileid="294" />
                <SequencePoint vc="0" uspid="8746" ordinal="1" offset="3" sl="1364" sc="9" el="1364" ec="53" bec="0" bev="0" fileid="294" />
                <SequencePoint vc="3" uspid="8747" ordinal="2" offset="14" sl="1365" sc="7" el="1365" ec="40" bec="2" bev="1" fileid="294" />
                <SequencePoint vc="0" uspid="8748" ordinal="3" offset="22" sl="1366" sc="9" el="1366" ec="80" bec="0" bev="0" fileid="294" />
                <SequencePoint vc="3" uspid="8749" ordinal="4" offset="33" sl="1367" sc="7" el="1367" ec="43" bec="2" bev="1" fileid="294" />
                <SequencePoint vc="0" uspid="8750" ordinal="5" offset="45" sl="1368" sc="9" el="1368" ec="26" bec="0" bev="0" fileid="294" />
                <SequencePoint vc="3" uspid="8751" ordinal="6" offset="51" sl="1370" sc="7" el="1370" ec="59" bec="0" bev="0" fileid="294" />
                <SequencePoint vc="3" uspid="8752" ordinal="7" offset="57" sl="1371" sc="7" el="1371" ec="31" bec="0" bev="0" fileid="294" />
                <SequencePoint vc="3" uspid="8753" ordinal="8" offset="64" sl="1372" sc="7" el="1372" ec="73" bec="2" bev="1" fileid="294" />
                <SequencePoint vc="3" uspid="8754" ordinal="9" offset="84" sl="1374" sc="7" el="1374" ec="44" bec="0" bev="0" fileid="294" />
                <SequencePoint vc="3" uspid="8755" ordinal="10" offset="105" sl="1375" sc="7" el="1375" ec="45" bec="0" bev="0" fileid="294" />
                <SequencePoint vc="3" uspid="8756" ordinal="11" offset="126" sl="1376" sc="7" el="1376" ec="79" bec="0" bev="0" fileid="294" />
                <SequencePoint vc="3" uspid="8757" ordinal="12" offset="157" sl="1377" sc="7" el="1377" ec="80" bec="0" bev="0" fileid="294" />
                <SequencePoint vc="3" uspid="8758" ordinal="13" offset="189" sl="1378" sc="7" el="1378" ec="80" bec="0" bev="0" fileid="294" />
                <SequencePoint vc="3" uspid="8759" ordinal="14" offset="221" sl="1379" sc="7" el="1379" ec="87" bec="0" bev="0" fileid="294" />
                <SequencePoint vc="3" uspid="8760" ordinal="15" offset="253" sl="1380" sc="7" el="1380" ec="87" bec="0" bev="0" fileid="294" />
                <SequencePoint vc="3" uspid="8761" ordinal="16" offset="285" sl="1381" sc="7" el="1381" ec="89" bec="0" bev="0" fileid="294" />
                <SequencePoint vc="3" uspid="8762" ordinal="17" offset="317" sl="1382" sc="7" el="1382" ec="92" bec="0" bev="0" fileid="294" />
                <SequencePoint vc="3" uspid="8763" ordinal="18" offset="349" sl="1383" sc="7" el="1383" ec="84" bec="0" bev="0" fileid="294" />
                <SequencePoint vc="3" uspid="8764" ordinal="19" offset="381" sl="1384" sc="7" el="1384" ec="82" bec="0" bev="0" fileid="294" />
                <SequencePoint vc="3" uspid="8765" ordinal="20" offset="413" sl="1385" sc="7" el="1385" ec="107" bec="0" bev="0" fileid="294" />
                <SequencePoint vc="3" uspid="8766" ordinal="21" offset="445" sl="1386" sc="7" el="1386" ec="88" bec="0" bev="0" fileid="294" />
                <SequencePoint vc="3" uspid="8767" ordinal="22" offset="477" sl="1387" sc="7" el="1387" ec="55" bec="0" bev="0" fileid="294" />
                <SequencePoint vc="3" uspid="8768" ordinal="23" offset="498" sl="1389" sc="7" el="1389" ec="73" bec="0" bev="0" fileid="294" />
                <SequencePoint vc="3" uspid="8769" ordinal="24" offset="519" sl="1390" sc="7" el="1390" ec="64" bec="0" bev="0" fileid="294" />
                <SequencePoint vc="3" uspid="8770" ordinal="25" offset="530" sl="1393" sc="7" el="1393" ec="57" bec="0" bev="0" fileid="294" />
                <SequencePoint vc="3" uspid="8771" ordinal="26" offset="542" sl="1394" sc="7" el="1394" ec="93" bec="3" bev="3" fileid="294" />
                <SequencePoint vc="1" uspid="8772" ordinal="27" offset="568" sl="1396" sc="9" el="1396" ec="45" bec="0" bev="0" fileid="294" />
                <SequencePoint vc="1" uspid="8773" ordinal="28" offset="574" sl="1397" sc="9" el="1397" ec="59" bec="0" bev="0" fileid="294" />
                <SequencePoint vc="1" uspid="8774" ordinal="29" offset="596" sl="1398" sc="7" el="1398" ec="8" bec="0" bev="0" fileid="294" />
                <SequencePoint vc="2" uspid="8775" ordinal="30" offset="601" sl="1399" sc="12" el="1399" ec="165" bec="4" bev="4" fileid="294" />
                <SequencePoint vc="1" uspid="8776" ordinal="31" offset="647" sl="1403" sc="11" el="1403" ec="59" bec="2" bev="1" fileid="294" />
                <SequencePoint vc="1" uspid="8777" ordinal="32" offset="660" sl="1405" sc="13" el="1405" ec="50" bec="0" bev="0" fileid="294" />
                <SequencePoint vc="1" uspid="8778" ordinal="33" offset="666" sl="1406" sc="13" el="1406" ec="47" bec="0" bev="0" fileid="294" />
                <SequencePoint vc="1" uspid="8779" ordinal="34" offset="669" sl="1407" sc="13" el="1407" ec="49" bec="0" bev="0" fileid="294" />
                <SequencePoint vc="1" uspid="8780" ordinal="35" offset="677" sl="1408" sc="13" el="1408" ec="66" bec="0" bev="0" fileid="294" />
                <SequencePoint vc="1" uspid="8781" ordinal="36" offset="700" sl="1409" sc="11" el="1409" ec="12" bec="0" bev="0" fileid="294" />
                <SequencePoint vc="0" uspid="8782" ordinal="37" offset="702" sl="1412" sc="13" el="1412" ec="50" bec="0" bev="0" fileid="294" />
                <SequencePoint vc="0" uspid="8783" ordinal="38" offset="708" sl="1413" sc="13" el="1413" ec="64" bec="0" bev="0" fileid="294" />
                <SequencePoint vc="1" uspid="8784" ordinal="39" offset="730" sl="1415" sc="9" el="1415" ec="10" bec="0" bev="0" fileid="294" />
                <SequencePoint vc="0" uspid="8785" ordinal="40" offset="732" sl="1416" sc="9" el="1416" ec="14" bec="0" bev="0" fileid="294" />
                <SequencePoint vc="0" uspid="8786" ordinal="41" offset="733" sl="1418" sc="11" el="1418" ec="48" bec="0" bev="0" fileid="294" />
                <SequencePoint vc="0" uspid="8787" ordinal="42" offset="739" sl="1419" sc="11" el="1419" ec="62" bec="0" bev="0" fileid="294" />
                <SequencePoint vc="0" uspid="8788" ordinal="43" offset="761" sl="1420" sc="9" el="1420" ec="10" bec="0" bev="0" fileid="294" />
                <SequencePoint vc="1" uspid="8789" ordinal="44" offset="763" sl="1424" sc="9" el="1424" ec="46" bec="0" bev="0" fileid="294" />
                <SequencePoint vc="1" uspid="8790" ordinal="45" offset="769" sl="1425" sc="9" el="1425" ec="60" bec="0" bev="0" fileid="294" />
                <SequencePoint vc="3" uspid="8791" ordinal="46" offset="791" sl="1428" sc="7" el="1428" ec="81" bec="0" bev="0" fileid="294" />
                <SequencePoint vc="3" uspid="8792" ordinal="47" offset="804" sl="1429" sc="7" el="1429" ec="29" bec="2" bev="1" fileid="294" />
                <SequencePoint vc="0" uspid="8793" ordinal="48" offset="807" sl="1430" sc="9" el="1430" ec="22" bec="0" bev="0" fileid="294" />
                <SequencePoint vc="3" uspid="8794" ordinal="49" offset="809" sl="1432" sc="7" el="1432" ec="47" bec="0" bev="0" fileid="294" />
                <SequencePoint vc="3" uspid="8795" ordinal="50" offset="827" sl="1433" sc="7" el="1433" ec="34" bec="0" bev="0" fileid="294" />
              </SequencePoints>
              <BranchPoints>
                <BranchPoint vc="0" uspid="8796" ordinal="0" offset="1" sl="1363" path="0" offsetend="3" fileid="294" />
                <BranchPoint vc="3" uspid="8797" ordinal="1" offset="1" sl="1363" path="1" offsetend="14" fileid="294" />
                <BranchPoint vc="0" uspid="8798" ordinal="2" offset="20" sl="1365" path="0" offsetend="22" fileid="294" />
                <BranchPoint vc="3" uspid="8799" ordinal="3" offset="20" sl="1365" path="1" offsetend="33" fileid="294" />
                <BranchPoint vc="0" uspid="8800" ordinal="4" offset="43" sl="1367" path="0" offsetend="45" fileid="294" />
                <BranchPoint vc="3" uspid="8801" ordinal="5" offset="43" sl="1367" path="1" offsetend="51" fileid="294" />
                <BranchPoint vc="0" uspid="8802" ordinal="6" offset="72" sl="1372" path="0" offsetend="74" fileid="294" />
                <BranchPoint vc="3" uspid="8803" ordinal="7" offset="72" sl="1372" path="1" offsetend="78" fileid="294" />
                <BranchPoint vc="2" uspid="8804" ordinal="8" offset="553" sl="1394" path="0" offsetend="555" fileid="294" />
                <BranchPoint vc="1" uspid="8805" ordinal="9" offset="553" sl="1394" path="1" offsetend="568" fileid="294" />
                <BranchPoint vc="1" uspid="8806" ordinal="10" offset="566" sl="1394" path="0" offsetend="568" fileid="294" />
                <BranchPoint vc="2" uspid="8807" ordinal="11" offset="566" sl="1394" path="1" offsetend="601" fileid="294" />
                <BranchPoint vc="2" uspid="8808" ordinal="12" offset="612" sl="1399" path="0" offsetend="617" fileid="294" />
                <BranchPoint vc="0" uspid="8809" ordinal="13" offset="612" sl="1399" path="1" offsetend="763" fileid="294" />
                <BranchPoint vc="2" uspid="8810" ordinal="14" offset="628" sl="1399" path="0" offsetend="633" fileid="294" />
                <BranchPoint vc="0" uspid="8811" ordinal="15" offset="628" sl="1399" path="1" offsetend="763" fileid="294" />
                <BranchPoint vc="1" uspid="8812" ordinal="16" offset="645" sl="1399" path="0" offsetend="647" fileid="294" />
                <BranchPoint vc="1" uspid="8813" ordinal="17" offset="645" sl="1399" path="1" offsetend="763" fileid="294" />
                <BranchPoint vc="1" uspid="8814" ordinal="18" offset="658" sl="1403" path="0" offsetend="660" fileid="294" />
                <BranchPoint vc="0" uspid="8815" ordinal="19" offset="658" sl="1403" path="1" offsetend="702" fileid="294" />
                <BranchPoint vc="0" uspid="8816" ordinal="20" offset="805" sl="1429" path="0" offsetend="807" fileid="294" />
                <BranchPoint vc="3" uspid="8817" ordinal="21" offset="805" sl="1429" path="1" offsetend="809" fileid="294" />
              </BranchPoints>
              <MethodPoint xsi:type="SequencePoint" vc="3" uspid="8745" ordinal="0" offset="0" sl="1363" sc="7" el="1363" ec="28" bec="2" bev="1" fileid="294" />
            </Method>
            <Method visited="true" cyclomaticComplexity="7" nPathComplexity="32" sequenceCoverage="66.67" branchCoverage="54.55" isConstructor="false" isStatic="false" isGetter="false" isSetter="false">
              <Summary numSequencePoints="18" visitedSequencePoints="12" numBranchPoints="11" visitedBranchPoints="6" sequenceCoverage="66.67" branchCoverage="54.55" maxCyclomaticComplexity="7" minCyclomaticComplexity="7" visitedClasses="0" numClasses="0" visitedMethods="1" numMethods="1" />
              <MetadataToken>100665353</MetadataToken>
              <Name>System.Void IBM.Watson.DeveloperCloud.Services.AlchemyAPI.v1.AlchemyAPI::OnGetRelationsResponse(IBM.Watson.DeveloperCloud.Connection.RESTConnector/Request,IBM.Watson.DeveloperCloud.Connection.RESTConnector/Response)</Name>
              <FileRef uid="294" />
              <SequencePoints>
                <SequencePoint vc="3" uspid="8818" ordinal="0" offset="0" sl="1453" sc="7" el="1453" ec="57" bec="0" bev="0" fileid="294" />
                <SequencePoint vc="3" uspid="8819" ordinal="1" offset="6" sl="1454" sc="7" el="1454" ec="24" bec="2" bev="1" fileid="294" />
                <SequencePoint vc="3" uspid="8820" ordinal="2" offset="17" sl="1458" sc="11" el="1458" ec="30" bec="0" bev="0" fileid="294" />
                <SequencePoint vc="3" uspid="8821" ordinal="3" offset="19" sl="1459" sc="11" el="1459" ec="89" bec="0" bev="0" fileid="294" />
                <SequencePoint vc="3" uspid="8822" ordinal="4" offset="43" sl="1460" sc="11" el="1460" ec="28" bec="2" bev="1" fileid="294" />
                <SequencePoint vc="0" uspid="8823" ordinal="5" offset="52" sl="1461" sc="13" el="1461" ec="60" bec="0" bev="0" fileid="294" />
                <SequencePoint vc="3" uspid="8824" ordinal="6" offset="65" sl="1463" sc="11" el="1463" ec="38" bec="0" bev="0" fileid="294" />
                <SequencePoint vc="3" uspid="8825" ordinal="7" offset="67" sl="1464" sc="11" el="1464" ec="74" bec="0" bev="0" fileid="294" />
                <SequencePoint vc="3" uspid="8826" ordinal="8" offset="87" sl="1465" sc="11" el="1465" ec="28" bec="2" bev="1" fileid="294" />
                <SequencePoint vc="0" uspid="8827" ordinal="9" offset="96" sl="1466" sc="13" el="1466" ec="60" bec="0" bev="0" fileid="294" />
                <SequencePoint vc="3" uspid="8828" ordinal="10" offset="109" sl="1467" sc="9" el="1467" ec="10" bec="0" bev="0" fileid="294" />
                <SequencePoint vc="0" uspid="8829" ordinal="11" offset="111" sl="1468" sc="9" el="1468" ec="28" bec="0" bev="0" fileid="294" />
                <SequencePoint vc="0" uspid="8830" ordinal="12" offset="113" sl="1470" sc="11" el="1470" ec="95" bec="0" bev="0" fileid="294" />
                <SequencePoint vc="0" uspid="8831" ordinal="13" offset="144" sl="1471" sc="11" el="1471" ec="32" bec="0" bev="0" fileid="294" />
                <SequencePoint vc="0" uspid="8832" ordinal="14" offset="151" sl="1472" sc="9" el="1472" ec="10" bec="0" bev="0" fileid="294" />
                <SequencePoint vc="3" uspid="8833" ordinal="15" offset="153" sl="1475" sc="7" el="1475" ec="55" bec="2" bev="1" fileid="294" />
                <SequencePoint vc="3" uspid="8834" ordinal="16" offset="166" sl="1476" sc="9" el="1476" ec="115" bec="2" bev="1" fileid="294" />
                <SequencePoint vc="3" uspid="8835" ordinal="17" offset="205" sl="1477" sc="5" el="1477" ec="6" bec="0" bev="0" fileid="294" />
              </SequencePoints>
              <BranchPoints>
                <BranchPoint vc="3" uspid="8836" ordinal="0" offset="12" sl="1454" path="0" offsetend="17" fileid="294" />
                <BranchPoint vc="0" uspid="8837" ordinal="1" offset="12" sl="1454" path="1" offsetend="153" fileid="294" />
                <BranchPoint vc="0" uspid="8838" ordinal="2" offset="50" sl="1460" path="0" offsetend="52" fileid="294" />
                <BranchPoint vc="3" uspid="8839" ordinal="3" offset="50" sl="1460" path="1" offsetend="65" fileid="294" />
                <BranchPoint vc="0" uspid="8840" ordinal="4" offset="94" sl="1465" path="0" offsetend="96" fileid="294" />
                <BranchPoint vc="3" uspid="8841" ordinal="5" offset="94" sl="1465" path="1" offsetend="109" fileid="294" />
                <BranchPoint vc="3" uspid="8842" ordinal="6" offset="164" sl="1475" path="0" offsetend="166" fileid="294" />
                <BranchPoint vc="0" uspid="8843" ordinal="7" offset="164" sl="1475" path="1" offsetend="205" fileid="294" />
                <BranchPoint vc="0" uspid="8844" ordinal="8" offset="183" sl="1476" path="0" offsetend="185" fileid="294" />
                <BranchPoint vc="3" uspid="8845" ordinal="9" offset="183" sl="1476" path="1" offsetend="188" fileid="294" />
              </BranchPoints>
              <MethodPoint xsi:type="SequencePoint" vc="3" uspid="8818" ordinal="0" offset="0" sl="1453" sc="7" el="1453" ec="57" bec="0" bev="0" fileid="294" />
            </Method>
            <Method visited="true" cyclomaticComplexity="13" nPathComplexity="2048" sequenceCoverage="75" branchCoverage="65.22" isConstructor="false" isStatic="false" isGetter="false" isSetter="false">
              <Summary numSequencePoints="40" visitedSequencePoints="30" numBranchPoints="23" visitedBranchPoints="15" sequenceCoverage="75" branchCoverage="65.22" maxCyclomaticComplexity="13" minCyclomaticComplexity="13" visitedClasses="0" numClasses="0" visitedMethods="1" numMethods="1" />
              <MetadataToken>100665354</MetadataToken>
              <Name>System.Boolean IBM.Watson.DeveloperCloud.Services.AlchemyAPI.v1.AlchemyAPI::GetTextSentiment(IBM.Watson.DeveloperCloud.Services.AlchemyAPI.v1.AlchemyAPI/OnGetTextSentiment,System.String,System.Boolean,System.String)</Name>
              <FileRef uid="294" />
              <SequencePoints>
                <SequencePoint vc="3" uspid="8846" ordinal="0" offset="0" sl="1500" sc="7" el="1500" ec="28" bec="2" bev="1" fileid="294" />
                <SequencePoint vc="0" uspid="8847" ordinal="1" offset="3" sl="1501" sc="9" el="1501" ec="53" bec="0" bev="0" fileid="294" />
                <SequencePoint vc="3" uspid="8848" ordinal="2" offset="14" sl="1502" sc="7" el="1502" ec="40" bec="2" bev="1" fileid="294" />
                <SequencePoint vc="0" uspid="8849" ordinal="3" offset="22" sl="1503" sc="9" el="1503" ec="84" bec="0" bev="0" fileid="294" />
                <SequencePoint vc="3" uspid="8850" ordinal="4" offset="33" sl="1504" sc="7" el="1504" ec="43" bec="2" bev="1" fileid="294" />
                <SequencePoint vc="0" uspid="8851" ordinal="5" offset="45" sl="1505" sc="9" el="1505" ec="26" bec="0" bev="0" fileid="294" />
                <SequencePoint vc="3" uspid="8852" ordinal="6" offset="51" sl="1507" sc="7" el="1507" ec="67" bec="0" bev="0" fileid="294" />
                <SequencePoint vc="3" uspid="8853" ordinal="7" offset="57" sl="1508" sc="7" el="1508" ec="31" bec="0" bev="0" fileid="294" />
                <SequencePoint vc="3" uspid="8854" ordinal="8" offset="64" sl="1509" sc="7" el="1509" ec="73" bec="2" bev="1" fileid="294" />
                <SequencePoint vc="3" uspid="8855" ordinal="9" offset="84" sl="1511" sc="7" el="1511" ec="44" bec="0" bev="0" fileid="294" />
                <SequencePoint vc="3" uspid="8856" ordinal="10" offset="105" sl="1512" sc="7" el="1512" ec="45" bec="0" bev="0" fileid="294" />
                <SequencePoint vc="3" uspid="8857" ordinal="11" offset="126" sl="1513" sc="7" el="1513" ec="88" bec="0" bev="0" fileid="294" />
                <SequencePoint vc="3" uspid="8858" ordinal="12" offset="157" sl="1515" sc="7" el="1515" ec="73" bec="0" bev="0" fileid="294" />
                <SequencePoint vc="3" uspid="8859" ordinal="13" offset="178" sl="1516" sc="7" el="1516" ec="64" bec="0" bev="0" fileid="294" />
                <SequencePoint vc="3" uspid="8860" ordinal="14" offset="189" sl="1519" sc="7" el="1519" ec="57" bec="0" bev="0" fileid="294" />
                <SequencePoint vc="3" uspid="8861" ordinal="15" offset="201" sl="1520" sc="7" el="1520" ec="93" bec="3" bev="3" fileid="294" />
                <SequencePoint vc="1" uspid="8862" ordinal="16" offset="227" sl="1522" sc="9" el="1522" ec="50" bec="0" bev="0" fileid="294" />
                <SequencePoint vc="1" uspid="8863" ordinal="17" offset="233" sl="1523" sc="9" el="1523" ec="59" bec="0" bev="0" fileid="294" />
                <SequencePoint vc="1" uspid="8864" ordinal="18" offset="255" sl="1524" sc="7" el="1524" ec="8" bec="0" bev="0" fileid="294" />
                <SequencePoint vc="2" uspid="8865" ordinal="19" offset="260" sl="1525" sc="12" el="1525" ec="165" bec="4" bev="4" fileid="294" />
                <SequencePoint vc="1" uspid="8866" ordinal="20" offset="306" sl="1529" sc="11" el="1529" ec="59" bec="2" bev="1" fileid="294" />
                <SequencePoint vc="1" uspid="8867" ordinal="21" offset="319" sl="1531" sc="13" el="1531" ec="55" bec="0" bev="0" fileid="294" />
                <SequencePoint vc="1" uspid="8868" ordinal="22" offset="325" sl="1532" sc="13" el="1532" ec="47" bec="0" bev="0" fileid="294" />
                <SequencePoint vc="1" uspid="8869" ordinal="23" offset="328" sl="1533" sc="13" el="1533" ec="49" bec="0" bev="0" fileid="294" />
                <SequencePoint vc="1" uspid="8870" ordinal="24" offset="336" sl="1534" sc="13" el="1534" ec="66" bec="0" bev="0" fileid="294" />
                <SequencePoint vc="1" uspid="8871" ordinal="25" offset="359" sl="1535" sc="11" el="1535" ec="12" bec="0" bev="0" fileid="294" />
                <SequencePoint vc="0" uspid="8872" ordinal="26" offset="361" sl="1538" sc="13" el="1538" ec="55" bec="0" bev="0" fileid="294" />
                <SequencePoint vc="0" uspid="8873" ordinal="27" offset="367" sl="1539" sc="13" el="1539" ec="64" bec="0" bev="0" fileid="294" />
                <SequencePoint vc="1" uspid="8874" ordinal="28" offset="389" sl="1541" sc="9" el="1541" ec="10" bec="0" bev="0" fileid="294" />
                <SequencePoint vc="0" uspid="8875" ordinal="29" offset="391" sl="1542" sc="9" el="1542" ec="14" bec="0" bev="0" fileid="294" />
                <SequencePoint vc="0" uspid="8876" ordinal="30" offset="392" sl="1544" sc="11" el="1544" ec="53" bec="0" bev="0" fileid="294" />
                <SequencePoint vc="0" uspid="8877" ordinal="31" offset="398" sl="1545" sc="11" el="1545" ec="62" bec="0" bev="0" fileid="294" />
                <SequencePoint vc="0" uspid="8878" ordinal="32" offset="420" sl="1546" sc="9" el="1546" ec="10" bec="0" bev="0" fileid="294" />
                <SequencePoint vc="1" uspid="8879" ordinal="33" offset="422" sl="1550" sc="9" el="1550" ec="51" bec="0" bev="0" fileid="294" />
                <SequencePoint vc="1" uspid="8880" ordinal="34" offset="428" sl="1551" sc="9" el="1551" ec="60" bec="0" bev="0" fileid="294" />
                <SequencePoint vc="3" uspid="8881" ordinal="35" offset="450" sl="1554" sc="7" el="1554" ec="81" bec="0" bev="0" fileid="294" />
                <SequencePoint vc="3" uspid="8882" ordinal="36" offset="463" sl="1555" sc="7" el="1555" ec="29" bec="2" bev="1" fileid="294" />
                <SequencePoint vc="0" uspid="8883" ordinal="37" offset="466" sl="1556" sc="9" el="1556" ec="22" bec="0" bev="0" fileid="294" />
                <SequencePoint vc="3" uspid="8884" ordinal="38" offset="468" sl="1558" sc="7" el="1558" ec="51" bec="0" bev="0" fileid="294" />
                <SequencePoint vc="3" uspid="8885" ordinal="39" offset="486" sl="1559" sc="7" el="1559" ec="34" bec="0" bev="0" fileid="294" />
              </SequencePoints>
              <BranchPoints>
                <BranchPoint vc="0" uspid="8886" ordinal="0" offset="1" sl="1500" path="0" offsetend="3" fileid="294" />
                <BranchPoint vc="3" uspid="8887" ordinal="1" offset="1" sl="1500" path="1" offsetend="14" fileid="294" />
                <BranchPoint vc="0" uspid="8888" ordinal="2" offset="20" sl="1502" path="0" offsetend="22" fileid="294" />
                <BranchPoint vc="3" uspid="8889" ordinal="3" offset="20" sl="1502" path="1" offsetend="33" fileid="294" />
                <BranchPoint vc="0" uspid="8890" ordinal="4" offset="43" sl="1504" path="0" offsetend="45" fileid="294" />
                <BranchPoint vc="3" uspid="8891" ordinal="5" offset="43" sl="1504" path="1" offsetend="51" fileid="294" />
                <BranchPoint vc="0" uspid="8892" ordinal="6" offset="72" sl="1509" path="0" offsetend="74" fileid="294" />
                <BranchPoint vc="3" uspid="8893" ordinal="7" offset="72" sl="1509" path="1" offsetend="78" fileid="294" />
                <BranchPoint vc="2" uspid="8894" ordinal="8" offset="212" sl="1520" path="0" offsetend="214" fileid="294" />
                <BranchPoint vc="1" uspid="8895" ordinal="9" offset="212" sl="1520" path="1" offsetend="227" fileid="294" />
                <BranchPoint vc="1" uspid="8896" ordinal="10" offset="225" sl="1520" path="0" offsetend="227" fileid="294" />
                <BranchPoint vc="2" uspid="8897" ordinal="11" offset="225" sl="1520" path="1" offsetend="260" fileid="294" />
                <BranchPoint vc="2" uspid="8898" ordinal="12" offset="271" sl="1525" path="0" offsetend="276" fileid="294" />
                <BranchPoint vc="0" uspid="8899" ordinal="13" offset="271" sl="1525" path="1" offsetend="422" fileid="294" />
                <BranchPoint vc="2" uspid="8900" ordinal="14" offset="287" sl="1525" path="0" offsetend="292" fileid="294" />
                <BranchPoint vc="0" uspid="8901" ordinal="15" offset="287" sl="1525" path="1" offsetend="422" fileid="294" />
                <BranchPoint vc="1" uspid="8902" ordinal="16" offset="304" sl="1525" path="0" offsetend="306" fileid="294" />
                <BranchPoint vc="1" uspid="8903" ordinal="17" offset="304" sl="1525" path="1" offsetend="422" fileid="294" />
                <BranchPoint vc="1" uspid="8904" ordinal="18" offset="317" sl="1529" path="0" offsetend="319" fileid="294" />
                <BranchPoint vc="0" uspid="8905" ordinal="19" offset="317" sl="1529" path="1" offsetend="361" fileid="294" />
                <BranchPoint vc="0" uspid="8906" ordinal="20" offset="464" sl="1555" path="0" offsetend="466" fileid="294" />
                <BranchPoint vc="3" uspid="8907" ordinal="21" offset="464" sl="1555" path="1" offsetend="468" fileid="294" />
              </BranchPoints>
              <MethodPoint xsi:type="SequencePoint" vc="3" uspid="8846" ordinal="0" offset="0" sl="1500" sc="7" el="1500" ec="28" bec="2" bev="1" fileid="294" />
            </Method>
            <Method visited="true" cyclomaticComplexity="7" nPathComplexity="32" sequenceCoverage="66.67" branchCoverage="54.55" isConstructor="false" isStatic="false" isGetter="false" isSetter="false">
              <Summary numSequencePoints="18" visitedSequencePoints="12" numBranchPoints="11" visitedBranchPoints="6" sequenceCoverage="66.67" branchCoverage="54.55" maxCyclomaticComplexity="7" minCyclomaticComplexity="7" visitedClasses="0" numClasses="0" visitedMethods="1" numMethods="1" />
              <MetadataToken>100665355</MetadataToken>
              <Name>System.Void IBM.Watson.DeveloperCloud.Services.AlchemyAPI.v1.AlchemyAPI::OnGetTextSentimentResponse(IBM.Watson.DeveloperCloud.Connection.RESTConnector/Request,IBM.Watson.DeveloperCloud.Connection.RESTConnector/Response)</Name>
              <FileRef uid="294" />
              <SequencePoints>
                <SequencePoint vc="3" uspid="8908" ordinal="0" offset="0" sl="1579" sc="7" el="1579" ec="57" bec="0" bev="0" fileid="294" />
                <SequencePoint vc="3" uspid="8909" ordinal="1" offset="6" sl="1580" sc="7" el="1580" ec="24" bec="2" bev="1" fileid="294" />
                <SequencePoint vc="3" uspid="8910" ordinal="2" offset="17" sl="1584" sc="11" el="1584" ec="30" bec="0" bev="0" fileid="294" />
                <SequencePoint vc="3" uspid="8911" ordinal="3" offset="19" sl="1585" sc="11" el="1585" ec="89" bec="0" bev="0" fileid="294" />
                <SequencePoint vc="3" uspid="8912" ordinal="4" offset="43" sl="1586" sc="11" el="1586" ec="28" bec="2" bev="1" fileid="294" />
                <SequencePoint vc="0" uspid="8913" ordinal="5" offset="52" sl="1587" sc="13" el="1587" ec="60" bec="0" bev="0" fileid="294" />
                <SequencePoint vc="3" uspid="8914" ordinal="6" offset="65" sl="1589" sc="11" el="1589" ec="38" bec="0" bev="0" fileid="294" />
                <SequencePoint vc="3" uspid="8915" ordinal="7" offset="67" sl="1590" sc="11" el="1590" ec="74" bec="0" bev="0" fileid="294" />
                <SequencePoint vc="3" uspid="8916" ordinal="8" offset="87" sl="1591" sc="11" el="1591" ec="28" bec="2" bev="1" fileid="294" />
                <SequencePoint vc="0" uspid="8917" ordinal="9" offset="96" sl="1592" sc="13" el="1592" ec="60" bec="0" bev="0" fileid="294" />
                <SequencePoint vc="3" uspid="8918" ordinal="10" offset="109" sl="1593" sc="9" el="1593" ec="10" bec="0" bev="0" fileid="294" />
                <SequencePoint vc="0" uspid="8919" ordinal="11" offset="111" sl="1594" sc="9" el="1594" ec="28" bec="0" bev="0" fileid="294" />
                <SequencePoint vc="0" uspid="8920" ordinal="12" offset="113" sl="1596" sc="11" el="1596" ec="99" bec="0" bev="0" fileid="294" />
                <SequencePoint vc="0" uspid="8921" ordinal="13" offset="144" sl="1597" sc="11" el="1597" ec="32" bec="0" bev="0" fileid="294" />
                <SequencePoint vc="0" uspid="8922" ordinal="14" offset="151" sl="1598" sc="9" el="1598" ec="10" bec="0" bev="0" fileid="294" />
                <SequencePoint vc="3" uspid="8923" ordinal="15" offset="153" sl="1601" sc="7" el="1601" ec="59" bec="2" bev="1" fileid="294" />
                <SequencePoint vc="3" uspid="8924" ordinal="16" offset="166" sl="1602" sc="9" el="1602" ec="123" bec="2" bev="1" fileid="294" />
                <SequencePoint vc="3" uspid="8925" ordinal="17" offset="205" sl="1603" sc="5" el="1603" ec="6" bec="0" bev="0" fileid="294" />
              </SequencePoints>
              <BranchPoints>
                <BranchPoint vc="3" uspid="8926" ordinal="0" offset="12" sl="1580" path="0" offsetend="17" fileid="294" />
                <BranchPoint vc="0" uspid="8927" ordinal="1" offset="12" sl="1580" path="1" offsetend="153" fileid="294" />
                <BranchPoint vc="0" uspid="8928" ordinal="2" offset="50" sl="1586" path="0" offsetend="52" fileid="294" />
                <BranchPoint vc="3" uspid="8929" ordinal="3" offset="50" sl="1586" path="1" offsetend="65" fileid="294" />
                <BranchPoint vc="0" uspid="8930" ordinal="4" offset="94" sl="1591" path="0" offsetend="96" fileid="294" />
                <BranchPoint vc="3" uspid="8931" ordinal="5" offset="94" sl="1591" path="1" offsetend="109" fileid="294" />
                <BranchPoint vc="3" uspid="8932" ordinal="6" offset="164" sl="1601" path="0" offsetend="166" fileid="294" />
                <BranchPoint vc="0" uspid="8933" ordinal="7" offset="164" sl="1601" path="1" offsetend="205" fileid="294" />
                <BranchPoint vc="0" uspid="8934" ordinal="8" offset="183" sl="1602" path="0" offsetend="185" fileid="294" />
                <BranchPoint vc="3" uspid="8935" ordinal="9" offset="183" sl="1602" path="1" offsetend="188" fileid="294" />
              </BranchPoints>
              <MethodPoint xsi:type="SequencePoint" vc="3" uspid="8908" ordinal="0" offset="0" sl="1579" sc="7" el="1579" ec="57" bec="0" bev="0" fileid="294" />
            </Method>
            <Method visited="true" cyclomaticComplexity="14" nPathComplexity="4096" sequenceCoverage="74.42" branchCoverage="64" isConstructor="false" isStatic="false" isGetter="false" isSetter="false">
              <Summary numSequencePoints="43" visitedSequencePoints="32" numBranchPoints="25" visitedBranchPoints="16" sequenceCoverage="74.42" branchCoverage="64" maxCyclomaticComplexity="14" minCyclomaticComplexity="14" visitedClasses="0" numClasses="0" visitedMethods="1" numMethods="1" />
              <MetadataToken>100665356</MetadataToken>
              <Name>System.Boolean IBM.Watson.DeveloperCloud.Services.AlchemyAPI.v1.AlchemyAPI::GetTargetedSentiment(IBM.Watson.DeveloperCloud.Services.AlchemyAPI.v1.AlchemyAPI/OnGetTargetedSentiment,System.String,System.String,System.Boolean,System.String)</Name>
              <FileRef uid="294" />
              <SequencePoints>
                <SequencePoint vc="3" uspid="8936" ordinal="0" offset="0" sl="1627" sc="7" el="1627" ec="28" bec="2" bev="1" fileid="294" />
                <SequencePoint vc="0" uspid="8937" ordinal="1" offset="3" sl="1628" sc="9" el="1628" ec="53" bec="0" bev="0" fileid="294" />
                <SequencePoint vc="3" uspid="8938" ordinal="2" offset="14" sl="1629" sc="7" el="1629" ec="40" bec="2" bev="1" fileid="294" />
                <SequencePoint vc="0" uspid="8939" ordinal="3" offset="22" sl="1630" sc="9" el="1630" ec="88" bec="0" bev="0" fileid="294" />
                <SequencePoint vc="3" uspid="8940" ordinal="4" offset="33" sl="1631" sc="7" el="1631" ec="41" bec="2" bev="1" fileid="294" />
                <SequencePoint vc="0" uspid="8941" ordinal="5" offset="41" sl="1632" sc="9" el="1632" ec="88" bec="0" bev="0" fileid="294" />
                <SequencePoint vc="3" uspid="8942" ordinal="6" offset="52" sl="1633" sc="7" el="1633" ec="43" bec="2" bev="1" fileid="294" />
                <SequencePoint vc="0" uspid="8943" ordinal="7" offset="64" sl="1634" sc="9" el="1634" ec="26" bec="0" bev="0" fileid="294" />
                <SequencePoint vc="3" uspid="8944" ordinal="8" offset="70" sl="1636" sc="7" el="1636" ec="75" bec="0" bev="0" fileid="294" />
                <SequencePoint vc="3" uspid="8945" ordinal="9" offset="76" sl="1637" sc="7" el="1637" ec="31" bec="0" bev="0" fileid="294" />
                <SequencePoint vc="3" uspid="8946" ordinal="10" offset="83" sl="1638" sc="7" el="1638" ec="73" bec="2" bev="1" fileid="294" />
                <SequencePoint vc="3" uspid="8947" ordinal="11" offset="103" sl="1640" sc="7" el="1640" ec="44" bec="0" bev="0" fileid="294" />
                <SequencePoint vc="3" uspid="8948" ordinal="12" offset="124" sl="1641" sc="7" el="1641" ec="45" bec="0" bev="0" fileid="294" />
                <SequencePoint vc="3" uspid="8949" ordinal="13" offset="145" sl="1642" sc="7" el="1642" ec="88" bec="0" bev="0" fileid="294" />
                <SequencePoint vc="3" uspid="8950" ordinal="14" offset="177" sl="1644" sc="7" el="1644" ec="73" bec="0" bev="0" fileid="294" />
                <SequencePoint vc="3" uspid="8951" ordinal="15" offset="198" sl="1645" sc="7" el="1645" ec="64" bec="0" bev="0" fileid="294" />
                <SequencePoint vc="3" uspid="8952" ordinal="16" offset="209" sl="1646" sc="7" el="1646" ec="62" bec="0" bev="0" fileid="294" />
                <SequencePoint vc="3" uspid="8953" ordinal="17" offset="231" sl="1649" sc="7" el="1649" ec="57" bec="0" bev="0" fileid="294" />
                <SequencePoint vc="3" uspid="8954" ordinal="18" offset="243" sl="1650" sc="7" el="1650" ec="93" bec="3" bev="3" fileid="294" />
                <SequencePoint vc="1" uspid="8955" ordinal="19" offset="269" sl="1652" sc="9" el="1652" ec="54" bec="0" bev="0" fileid="294" />
                <SequencePoint vc="1" uspid="8956" ordinal="20" offset="275" sl="1653" sc="9" el="1653" ec="59" bec="0" bev="0" fileid="294" />
                <SequencePoint vc="1" uspid="8957" ordinal="21" offset="297" sl="1654" sc="7" el="1654" ec="8" bec="0" bev="0" fileid="294" />
                <SequencePoint vc="2" uspid="8958" ordinal="22" offset="302" sl="1655" sc="12" el="1655" ec="165" bec="4" bev="4" fileid="294" />
                <SequencePoint vc="1" uspid="8959" ordinal="23" offset="348" sl="1659" sc="11" el="1659" ec="59" bec="2" bev="1" fileid="294" />
                <SequencePoint vc="1" uspid="8960" ordinal="24" offset="361" sl="1661" sc="13" el="1661" ec="59" bec="0" bev="0" fileid="294" />
                <SequencePoint vc="1" uspid="8961" ordinal="25" offset="367" sl="1662" sc="13" el="1662" ec="47" bec="0" bev="0" fileid="294" />
                <SequencePoint vc="1" uspid="8962" ordinal="26" offset="370" sl="1663" sc="13" el="1663" ec="49" bec="0" bev="0" fileid="294" />
                <SequencePoint vc="1" uspid="8963" ordinal="27" offset="378" sl="1664" sc="13" el="1664" ec="66" bec="0" bev="0" fileid="294" />
                <SequencePoint vc="1" uspid="8964" ordinal="28" offset="401" sl="1665" sc="11" el="1665" ec="12" bec="0" bev="0" fileid="294" />
                <SequencePoint vc="0" uspid="8965" ordinal="29" offset="403" sl="1668" sc="13" el="1668" ec="59" bec="0" bev="0" fileid="294" />
                <SequencePoint vc="0" uspid="8966" ordinal="30" offset="409" sl="1669" sc="13" el="1669" ec="64" bec="0" bev="0" fileid="294" />
                <SequencePoint vc="1" uspid="8967" ordinal="31" offset="431" sl="1671" sc="9" el="1671" ec="10" bec="0" bev="0" fileid="294" />
                <SequencePoint vc="0" uspid="8968" ordinal="32" offset="433" sl="1672" sc="9" el="1672" ec="14" bec="0" bev="0" fileid="294" />
                <SequencePoint vc="0" uspid="8969" ordinal="33" offset="434" sl="1674" sc="11" el="1674" ec="57" bec="0" bev="0" fileid="294" />
                <SequencePoint vc="0" uspid="8970" ordinal="34" offset="440" sl="1675" sc="11" el="1675" ec="62" bec="0" bev="0" fileid="294" />
                <SequencePoint vc="0" uspid="8971" ordinal="35" offset="462" sl="1676" sc="9" el="1676" ec="10" bec="0" bev="0" fileid="294" />
                <SequencePoint vc="1" uspid="8972" ordinal="36" offset="464" sl="1680" sc="9" el="1680" ec="55" bec="0" bev="0" fileid="294" />
                <SequencePoint vc="1" uspid="8973" ordinal="37" offset="470" sl="1681" sc="9" el="1681" ec="60" bec="0" bev="0" fileid="294" />
                <SequencePoint vc="3" uspid="8974" ordinal="38" offset="492" sl="1684" sc="7" el="1684" ec="81" bec="0" bev="0" fileid="294" />
                <SequencePoint vc="3" uspid="8975" ordinal="39" offset="505" sl="1685" sc="7" el="1685" ec="29" bec="2" bev="1" fileid="294" />
                <SequencePoint vc="0" uspid="8976" ordinal="40" offset="508" sl="1686" sc="9" el="1686" ec="22" bec="0" bev="0" fileid="294" />
                <SequencePoint vc="3" uspid="8977" ordinal="41" offset="510" sl="1688" sc="7" el="1688" ec="55" bec="0" bev="0" fileid="294" />
                <SequencePoint vc="3" uspid="8978" ordinal="42" offset="528" sl="1689" sc="7" el="1689" ec="34" bec="0" bev="0" fileid="294" />
              </SequencePoints>
              <BranchPoints>
                <BranchPoint vc="0" uspid="8979" ordinal="0" offset="1" sl="1627" path="0" offsetend="3" fileid="294" />
                <BranchPoint vc="3" uspid="8980" ordinal="1" offset="1" sl="1627" path="1" offsetend="14" fileid="294" />
                <BranchPoint vc="0" uspid="8981" ordinal="2" offset="20" sl="1629" path="0" offsetend="22" fileid="294" />
                <BranchPoint vc="3" uspid="8982" ordinal="3" offset="20" sl="1629" path="1" offsetend="33" fileid="294" />
                <BranchPoint vc="0" uspid="8983" ordinal="4" offset="39" sl="1631" path="0" offsetend="41" fileid="294" />
                <BranchPoint vc="3" uspid="8984" ordinal="5" offset="39" sl="1631" path="1" offsetend="52" fileid="294" />
                <BranchPoint vc="0" uspid="8985" ordinal="6" offset="62" sl="1633" path="0" offsetend="64" fileid="294" />
                <BranchPoint vc="3" uspid="8986" ordinal="7" offset="62" sl="1633" path="1" offsetend="70" fileid="294" />
                <BranchPoint vc="0" uspid="8987" ordinal="8" offset="91" sl="1638" path="0" offsetend="93" fileid="294" />
                <BranchPoint vc="3" uspid="8988" ordinal="9" offset="91" sl="1638" path="1" offsetend="97" fileid="294" />
                <BranchPoint vc="2" uspid="8989" ordinal="10" offset="254" sl="1650" path="0" offsetend="256" fileid="294" />
                <BranchPoint vc="1" uspid="8990" ordinal="11" offset="254" sl="1650" path="1" offsetend="269" fileid="294" />
                <BranchPoint vc="1" uspid="8991" ordinal="12" offset="267" sl="1650" path="0" offsetend="269" fileid="294" />
                <BranchPoint vc="2" uspid="8992" ordinal="13" offset="267" sl="1650" path="1" offsetend="302" fileid="294" />
                <BranchPoint vc="2" uspid="8993" ordinal="14" offset="313" sl="1655" path="0" offsetend="318" fileid="294" />
                <BranchPoint vc="0" uspid="8994" ordinal="15" offset="313" sl="1655" path="1" offsetend="464" fileid="294" />
                <BranchPoint vc="2" uspid="8995" ordinal="16" offset="329" sl="1655" path="0" offsetend="334" fileid="294" />
                <BranchPoint vc="0" uspid="8996" ordinal="17" offset="329" sl="1655" path="1" offsetend="464" fileid="294" />
                <BranchPoint vc="1" uspid="8997" ordinal="18" offset="346" sl="1655" path="0" offsetend="348" fileid="294" />
                <BranchPoint vc="1" uspid="8998" ordinal="19" offset="346" sl="1655" path="1" offsetend="464" fileid="294" />
                <BranchPoint vc="1" uspid="8999" ordinal="20" offset="359" sl="1659" path="0" offsetend="361" fileid="294" />
                <BranchPoint vc="0" uspid="9000" ordinal="21" offset="359" sl="1659" path="1" offsetend="403" fileid="294" />
                <BranchPoint vc="0" uspid="9001" ordinal="22" offset="506" sl="1685" path="0" offsetend="508" fileid="294" />
                <BranchPoint vc="3" uspid="9002" ordinal="23" offset="506" sl="1685" path="1" offsetend="510" fileid="294" />
              </BranchPoints>
              <MethodPoint xsi:type="SequencePoint" vc="3" uspid="8936" ordinal="0" offset="0" sl="1627" sc="7" el="1627" ec="28" bec="2" bev="1" fileid="294" />
            </Method>
            <Method visited="true" cyclomaticComplexity="7" nPathComplexity="32" sequenceCoverage="66.67" branchCoverage="54.55" isConstructor="false" isStatic="false" isGetter="false" isSetter="false">
              <Summary numSequencePoints="18" visitedSequencePoints="12" numBranchPoints="11" visitedBranchPoints="6" sequenceCoverage="66.67" branchCoverage="54.55" maxCyclomaticComplexity="7" minCyclomaticComplexity="7" visitedClasses="0" numClasses="0" visitedMethods="1" numMethods="1" />
              <MetadataToken>100665357</MetadataToken>
              <Name>System.Void IBM.Watson.DeveloperCloud.Services.AlchemyAPI.v1.AlchemyAPI::OnGetTargetedSentimentResponse(IBM.Watson.DeveloperCloud.Connection.RESTConnector/Request,IBM.Watson.DeveloperCloud.Connection.RESTConnector/Response)</Name>
              <FileRef uid="294" />
              <SequencePoints>
                <SequencePoint vc="3" uspid="9003" ordinal="0" offset="0" sl="1709" sc="7" el="1709" ec="73" bec="0" bev="0" fileid="294" />
                <SequencePoint vc="3" uspid="9004" ordinal="1" offset="6" sl="1710" sc="7" el="1710" ec="24" bec="2" bev="1" fileid="294" />
                <SequencePoint vc="3" uspid="9005" ordinal="2" offset="17" sl="1714" sc="11" el="1714" ec="30" bec="0" bev="0" fileid="294" />
                <SequencePoint vc="3" uspid="9006" ordinal="3" offset="19" sl="1715" sc="11" el="1715" ec="89" bec="0" bev="0" fileid="294" />
                <SequencePoint vc="3" uspid="9007" ordinal="4" offset="43" sl="1716" sc="11" el="1716" ec="28" bec="2" bev="1" fileid="294" />
                <SequencePoint vc="0" uspid="9008" ordinal="5" offset="52" sl="1717" sc="13" el="1717" ec="60" bec="0" bev="0" fileid="294" />
                <SequencePoint vc="3" uspid="9009" ordinal="6" offset="65" sl="1719" sc="11" el="1719" ec="38" bec="0" bev="0" fileid="294" />
                <SequencePoint vc="3" uspid="9010" ordinal="7" offset="67" sl="1720" sc="11" el="1720" ec="74" bec="0" bev="0" fileid="294" />
                <SequencePoint vc="3" uspid="9011" ordinal="8" offset="87" sl="1721" sc="11" el="1721" ec="28" bec="2" bev="1" fileid="294" />
                <SequencePoint vc="0" uspid="9012" ordinal="9" offset="96" sl="1722" sc="13" el="1722" ec="60" bec="0" bev="0" fileid="294" />
                <SequencePoint vc="3" uspid="9013" ordinal="10" offset="109" sl="1723" sc="9" el="1723" ec="10" bec="0" bev="0" fileid="294" />
                <SequencePoint vc="0" uspid="9014" ordinal="11" offset="111" sl="1724" sc="9" el="1724" ec="28" bec="0" bev="0" fileid="294" />
                <SequencePoint vc="0" uspid="9015" ordinal="12" offset="113" sl="1726" sc="11" el="1726" ec="103" bec="0" bev="0" fileid="294" />
                <SequencePoint vc="0" uspid="9016" ordinal="13" offset="144" sl="1727" sc="11" el="1727" ec="32" bec="0" bev="0" fileid="294" />
                <SequencePoint vc="0" uspid="9017" ordinal="14" offset="151" sl="1728" sc="9" el="1728" ec="10" bec="0" bev="0" fileid="294" />
                <SequencePoint vc="3" uspid="9018" ordinal="15" offset="153" sl="1731" sc="7" el="1731" ec="63" bec="2" bev="1" fileid="294" />
                <SequencePoint vc="3" uspid="9019" ordinal="16" offset="166" sl="1732" sc="9" el="1732" ec="131" bec="2" bev="1" fileid="294" />
                <SequencePoint vc="3" uspid="9020" ordinal="17" offset="205" sl="1733" sc="5" el="1733" ec="6" bec="0" bev="0" fileid="294" />
              </SequencePoints>
              <BranchPoints>
                <BranchPoint vc="3" uspid="9021" ordinal="0" offset="12" sl="1710" path="0" offsetend="17" fileid="294" />
                <BranchPoint vc="0" uspid="9022" ordinal="1" offset="12" sl="1710" path="1" offsetend="153" fileid="294" />
                <BranchPoint vc="0" uspid="9023" ordinal="2" offset="50" sl="1716" path="0" offsetend="52" fileid="294" />
                <BranchPoint vc="3" uspid="9024" ordinal="3" offset="50" sl="1716" path="1" offsetend="65" fileid="294" />
                <BranchPoint vc="0" uspid="9025" ordinal="4" offset="94" sl="1721" path="0" offsetend="96" fileid="294" />
                <BranchPoint vc="3" uspid="9026" ordinal="5" offset="94" sl="1721" path="1" offsetend="109" fileid="294" />
                <BranchPoint vc="3" uspid="9027" ordinal="6" offset="164" sl="1731" path="0" offsetend="166" fileid="294" />
                <BranchPoint vc="0" uspid="9028" ordinal="7" offset="164" sl="1731" path="1" offsetend="205" fileid="294" />
                <BranchPoint vc="0" uspid="9029" ordinal="8" offset="183" sl="1732" path="0" offsetend="185" fileid="294" />
                <BranchPoint vc="3" uspid="9030" ordinal="9" offset="183" sl="1732" path="1" offsetend="188" fileid="294" />
              </BranchPoints>
              <MethodPoint xsi:type="SequencePoint" vc="3" uspid="9003" ordinal="0" offset="0" sl="1709" sc="7" el="1709" ec="73" bec="0" bev="0" fileid="294" />
            </Method>
            <Method visited="true" cyclomaticComplexity="13" nPathComplexity="2048" sequenceCoverage="75" branchCoverage="65.22" isConstructor="false" isStatic="false" isGetter="false" isSetter="false">
              <Summary numSequencePoints="40" visitedSequencePoints="30" numBranchPoints="23" visitedBranchPoints="15" sequenceCoverage="75" branchCoverage="65.22" maxCyclomaticComplexity="13" minCyclomaticComplexity="13" visitedClasses="0" numClasses="0" visitedMethods="1" numMethods="1" />
              <MetadataToken>100665358</MetadataToken>
              <Name>System.Boolean IBM.Watson.DeveloperCloud.Services.AlchemyAPI.v1.AlchemyAPI::GetRankedTaxonomy(IBM.Watson.DeveloperCloud.Services.AlchemyAPI.v1.AlchemyAPI/OnGetRankedTaxonomy,System.String,System.Boolean,System.String)</Name>
              <FileRef uid="294" />
              <SequencePoints>
                <SequencePoint vc="3" uspid="9031" ordinal="0" offset="0" sl="1756" sc="7" el="1756" ec="28" bec="2" bev="1" fileid="294" />
                <SequencePoint vc="0" uspid="9032" ordinal="1" offset="3" sl="1757" sc="9" el="1757" ec="53" bec="0" bev="0" fileid="294" />
                <SequencePoint vc="3" uspid="9033" ordinal="2" offset="14" sl="1758" sc="7" el="1758" ec="40" bec="2" bev="1" fileid="294" />
                <SequencePoint vc="0" uspid="9034" ordinal="3" offset="22" sl="1759" sc="9" el="1759" ec="85" bec="0" bev="0" fileid="294" />
                <SequencePoint vc="3" uspid="9035" ordinal="4" offset="33" sl="1760" sc="7" el="1760" ec="43" bec="2" bev="1" fileid="294" />
                <SequencePoint vc="0" uspid="9036" ordinal="5" offset="45" sl="1761" sc="9" el="1761" ec="26" bec="0" bev="0" fileid="294" />
                <SequencePoint vc="3" uspid="9037" ordinal="6" offset="51" sl="1763" sc="7" el="1763" ec="69" bec="0" bev="0" fileid="294" />
                <SequencePoint vc="3" uspid="9038" ordinal="7" offset="57" sl="1764" sc="7" el="1764" ec="31" bec="0" bev="0" fileid="294" />
                <SequencePoint vc="3" uspid="9039" ordinal="8" offset="64" sl="1765" sc="7" el="1765" ec="73" bec="2" bev="1" fileid="294" />
                <SequencePoint vc="3" uspid="9040" ordinal="9" offset="84" sl="1767" sc="7" el="1767" ec="44" bec="0" bev="0" fileid="294" />
                <SequencePoint vc="3" uspid="9041" ordinal="10" offset="105" sl="1768" sc="7" el="1768" ec="45" bec="0" bev="0" fileid="294" />
                <SequencePoint vc="3" uspid="9042" ordinal="11" offset="126" sl="1769" sc="7" el="1769" ec="88" bec="0" bev="0" fileid="294" />
                <SequencePoint vc="3" uspid="9043" ordinal="12" offset="157" sl="1771" sc="7" el="1771" ec="73" bec="0" bev="0" fileid="294" />
                <SequencePoint vc="3" uspid="9044" ordinal="13" offset="178" sl="1772" sc="7" el="1772" ec="64" bec="0" bev="0" fileid="294" />
                <SequencePoint vc="3" uspid="9045" ordinal="14" offset="189" sl="1775" sc="7" el="1775" ec="57" bec="0" bev="0" fileid="294" />
                <SequencePoint vc="3" uspid="9046" ordinal="15" offset="201" sl="1776" sc="7" el="1776" ec="93" bec="3" bev="3" fileid="294" />
                <SequencePoint vc="1" uspid="9047" ordinal="16" offset="227" sl="1778" sc="9" el="1778" ec="51" bec="0" bev="0" fileid="294" />
                <SequencePoint vc="1" uspid="9048" ordinal="17" offset="233" sl="1779" sc="9" el="1779" ec="59" bec="0" bev="0" fileid="294" />
                <SequencePoint vc="1" uspid="9049" ordinal="18" offset="255" sl="1780" sc="7" el="1780" ec="8" bec="0" bev="0" fileid="294" />
                <SequencePoint vc="2" uspid="9050" ordinal="19" offset="260" sl="1781" sc="12" el="1781" ec="165" bec="4" bev="4" fileid="294" />
                <SequencePoint vc="1" uspid="9051" ordinal="20" offset="306" sl="1785" sc="11" el="1785" ec="59" bec="2" bev="1" fileid="294" />
                <SequencePoint vc="1" uspid="9052" ordinal="21" offset="319" sl="1787" sc="13" el="1787" ec="56" bec="0" bev="0" fileid="294" />
                <SequencePoint vc="1" uspid="9053" ordinal="22" offset="325" sl="1788" sc="13" el="1788" ec="47" bec="0" bev="0" fileid="294" />
                <SequencePoint vc="1" uspid="9054" ordinal="23" offset="328" sl="1789" sc="13" el="1789" ec="49" bec="0" bev="0" fileid="294" />
                <SequencePoint vc="1" uspid="9055" ordinal="24" offset="336" sl="1790" sc="13" el="1790" ec="66" bec="0" bev="0" fileid="294" />
                <SequencePoint vc="1" uspid="9056" ordinal="25" offset="359" sl="1791" sc="11" el="1791" ec="12" bec="0" bev="0" fileid="294" />
                <SequencePoint vc="0" uspid="9057" ordinal="26" offset="361" sl="1794" sc="13" el="1794" ec="56" bec="0" bev="0" fileid="294" />
                <SequencePoint vc="0" uspid="9058" ordinal="27" offset="367" sl="1795" sc="13" el="1795" ec="64" bec="0" bev="0" fileid="294" />
                <SequencePoint vc="1" uspid="9059" ordinal="28" offset="389" sl="1797" sc="9" el="1797" ec="10" bec="0" bev="0" fileid="294" />
                <SequencePoint vc="0" uspid="9060" ordinal="29" offset="391" sl="1798" sc="9" el="1798" ec="14" bec="0" bev="0" fileid="294" />
                <SequencePoint vc="0" uspid="9061" ordinal="30" offset="392" sl="1800" sc="11" el="1800" ec="54" bec="0" bev="0" fileid="294" />
                <SequencePoint vc="0" uspid="9062" ordinal="31" offset="398" sl="1801" sc="11" el="1801" ec="62" bec="0" bev="0" fileid="294" />
                <SequencePoint vc="0" uspid="9063" ordinal="32" offset="420" sl="1802" sc="9" el="1802" ec="10" bec="0" bev="0" fileid="294" />
                <SequencePoint vc="1" uspid="9064" ordinal="33" offset="422" sl="1806" sc="9" el="1806" ec="52" bec="0" bev="0" fileid="294" />
                <SequencePoint vc="1" uspid="9065" ordinal="34" offset="428" sl="1807" sc="9" el="1807" ec="60" bec="0" bev="0" fileid="294" />
                <SequencePoint vc="3" uspid="9066" ordinal="35" offset="450" sl="1810" sc="7" el="1810" ec="81" bec="0" bev="0" fileid="294" />
                <SequencePoint vc="3" uspid="9067" ordinal="36" offset="463" sl="1811" sc="7" el="1811" ec="29" bec="2" bev="1" fileid="294" />
                <SequencePoint vc="0" uspid="9068" ordinal="37" offset="466" sl="1812" sc="9" el="1812" ec="22" bec="0" bev="0" fileid="294" />
                <SequencePoint vc="3" uspid="9069" ordinal="38" offset="468" sl="1814" sc="7" el="1814" ec="52" bec="0" bev="0" fileid="294" />
                <SequencePoint vc="3" uspid="9070" ordinal="39" offset="486" sl="1815" sc="7" el="1815" ec="34" bec="0" bev="0" fileid="294" />
              </SequencePoints>
              <BranchPoints>
                <BranchPoint vc="0" uspid="9071" ordinal="0" offset="1" sl="1756" path="0" offsetend="3" fileid="294" />
                <BranchPoint vc="3" uspid="9072" ordinal="1" offset="1" sl="1756" path="1" offsetend="14" fileid="294" />
                <BranchPoint vc="0" uspid="9073" ordinal="2" offset="20" sl="1758" path="0" offsetend="22" fileid="294" />
                <BranchPoint vc="3" uspid="9074" ordinal="3" offset="20" sl="1758" path="1" offsetend="33" fileid="294" />
                <BranchPoint vc="0" uspid="9075" ordinal="4" offset="43" sl="1760" path="0" offsetend="45" fileid="294" />
                <BranchPoint vc="3" uspid="9076" ordinal="5" offset="43" sl="1760" path="1" offsetend="51" fileid="294" />
                <BranchPoint vc="0" uspid="9077" ordinal="6" offset="72" sl="1765" path="0" offsetend="74" fileid="294" />
                <BranchPoint vc="3" uspid="9078" ordinal="7" offset="72" sl="1765" path="1" offsetend="78" fileid="294" />
                <BranchPoint vc="2" uspid="9079" ordinal="8" offset="212" sl="1776" path="0" offsetend="214" fileid="294" />
                <BranchPoint vc="1" uspid="9080" ordinal="9" offset="212" sl="1776" path="1" offsetend="227" fileid="294" />
                <BranchPoint vc="1" uspid="9081" ordinal="10" offset="225" sl="1776" path="0" offsetend="227" fileid="294" />
                <BranchPoint vc="2" uspid="9082" ordinal="11" offset="225" sl="1776" path="1" offsetend="260" fileid="294" />
                <BranchPoint vc="2" uspid="9083" ordinal="12" offset="271" sl="1781" path="0" offsetend="276" fileid="294" />
                <BranchPoint vc="0" uspid="9084" ordinal="13" offset="271" sl="1781" path="1" offsetend="422" fileid="294" />
                <BranchPoint vc="2" uspid="9085" ordinal="14" offset="287" sl="1781" path="0" offsetend="292" fileid="294" />
                <BranchPoint vc="0" uspid="9086" ordinal="15" offset="287" sl="1781" path="1" offsetend="422" fileid="294" />
                <BranchPoint vc="1" uspid="9087" ordinal="16" offset="304" sl="1781" path="0" offsetend="306" fileid="294" />
                <BranchPoint vc="1" uspid="9088" ordinal="17" offset="304" sl="1781" path="1" offsetend="422" fileid="294" />
                <BranchPoint vc="1" uspid="9089" ordinal="18" offset="317" sl="1785" path="0" offsetend="319" fileid="294" />
                <BranchPoint vc="0" uspid="9090" ordinal="19" offset="317" sl="1785" path="1" offsetend="361" fileid="294" />
                <BranchPoint vc="0" uspid="9091" ordinal="20" offset="464" sl="1811" path="0" offsetend="466" fileid="294" />
                <BranchPoint vc="3" uspid="9092" ordinal="21" offset="464" sl="1811" path="1" offsetend="468" fileid="294" />
              </BranchPoints>
              <MethodPoint xsi:type="SequencePoint" vc="3" uspid="9031" ordinal="0" offset="0" sl="1756" sc="7" el="1756" ec="28" bec="2" bev="1" fileid="294" />
            </Method>
            <Method visited="true" cyclomaticComplexity="7" nPathComplexity="32" sequenceCoverage="66.67" branchCoverage="54.55" isConstructor="false" isStatic="false" isGetter="false" isSetter="false">
              <Summary numSequencePoints="18" visitedSequencePoints="12" numBranchPoints="11" visitedBranchPoints="6" sequenceCoverage="66.67" branchCoverage="54.55" maxCyclomaticComplexity="7" minCyclomaticComplexity="7" visitedClasses="0" numClasses="0" visitedMethods="1" numMethods="1" />
              <MetadataToken>100665359</MetadataToken>
              <Name>System.Void IBM.Watson.DeveloperCloud.Services.AlchemyAPI.v1.AlchemyAPI::OnGetRankedTaxonomyResponse(IBM.Watson.DeveloperCloud.Connection.RESTConnector/Request,IBM.Watson.DeveloperCloud.Connection.RESTConnector/Response)</Name>
              <FileRef uid="294" />
              <SequencePoints>
                <SequencePoint vc="3" uspid="9093" ordinal="0" offset="0" sl="1835" sc="7" el="1835" ec="54" bec="0" bev="0" fileid="294" />
                <SequencePoint vc="3" uspid="9094" ordinal="1" offset="6" sl="1836" sc="7" el="1836" ec="24" bec="2" bev="1" fileid="294" />
                <SequencePoint vc="3" uspid="9095" ordinal="2" offset="17" sl="1840" sc="11" el="1840" ec="30" bec="0" bev="0" fileid="294" />
                <SequencePoint vc="3" uspid="9096" ordinal="3" offset="19" sl="1841" sc="11" el="1841" ec="89" bec="0" bev="0" fileid="294" />
                <SequencePoint vc="3" uspid="9097" ordinal="4" offset="43" sl="1842" sc="11" el="1842" ec="28" bec="2" bev="1" fileid="294" />
                <SequencePoint vc="0" uspid="9098" ordinal="5" offset="52" sl="1843" sc="13" el="1843" ec="60" bec="0" bev="0" fileid="294" />
                <SequencePoint vc="3" uspid="9099" ordinal="6" offset="65" sl="1845" sc="11" el="1845" ec="37" bec="0" bev="0" fileid="294" />
                <SequencePoint vc="3" uspid="9100" ordinal="7" offset="67" sl="1846" sc="11" el="1846" ec="74" bec="0" bev="0" fileid="294" />
                <SequencePoint vc="3" uspid="9101" ordinal="8" offset="87" sl="1847" sc="11" el="1847" ec="28" bec="2" bev="1" fileid="294" />
                <SequencePoint vc="0" uspid="9102" ordinal="9" offset="96" sl="1848" sc="13" el="1848" ec="60" bec="0" bev="0" fileid="294" />
                <SequencePoint vc="3" uspid="9103" ordinal="10" offset="109" sl="1849" sc="9" el="1849" ec="10" bec="0" bev="0" fileid="294" />
                <SequencePoint vc="0" uspid="9104" ordinal="11" offset="111" sl="1850" sc="9" el="1850" ec="28" bec="0" bev="0" fileid="294" />
                <SequencePoint vc="0" uspid="9105" ordinal="12" offset="113" sl="1852" sc="11" el="1852" ec="100" bec="0" bev="0" fileid="294" />
                <SequencePoint vc="0" uspid="9106" ordinal="13" offset="144" sl="1853" sc="11" el="1853" ec="32" bec="0" bev="0" fileid="294" />
                <SequencePoint vc="0" uspid="9107" ordinal="14" offset="151" sl="1854" sc="9" el="1854" ec="10" bec="0" bev="0" fileid="294" />
                <SequencePoint vc="3" uspid="9108" ordinal="15" offset="153" sl="1857" sc="7" el="1857" ec="60" bec="2" bev="1" fileid="294" />
                <SequencePoint vc="3" uspid="9109" ordinal="16" offset="166" sl="1858" sc="9" el="1858" ec="124" bec="2" bev="1" fileid="294" />
                <SequencePoint vc="3" uspid="9110" ordinal="17" offset="205" sl="1859" sc="5" el="1859" ec="6" bec="0" bev="0" fileid="294" />
              </SequencePoints>
              <BranchPoints>
                <BranchPoint vc="3" uspid="9111" ordinal="0" offset="12" sl="1836" path="0" offsetend="17" fileid="294" />
                <BranchPoint vc="0" uspid="9112" ordinal="1" offset="12" sl="1836" path="1" offsetend="153" fileid="294" />
                <BranchPoint vc="0" uspid="9113" ordinal="2" offset="50" sl="1842" path="0" offsetend="52" fileid="294" />
                <BranchPoint vc="3" uspid="9114" ordinal="3" offset="50" sl="1842" path="1" offsetend="65" fileid="294" />
                <BranchPoint vc="0" uspid="9115" ordinal="4" offset="94" sl="1847" path="0" offsetend="96" fileid="294" />
                <BranchPoint vc="3" uspid="9116" ordinal="5" offset="94" sl="1847" path="1" offsetend="109" fileid="294" />
                <BranchPoint vc="3" uspid="9117" ordinal="6" offset="164" sl="1857" path="0" offsetend="166" fileid="294" />
                <BranchPoint vc="0" uspid="9118" ordinal="7" offset="164" sl="1857" path="1" offsetend="205" fileid="294" />
                <BranchPoint vc="0" uspid="9119" ordinal="8" offset="183" sl="1858" path="0" offsetend="185" fileid="294" />
                <BranchPoint vc="3" uspid="9120" ordinal="9" offset="183" sl="1858" path="1" offsetend="188" fileid="294" />
              </BranchPoints>
              <MethodPoint xsi:type="SequencePoint" vc="3" uspid="9093" ordinal="0" offset="0" sl="1835" sc="7" el="1835" ec="54" bec="0" bev="0" fileid="294" />
            </Method>
            <Method visited="true" cyclomaticComplexity="12" nPathComplexity="1024" sequenceCoverage="82.35" branchCoverage="61.90" isConstructor="false" isStatic="false" isGetter="false" isSetter="false">
              <Summary numSequencePoints="34" visitedSequencePoints="28" numBranchPoints="21" visitedBranchPoints="13" sequenceCoverage="82.35" branchCoverage="61.90" maxCyclomaticComplexity="12" minCyclomaticComplexity="12" visitedClasses="0" numClasses="0" visitedMethods="1" numMethods="1" />
              <MetadataToken>100665360</MetadataToken>
              <Name>System.Boolean IBM.Watson.DeveloperCloud.Services.AlchemyAPI.v1.AlchemyAPI::GetText(IBM.Watson.DeveloperCloud.Services.AlchemyAPI.v1.AlchemyAPI/OnGetText,System.String,System.Boolean,System.Boolean,System.String)</Name>
              <FileRef uid="294" />
              <SequencePoints>
                <SequencePoint vc="2" uspid="9121" ordinal="0" offset="0" sl="1882" sc="7" el="1882" ec="28" bec="2" bev="1" fileid="294" />
                <SequencePoint vc="0" uspid="9122" ordinal="1" offset="3" sl="1883" sc="9" el="1883" ec="53" bec="0" bev="0" fileid="294" />
                <SequencePoint vc="2" uspid="9123" ordinal="2" offset="14" sl="1884" sc="7" el="1884" ec="40" bec="2" bev="1" fileid="294" />
                <SequencePoint vc="0" uspid="9124" ordinal="3" offset="22" sl="1885" sc="9" el="1885" ec="75" bec="0" bev="0" fileid="294" />
                <SequencePoint vc="2" uspid="9125" ordinal="4" offset="33" sl="1886" sc="7" el="1886" ec="43" bec="2" bev="1" fileid="294" />
                <SequencePoint vc="0" uspid="9126" ordinal="5" offset="45" sl="1887" sc="9" el="1887" ec="26" bec="0" bev="0" fileid="294" />
                <SequencePoint vc="2" uspid="9127" ordinal="6" offset="51" sl="1889" sc="7" el="1889" ec="49" bec="0" bev="0" fileid="294" />
                <SequencePoint vc="2" uspid="9128" ordinal="7" offset="57" sl="1890" sc="7" el="1890" ec="31" bec="0" bev="0" fileid="294" />
                <SequencePoint vc="2" uspid="9129" ordinal="8" offset="64" sl="1891" sc="7" el="1891" ec="73" bec="2" bev="1" fileid="294" />
                <SequencePoint vc="2" uspid="9130" ordinal="9" offset="84" sl="1893" sc="7" el="1893" ec="44" bec="0" bev="0" fileid="294" />
                <SequencePoint vc="2" uspid="9131" ordinal="10" offset="105" sl="1894" sc="7" el="1894" ec="45" bec="0" bev="0" fileid="294" />
                <SequencePoint vc="2" uspid="9132" ordinal="11" offset="126" sl="1895" sc="7" el="1895" ec="81" bec="0" bev="0" fileid="294" />
                <SequencePoint vc="2" uspid="9133" ordinal="12" offset="157" sl="1896" sc="7" el="1896" ec="79" bec="0" bev="0" fileid="294" />
                <SequencePoint vc="2" uspid="9134" ordinal="13" offset="189" sl="1898" sc="7" el="1898" ec="73" bec="0" bev="0" fileid="294" />
                <SequencePoint vc="2" uspid="9135" ordinal="14" offset="210" sl="1899" sc="7" el="1899" ec="64" bec="0" bev="0" fileid="294" />
                <SequencePoint vc="2" uspid="9136" ordinal="15" offset="221" sl="1901" sc="7" el="1901" ec="27" bec="0" bev="0" fileid="294" />
                <SequencePoint vc="2" uspid="9137" ordinal="16" offset="227" sl="1902" sc="7" el="1902" ec="57" bec="0" bev="0" fileid="294" />
                <SequencePoint vc="2" uspid="9138" ordinal="17" offset="239" sl="1903" sc="7" el="1903" ec="93" bec="3" bev="3" fileid="294" />
                <SequencePoint vc="1" uspid="9139" ordinal="18" offset="265" sl="1905" sc="9" el="1905" ec="40" bec="0" bev="0" fileid="294" />
                <SequencePoint vc="1" uspid="9140" ordinal="19" offset="271" sl="1906" sc="9" el="1906" ec="59" bec="0" bev="0" fileid="294" />
                <SequencePoint vc="1" uspid="9141" ordinal="20" offset="293" sl="1907" sc="7" el="1907" ec="8" bec="0" bev="0" fileid="294" />
                <SequencePoint vc="1" uspid="9142" ordinal="21" offset="295" sl="1908" sc="12" el="1908" ec="165" bec="4" bev="3" fileid="294" />
                <SequencePoint vc="1" uspid="9143" ordinal="22" offset="335" sl="1910" sc="9" el="1910" ec="41" bec="0" bev="0" fileid="294" />
                <SequencePoint vc="1" uspid="9144" ordinal="23" offset="341" sl="1911" sc="9" el="1911" ec="43" bec="0" bev="0" fileid="294" />
                <SequencePoint vc="1" uspid="9145" ordinal="24" offset="344" sl="1912" sc="9" el="1912" ec="45" bec="0" bev="0" fileid="294" />
                <SequencePoint vc="1" uspid="9146" ordinal="25" offset="352" sl="1913" sc="9" el="1913" ec="62" bec="0" bev="0" fileid="294" />
                <SequencePoint vc="1" uspid="9147" ordinal="26" offset="375" sl="1914" sc="7" el="1914" ec="8" bec="0" bev="0" fileid="294" />
                <SequencePoint vc="0" uspid="9148" ordinal="27" offset="377" sl="1917" sc="9" el="1917" ec="102" bec="0" bev="0" fileid="294" />
                <SequencePoint vc="0" uspid="9149" ordinal="28" offset="398" sl="1918" sc="9" el="1918" ec="22" bec="0" bev="0" fileid="294" />
                <SequencePoint vc="2" uspid="9150" ordinal="29" offset="400" sl="1921" sc="7" el="1921" ec="81" bec="0" bev="0" fileid="294" />
                <SequencePoint vc="2" uspid="9151" ordinal="30" offset="413" sl="1922" sc="7" el="1922" ec="29" bec="2" bev="1" fileid="294" />
                <SequencePoint vc="0" uspid="9152" ordinal="31" offset="416" sl="1923" sc="9" el="1923" ec="22" bec="0" bev="0" fileid="294" />
                <SequencePoint vc="2" uspid="9153" ordinal="32" offset="418" sl="1925" sc="7" el="1925" ec="42" bec="0" bev="0" fileid="294" />
                <SequencePoint vc="2" uspid="9154" ordinal="33" offset="436" sl="1926" sc="7" el="1926" ec="34" bec="0" bev="0" fileid="294" />
              </SequencePoints>
              <BranchPoints>
                <BranchPoint vc="0" uspid="9155" ordinal="0" offset="1" sl="1882" path="0" offsetend="3" fileid="294" />
                <BranchPoint vc="2" uspid="9156" ordinal="1" offset="1" sl="1882" path="1" offsetend="14" fileid="294" />
                <BranchPoint vc="0" uspid="9157" ordinal="2" offset="20" sl="1884" path="0" offsetend="22" fileid="294" />
                <BranchPoint vc="2" uspid="9158" ordinal="3" offset="20" sl="1884" path="1" offsetend="33" fileid="294" />
                <BranchPoint vc="0" uspid="9159" ordinal="4" offset="43" sl="1886" path="0" offsetend="45" fileid="294" />
                <BranchPoint vc="2" uspid="9160" ordinal="5" offset="43" sl="1886" path="1" offsetend="51" fileid="294" />
                <BranchPoint vc="0" uspid="9161" ordinal="6" offset="72" sl="1891" path="0" offsetend="74" fileid="294" />
                <BranchPoint vc="2" uspid="9162" ordinal="7" offset="72" sl="1891" path="1" offsetend="78" fileid="294" />
                <BranchPoint vc="1" uspid="9163" ordinal="8" offset="250" sl="1903" path="0" offsetend="252" fileid="294" />
                <BranchPoint vc="1" uspid="9164" ordinal="9" offset="250" sl="1903" path="1" offsetend="265" fileid="294" />
                <BranchPoint vc="1" uspid="9165" ordinal="10" offset="263" sl="1903" path="0" offsetend="265" fileid="294" />
                <BranchPoint vc="1" uspid="9166" ordinal="11" offset="263" sl="1903" path="1" offsetend="295" fileid="294" />
                <BranchPoint vc="1" uspid="9167" ordinal="12" offset="306" sl="1908" path="0" offsetend="308" fileid="294" />
                <BranchPoint vc="0" uspid="9168" ordinal="13" offset="306" sl="1908" path="1" offsetend="377" fileid="294" />
                <BranchPoint vc="1" uspid="9169" ordinal="14" offset="319" sl="1908" path="0" offsetend="321" fileid="294" />
                <BranchPoint vc="0" uspid="9170" ordinal="15" offset="319" sl="1908" path="1" offsetend="377" fileid="294" />
                <BranchPoint vc="1" uspid="9171" ordinal="16" offset="333" sl="1908" path="0" offsetend="335" fileid="294" />
                <BranchPoint vc="0" uspid="9172" ordinal="17" offset="333" sl="1908" path="1" offsetend="377" fileid="294" />
                <BranchPoint vc="0" uspid="9173" ordinal="18" offset="414" sl="1922" path="0" offsetend="416" fileid="294" />
                <BranchPoint vc="2" uspid="9174" ordinal="19" offset="414" sl="1922" path="1" offsetend="418" fileid="294" />
              </BranchPoints>
              <MethodPoint xsi:type="SequencePoint" vc="2" uspid="9121" ordinal="0" offset="0" sl="1882" sc="7" el="1882" ec="28" bec="2" bev="1" fileid="294" />
            </Method>
            <Method visited="true" cyclomaticComplexity="7" nPathComplexity="32" sequenceCoverage="66.67" branchCoverage="54.55" isConstructor="false" isStatic="false" isGetter="false" isSetter="false">
              <Summary numSequencePoints="18" visitedSequencePoints="12" numBranchPoints="11" visitedBranchPoints="6" sequenceCoverage="66.67" branchCoverage="54.55" maxCyclomaticComplexity="7" minCyclomaticComplexity="7" visitedClasses="0" numClasses="0" visitedMethods="1" numMethods="1" />
              <MetadataToken>100665361</MetadataToken>
              <Name>System.Void IBM.Watson.DeveloperCloud.Services.AlchemyAPI.v1.AlchemyAPI::OnGetTextResponse(IBM.Watson.DeveloperCloud.Connection.RESTConnector/Request,IBM.Watson.DeveloperCloud.Connection.RESTConnector/Response)</Name>
              <FileRef uid="294" />
              <SequencePoints>
                <SequencePoint vc="4" uspid="9175" ordinal="0" offset="0" sl="1946" sc="7" el="1946" ec="42" bec="0" bev="0" fileid="294" />
                <SequencePoint vc="4" uspid="9176" ordinal="1" offset="6" sl="1947" sc="7" el="1947" ec="24" bec="2" bev="1" fileid="294" />
                <SequencePoint vc="4" uspid="9177" ordinal="2" offset="17" sl="1951" sc="11" el="1951" ec="30" bec="0" bev="0" fileid="294" />
                <SequencePoint vc="4" uspid="9178" ordinal="3" offset="19" sl="1952" sc="11" el="1952" ec="89" bec="0" bev="0" fileid="294" />
                <SequencePoint vc="4" uspid="9179" ordinal="4" offset="43" sl="1953" sc="11" el="1953" ec="28" bec="2" bev="1" fileid="294" />
                <SequencePoint vc="0" uspid="9180" ordinal="5" offset="52" sl="1954" sc="13" el="1954" ec="60" bec="0" bev="0" fileid="294" />
                <SequencePoint vc="4" uspid="9181" ordinal="6" offset="65" sl="1956" sc="11" el="1956" ec="33" bec="0" bev="0" fileid="294" />
                <SequencePoint vc="4" uspid="9182" ordinal="7" offset="67" sl="1957" sc="11" el="1957" ec="74" bec="0" bev="0" fileid="294" />
                <SequencePoint vc="4" uspid="9183" ordinal="8" offset="87" sl="1958" sc="11" el="1958" ec="28" bec="2" bev="1" fileid="294" />
                <SequencePoint vc="0" uspid="9184" ordinal="9" offset="96" sl="1959" sc="13" el="1959" ec="60" bec="0" bev="0" fileid="294" />
                <SequencePoint vc="4" uspid="9185" ordinal="10" offset="109" sl="1960" sc="9" el="1960" ec="10" bec="0" bev="0" fileid="294" />
                <SequencePoint vc="0" uspid="9186" ordinal="11" offset="111" sl="1961" sc="9" el="1961" ec="28" bec="0" bev="0" fileid="294" />
                <SequencePoint vc="0" uspid="9187" ordinal="12" offset="113" sl="1963" sc="11" el="1963" ec="90" bec="0" bev="0" fileid="294" />
                <SequencePoint vc="0" uspid="9188" ordinal="13" offset="144" sl="1964" sc="11" el="1964" ec="32" bec="0" bev="0" fileid="294" />
                <SequencePoint vc="0" uspid="9189" ordinal="14" offset="151" sl="1965" sc="9" el="1965" ec="10" bec="0" bev="0" fileid="294" />
                <SequencePoint vc="4" uspid="9190" ordinal="15" offset="153" sl="1968" sc="7" el="1968" ec="50" bec="2" bev="1" fileid="294" />
                <SequencePoint vc="4" uspid="9191" ordinal="16" offset="166" sl="1969" sc="9" el="1969" ec="100" bec="2" bev="1" fileid="294" />
                <SequencePoint vc="4" uspid="9192" ordinal="17" offset="205" sl="1970" sc="5" el="1970" ec="6" bec="0" bev="0" fileid="294" />
              </SequencePoints>
              <BranchPoints>
                <BranchPoint vc="4" uspid="9193" ordinal="0" offset="12" sl="1947" path="0" offsetend="17" fileid="294" />
                <BranchPoint vc="0" uspid="9194" ordinal="1" offset="12" sl="1947" path="1" offsetend="153" fileid="294" />
                <BranchPoint vc="0" uspid="9195" ordinal="2" offset="50" sl="1953" path="0" offsetend="52" fileid="294" />
                <BranchPoint vc="4" uspid="9196" ordinal="3" offset="50" sl="1953" path="1" offsetend="65" fileid="294" />
                <BranchPoint vc="0" uspid="9197" ordinal="4" offset="94" sl="1958" path="0" offsetend="96" fileid="294" />
                <BranchPoint vc="4" uspid="9198" ordinal="5" offset="94" sl="1958" path="1" offsetend="109" fileid="294" />
                <BranchPoint vc="4" uspid="9199" ordinal="6" offset="164" sl="1968" path="0" offsetend="166" fileid="294" />
                <BranchPoint vc="0" uspid="9200" ordinal="7" offset="164" sl="1968" path="1" offsetend="205" fileid="294" />
                <BranchPoint vc="0" uspid="9201" ordinal="8" offset="183" sl="1969" path="0" offsetend="185" fileid="294" />
                <BranchPoint vc="4" uspid="9202" ordinal="9" offset="183" sl="1969" path="1" offsetend="188" fileid="294" />
              </BranchPoints>
              <MethodPoint xsi:type="SequencePoint" vc="4" uspid="9175" ordinal="0" offset="0" sl="1946" sc="7" el="1946" ec="42" bec="0" bev="0" fileid="294" />
            </Method>
            <Method visited="true" cyclomaticComplexity="12" nPathComplexity="1024" sequenceCoverage="81.25" branchCoverage="61.90" isConstructor="false" isStatic="false" isGetter="false" isSetter="false">
              <Summary numSequencePoints="32" visitedSequencePoints="26" numBranchPoints="21" visitedBranchPoints="13" sequenceCoverage="81.25" branchCoverage="61.90" maxCyclomaticComplexity="12" minCyclomaticComplexity="12" visitedClasses="0" numClasses="0" visitedMethods="1" numMethods="1" />
              <MetadataToken>100665362</MetadataToken>
              <Name>System.Boolean IBM.Watson.DeveloperCloud.Services.AlchemyAPI.v1.AlchemyAPI::GetRawText(IBM.Watson.DeveloperCloud.Services.AlchemyAPI.v1.AlchemyAPI/OnGetText,System.String,System.String)</Name>
              <FileRef uid="294" />
              <SequencePoints>
                <SequencePoint vc="2" uspid="9203" ordinal="0" offset="0" sl="1986" sc="7" el="1986" ec="28" bec="2" bev="1" fileid="294" />
                <SequencePoint vc="0" uspid="9204" ordinal="1" offset="3" sl="1987" sc="9" el="1987" ec="53" bec="0" bev="0" fileid="294" />
                <SequencePoint vc="2" uspid="9205" ordinal="2" offset="14" sl="1988" sc="7" el="1988" ec="40" bec="2" bev="1" fileid="294" />
                <SequencePoint vc="0" uspid="9206" ordinal="3" offset="22" sl="1989" sc="9" el="1989" ec="78" bec="0" bev="0" fileid="294" />
                <SequencePoint vc="2" uspid="9207" ordinal="4" offset="33" sl="1990" sc="7" el="1990" ec="43" bec="2" bev="1" fileid="294" />
                <SequencePoint vc="0" uspid="9208" ordinal="5" offset="45" sl="1991" sc="9" el="1991" ec="26" bec="0" bev="0" fileid="294" />
                <SequencePoint vc="2" uspid="9209" ordinal="6" offset="51" sl="1993" sc="7" el="1993" ec="49" bec="0" bev="0" fileid="294" />
                <SequencePoint vc="2" uspid="9210" ordinal="7" offset="57" sl="1994" sc="7" el="1994" ec="31" bec="0" bev="0" fileid="294" />
                <SequencePoint vc="2" uspid="9211" ordinal="8" offset="64" sl="1995" sc="7" el="1995" ec="73" bec="2" bev="1" fileid="294" />
                <SequencePoint vc="2" uspid="9212" ordinal="9" offset="82" sl="1997" sc="7" el="1997" ec="44" bec="0" bev="0" fileid="294" />
                <SequencePoint vc="2" uspid="9213" ordinal="10" offset="103" sl="1998" sc="7" el="1998" ec="45" bec="0" bev="0" fileid="294" />
                <SequencePoint vc="2" uspid="9214" ordinal="11" offset="124" sl="2000" sc="7" el="2000" ec="73" bec="0" bev="0" fileid="294" />
                <SequencePoint vc="2" uspid="9215" ordinal="12" offset="145" sl="2001" sc="7" el="2001" ec="64" bec="0" bev="0" fileid="294" />
                <SequencePoint vc="2" uspid="9216" ordinal="13" offset="156" sl="2003" sc="7" el="2003" ec="27" bec="0" bev="0" fileid="294" />
                <SequencePoint vc="2" uspid="9217" ordinal="14" offset="162" sl="2004" sc="7" el="2004" ec="57" bec="0" bev="0" fileid="294" />
                <SequencePoint vc="2" uspid="9218" ordinal="15" offset="174" sl="2005" sc="7" el="2005" ec="93" bec="3" bev="3" fileid="294" />
                <SequencePoint vc="1" uspid="9219" ordinal="16" offset="200" sl="2007" sc="9" el="2007" ec="40" bec="0" bev="0" fileid="294" />
                <SequencePoint vc="1" uspid="9220" ordinal="17" offset="206" sl="2008" sc="9" el="2008" ec="59" bec="0" bev="0" fileid="294" />
                <SequencePoint vc="1" uspid="9221" ordinal="18" offset="228" sl="2009" sc="7" el="2009" ec="8" bec="0" bev="0" fileid="294" />
                <SequencePoint vc="1" uspid="9222" ordinal="19" offset="230" sl="2010" sc="12" el="2010" ec="165" bec="4" bev="3" fileid="294" />
                <SequencePoint vc="1" uspid="9223" ordinal="20" offset="270" sl="2012" sc="9" el="2012" ec="41" bec="0" bev="0" fileid="294" />
                <SequencePoint vc="1" uspid="9224" ordinal="21" offset="276" sl="2013" sc="9" el="2013" ec="43" bec="0" bev="0" fileid="294" />
                <SequencePoint vc="1" uspid="9225" ordinal="22" offset="279" sl="2014" sc="9" el="2014" ec="45" bec="0" bev="0" fileid="294" />
                <SequencePoint vc="1" uspid="9226" ordinal="23" offset="287" sl="2015" sc="9" el="2015" ec="62" bec="0" bev="0" fileid="294" />
                <SequencePoint vc="1" uspid="9227" ordinal="24" offset="310" sl="2016" sc="7" el="2016" ec="8" bec="0" bev="0" fileid="294" />
                <SequencePoint vc="0" uspid="9228" ordinal="25" offset="312" sl="2019" sc="9" el="2019" ec="105" bec="0" bev="0" fileid="294" />
                <SequencePoint vc="0" uspid="9229" ordinal="26" offset="333" sl="2020" sc="9" el="2020" ec="22" bec="0" bev="0" fileid="294" />
                <SequencePoint vc="2" uspid="9230" ordinal="27" offset="335" sl="2023" sc="7" el="2023" ec="81" bec="0" bev="0" fileid="294" />
                <SequencePoint vc="2" uspid="9231" ordinal="28" offset="348" sl="2024" sc="7" el="2024" ec="29" bec="2" bev="1" fileid="294" />
                <SequencePoint vc="0" uspid="9232" ordinal="29" offset="351" sl="2025" sc="9" el="2025" ec="22" bec="0" bev="0" fileid="294" />
                <SequencePoint vc="2" uspid="9233" ordinal="30" offset="353" sl="2027" sc="7" el="2027" ec="42" bec="0" bev="0" fileid="294" />
                <SequencePoint vc="2" uspid="9234" ordinal="31" offset="371" sl="2028" sc="7" el="2028" ec="34" bec="0" bev="0" fileid="294" />
              </SequencePoints>
              <BranchPoints>
                <BranchPoint vc="0" uspid="9235" ordinal="0" offset="1" sl="1986" path="0" offsetend="3" fileid="294" />
                <BranchPoint vc="2" uspid="9236" ordinal="1" offset="1" sl="1986" path="1" offsetend="14" fileid="294" />
                <BranchPoint vc="0" uspid="9237" ordinal="2" offset="20" sl="1988" path="0" offsetend="22" fileid="294" />
                <BranchPoint vc="2" uspid="9238" ordinal="3" offset="20" sl="1988" path="1" offsetend="33" fileid="294" />
                <BranchPoint vc="0" uspid="9239" ordinal="4" offset="43" sl="1990" path="0" offsetend="45" fileid="294" />
                <BranchPoint vc="2" uspid="9240" ordinal="5" offset="43" sl="1990" path="1" offsetend="51" fileid="294" />
                <BranchPoint vc="0" uspid="9241" ordinal="6" offset="71" sl="1995" path="0" offsetend="73" fileid="294" />
                <BranchPoint vc="2" uspid="9242" ordinal="7" offset="71" sl="1995" path="1" offsetend="76" fileid="294" />
                <BranchPoint vc="1" uspid="9243" ordinal="8" offset="185" sl="2005" path="0" offsetend="187" fileid="294" />
                <BranchPoint vc="1" uspid="9244" ordinal="9" offset="185" sl="2005" path="1" offsetend="200" fileid="294" />
                <BranchPoint vc="1" uspid="9245" ordinal="10" offset="198" sl="2005" path="0" offsetend="200" fileid="294" />
                <BranchPoint vc="1" uspid="9246" ordinal="11" offset="198" sl="2005" path="1" offsetend="230" fileid="294" />
                <BranchPoint vc="1" uspid="9247" ordinal="12" offset="241" sl="2010" path="0" offsetend="243" fileid="294" />
                <BranchPoint vc="0" uspid="9248" ordinal="13" offset="241" sl="2010" path="1" offsetend="312" fileid="294" />
                <BranchPoint vc="1" uspid="9249" ordinal="14" offset="254" sl="2010" path="0" offsetend="256" fileid="294" />
                <BranchPoint vc="0" uspid="9250" ordinal="15" offset="254" sl="2010" path="1" offsetend="312" fileid="294" />
                <BranchPoint vc="1" uspid="9251" ordinal="16" offset="268" sl="2010" path="0" offsetend="270" fileid="294" />
                <BranchPoint vc="0" uspid="9252" ordinal="17" offset="268" sl="2010" path="1" offsetend="312" fileid="294" />
                <BranchPoint vc="0" uspid="9253" ordinal="18" offset="349" sl="2024" path="0" offsetend="351" fileid="294" />
                <BranchPoint vc="2" uspid="9254" ordinal="19" offset="349" sl="2024" path="1" offsetend="353" fileid="294" />
              </BranchPoints>
              <MethodPoint xsi:type="SequencePoint" vc="2" uspid="9203" ordinal="0" offset="0" sl="1986" sc="7" el="1986" ec="28" bec="2" bev="1" fileid="294" />
            </Method>
            <Method visited="true" cyclomaticComplexity="12" nPathComplexity="1024" sequenceCoverage="81.82" branchCoverage="61.90" isConstructor="false" isStatic="false" isGetter="false" isSetter="false">
              <Summary numSequencePoints="33" visitedSequencePoints="27" numBranchPoints="21" visitedBranchPoints="13" sequenceCoverage="81.82" branchCoverage="61.90" maxCyclomaticComplexity="12" minCyclomaticComplexity="12" visitedClasses="0" numClasses="0" visitedMethods="1" numMethods="1" />
              <MetadataToken>100665363</MetadataToken>
              <Name>System.Boolean IBM.Watson.DeveloperCloud.Services.AlchemyAPI.v1.AlchemyAPI::GetTitle(IBM.Watson.DeveloperCloud.Services.AlchemyAPI.v1.AlchemyAPI/OnGetTitle,System.String,System.Boolean,System.String)</Name>
              <FileRef uid="294" />
              <SequencePoints>
                <SequencePoint vc="2" uspid="9255" ordinal="0" offset="0" sl="2051" sc="7" el="2051" ec="28" bec="2" bev="1" fileid="294" />
                <SequencePoint vc="0" uspid="9256" ordinal="1" offset="3" sl="2052" sc="9" el="2052" ec="53" bec="0" bev="0" fileid="294" />
                <SequencePoint vc="2" uspid="9257" ordinal="2" offset="14" sl="2053" sc="7" el="2053" ec="40" bec="2" bev="1" fileid="294" />
                <SequencePoint vc="0" uspid="9258" ordinal="3" offset="22" sl="2054" sc="9" el="2054" ec="75" bec="0" bev="0" fileid="294" />
                <SequencePoint vc="2" uspid="9259" ordinal="4" offset="33" sl="2055" sc="7" el="2055" ec="43" bec="2" bev="1" fileid="294" />
                <SequencePoint vc="0" uspid="9260" ordinal="5" offset="45" sl="2056" sc="9" el="2056" ec="26" bec="0" bev="0" fileid="294" />
                <SequencePoint vc="2" uspid="9261" ordinal="6" offset="51" sl="2058" sc="7" el="2058" ec="51" bec="0" bev="0" fileid="294" />
                <SequencePoint vc="2" uspid="9262" ordinal="7" offset="57" sl="2059" sc="7" el="2059" ec="31" bec="0" bev="0" fileid="294" />
                <SequencePoint vc="2" uspid="9263" ordinal="8" offset="64" sl="2060" sc="7" el="2060" ec="73" bec="2" bev="1" fileid="294" />
                <SequencePoint vc="2" uspid="9264" ordinal="9" offset="84" sl="2062" sc="7" el="2062" ec="44" bec="0" bev="0" fileid="294" />
                <SequencePoint vc="2" uspid="9265" ordinal="10" offset="105" sl="2063" sc="7" el="2063" ec="45" bec="0" bev="0" fileid="294" />
                <SequencePoint vc="2" uspid="9266" ordinal="11" offset="126" sl="2064" sc="7" el="2064" ec="79" bec="0" bev="0" fileid="294" />
                <SequencePoint vc="2" uspid="9267" ordinal="12" offset="157" sl="2066" sc="7" el="2066" ec="73" bec="0" bev="0" fileid="294" />
                <SequencePoint vc="2" uspid="9268" ordinal="13" offset="178" sl="2067" sc="7" el="2067" ec="64" bec="0" bev="0" fileid="294" />
                <SequencePoint vc="2" uspid="9269" ordinal="14" offset="189" sl="2069" sc="7" el="2069" ec="27" bec="0" bev="0" fileid="294" />
                <SequencePoint vc="2" uspid="9270" ordinal="15" offset="195" sl="2070" sc="7" el="2070" ec="57" bec="0" bev="0" fileid="294" />
                <SequencePoint vc="2" uspid="9271" ordinal="16" offset="207" sl="2071" sc="7" el="2071" ec="93" bec="3" bev="3" fileid="294" />
                <SequencePoint vc="1" uspid="9272" ordinal="17" offset="233" sl="2073" sc="9" el="2073" ec="41" bec="0" bev="0" fileid="294" />
                <SequencePoint vc="1" uspid="9273" ordinal="18" offset="239" sl="2074" sc="9" el="2074" ec="59" bec="0" bev="0" fileid="294" />
                <SequencePoint vc="1" uspid="9274" ordinal="19" offset="261" sl="2075" sc="7" el="2075" ec="8" bec="0" bev="0" fileid="294" />
                <SequencePoint vc="1" uspid="9275" ordinal="20" offset="263" sl="2076" sc="12" el="2076" ec="165" bec="4" bev="3" fileid="294" />
                <SequencePoint vc="1" uspid="9276" ordinal="21" offset="303" sl="2078" sc="9" el="2078" ec="42" bec="0" bev="0" fileid="294" />
                <SequencePoint vc="1" uspid="9277" ordinal="22" offset="309" sl="2079" sc="9" el="2079" ec="43" bec="0" bev="0" fileid="294" />
                <SequencePoint vc="1" uspid="9278" ordinal="23" offset="312" sl="2080" sc="9" el="2080" ec="45" bec="0" bev="0" fileid="294" />
                <SequencePoint vc="1" uspid="9279" ordinal="24" offset="320" sl="2081" sc="9" el="2081" ec="62" bec="0" bev="0" fileid="294" />
                <SequencePoint vc="1" uspid="9280" ordinal="25" offset="343" sl="2082" sc="7" el="2082" ec="8" bec="0" bev="0" fileid="294" />
                <SequencePoint vc="0" uspid="9281" ordinal="26" offset="345" sl="2085" sc="9" el="2085" ec="103" bec="0" bev="0" fileid="294" />
                <SequencePoint vc="0" uspid="9282" ordinal="27" offset="366" sl="2086" sc="9" el="2086" ec="22" bec="0" bev="0" fileid="294" />
                <SequencePoint vc="2" uspid="9283" ordinal="28" offset="368" sl="2089" sc="7" el="2089" ec="81" bec="0" bev="0" fileid="294" />
                <SequencePoint vc="2" uspid="9284" ordinal="29" offset="381" sl="2090" sc="7" el="2090" ec="29" bec="2" bev="1" fileid="294" />
                <SequencePoint vc="0" uspid="9285" ordinal="30" offset="384" sl="2091" sc="9" el="2091" ec="22" bec="0" bev="0" fileid="294" />
                <SequencePoint vc="2" uspid="9286" ordinal="31" offset="386" sl="2093" sc="7" el="2093" ec="43" bec="0" bev="0" fileid="294" />
                <SequencePoint vc="2" uspid="9287" ordinal="32" offset="404" sl="2094" sc="7" el="2094" ec="34" bec="0" bev="0" fileid="294" />
              </SequencePoints>
              <BranchPoints>
                <BranchPoint vc="0" uspid="9288" ordinal="0" offset="1" sl="2051" path="0" offsetend="3" fileid="294" />
                <BranchPoint vc="2" uspid="9289" ordinal="1" offset="1" sl="2051" path="1" offsetend="14" fileid="294" />
                <BranchPoint vc="0" uspid="9290" ordinal="2" offset="20" sl="2053" path="0" offsetend="22" fileid="294" />
                <BranchPoint vc="2" uspid="9291" ordinal="3" offset="20" sl="2053" path="1" offsetend="33" fileid="294" />
                <BranchPoint vc="0" uspid="9292" ordinal="4" offset="43" sl="2055" path="0" offsetend="45" fileid="294" />
                <BranchPoint vc="2" uspid="9293" ordinal="5" offset="43" sl="2055" path="1" offsetend="51" fileid="294" />
                <BranchPoint vc="0" uspid="9294" ordinal="6" offset="72" sl="2060" path="0" offsetend="74" fileid="294" />
                <BranchPoint vc="2" uspid="9295" ordinal="7" offset="72" sl="2060" path="1" offsetend="78" fileid="294" />
                <BranchPoint vc="1" uspid="9296" ordinal="8" offset="218" sl="2071" path="0" offsetend="220" fileid="294" />
                <BranchPoint vc="1" uspid="9297" ordinal="9" offset="218" sl="2071" path="1" offsetend="233" fileid="294" />
                <BranchPoint vc="1" uspid="9298" ordinal="10" offset="231" sl="2071" path="0" offsetend="233" fileid="294" />
                <BranchPoint vc="1" uspid="9299" ordinal="11" offset="231" sl="2071" path="1" offsetend="263" fileid="294" />
                <BranchPoint vc="1" uspid="9300" ordinal="12" offset="274" sl="2076" path="0" offsetend="276" fileid="294" />
                <BranchPoint vc="0" uspid="9301" ordinal="13" offset="274" sl="2076" path="1" offsetend="345" fileid="294" />
                <BranchPoint vc="1" uspid="9302" ordinal="14" offset="287" sl="2076" path="0" offsetend="289" fileid="294" />
                <BranchPoint vc="0" uspid="9303" ordinal="15" offset="287" sl="2076" path="1" offsetend="345" fileid="294" />
                <BranchPoint vc="1" uspid="9304" ordinal="16" offset="301" sl="2076" path="0" offsetend="303" fileid="294" />
                <BranchPoint vc="0" uspid="9305" ordinal="17" offset="301" sl="2076" path="1" offsetend="345" fileid="294" />
                <BranchPoint vc="0" uspid="9306" ordinal="18" offset="382" sl="2090" path="0" offsetend="384" fileid="294" />
                <BranchPoint vc="2" uspid="9307" ordinal="19" offset="382" sl="2090" path="1" offsetend="386" fileid="294" />
              </BranchPoints>
              <MethodPoint xsi:type="SequencePoint" vc="2" uspid="9255" ordinal="0" offset="0" sl="2051" sc="7" el="2051" ec="28" bec="2" bev="1" fileid="294" />
            </Method>
            <Method visited="true" cyclomaticComplexity="7" nPathComplexity="32" sequenceCoverage="66.67" branchCoverage="54.55" isConstructor="false" isStatic="false" isGetter="false" isSetter="false">
              <Summary numSequencePoints="18" visitedSequencePoints="12" numBranchPoints="11" visitedBranchPoints="6" sequenceCoverage="66.67" branchCoverage="54.55" maxCyclomaticComplexity="7" minCyclomaticComplexity="7" visitedClasses="0" numClasses="0" visitedMethods="1" numMethods="1" />
              <MetadataToken>100665364</MetadataToken>
              <Name>System.Void IBM.Watson.DeveloperCloud.Services.AlchemyAPI.v1.AlchemyAPI::OnGetTitleResponse(IBM.Watson.DeveloperCloud.Connection.RESTConnector/Request,IBM.Watson.DeveloperCloud.Connection.RESTConnector/Response)</Name>
              <FileRef uid="294" />
              <SequencePoints>
                <SequencePoint vc="2" uspid="9308" ordinal="0" offset="0" sl="2114" sc="7" el="2114" ec="37" bec="0" bev="0" fileid="294" />
                <SequencePoint vc="2" uspid="9309" ordinal="1" offset="6" sl="2115" sc="7" el="2115" ec="24" bec="2" bev="1" fileid="294" />
                <SequencePoint vc="2" uspid="9310" ordinal="2" offset="17" sl="2119" sc="11" el="2119" ec="30" bec="0" bev="0" fileid="294" />
                <SequencePoint vc="2" uspid="9311" ordinal="3" offset="19" sl="2120" sc="11" el="2120" ec="89" bec="0" bev="0" fileid="294" />
                <SequencePoint vc="2" uspid="9312" ordinal="4" offset="43" sl="2121" sc="11" el="2121" ec="28" bec="2" bev="1" fileid="294" />
                <SequencePoint vc="0" uspid="9313" ordinal="5" offset="52" sl="2122" sc="13" el="2122" ec="60" bec="0" bev="0" fileid="294" />
                <SequencePoint vc="2" uspid="9314" ordinal="6" offset="65" sl="2124" sc="11" el="2124" ec="34" bec="0" bev="0" fileid="294" />
                <SequencePoint vc="2" uspid="9315" ordinal="7" offset="67" sl="2125" sc="11" el="2125" ec="74" bec="0" bev="0" fileid="294" />
                <SequencePoint vc="2" uspid="9316" ordinal="8" offset="87" sl="2126" sc="11" el="2126" ec="28" bec="2" bev="1" fileid="294" />
                <SequencePoint vc="0" uspid="9317" ordinal="9" offset="96" sl="2127" sc="13" el="2127" ec="60" bec="0" bev="0" fileid="294" />
                <SequencePoint vc="2" uspid="9318" ordinal="10" offset="109" sl="2128" sc="9" el="2128" ec="10" bec="0" bev="0" fileid="294" />
                <SequencePoint vc="0" uspid="9319" ordinal="11" offset="111" sl="2129" sc="9" el="2129" ec="28" bec="0" bev="0" fileid="294" />
                <SequencePoint vc="0" uspid="9320" ordinal="12" offset="113" sl="2131" sc="11" el="2131" ec="91" bec="0" bev="0" fileid="294" />
                <SequencePoint vc="0" uspid="9321" ordinal="13" offset="144" sl="2132" sc="11" el="2132" ec="32" bec="0" bev="0" fileid="294" />
                <SequencePoint vc="0" uspid="9322" ordinal="14" offset="151" sl="2133" sc="9" el="2133" ec="10" bec="0" bev="0" fileid="294" />
                <SequencePoint vc="2" uspid="9323" ordinal="15" offset="153" sl="2136" sc="7" el="2136" ec="51" bec="2" bev="1" fileid="294" />
                <SequencePoint vc="2" uspid="9324" ordinal="16" offset="166" sl="2137" sc="9" el="2137" ec="103" bec="2" bev="1" fileid="294" />
                <SequencePoint vc="2" uspid="9325" ordinal="17" offset="205" sl="2138" sc="5" el="2138" ec="6" bec="0" bev="0" fileid="294" />
              </SequencePoints>
              <BranchPoints>
                <BranchPoint vc="2" uspid="9326" ordinal="0" offset="12" sl="2115" path="0" offsetend="17" fileid="294" />
                <BranchPoint vc="0" uspid="9327" ordinal="1" offset="12" sl="2115" path="1" offsetend="153" fileid="294" />
                <BranchPoint vc="0" uspid="9328" ordinal="2" offset="50" sl="2121" path="0" offsetend="52" fileid="294" />
                <BranchPoint vc="2" uspid="9329" ordinal="3" offset="50" sl="2121" path="1" offsetend="65" fileid="294" />
                <BranchPoint vc="0" uspid="9330" ordinal="4" offset="94" sl="2126" path="0" offsetend="96" fileid="294" />
                <BranchPoint vc="2" uspid="9331" ordinal="5" offset="94" sl="2126" path="1" offsetend="109" fileid="294" />
                <BranchPoint vc="2" uspid="9332" ordinal="6" offset="164" sl="2136" path="0" offsetend="166" fileid="294" />
                <BranchPoint vc="0" uspid="9333" ordinal="7" offset="164" sl="2136" path="1" offsetend="205" fileid="294" />
                <BranchPoint vc="0" uspid="9334" ordinal="8" offset="183" sl="2137" path="0" offsetend="185" fileid="294" />
                <BranchPoint vc="2" uspid="9335" ordinal="9" offset="183" sl="2137" path="1" offsetend="188" fileid="294" />
              </BranchPoints>
              <MethodPoint xsi:type="SequencePoint" vc="2" uspid="9308" ordinal="0" offset="0" sl="2114" sc="7" el="2114" ec="37" bec="0" bev="0" fileid="294" />
            </Method>
            <Method visited="true" cyclomaticComplexity="41" nPathComplexity="128" sequenceCoverage="84.72" branchCoverage="39.24" isConstructor="false" isStatic="false" isGetter="false" isSetter="false">
              <Summary numSequencePoints="72" visitedSequencePoints="61" numBranchPoints="79" visitedBranchPoints="31" sequenceCoverage="84.72" branchCoverage="39.24" maxCyclomaticComplexity="41" minCyclomaticComplexity="41" visitedClasses="0" numClasses="0" visitedMethods="1" numMethods="1" />
              <MetadataToken>100665365</MetadataToken>
              <Name>System.Boolean IBM.Watson.DeveloperCloud.Services.AlchemyAPI.v1.AlchemyAPI::GetCombinedData(IBM.Watson.DeveloperCloud.Services.AlchemyAPI.v1.AlchemyAPI/OnGetCombinedData,System.String,System.Boolean,System.Boolean,System.Boolean,System.Boolean,System.Boolean,System.Boolean,System.Boolean,System.Boolean,System.Boolean,System.Boolean,System.Boolean,System.Boolean,System.Boolean,System.Boolean,System.Boolean,System.String)</Name>
              <FileRef uid="294" />
              <SequencePoints>
                <SequencePoint vc="3" uspid="9336" ordinal="0" offset="0" sl="2191" sc="7" el="2191" ec="28" bec="2" bev="1" fileid="294" />
                <SequencePoint vc="0" uspid="9337" ordinal="1" offset="3" sl="2192" sc="9" el="2192" ec="53" bec="0" bev="0" fileid="294" />
                <SequencePoint vc="3" uspid="9338" ordinal="2" offset="14" sl="2193" sc="7" el="2193" ec="40" bec="2" bev="1" fileid="294" />
                <SequencePoint vc="0" uspid="9339" ordinal="3" offset="22" sl="2194" sc="9" el="2194" ec="83" bec="0" bev="0" fileid="294" />
                <SequencePoint vc="3" uspid="9340" ordinal="4" offset="33" sl="2195" sc="7" el="2208" ec="36" bec="15" bev="1" fileid="294" />
                <SequencePoint vc="0" uspid="9341" ordinal="5" offset="89" sl="2209" sc="9" el="2209" ec="93" bec="0" bev="0" fileid="294" />
                <SequencePoint vc="3" uspid="9342" ordinal="6" offset="100" sl="2210" sc="7" el="2210" ec="43" bec="2" bev="1" fileid="294" />
                <SequencePoint vc="0" uspid="9343" ordinal="7" offset="112" sl="2211" sc="9" el="2211" ec="26" bec="0" bev="0" fileid="294" />
                <SequencePoint vc="3" uspid="9344" ordinal="8" offset="118" sl="2213" sc="7" el="2213" ec="59" bec="0" bev="0" fileid="294" />
                <SequencePoint vc="3" uspid="9345" ordinal="9" offset="124" sl="2214" sc="7" el="2214" ec="31" bec="0" bev="0" fileid="294" />
                <SequencePoint vc="3" uspid="9346" ordinal="10" offset="131" sl="2215" sc="7" el="2215" ec="73" bec="2" bev="1" fileid="294" />
                <SequencePoint vc="3" uspid="9347" ordinal="11" offset="151" sl="2217" sc="7" el="2217" ec="44" bec="0" bev="0" fileid="294" />
                <SequencePoint vc="3" uspid="9348" ordinal="12" offset="172" sl="2218" sc="7" el="2218" ec="45" bec="0" bev="0" fileid="294" />
                <SequencePoint vc="3" uspid="9349" ordinal="13" offset="193" sl="2219" sc="7" el="2219" ec="88" bec="0" bev="0" fileid="294" />
                <SequencePoint vc="3" uspid="9350" ordinal="14" offset="224" sl="2221" sc="7" el="2221" ec="57" bec="0" bev="0" fileid="294" />
                <SequencePoint vc="3" uspid="9351" ordinal="15" offset="230" sl="2222" sc="7" el="2222" ec="26" bec="2" bev="1" fileid="294" />
                <SequencePoint vc="3" uspid="9352" ordinal="16" offset="234" sl="2223" sc="9" el="2223" ec="40" bec="0" bev="0" fileid="294" />
                <SequencePoint vc="3" uspid="9353" ordinal="17" offset="245" sl="2224" sc="7" el="2224" ec="27" bec="2" bev="1" fileid="294" />
                <SequencePoint vc="3" uspid="9354" ordinal="18" offset="249" sl="2225" sc="9" el="2225" ec="41" bec="0" bev="0" fileid="294" />
                <SequencePoint vc="3" uspid="9355" ordinal="19" offset="260" sl="2226" sc="7" el="2226" ec="24" bec="2" bev="1" fileid="294" />
                <SequencePoint vc="3" uspid="9356" ordinal="20" offset="264" sl="2227" sc="9" el="2227" ec="38" bec="0" bev="0" fileid="294" />
                <SequencePoint vc="3" uspid="9357" ordinal="21" offset="275" sl="2228" sc="7" el="2228" ec="29" bec="2" bev="1" fileid="294" />
                <SequencePoint vc="3" uspid="9358" ordinal="22" offset="279" sl="2229" sc="9" el="2229" ec="44" bec="0" bev="0" fileid="294" />
                <SequencePoint vc="3" uspid="9359" ordinal="23" offset="290" sl="2230" sc="7" el="2230" ec="27" bec="2" bev="1" fileid="294" />
                <SequencePoint vc="3" uspid="9360" ordinal="24" offset="294" sl="2231" sc="9" el="2231" ec="41" bec="0" bev="0" fileid="294" />
                <SequencePoint vc="3" uspid="9361" ordinal="25" offset="305" sl="2232" sc="7" el="2232" ec="24" bec="2" bev="1" fileid="294" />
                <SequencePoint vc="3" uspid="9362" ordinal="26" offset="309" sl="2233" sc="9" el="2233" ec="38" bec="0" bev="0" fileid="294" />
                <SequencePoint vc="3" uspid="9363" ordinal="27" offset="320" sl="2234" sc="7" el="2234" ec="27" bec="2" bev="1" fileid="294" />
                <SequencePoint vc="3" uspid="9364" ordinal="28" offset="324" sl="2235" sc="9" el="2235" ec="41" bec="0" bev="0" fileid="294" />
                <SequencePoint vc="3" uspid="9365" ordinal="29" offset="335" sl="2236" sc="7" el="2236" ec="26" bec="2" bev="1" fileid="294" />
                <SequencePoint vc="3" uspid="9366" ordinal="30" offset="339" sl="2237" sc="9" el="2237" ec="41" bec="0" bev="0" fileid="294" />
                <SequencePoint vc="3" uspid="9367" ordinal="31" offset="350" sl="2238" sc="7" el="2238" ec="28" bec="2" bev="1" fileid="294" />
                <SequencePoint vc="3" uspid="9368" ordinal="32" offset="354" sl="2239" sc="9" el="2239" ec="42" bec="0" bev="0" fileid="294" />
                <SequencePoint vc="3" uspid="9369" ordinal="33" offset="365" sl="2240" sc="7" el="2240" ec="31" bec="2" bev="1" fileid="294" />
                <SequencePoint vc="3" uspid="9370" ordinal="34" offset="369" sl="2241" sc="9" el="2241" ec="46" bec="0" bev="0" fileid="294" />
                <SequencePoint vc="3" uspid="9371" ordinal="35" offset="380" sl="2242" sc="7" el="2242" ec="27" bec="2" bev="1" fileid="294" />
                <SequencePoint vc="3" uspid="9372" ordinal="36" offset="384" sl="2243" sc="9" el="2243" ec="41" bec="0" bev="0" fileid="294" />
                <SequencePoint vc="3" uspid="9373" ordinal="37" offset="395" sl="2244" sc="7" el="2244" ec="24" bec="2" bev="1" fileid="294" />
                <SequencePoint vc="3" uspid="9374" ordinal="38" offset="399" sl="2245" sc="9" el="2245" ec="38" bec="0" bev="0" fileid="294" />
                <SequencePoint vc="3" uspid="9375" ordinal="39" offset="410" sl="2246" sc="7" el="2246" ec="28" bec="2" bev="1" fileid="294" />
                <SequencePoint vc="3" uspid="9376" ordinal="40" offset="414" sl="2247" sc="9" el="2247" ec="43" bec="0" bev="0" fileid="294" />
                <SequencePoint vc="3" uspid="9377" ordinal="41" offset="425" sl="2248" sc="7" el="2248" ec="32" bec="2" bev="1" fileid="294" />
                <SequencePoint vc="3" uspid="9378" ordinal="42" offset="429" sl="2249" sc="9" el="2249" ec="41" bec="0" bev="0" fileid="294" />
                <SequencePoint vc="3" uspid="9379" ordinal="43" offset="440" sl="2250" sc="7" el="2250" ec="79" bec="0" bev="0" fileid="294" />
                <SequencePoint vc="3" uspid="9380" ordinal="44" offset="472" sl="2252" sc="7" el="2252" ec="73" bec="0" bev="0" fileid="294" />
                <SequencePoint vc="3" uspid="9381" ordinal="45" offset="493" sl="2253" sc="7" el="2253" ec="64" bec="0" bev="0" fileid="294" />
                <SequencePoint vc="3" uspid="9382" ordinal="46" offset="504" sl="2256" sc="7" el="2256" ec="57" bec="0" bev="0" fileid="294" />
                <SequencePoint vc="3" uspid="9383" ordinal="47" offset="516" sl="2257" sc="7" el="2257" ec="93" bec="3" bev="3" fileid="294" />
                <SequencePoint vc="1" uspid="9384" ordinal="48" offset="542" sl="2259" sc="9" el="2259" ec="45" bec="0" bev="0" fileid="294" />
                <SequencePoint vc="1" uspid="9385" ordinal="49" offset="548" sl="2260" sc="9" el="2260" ec="59" bec="0" bev="0" fileid="294" />
                <SequencePoint vc="1" uspid="9386" ordinal="50" offset="570" sl="2261" sc="7" el="2261" ec="8" bec="0" bev="0" fileid="294" />
                <SequencePoint vc="2" uspid="9387" ordinal="51" offset="575" sl="2262" sc="12" el="2262" ec="165" bec="4" bev="4" fileid="294" />
                <SequencePoint vc="1" uspid="9388" ordinal="52" offset="621" sl="2266" sc="11" el="2266" ec="59" bec="2" bev="1" fileid="294" />
                <SequencePoint vc="1" uspid="9389" ordinal="53" offset="634" sl="2268" sc="13" el="2268" ec="50" bec="0" bev="0" fileid="294" />
                <SequencePoint vc="1" uspid="9390" ordinal="54" offset="640" sl="2269" sc="13" el="2269" ec="47" bec="0" bev="0" fileid="294" />
                <SequencePoint vc="1" uspid="9391" ordinal="55" offset="643" sl="2270" sc="13" el="2270" ec="49" bec="0" bev="0" fileid="294" />
                <SequencePoint vc="1" uspid="9392" ordinal="56" offset="651" sl="2271" sc="13" el="2271" ec="66" bec="0" bev="0" fileid="294" />
                <SequencePoint vc="1" uspid="9393" ordinal="57" offset="674" sl="2272" sc="11" el="2272" ec="12" bec="0" bev="0" fileid="294" />
                <SequencePoint vc="0" uspid="9394" ordinal="58" offset="676" sl="2275" sc="13" el="2275" ec="50" bec="0" bev="0" fileid="294" />
                <SequencePoint vc="0" uspid="9395" ordinal="59" offset="682" sl="2276" sc="13" el="2276" ec="64" bec="0" bev="0" fileid="294" />
                <SequencePoint vc="1" uspid="9396" ordinal="60" offset="704" sl="2278" sc="9" el="2278" ec="10" bec="0" bev="0" fileid="294" />
                <SequencePoint vc="0" uspid="9397" ordinal="61" offset="706" sl="2279" sc="9" el="2279" ec="14" bec="0" bev="0" fileid="294" />
                <SequencePoint vc="0" uspid="9398" ordinal="62" offset="707" sl="2281" sc="11" el="2281" ec="48" bec="0" bev="0" fileid="294" />
                <SequencePoint vc="0" uspid="9399" ordinal="63" offset="713" sl="2282" sc="11" el="2282" ec="62" bec="0" bev="0" fileid="294" />
                <SequencePoint vc="0" uspid="9400" ordinal="64" offset="735" sl="2283" sc="9" el="2283" ec="10" bec="0" bev="0" fileid="294" />
                <SequencePoint vc="1" uspid="9401" ordinal="65" offset="737" sl="2287" sc="9" el="2287" ec="46" bec="0" bev="0" fileid="294" />
                <SequencePoint vc="1" uspid="9402" ordinal="66" offset="743" sl="2288" sc="9" el="2288" ec="60" bec="0" bev="0" fileid="294" />
                <SequencePoint vc="3" uspid="9403" ordinal="67" offset="765" sl="2291" sc="7" el="2291" ec="81" bec="0" bev="0" fileid="294" />
                <SequencePoint vc="3" uspid="9404" ordinal="68" offset="779" sl="2292" sc="7" el="2292" ec="29" bec="2" bev="1" fileid="294" />
                <SequencePoint vc="0" uspid="9405" ordinal="69" offset="783" sl="2293" sc="9" el="2293" ec="22" bec="0" bev="0" fileid="294" />
                <SequencePoint vc="3" uspid="9406" ordinal="70" offset="785" sl="2295" sc="7" el="2295" ec="47" bec="0" bev="0" fileid="294" />
                <SequencePoint vc="3" uspid="9407" ordinal="71" offset="803" sl="2296" sc="7" el="2296" ec="34" bec="0" bev="0" fileid="294" />
              </SequencePoints>
              <BranchPoints>
                <BranchPoint vc="0" uspid="9408" ordinal="0" offset="1" sl="2191" path="0" offsetend="3" fileid="294" />
                <BranchPoint vc="3" uspid="9409" ordinal="1" offset="1" sl="2191" path="1" offsetend="14" fileid="294" />
                <BranchPoint vc="0" uspid="9410" ordinal="2" offset="20" sl="2193" path="0" offsetend="22" fileid="294" />
                <BranchPoint vc="3" uspid="9411" ordinal="3" offset="20" sl="2193" path="1" offsetend="33" fileid="294" />
                <BranchPoint vc="0" uspid="9412" ordinal="4" offset="35" sl="2195" path="0" offsetend="37" fileid="294" />
                <BranchPoint vc="3" uspid="9413" ordinal="5" offset="35" sl="2195" path="1" offsetend="100" fileid="294" />
                <BranchPoint vc="0" uspid="9414" ordinal="6" offset="39" sl="2195" path="0" offsetend="41" fileid="294" />
                <BranchPoint vc="0" uspid="9415" ordinal="7" offset="39" sl="2195" path="1" offsetend="100" fileid="294" />
                <BranchPoint vc="0" uspid="9416" ordinal="8" offset="43" sl="2195" path="0" offsetend="45" fileid="294" />
                <BranchPoint vc="0" uspid="9417" ordinal="9" offset="43" sl="2195" path="1" offsetend="100" fileid="294" />
                <BranchPoint vc="0" uspid="9418" ordinal="10" offset="47" sl="2195" path="0" offsetend="49" fileid="294" />
                <BranchPoint vc="0" uspid="9419" ordinal="11" offset="47" sl="2195" path="1" offsetend="100" fileid="294" />
                <BranchPoint vc="0" uspid="9420" ordinal="12" offset="51" sl="2195" path="0" offsetend="53" fileid="294" />
                <BranchPoint vc="0" uspid="9421" ordinal="13" offset="51" sl="2195" path="1" offsetend="100" fileid="294" />
                <BranchPoint vc="0" uspid="9422" ordinal="14" offset="55" sl="2195" path="0" offsetend="57" fileid="294" />
                <BranchPoint vc="0" uspid="9423" ordinal="15" offset="55" sl="2195" path="1" offsetend="100" fileid="294" />
                <BranchPoint vc="0" uspid="9424" ordinal="16" offset="59" sl="2195" path="0" offsetend="61" fileid="294" />
                <BranchPoint vc="0" uspid="9425" ordinal="17" offset="59" sl="2195" path="1" offsetend="100" fileid="294" />
                <BranchPoint vc="0" uspid="9426" ordinal="18" offset="63" sl="2195" path="0" offsetend="65" fileid="294" />
                <BranchPoint vc="0" uspid="9427" ordinal="19" offset="63" sl="2195" path="1" offsetend="100" fileid="294" />
                <BranchPoint vc="0" uspid="9428" ordinal="20" offset="67" sl="2195" path="0" offsetend="69" fileid="294" />
                <BranchPoint vc="0" uspid="9429" ordinal="21" offset="67" sl="2195" path="1" offsetend="100" fileid="294" />
                <BranchPoint vc="0" uspid="9430" ordinal="22" offset="71" sl="2195" path="0" offsetend="73" fileid="294" />
                <BranchPoint vc="0" uspid="9431" ordinal="23" offset="71" sl="2195" path="1" offsetend="100" fileid="294" />
                <BranchPoint vc="0" uspid="9432" ordinal="24" offset="75" sl="2195" path="0" offsetend="77" fileid="294" />
                <BranchPoint vc="0" uspid="9433" ordinal="25" offset="75" sl="2195" path="1" offsetend="100" fileid="294" />
                <BranchPoint vc="0" uspid="9434" ordinal="26" offset="79" sl="2195" path="0" offsetend="81" fileid="294" />
                <BranchPoint vc="0" uspid="9435" ordinal="27" offset="79" sl="2195" path="1" offsetend="100" fileid="294" />
                <BranchPoint vc="0" uspid="9436" ordinal="28" offset="83" sl="2195" path="0" offsetend="85" fileid="294" />
                <BranchPoint vc="0" uspid="9437" ordinal="29" offset="83" sl="2195" path="1" offsetend="100" fileid="294" />
                <BranchPoint vc="0" uspid="9438" ordinal="30" offset="87" sl="2195" path="0" offsetend="89" fileid="294" />
                <BranchPoint vc="3" uspid="9439" ordinal="31" offset="87" sl="2195" path="1" offsetend="100" fileid="294" />
                <BranchPoint vc="0" uspid="9440" ordinal="32" offset="110" sl="2210" path="0" offsetend="112" fileid="294" />
                <BranchPoint vc="3" uspid="9441" ordinal="33" offset="110" sl="2210" path="1" offsetend="118" fileid="294" />
                <BranchPoint vc="0" uspid="9442" ordinal="34" offset="139" sl="2215" path="0" offsetend="141" fileid="294" />
                <BranchPoint vc="3" uspid="9443" ordinal="35" offset="139" sl="2215" path="1" offsetend="145" fileid="294" />
                <BranchPoint vc="3" uspid="9444" ordinal="36" offset="232" sl="2222" path="0" offsetend="234" fileid="294" />
                <BranchPoint vc="0" uspid="9445" ordinal="37" offset="232" sl="2222" path="1" offsetend="245" fileid="294" />
                <BranchPoint vc="3" uspid="9446" ordinal="38" offset="247" sl="2224" path="0" offsetend="249" fileid="294" />
                <BranchPoint vc="0" uspid="9447" ordinal="39" offset="247" sl="2224" path="1" offsetend="260" fileid="294" />
                <BranchPoint vc="3" uspid="9448" ordinal="40" offset="262" sl="2226" path="0" offsetend="264" fileid="294" />
                <BranchPoint vc="0" uspid="9449" ordinal="41" offset="262" sl="2226" path="1" offsetend="275" fileid="294" />
                <BranchPoint vc="3" uspid="9450" ordinal="42" offset="277" sl="2228" path="0" offsetend="279" fileid="294" />
                <BranchPoint vc="0" uspid="9451" ordinal="43" offset="277" sl="2228" path="1" offsetend="290" fileid="294" />
                <BranchPoint vc="3" uspid="9452" ordinal="44" offset="292" sl="2230" path="0" offsetend="294" fileid="294" />
                <BranchPoint vc="0" uspid="9453" ordinal="45" offset="292" sl="2230" path="1" offsetend="305" fileid="294" />
                <BranchPoint vc="3" uspid="9454" ordinal="46" offset="307" sl="2232" path="0" offsetend="309" fileid="294" />
                <BranchPoint vc="0" uspid="9455" ordinal="47" offset="307" sl="2232" path="1" offsetend="320" fileid="294" />
                <BranchPoint vc="3" uspid="9456" ordinal="48" offset="322" sl="2234" path="0" offsetend="324" fileid="294" />
                <BranchPoint vc="0" uspid="9457" ordinal="49" offset="322" sl="2234" path="1" offsetend="335" fileid="294" />
                <BranchPoint vc="3" uspid="9458" ordinal="50" offset="337" sl="2236" path="0" offsetend="339" fileid="294" />
                <BranchPoint vc="0" uspid="9459" ordinal="51" offset="337" sl="2236" path="1" offsetend="350" fileid="294" />
                <BranchPoint vc="3" uspid="9460" ordinal="52" offset="352" sl="2238" path="0" offsetend="354" fileid="294" />
                <BranchPoint vc="0" uspid="9461" ordinal="53" offset="352" sl="2238" path="1" offsetend="365" fileid="294" />
                <BranchPoint vc="3" uspid="9462" ordinal="54" offset="367" sl="2240" path="0" offsetend="369" fileid="294" />
                <BranchPoint vc="0" uspid="9463" ordinal="55" offset="367" sl="2240" path="1" offsetend="380" fileid="294" />
                <BranchPoint vc="3" uspid="9464" ordinal="56" offset="382" sl="2242" path="0" offsetend="384" fileid="294" />
                <BranchPoint vc="0" uspid="9465" ordinal="57" offset="382" sl="2242" path="1" offsetend="395" fileid="294" />
                <BranchPoint vc="3" uspid="9466" ordinal="58" offset="397" sl="2244" path="0" offsetend="399" fileid="294" />
                <BranchPoint vc="0" uspid="9467" ordinal="59" offset="397" sl="2244" path="1" offsetend="410" fileid="294" />
                <BranchPoint vc="3" uspid="9468" ordinal="60" offset="412" sl="2246" path="0" offsetend="414" fileid="294" />
                <BranchPoint vc="0" uspid="9469" ordinal="61" offset="412" sl="2246" path="1" offsetend="425" fileid="294" />
                <BranchPoint vc="3" uspid="9470" ordinal="62" offset="427" sl="2248" path="0" offsetend="429" fileid="294" />
                <BranchPoint vc="0" uspid="9471" ordinal="63" offset="427" sl="2248" path="1" offsetend="440" fileid="294" />
                <BranchPoint vc="2" uspid="9472" ordinal="64" offset="527" sl="2257" path="0" offsetend="529" fileid="294" />
                <BranchPoint vc="1" uspid="9473" ordinal="65" offset="527" sl="2257" path="1" offsetend="542" fileid="294" />
                <BranchPoint vc="1" uspid="9474" ordinal="66" offset="540" sl="2257" path="0" offsetend="542" fileid="294" />
                <BranchPoint vc="2" uspid="9475" ordinal="67" offset="540" sl="2257" path="1" offsetend="575" fileid="294" />
                <BranchPoint vc="2" uspid="9476" ordinal="68" offset="586" sl="2262" path="0" offsetend="591" fileid="294" />
                <BranchPoint vc="0" uspid="9477" ordinal="69" offset="586" sl="2262" path="1" offsetend="737" fileid="294" />
                <BranchPoint vc="2" uspid="9478" ordinal="70" offset="602" sl="2262" path="0" offsetend="607" fileid="294" />
                <BranchPoint vc="0" uspid="9479" ordinal="71" offset="602" sl="2262" path="1" offsetend="737" fileid="294" />
                <BranchPoint vc="1" uspid="9480" ordinal="72" offset="619" sl="2262" path="0" offsetend="621" fileid="294" />
                <BranchPoint vc="1" uspid="9481" ordinal="73" offset="619" sl="2262" path="1" offsetend="737" fileid="294" />
                <BranchPoint vc="1" uspid="9482" ordinal="74" offset="632" sl="2266" path="0" offsetend="634" fileid="294" />
                <BranchPoint vc="0" uspid="9483" ordinal="75" offset="632" sl="2266" path="1" offsetend="676" fileid="294" />
                <BranchPoint vc="0" uspid="9484" ordinal="76" offset="781" sl="2292" path="0" offsetend="783" fileid="294" />
                <BranchPoint vc="3" uspid="9485" ordinal="77" offset="781" sl="2292" path="1" offsetend="785" fileid="294" />
              </BranchPoints>
              <MethodPoint xsi:type="SequencePoint" vc="3" uspid="9336" ordinal="0" offset="0" sl="2191" sc="7" el="2191" ec="28" bec="2" bev="1" fileid="294" />
            </Method>
            <Method visited="true" cyclomaticComplexity="7" nPathComplexity="32" sequenceCoverage="66.67" branchCoverage="54.55" isConstructor="false" isStatic="false" isGetter="false" isSetter="false">
              <Summary numSequencePoints="18" visitedSequencePoints="12" numBranchPoints="11" visitedBranchPoints="6" sequenceCoverage="66.67" branchCoverage="54.55" maxCyclomaticComplexity="7" minCyclomaticComplexity="7" visitedClasses="0" numClasses="0" visitedMethods="1" numMethods="1" />
              <MetadataToken>100665366</MetadataToken>
              <Name>System.Void IBM.Watson.DeveloperCloud.Services.AlchemyAPI.v1.AlchemyAPI::OnCombinedCallResponse(IBM.Watson.DeveloperCloud.Connection.RESTConnector/Request,IBM.Watson.DeveloperCloud.Connection.RESTConnector/Response)</Name>
              <FileRef uid="294" />
              <SequencePoints>
                <SequencePoint vc="3" uspid="9486" ordinal="0" offset="0" sl="2316" sc="7" el="2316" ec="62" bec="0" bev="0" fileid="294" />
                <SequencePoint vc="3" uspid="9487" ordinal="1" offset="6" sl="2317" sc="7" el="2317" ec="24" bec="2" bev="1" fileid="294" />
                <SequencePoint vc="3" uspid="9488" ordinal="2" offset="17" sl="2321" sc="11" el="2321" ec="30" bec="0" bev="0" fileid="294" />
                <SequencePoint vc="3" uspid="9489" ordinal="3" offset="19" sl="2322" sc="11" el="2322" ec="89" bec="0" bev="0" fileid="294" />
                <SequencePoint vc="3" uspid="9490" ordinal="4" offset="43" sl="2323" sc="11" el="2323" ec="28" bec="2" bev="1" fileid="294" />
                <SequencePoint vc="0" uspid="9491" ordinal="5" offset="52" sl="2324" sc="13" el="2324" ec="60" bec="0" bev="0" fileid="294" />
                <SequencePoint vc="3" uspid="9492" ordinal="6" offset="65" sl="2326" sc="11" el="2326" ec="37" bec="0" bev="0" fileid="294" />
                <SequencePoint vc="3" uspid="9493" ordinal="7" offset="67" sl="2327" sc="11" el="2327" ec="74" bec="0" bev="0" fileid="294" />
                <SequencePoint vc="3" uspid="9494" ordinal="8" offset="87" sl="2328" sc="11" el="2328" ec="28" bec="2" bev="1" fileid="294" />
                <SequencePoint vc="0" uspid="9495" ordinal="9" offset="96" sl="2329" sc="13" el="2329" ec="60" bec="0" bev="0" fileid="294" />
                <SequencePoint vc="3" uspid="9496" ordinal="10" offset="109" sl="2330" sc="9" el="2330" ec="10" bec="0" bev="0" fileid="294" />
                <SequencePoint vc="0" uspid="9497" ordinal="11" offset="111" sl="2331" sc="9" el="2331" ec="28" bec="0" bev="0" fileid="294" />
                <SequencePoint vc="0" uspid="9498" ordinal="12" offset="113" sl="2333" sc="11" el="2333" ec="95" bec="0" bev="0" fileid="294" />
                <SequencePoint vc="0" uspid="9499" ordinal="13" offset="144" sl="2334" sc="11" el="2334" ec="32" bec="0" bev="0" fileid="294" />
                <SequencePoint vc="0" uspid="9500" ordinal="14" offset="151" sl="2335" sc="9" el="2335" ec="10" bec="0" bev="0" fileid="294" />
                <SequencePoint vc="3" uspid="9501" ordinal="15" offset="153" sl="2338" sc="7" el="2338" ec="55" bec="2" bev="1" fileid="294" />
                <SequencePoint vc="3" uspid="9502" ordinal="16" offset="166" sl="2339" sc="9" el="2339" ec="114" bec="2" bev="1" fileid="294" />
                <SequencePoint vc="3" uspid="9503" ordinal="17" offset="205" sl="2340" sc="5" el="2340" ec="6" bec="0" bev="0" fileid="294" />
              </SequencePoints>
              <BranchPoints>
                <BranchPoint vc="3" uspid="9504" ordinal="0" offset="12" sl="2317" path="0" offsetend="17" fileid="294" />
                <BranchPoint vc="0" uspid="9505" ordinal="1" offset="12" sl="2317" path="1" offsetend="153" fileid="294" />
                <BranchPoint vc="0" uspid="9506" ordinal="2" offset="50" sl="2323" path="0" offsetend="52" fileid="294" />
                <BranchPoint vc="3" uspid="9507" ordinal="3" offset="50" sl="2323" path="1" offsetend="65" fileid="294" />
                <BranchPoint vc="0" uspid="9508" ordinal="4" offset="94" sl="2328" path="0" offsetend="96" fileid="294" />
                <BranchPoint vc="3" uspid="9509" ordinal="5" offset="94" sl="2328" path="1" offsetend="109" fileid="294" />
                <BranchPoint vc="3" uspid="9510" ordinal="6" offset="164" sl="2338" path="0" offsetend="166" fileid="294" />
                <BranchPoint vc="0" uspid="9511" ordinal="7" offset="164" sl="2338" path="1" offsetend="205" fileid="294" />
                <BranchPoint vc="0" uspid="9512" ordinal="8" offset="183" sl="2339" path="0" offsetend="185" fileid="294" />
                <BranchPoint vc="3" uspid="9513" ordinal="9" offset="183" sl="2339" path="1" offsetend="188" fileid="294" />
              </BranchPoints>
              <MethodPoint xsi:type="SequencePoint" vc="3" uspid="9486" ordinal="0" offset="0" sl="2316" sc="7" el="2316" ec="62" bec="0" bev="0" fileid="294" />
            </Method>
            <Method visited="true" cyclomaticComplexity="8" nPathComplexity="64" sequenceCoverage="88.46" branchCoverage="53.85" isConstructor="false" isStatic="false" isGetter="false" isSetter="false">
              <Summary numSequencePoints="26" visitedSequencePoints="23" numBranchPoints="13" visitedBranchPoints="7" sequenceCoverage="88.46" branchCoverage="53.85" maxCyclomaticComplexity="8" minCyclomaticComplexity="8" visitedClasses="0" numClasses="0" visitedMethods="1" numMethods="1" />
              <MetadataToken>100665367</MetadataToken>
              <Name>System.Boolean IBM.Watson.DeveloperCloud.Services.AlchemyAPI.v1.AlchemyAPI::GetNews(IBM.Watson.DeveloperCloud.Services.AlchemyAPI.v1.AlchemyAPI/OnGetNews,System.String[],System.Collections.Generic.Dictionary`2&lt;System.String,System.String&gt;,System.String,System.String,System.Int32,System.String,System.String)</Name>
              <FileRef uid="294" />
              <SequencePoints>
                <SequencePoint vc="1" uspid="9514" ordinal="0" offset="0" sl="2373" sc="7" el="2373" ec="28" bec="2" bev="1" fileid="294" />
                <SequencePoint vc="0" uspid="9515" ordinal="1" offset="3" sl="2374" sc="9" el="2374" ec="53" bec="0" bev="0" fileid="294" />
                <SequencePoint vc="1" uspid="9516" ordinal="2" offset="14" sl="2375" sc="7" el="2375" ec="43" bec="2" bev="1" fileid="294" />
                <SequencePoint vc="1" uspid="9517" ordinal="3" offset="26" sl="2376" sc="9" el="2376" ec="26" bec="0" bev="0" fileid="294" />
                <SequencePoint vc="1" uspid="9518" ordinal="4" offset="32" sl="2378" sc="7" el="2378" ec="49" bec="0" bev="0" fileid="294" />
                <SequencePoint vc="1" uspid="9519" ordinal="5" offset="38" sl="2379" sc="7" el="2379" ec="31" bec="0" bev="0" fileid="294" />
                <SequencePoint vc="1" uspid="9520" ordinal="6" offset="45" sl="2380" sc="7" el="2380" ec="29" bec="0" bev="0" fileid="294" />
                <SequencePoint vc="1" uspid="9521" ordinal="7" offset="53" sl="2382" sc="7" el="2382" ec="44" bec="0" bev="0" fileid="294" />
                <SequencePoint vc="1" uspid="9522" ordinal="8" offset="74" sl="2383" sc="7" el="2383" ec="45" bec="0" bev="0" fileid="294" />
                <SequencePoint vc="1" uspid="9523" ordinal="9" offset="95" sl="2384" sc="7" el="2384" ec="43" bec="0" bev="0" fileid="294" />
                <SequencePoint vc="1" uspid="9524" ordinal="10" offset="113" sl="2385" sc="7" el="2385" ec="39" bec="0" bev="0" fileid="294" />
                <SequencePoint vc="1" uspid="9525" ordinal="11" offset="131" sl="2386" sc="7" el="2386" ec="49" bec="0" bev="0" fileid="294" />
                <SequencePoint vc="1" uspid="9526" ordinal="12" offset="154" sl="2387" sc="7" el="2387" ec="40" bec="2" bev="1" fileid="294" />
                <SequencePoint vc="0" uspid="9527" ordinal="13" offset="158" sl="2388" sc="9" el="2388" ec="49" bec="0" bev="0" fileid="294" />
                <SequencePoint vc="1" uspid="9528" ordinal="14" offset="176" sl="2389" sc="7" el="2389" ec="45" bec="2" bev="1" fileid="294" />
                <SequencePoint vc="1" uspid="9529" ordinal="15" offset="179" sl="2390" sc="9" el="2390" ec="67" bec="0" bev="0" fileid="294" />
                <SequencePoint vc="1" uspid="9530" ordinal="16" offset="206" sl="2391" sc="7" el="2391" ec="31" bec="2" bev="1" fileid="294" />
                <SequencePoint vc="1" uspid="9531" ordinal="17" offset="209" sl="2392" sc="56" el="2392" ec="67" bec="0" bev="0" fileid="294" />
                <SequencePoint vc="2" uspid="9532" ordinal="18" offset="218" sl="2392" sc="18" el="2392" ec="52" bec="0" bev="0" fileid="294" />
                <SequencePoint vc="2" uspid="9533" ordinal="19" offset="226" sl="2393" sc="11" el="2393" ec="58" bec="0" bev="0" fileid="294" />
                <SequencePoint vc="3" uspid="9534" ordinal="20" offset="261" sl="2392" sc="53" el="2392" ec="55" bec="0" bev="0" fileid="294" />
                <SequencePoint vc="1" uspid="9535" ordinal="21" offset="286" sl="2395" sc="7" el="2395" ec="90" bec="0" bev="0" fileid="294" />
                <SequencePoint vc="1" uspid="9536" ordinal="22" offset="303" sl="2396" sc="7" el="2396" ec="29" bec="2" bev="1" fileid="294" />
                <SequencePoint vc="0" uspid="9537" ordinal="23" offset="306" sl="2397" sc="9" el="2397" ec="22" bec="0" bev="0" fileid="294" />
                <SequencePoint vc="1" uspid="9538" ordinal="24" offset="308" sl="2399" sc="7" el="2399" ec="42" bec="0" bev="0" fileid="294" />
                <SequencePoint vc="1" uspid="9539" ordinal="25" offset="326" sl="2400" sc="7" el="2400" ec="34" bec="0" bev="0" fileid="294" />
              </SequencePoints>
              <BranchPoints>
                <BranchPoint vc="0" uspid="9540" ordinal="0" offset="1" sl="2373" path="0" offsetend="3" fileid="294" />
                <BranchPoint vc="1" uspid="9541" ordinal="1" offset="1" sl="2373" path="1" offsetend="14" fileid="294" />
                <BranchPoint vc="1" uspid="9542" ordinal="2" offset="24" sl="2375" path="0" offsetend="26" fileid="294" />
                <BranchPoint vc="0" uspid="9543" ordinal="3" offset="24" sl="2375" path="1" offsetend="32" fileid="294" />
                <BranchPoint vc="0" uspid="9544" ordinal="4" offset="156" sl="2387" path="0" offsetend="158" fileid="294" />
                <BranchPoint vc="1" uspid="9545" ordinal="5" offset="156" sl="2387" path="1" offsetend="176" fileid="294" />
                <BranchPoint vc="1" uspid="9546" ordinal="6" offset="177" sl="2389" path="0" offsetend="179" fileid="294" />
                <BranchPoint vc="0" uspid="9547" ordinal="7" offset="177" sl="2389" path="1" offsetend="206" fileid="294" />
                <BranchPoint vc="1" uspid="9548" ordinal="8" offset="207" sl="2391" path="0" offsetend="209" fileid="294" />
                <BranchPoint vc="0" uspid="9549" ordinal="9" offset="207" sl="2391" path="1" offsetend="286" fileid="294" />
                <BranchPoint vc="0" uspid="9552" ordinal="12" offset="304" sl="2396" path="0" offsetend="306" fileid="294" />
                <BranchPoint vc="1" uspid="9553" ordinal="13" offset="304" sl="2396" path="1" offsetend="308" fileid="294" />
              </BranchPoints>
              <MethodPoint xsi:type="SequencePoint" vc="1" uspid="9514" ordinal="0" offset="0" sl="2373" sc="7" el="2373" ec="28" bec="2" bev="1" fileid="294" />
            </Method>
            <Method visited="true" cyclomaticComplexity="7" nPathComplexity="32" sequenceCoverage="66.67" branchCoverage="54.55" isConstructor="false" isStatic="false" isGetter="false" isSetter="false">
              <Summary numSequencePoints="18" visitedSequencePoints="12" numBranchPoints="11" visitedBranchPoints="6" sequenceCoverage="66.67" branchCoverage="54.55" maxCyclomaticComplexity="7" minCyclomaticComplexity="7" visitedClasses="0" numClasses="0" visitedMethods="1" numMethods="1" />
              <MetadataToken>100665368</MetadataToken>
              <Name>System.Void IBM.Watson.DeveloperCloud.Services.AlchemyAPI.v1.AlchemyAPI::OnGetNewsResponse(IBM.Watson.DeveloperCloud.Connection.RESTConnector/Request,IBM.Watson.DeveloperCloud.Connection.RESTConnector/Response)</Name>
              <FileRef uid="294" />
              <SequencePoints>
                <SequencePoint vc="1" uspid="9554" ordinal="0" offset="0" sl="2420" sc="7" el="2420" ec="50" bec="0" bev="0" fileid="294" />
                <SequencePoint vc="1" uspid="9555" ordinal="1" offset="6" sl="2421" sc="7" el="2421" ec="24" bec="2" bev="1" fileid="294" />
                <SequencePoint vc="1" uspid="9556" ordinal="2" offset="17" sl="2425" sc="11" el="2425" ec="30" bec="0" bev="0" fileid="294" />
                <SequencePoint vc="1" uspid="9557" ordinal="3" offset="19" sl="2426" sc="11" el="2426" ec="89" bec="0" bev="0" fileid="294" />
                <SequencePoint vc="1" uspid="9558" ordinal="4" offset="43" sl="2427" sc="11" el="2427" ec="28" bec="2" bev="1" fileid="294" />
                <SequencePoint vc="0" uspid="9559" ordinal="5" offset="52" sl="2428" sc="13" el="2428" ec="60" bec="0" bev="0" fileid="294" />
                <SequencePoint vc="1" uspid="9560" ordinal="6" offset="65" sl="2430" sc="11" el="2430" ec="33" bec="0" bev="0" fileid="294" />
                <SequencePoint vc="1" uspid="9561" ordinal="7" offset="67" sl="2431" sc="11" el="2431" ec="74" bec="0" bev="0" fileid="294" />
                <SequencePoint vc="1" uspid="9562" ordinal="8" offset="87" sl="2432" sc="11" el="2432" ec="28" bec="2" bev="1" fileid="294" />
                <SequencePoint vc="0" uspid="9563" ordinal="9" offset="96" sl="2433" sc="13" el="2433" ec="60" bec="0" bev="0" fileid="294" />
                <SequencePoint vc="1" uspid="9564" ordinal="10" offset="109" sl="2434" sc="9" el="2434" ec="10" bec="0" bev="0" fileid="294" />
                <SequencePoint vc="0" uspid="9565" ordinal="11" offset="111" sl="2435" sc="9" el="2435" ec="28" bec="0" bev="0" fileid="294" />
                <SequencePoint vc="0" uspid="9566" ordinal="12" offset="113" sl="2437" sc="11" el="2437" ec="90" bec="0" bev="0" fileid="294" />
                <SequencePoint vc="0" uspid="9567" ordinal="13" offset="144" sl="2438" sc="11" el="2438" ec="32" bec="0" bev="0" fileid="294" />
                <SequencePoint vc="0" uspid="9568" ordinal="14" offset="151" sl="2439" sc="9" el="2439" ec="10" bec="0" bev="0" fileid="294" />
                <SequencePoint vc="1" uspid="9569" ordinal="15" offset="153" sl="2442" sc="7" el="2442" ec="50" bec="2" bev="1" fileid="294" />
                <SequencePoint vc="1" uspid="9570" ordinal="16" offset="166" sl="2443" sc="9" el="2443" ec="100" bec="2" bev="1" fileid="294" />
                <SequencePoint vc="1" uspid="9571" ordinal="17" offset="205" sl="2444" sc="5" el="2444" ec="6" bec="0" bev="0" fileid="294" />
              </SequencePoints>
              <BranchPoints>
                <BranchPoint vc="1" uspid="9572" ordinal="0" offset="12" sl="2421" path="0" offsetend="17" fileid="294" />
                <BranchPoint vc="0" uspid="9573" ordinal="1" offset="12" sl="2421" path="1" offsetend="153" fileid="294" />
                <BranchPoint vc="0" uspid="9574" ordinal="2" offset="50" sl="2427" path="0" offsetend="52" fileid="294" />
                <BranchPoint vc="1" uspid="9575" ordinal="3" offset="50" sl="2427" path="1" offsetend="65" fileid="294" />
                <BranchPoint vc="0" uspid="9576" ordinal="4" offset="94" sl="2432" path="0" offsetend="96" fileid="294" />
                <BranchPoint vc="1" uspid="9577" ordinal="5" offset="94" sl="2432" path="1" offsetend="109" fileid="294" />
                <BranchPoint vc="1" uspid="9578" ordinal="6" offset="164" sl="2442" path="0" offsetend="166" fileid="294" />
                <BranchPoint vc="0" uspid="9579" ordinal="7" offset="164" sl="2442" path="1" offsetend="205" fileid="294" />
                <BranchPoint vc="0" uspid="9580" ordinal="8" offset="183" sl="2443" path="0" offsetend="185" fileid="294" />
                <BranchPoint vc="1" uspid="9581" ordinal="9" offset="183" sl="2443" path="1" offsetend="188" fileid="294" />
              </BranchPoints>
              <MethodPoint xsi:type="SequencePoint" vc="1" uspid="9554" ordinal="0" offset="0" sl="2420" sc="7" el="2420" ec="50" bec="0" bev="0" fileid="294" />
            </Method>
            <Method visited="false" cyclomaticComplexity="1" nPathComplexity="0" sequenceCoverage="0" branchCoverage="0" isConstructor="false" isStatic="false" isGetter="false" isSetter="false">
              <Summary numSequencePoints="1" visitedSequencePoints="0" numBranchPoints="1" visitedBranchPoints="0" sequenceCoverage="0" branchCoverage="0" maxCyclomaticComplexity="1" minCyclomaticComplexity="1" visitedClasses="0" numClasses="0" visitedMethods="0" numMethods="1" />
              <MetadataToken>100665369</MetadataToken>
              <Name>System.String IBM.Watson.DeveloperCloud.Services.AlchemyAPI.v1.AlchemyAPI::GetServiceID()</Name>
              <FileRef uid="294" />
              <SequencePoints>
                <SequencePoint vc="0" uspid="9582" ordinal="0" offset="0" sl="2451" sc="7" el="2451" ec="25" bec="0" bev="0" fileid="294" />
              </SequencePoints>
              <BranchPoints />
              <MethodPoint xsi:type="SequencePoint" vc="0" uspid="9582" ordinal="0" offset="0" sl="2451" sc="7" el="2451" ec="25" bec="0" bev="0" fileid="294" />
            </Method>
            <Method visited="false" cyclomaticComplexity="2" nPathComplexity="2" sequenceCoverage="0" branchCoverage="0" isConstructor="false" isStatic="false" isGetter="false" isSetter="false">
              <Summary numSequencePoints="4" visitedSequencePoints="0" numBranchPoints="3" visitedBranchPoints="0" sequenceCoverage="0" branchCoverage="0" maxCyclomaticComplexity="2" minCyclomaticComplexity="2" visitedClasses="0" numClasses="0" visitedMethods="0" numMethods="1" />
              <MetadataToken>100665370</MetadataToken>
              <Name>System.Void IBM.Watson.DeveloperCloud.Services.AlchemyAPI.v1.AlchemyAPI::GetServiceStatus(IBM.Watson.DeveloperCloud.Services.ServiceStatus)</Name>
              <FileRef uid="294" />
              <SequencePoints>
                <SequencePoint vc="0" uspid="9583" ordinal="0" offset="0" sl="2457" sc="7" el="2457" ec="63" bec="2" bev="0" fileid="294" />
                <SequencePoint vc="0" uspid="9584" ordinal="1" offset="17" sl="2458" sc="9" el="2458" ec="48" bec="0" bev="0" fileid="294" />
                <SequencePoint vc="0" uspid="9585" ordinal="2" offset="26" sl="2460" sc="9" el="2460" ec="37" bec="0" bev="0" fileid="294" />
                <SequencePoint vc="0" uspid="9586" ordinal="3" offset="38" sl="2461" sc="5" el="2461" ec="6" bec="0" bev="0" fileid="294" />
              </SequencePoints>
              <BranchPoints>
                <BranchPoint vc="0" uspid="9587" ordinal="0" offset="15" sl="2457" path="0" offsetend="17" fileid="294" />
                <BranchPoint vc="0" uspid="9588" ordinal="1" offset="15" sl="2457" path="1" offsetend="26" fileid="294" />
              </BranchPoints>
              <MethodPoint xsi:type="SequencePoint" vc="0" uspid="9583" ordinal="0" offset="0" sl="2457" sc="7" el="2457" ec="63" bec="2" bev="0" fileid="294" />
            </Method>
            <Method visited="true" cyclomaticComplexity="1" nPathComplexity="0" sequenceCoverage="0" branchCoverage="0" isConstructor="true" isStatic="false" isGetter="false" isSetter="false">
              <Summary numSequencePoints="0" visitedSequencePoints="0" numBranchPoints="0" visitedBranchPoints="0" sequenceCoverage="0" branchCoverage="0" maxCyclomaticComplexity="1" minCyclomaticComplexity="1" visitedClasses="0" numClasses="0" visitedMethods="0" numMethods="0" />
              <MetadataToken>100665371</MetadataToken>
              <Name>System.Void IBM.Watson.DeveloperCloud.Services.AlchemyAPI.v1.AlchemyAPI::.ctor()</Name>
              <SequencePoints />
              <BranchPoints />
              <MethodPoint vc="2" uspid="9589" ordinal="0" offset="0" />
            </Method>
            <Method visited="true" cyclomaticComplexity="1" nPathComplexity="0" sequenceCoverage="100" branchCoverage="100" isConstructor="true" isStatic="true" isGetter="false" isSetter="false">
              <Summary numSequencePoints="2" visitedSequencePoints="2" numBranchPoints="1" visitedBranchPoints="1" sequenceCoverage="100" branchCoverage="100" maxCyclomaticComplexity="1" minCyclomaticComplexity="1" visitedClasses="0" numClasses="0" visitedMethods="1" numMethods="1" />
              <MetadataToken>100665372</MetadataToken>
              <Name>System.Void IBM.Watson.DeveloperCloud.Services.AlchemyAPI.v1.AlchemyAPI::.cctor()</Name>
              <FileRef uid="294" />
              <SequencePoints>
                <SequencePoint vc="1" uspid="9590" ordinal="0" offset="0" sl="39" sc="5" el="39" ec="44" bec="0" bev="0" fileid="294" />
                <SequencePoint vc="1" uspid="9591" ordinal="1" offset="6" sl="41" sc="5" el="41" ec="68" bec="0" bev="0" fileid="294" />
              </SequencePoints>
              <BranchPoints />
              <MethodPoint xsi:type="SequencePoint" vc="1" uspid="9590" ordinal="0" offset="0" sl="39" sc="5" el="39" ec="44" bec="0" bev="0" fileid="294" />
            </Method>
          </Methods>
        </Class>
        <Class>
          <Summary numSequencePoints="0" visitedSequencePoints="0" numBranchPoints="0" visitedBranchPoints="0" sequenceCoverage="0" branchCoverage="0" maxCyclomaticComplexity="0" minCyclomaticComplexity="0" visitedClasses="0" numClasses="0" visitedMethods="0" numMethods="0" />
          <FullName>IBM.Watson.DeveloperCloud.Services.AlchemyAPI.v1.AlchemyAPI/OnGetAuthors</FullName>
          <Methods>
            <Method skippedDueTo="Unknown" visited="false" cyclomaticComplexity="0" nPathComplexity="0" sequenceCoverage="0" branchCoverage="0" isConstructor="true" isStatic="false" isGetter="false" isSetter="false">
              <MetadataToken>100667090</MetadataToken>
              <Name>System.Void IBM.Watson.DeveloperCloud.Services.AlchemyAPI.v1.AlchemyAPI/OnGetAuthors::.ctor(System.Object,System.IntPtr)</Name>
              <SequencePoints />
              <BranchPoints />
            </Method>
            <Method skippedDueTo="Unknown" visited="false" cyclomaticComplexity="0" nPathComplexity="0" sequenceCoverage="0" branchCoverage="0" isConstructor="false" isStatic="false" isGetter="false" isSetter="false">
              <MetadataToken>100667091</MetadataToken>
              <Name>System.Void IBM.Watson.DeveloperCloud.Services.AlchemyAPI.v1.AlchemyAPI/OnGetAuthors::Invoke(IBM.Watson.DeveloperCloud.Services.AlchemyAPI.v1.AuthorsData,System.String)</Name>
              <SequencePoints />
              <BranchPoints />
            </Method>
            <Method skippedDueTo="Unknown" visited="false" cyclomaticComplexity="0" nPathComplexity="0" sequenceCoverage="0" branchCoverage="0" isConstructor="false" isStatic="false" isGetter="false" isSetter="false">
              <MetadataToken>100667092</MetadataToken>
              <Name>System.IAsyncResult IBM.Watson.DeveloperCloud.Services.AlchemyAPI.v1.AlchemyAPI/OnGetAuthors::BeginInvoke(IBM.Watson.DeveloperCloud.Services.AlchemyAPI.v1.AuthorsData,System.String,System.AsyncCallback,System.Object)</Name>
              <SequencePoints />
              <BranchPoints />
            </Method>
            <Method skippedDueTo="Unknown" visited="false" cyclomaticComplexity="0" nPathComplexity="0" sequenceCoverage="0" branchCoverage="0" isConstructor="false" isStatic="false" isGetter="false" isSetter="false">
              <MetadataToken>100667093</MetadataToken>
              <Name>System.Void IBM.Watson.DeveloperCloud.Services.AlchemyAPI.v1.AlchemyAPI/OnGetAuthors::EndInvoke(System.IAsyncResult)</Name>
              <SequencePoints />
              <BranchPoints />
            </Method>
          </Methods>
        </Class>
        <Class>
          <Summary numSequencePoints="4" visitedSequencePoints="4" numBranchPoints="4" visitedBranchPoints="4" sequenceCoverage="100" branchCoverage="100" maxCyclomaticComplexity="1" minCyclomaticComplexity="1" visitedClasses="1" numClasses="1" visitedMethods="4" numMethods="4" />
          <FullName>IBM.Watson.DeveloperCloud.Services.AlchemyAPI.v1.AlchemyAPI/GetAuthorsRequest</FullName>
          <Methods>
            <Method visited="true" cyclomaticComplexity="1" nPathComplexity="0" sequenceCoverage="100" branchCoverage="100" isConstructor="false" isStatic="false" isGetter="true" isSetter="false">
              <Summary numSequencePoints="1" visitedSequencePoints="1" numBranchPoints="1" visitedBranchPoints="1" sequenceCoverage="100" branchCoverage="100" maxCyclomaticComplexity="1" minCyclomaticComplexity="1" visitedClasses="0" numClasses="0" visitedMethods="1" numMethods="1" />
              <MetadataToken>100667094</MetadataToken>
              <Name>System.String IBM.Watson.DeveloperCloud.Services.AlchemyAPI.v1.AlchemyAPI/GetAuthorsRequest::get_Data()</Name>
              <FileRef uid="294" />
              <SequencePoints>
                <SequencePoint vc="2" uspid="9592" ordinal="0" offset="0" sl="139" sc="28" el="139" ec="32" bec="0" bev="0" fileid="294" />
              </SequencePoints>
              <BranchPoints />
              <MethodPoint xsi:type="SequencePoint" vc="2" uspid="9592" ordinal="0" offset="0" sl="139" sc="28" el="139" ec="32" bec="0" bev="0" fileid="294" />
            </Method>
            <Method visited="true" cyclomaticComplexity="1" nPathComplexity="0" sequenceCoverage="100" branchCoverage="100" isConstructor="false" isStatic="false" isGetter="false" isSetter="true">
              <Summary numSequencePoints="1" visitedSequencePoints="1" numBranchPoints="1" visitedBranchPoints="1" sequenceCoverage="100" branchCoverage="100" maxCyclomaticComplexity="1" minCyclomaticComplexity="1" visitedClasses="0" numClasses="0" visitedMethods="1" numMethods="1" />
              <MetadataToken>100667095</MetadataToken>
              <Name>System.Void IBM.Watson.DeveloperCloud.Services.AlchemyAPI.v1.AlchemyAPI/GetAuthorsRequest::set_Data(System.String)</Name>
              <FileRef uid="294" />
              <SequencePoints>
                <SequencePoint vc="2" uspid="9593" ordinal="0" offset="0" sl="139" sc="33" el="139" ec="37" bec="0" bev="0" fileid="294" />
              </SequencePoints>
              <BranchPoints />
              <MethodPoint xsi:type="SequencePoint" vc="2" uspid="9593" ordinal="0" offset="0" sl="139" sc="33" el="139" ec="37" bec="0" bev="0" fileid="294" />
            </Method>
            <Method visited="true" cyclomaticComplexity="1" nPathComplexity="0" sequenceCoverage="100" branchCoverage="100" isConstructor="false" isStatic="false" isGetter="true" isSetter="false">
              <Summary numSequencePoints="1" visitedSequencePoints="1" numBranchPoints="1" visitedBranchPoints="1" sequenceCoverage="100" branchCoverage="100" maxCyclomaticComplexity="1" minCyclomaticComplexity="1" visitedClasses="0" numClasses="0" visitedMethods="1" numMethods="1" />
              <MetadataToken>100667096</MetadataToken>
              <Name>IBM.Watson.DeveloperCloud.Services.AlchemyAPI.v1.AlchemyAPI/OnGetAuthors IBM.Watson.DeveloperCloud.Services.AlchemyAPI.v1.AlchemyAPI/GetAuthorsRequest::get_Callback()</Name>
              <FileRef uid="294" />
              <SequencePoints>
                <SequencePoint vc="4" uspid="9594" ordinal="0" offset="0" sl="143" sc="38" el="143" ec="42" bec="0" bev="0" fileid="294" />
              </SequencePoints>
              <BranchPoints />
              <MethodPoint xsi:type="SequencePoint" vc="4" uspid="9594" ordinal="0" offset="0" sl="143" sc="38" el="143" ec="42" bec="0" bev="0" fileid="294" />
            </Method>
            <Method visited="true" cyclomaticComplexity="1" nPathComplexity="0" sequenceCoverage="100" branchCoverage="100" isConstructor="false" isStatic="false" isGetter="false" isSetter="true">
              <Summary numSequencePoints="1" visitedSequencePoints="1" numBranchPoints="1" visitedBranchPoints="1" sequenceCoverage="100" branchCoverage="100" maxCyclomaticComplexity="1" minCyclomaticComplexity="1" visitedClasses="0" numClasses="0" visitedMethods="1" numMethods="1" />
              <MetadataToken>100667097</MetadataToken>
              <Name>System.Void IBM.Watson.DeveloperCloud.Services.AlchemyAPI.v1.AlchemyAPI/GetAuthorsRequest::set_Callback(IBM.Watson.DeveloperCloud.Services.AlchemyAPI.v1.AlchemyAPI/OnGetAuthors)</Name>
              <FileRef uid="294" />
              <SequencePoints>
                <SequencePoint vc="2" uspid="9595" ordinal="0" offset="0" sl="143" sc="43" el="143" ec="47" bec="0" bev="0" fileid="294" />
              </SequencePoints>
              <BranchPoints />
              <MethodPoint xsi:type="SequencePoint" vc="2" uspid="9595" ordinal="0" offset="0" sl="143" sc="43" el="143" ec="47" bec="0" bev="0" fileid="294" />
            </Method>
            <Method visited="true" cyclomaticComplexity="1" nPathComplexity="0" sequenceCoverage="0" branchCoverage="0" isConstructor="true" isStatic="false" isGetter="false" isSetter="false">
              <Summary numSequencePoints="0" visitedSequencePoints="0" numBranchPoints="0" visitedBranchPoints="0" sequenceCoverage="0" branchCoverage="0" maxCyclomaticComplexity="1" minCyclomaticComplexity="1" visitedClasses="0" numClasses="0" visitedMethods="0" numMethods="0" />
              <MetadataToken>100667098</MetadataToken>
              <Name>System.Void IBM.Watson.DeveloperCloud.Services.AlchemyAPI.v1.AlchemyAPI/GetAuthorsRequest::.ctor()</Name>
              <SequencePoints />
              <BranchPoints />
              <MethodPoint vc="2" uspid="9596" ordinal="0" offset="0" />
            </Method>
          </Methods>
        </Class>
        <Class>
          <Summary numSequencePoints="0" visitedSequencePoints="0" numBranchPoints="0" visitedBranchPoints="0" sequenceCoverage="0" branchCoverage="0" maxCyclomaticComplexity="0" minCyclomaticComplexity="0" visitedClasses="0" numClasses="0" visitedMethods="0" numMethods="0" />
          <FullName>IBM.Watson.DeveloperCloud.Services.AlchemyAPI.v1.AlchemyAPI/OnGetRankedConcepts</FullName>
          <Methods>
            <Method skippedDueTo="Unknown" visited="false" cyclomaticComplexity="0" nPathComplexity="0" sequenceCoverage="0" branchCoverage="0" isConstructor="true" isStatic="false" isGetter="false" isSetter="false">
              <MetadataToken>100667099</MetadataToken>
              <Name>System.Void IBM.Watson.DeveloperCloud.Services.AlchemyAPI.v1.AlchemyAPI/OnGetRankedConcepts::.ctor(System.Object,System.IntPtr)</Name>
              <SequencePoints />
              <BranchPoints />
            </Method>
            <Method skippedDueTo="Unknown" visited="false" cyclomaticComplexity="0" nPathComplexity="0" sequenceCoverage="0" branchCoverage="0" isConstructor="false" isStatic="false" isGetter="false" isSetter="false">
              <MetadataToken>100667100</MetadataToken>
              <Name>System.Void IBM.Watson.DeveloperCloud.Services.AlchemyAPI.v1.AlchemyAPI/OnGetRankedConcepts::Invoke(IBM.Watson.DeveloperCloud.Services.AlchemyAPI.v1.ConceptsData,System.String)</Name>
              <SequencePoints />
              <BranchPoints />
            </Method>
            <Method skippedDueTo="Unknown" visited="false" cyclomaticComplexity="0" nPathComplexity="0" sequenceCoverage="0" branchCoverage="0" isConstructor="false" isStatic="false" isGetter="false" isSetter="false">
              <MetadataToken>100667101</MetadataToken>
              <Name>System.IAsyncResult IBM.Watson.DeveloperCloud.Services.AlchemyAPI.v1.AlchemyAPI/OnGetRankedConcepts::BeginInvoke(IBM.Watson.DeveloperCloud.Services.AlchemyAPI.v1.ConceptsData,System.String,System.AsyncCallback,System.Object)</Name>
              <SequencePoints />
              <BranchPoints />
            </Method>
            <Method skippedDueTo="Unknown" visited="false" cyclomaticComplexity="0" nPathComplexity="0" sequenceCoverage="0" branchCoverage="0" isConstructor="false" isStatic="false" isGetter="false" isSetter="false">
              <MetadataToken>100667102</MetadataToken>
              <Name>System.Void IBM.Watson.DeveloperCloud.Services.AlchemyAPI.v1.AlchemyAPI/OnGetRankedConcepts::EndInvoke(System.IAsyncResult)</Name>
              <SequencePoints />
              <BranchPoints />
            </Method>
          </Methods>
        </Class>
        <Class>
          <Summary numSequencePoints="4" visitedSequencePoints="4" numBranchPoints="4" visitedBranchPoints="4" sequenceCoverage="100" branchCoverage="100" maxCyclomaticComplexity="1" minCyclomaticComplexity="1" visitedClasses="1" numClasses="1" visitedMethods="4" numMethods="4" />
          <FullName>IBM.Watson.DeveloperCloud.Services.AlchemyAPI.v1.AlchemyAPI/GetRankedConceptsRequest</FullName>
          <Methods>
            <Method visited="true" cyclomaticComplexity="1" nPathComplexity="0" sequenceCoverage="100" branchCoverage="100" isConstructor="false" isStatic="false" isGetter="true" isSetter="false">
              <Summary numSequencePoints="1" visitedSequencePoints="1" numBranchPoints="1" visitedBranchPoints="1" sequenceCoverage="100" branchCoverage="100" maxCyclomaticComplexity="1" minCyclomaticComplexity="1" visitedClasses="0" numClasses="0" visitedMethods="1" numMethods="1" />
              <MetadataToken>100667103</MetadataToken>
              <Name>System.String IBM.Watson.DeveloperCloud.Services.AlchemyAPI.v1.AlchemyAPI/GetRankedConceptsRequest::get_Data()</Name>
              <FileRef uid="294" />
              <SequencePoints>
                <SequencePoint vc="3" uspid="9597" ordinal="0" offset="0" sl="276" sc="28" el="276" ec="32" bec="0" bev="0" fileid="294" />
              </SequencePoints>
              <BranchPoints />
              <MethodPoint xsi:type="SequencePoint" vc="3" uspid="9597" ordinal="0" offset="0" sl="276" sc="28" el="276" ec="32" bec="0" bev="0" fileid="294" />
            </Method>
            <Method visited="true" cyclomaticComplexity="1" nPathComplexity="0" sequenceCoverage="100" branchCoverage="100" isConstructor="false" isStatic="false" isGetter="false" isSetter="true">
              <Summary numSequencePoints="1" visitedSequencePoints="1" numBranchPoints="1" visitedBranchPoints="1" sequenceCoverage="100" branchCoverage="100" maxCyclomaticComplexity="1" minCyclomaticComplexity="1" visitedClasses="0" numClasses="0" visitedMethods="1" numMethods="1" />
              <MetadataToken>100667104</MetadataToken>
              <Name>System.Void IBM.Watson.DeveloperCloud.Services.AlchemyAPI.v1.AlchemyAPI/GetRankedConceptsRequest::set_Data(System.String)</Name>
              <FileRef uid="294" />
              <SequencePoints>
                <SequencePoint vc="3" uspid="9598" ordinal="0" offset="0" sl="276" sc="33" el="276" ec="37" bec="0" bev="0" fileid="294" />
              </SequencePoints>
              <BranchPoints />
              <MethodPoint xsi:type="SequencePoint" vc="3" uspid="9598" ordinal="0" offset="0" sl="276" sc="33" el="276" ec="37" bec="0" bev="0" fileid="294" />
            </Method>
            <Method visited="true" cyclomaticComplexity="1" nPathComplexity="0" sequenceCoverage="100" branchCoverage="100" isConstructor="false" isStatic="false" isGetter="true" isSetter="false">
              <Summary numSequencePoints="1" visitedSequencePoints="1" numBranchPoints="1" visitedBranchPoints="1" sequenceCoverage="100" branchCoverage="100" maxCyclomaticComplexity="1" minCyclomaticComplexity="1" visitedClasses="0" numClasses="0" visitedMethods="1" numMethods="1" />
              <MetadataToken>100667105</MetadataToken>
              <Name>IBM.Watson.DeveloperCloud.Services.AlchemyAPI.v1.AlchemyAPI/OnGetRankedConcepts IBM.Watson.DeveloperCloud.Services.AlchemyAPI.v1.AlchemyAPI/GetRankedConceptsRequest::get_Callback()</Name>
              <FileRef uid="294" />
              <SequencePoints>
                <SequencePoint vc="6" uspid="9599" ordinal="0" offset="0" sl="280" sc="45" el="280" ec="49" bec="0" bev="0" fileid="294" />
              </SequencePoints>
              <BranchPoints />
              <MethodPoint xsi:type="SequencePoint" vc="6" uspid="9599" ordinal="0" offset="0" sl="280" sc="45" el="280" ec="49" bec="0" bev="0" fileid="294" />
            </Method>
            <Method visited="true" cyclomaticComplexity="1" nPathComplexity="0" sequenceCoverage="100" branchCoverage="100" isConstructor="false" isStatic="false" isGetter="false" isSetter="true">
              <Summary numSequencePoints="1" visitedSequencePoints="1" numBranchPoints="1" visitedBranchPoints="1" sequenceCoverage="100" branchCoverage="100" maxCyclomaticComplexity="1" minCyclomaticComplexity="1" visitedClasses="0" numClasses="0" visitedMethods="1" numMethods="1" />
              <MetadataToken>100667106</MetadataToken>
              <Name>System.Void IBM.Watson.DeveloperCloud.Services.AlchemyAPI.v1.AlchemyAPI/GetRankedConceptsRequest::set_Callback(IBM.Watson.DeveloperCloud.Services.AlchemyAPI.v1.AlchemyAPI/OnGetRankedConcepts)</Name>
              <FileRef uid="294" />
              <SequencePoints>
                <SequencePoint vc="3" uspid="9600" ordinal="0" offset="0" sl="280" sc="50" el="280" ec="54" bec="0" bev="0" fileid="294" />
              </SequencePoints>
              <BranchPoints />
              <MethodPoint xsi:type="SequencePoint" vc="3" uspid="9600" ordinal="0" offset="0" sl="280" sc="50" el="280" ec="54" bec="0" bev="0" fileid="294" />
            </Method>
            <Method visited="true" cyclomaticComplexity="1" nPathComplexity="0" sequenceCoverage="0" branchCoverage="0" isConstructor="true" isStatic="false" isGetter="false" isSetter="false">
              <Summary numSequencePoints="0" visitedSequencePoints="0" numBranchPoints="0" visitedBranchPoints="0" sequenceCoverage="0" branchCoverage="0" maxCyclomaticComplexity="1" minCyclomaticComplexity="1" visitedClasses="0" numClasses="0" visitedMethods="0" numMethods="0" />
              <MetadataToken>100667107</MetadataToken>
              <Name>System.Void IBM.Watson.DeveloperCloud.Services.AlchemyAPI.v1.AlchemyAPI/GetRankedConceptsRequest::.ctor()</Name>
              <SequencePoints />
              <BranchPoints />
              <MethodPoint vc="3" uspid="9601" ordinal="0" offset="0" />
            </Method>
          </Methods>
        </Class>
        <Class>
          <Summary numSequencePoints="0" visitedSequencePoints="0" numBranchPoints="0" visitedBranchPoints="0" sequenceCoverage="0" branchCoverage="0" maxCyclomaticComplexity="0" minCyclomaticComplexity="0" visitedClasses="0" numClasses="0" visitedMethods="0" numMethods="0" />
          <FullName>IBM.Watson.DeveloperCloud.Services.AlchemyAPI.v1.AlchemyAPI/OnGetDates</FullName>
          <Methods>
            <Method skippedDueTo="Unknown" visited="false" cyclomaticComplexity="0" nPathComplexity="0" sequenceCoverage="0" branchCoverage="0" isConstructor="true" isStatic="false" isGetter="false" isSetter="false">
              <MetadataToken>100667108</MetadataToken>
              <Name>System.Void IBM.Watson.DeveloperCloud.Services.AlchemyAPI.v1.AlchemyAPI/OnGetDates::.ctor(System.Object,System.IntPtr)</Name>
              <SequencePoints />
              <BranchPoints />
            </Method>
            <Method skippedDueTo="Unknown" visited="false" cyclomaticComplexity="0" nPathComplexity="0" sequenceCoverage="0" branchCoverage="0" isConstructor="false" isStatic="false" isGetter="false" isSetter="false">
              <MetadataToken>100667109</MetadataToken>
              <Name>System.Void IBM.Watson.DeveloperCloud.Services.AlchemyAPI.v1.AlchemyAPI/OnGetDates::Invoke(IBM.Watson.DeveloperCloud.Services.AlchemyAPI.v1.DateData,System.String)</Name>
              <SequencePoints />
              <BranchPoints />
            </Method>
            <Method skippedDueTo="Unknown" visited="false" cyclomaticComplexity="0" nPathComplexity="0" sequenceCoverage="0" branchCoverage="0" isConstructor="false" isStatic="false" isGetter="false" isSetter="false">
              <MetadataToken>100667110</MetadataToken>
              <Name>System.IAsyncResult IBM.Watson.DeveloperCloud.Services.AlchemyAPI.v1.AlchemyAPI/OnGetDates::BeginInvoke(IBM.Watson.DeveloperCloud.Services.AlchemyAPI.v1.DateData,System.String,System.AsyncCallback,System.Object)</Name>
              <SequencePoints />
              <BranchPoints />
            </Method>
            <Method skippedDueTo="Unknown" visited="false" cyclomaticComplexity="0" nPathComplexity="0" sequenceCoverage="0" branchCoverage="0" isConstructor="false" isStatic="false" isGetter="false" isSetter="false">
              <MetadataToken>100667111</MetadataToken>
              <Name>System.Void IBM.Watson.DeveloperCloud.Services.AlchemyAPI.v1.AlchemyAPI/OnGetDates::EndInvoke(System.IAsyncResult)</Name>
              <SequencePoints />
              <BranchPoints />
            </Method>
          </Methods>
        </Class>
        <Class>
          <Summary numSequencePoints="4" visitedSequencePoints="4" numBranchPoints="4" visitedBranchPoints="4" sequenceCoverage="100" branchCoverage="100" maxCyclomaticComplexity="1" minCyclomaticComplexity="1" visitedClasses="1" numClasses="1" visitedMethods="4" numMethods="4" />
          <FullName>IBM.Watson.DeveloperCloud.Services.AlchemyAPI.v1.AlchemyAPI/GetDatesRequest</FullName>
          <Methods>
            <Method visited="true" cyclomaticComplexity="1" nPathComplexity="0" sequenceCoverage="100" branchCoverage="100" isConstructor="false" isStatic="false" isGetter="true" isSetter="false">
              <Summary numSequencePoints="1" visitedSequencePoints="1" numBranchPoints="1" visitedBranchPoints="1" sequenceCoverage="100" branchCoverage="100" maxCyclomaticComplexity="1" minCyclomaticComplexity="1" visitedClasses="0" numClasses="0" visitedMethods="1" numMethods="1" />
              <MetadataToken>100667112</MetadataToken>
              <Name>System.String IBM.Watson.DeveloperCloud.Services.AlchemyAPI.v1.AlchemyAPI/GetDatesRequest::get_Data()</Name>
              <FileRef uid="294" />
              <SequencePoints>
                <SequencePoint vc="3" uspid="9602" ordinal="0" offset="0" sl="406" sc="28" el="406" ec="32" bec="0" bev="0" fileid="294" />
              </SequencePoints>
              <BranchPoints />
              <MethodPoint xsi:type="SequencePoint" vc="3" uspid="9602" ordinal="0" offset="0" sl="406" sc="28" el="406" ec="32" bec="0" bev="0" fileid="294" />
            </Method>
            <Method visited="true" cyclomaticComplexity="1" nPathComplexity="0" sequenceCoverage="100" branchCoverage="100" isConstructor="false" isStatic="false" isGetter="false" isSetter="true">
              <Summary numSequencePoints="1" visitedSequencePoints="1" numBranchPoints="1" visitedBranchPoints="1" sequenceCoverage="100" branchCoverage="100" maxCyclomaticComplexity="1" minCyclomaticComplexity="1" visitedClasses="0" numClasses="0" visitedMethods="1" numMethods="1" />
              <MetadataToken>100667113</MetadataToken>
              <Name>System.Void IBM.Watson.DeveloperCloud.Services.AlchemyAPI.v1.AlchemyAPI/GetDatesRequest::set_Data(System.String)</Name>
              <FileRef uid="294" />
              <SequencePoints>
                <SequencePoint vc="3" uspid="9603" ordinal="0" offset="0" sl="406" sc="33" el="406" ec="37" bec="0" bev="0" fileid="294" />
              </SequencePoints>
              <BranchPoints />
              <MethodPoint xsi:type="SequencePoint" vc="3" uspid="9603" ordinal="0" offset="0" sl="406" sc="33" el="406" ec="37" bec="0" bev="0" fileid="294" />
            </Method>
            <Method visited="true" cyclomaticComplexity="1" nPathComplexity="0" sequenceCoverage="100" branchCoverage="100" isConstructor="false" isStatic="false" isGetter="true" isSetter="false">
              <Summary numSequencePoints="1" visitedSequencePoints="1" numBranchPoints="1" visitedBranchPoints="1" sequenceCoverage="100" branchCoverage="100" maxCyclomaticComplexity="1" minCyclomaticComplexity="1" visitedClasses="0" numClasses="0" visitedMethods="1" numMethods="1" />
              <MetadataToken>100667114</MetadataToken>
              <Name>IBM.Watson.DeveloperCloud.Services.AlchemyAPI.v1.AlchemyAPI/OnGetDates IBM.Watson.DeveloperCloud.Services.AlchemyAPI.v1.AlchemyAPI/GetDatesRequest::get_Callback()</Name>
              <FileRef uid="294" />
              <SequencePoints>
                <SequencePoint vc="6" uspid="9604" ordinal="0" offset="0" sl="410" sc="36" el="410" ec="40" bec="0" bev="0" fileid="294" />
              </SequencePoints>
              <BranchPoints />
              <MethodPoint xsi:type="SequencePoint" vc="6" uspid="9604" ordinal="0" offset="0" sl="410" sc="36" el="410" ec="40" bec="0" bev="0" fileid="294" />
            </Method>
            <Method visited="true" cyclomaticComplexity="1" nPathComplexity="0" sequenceCoverage="100" branchCoverage="100" isConstructor="false" isStatic="false" isGetter="false" isSetter="true">
              <Summary numSequencePoints="1" visitedSequencePoints="1" numBranchPoints="1" visitedBranchPoints="1" sequenceCoverage="100" branchCoverage="100" maxCyclomaticComplexity="1" minCyclomaticComplexity="1" visitedClasses="0" numClasses="0" visitedMethods="1" numMethods="1" />
              <MetadataToken>100667115</MetadataToken>
              <Name>System.Void IBM.Watson.DeveloperCloud.Services.AlchemyAPI.v1.AlchemyAPI/GetDatesRequest::set_Callback(IBM.Watson.DeveloperCloud.Services.AlchemyAPI.v1.AlchemyAPI/OnGetDates)</Name>
              <FileRef uid="294" />
              <SequencePoints>
                <SequencePoint vc="3" uspid="9605" ordinal="0" offset="0" sl="410" sc="41" el="410" ec="45" bec="0" bev="0" fileid="294" />
              </SequencePoints>
              <BranchPoints />
              <MethodPoint xsi:type="SequencePoint" vc="3" uspid="9605" ordinal="0" offset="0" sl="410" sc="41" el="410" ec="45" bec="0" bev="0" fileid="294" />
            </Method>
            <Method visited="true" cyclomaticComplexity="1" nPathComplexity="0" sequenceCoverage="0" branchCoverage="0" isConstructor="true" isStatic="false" isGetter="false" isSetter="false">
              <Summary numSequencePoints="0" visitedSequencePoints="0" numBranchPoints="0" visitedBranchPoints="0" sequenceCoverage="0" branchCoverage="0" maxCyclomaticComplexity="1" minCyclomaticComplexity="1" visitedClasses="0" numClasses="0" visitedMethods="0" numMethods="0" />
              <MetadataToken>100667116</MetadataToken>
              <Name>System.Void IBM.Watson.DeveloperCloud.Services.AlchemyAPI.v1.AlchemyAPI/GetDatesRequest::.ctor()</Name>
              <SequencePoints />
              <BranchPoints />
              <MethodPoint vc="3" uspid="9606" ordinal="0" offset="0" />
            </Method>
          </Methods>
        </Class>
        <Class>
          <Summary numSequencePoints="0" visitedSequencePoints="0" numBranchPoints="0" visitedBranchPoints="0" sequenceCoverage="0" branchCoverage="0" maxCyclomaticComplexity="0" minCyclomaticComplexity="0" visitedClasses="0" numClasses="0" visitedMethods="0" numMethods="0" />
          <FullName>IBM.Watson.DeveloperCloud.Services.AlchemyAPI.v1.AlchemyAPI/OnGetEmotions</FullName>
          <Methods>
            <Method skippedDueTo="Unknown" visited="false" cyclomaticComplexity="0" nPathComplexity="0" sequenceCoverage="0" branchCoverage="0" isConstructor="true" isStatic="false" isGetter="false" isSetter="false">
              <MetadataToken>100667117</MetadataToken>
              <Name>System.Void IBM.Watson.DeveloperCloud.Services.AlchemyAPI.v1.AlchemyAPI/OnGetEmotions::.ctor(System.Object,System.IntPtr)</Name>
              <SequencePoints />
              <BranchPoints />
            </Method>
            <Method skippedDueTo="Unknown" visited="false" cyclomaticComplexity="0" nPathComplexity="0" sequenceCoverage="0" branchCoverage="0" isConstructor="false" isStatic="false" isGetter="false" isSetter="false">
              <MetadataToken>100667118</MetadataToken>
              <Name>System.Void IBM.Watson.DeveloperCloud.Services.AlchemyAPI.v1.AlchemyAPI/OnGetEmotions::Invoke(IBM.Watson.DeveloperCloud.Services.AlchemyAPI.v1.EmotionData,System.String)</Name>
              <SequencePoints />
              <BranchPoints />
            </Method>
            <Method skippedDueTo="Unknown" visited="false" cyclomaticComplexity="0" nPathComplexity="0" sequenceCoverage="0" branchCoverage="0" isConstructor="false" isStatic="false" isGetter="false" isSetter="false">
              <MetadataToken>100667119</MetadataToken>
              <Name>System.IAsyncResult IBM.Watson.DeveloperCloud.Services.AlchemyAPI.v1.AlchemyAPI/OnGetEmotions::BeginInvoke(IBM.Watson.DeveloperCloud.Services.AlchemyAPI.v1.EmotionData,System.String,System.AsyncCallback,System.Object)</Name>
              <SequencePoints />
              <BranchPoints />
            </Method>
            <Method skippedDueTo="Unknown" visited="false" cyclomaticComplexity="0" nPathComplexity="0" sequenceCoverage="0" branchCoverage="0" isConstructor="false" isStatic="false" isGetter="false" isSetter="false">
              <MetadataToken>100667120</MetadataToken>
              <Name>System.Void IBM.Watson.DeveloperCloud.Services.AlchemyAPI.v1.AlchemyAPI/OnGetEmotions::EndInvoke(System.IAsyncResult)</Name>
              <SequencePoints />
              <BranchPoints />
            </Method>
          </Methods>
        </Class>
        <Class>
          <Summary numSequencePoints="4" visitedSequencePoints="4" numBranchPoints="4" visitedBranchPoints="4" sequenceCoverage="100" branchCoverage="100" maxCyclomaticComplexity="1" minCyclomaticComplexity="1" visitedClasses="1" numClasses="1" visitedMethods="4" numMethods="4" />
          <FullName>IBM.Watson.DeveloperCloud.Services.AlchemyAPI.v1.AlchemyAPI/GetEmotionsRequest</FullName>
          <Methods>
            <Method visited="true" cyclomaticComplexity="1" nPathComplexity="0" sequenceCoverage="100" branchCoverage="100" isConstructor="false" isStatic="false" isGetter="true" isSetter="false">
              <Summary numSequencePoints="1" visitedSequencePoints="1" numBranchPoints="1" visitedBranchPoints="1" sequenceCoverage="100" branchCoverage="100" maxCyclomaticComplexity="1" minCyclomaticComplexity="1" visitedClasses="0" numClasses="0" visitedMethods="1" numMethods="1" />
              <MetadataToken>100667121</MetadataToken>
              <Name>System.String IBM.Watson.DeveloperCloud.Services.AlchemyAPI.v1.AlchemyAPI/GetEmotionsRequest::get_Data()</Name>
              <FileRef uid="294" />
              <SequencePoints>
                <SequencePoint vc="3" uspid="9607" ordinal="0" offset="0" sl="539" sc="28" el="539" ec="32" bec="0" bev="0" fileid="294" />
              </SequencePoints>
              <BranchPoints />
              <MethodPoint xsi:type="SequencePoint" vc="3" uspid="9607" ordinal="0" offset="0" sl="539" sc="28" el="539" ec="32" bec="0" bev="0" fileid="294" />
            </Method>
            <Method visited="true" cyclomaticComplexity="1" nPathComplexity="0" sequenceCoverage="100" branchCoverage="100" isConstructor="false" isStatic="false" isGetter="false" isSetter="true">
              <Summary numSequencePoints="1" visitedSequencePoints="1" numBranchPoints="1" visitedBranchPoints="1" sequenceCoverage="100" branchCoverage="100" maxCyclomaticComplexity="1" minCyclomaticComplexity="1" visitedClasses="0" numClasses="0" visitedMethods="1" numMethods="1" />
              <MetadataToken>100667122</MetadataToken>
              <Name>System.Void IBM.Watson.DeveloperCloud.Services.AlchemyAPI.v1.AlchemyAPI/GetEmotionsRequest::set_Data(System.String)</Name>
              <FileRef uid="294" />
              <SequencePoints>
                <SequencePoint vc="3" uspid="9608" ordinal="0" offset="0" sl="539" sc="33" el="539" ec="37" bec="0" bev="0" fileid="294" />
              </SequencePoints>
              <BranchPoints />
              <MethodPoint xsi:type="SequencePoint" vc="3" uspid="9608" ordinal="0" offset="0" sl="539" sc="33" el="539" ec="37" bec="0" bev="0" fileid="294" />
            </Method>
            <Method visited="true" cyclomaticComplexity="1" nPathComplexity="0" sequenceCoverage="100" branchCoverage="100" isConstructor="false" isStatic="false" isGetter="true" isSetter="false">
              <Summary numSequencePoints="1" visitedSequencePoints="1" numBranchPoints="1" visitedBranchPoints="1" sequenceCoverage="100" branchCoverage="100" maxCyclomaticComplexity="1" minCyclomaticComplexity="1" visitedClasses="0" numClasses="0" visitedMethods="1" numMethods="1" />
              <MetadataToken>100667123</MetadataToken>
              <Name>IBM.Watson.DeveloperCloud.Services.AlchemyAPI.v1.AlchemyAPI/OnGetEmotions IBM.Watson.DeveloperCloud.Services.AlchemyAPI.v1.AlchemyAPI/GetEmotionsRequest::get_Callback()</Name>
              <FileRef uid="294" />
              <SequencePoints>
                <SequencePoint vc="6" uspid="9609" ordinal="0" offset="0" sl="543" sc="39" el="543" ec="43" bec="0" bev="0" fileid="294" />
              </SequencePoints>
              <BranchPoints />
              <MethodPoint xsi:type="SequencePoint" vc="6" uspid="9609" ordinal="0" offset="0" sl="543" sc="39" el="543" ec="43" bec="0" bev="0" fileid="294" />
            </Method>
            <Method visited="true" cyclomaticComplexity="1" nPathComplexity="0" sequenceCoverage="100" branchCoverage="100" isConstructor="false" isStatic="false" isGetter="false" isSetter="true">
              <Summary numSequencePoints="1" visitedSequencePoints="1" numBranchPoints="1" visitedBranchPoints="1" sequenceCoverage="100" branchCoverage="100" maxCyclomaticComplexity="1" minCyclomaticComplexity="1" visitedClasses="0" numClasses="0" visitedMethods="1" numMethods="1" />
              <MetadataToken>100667124</MetadataToken>
              <Name>System.Void IBM.Watson.DeveloperCloud.Services.AlchemyAPI.v1.AlchemyAPI/GetEmotionsRequest::set_Callback(IBM.Watson.DeveloperCloud.Services.AlchemyAPI.v1.AlchemyAPI/OnGetEmotions)</Name>
              <FileRef uid="294" />
              <SequencePoints>
                <SequencePoint vc="3" uspid="9610" ordinal="0" offset="0" sl="543" sc="44" el="543" ec="48" bec="0" bev="0" fileid="294" />
              </SequencePoints>
              <BranchPoints />
              <MethodPoint xsi:type="SequencePoint" vc="3" uspid="9610" ordinal="0" offset="0" sl="543" sc="44" el="543" ec="48" bec="0" bev="0" fileid="294" />
            </Method>
            <Method visited="true" cyclomaticComplexity="1" nPathComplexity="0" sequenceCoverage="0" branchCoverage="0" isConstructor="true" isStatic="false" isGetter="false" isSetter="false">
              <Summary numSequencePoints="0" visitedSequencePoints="0" numBranchPoints="0" visitedBranchPoints="0" sequenceCoverage="0" branchCoverage="0" maxCyclomaticComplexity="1" minCyclomaticComplexity="1" visitedClasses="0" numClasses="0" visitedMethods="0" numMethods="0" />
              <MetadataToken>100667125</MetadataToken>
              <Name>System.Void IBM.Watson.DeveloperCloud.Services.AlchemyAPI.v1.AlchemyAPI/GetEmotionsRequest::.ctor()</Name>
              <SequencePoints />
              <BranchPoints />
              <MethodPoint vc="3" uspid="9611" ordinal="0" offset="0" />
            </Method>
          </Methods>
        </Class>
        <Class>
          <Summary numSequencePoints="0" visitedSequencePoints="0" numBranchPoints="0" visitedBranchPoints="0" sequenceCoverage="0" branchCoverage="0" maxCyclomaticComplexity="0" minCyclomaticComplexity="0" visitedClasses="0" numClasses="0" visitedMethods="0" numMethods="0" />
          <FullName>IBM.Watson.DeveloperCloud.Services.AlchemyAPI.v1.AlchemyAPI/OnGetEntities</FullName>
          <Methods>
            <Method skippedDueTo="Unknown" visited="false" cyclomaticComplexity="0" nPathComplexity="0" sequenceCoverage="0" branchCoverage="0" isConstructor="true" isStatic="false" isGetter="false" isSetter="false">
              <MetadataToken>100667126</MetadataToken>
              <Name>System.Void IBM.Watson.DeveloperCloud.Services.AlchemyAPI.v1.AlchemyAPI/OnGetEntities::.ctor(System.Object,System.IntPtr)</Name>
              <SequencePoints />
              <BranchPoints />
            </Method>
            <Method skippedDueTo="Unknown" visited="false" cyclomaticComplexity="0" nPathComplexity="0" sequenceCoverage="0" branchCoverage="0" isConstructor="false" isStatic="false" isGetter="false" isSetter="false">
              <MetadataToken>100667127</MetadataToken>
              <Name>System.Void IBM.Watson.DeveloperCloud.Services.AlchemyAPI.v1.AlchemyAPI/OnGetEntities::Invoke(IBM.Watson.DeveloperCloud.Services.AlchemyAPI.v1.EntityData,System.String)</Name>
              <SequencePoints />
              <BranchPoints />
            </Method>
            <Method skippedDueTo="Unknown" visited="false" cyclomaticComplexity="0" nPathComplexity="0" sequenceCoverage="0" branchCoverage="0" isConstructor="false" isStatic="false" isGetter="false" isSetter="false">
              <MetadataToken>100667128</MetadataToken>
              <Name>System.IAsyncResult IBM.Watson.DeveloperCloud.Services.AlchemyAPI.v1.AlchemyAPI/OnGetEntities::BeginInvoke(IBM.Watson.DeveloperCloud.Services.AlchemyAPI.v1.EntityData,System.String,System.AsyncCallback,System.Object)</Name>
              <SequencePoints />
              <BranchPoints />
            </Method>
            <Method skippedDueTo="Unknown" visited="false" cyclomaticComplexity="0" nPathComplexity="0" sequenceCoverage="0" branchCoverage="0" isConstructor="false" isStatic="false" isGetter="false" isSetter="false">
              <MetadataToken>100667129</MetadataToken>
              <Name>System.Void IBM.Watson.DeveloperCloud.Services.AlchemyAPI.v1.AlchemyAPI/OnGetEntities::EndInvoke(System.IAsyncResult)</Name>
              <SequencePoints />
              <BranchPoints />
            </Method>
          </Methods>
        </Class>
        <Class>
          <Summary numSequencePoints="4" visitedSequencePoints="4" numBranchPoints="4" visitedBranchPoints="4" sequenceCoverage="100" branchCoverage="100" maxCyclomaticComplexity="1" minCyclomaticComplexity="1" visitedClasses="1" numClasses="1" visitedMethods="4" numMethods="4" />
          <FullName>IBM.Watson.DeveloperCloud.Services.AlchemyAPI.v1.AlchemyAPI/GetEntitiesRequest</FullName>
          <Methods>
            <Method visited="true" cyclomaticComplexity="1" nPathComplexity="0" sequenceCoverage="100" branchCoverage="100" isConstructor="false" isStatic="false" isGetter="true" isSetter="false">
              <Summary numSequencePoints="1" visitedSequencePoints="1" numBranchPoints="1" visitedBranchPoints="1" sequenceCoverage="100" branchCoverage="100" maxCyclomaticComplexity="1" minCyclomaticComplexity="1" visitedClasses="0" numClasses="0" visitedMethods="1" numMethods="1" />
              <MetadataToken>100667130</MetadataToken>
              <Name>System.String IBM.Watson.DeveloperCloud.Services.AlchemyAPI.v1.AlchemyAPI/GetEntitiesRequest::get_Data()</Name>
              <FileRef uid="294" />
              <SequencePoints>
                <SequencePoint vc="3" uspid="9612" ordinal="0" offset="0" sl="691" sc="28" el="691" ec="32" bec="0" bev="0" fileid="294" />
              </SequencePoints>
              <BranchPoints />
              <MethodPoint xsi:type="SequencePoint" vc="3" uspid="9612" ordinal="0" offset="0" sl="691" sc="28" el="691" ec="32" bec="0" bev="0" fileid="294" />
            </Method>
            <Method visited="true" cyclomaticComplexity="1" nPathComplexity="0" sequenceCoverage="100" branchCoverage="100" isConstructor="false" isStatic="false" isGetter="false" isSetter="true">
              <Summary numSequencePoints="1" visitedSequencePoints="1" numBranchPoints="1" visitedBranchPoints="1" sequenceCoverage="100" branchCoverage="100" maxCyclomaticComplexity="1" minCyclomaticComplexity="1" visitedClasses="0" numClasses="0" visitedMethods="1" numMethods="1" />
              <MetadataToken>100667131</MetadataToken>
              <Name>System.Void IBM.Watson.DeveloperCloud.Services.AlchemyAPI.v1.AlchemyAPI/GetEntitiesRequest::set_Data(System.String)</Name>
              <FileRef uid="294" />
              <SequencePoints>
                <SequencePoint vc="3" uspid="9613" ordinal="0" offset="0" sl="691" sc="33" el="691" ec="37" bec="0" bev="0" fileid="294" />
              </SequencePoints>
              <BranchPoints />
              <MethodPoint xsi:type="SequencePoint" vc="3" uspid="9613" ordinal="0" offset="0" sl="691" sc="33" el="691" ec="37" bec="0" bev="0" fileid="294" />
            </Method>
            <Method visited="true" cyclomaticComplexity="1" nPathComplexity="0" sequenceCoverage="100" branchCoverage="100" isConstructor="false" isStatic="false" isGetter="true" isSetter="false">
              <Summary numSequencePoints="1" visitedSequencePoints="1" numBranchPoints="1" visitedBranchPoints="1" sequenceCoverage="100" branchCoverage="100" maxCyclomaticComplexity="1" minCyclomaticComplexity="1" visitedClasses="0" numClasses="0" visitedMethods="1" numMethods="1" />
              <MetadataToken>100667132</MetadataToken>
              <Name>IBM.Watson.DeveloperCloud.Services.AlchemyAPI.v1.AlchemyAPI/OnGetEntities IBM.Watson.DeveloperCloud.Services.AlchemyAPI.v1.AlchemyAPI/GetEntitiesRequest::get_Callback()</Name>
              <FileRef uid="294" />
              <SequencePoints>
                <SequencePoint vc="6" uspid="9614" ordinal="0" offset="0" sl="695" sc="39" el="695" ec="43" bec="0" bev="0" fileid="294" />
              </SequencePoints>
              <BranchPoints />
              <MethodPoint xsi:type="SequencePoint" vc="6" uspid="9614" ordinal="0" offset="0" sl="695" sc="39" el="695" ec="43" bec="0" bev="0" fileid="294" />
            </Method>
            <Method visited="true" cyclomaticComplexity="1" nPathComplexity="0" sequenceCoverage="100" branchCoverage="100" isConstructor="false" isStatic="false" isGetter="false" isSetter="true">
              <Summary numSequencePoints="1" visitedSequencePoints="1" numBranchPoints="1" visitedBranchPoints="1" sequenceCoverage="100" branchCoverage="100" maxCyclomaticComplexity="1" minCyclomaticComplexity="1" visitedClasses="0" numClasses="0" visitedMethods="1" numMethods="1" />
              <MetadataToken>100667133</MetadataToken>
              <Name>System.Void IBM.Watson.DeveloperCloud.Services.AlchemyAPI.v1.AlchemyAPI/GetEntitiesRequest::set_Callback(IBM.Watson.DeveloperCloud.Services.AlchemyAPI.v1.AlchemyAPI/OnGetEntities)</Name>
              <FileRef uid="294" />
              <SequencePoints>
                <SequencePoint vc="3" uspid="9615" ordinal="0" offset="0" sl="695" sc="44" el="695" ec="48" bec="0" bev="0" fileid="294" />
              </SequencePoints>
              <BranchPoints />
              <MethodPoint xsi:type="SequencePoint" vc="3" uspid="9615" ordinal="0" offset="0" sl="695" sc="44" el="695" ec="48" bec="0" bev="0" fileid="294" />
            </Method>
            <Method visited="true" cyclomaticComplexity="1" nPathComplexity="0" sequenceCoverage="0" branchCoverage="0" isConstructor="true" isStatic="false" isGetter="false" isSetter="false">
              <Summary numSequencePoints="0" visitedSequencePoints="0" numBranchPoints="0" visitedBranchPoints="0" sequenceCoverage="0" branchCoverage="0" maxCyclomaticComplexity="1" minCyclomaticComplexity="1" visitedClasses="0" numClasses="0" visitedMethods="0" numMethods="0" />
              <MetadataToken>100667134</MetadataToken>
              <Name>System.Void IBM.Watson.DeveloperCloud.Services.AlchemyAPI.v1.AlchemyAPI/GetEntitiesRequest::.ctor()</Name>
              <SequencePoints />
              <BranchPoints />
              <MethodPoint vc="3" uspid="9616" ordinal="0" offset="0" />
            </Method>
          </Methods>
        </Class>
        <Class>
          <Summary numSequencePoints="0" visitedSequencePoints="0" numBranchPoints="0" visitedBranchPoints="0" sequenceCoverage="0" branchCoverage="0" maxCyclomaticComplexity="0" minCyclomaticComplexity="0" visitedClasses="0" numClasses="0" visitedMethods="0" numMethods="0" />
          <FullName>IBM.Watson.DeveloperCloud.Services.AlchemyAPI.v1.AlchemyAPI/OnDetectFeeds</FullName>
          <Methods>
            <Method skippedDueTo="Unknown" visited="false" cyclomaticComplexity="0" nPathComplexity="0" sequenceCoverage="0" branchCoverage="0" isConstructor="true" isStatic="false" isGetter="false" isSetter="false">
              <MetadataToken>100667135</MetadataToken>
              <Name>System.Void IBM.Watson.DeveloperCloud.Services.AlchemyAPI.v1.AlchemyAPI/OnDetectFeeds::.ctor(System.Object,System.IntPtr)</Name>
              <SequencePoints />
              <BranchPoints />
            </Method>
            <Method skippedDueTo="Unknown" visited="false" cyclomaticComplexity="0" nPathComplexity="0" sequenceCoverage="0" branchCoverage="0" isConstructor="false" isStatic="false" isGetter="false" isSetter="false">
              <MetadataToken>100667136</MetadataToken>
              <Name>System.Void IBM.Watson.DeveloperCloud.Services.AlchemyAPI.v1.AlchemyAPI/OnDetectFeeds::Invoke(IBM.Watson.DeveloperCloud.Services.AlchemyAPI.v1.FeedData,System.String)</Name>
              <SequencePoints />
              <BranchPoints />
            </Method>
            <Method skippedDueTo="Unknown" visited="false" cyclomaticComplexity="0" nPathComplexity="0" sequenceCoverage="0" branchCoverage="0" isConstructor="false" isStatic="false" isGetter="false" isSetter="false">
              <MetadataToken>100667137</MetadataToken>
              <Name>System.IAsyncResult IBM.Watson.DeveloperCloud.Services.AlchemyAPI.v1.AlchemyAPI/OnDetectFeeds::BeginInvoke(IBM.Watson.DeveloperCloud.Services.AlchemyAPI.v1.FeedData,System.String,System.AsyncCallback,System.Object)</Name>
              <SequencePoints />
              <BranchPoints />
            </Method>
            <Method skippedDueTo="Unknown" visited="false" cyclomaticComplexity="0" nPathComplexity="0" sequenceCoverage="0" branchCoverage="0" isConstructor="false" isStatic="false" isGetter="false" isSetter="false">
              <MetadataToken>100667138</MetadataToken>
              <Name>System.Void IBM.Watson.DeveloperCloud.Services.AlchemyAPI.v1.AlchemyAPI/OnDetectFeeds::EndInvoke(System.IAsyncResult)</Name>
              <SequencePoints />
              <BranchPoints />
            </Method>
          </Methods>
        </Class>
        <Class>
          <Summary numSequencePoints="4" visitedSequencePoints="4" numBranchPoints="4" visitedBranchPoints="4" sequenceCoverage="100" branchCoverage="100" maxCyclomaticComplexity="1" minCyclomaticComplexity="1" visitedClasses="1" numClasses="1" visitedMethods="4" numMethods="4" />
          <FullName>IBM.Watson.DeveloperCloud.Services.AlchemyAPI.v1.AlchemyAPI/DetectFeedsRequest</FullName>
          <Methods>
            <Method visited="true" cyclomaticComplexity="1" nPathComplexity="0" sequenceCoverage="100" branchCoverage="100" isConstructor="false" isStatic="false" isGetter="true" isSetter="false">
              <Summary numSequencePoints="1" visitedSequencePoints="1" numBranchPoints="1" visitedBranchPoints="1" sequenceCoverage="100" branchCoverage="100" maxCyclomaticComplexity="1" minCyclomaticComplexity="1" visitedClasses="0" numClasses="0" visitedMethods="1" numMethods="1" />
              <MetadataToken>100667139</MetadataToken>
              <Name>System.String IBM.Watson.DeveloperCloud.Services.AlchemyAPI.v1.AlchemyAPI/DetectFeedsRequest::get_Data()</Name>
              <FileRef uid="294" />
              <SequencePoints>
                <SequencePoint vc="1" uspid="9617" ordinal="0" offset="0" sl="800" sc="28" el="800" ec="32" bec="0" bev="0" fileid="294" />
              </SequencePoints>
              <BranchPoints />
              <MethodPoint xsi:type="SequencePoint" vc="1" uspid="9617" ordinal="0" offset="0" sl="800" sc="28" el="800" ec="32" bec="0" bev="0" fileid="294" />
            </Method>
            <Method visited="true" cyclomaticComplexity="1" nPathComplexity="0" sequenceCoverage="100" branchCoverage="100" isConstructor="false" isStatic="false" isGetter="false" isSetter="true">
              <Summary numSequencePoints="1" visitedSequencePoints="1" numBranchPoints="1" visitedBranchPoints="1" sequenceCoverage="100" branchCoverage="100" maxCyclomaticComplexity="1" minCyclomaticComplexity="1" visitedClasses="0" numClasses="0" visitedMethods="1" numMethods="1" />
              <MetadataToken>100667140</MetadataToken>
              <Name>System.Void IBM.Watson.DeveloperCloud.Services.AlchemyAPI.v1.AlchemyAPI/DetectFeedsRequest::set_Data(System.String)</Name>
              <FileRef uid="294" />
              <SequencePoints>
                <SequencePoint vc="1" uspid="9618" ordinal="0" offset="0" sl="800" sc="33" el="800" ec="37" bec="0" bev="0" fileid="294" />
              </SequencePoints>
              <BranchPoints />
              <MethodPoint xsi:type="SequencePoint" vc="1" uspid="9618" ordinal="0" offset="0" sl="800" sc="33" el="800" ec="37" bec="0" bev="0" fileid="294" />
            </Method>
            <Method visited="true" cyclomaticComplexity="1" nPathComplexity="0" sequenceCoverage="100" branchCoverage="100" isConstructor="false" isStatic="false" isGetter="true" isSetter="false">
              <Summary numSequencePoints="1" visitedSequencePoints="1" numBranchPoints="1" visitedBranchPoints="1" sequenceCoverage="100" branchCoverage="100" maxCyclomaticComplexity="1" minCyclomaticComplexity="1" visitedClasses="0" numClasses="0" visitedMethods="1" numMethods="1" />
              <MetadataToken>100667141</MetadataToken>
              <Name>IBM.Watson.DeveloperCloud.Services.AlchemyAPI.v1.AlchemyAPI/OnDetectFeeds IBM.Watson.DeveloperCloud.Services.AlchemyAPI.v1.AlchemyAPI/DetectFeedsRequest::get_Callback()</Name>
              <FileRef uid="294" />
              <SequencePoints>
                <SequencePoint vc="2" uspid="9619" ordinal="0" offset="0" sl="804" sc="39" el="804" ec="43" bec="0" bev="0" fileid="294" />
              </SequencePoints>
              <BranchPoints />
              <MethodPoint xsi:type="SequencePoint" vc="2" uspid="9619" ordinal="0" offset="0" sl="804" sc="39" el="804" ec="43" bec="0" bev="0" fileid="294" />
            </Method>
            <Method visited="true" cyclomaticComplexity="1" nPathComplexity="0" sequenceCoverage="100" branchCoverage="100" isConstructor="false" isStatic="false" isGetter="false" isSetter="true">
              <Summary numSequencePoints="1" visitedSequencePoints="1" numBranchPoints="1" visitedBranchPoints="1" sequenceCoverage="100" branchCoverage="100" maxCyclomaticComplexity="1" minCyclomaticComplexity="1" visitedClasses="0" numClasses="0" visitedMethods="1" numMethods="1" />
              <MetadataToken>100667142</MetadataToken>
              <Name>System.Void IBM.Watson.DeveloperCloud.Services.AlchemyAPI.v1.AlchemyAPI/DetectFeedsRequest::set_Callback(IBM.Watson.DeveloperCloud.Services.AlchemyAPI.v1.AlchemyAPI/OnDetectFeeds)</Name>
              <FileRef uid="294" />
              <SequencePoints>
                <SequencePoint vc="1" uspid="9620" ordinal="0" offset="0" sl="804" sc="44" el="804" ec="48" bec="0" bev="0" fileid="294" />
              </SequencePoints>
              <BranchPoints />
              <MethodPoint xsi:type="SequencePoint" vc="1" uspid="9620" ordinal="0" offset="0" sl="804" sc="44" el="804" ec="48" bec="0" bev="0" fileid="294" />
            </Method>
            <Method visited="true" cyclomaticComplexity="1" nPathComplexity="0" sequenceCoverage="0" branchCoverage="0" isConstructor="true" isStatic="false" isGetter="false" isSetter="false">
              <Summary numSequencePoints="0" visitedSequencePoints="0" numBranchPoints="0" visitedBranchPoints="0" sequenceCoverage="0" branchCoverage="0" maxCyclomaticComplexity="1" minCyclomaticComplexity="1" visitedClasses="0" numClasses="0" visitedMethods="0" numMethods="0" />
              <MetadataToken>100667143</MetadataToken>
              <Name>System.Void IBM.Watson.DeveloperCloud.Services.AlchemyAPI.v1.AlchemyAPI/DetectFeedsRequest::.ctor()</Name>
              <SequencePoints />
              <BranchPoints />
              <MethodPoint vc="1" uspid="9621" ordinal="0" offset="0" />
            </Method>
          </Methods>
        </Class>
        <Class>
          <Summary numSequencePoints="0" visitedSequencePoints="0" numBranchPoints="0" visitedBranchPoints="0" sequenceCoverage="0" branchCoverage="0" maxCyclomaticComplexity="0" minCyclomaticComplexity="0" visitedClasses="0" numClasses="0" visitedMethods="0" numMethods="0" />
          <FullName>IBM.Watson.DeveloperCloud.Services.AlchemyAPI.v1.AlchemyAPI/OnGetKeywords</FullName>
          <Methods>
            <Method skippedDueTo="Unknown" visited="false" cyclomaticComplexity="0" nPathComplexity="0" sequenceCoverage="0" branchCoverage="0" isConstructor="true" isStatic="false" isGetter="false" isSetter="false">
              <MetadataToken>100667144</MetadataToken>
              <Name>System.Void IBM.Watson.DeveloperCloud.Services.AlchemyAPI.v1.AlchemyAPI/OnGetKeywords::.ctor(System.Object,System.IntPtr)</Name>
              <SequencePoints />
              <BranchPoints />
            </Method>
            <Method skippedDueTo="Unknown" visited="false" cyclomaticComplexity="0" nPathComplexity="0" sequenceCoverage="0" branchCoverage="0" isConstructor="false" isStatic="false" isGetter="false" isSetter="false">
              <MetadataToken>100667145</MetadataToken>
              <Name>System.Void IBM.Watson.DeveloperCloud.Services.AlchemyAPI.v1.AlchemyAPI/OnGetKeywords::Invoke(IBM.Watson.DeveloperCloud.Services.AlchemyAPI.v1.KeywordData,System.String)</Name>
              <SequencePoints />
              <BranchPoints />
            </Method>
            <Method skippedDueTo="Unknown" visited="false" cyclomaticComplexity="0" nPathComplexity="0" sequenceCoverage="0" branchCoverage="0" isConstructor="false" isStatic="false" isGetter="false" isSetter="false">
              <MetadataToken>100667146</MetadataToken>
              <Name>System.IAsyncResult IBM.Watson.DeveloperCloud.Services.AlchemyAPI.v1.AlchemyAPI/OnGetKeywords::BeginInvoke(IBM.Watson.DeveloperCloud.Services.AlchemyAPI.v1.KeywordData,System.String,System.AsyncCallback,System.Object)</Name>
              <SequencePoints />
              <BranchPoints />
            </Method>
            <Method skippedDueTo="Unknown" visited="false" cyclomaticComplexity="0" nPathComplexity="0" sequenceCoverage="0" branchCoverage="0" isConstructor="false" isStatic="false" isGetter="false" isSetter="false">
              <MetadataToken>100667147</MetadataToken>
              <Name>System.Void IBM.Watson.DeveloperCloud.Services.AlchemyAPI.v1.AlchemyAPI/OnGetKeywords::EndInvoke(System.IAsyncResult)</Name>
              <SequencePoints />
              <BranchPoints />
            </Method>
          </Methods>
        </Class>
        <Class>
          <Summary numSequencePoints="4" visitedSequencePoints="4" numBranchPoints="4" visitedBranchPoints="4" sequenceCoverage="100" branchCoverage="100" maxCyclomaticComplexity="1" minCyclomaticComplexity="1" visitedClasses="1" numClasses="1" visitedMethods="4" numMethods="4" />
          <FullName>IBM.Watson.DeveloperCloud.Services.AlchemyAPI.v1.AlchemyAPI/GetKeywordsRequest</FullName>
          <Methods>
            <Method visited="true" cyclomaticComplexity="1" nPathComplexity="0" sequenceCoverage="100" branchCoverage="100" isConstructor="false" isStatic="false" isGetter="true" isSetter="false">
              <Summary numSequencePoints="1" visitedSequencePoints="1" numBranchPoints="1" visitedBranchPoints="1" sequenceCoverage="100" branchCoverage="100" maxCyclomaticComplexity="1" minCyclomaticComplexity="1" visitedClasses="0" numClasses="0" visitedMethods="1" numMethods="1" />
              <MetadataToken>100667148</MetadataToken>
              <Name>System.String IBM.Watson.DeveloperCloud.Services.AlchemyAPI.v1.AlchemyAPI/GetKeywordsRequest::get_Data()</Name>
              <FileRef uid="294" />
              <SequencePoints>
                <SequencePoint vc="3" uspid="9622" ordinal="0" offset="0" sl="938" sc="28" el="938" ec="32" bec="0" bev="0" fileid="294" />
              </SequencePoints>
              <BranchPoints />
              <MethodPoint xsi:type="SequencePoint" vc="3" uspid="9622" ordinal="0" offset="0" sl="938" sc="28" el="938" ec="32" bec="0" bev="0" fileid="294" />
            </Method>
            <Method visited="true" cyclomaticComplexity="1" nPathComplexity="0" sequenceCoverage="100" branchCoverage="100" isConstructor="false" isStatic="false" isGetter="false" isSetter="true">
              <Summary numSequencePoints="1" visitedSequencePoints="1" numBranchPoints="1" visitedBranchPoints="1" sequenceCoverage="100" branchCoverage="100" maxCyclomaticComplexity="1" minCyclomaticComplexity="1" visitedClasses="0" numClasses="0" visitedMethods="1" numMethods="1" />
              <MetadataToken>100667149</MetadataToken>
              <Name>System.Void IBM.Watson.DeveloperCloud.Services.AlchemyAPI.v1.AlchemyAPI/GetKeywordsRequest::set_Data(System.String)</Name>
              <FileRef uid="294" />
              <SequencePoints>
                <SequencePoint vc="3" uspid="9623" ordinal="0" offset="0" sl="938" sc="33" el="938" ec="37" bec="0" bev="0" fileid="294" />
              </SequencePoints>
              <BranchPoints />
              <MethodPoint xsi:type="SequencePoint" vc="3" uspid="9623" ordinal="0" offset="0" sl="938" sc="33" el="938" ec="37" bec="0" bev="0" fileid="294" />
            </Method>
            <Method visited="true" cyclomaticComplexity="1" nPathComplexity="0" sequenceCoverage="100" branchCoverage="100" isConstructor="false" isStatic="false" isGetter="true" isSetter="false">
              <Summary numSequencePoints="1" visitedSequencePoints="1" numBranchPoints="1" visitedBranchPoints="1" sequenceCoverage="100" branchCoverage="100" maxCyclomaticComplexity="1" minCyclomaticComplexity="1" visitedClasses="0" numClasses="0" visitedMethods="1" numMethods="1" />
              <MetadataToken>100667150</MetadataToken>
              <Name>IBM.Watson.DeveloperCloud.Services.AlchemyAPI.v1.AlchemyAPI/OnGetKeywords IBM.Watson.DeveloperCloud.Services.AlchemyAPI.v1.AlchemyAPI/GetKeywordsRequest::get_Callback()</Name>
              <FileRef uid="294" />
              <SequencePoints>
                <SequencePoint vc="6" uspid="9624" ordinal="0" offset="0" sl="942" sc="39" el="942" ec="43" bec="0" bev="0" fileid="294" />
              </SequencePoints>
              <BranchPoints />
              <MethodPoint xsi:type="SequencePoint" vc="6" uspid="9624" ordinal="0" offset="0" sl="942" sc="39" el="942" ec="43" bec="0" bev="0" fileid="294" />
            </Method>
            <Method visited="true" cyclomaticComplexity="1" nPathComplexity="0" sequenceCoverage="100" branchCoverage="100" isConstructor="false" isStatic="false" isGetter="false" isSetter="true">
              <Summary numSequencePoints="1" visitedSequencePoints="1" numBranchPoints="1" visitedBranchPoints="1" sequenceCoverage="100" branchCoverage="100" maxCyclomaticComplexity="1" minCyclomaticComplexity="1" visitedClasses="0" numClasses="0" visitedMethods="1" numMethods="1" />
              <MetadataToken>100667151</MetadataToken>
              <Name>System.Void IBM.Watson.DeveloperCloud.Services.AlchemyAPI.v1.AlchemyAPI/GetKeywordsRequest::set_Callback(IBM.Watson.DeveloperCloud.Services.AlchemyAPI.v1.AlchemyAPI/OnGetKeywords)</Name>
              <FileRef uid="294" />
              <SequencePoints>
                <SequencePoint vc="3" uspid="9625" ordinal="0" offset="0" sl="942" sc="44" el="942" ec="48" bec="0" bev="0" fileid="294" />
              </SequencePoints>
              <BranchPoints />
              <MethodPoint xsi:type="SequencePoint" vc="3" uspid="9625" ordinal="0" offset="0" sl="942" sc="44" el="942" ec="48" bec="0" bev="0" fileid="294" />
            </Method>
            <Method visited="true" cyclomaticComplexity="1" nPathComplexity="0" sequenceCoverage="0" branchCoverage="0" isConstructor="true" isStatic="false" isGetter="false" isSetter="false">
              <Summary numSequencePoints="0" visitedSequencePoints="0" numBranchPoints="0" visitedBranchPoints="0" sequenceCoverage="0" branchCoverage="0" maxCyclomaticComplexity="1" minCyclomaticComplexity="1" visitedClasses="0" numClasses="0" visitedMethods="0" numMethods="0" />
              <MetadataToken>100667152</MetadataToken>
              <Name>System.Void IBM.Watson.DeveloperCloud.Services.AlchemyAPI.v1.AlchemyAPI/GetKeywordsRequest::.ctor()</Name>
              <SequencePoints />
              <BranchPoints />
              <MethodPoint vc="3" uspid="9626" ordinal="0" offset="0" />
            </Method>
          </Methods>
        </Class>
        <Class>
          <Summary numSequencePoints="0" visitedSequencePoints="0" numBranchPoints="0" visitedBranchPoints="0" sequenceCoverage="0" branchCoverage="0" maxCyclomaticComplexity="0" minCyclomaticComplexity="0" visitedClasses="0" numClasses="0" visitedMethods="0" numMethods="0" />
          <FullName>IBM.Watson.DeveloperCloud.Services.AlchemyAPI.v1.AlchemyAPI/OnGetLanguages</FullName>
          <Methods>
            <Method skippedDueTo="Unknown" visited="false" cyclomaticComplexity="0" nPathComplexity="0" sequenceCoverage="0" branchCoverage="0" isConstructor="true" isStatic="false" isGetter="false" isSetter="false">
              <MetadataToken>100667153</MetadataToken>
              <Name>System.Void IBM.Watson.DeveloperCloud.Services.AlchemyAPI.v1.AlchemyAPI/OnGetLanguages::.ctor(System.Object,System.IntPtr)</Name>
              <SequencePoints />
              <BranchPoints />
            </Method>
            <Method skippedDueTo="Unknown" visited="false" cyclomaticComplexity="0" nPathComplexity="0" sequenceCoverage="0" branchCoverage="0" isConstructor="false" isStatic="false" isGetter="false" isSetter="false">
              <MetadataToken>100667154</MetadataToken>
              <Name>System.Void IBM.Watson.DeveloperCloud.Services.AlchemyAPI.v1.AlchemyAPI/OnGetLanguages::Invoke(IBM.Watson.DeveloperCloud.Services.AlchemyAPI.v1.LanguageData,System.String)</Name>
              <SequencePoints />
              <BranchPoints />
            </Method>
            <Method skippedDueTo="Unknown" visited="false" cyclomaticComplexity="0" nPathComplexity="0" sequenceCoverage="0" branchCoverage="0" isConstructor="false" isStatic="false" isGetter="false" isSetter="false">
              <MetadataToken>100667155</MetadataToken>
              <Name>System.IAsyncResult IBM.Watson.DeveloperCloud.Services.AlchemyAPI.v1.AlchemyAPI/OnGetLanguages::BeginInvoke(IBM.Watson.DeveloperCloud.Services.AlchemyAPI.v1.LanguageData,System.String,System.AsyncCallback,System.Object)</Name>
              <SequencePoints />
              <BranchPoints />
            </Method>
            <Method skippedDueTo="Unknown" visited="false" cyclomaticComplexity="0" nPathComplexity="0" sequenceCoverage="0" branchCoverage="0" isConstructor="false" isStatic="false" isGetter="false" isSetter="false">
              <MetadataToken>100667156</MetadataToken>
              <Name>System.Void IBM.Watson.DeveloperCloud.Services.AlchemyAPI.v1.AlchemyAPI/OnGetLanguages::EndInvoke(System.IAsyncResult)</Name>
              <SequencePoints />
              <BranchPoints />
            </Method>
          </Methods>
        </Class>
        <Class>
          <Summary numSequencePoints="4" visitedSequencePoints="4" numBranchPoints="4" visitedBranchPoints="4" sequenceCoverage="100" branchCoverage="100" maxCyclomaticComplexity="1" minCyclomaticComplexity="1" visitedClasses="1" numClasses="1" visitedMethods="4" numMethods="4" />
          <FullName>IBM.Watson.DeveloperCloud.Services.AlchemyAPI.v1.AlchemyAPI/GetLanguagesRequest</FullName>
          <Methods>
            <Method visited="true" cyclomaticComplexity="1" nPathComplexity="0" sequenceCoverage="100" branchCoverage="100" isConstructor="false" isStatic="false" isGetter="true" isSetter="false">
              <Summary numSequencePoints="1" visitedSequencePoints="1" numBranchPoints="1" visitedBranchPoints="1" sequenceCoverage="100" branchCoverage="100" maxCyclomaticComplexity="1" minCyclomaticComplexity="1" visitedClasses="0" numClasses="0" visitedMethods="1" numMethods="1" />
              <MetadataToken>100667157</MetadataToken>
              <Name>System.String IBM.Watson.DeveloperCloud.Services.AlchemyAPI.v1.AlchemyAPI/GetLanguagesRequest::get_Data()</Name>
              <FileRef uid="294" />
              <SequencePoints>
                <SequencePoint vc="3" uspid="9627" ordinal="0" offset="0" sl="1064" sc="28" el="1064" ec="32" bec="0" bev="0" fileid="294" />
              </SequencePoints>
              <BranchPoints />
              <MethodPoint xsi:type="SequencePoint" vc="3" uspid="9627" ordinal="0" offset="0" sl="1064" sc="28" el="1064" ec="32" bec="0" bev="0" fileid="294" />
            </Method>
            <Method visited="true" cyclomaticComplexity="1" nPathComplexity="0" sequenceCoverage="100" branchCoverage="100" isConstructor="false" isStatic="false" isGetter="false" isSetter="true">
              <Summary numSequencePoints="1" visitedSequencePoints="1" numBranchPoints="1" visitedBranchPoints="1" sequenceCoverage="100" branchCoverage="100" maxCyclomaticComplexity="1" minCyclomaticComplexity="1" visitedClasses="0" numClasses="0" visitedMethods="1" numMethods="1" />
              <MetadataToken>100667158</MetadataToken>
              <Name>System.Void IBM.Watson.DeveloperCloud.Services.AlchemyAPI.v1.AlchemyAPI/GetLanguagesRequest::set_Data(System.String)</Name>
              <FileRef uid="294" />
              <SequencePoints>
                <SequencePoint vc="3" uspid="9628" ordinal="0" offset="0" sl="1064" sc="33" el="1064" ec="37" bec="0" bev="0" fileid="294" />
              </SequencePoints>
              <BranchPoints />
              <MethodPoint xsi:type="SequencePoint" vc="3" uspid="9628" ordinal="0" offset="0" sl="1064" sc="33" el="1064" ec="37" bec="0" bev="0" fileid="294" />
            </Method>
            <Method visited="true" cyclomaticComplexity="1" nPathComplexity="0" sequenceCoverage="100" branchCoverage="100" isConstructor="false" isStatic="false" isGetter="true" isSetter="false">
              <Summary numSequencePoints="1" visitedSequencePoints="1" numBranchPoints="1" visitedBranchPoints="1" sequenceCoverage="100" branchCoverage="100" maxCyclomaticComplexity="1" minCyclomaticComplexity="1" visitedClasses="0" numClasses="0" visitedMethods="1" numMethods="1" />
              <MetadataToken>100667159</MetadataToken>
              <Name>IBM.Watson.DeveloperCloud.Services.AlchemyAPI.v1.AlchemyAPI/OnGetLanguages IBM.Watson.DeveloperCloud.Services.AlchemyAPI.v1.AlchemyAPI/GetLanguagesRequest::get_Callback()</Name>
              <FileRef uid="294" />
              <SequencePoints>
                <SequencePoint vc="6" uspid="9629" ordinal="0" offset="0" sl="1068" sc="40" el="1068" ec="44" bec="0" bev="0" fileid="294" />
              </SequencePoints>
              <BranchPoints />
              <MethodPoint xsi:type="SequencePoint" vc="6" uspid="9629" ordinal="0" offset="0" sl="1068" sc="40" el="1068" ec="44" bec="0" bev="0" fileid="294" />
            </Method>
            <Method visited="true" cyclomaticComplexity="1" nPathComplexity="0" sequenceCoverage="100" branchCoverage="100" isConstructor="false" isStatic="false" isGetter="false" isSetter="true">
              <Summary numSequencePoints="1" visitedSequencePoints="1" numBranchPoints="1" visitedBranchPoints="1" sequenceCoverage="100" branchCoverage="100" maxCyclomaticComplexity="1" minCyclomaticComplexity="1" visitedClasses="0" numClasses="0" visitedMethods="1" numMethods="1" />
              <MetadataToken>100667160</MetadataToken>
              <Name>System.Void IBM.Watson.DeveloperCloud.Services.AlchemyAPI.v1.AlchemyAPI/GetLanguagesRequest::set_Callback(IBM.Watson.DeveloperCloud.Services.AlchemyAPI.v1.AlchemyAPI/OnGetLanguages)</Name>
              <FileRef uid="294" />
              <SequencePoints>
                <SequencePoint vc="3" uspid="9630" ordinal="0" offset="0" sl="1068" sc="45" el="1068" ec="49" bec="0" bev="0" fileid="294" />
              </SequencePoints>
              <BranchPoints />
              <MethodPoint xsi:type="SequencePoint" vc="3" uspid="9630" ordinal="0" offset="0" sl="1068" sc="45" el="1068" ec="49" bec="0" bev="0" fileid="294" />
            </Method>
            <Method visited="true" cyclomaticComplexity="1" nPathComplexity="0" sequenceCoverage="0" branchCoverage="0" isConstructor="true" isStatic="false" isGetter="false" isSetter="false">
              <Summary numSequencePoints="0" visitedSequencePoints="0" numBranchPoints="0" visitedBranchPoints="0" sequenceCoverage="0" branchCoverage="0" maxCyclomaticComplexity="1" minCyclomaticComplexity="1" visitedClasses="0" numClasses="0" visitedMethods="0" numMethods="0" />
              <MetadataToken>100667161</MetadataToken>
              <Name>System.Void IBM.Watson.DeveloperCloud.Services.AlchemyAPI.v1.AlchemyAPI/GetLanguagesRequest::.ctor()</Name>
              <SequencePoints />
              <BranchPoints />
              <MethodPoint vc="3" uspid="9631" ordinal="0" offset="0" />
            </Method>
          </Methods>
        </Class>
        <Class>
          <Summary numSequencePoints="0" visitedSequencePoints="0" numBranchPoints="0" visitedBranchPoints="0" sequenceCoverage="0" branchCoverage="0" maxCyclomaticComplexity="0" minCyclomaticComplexity="0" visitedClasses="0" numClasses="0" visitedMethods="0" numMethods="0" />
          <FullName>IBM.Watson.DeveloperCloud.Services.AlchemyAPI.v1.AlchemyAPI/OnGetMicroformats</FullName>
          <Methods>
            <Method skippedDueTo="Unknown" visited="false" cyclomaticComplexity="0" nPathComplexity="0" sequenceCoverage="0" branchCoverage="0" isConstructor="true" isStatic="false" isGetter="false" isSetter="false">
              <MetadataToken>100667162</MetadataToken>
              <Name>System.Void IBM.Watson.DeveloperCloud.Services.AlchemyAPI.v1.AlchemyAPI/OnGetMicroformats::.ctor(System.Object,System.IntPtr)</Name>
              <SequencePoints />
              <BranchPoints />
            </Method>
            <Method skippedDueTo="Unknown" visited="false" cyclomaticComplexity="0" nPathComplexity="0" sequenceCoverage="0" branchCoverage="0" isConstructor="false" isStatic="false" isGetter="false" isSetter="false">
              <MetadataToken>100667163</MetadataToken>
              <Name>System.Void IBM.Watson.DeveloperCloud.Services.AlchemyAPI.v1.AlchemyAPI/OnGetMicroformats::Invoke(IBM.Watson.DeveloperCloud.Services.AlchemyAPI.v1.MicroformatData,System.String)</Name>
              <SequencePoints />
              <BranchPoints />
            </Method>
            <Method skippedDueTo="Unknown" visited="false" cyclomaticComplexity="0" nPathComplexity="0" sequenceCoverage="0" branchCoverage="0" isConstructor="false" isStatic="false" isGetter="false" isSetter="false">
              <MetadataToken>100667164</MetadataToken>
              <Name>System.IAsyncResult IBM.Watson.DeveloperCloud.Services.AlchemyAPI.v1.AlchemyAPI/OnGetMicroformats::BeginInvoke(IBM.Watson.DeveloperCloud.Services.AlchemyAPI.v1.MicroformatData,System.String,System.AsyncCallback,System.Object)</Name>
              <SequencePoints />
              <BranchPoints />
            </Method>
            <Method skippedDueTo="Unknown" visited="false" cyclomaticComplexity="0" nPathComplexity="0" sequenceCoverage="0" branchCoverage="0" isConstructor="false" isStatic="false" isGetter="false" isSetter="false">
              <MetadataToken>100667165</MetadataToken>
              <Name>System.Void IBM.Watson.DeveloperCloud.Services.AlchemyAPI.v1.AlchemyAPI/OnGetMicroformats::EndInvoke(System.IAsyncResult)</Name>
              <SequencePoints />
              <BranchPoints />
            </Method>
          </Methods>
        </Class>
        <Class>
          <Summary numSequencePoints="4" visitedSequencePoints="4" numBranchPoints="4" visitedBranchPoints="4" sequenceCoverage="100" branchCoverage="100" maxCyclomaticComplexity="1" minCyclomaticComplexity="1" visitedClasses="1" numClasses="1" visitedMethods="4" numMethods="4" />
          <FullName>IBM.Watson.DeveloperCloud.Services.AlchemyAPI.v1.AlchemyAPI/GetMicroformatsRequest</FullName>
          <Methods>
            <Method visited="true" cyclomaticComplexity="1" nPathComplexity="0" sequenceCoverage="100" branchCoverage="100" isConstructor="false" isStatic="false" isGetter="true" isSetter="false">
              <Summary numSequencePoints="1" visitedSequencePoints="1" numBranchPoints="1" visitedBranchPoints="1" sequenceCoverage="100" branchCoverage="100" maxCyclomaticComplexity="1" minCyclomaticComplexity="1" visitedClasses="0" numClasses="0" visitedMethods="1" numMethods="1" />
              <MetadataToken>100667166</MetadataToken>
              <Name>System.String IBM.Watson.DeveloperCloud.Services.AlchemyAPI.v1.AlchemyAPI/GetMicroformatsRequest::get_Data()</Name>
              <FileRef uid="294" />
              <SequencePoints>
                <SequencePoint vc="1" uspid="9632" ordinal="0" offset="0" sl="1173" sc="28" el="1173" ec="32" bec="0" bev="0" fileid="294" />
              </SequencePoints>
              <BranchPoints />
              <MethodPoint xsi:type="SequencePoint" vc="1" uspid="9632" ordinal="0" offset="0" sl="1173" sc="28" el="1173" ec="32" bec="0" bev="0" fileid="294" />
            </Method>
            <Method visited="true" cyclomaticComplexity="1" nPathComplexity="0" sequenceCoverage="100" branchCoverage="100" isConstructor="false" isStatic="false" isGetter="false" isSetter="true">
              <Summary numSequencePoints="1" visitedSequencePoints="1" numBranchPoints="1" visitedBranchPoints="1" sequenceCoverage="100" branchCoverage="100" maxCyclomaticComplexity="1" minCyclomaticComplexity="1" visitedClasses="0" numClasses="0" visitedMethods="1" numMethods="1" />
              <MetadataToken>100667167</MetadataToken>
              <Name>System.Void IBM.Watson.DeveloperCloud.Services.AlchemyAPI.v1.AlchemyAPI/GetMicroformatsRequest::set_Data(System.String)</Name>
              <FileRef uid="294" />
              <SequencePoints>
                <SequencePoint vc="1" uspid="9633" ordinal="0" offset="0" sl="1173" sc="33" el="1173" ec="37" bec="0" bev="0" fileid="294" />
              </SequencePoints>
              <BranchPoints />
              <MethodPoint xsi:type="SequencePoint" vc="1" uspid="9633" ordinal="0" offset="0" sl="1173" sc="33" el="1173" ec="37" bec="0" bev="0" fileid="294" />
            </Method>
            <Method visited="true" cyclomaticComplexity="1" nPathComplexity="0" sequenceCoverage="100" branchCoverage="100" isConstructor="false" isStatic="false" isGetter="true" isSetter="false">
              <Summary numSequencePoints="1" visitedSequencePoints="1" numBranchPoints="1" visitedBranchPoints="1" sequenceCoverage="100" branchCoverage="100" maxCyclomaticComplexity="1" minCyclomaticComplexity="1" visitedClasses="0" numClasses="0" visitedMethods="1" numMethods="1" />
              <MetadataToken>100667168</MetadataToken>
              <Name>IBM.Watson.DeveloperCloud.Services.AlchemyAPI.v1.AlchemyAPI/OnGetMicroformats IBM.Watson.DeveloperCloud.Services.AlchemyAPI.v1.AlchemyAPI/GetMicroformatsRequest::get_Callback()</Name>
              <FileRef uid="294" />
              <SequencePoints>
                <SequencePoint vc="2" uspid="9634" ordinal="0" offset="0" sl="1177" sc="43" el="1177" ec="47" bec="0" bev="0" fileid="294" />
              </SequencePoints>
              <BranchPoints />
              <MethodPoint xsi:type="SequencePoint" vc="2" uspid="9634" ordinal="0" offset="0" sl="1177" sc="43" el="1177" ec="47" bec="0" bev="0" fileid="294" />
            </Method>
            <Method visited="true" cyclomaticComplexity="1" nPathComplexity="0" sequenceCoverage="100" branchCoverage="100" isConstructor="false" isStatic="false" isGetter="false" isSetter="true">
              <Summary numSequencePoints="1" visitedSequencePoints="1" numBranchPoints="1" visitedBranchPoints="1" sequenceCoverage="100" branchCoverage="100" maxCyclomaticComplexity="1" minCyclomaticComplexity="1" visitedClasses="0" numClasses="0" visitedMethods="1" numMethods="1" />
              <MetadataToken>100667169</MetadataToken>
              <Name>System.Void IBM.Watson.DeveloperCloud.Services.AlchemyAPI.v1.AlchemyAPI/GetMicroformatsRequest::set_Callback(IBM.Watson.DeveloperCloud.Services.AlchemyAPI.v1.AlchemyAPI/OnGetMicroformats)</Name>
              <FileRef uid="294" />
              <SequencePoints>
                <SequencePoint vc="1" uspid="9635" ordinal="0" offset="0" sl="1177" sc="48" el="1177" ec="52" bec="0" bev="0" fileid="294" />
              </SequencePoints>
              <BranchPoints />
              <MethodPoint xsi:type="SequencePoint" vc="1" uspid="9635" ordinal="0" offset="0" sl="1177" sc="48" el="1177" ec="52" bec="0" bev="0" fileid="294" />
            </Method>
            <Method visited="true" cyclomaticComplexity="1" nPathComplexity="0" sequenceCoverage="0" branchCoverage="0" isConstructor="true" isStatic="false" isGetter="false" isSetter="false">
              <Summary numSequencePoints="0" visitedSequencePoints="0" numBranchPoints="0" visitedBranchPoints="0" sequenceCoverage="0" branchCoverage="0" maxCyclomaticComplexity="1" minCyclomaticComplexity="1" visitedClasses="0" numClasses="0" visitedMethods="0" numMethods="0" />
              <MetadataToken>100667170</MetadataToken>
              <Name>System.Void IBM.Watson.DeveloperCloud.Services.AlchemyAPI.v1.AlchemyAPI/GetMicroformatsRequest::.ctor()</Name>
              <SequencePoints />
              <BranchPoints />
              <MethodPoint vc="1" uspid="9636" ordinal="0" offset="0" />
            </Method>
          </Methods>
        </Class>
        <Class>
          <Summary numSequencePoints="0" visitedSequencePoints="0" numBranchPoints="0" visitedBranchPoints="0" sequenceCoverage="0" branchCoverage="0" maxCyclomaticComplexity="0" minCyclomaticComplexity="0" visitedClasses="0" numClasses="0" visitedMethods="0" numMethods="0" />
          <FullName>IBM.Watson.DeveloperCloud.Services.AlchemyAPI.v1.AlchemyAPI/OnGetPublicationDate</FullName>
          <Methods>
            <Method skippedDueTo="Unknown" visited="false" cyclomaticComplexity="0" nPathComplexity="0" sequenceCoverage="0" branchCoverage="0" isConstructor="true" isStatic="false" isGetter="false" isSetter="false">
              <MetadataToken>100667171</MetadataToken>
              <Name>System.Void IBM.Watson.DeveloperCloud.Services.AlchemyAPI.v1.AlchemyAPI/OnGetPublicationDate::.ctor(System.Object,System.IntPtr)</Name>
              <SequencePoints />
              <BranchPoints />
            </Method>
            <Method skippedDueTo="Unknown" visited="false" cyclomaticComplexity="0" nPathComplexity="0" sequenceCoverage="0" branchCoverage="0" isConstructor="false" isStatic="false" isGetter="false" isSetter="false">
              <MetadataToken>100667172</MetadataToken>
              <Name>System.Void IBM.Watson.DeveloperCloud.Services.AlchemyAPI.v1.AlchemyAPI/OnGetPublicationDate::Invoke(IBM.Watson.DeveloperCloud.Services.AlchemyAPI.v1.PubDateData,System.String)</Name>
              <SequencePoints />
              <BranchPoints />
            </Method>
            <Method skippedDueTo="Unknown" visited="false" cyclomaticComplexity="0" nPathComplexity="0" sequenceCoverage="0" branchCoverage="0" isConstructor="false" isStatic="false" isGetter="false" isSetter="false">
              <MetadataToken>100667173</MetadataToken>
              <Name>System.IAsyncResult IBM.Watson.DeveloperCloud.Services.AlchemyAPI.v1.AlchemyAPI/OnGetPublicationDate::BeginInvoke(IBM.Watson.DeveloperCloud.Services.AlchemyAPI.v1.PubDateData,System.String,System.AsyncCallback,System.Object)</Name>
              <SequencePoints />
              <BranchPoints />
            </Method>
            <Method skippedDueTo="Unknown" visited="false" cyclomaticComplexity="0" nPathComplexity="0" sequenceCoverage="0" branchCoverage="0" isConstructor="false" isStatic="false" isGetter="false" isSetter="false">
              <MetadataToken>100667174</MetadataToken>
              <Name>System.Void IBM.Watson.DeveloperCloud.Services.AlchemyAPI.v1.AlchemyAPI/OnGetPublicationDate::EndInvoke(System.IAsyncResult)</Name>
              <SequencePoints />
              <BranchPoints />
            </Method>
          </Methods>
        </Class>
        <Class>
          <Summary numSequencePoints="4" visitedSequencePoints="4" numBranchPoints="4" visitedBranchPoints="4" sequenceCoverage="100" branchCoverage="100" maxCyclomaticComplexity="1" minCyclomaticComplexity="1" visitedClasses="1" numClasses="1" visitedMethods="4" numMethods="4" />
          <FullName>IBM.Watson.DeveloperCloud.Services.AlchemyAPI.v1.AlchemyAPI/GetPublicationDateRequest</FullName>
          <Methods>
            <Method visited="true" cyclomaticComplexity="1" nPathComplexity="0" sequenceCoverage="100" branchCoverage="100" isConstructor="false" isStatic="false" isGetter="true" isSetter="false">
              <Summary numSequencePoints="1" visitedSequencePoints="1" numBranchPoints="1" visitedBranchPoints="1" sequenceCoverage="100" branchCoverage="100" maxCyclomaticComplexity="1" minCyclomaticComplexity="1" visitedClasses="0" numClasses="0" visitedMethods="1" numMethods="1" />
              <MetadataToken>100667175</MetadataToken>
              <Name>System.String IBM.Watson.DeveloperCloud.Services.AlchemyAPI.v1.AlchemyAPI/GetPublicationDateRequest::get_Data()</Name>
              <FileRef uid="294" />
              <SequencePoints>
                <SequencePoint vc="2" uspid="9637" ordinal="0" offset="0" sl="1285" sc="28" el="1285" ec="32" bec="0" bev="0" fileid="294" />
              </SequencePoints>
              <BranchPoints />
              <MethodPoint xsi:type="SequencePoint" vc="2" uspid="9637" ordinal="0" offset="0" sl="1285" sc="28" el="1285" ec="32" bec="0" bev="0" fileid="294" />
            </Method>
            <Method visited="true" cyclomaticComplexity="1" nPathComplexity="0" sequenceCoverage="100" branchCoverage="100" isConstructor="false" isStatic="false" isGetter="false" isSetter="true">
              <Summary numSequencePoints="1" visitedSequencePoints="1" numBranchPoints="1" visitedBranchPoints="1" sequenceCoverage="100" branchCoverage="100" maxCyclomaticComplexity="1" minCyclomaticComplexity="1" visitedClasses="0" numClasses="0" visitedMethods="1" numMethods="1" />
              <MetadataToken>100667176</MetadataToken>
              <Name>System.Void IBM.Watson.DeveloperCloud.Services.AlchemyAPI.v1.AlchemyAPI/GetPublicationDateRequest::set_Data(System.String)</Name>
              <FileRef uid="294" />
              <SequencePoints>
                <SequencePoint vc="2" uspid="9638" ordinal="0" offset="0" sl="1285" sc="33" el="1285" ec="37" bec="0" bev="0" fileid="294" />
              </SequencePoints>
              <BranchPoints />
              <MethodPoint xsi:type="SequencePoint" vc="2" uspid="9638" ordinal="0" offset="0" sl="1285" sc="33" el="1285" ec="37" bec="0" bev="0" fileid="294" />
            </Method>
            <Method visited="true" cyclomaticComplexity="1" nPathComplexity="0" sequenceCoverage="100" branchCoverage="100" isConstructor="false" isStatic="false" isGetter="true" isSetter="false">
              <Summary numSequencePoints="1" visitedSequencePoints="1" numBranchPoints="1" visitedBranchPoints="1" sequenceCoverage="100" branchCoverage="100" maxCyclomaticComplexity="1" minCyclomaticComplexity="1" visitedClasses="0" numClasses="0" visitedMethods="1" numMethods="1" />
              <MetadataToken>100667177</MetadataToken>
              <Name>IBM.Watson.DeveloperCloud.Services.AlchemyAPI.v1.AlchemyAPI/OnGetPublicationDate IBM.Watson.DeveloperCloud.Services.AlchemyAPI.v1.AlchemyAPI/GetPublicationDateRequest::get_Callback()</Name>
              <FileRef uid="294" />
              <SequencePoints>
                <SequencePoint vc="4" uspid="9639" ordinal="0" offset="0" sl="1289" sc="46" el="1289" ec="50" bec="0" bev="0" fileid="294" />
              </SequencePoints>
              <BranchPoints />
              <MethodPoint xsi:type="SequencePoint" vc="4" uspid="9639" ordinal="0" offset="0" sl="1289" sc="46" el="1289" ec="50" bec="0" bev="0" fileid="294" />
            </Method>
            <Method visited="true" cyclomaticComplexity="1" nPathComplexity="0" sequenceCoverage="100" branchCoverage="100" isConstructor="false" isStatic="false" isGetter="false" isSetter="true">
              <Summary numSequencePoints="1" visitedSequencePoints="1" numBranchPoints="1" visitedBranchPoints="1" sequenceCoverage="100" branchCoverage="100" maxCyclomaticComplexity="1" minCyclomaticComplexity="1" visitedClasses="0" numClasses="0" visitedMethods="1" numMethods="1" />
              <MetadataToken>100667178</MetadataToken>
              <Name>System.Void IBM.Watson.DeveloperCloud.Services.AlchemyAPI.v1.AlchemyAPI/GetPublicationDateRequest::set_Callback(IBM.Watson.DeveloperCloud.Services.AlchemyAPI.v1.AlchemyAPI/OnGetPublicationDate)</Name>
              <FileRef uid="294" />
              <SequencePoints>
                <SequencePoint vc="2" uspid="9640" ordinal="0" offset="0" sl="1289" sc="51" el="1289" ec="55" bec="0" bev="0" fileid="294" />
              </SequencePoints>
              <BranchPoints />
              <MethodPoint xsi:type="SequencePoint" vc="2" uspid="9640" ordinal="0" offset="0" sl="1289" sc="51" el="1289" ec="55" bec="0" bev="0" fileid="294" />
            </Method>
            <Method visited="true" cyclomaticComplexity="1" nPathComplexity="0" sequenceCoverage="0" branchCoverage="0" isConstructor="true" isStatic="false" isGetter="false" isSetter="false">
              <Summary numSequencePoints="0" visitedSequencePoints="0" numBranchPoints="0" visitedBranchPoints="0" sequenceCoverage="0" branchCoverage="0" maxCyclomaticComplexity="1" minCyclomaticComplexity="1" visitedClasses="0" numClasses="0" visitedMethods="0" numMethods="0" />
              <MetadataToken>100667179</MetadataToken>
              <Name>System.Void IBM.Watson.DeveloperCloud.Services.AlchemyAPI.v1.AlchemyAPI/GetPublicationDateRequest::.ctor()</Name>
              <SequencePoints />
              <BranchPoints />
              <MethodPoint vc="2" uspid="9641" ordinal="0" offset="0" />
            </Method>
          </Methods>
        </Class>
        <Class>
          <Summary numSequencePoints="0" visitedSequencePoints="0" numBranchPoints="0" visitedBranchPoints="0" sequenceCoverage="0" branchCoverage="0" maxCyclomaticComplexity="0" minCyclomaticComplexity="0" visitedClasses="0" numClasses="0" visitedMethods="0" numMethods="0" />
          <FullName>IBM.Watson.DeveloperCloud.Services.AlchemyAPI.v1.AlchemyAPI/OnGetRelations</FullName>
          <Methods>
            <Method skippedDueTo="Unknown" visited="false" cyclomaticComplexity="0" nPathComplexity="0" sequenceCoverage="0" branchCoverage="0" isConstructor="true" isStatic="false" isGetter="false" isSetter="false">
              <MetadataToken>100667180</MetadataToken>
              <Name>System.Void IBM.Watson.DeveloperCloud.Services.AlchemyAPI.v1.AlchemyAPI/OnGetRelations::.ctor(System.Object,System.IntPtr)</Name>
              <SequencePoints />
              <BranchPoints />
            </Method>
            <Method skippedDueTo="Unknown" visited="false" cyclomaticComplexity="0" nPathComplexity="0" sequenceCoverage="0" branchCoverage="0" isConstructor="false" isStatic="false" isGetter="false" isSetter="false">
              <MetadataToken>100667181</MetadataToken>
              <Name>System.Void IBM.Watson.DeveloperCloud.Services.AlchemyAPI.v1.AlchemyAPI/OnGetRelations::Invoke(IBM.Watson.DeveloperCloud.Services.AlchemyAPI.v1.RelationsData,System.String)</Name>
              <SequencePoints />
              <BranchPoints />
            </Method>
            <Method skippedDueTo="Unknown" visited="false" cyclomaticComplexity="0" nPathComplexity="0" sequenceCoverage="0" branchCoverage="0" isConstructor="false" isStatic="false" isGetter="false" isSetter="false">
              <MetadataToken>100667182</MetadataToken>
              <Name>System.IAsyncResult IBM.Watson.DeveloperCloud.Services.AlchemyAPI.v1.AlchemyAPI/OnGetRelations::BeginInvoke(IBM.Watson.DeveloperCloud.Services.AlchemyAPI.v1.RelationsData,System.String,System.AsyncCallback,System.Object)</Name>
              <SequencePoints />
              <BranchPoints />
            </Method>
            <Method skippedDueTo="Unknown" visited="false" cyclomaticComplexity="0" nPathComplexity="0" sequenceCoverage="0" branchCoverage="0" isConstructor="false" isStatic="false" isGetter="false" isSetter="false">
              <MetadataToken>100667183</MetadataToken>
              <Name>System.Void IBM.Watson.DeveloperCloud.Services.AlchemyAPI.v1.AlchemyAPI/OnGetRelations::EndInvoke(System.IAsyncResult)</Name>
              <SequencePoints />
              <BranchPoints />
            </Method>
          </Methods>
        </Class>
        <Class>
          <Summary numSequencePoints="4" visitedSequencePoints="4" numBranchPoints="4" visitedBranchPoints="4" sequenceCoverage="100" branchCoverage="100" maxCyclomaticComplexity="1" minCyclomaticComplexity="1" visitedClasses="1" numClasses="1" visitedMethods="4" numMethods="4" />
          <FullName>IBM.Watson.DeveloperCloud.Services.AlchemyAPI.v1.AlchemyAPI/GetRelationsRequest</FullName>
          <Methods>
            <Method visited="true" cyclomaticComplexity="1" nPathComplexity="0" sequenceCoverage="100" branchCoverage="100" isConstructor="false" isStatic="false" isGetter="true" isSetter="false">
              <Summary numSequencePoints="1" visitedSequencePoints="1" numBranchPoints="1" visitedBranchPoints="1" sequenceCoverage="100" branchCoverage="100" maxCyclomaticComplexity="1" minCyclomaticComplexity="1" visitedClasses="0" numClasses="0" visitedMethods="1" numMethods="1" />
              <MetadataToken>100667184</MetadataToken>
              <Name>System.String IBM.Watson.DeveloperCloud.Services.AlchemyAPI.v1.AlchemyAPI/GetRelationsRequest::get_Data()</Name>
              <FileRef uid="294" />
              <SequencePoints>
                <SequencePoint vc="3" uspid="9642" ordinal="0" offset="0" sl="1444" sc="28" el="1444" ec="32" bec="0" bev="0" fileid="294" />
              </SequencePoints>
              <BranchPoints />
              <MethodPoint xsi:type="SequencePoint" vc="3" uspid="9642" ordinal="0" offset="0" sl="1444" sc="28" el="1444" ec="32" bec="0" bev="0" fileid="294" />
            </Method>
            <Method visited="true" cyclomaticComplexity="1" nPathComplexity="0" sequenceCoverage="100" branchCoverage="100" isConstructor="false" isStatic="false" isGetter="false" isSetter="true">
              <Summary numSequencePoints="1" visitedSequencePoints="1" numBranchPoints="1" visitedBranchPoints="1" sequenceCoverage="100" branchCoverage="100" maxCyclomaticComplexity="1" minCyclomaticComplexity="1" visitedClasses="0" numClasses="0" visitedMethods="1" numMethods="1" />
              <MetadataToken>100667185</MetadataToken>
              <Name>System.Void IBM.Watson.DeveloperCloud.Services.AlchemyAPI.v1.AlchemyAPI/GetRelationsRequest::set_Data(System.String)</Name>
              <FileRef uid="294" />
              <SequencePoints>
                <SequencePoint vc="3" uspid="9643" ordinal="0" offset="0" sl="1444" sc="33" el="1444" ec="37" bec="0" bev="0" fileid="294" />
              </SequencePoints>
              <BranchPoints />
              <MethodPoint xsi:type="SequencePoint" vc="3" uspid="9643" ordinal="0" offset="0" sl="1444" sc="33" el="1444" ec="37" bec="0" bev="0" fileid="294" />
            </Method>
            <Method visited="true" cyclomaticComplexity="1" nPathComplexity="0" sequenceCoverage="100" branchCoverage="100" isConstructor="false" isStatic="false" isGetter="true" isSetter="false">
              <Summary numSequencePoints="1" visitedSequencePoints="1" numBranchPoints="1" visitedBranchPoints="1" sequenceCoverage="100" branchCoverage="100" maxCyclomaticComplexity="1" minCyclomaticComplexity="1" visitedClasses="0" numClasses="0" visitedMethods="1" numMethods="1" />
              <MetadataToken>100667186</MetadataToken>
              <Name>IBM.Watson.DeveloperCloud.Services.AlchemyAPI.v1.AlchemyAPI/OnGetRelations IBM.Watson.DeveloperCloud.Services.AlchemyAPI.v1.AlchemyAPI/GetRelationsRequest::get_Callback()</Name>
              <FileRef uid="294" />
              <SequencePoints>
                <SequencePoint vc="6" uspid="9644" ordinal="0" offset="0" sl="1448" sc="40" el="1448" ec="44" bec="0" bev="0" fileid="294" />
              </SequencePoints>
              <BranchPoints />
              <MethodPoint xsi:type="SequencePoint" vc="6" uspid="9644" ordinal="0" offset="0" sl="1448" sc="40" el="1448" ec="44" bec="0" bev="0" fileid="294" />
            </Method>
            <Method visited="true" cyclomaticComplexity="1" nPathComplexity="0" sequenceCoverage="100" branchCoverage="100" isConstructor="false" isStatic="false" isGetter="false" isSetter="true">
              <Summary numSequencePoints="1" visitedSequencePoints="1" numBranchPoints="1" visitedBranchPoints="1" sequenceCoverage="100" branchCoverage="100" maxCyclomaticComplexity="1" minCyclomaticComplexity="1" visitedClasses="0" numClasses="0" visitedMethods="1" numMethods="1" />
              <MetadataToken>100667187</MetadataToken>
              <Name>System.Void IBM.Watson.DeveloperCloud.Services.AlchemyAPI.v1.AlchemyAPI/GetRelationsRequest::set_Callback(IBM.Watson.DeveloperCloud.Services.AlchemyAPI.v1.AlchemyAPI/OnGetRelations)</Name>
              <FileRef uid="294" />
              <SequencePoints>
                <SequencePoint vc="3" uspid="9645" ordinal="0" offset="0" sl="1448" sc="45" el="1448" ec="49" bec="0" bev="0" fileid="294" />
              </SequencePoints>
              <BranchPoints />
              <MethodPoint xsi:type="SequencePoint" vc="3" uspid="9645" ordinal="0" offset="0" sl="1448" sc="45" el="1448" ec="49" bec="0" bev="0" fileid="294" />
            </Method>
            <Method visited="true" cyclomaticComplexity="1" nPathComplexity="0" sequenceCoverage="0" branchCoverage="0" isConstructor="true" isStatic="false" isGetter="false" isSetter="false">
              <Summary numSequencePoints="0" visitedSequencePoints="0" numBranchPoints="0" visitedBranchPoints="0" sequenceCoverage="0" branchCoverage="0" maxCyclomaticComplexity="1" minCyclomaticComplexity="1" visitedClasses="0" numClasses="0" visitedMethods="0" numMethods="0" />
              <MetadataToken>100667188</MetadataToken>
              <Name>System.Void IBM.Watson.DeveloperCloud.Services.AlchemyAPI.v1.AlchemyAPI/GetRelationsRequest::.ctor()</Name>
              <SequencePoints />
              <BranchPoints />
              <MethodPoint vc="3" uspid="9646" ordinal="0" offset="0" />
            </Method>
          </Methods>
        </Class>
        <Class>
          <Summary numSequencePoints="0" visitedSequencePoints="0" numBranchPoints="0" visitedBranchPoints="0" sequenceCoverage="0" branchCoverage="0" maxCyclomaticComplexity="0" minCyclomaticComplexity="0" visitedClasses="0" numClasses="0" visitedMethods="0" numMethods="0" />
          <FullName>IBM.Watson.DeveloperCloud.Services.AlchemyAPI.v1.AlchemyAPI/OnGetTextSentiment</FullName>
          <Methods>
            <Method skippedDueTo="Unknown" visited="false" cyclomaticComplexity="0" nPathComplexity="0" sequenceCoverage="0" branchCoverage="0" isConstructor="true" isStatic="false" isGetter="false" isSetter="false">
              <MetadataToken>100667189</MetadataToken>
              <Name>System.Void IBM.Watson.DeveloperCloud.Services.AlchemyAPI.v1.AlchemyAPI/OnGetTextSentiment::.ctor(System.Object,System.IntPtr)</Name>
              <SequencePoints />
              <BranchPoints />
            </Method>
            <Method skippedDueTo="Unknown" visited="false" cyclomaticComplexity="0" nPathComplexity="0" sequenceCoverage="0" branchCoverage="0" isConstructor="false" isStatic="false" isGetter="false" isSetter="false">
              <MetadataToken>100667190</MetadataToken>
              <Name>System.Void IBM.Watson.DeveloperCloud.Services.AlchemyAPI.v1.AlchemyAPI/OnGetTextSentiment::Invoke(IBM.Watson.DeveloperCloud.Services.AlchemyAPI.v1.SentimentData,System.String)</Name>
              <SequencePoints />
              <BranchPoints />
            </Method>
            <Method skippedDueTo="Unknown" visited="false" cyclomaticComplexity="0" nPathComplexity="0" sequenceCoverage="0" branchCoverage="0" isConstructor="false" isStatic="false" isGetter="false" isSetter="false">
              <MetadataToken>100667191</MetadataToken>
              <Name>System.IAsyncResult IBM.Watson.DeveloperCloud.Services.AlchemyAPI.v1.AlchemyAPI/OnGetTextSentiment::BeginInvoke(IBM.Watson.DeveloperCloud.Services.AlchemyAPI.v1.SentimentData,System.String,System.AsyncCallback,System.Object)</Name>
              <SequencePoints />
              <BranchPoints />
            </Method>
            <Method skippedDueTo="Unknown" visited="false" cyclomaticComplexity="0" nPathComplexity="0" sequenceCoverage="0" branchCoverage="0" isConstructor="false" isStatic="false" isGetter="false" isSetter="false">
              <MetadataToken>100667192</MetadataToken>
              <Name>System.Void IBM.Watson.DeveloperCloud.Services.AlchemyAPI.v1.AlchemyAPI/OnGetTextSentiment::EndInvoke(System.IAsyncResult)</Name>
              <SequencePoints />
              <BranchPoints />
            </Method>
          </Methods>
        </Class>
        <Class>
          <Summary numSequencePoints="4" visitedSequencePoints="4" numBranchPoints="4" visitedBranchPoints="4" sequenceCoverage="100" branchCoverage="100" maxCyclomaticComplexity="1" minCyclomaticComplexity="1" visitedClasses="1" numClasses="1" visitedMethods="4" numMethods="4" />
          <FullName>IBM.Watson.DeveloperCloud.Services.AlchemyAPI.v1.AlchemyAPI/GetTextSentimentRequest</FullName>
          <Methods>
            <Method visited="true" cyclomaticComplexity="1" nPathComplexity="0" sequenceCoverage="100" branchCoverage="100" isConstructor="false" isStatic="false" isGetter="true" isSetter="false">
              <Summary numSequencePoints="1" visitedSequencePoints="1" numBranchPoints="1" visitedBranchPoints="1" sequenceCoverage="100" branchCoverage="100" maxCyclomaticComplexity="1" minCyclomaticComplexity="1" visitedClasses="0" numClasses="0" visitedMethods="1" numMethods="1" />
              <MetadataToken>100667193</MetadataToken>
              <Name>System.String IBM.Watson.DeveloperCloud.Services.AlchemyAPI.v1.AlchemyAPI/GetTextSentimentRequest::get_Data()</Name>
              <FileRef uid="294" />
              <SequencePoints>
                <SequencePoint vc="3" uspid="9647" ordinal="0" offset="0" sl="1570" sc="28" el="1570" ec="32" bec="0" bev="0" fileid="294" />
              </SequencePoints>
              <BranchPoints />
              <MethodPoint xsi:type="SequencePoint" vc="3" uspid="9647" ordinal="0" offset="0" sl="1570" sc="28" el="1570" ec="32" bec="0" bev="0" fileid="294" />
            </Method>
            <Method visited="true" cyclomaticComplexity="1" nPathComplexity="0" sequenceCoverage="100" branchCoverage="100" isConstructor="false" isStatic="false" isGetter="false" isSetter="true">
              <Summary numSequencePoints="1" visitedSequencePoints="1" numBranchPoints="1" visitedBranchPoints="1" sequenceCoverage="100" branchCoverage="100" maxCyclomaticComplexity="1" minCyclomaticComplexity="1" visitedClasses="0" numClasses="0" visitedMethods="1" numMethods="1" />
              <MetadataToken>100667194</MetadataToken>
              <Name>System.Void IBM.Watson.DeveloperCloud.Services.AlchemyAPI.v1.AlchemyAPI/GetTextSentimentRequest::set_Data(System.String)</Name>
              <FileRef uid="294" />
              <SequencePoints>
                <SequencePoint vc="3" uspid="9648" ordinal="0" offset="0" sl="1570" sc="33" el="1570" ec="37" bec="0" bev="0" fileid="294" />
              </SequencePoints>
              <BranchPoints />
              <MethodPoint xsi:type="SequencePoint" vc="3" uspid="9648" ordinal="0" offset="0" sl="1570" sc="33" el="1570" ec="37" bec="0" bev="0" fileid="294" />
            </Method>
            <Method visited="true" cyclomaticComplexity="1" nPathComplexity="0" sequenceCoverage="100" branchCoverage="100" isConstructor="false" isStatic="false" isGetter="true" isSetter="false">
              <Summary numSequencePoints="1" visitedSequencePoints="1" numBranchPoints="1" visitedBranchPoints="1" sequenceCoverage="100" branchCoverage="100" maxCyclomaticComplexity="1" minCyclomaticComplexity="1" visitedClasses="0" numClasses="0" visitedMethods="1" numMethods="1" />
              <MetadataToken>100667195</MetadataToken>
              <Name>IBM.Watson.DeveloperCloud.Services.AlchemyAPI.v1.AlchemyAPI/OnGetTextSentiment IBM.Watson.DeveloperCloud.Services.AlchemyAPI.v1.AlchemyAPI/GetTextSentimentRequest::get_Callback()</Name>
              <FileRef uid="294" />
              <SequencePoints>
                <SequencePoint vc="6" uspid="9649" ordinal="0" offset="0" sl="1574" sc="44" el="1574" ec="48" bec="0" bev="0" fileid="294" />
              </SequencePoints>
              <BranchPoints />
              <MethodPoint xsi:type="SequencePoint" vc="6" uspid="9649" ordinal="0" offset="0" sl="1574" sc="44" el="1574" ec="48" bec="0" bev="0" fileid="294" />
            </Method>
            <Method visited="true" cyclomaticComplexity="1" nPathComplexity="0" sequenceCoverage="100" branchCoverage="100" isConstructor="false" isStatic="false" isGetter="false" isSetter="true">
              <Summary numSequencePoints="1" visitedSequencePoints="1" numBranchPoints="1" visitedBranchPoints="1" sequenceCoverage="100" branchCoverage="100" maxCyclomaticComplexity="1" minCyclomaticComplexity="1" visitedClasses="0" numClasses="0" visitedMethods="1" numMethods="1" />
              <MetadataToken>100667196</MetadataToken>
              <Name>System.Void IBM.Watson.DeveloperCloud.Services.AlchemyAPI.v1.AlchemyAPI/GetTextSentimentRequest::set_Callback(IBM.Watson.DeveloperCloud.Services.AlchemyAPI.v1.AlchemyAPI/OnGetTextSentiment)</Name>
              <FileRef uid="294" />
              <SequencePoints>
                <SequencePoint vc="3" uspid="9650" ordinal="0" offset="0" sl="1574" sc="49" el="1574" ec="53" bec="0" bev="0" fileid="294" />
              </SequencePoints>
              <BranchPoints />
              <MethodPoint xsi:type="SequencePoint" vc="3" uspid="9650" ordinal="0" offset="0" sl="1574" sc="49" el="1574" ec="53" bec="0" bev="0" fileid="294" />
            </Method>
            <Method visited="true" cyclomaticComplexity="1" nPathComplexity="0" sequenceCoverage="0" branchCoverage="0" isConstructor="true" isStatic="false" isGetter="false" isSetter="false">
              <Summary numSequencePoints="0" visitedSequencePoints="0" numBranchPoints="0" visitedBranchPoints="0" sequenceCoverage="0" branchCoverage="0" maxCyclomaticComplexity="1" minCyclomaticComplexity="1" visitedClasses="0" numClasses="0" visitedMethods="0" numMethods="0" />
              <MetadataToken>100667197</MetadataToken>
              <Name>System.Void IBM.Watson.DeveloperCloud.Services.AlchemyAPI.v1.AlchemyAPI/GetTextSentimentRequest::.ctor()</Name>
              <SequencePoints />
              <BranchPoints />
              <MethodPoint vc="3" uspid="9651" ordinal="0" offset="0" />
            </Method>
          </Methods>
        </Class>
        <Class>
          <Summary numSequencePoints="0" visitedSequencePoints="0" numBranchPoints="0" visitedBranchPoints="0" sequenceCoverage="0" branchCoverage="0" maxCyclomaticComplexity="0" minCyclomaticComplexity="0" visitedClasses="0" numClasses="0" visitedMethods="0" numMethods="0" />
          <FullName>IBM.Watson.DeveloperCloud.Services.AlchemyAPI.v1.AlchemyAPI/OnGetTargetedSentiment</FullName>
          <Methods>
            <Method skippedDueTo="Unknown" visited="false" cyclomaticComplexity="0" nPathComplexity="0" sequenceCoverage="0" branchCoverage="0" isConstructor="true" isStatic="false" isGetter="false" isSetter="false">
              <MetadataToken>100667198</MetadataToken>
              <Name>System.Void IBM.Watson.DeveloperCloud.Services.AlchemyAPI.v1.AlchemyAPI/OnGetTargetedSentiment::.ctor(System.Object,System.IntPtr)</Name>
              <SequencePoints />
              <BranchPoints />
            </Method>
            <Method skippedDueTo="Unknown" visited="false" cyclomaticComplexity="0" nPathComplexity="0" sequenceCoverage="0" branchCoverage="0" isConstructor="false" isStatic="false" isGetter="false" isSetter="false">
              <MetadataToken>100667199</MetadataToken>
              <Name>System.Void IBM.Watson.DeveloperCloud.Services.AlchemyAPI.v1.AlchemyAPI/OnGetTargetedSentiment::Invoke(IBM.Watson.DeveloperCloud.Services.AlchemyAPI.v1.TargetedSentimentData,System.String)</Name>
              <SequencePoints />
              <BranchPoints />
            </Method>
            <Method skippedDueTo="Unknown" visited="false" cyclomaticComplexity="0" nPathComplexity="0" sequenceCoverage="0" branchCoverage="0" isConstructor="false" isStatic="false" isGetter="false" isSetter="false">
              <MetadataToken>100667200</MetadataToken>
              <Name>System.IAsyncResult IBM.Watson.DeveloperCloud.Services.AlchemyAPI.v1.AlchemyAPI/OnGetTargetedSentiment::BeginInvoke(IBM.Watson.DeveloperCloud.Services.AlchemyAPI.v1.TargetedSentimentData,System.String,System.AsyncCallback,System.Object)</Name>
              <SequencePoints />
              <BranchPoints />
            </Method>
            <Method skippedDueTo="Unknown" visited="false" cyclomaticComplexity="0" nPathComplexity="0" sequenceCoverage="0" branchCoverage="0" isConstructor="false" isStatic="false" isGetter="false" isSetter="false">
              <MetadataToken>100667201</MetadataToken>
              <Name>System.Void IBM.Watson.DeveloperCloud.Services.AlchemyAPI.v1.AlchemyAPI/OnGetTargetedSentiment::EndInvoke(System.IAsyncResult)</Name>
              <SequencePoints />
              <BranchPoints />
            </Method>
          </Methods>
        </Class>
        <Class>
          <Summary numSequencePoints="4" visitedSequencePoints="4" numBranchPoints="4" visitedBranchPoints="4" sequenceCoverage="100" branchCoverage="100" maxCyclomaticComplexity="1" minCyclomaticComplexity="1" visitedClasses="1" numClasses="1" visitedMethods="4" numMethods="4" />
          <FullName>IBM.Watson.DeveloperCloud.Services.AlchemyAPI.v1.AlchemyAPI/GetTargetedSentimentRequest</FullName>
          <Methods>
            <Method visited="true" cyclomaticComplexity="1" nPathComplexity="0" sequenceCoverage="100" branchCoverage="100" isConstructor="false" isStatic="false" isGetter="true" isSetter="false">
              <Summary numSequencePoints="1" visitedSequencePoints="1" numBranchPoints="1" visitedBranchPoints="1" sequenceCoverage="100" branchCoverage="100" maxCyclomaticComplexity="1" minCyclomaticComplexity="1" visitedClasses="0" numClasses="0" visitedMethods="1" numMethods="1" />
              <MetadataToken>100667202</MetadataToken>
              <Name>System.String IBM.Watson.DeveloperCloud.Services.AlchemyAPI.v1.AlchemyAPI/GetTargetedSentimentRequest::get_Data()</Name>
              <FileRef uid="294" />
              <SequencePoints>
                <SequencePoint vc="3" uspid="9652" ordinal="0" offset="0" sl="1700" sc="28" el="1700" ec="32" bec="0" bev="0" fileid="294" />
              </SequencePoints>
              <BranchPoints />
              <MethodPoint xsi:type="SequencePoint" vc="3" uspid="9652" ordinal="0" offset="0" sl="1700" sc="28" el="1700" ec="32" bec="0" bev="0" fileid="294" />
            </Method>
            <Method visited="true" cyclomaticComplexity="1" nPathComplexity="0" sequenceCoverage="100" branchCoverage="100" isConstructor="false" isStatic="false" isGetter="false" isSetter="true">
              <Summary numSequencePoints="1" visitedSequencePoints="1" numBranchPoints="1" visitedBranchPoints="1" sequenceCoverage="100" branchCoverage="100" maxCyclomaticComplexity="1" minCyclomaticComplexity="1" visitedClasses="0" numClasses="0" visitedMethods="1" numMethods="1" />
              <MetadataToken>100667203</MetadataToken>
              <Name>System.Void IBM.Watson.DeveloperCloud.Services.AlchemyAPI.v1.AlchemyAPI/GetTargetedSentimentRequest::set_Data(System.String)</Name>
              <FileRef uid="294" />
              <SequencePoints>
                <SequencePoint vc="3" uspid="9653" ordinal="0" offset="0" sl="1700" sc="33" el="1700" ec="37" bec="0" bev="0" fileid="294" />
              </SequencePoints>
              <BranchPoints />
              <MethodPoint xsi:type="SequencePoint" vc="3" uspid="9653" ordinal="0" offset="0" sl="1700" sc="33" el="1700" ec="37" bec="0" bev="0" fileid="294" />
            </Method>
            <Method visited="true" cyclomaticComplexity="1" nPathComplexity="0" sequenceCoverage="100" branchCoverage="100" isConstructor="false" isStatic="false" isGetter="true" isSetter="false">
              <Summary numSequencePoints="1" visitedSequencePoints="1" numBranchPoints="1" visitedBranchPoints="1" sequenceCoverage="100" branchCoverage="100" maxCyclomaticComplexity="1" minCyclomaticComplexity="1" visitedClasses="0" numClasses="0" visitedMethods="1" numMethods="1" />
              <MetadataToken>100667204</MetadataToken>
              <Name>IBM.Watson.DeveloperCloud.Services.AlchemyAPI.v1.AlchemyAPI/OnGetTargetedSentiment IBM.Watson.DeveloperCloud.Services.AlchemyAPI.v1.AlchemyAPI/GetTargetedSentimentRequest::get_Callback()</Name>
              <FileRef uid="294" />
              <SequencePoints>
                <SequencePoint vc="6" uspid="9654" ordinal="0" offset="0" sl="1704" sc="48" el="1704" ec="52" bec="0" bev="0" fileid="294" />
              </SequencePoints>
              <BranchPoints />
              <MethodPoint xsi:type="SequencePoint" vc="6" uspid="9654" ordinal="0" offset="0" sl="1704" sc="48" el="1704" ec="52" bec="0" bev="0" fileid="294" />
            </Method>
            <Method visited="true" cyclomaticComplexity="1" nPathComplexity="0" sequenceCoverage="100" branchCoverage="100" isConstructor="false" isStatic="false" isGetter="false" isSetter="true">
              <Summary numSequencePoints="1" visitedSequencePoints="1" numBranchPoints="1" visitedBranchPoints="1" sequenceCoverage="100" branchCoverage="100" maxCyclomaticComplexity="1" minCyclomaticComplexity="1" visitedClasses="0" numClasses="0" visitedMethods="1" numMethods="1" />
              <MetadataToken>100667205</MetadataToken>
              <Name>System.Void IBM.Watson.DeveloperCloud.Services.AlchemyAPI.v1.AlchemyAPI/GetTargetedSentimentRequest::set_Callback(IBM.Watson.DeveloperCloud.Services.AlchemyAPI.v1.AlchemyAPI/OnGetTargetedSentiment)</Name>
              <FileRef uid="294" />
              <SequencePoints>
                <SequencePoint vc="3" uspid="9655" ordinal="0" offset="0" sl="1704" sc="53" el="1704" ec="57" bec="0" bev="0" fileid="294" />
              </SequencePoints>
              <BranchPoints />
              <MethodPoint xsi:type="SequencePoint" vc="3" uspid="9655" ordinal="0" offset="0" sl="1704" sc="53" el="1704" ec="57" bec="0" bev="0" fileid="294" />
            </Method>
            <Method visited="true" cyclomaticComplexity="1" nPathComplexity="0" sequenceCoverage="0" branchCoverage="0" isConstructor="true" isStatic="false" isGetter="false" isSetter="false">
              <Summary numSequencePoints="0" visitedSequencePoints="0" numBranchPoints="0" visitedBranchPoints="0" sequenceCoverage="0" branchCoverage="0" maxCyclomaticComplexity="1" minCyclomaticComplexity="1" visitedClasses="0" numClasses="0" visitedMethods="0" numMethods="0" />
              <MetadataToken>100667206</MetadataToken>
              <Name>System.Void IBM.Watson.DeveloperCloud.Services.AlchemyAPI.v1.AlchemyAPI/GetTargetedSentimentRequest::.ctor()</Name>
              <SequencePoints />
              <BranchPoints />
              <MethodPoint vc="3" uspid="9656" ordinal="0" offset="0" />
            </Method>
          </Methods>
        </Class>
        <Class>
          <Summary numSequencePoints="0" visitedSequencePoints="0" numBranchPoints="0" visitedBranchPoints="0" sequenceCoverage="0" branchCoverage="0" maxCyclomaticComplexity="0" minCyclomaticComplexity="0" visitedClasses="0" numClasses="0" visitedMethods="0" numMethods="0" />
          <FullName>IBM.Watson.DeveloperCloud.Services.AlchemyAPI.v1.AlchemyAPI/OnGetRankedTaxonomy</FullName>
          <Methods>
            <Method skippedDueTo="Unknown" visited="false" cyclomaticComplexity="0" nPathComplexity="0" sequenceCoverage="0" branchCoverage="0" isConstructor="true" isStatic="false" isGetter="false" isSetter="false">
              <MetadataToken>100667207</MetadataToken>
              <Name>System.Void IBM.Watson.DeveloperCloud.Services.AlchemyAPI.v1.AlchemyAPI/OnGetRankedTaxonomy::.ctor(System.Object,System.IntPtr)</Name>
              <SequencePoints />
              <BranchPoints />
            </Method>
            <Method skippedDueTo="Unknown" visited="false" cyclomaticComplexity="0" nPathComplexity="0" sequenceCoverage="0" branchCoverage="0" isConstructor="false" isStatic="false" isGetter="false" isSetter="false">
              <MetadataToken>100667208</MetadataToken>
              <Name>System.Void IBM.Watson.DeveloperCloud.Services.AlchemyAPI.v1.AlchemyAPI/OnGetRankedTaxonomy::Invoke(IBM.Watson.DeveloperCloud.Services.AlchemyAPI.v1.TaxonomyData,System.String)</Name>
              <SequencePoints />
              <BranchPoints />
            </Method>
            <Method skippedDueTo="Unknown" visited="false" cyclomaticComplexity="0" nPathComplexity="0" sequenceCoverage="0" branchCoverage="0" isConstructor="false" isStatic="false" isGetter="false" isSetter="false">
              <MetadataToken>100667209</MetadataToken>
              <Name>System.IAsyncResult IBM.Watson.DeveloperCloud.Services.AlchemyAPI.v1.AlchemyAPI/OnGetRankedTaxonomy::BeginInvoke(IBM.Watson.DeveloperCloud.Services.AlchemyAPI.v1.TaxonomyData,System.String,System.AsyncCallback,System.Object)</Name>
              <SequencePoints />
              <BranchPoints />
            </Method>
            <Method skippedDueTo="Unknown" visited="false" cyclomaticComplexity="0" nPathComplexity="0" sequenceCoverage="0" branchCoverage="0" isConstructor="false" isStatic="false" isGetter="false" isSetter="false">
              <MetadataToken>100667210</MetadataToken>
              <Name>System.Void IBM.Watson.DeveloperCloud.Services.AlchemyAPI.v1.AlchemyAPI/OnGetRankedTaxonomy::EndInvoke(System.IAsyncResult)</Name>
              <SequencePoints />
              <BranchPoints />
            </Method>
          </Methods>
        </Class>
        <Class>
          <Summary numSequencePoints="4" visitedSequencePoints="4" numBranchPoints="4" visitedBranchPoints="4" sequenceCoverage="100" branchCoverage="100" maxCyclomaticComplexity="1" minCyclomaticComplexity="1" visitedClasses="1" numClasses="1" visitedMethods="4" numMethods="4" />
          <FullName>IBM.Watson.DeveloperCloud.Services.AlchemyAPI.v1.AlchemyAPI/GetRankedTaxomomyRequest</FullName>
          <Methods>
            <Method visited="true" cyclomaticComplexity="1" nPathComplexity="0" sequenceCoverage="100" branchCoverage="100" isConstructor="false" isStatic="false" isGetter="true" isSetter="false">
              <Summary numSequencePoints="1" visitedSequencePoints="1" numBranchPoints="1" visitedBranchPoints="1" sequenceCoverage="100" branchCoverage="100" maxCyclomaticComplexity="1" minCyclomaticComplexity="1" visitedClasses="0" numClasses="0" visitedMethods="1" numMethods="1" />
              <MetadataToken>100667211</MetadataToken>
              <Name>System.String IBM.Watson.DeveloperCloud.Services.AlchemyAPI.v1.AlchemyAPI/GetRankedTaxomomyRequest::get_Data()</Name>
              <FileRef uid="294" />
              <SequencePoints>
                <SequencePoint vc="3" uspid="9657" ordinal="0" offset="0" sl="1826" sc="28" el="1826" ec="32" bec="0" bev="0" fileid="294" />
              </SequencePoints>
              <BranchPoints />
              <MethodPoint xsi:type="SequencePoint" vc="3" uspid="9657" ordinal="0" offset="0" sl="1826" sc="28" el="1826" ec="32" bec="0" bev="0" fileid="294" />
            </Method>
            <Method visited="true" cyclomaticComplexity="1" nPathComplexity="0" sequenceCoverage="100" branchCoverage="100" isConstructor="false" isStatic="false" isGetter="false" isSetter="true">
              <Summary numSequencePoints="1" visitedSequencePoints="1" numBranchPoints="1" visitedBranchPoints="1" sequenceCoverage="100" branchCoverage="100" maxCyclomaticComplexity="1" minCyclomaticComplexity="1" visitedClasses="0" numClasses="0" visitedMethods="1" numMethods="1" />
              <MetadataToken>100667212</MetadataToken>
              <Name>System.Void IBM.Watson.DeveloperCloud.Services.AlchemyAPI.v1.AlchemyAPI/GetRankedTaxomomyRequest::set_Data(System.String)</Name>
              <FileRef uid="294" />
              <SequencePoints>
                <SequencePoint vc="3" uspid="9658" ordinal="0" offset="0" sl="1826" sc="33" el="1826" ec="37" bec="0" bev="0" fileid="294" />
              </SequencePoints>
              <BranchPoints />
              <MethodPoint xsi:type="SequencePoint" vc="3" uspid="9658" ordinal="0" offset="0" sl="1826" sc="33" el="1826" ec="37" bec="0" bev="0" fileid="294" />
            </Method>
            <Method visited="true" cyclomaticComplexity="1" nPathComplexity="0" sequenceCoverage="100" branchCoverage="100" isConstructor="false" isStatic="false" isGetter="true" isSetter="false">
              <Summary numSequencePoints="1" visitedSequencePoints="1" numBranchPoints="1" visitedBranchPoints="1" sequenceCoverage="100" branchCoverage="100" maxCyclomaticComplexity="1" minCyclomaticComplexity="1" visitedClasses="0" numClasses="0" visitedMethods="1" numMethods="1" />
              <MetadataToken>100667213</MetadataToken>
              <Name>IBM.Watson.DeveloperCloud.Services.AlchemyAPI.v1.AlchemyAPI/OnGetRankedTaxonomy IBM.Watson.DeveloperCloud.Services.AlchemyAPI.v1.AlchemyAPI/GetRankedTaxomomyRequest::get_Callback()</Name>
              <FileRef uid="294" />
              <SequencePoints>
                <SequencePoint vc="6" uspid="9659" ordinal="0" offset="0" sl="1830" sc="45" el="1830" ec="49" bec="0" bev="0" fileid="294" />
              </SequencePoints>
              <BranchPoints />
              <MethodPoint xsi:type="SequencePoint" vc="6" uspid="9659" ordinal="0" offset="0" sl="1830" sc="45" el="1830" ec="49" bec="0" bev="0" fileid="294" />
            </Method>
            <Method visited="true" cyclomaticComplexity="1" nPathComplexity="0" sequenceCoverage="100" branchCoverage="100" isConstructor="false" isStatic="false" isGetter="false" isSetter="true">
              <Summary numSequencePoints="1" visitedSequencePoints="1" numBranchPoints="1" visitedBranchPoints="1" sequenceCoverage="100" branchCoverage="100" maxCyclomaticComplexity="1" minCyclomaticComplexity="1" visitedClasses="0" numClasses="0" visitedMethods="1" numMethods="1" />
              <MetadataToken>100667214</MetadataToken>
              <Name>System.Void IBM.Watson.DeveloperCloud.Services.AlchemyAPI.v1.AlchemyAPI/GetRankedTaxomomyRequest::set_Callback(IBM.Watson.DeveloperCloud.Services.AlchemyAPI.v1.AlchemyAPI/OnGetRankedTaxonomy)</Name>
              <FileRef uid="294" />
              <SequencePoints>
                <SequencePoint vc="3" uspid="9660" ordinal="0" offset="0" sl="1830" sc="50" el="1830" ec="54" bec="0" bev="0" fileid="294" />
              </SequencePoints>
              <BranchPoints />
              <MethodPoint xsi:type="SequencePoint" vc="3" uspid="9660" ordinal="0" offset="0" sl="1830" sc="50" el="1830" ec="54" bec="0" bev="0" fileid="294" />
            </Method>
            <Method visited="true" cyclomaticComplexity="1" nPathComplexity="0" sequenceCoverage="0" branchCoverage="0" isConstructor="true" isStatic="false" isGetter="false" isSetter="false">
              <Summary numSequencePoints="0" visitedSequencePoints="0" numBranchPoints="0" visitedBranchPoints="0" sequenceCoverage="0" branchCoverage="0" maxCyclomaticComplexity="1" minCyclomaticComplexity="1" visitedClasses="0" numClasses="0" visitedMethods="0" numMethods="0" />
              <MetadataToken>100667215</MetadataToken>
              <Name>System.Void IBM.Watson.DeveloperCloud.Services.AlchemyAPI.v1.AlchemyAPI/GetRankedTaxomomyRequest::.ctor()</Name>
              <SequencePoints />
              <BranchPoints />
              <MethodPoint vc="3" uspid="9661" ordinal="0" offset="0" />
            </Method>
          </Methods>
        </Class>
        <Class>
          <Summary numSequencePoints="0" visitedSequencePoints="0" numBranchPoints="0" visitedBranchPoints="0" sequenceCoverage="0" branchCoverage="0" maxCyclomaticComplexity="0" minCyclomaticComplexity="0" visitedClasses="0" numClasses="0" visitedMethods="0" numMethods="0" />
          <FullName>IBM.Watson.DeveloperCloud.Services.AlchemyAPI.v1.AlchemyAPI/OnGetText</FullName>
          <Methods>
            <Method skippedDueTo="Unknown" visited="false" cyclomaticComplexity="0" nPathComplexity="0" sequenceCoverage="0" branchCoverage="0" isConstructor="true" isStatic="false" isGetter="false" isSetter="false">
              <MetadataToken>100667216</MetadataToken>
              <Name>System.Void IBM.Watson.DeveloperCloud.Services.AlchemyAPI.v1.AlchemyAPI/OnGetText::.ctor(System.Object,System.IntPtr)</Name>
              <SequencePoints />
              <BranchPoints />
            </Method>
            <Method skippedDueTo="Unknown" visited="false" cyclomaticComplexity="0" nPathComplexity="0" sequenceCoverage="0" branchCoverage="0" isConstructor="false" isStatic="false" isGetter="false" isSetter="false">
              <MetadataToken>100667217</MetadataToken>
              <Name>System.Void IBM.Watson.DeveloperCloud.Services.AlchemyAPI.v1.AlchemyAPI/OnGetText::Invoke(IBM.Watson.DeveloperCloud.Services.AlchemyAPI.v1.TextData,System.String)</Name>
              <SequencePoints />
              <BranchPoints />
            </Method>
            <Method skippedDueTo="Unknown" visited="false" cyclomaticComplexity="0" nPathComplexity="0" sequenceCoverage="0" branchCoverage="0" isConstructor="false" isStatic="false" isGetter="false" isSetter="false">
              <MetadataToken>100667218</MetadataToken>
              <Name>System.IAsyncResult IBM.Watson.DeveloperCloud.Services.AlchemyAPI.v1.AlchemyAPI/OnGetText::BeginInvoke(IBM.Watson.DeveloperCloud.Services.AlchemyAPI.v1.TextData,System.String,System.AsyncCallback,System.Object)</Name>
              <SequencePoints />
              <BranchPoints />
            </Method>
            <Method skippedDueTo="Unknown" visited="false" cyclomaticComplexity="0" nPathComplexity="0" sequenceCoverage="0" branchCoverage="0" isConstructor="false" isStatic="false" isGetter="false" isSetter="false">
              <MetadataToken>100667219</MetadataToken>
              <Name>System.Void IBM.Watson.DeveloperCloud.Services.AlchemyAPI.v1.AlchemyAPI/OnGetText::EndInvoke(System.IAsyncResult)</Name>
              <SequencePoints />
              <BranchPoints />
            </Method>
          </Methods>
        </Class>
        <Class>
          <Summary numSequencePoints="4" visitedSequencePoints="4" numBranchPoints="4" visitedBranchPoints="4" sequenceCoverage="100" branchCoverage="100" maxCyclomaticComplexity="1" minCyclomaticComplexity="1" visitedClasses="1" numClasses="1" visitedMethods="4" numMethods="4" />
          <FullName>IBM.Watson.DeveloperCloud.Services.AlchemyAPI.v1.AlchemyAPI/GetTextRequest</FullName>
          <Methods>
            <Method visited="true" cyclomaticComplexity="1" nPathComplexity="0" sequenceCoverage="100" branchCoverage="100" isConstructor="false" isStatic="false" isGetter="true" isSetter="false">
              <Summary numSequencePoints="1" visitedSequencePoints="1" numBranchPoints="1" visitedBranchPoints="1" sequenceCoverage="100" branchCoverage="100" maxCyclomaticComplexity="1" minCyclomaticComplexity="1" visitedClasses="0" numClasses="0" visitedMethods="1" numMethods="1" />
              <MetadataToken>100667220</MetadataToken>
              <Name>System.String IBM.Watson.DeveloperCloud.Services.AlchemyAPI.v1.AlchemyAPI/GetTextRequest::get_Data()</Name>
              <FileRef uid="294" />
              <SequencePoints>
                <SequencePoint vc="4" uspid="9662" ordinal="0" offset="0" sl="1937" sc="28" el="1937" ec="32" bec="0" bev="0" fileid="294" />
              </SequencePoints>
              <BranchPoints />
              <MethodPoint xsi:type="SequencePoint" vc="4" uspid="9662" ordinal="0" offset="0" sl="1937" sc="28" el="1937" ec="32" bec="0" bev="0" fileid="294" />
            </Method>
            <Method visited="true" cyclomaticComplexity="1" nPathComplexity="0" sequenceCoverage="100" branchCoverage="100" isConstructor="false" isStatic="false" isGetter="false" isSetter="true">
              <Summary numSequencePoints="1" visitedSequencePoints="1" numBranchPoints="1" visitedBranchPoints="1" sequenceCoverage="100" branchCoverage="100" maxCyclomaticComplexity="1" minCyclomaticComplexity="1" visitedClasses="0" numClasses="0" visitedMethods="1" numMethods="1" />
              <MetadataToken>100667221</MetadataToken>
              <Name>System.Void IBM.Watson.DeveloperCloud.Services.AlchemyAPI.v1.AlchemyAPI/GetTextRequest::set_Data(System.String)</Name>
              <FileRef uid="294" />
              <SequencePoints>
                <SequencePoint vc="4" uspid="9663" ordinal="0" offset="0" sl="1937" sc="33" el="1937" ec="37" bec="0" bev="0" fileid="294" />
              </SequencePoints>
              <BranchPoints />
              <MethodPoint xsi:type="SequencePoint" vc="4" uspid="9663" ordinal="0" offset="0" sl="1937" sc="33" el="1937" ec="37" bec="0" bev="0" fileid="294" />
            </Method>
            <Method visited="true" cyclomaticComplexity="1" nPathComplexity="0" sequenceCoverage="100" branchCoverage="100" isConstructor="false" isStatic="false" isGetter="true" isSetter="false">
              <Summary numSequencePoints="1" visitedSequencePoints="1" numBranchPoints="1" visitedBranchPoints="1" sequenceCoverage="100" branchCoverage="100" maxCyclomaticComplexity="1" minCyclomaticComplexity="1" visitedClasses="0" numClasses="0" visitedMethods="1" numMethods="1" />
              <MetadataToken>100667222</MetadataToken>
              <Name>IBM.Watson.DeveloperCloud.Services.AlchemyAPI.v1.AlchemyAPI/OnGetText IBM.Watson.DeveloperCloud.Services.AlchemyAPI.v1.AlchemyAPI/GetTextRequest::get_Callback()</Name>
              <FileRef uid="294" />
              <SequencePoints>
                <SequencePoint vc="8" uspid="9664" ordinal="0" offset="0" sl="1941" sc="35" el="1941" ec="39" bec="0" bev="0" fileid="294" />
              </SequencePoints>
              <BranchPoints />
              <MethodPoint xsi:type="SequencePoint" vc="8" uspid="9664" ordinal="0" offset="0" sl="1941" sc="35" el="1941" ec="39" bec="0" bev="0" fileid="294" />
            </Method>
            <Method visited="true" cyclomaticComplexity="1" nPathComplexity="0" sequenceCoverage="100" branchCoverage="100" isConstructor="false" isStatic="false" isGetter="false" isSetter="true">
              <Summary numSequencePoints="1" visitedSequencePoints="1" numBranchPoints="1" visitedBranchPoints="1" sequenceCoverage="100" branchCoverage="100" maxCyclomaticComplexity="1" minCyclomaticComplexity="1" visitedClasses="0" numClasses="0" visitedMethods="1" numMethods="1" />
              <MetadataToken>100667223</MetadataToken>
              <Name>System.Void IBM.Watson.DeveloperCloud.Services.AlchemyAPI.v1.AlchemyAPI/GetTextRequest::set_Callback(IBM.Watson.DeveloperCloud.Services.AlchemyAPI.v1.AlchemyAPI/OnGetText)</Name>
              <FileRef uid="294" />
              <SequencePoints>
                <SequencePoint vc="4" uspid="9665" ordinal="0" offset="0" sl="1941" sc="40" el="1941" ec="44" bec="0" bev="0" fileid="294" />
              </SequencePoints>
              <BranchPoints />
              <MethodPoint xsi:type="SequencePoint" vc="4" uspid="9665" ordinal="0" offset="0" sl="1941" sc="40" el="1941" ec="44" bec="0" bev="0" fileid="294" />
            </Method>
            <Method visited="true" cyclomaticComplexity="1" nPathComplexity="0" sequenceCoverage="0" branchCoverage="0" isConstructor="true" isStatic="false" isGetter="false" isSetter="false">
              <Summary numSequencePoints="0" visitedSequencePoints="0" numBranchPoints="0" visitedBranchPoints="0" sequenceCoverage="0" branchCoverage="0" maxCyclomaticComplexity="1" minCyclomaticComplexity="1" visitedClasses="0" numClasses="0" visitedMethods="0" numMethods="0" />
              <MetadataToken>100667224</MetadataToken>
              <Name>System.Void IBM.Watson.DeveloperCloud.Services.AlchemyAPI.v1.AlchemyAPI/GetTextRequest::.ctor()</Name>
              <SequencePoints />
              <BranchPoints />
              <MethodPoint vc="4" uspid="9666" ordinal="0" offset="0" />
            </Method>
          </Methods>
        </Class>
        <Class>
          <Summary numSequencePoints="0" visitedSequencePoints="0" numBranchPoints="0" visitedBranchPoints="0" sequenceCoverage="0" branchCoverage="0" maxCyclomaticComplexity="0" minCyclomaticComplexity="0" visitedClasses="0" numClasses="0" visitedMethods="0" numMethods="0" />
          <FullName>IBM.Watson.DeveloperCloud.Services.AlchemyAPI.v1.AlchemyAPI/OnGetTitle</FullName>
          <Methods>
            <Method skippedDueTo="Unknown" visited="false" cyclomaticComplexity="0" nPathComplexity="0" sequenceCoverage="0" branchCoverage="0" isConstructor="true" isStatic="false" isGetter="false" isSetter="false">
              <MetadataToken>100667225</MetadataToken>
              <Name>System.Void IBM.Watson.DeveloperCloud.Services.AlchemyAPI.v1.AlchemyAPI/OnGetTitle::.ctor(System.Object,System.IntPtr)</Name>
              <SequencePoints />
              <BranchPoints />
            </Method>
            <Method skippedDueTo="Unknown" visited="false" cyclomaticComplexity="0" nPathComplexity="0" sequenceCoverage="0" branchCoverage="0" isConstructor="false" isStatic="false" isGetter="false" isSetter="false">
              <MetadataToken>100667226</MetadataToken>
              <Name>System.Void IBM.Watson.DeveloperCloud.Services.AlchemyAPI.v1.AlchemyAPI/OnGetTitle::Invoke(IBM.Watson.DeveloperCloud.Services.AlchemyAPI.v1.Title,System.String)</Name>
              <SequencePoints />
              <BranchPoints />
            </Method>
            <Method skippedDueTo="Unknown" visited="false" cyclomaticComplexity="0" nPathComplexity="0" sequenceCoverage="0" branchCoverage="0" isConstructor="false" isStatic="false" isGetter="false" isSetter="false">
              <MetadataToken>100667227</MetadataToken>
              <Name>System.IAsyncResult IBM.Watson.DeveloperCloud.Services.AlchemyAPI.v1.AlchemyAPI/OnGetTitle::BeginInvoke(IBM.Watson.DeveloperCloud.Services.AlchemyAPI.v1.Title,System.String,System.AsyncCallback,System.Object)</Name>
              <SequencePoints />
              <BranchPoints />
            </Method>
            <Method skippedDueTo="Unknown" visited="false" cyclomaticComplexity="0" nPathComplexity="0" sequenceCoverage="0" branchCoverage="0" isConstructor="false" isStatic="false" isGetter="false" isSetter="false">
              <MetadataToken>100667228</MetadataToken>
              <Name>System.Void IBM.Watson.DeveloperCloud.Services.AlchemyAPI.v1.AlchemyAPI/OnGetTitle::EndInvoke(System.IAsyncResult)</Name>
              <SequencePoints />
              <BranchPoints />
            </Method>
          </Methods>
        </Class>
        <Class>
          <Summary numSequencePoints="4" visitedSequencePoints="4" numBranchPoints="4" visitedBranchPoints="4" sequenceCoverage="100" branchCoverage="100" maxCyclomaticComplexity="1" minCyclomaticComplexity="1" visitedClasses="1" numClasses="1" visitedMethods="4" numMethods="4" />
          <FullName>IBM.Watson.DeveloperCloud.Services.AlchemyAPI.v1.AlchemyAPI/GetTitleRequest</FullName>
          <Methods>
            <Method visited="true" cyclomaticComplexity="1" nPathComplexity="0" sequenceCoverage="100" branchCoverage="100" isConstructor="false" isStatic="false" isGetter="true" isSetter="false">
              <Summary numSequencePoints="1" visitedSequencePoints="1" numBranchPoints="1" visitedBranchPoints="1" sequenceCoverage="100" branchCoverage="100" maxCyclomaticComplexity="1" minCyclomaticComplexity="1" visitedClasses="0" numClasses="0" visitedMethods="1" numMethods="1" />
              <MetadataToken>100667229</MetadataToken>
              <Name>System.String IBM.Watson.DeveloperCloud.Services.AlchemyAPI.v1.AlchemyAPI/GetTitleRequest::get_Data()</Name>
              <FileRef uid="294" />
              <SequencePoints>
                <SequencePoint vc="2" uspid="9667" ordinal="0" offset="0" sl="2105" sc="28" el="2105" ec="32" bec="0" bev="0" fileid="294" />
              </SequencePoints>
              <BranchPoints />
              <MethodPoint xsi:type="SequencePoint" vc="2" uspid="9667" ordinal="0" offset="0" sl="2105" sc="28" el="2105" ec="32" bec="0" bev="0" fileid="294" />
            </Method>
            <Method visited="true" cyclomaticComplexity="1" nPathComplexity="0" sequenceCoverage="100" branchCoverage="100" isConstructor="false" isStatic="false" isGetter="false" isSetter="true">
              <Summary numSequencePoints="1" visitedSequencePoints="1" numBranchPoints="1" visitedBranchPoints="1" sequenceCoverage="100" branchCoverage="100" maxCyclomaticComplexity="1" minCyclomaticComplexity="1" visitedClasses="0" numClasses="0" visitedMethods="1" numMethods="1" />
              <MetadataToken>100667230</MetadataToken>
              <Name>System.Void IBM.Watson.DeveloperCloud.Services.AlchemyAPI.v1.AlchemyAPI/GetTitleRequest::set_Data(System.String)</Name>
              <FileRef uid="294" />
              <SequencePoints>
                <SequencePoint vc="2" uspid="9668" ordinal="0" offset="0" sl="2105" sc="33" el="2105" ec="37" bec="0" bev="0" fileid="294" />
              </SequencePoints>
              <BranchPoints />
              <MethodPoint xsi:type="SequencePoint" vc="2" uspid="9668" ordinal="0" offset="0" sl="2105" sc="33" el="2105" ec="37" bec="0" bev="0" fileid="294" />
            </Method>
            <Method visited="true" cyclomaticComplexity="1" nPathComplexity="0" sequenceCoverage="100" branchCoverage="100" isConstructor="false" isStatic="false" isGetter="true" isSetter="false">
              <Summary numSequencePoints="1" visitedSequencePoints="1" numBranchPoints="1" visitedBranchPoints="1" sequenceCoverage="100" branchCoverage="100" maxCyclomaticComplexity="1" minCyclomaticComplexity="1" visitedClasses="0" numClasses="0" visitedMethods="1" numMethods="1" />
              <MetadataToken>100667231</MetadataToken>
              <Name>IBM.Watson.DeveloperCloud.Services.AlchemyAPI.v1.AlchemyAPI/OnGetTitle IBM.Watson.DeveloperCloud.Services.AlchemyAPI.v1.AlchemyAPI/GetTitleRequest::get_Callback()</Name>
              <FileRef uid="294" />
              <SequencePoints>
                <SequencePoint vc="4" uspid="9669" ordinal="0" offset="0" sl="2109" sc="36" el="2109" ec="40" bec="0" bev="0" fileid="294" />
              </SequencePoints>
              <BranchPoints />
              <MethodPoint xsi:type="SequencePoint" vc="4" uspid="9669" ordinal="0" offset="0" sl="2109" sc="36" el="2109" ec="40" bec="0" bev="0" fileid="294" />
            </Method>
            <Method visited="true" cyclomaticComplexity="1" nPathComplexity="0" sequenceCoverage="100" branchCoverage="100" isConstructor="false" isStatic="false" isGetter="false" isSetter="true">
              <Summary numSequencePoints="1" visitedSequencePoints="1" numBranchPoints="1" visitedBranchPoints="1" sequenceCoverage="100" branchCoverage="100" maxCyclomaticComplexity="1" minCyclomaticComplexity="1" visitedClasses="0" numClasses="0" visitedMethods="1" numMethods="1" />
              <MetadataToken>100667232</MetadataToken>
              <Name>System.Void IBM.Watson.DeveloperCloud.Services.AlchemyAPI.v1.AlchemyAPI/GetTitleRequest::set_Callback(IBM.Watson.DeveloperCloud.Services.AlchemyAPI.v1.AlchemyAPI/OnGetTitle)</Name>
              <FileRef uid="294" />
              <SequencePoints>
                <SequencePoint vc="2" uspid="9670" ordinal="0" offset="0" sl="2109" sc="41" el="2109" ec="45" bec="0" bev="0" fileid="294" />
              </SequencePoints>
              <BranchPoints />
              <MethodPoint xsi:type="SequencePoint" vc="2" uspid="9670" ordinal="0" offset="0" sl="2109" sc="41" el="2109" ec="45" bec="0" bev="0" fileid="294" />
            </Method>
            <Method visited="true" cyclomaticComplexity="1" nPathComplexity="0" sequenceCoverage="0" branchCoverage="0" isConstructor="true" isStatic="false" isGetter="false" isSetter="false">
              <Summary numSequencePoints="0" visitedSequencePoints="0" numBranchPoints="0" visitedBranchPoints="0" sequenceCoverage="0" branchCoverage="0" maxCyclomaticComplexity="1" minCyclomaticComplexity="1" visitedClasses="0" numClasses="0" visitedMethods="0" numMethods="0" />
              <MetadataToken>100667233</MetadataToken>
              <Name>System.Void IBM.Watson.DeveloperCloud.Services.AlchemyAPI.v1.AlchemyAPI/GetTitleRequest::.ctor()</Name>
              <SequencePoints />
              <BranchPoints />
              <MethodPoint vc="2" uspid="9671" ordinal="0" offset="0" />
            </Method>
          </Methods>
        </Class>
        <Class>
          <Summary numSequencePoints="0" visitedSequencePoints="0" numBranchPoints="0" visitedBranchPoints="0" sequenceCoverage="0" branchCoverage="0" maxCyclomaticComplexity="0" minCyclomaticComplexity="0" visitedClasses="0" numClasses="0" visitedMethods="0" numMethods="0" />
          <FullName>IBM.Watson.DeveloperCloud.Services.AlchemyAPI.v1.AlchemyAPI/OnGetCombinedData</FullName>
          <Methods>
            <Method skippedDueTo="Unknown" visited="false" cyclomaticComplexity="0" nPathComplexity="0" sequenceCoverage="0" branchCoverage="0" isConstructor="true" isStatic="false" isGetter="false" isSetter="false">
              <MetadataToken>100667234</MetadataToken>
              <Name>System.Void IBM.Watson.DeveloperCloud.Services.AlchemyAPI.v1.AlchemyAPI/OnGetCombinedData::.ctor(System.Object,System.IntPtr)</Name>
              <SequencePoints />
              <BranchPoints />
            </Method>
            <Method skippedDueTo="Unknown" visited="false" cyclomaticComplexity="0" nPathComplexity="0" sequenceCoverage="0" branchCoverage="0" isConstructor="false" isStatic="false" isGetter="false" isSetter="false">
              <MetadataToken>100667235</MetadataToken>
              <Name>System.Void IBM.Watson.DeveloperCloud.Services.AlchemyAPI.v1.AlchemyAPI/OnGetCombinedData::Invoke(IBM.Watson.DeveloperCloud.Services.AlchemyAPI.v1.CombinedCallData,System.String)</Name>
              <SequencePoints />
              <BranchPoints />
            </Method>
            <Method skippedDueTo="Unknown" visited="false" cyclomaticComplexity="0" nPathComplexity="0" sequenceCoverage="0" branchCoverage="0" isConstructor="false" isStatic="false" isGetter="false" isSetter="false">
              <MetadataToken>100667236</MetadataToken>
              <Name>System.IAsyncResult IBM.Watson.DeveloperCloud.Services.AlchemyAPI.v1.AlchemyAPI/OnGetCombinedData::BeginInvoke(IBM.Watson.DeveloperCloud.Services.AlchemyAPI.v1.CombinedCallData,System.String,System.AsyncCallback,System.Object)</Name>
              <SequencePoints />
              <BranchPoints />
            </Method>
            <Method skippedDueTo="Unknown" visited="false" cyclomaticComplexity="0" nPathComplexity="0" sequenceCoverage="0" branchCoverage="0" isConstructor="false" isStatic="false" isGetter="false" isSetter="false">
              <MetadataToken>100667237</MetadataToken>
              <Name>System.Void IBM.Watson.DeveloperCloud.Services.AlchemyAPI.v1.AlchemyAPI/OnGetCombinedData::EndInvoke(System.IAsyncResult)</Name>
              <SequencePoints />
              <BranchPoints />
            </Method>
          </Methods>
        </Class>
        <Class>
          <Summary numSequencePoints="4" visitedSequencePoints="4" numBranchPoints="4" visitedBranchPoints="4" sequenceCoverage="100" branchCoverage="100" maxCyclomaticComplexity="1" minCyclomaticComplexity="1" visitedClasses="1" numClasses="1" visitedMethods="4" numMethods="4" />
          <FullName>IBM.Watson.DeveloperCloud.Services.AlchemyAPI.v1.AlchemyAPI/CombinedCallRequest</FullName>
          <Methods>
            <Method visited="true" cyclomaticComplexity="1" nPathComplexity="0" sequenceCoverage="100" branchCoverage="100" isConstructor="false" isStatic="false" isGetter="true" isSetter="false">
              <Summary numSequencePoints="1" visitedSequencePoints="1" numBranchPoints="1" visitedBranchPoints="1" sequenceCoverage="100" branchCoverage="100" maxCyclomaticComplexity="1" minCyclomaticComplexity="1" visitedClasses="0" numClasses="0" visitedMethods="1" numMethods="1" />
              <MetadataToken>100667238</MetadataToken>
              <Name>System.String IBM.Watson.DeveloperCloud.Services.AlchemyAPI.v1.AlchemyAPI/CombinedCallRequest::get_Data()</Name>
              <FileRef uid="294" />
              <SequencePoints>
                <SequencePoint vc="3" uspid="9672" ordinal="0" offset="0" sl="2307" sc="28" el="2307" ec="32" bec="0" bev="0" fileid="294" />
              </SequencePoints>
              <BranchPoints />
              <MethodPoint xsi:type="SequencePoint" vc="3" uspid="9672" ordinal="0" offset="0" sl="2307" sc="28" el="2307" ec="32" bec="0" bev="0" fileid="294" />
            </Method>
            <Method visited="true" cyclomaticComplexity="1" nPathComplexity="0" sequenceCoverage="100" branchCoverage="100" isConstructor="false" isStatic="false" isGetter="false" isSetter="true">
              <Summary numSequencePoints="1" visitedSequencePoints="1" numBranchPoints="1" visitedBranchPoints="1" sequenceCoverage="100" branchCoverage="100" maxCyclomaticComplexity="1" minCyclomaticComplexity="1" visitedClasses="0" numClasses="0" visitedMethods="1" numMethods="1" />
              <MetadataToken>100667239</MetadataToken>
              <Name>System.Void IBM.Watson.DeveloperCloud.Services.AlchemyAPI.v1.AlchemyAPI/CombinedCallRequest::set_Data(System.String)</Name>
              <FileRef uid="294" />
              <SequencePoints>
                <SequencePoint vc="3" uspid="9673" ordinal="0" offset="0" sl="2307" sc="33" el="2307" ec="37" bec="0" bev="0" fileid="294" />
              </SequencePoints>
              <BranchPoints />
              <MethodPoint xsi:type="SequencePoint" vc="3" uspid="9673" ordinal="0" offset="0" sl="2307" sc="33" el="2307" ec="37" bec="0" bev="0" fileid="294" />
            </Method>
            <Method visited="true" cyclomaticComplexity="1" nPathComplexity="0" sequenceCoverage="100" branchCoverage="100" isConstructor="false" isStatic="false" isGetter="true" isSetter="false">
              <Summary numSequencePoints="1" visitedSequencePoints="1" numBranchPoints="1" visitedBranchPoints="1" sequenceCoverage="100" branchCoverage="100" maxCyclomaticComplexity="1" minCyclomaticComplexity="1" visitedClasses="0" numClasses="0" visitedMethods="1" numMethods="1" />
              <MetadataToken>100667240</MetadataToken>
              <Name>IBM.Watson.DeveloperCloud.Services.AlchemyAPI.v1.AlchemyAPI/OnGetCombinedData IBM.Watson.DeveloperCloud.Services.AlchemyAPI.v1.AlchemyAPI/CombinedCallRequest::get_Callback()</Name>
              <FileRef uid="294" />
              <SequencePoints>
                <SequencePoint vc="6" uspid="9674" ordinal="0" offset="0" sl="2311" sc="43" el="2311" ec="47" bec="0" bev="0" fileid="294" />
              </SequencePoints>
              <BranchPoints />
              <MethodPoint xsi:type="SequencePoint" vc="6" uspid="9674" ordinal="0" offset="0" sl="2311" sc="43" el="2311" ec="47" bec="0" bev="0" fileid="294" />
            </Method>
            <Method visited="true" cyclomaticComplexity="1" nPathComplexity="0" sequenceCoverage="100" branchCoverage="100" isConstructor="false" isStatic="false" isGetter="false" isSetter="true">
              <Summary numSequencePoints="1" visitedSequencePoints="1" numBranchPoints="1" visitedBranchPoints="1" sequenceCoverage="100" branchCoverage="100" maxCyclomaticComplexity="1" minCyclomaticComplexity="1" visitedClasses="0" numClasses="0" visitedMethods="1" numMethods="1" />
              <MetadataToken>100667241</MetadataToken>
              <Name>System.Void IBM.Watson.DeveloperCloud.Services.AlchemyAPI.v1.AlchemyAPI/CombinedCallRequest::set_Callback(IBM.Watson.DeveloperCloud.Services.AlchemyAPI.v1.AlchemyAPI/OnGetCombinedData)</Name>
              <FileRef uid="294" />
              <SequencePoints>
                <SequencePoint vc="3" uspid="9675" ordinal="0" offset="0" sl="2311" sc="48" el="2311" ec="52" bec="0" bev="0" fileid="294" />
              </SequencePoints>
              <BranchPoints />
              <MethodPoint xsi:type="SequencePoint" vc="3" uspid="9675" ordinal="0" offset="0" sl="2311" sc="48" el="2311" ec="52" bec="0" bev="0" fileid="294" />
            </Method>
            <Method visited="true" cyclomaticComplexity="1" nPathComplexity="0" sequenceCoverage="0" branchCoverage="0" isConstructor="true" isStatic="false" isGetter="false" isSetter="false">
              <Summary numSequencePoints="0" visitedSequencePoints="0" numBranchPoints="0" visitedBranchPoints="0" sequenceCoverage="0" branchCoverage="0" maxCyclomaticComplexity="1" minCyclomaticComplexity="1" visitedClasses="0" numClasses="0" visitedMethods="0" numMethods="0" />
              <MetadataToken>100667242</MetadataToken>
              <Name>System.Void IBM.Watson.DeveloperCloud.Services.AlchemyAPI.v1.AlchemyAPI/CombinedCallRequest::.ctor()</Name>
              <SequencePoints />
              <BranchPoints />
              <MethodPoint vc="3" uspid="9676" ordinal="0" offset="0" />
            </Method>
          </Methods>
        </Class>
        <Class>
          <Summary numSequencePoints="0" visitedSequencePoints="0" numBranchPoints="0" visitedBranchPoints="0" sequenceCoverage="0" branchCoverage="0" maxCyclomaticComplexity="0" minCyclomaticComplexity="0" visitedClasses="0" numClasses="0" visitedMethods="0" numMethods="0" />
          <FullName>IBM.Watson.DeveloperCloud.Services.AlchemyAPI.v1.AlchemyAPI/OnGetNews</FullName>
          <Methods>
            <Method skippedDueTo="Unknown" visited="false" cyclomaticComplexity="0" nPathComplexity="0" sequenceCoverage="0" branchCoverage="0" isConstructor="true" isStatic="false" isGetter="false" isSetter="false">
              <MetadataToken>100667243</MetadataToken>
              <Name>System.Void IBM.Watson.DeveloperCloud.Services.AlchemyAPI.v1.AlchemyAPI/OnGetNews::.ctor(System.Object,System.IntPtr)</Name>
              <SequencePoints />
              <BranchPoints />
            </Method>
            <Method skippedDueTo="Unknown" visited="false" cyclomaticComplexity="0" nPathComplexity="0" sequenceCoverage="0" branchCoverage="0" isConstructor="false" isStatic="false" isGetter="false" isSetter="false">
              <MetadataToken>100667244</MetadataToken>
              <Name>System.Void IBM.Watson.DeveloperCloud.Services.AlchemyAPI.v1.AlchemyAPI/OnGetNews::Invoke(IBM.Watson.DeveloperCloud.Services.AlchemyAPI.v1.NewsResponse,System.String)</Name>
              <SequencePoints />
              <BranchPoints />
            </Method>
            <Method skippedDueTo="Unknown" visited="false" cyclomaticComplexity="0" nPathComplexity="0" sequenceCoverage="0" branchCoverage="0" isConstructor="false" isStatic="false" isGetter="false" isSetter="false">
              <MetadataToken>100667245</MetadataToken>
              <Name>System.IAsyncResult IBM.Watson.DeveloperCloud.Services.AlchemyAPI.v1.AlchemyAPI/OnGetNews::BeginInvoke(IBM.Watson.DeveloperCloud.Services.AlchemyAPI.v1.NewsResponse,System.String,System.AsyncCallback,System.Object)</Name>
              <SequencePoints />
              <BranchPoints />
            </Method>
            <Method skippedDueTo="Unknown" visited="false" cyclomaticComplexity="0" nPathComplexity="0" sequenceCoverage="0" branchCoverage="0" isConstructor="false" isStatic="false" isGetter="false" isSetter="false">
              <MetadataToken>100667246</MetadataToken>
              <Name>System.Void IBM.Watson.DeveloperCloud.Services.AlchemyAPI.v1.AlchemyAPI/OnGetNews::EndInvoke(System.IAsyncResult)</Name>
              <SequencePoints />
              <BranchPoints />
            </Method>
          </Methods>
        </Class>
        <Class>
          <Summary numSequencePoints="4" visitedSequencePoints="4" numBranchPoints="4" visitedBranchPoints="4" sequenceCoverage="100" branchCoverage="100" maxCyclomaticComplexity="1" minCyclomaticComplexity="1" visitedClasses="1" numClasses="1" visitedMethods="4" numMethods="4" />
          <FullName>IBM.Watson.DeveloperCloud.Services.AlchemyAPI.v1.AlchemyAPI/GetNewsRequest</FullName>
          <Methods>
            <Method visited="true" cyclomaticComplexity="1" nPathComplexity="0" sequenceCoverage="100" branchCoverage="100" isConstructor="false" isStatic="false" isGetter="true" isSetter="false">
              <Summary numSequencePoints="1" visitedSequencePoints="1" numBranchPoints="1" visitedBranchPoints="1" sequenceCoverage="100" branchCoverage="100" maxCyclomaticComplexity="1" minCyclomaticComplexity="1" visitedClasses="0" numClasses="0" visitedMethods="1" numMethods="1" />
              <MetadataToken>100667247</MetadataToken>
              <Name>System.String IBM.Watson.DeveloperCloud.Services.AlchemyAPI.v1.AlchemyAPI/GetNewsRequest::get_Data()</Name>
              <FileRef uid="294" />
              <SequencePoints>
                <SequencePoint vc="1" uspid="9677" ordinal="0" offset="0" sl="2411" sc="28" el="2411" ec="32" bec="0" bev="0" fileid="294" />
              </SequencePoints>
              <BranchPoints />
              <MethodPoint xsi:type="SequencePoint" vc="1" uspid="9677" ordinal="0" offset="0" sl="2411" sc="28" el="2411" ec="32" bec="0" bev="0" fileid="294" />
            </Method>
            <Method visited="true" cyclomaticComplexity="1" nPathComplexity="0" sequenceCoverage="100" branchCoverage="100" isConstructor="false" isStatic="false" isGetter="false" isSetter="true">
              <Summary numSequencePoints="1" visitedSequencePoints="1" numBranchPoints="1" visitedBranchPoints="1" sequenceCoverage="100" branchCoverage="100" maxCyclomaticComplexity="1" minCyclomaticComplexity="1" visitedClasses="0" numClasses="0" visitedMethods="1" numMethods="1" />
              <MetadataToken>100667248</MetadataToken>
              <Name>System.Void IBM.Watson.DeveloperCloud.Services.AlchemyAPI.v1.AlchemyAPI/GetNewsRequest::set_Data(System.String)</Name>
              <FileRef uid="294" />
              <SequencePoints>
                <SequencePoint vc="1" uspid="9678" ordinal="0" offset="0" sl="2411" sc="33" el="2411" ec="37" bec="0" bev="0" fileid="294" />
              </SequencePoints>
              <BranchPoints />
              <MethodPoint xsi:type="SequencePoint" vc="1" uspid="9678" ordinal="0" offset="0" sl="2411" sc="33" el="2411" ec="37" bec="0" bev="0" fileid="294" />
            </Method>
            <Method visited="true" cyclomaticComplexity="1" nPathComplexity="0" sequenceCoverage="100" branchCoverage="100" isConstructor="false" isStatic="false" isGetter="true" isSetter="false">
              <Summary numSequencePoints="1" visitedSequencePoints="1" numBranchPoints="1" visitedBranchPoints="1" sequenceCoverage="100" branchCoverage="100" maxCyclomaticComplexity="1" minCyclomaticComplexity="1" visitedClasses="0" numClasses="0" visitedMethods="1" numMethods="1" />
              <MetadataToken>100667249</MetadataToken>
              <Name>IBM.Watson.DeveloperCloud.Services.AlchemyAPI.v1.AlchemyAPI/OnGetNews IBM.Watson.DeveloperCloud.Services.AlchemyAPI.v1.AlchemyAPI/GetNewsRequest::get_Callback()</Name>
              <FileRef uid="294" />
              <SequencePoints>
                <SequencePoint vc="2" uspid="9679" ordinal="0" offset="0" sl="2415" sc="35" el="2415" ec="39" bec="0" bev="0" fileid="294" />
              </SequencePoints>
              <BranchPoints />
              <MethodPoint xsi:type="SequencePoint" vc="2" uspid="9679" ordinal="0" offset="0" sl="2415" sc="35" el="2415" ec="39" bec="0" bev="0" fileid="294" />
            </Method>
            <Method visited="true" cyclomaticComplexity="1" nPathComplexity="0" sequenceCoverage="100" branchCoverage="100" isConstructor="false" isStatic="false" isGetter="false" isSetter="true">
              <Summary numSequencePoints="1" visitedSequencePoints="1" numBranchPoints="1" visitedBranchPoints="1" sequenceCoverage="100" branchCoverage="100" maxCyclomaticComplexity="1" minCyclomaticComplexity="1" visitedClasses="0" numClasses="0" visitedMethods="1" numMethods="1" />
              <MetadataToken>100667250</MetadataToken>
              <Name>System.Void IBM.Watson.DeveloperCloud.Services.AlchemyAPI.v1.AlchemyAPI/GetNewsRequest::set_Callback(IBM.Watson.DeveloperCloud.Services.AlchemyAPI.v1.AlchemyAPI/OnGetNews)</Name>
              <FileRef uid="294" />
              <SequencePoints>
                <SequencePoint vc="1" uspid="9680" ordinal="0" offset="0" sl="2415" sc="40" el="2415" ec="44" bec="0" bev="0" fileid="294" />
              </SequencePoints>
              <BranchPoints />
              <MethodPoint xsi:type="SequencePoint" vc="1" uspid="9680" ordinal="0" offset="0" sl="2415" sc="40" el="2415" ec="44" bec="0" bev="0" fileid="294" />
            </Method>
            <Method visited="true" cyclomaticComplexity="1" nPathComplexity="0" sequenceCoverage="0" branchCoverage="0" isConstructor="true" isStatic="false" isGetter="false" isSetter="false">
              <Summary numSequencePoints="0" visitedSequencePoints="0" numBranchPoints="0" visitedBranchPoints="0" sequenceCoverage="0" branchCoverage="0" maxCyclomaticComplexity="1" minCyclomaticComplexity="1" visitedClasses="0" numClasses="0" visitedMethods="0" numMethods="0" />
              <MetadataToken>100667251</MetadataToken>
              <Name>System.Void IBM.Watson.DeveloperCloud.Services.AlchemyAPI.v1.AlchemyAPI/GetNewsRequest::.ctor()</Name>
              <SequencePoints />
              <BranchPoints />
              <MethodPoint vc="1" uspid="9681" ordinal="0" offset="0" />
            </Method>
          </Methods>
        </Class>
        <Class>
          <Summary numSequencePoints="9" visitedSequencePoints="0" numBranchPoints="6" visitedBranchPoints="0" sequenceCoverage="0" branchCoverage="0" maxCyclomaticComplexity="2" minCyclomaticComplexity="2" visitedClasses="0" numClasses="1" visitedMethods="0" numMethods="2" />
          <FullName>IBM.Watson.DeveloperCloud.Services.AlchemyAPI.v1.AlchemyAPI/CheckServiceStatus</FullName>
          <Methods>
            <Method visited="false" cyclomaticComplexity="2" nPathComplexity="2" sequenceCoverage="0" branchCoverage="0" isConstructor="true" isStatic="false" isGetter="false" isSetter="false">
              <Summary numSequencePoints="6" visitedSequencePoints="0" numBranchPoints="3" visitedBranchPoints="0" sequenceCoverage="0" branchCoverage="0" maxCyclomaticComplexity="2" minCyclomaticComplexity="2" visitedClasses="0" numClasses="0" visitedMethods="0" numMethods="1" />
              <MetadataToken>100667252</MetadataToken>
              <Name>System.Void IBM.Watson.DeveloperCloud.Services.AlchemyAPI.v1.AlchemyAPI/CheckServiceStatus::.ctor(IBM.Watson.DeveloperCloud.Services.AlchemyAPI.v1.AlchemyAPI,IBM.Watson.DeveloperCloud.Services.ServiceStatus)</Name>
              <FileRef uid="294" />
              <SequencePoints>
                <SequencePoint vc="0" uspid="9682" ordinal="0" offset="0" sl="2468" sc="7" el="2468" ec="76" bec="0" bev="0" fileid="294" />
                <SequencePoint vc="0" uspid="9683" ordinal="1" offset="6" sl="2470" sc="9" el="2470" ec="29" bec="0" bev="0" fileid="294" />
                <SequencePoint vc="0" uspid="9684" ordinal="2" offset="13" sl="2471" sc="9" el="2471" ec="31" bec="0" bev="0" fileid="294" />
                <SequencePoint vc="0" uspid="9685" ordinal="3" offset="20" sl="2473" sc="9" el="2473" ec="71" bec="2" bev="0" fileid="294" />
                <SequencePoint vc="0" uspid="9686" ordinal="4" offset="61" sl="2474" sc="11" el="2474" ec="41" bec="0" bev="0" fileid="294" />
                <SequencePoint vc="0" uspid="9687" ordinal="5" offset="78" sl="2475" sc="7" el="2475" ec="8" bec="0" bev="0" fileid="294" />
              </SequencePoints>
              <BranchPoints>
                <BranchPoint vc="0" uspid="9688" ordinal="0" offset="59" sl="2473" path="0" offsetend="61" fileid="294" />
                <BranchPoint vc="0" uspid="9689" ordinal="1" offset="59" sl="2473" path="1" offsetend="78" fileid="294" />
              </BranchPoints>
              <MethodPoint xsi:type="SequencePoint" vc="0" uspid="9682" ordinal="0" offset="0" sl="2468" sc="7" el="2468" ec="76" bec="0" bev="0" fileid="294" />
            </Method>
            <Method visited="false" cyclomaticComplexity="2" nPathComplexity="2" sequenceCoverage="0" branchCoverage="0" isConstructor="false" isStatic="false" isGetter="false" isSetter="false">
              <Summary numSequencePoints="3" visitedSequencePoints="0" numBranchPoints="3" visitedBranchPoints="0" sequenceCoverage="0" branchCoverage="0" maxCyclomaticComplexity="2" minCyclomaticComplexity="2" visitedClasses="0" numClasses="0" visitedMethods="0" numMethods="1" />
              <MetadataToken>100667253</MetadataToken>
              <Name>System.Void IBM.Watson.DeveloperCloud.Services.AlchemyAPI.v1.AlchemyAPI/CheckServiceStatus::OnGetEntityExtraction(IBM.Watson.DeveloperCloud.Services.AlchemyAPI.v1.EntityData,System.String)</Name>
              <FileRef uid="294" />
              <SequencePoints>
                <SequencePoint vc="0" uspid="9690" ordinal="0" offset="0" sl="2479" sc="9" el="2479" ec="32" bec="2" bev="0" fileid="294" />
                <SequencePoint vc="0" uspid="9691" ordinal="1" offset="8" sl="2480" sc="11" el="2480" ec="64" bec="0" bev="0" fileid="294" />
                <SequencePoint vc="0" uspid="9692" ordinal="2" offset="28" sl="2481" sc="7" el="2481" ec="8" bec="0" bev="0" fileid="294" />
              </SequencePoints>
              <BranchPoints>
                <BranchPoint vc="0" uspid="9693" ordinal="0" offset="6" sl="2479" path="0" offsetend="8" fileid="294" />
                <BranchPoint vc="0" uspid="9694" ordinal="1" offset="6" sl="2479" path="1" offsetend="28" fileid="294" />
              </BranchPoints>
              <MethodPoint xsi:type="SequencePoint" vc="0" uspid="9690" ordinal="0" offset="0" sl="2479" sc="9" el="2479" ec="32" bec="2" bev="0" fileid="294" />
            </Method>
          </Methods>
        </Class>
        <Class>
          <Summary numSequencePoints="0" visitedSequencePoints="0" numBranchPoints="0" visitedBranchPoints="0" sequenceCoverage="0" branchCoverage="0" maxCyclomaticComplexity="1" minCyclomaticComplexity="1" visitedClasses="0" numClasses="0" visitedMethods="0" numMethods="0" />
          <FullName>IBM.Watson.DeveloperCloud.Services.AlchemyAPI.v1.CombinedCallData</FullName>
          <Methods>
            <Method visited="true" cyclomaticComplexity="1" nPathComplexity="0" sequenceCoverage="0" branchCoverage="0" isConstructor="true" isStatic="false" isGetter="false" isSetter="false">
              <Summary numSequencePoints="0" visitedSequencePoints="0" numBranchPoints="0" visitedBranchPoints="0" sequenceCoverage="0" branchCoverage="0" maxCyclomaticComplexity="1" minCyclomaticComplexity="1" visitedClasses="0" numClasses="0" visitedMethods="0" numMethods="0" />
              <MetadataToken>100665413</MetadataToken>
              <Name>System.Void IBM.Watson.DeveloperCloud.Services.AlchemyAPI.v1.CombinedCallData::.ctor()</Name>
              <SequencePoints />
              <BranchPoints />
              <MethodPoint vc="3" uspid="9695" ordinal="0" offset="0" />
            </Method>
          </Methods>
        </Class>
        <Class>
          <Summary numSequencePoints="0" visitedSequencePoints="0" numBranchPoints="0" visitedBranchPoints="0" sequenceCoverage="0" branchCoverage="0" maxCyclomaticComplexity="1" minCyclomaticComplexity="1" visitedClasses="0" numClasses="0" visitedMethods="0" numMethods="0" />
          <FullName>IBM.Watson.DeveloperCloud.Services.AlchemyAPI.v1.ImageKeyword</FullName>
          <Methods>
            <Method visited="true" cyclomaticComplexity="1" nPathComplexity="0" sequenceCoverage="0" branchCoverage="0" isConstructor="true" isStatic="false" isGetter="false" isSetter="false">
              <Summary numSequencePoints="0" visitedSequencePoints="0" numBranchPoints="0" visitedBranchPoints="0" sequenceCoverage="0" branchCoverage="0" maxCyclomaticComplexity="1" minCyclomaticComplexity="1" visitedClasses="0" numClasses="0" visitedMethods="0" numMethods="0" />
              <MetadataToken>100665418</MetadataToken>
              <Name>System.Void IBM.Watson.DeveloperCloud.Services.AlchemyAPI.v1.ImageKeyword::.ctor()</Name>
              <SequencePoints />
              <BranchPoints />
              <MethodPoint vc="5" uspid="9696" ordinal="0" offset="0" />
            </Method>
          </Methods>
        </Class>
        <Class>
          <Summary numSequencePoints="0" visitedSequencePoints="0" numBranchPoints="0" visitedBranchPoints="0" sequenceCoverage="0" branchCoverage="0" maxCyclomaticComplexity="1" minCyclomaticComplexity="1" visitedClasses="0" numClasses="0" visitedMethods="0" numMethods="0" />
          <FullName>IBM.Watson.DeveloperCloud.Services.AlchemyAPI.v1.AuthorsData</FullName>
          <Methods>
            <Method visited="true" cyclomaticComplexity="1" nPathComplexity="0" sequenceCoverage="0" branchCoverage="0" isConstructor="true" isStatic="false" isGetter="false" isSetter="false">
              <Summary numSequencePoints="0" visitedSequencePoints="0" numBranchPoints="0" visitedBranchPoints="0" sequenceCoverage="0" branchCoverage="0" maxCyclomaticComplexity="1" minCyclomaticComplexity="1" visitedClasses="0" numClasses="0" visitedMethods="0" numMethods="0" />
              <MetadataToken>100665425</MetadataToken>
              <Name>System.Void IBM.Watson.DeveloperCloud.Services.AlchemyAPI.v1.AuthorsData::.ctor()</Name>
              <SequencePoints />
              <BranchPoints />
              <MethodPoint vc="2" uspid="9697" ordinal="0" offset="0" />
            </Method>
          </Methods>
        </Class>
        <Class>
          <Summary numSequencePoints="0" visitedSequencePoints="0" numBranchPoints="0" visitedBranchPoints="0" sequenceCoverage="0" branchCoverage="0" maxCyclomaticComplexity="1" minCyclomaticComplexity="1" visitedClasses="0" numClasses="0" visitedMethods="0" numMethods="0" />
          <FullName>IBM.Watson.DeveloperCloud.Services.AlchemyAPI.v1.Authors</FullName>
          <Methods>
            <Method visited="true" cyclomaticComplexity="1" nPathComplexity="0" sequenceCoverage="0" branchCoverage="0" isConstructor="true" isStatic="false" isGetter="false" isSetter="false">
              <Summary numSequencePoints="0" visitedSequencePoints="0" numBranchPoints="0" visitedBranchPoints="0" sequenceCoverage="0" branchCoverage="0" maxCyclomaticComplexity="1" minCyclomaticComplexity="1" visitedClasses="0" numClasses="0" visitedMethods="0" numMethods="0" />
              <MetadataToken>100665430</MetadataToken>
              <Name>System.Void IBM.Watson.DeveloperCloud.Services.AlchemyAPI.v1.Authors::.ctor()</Name>
              <SequencePoints />
              <BranchPoints />
              <MethodPoint vc="4" uspid="9698" ordinal="0" offset="0" />
            </Method>
          </Methods>
        </Class>
        <Class>
          <Summary numSequencePoints="0" visitedSequencePoints="0" numBranchPoints="0" visitedBranchPoints="0" sequenceCoverage="0" branchCoverage="0" maxCyclomaticComplexity="1" minCyclomaticComplexity="1" visitedClasses="0" numClasses="0" visitedMethods="0" numMethods="0" />
          <FullName>IBM.Watson.DeveloperCloud.Services.AlchemyAPI.v1.ConceptsData</FullName>
          <Methods>
            <Method visited="true" cyclomaticComplexity="1" nPathComplexity="0" sequenceCoverage="0" branchCoverage="0" isConstructor="true" isStatic="false" isGetter="false" isSetter="false">
              <Summary numSequencePoints="0" visitedSequencePoints="0" numBranchPoints="0" visitedBranchPoints="0" sequenceCoverage="0" branchCoverage="0" maxCyclomaticComplexity="1" minCyclomaticComplexity="1" visitedClasses="0" numClasses="0" visitedMethods="0" numMethods="0" />
              <MetadataToken>100665441</MetadataToken>
              <Name>System.Void IBM.Watson.DeveloperCloud.Services.AlchemyAPI.v1.ConceptsData::.ctor()</Name>
              <SequencePoints />
              <BranchPoints />
              <MethodPoint vc="3" uspid="9699" ordinal="0" offset="0" />
            </Method>
          </Methods>
        </Class>
        <Class>
          <Summary numSequencePoints="0" visitedSequencePoints="0" numBranchPoints="0" visitedBranchPoints="0" sequenceCoverage="0" branchCoverage="0" maxCyclomaticComplexity="1" minCyclomaticComplexity="1" visitedClasses="0" numClasses="0" visitedMethods="0" numMethods="0" />
          <FullName>IBM.Watson.DeveloperCloud.Services.AlchemyAPI.v1.Concept</FullName>
          <Methods>
            <Method visited="true" cyclomaticComplexity="1" nPathComplexity="0" sequenceCoverage="0" branchCoverage="0" isConstructor="true" isStatic="false" isGetter="false" isSetter="false">
              <Summary numSequencePoints="0" visitedSequencePoints="0" numBranchPoints="0" visitedBranchPoints="0" sequenceCoverage="0" branchCoverage="0" maxCyclomaticComplexity="1" minCyclomaticComplexity="1" visitedClasses="0" numClasses="0" visitedMethods="0" numMethods="0" />
              <MetadataToken>100665470</MetadataToken>
              <Name>System.Void IBM.Watson.DeveloperCloud.Services.AlchemyAPI.v1.Concept::.ctor()</Name>
              <SequencePoints />
              <BranchPoints />
              <MethodPoint vc="67" uspid="9700" ordinal="0" offset="0" />
            </Method>
          </Methods>
        </Class>
        <Class>
          <Summary numSequencePoints="0" visitedSequencePoints="0" numBranchPoints="0" visitedBranchPoints="0" sequenceCoverage="0" branchCoverage="0" maxCyclomaticComplexity="1" minCyclomaticComplexity="1" visitedClasses="0" numClasses="0" visitedMethods="0" numMethods="0" />
          <FullName>IBM.Watson.DeveloperCloud.Services.AlchemyAPI.v1.DateData</FullName>
          <Methods>
            <Method visited="true" cyclomaticComplexity="1" nPathComplexity="0" sequenceCoverage="0" branchCoverage="0" isConstructor="true" isStatic="false" isGetter="false" isSetter="false">
              <Summary numSequencePoints="0" visitedSequencePoints="0" numBranchPoints="0" visitedBranchPoints="0" sequenceCoverage="0" branchCoverage="0" maxCyclomaticComplexity="1" minCyclomaticComplexity="1" visitedClasses="0" numClasses="0" visitedMethods="0" numMethods="0" />
              <MetadataToken>100665481</MetadataToken>
              <Name>System.Void IBM.Watson.DeveloperCloud.Services.AlchemyAPI.v1.DateData::.ctor()</Name>
              <SequencePoints />
              <BranchPoints />
              <MethodPoint vc="3" uspid="9701" ordinal="0" offset="0" />
            </Method>
          </Methods>
        </Class>
        <Class>
          <Summary numSequencePoints="0" visitedSequencePoints="0" numBranchPoints="0" visitedBranchPoints="0" sequenceCoverage="0" branchCoverage="0" maxCyclomaticComplexity="1" minCyclomaticComplexity="1" visitedClasses="0" numClasses="0" visitedMethods="0" numMethods="0" />
          <FullName>IBM.Watson.DeveloperCloud.Services.AlchemyAPI.v1.Date</FullName>
          <Methods>
            <Method visited="true" cyclomaticComplexity="1" nPathComplexity="0" sequenceCoverage="0" branchCoverage="0" isConstructor="true" isStatic="false" isGetter="false" isSetter="false">
              <Summary numSequencePoints="0" visitedSequencePoints="0" numBranchPoints="0" visitedBranchPoints="0" sequenceCoverage="0" branchCoverage="0" maxCyclomaticComplexity="1" minCyclomaticComplexity="1" visitedClasses="0" numClasses="0" visitedMethods="0" numMethods="0" />
              <MetadataToken>100665487</MetadataToken>
              <Name>System.Void IBM.Watson.DeveloperCloud.Services.AlchemyAPI.v1.Date::.ctor()</Name>
              <SequencePoints />
              <BranchPoints />
              <MethodPoint vc="18" uspid="9702" ordinal="0" offset="0" />
            </Method>
          </Methods>
        </Class>
        <Class>
          <Summary numSequencePoints="0" visitedSequencePoints="0" numBranchPoints="0" visitedBranchPoints="0" sequenceCoverage="0" branchCoverage="0" maxCyclomaticComplexity="1" minCyclomaticComplexity="1" visitedClasses="0" numClasses="0" visitedMethods="0" numMethods="0" />
          <FullName>IBM.Watson.DeveloperCloud.Services.AlchemyAPI.v1.EmotionData</FullName>
          <Methods>
            <Method visited="true" cyclomaticComplexity="1" nPathComplexity="0" sequenceCoverage="0" branchCoverage="0" isConstructor="true" isStatic="false" isGetter="false" isSetter="false">
              <Summary numSequencePoints="0" visitedSequencePoints="0" numBranchPoints="0" visitedBranchPoints="0" sequenceCoverage="0" branchCoverage="0" maxCyclomaticComplexity="1" minCyclomaticComplexity="1" visitedClasses="0" numClasses="0" visitedMethods="0" numMethods="0" />
              <MetadataToken>100665498</MetadataToken>
              <Name>System.Void IBM.Watson.DeveloperCloud.Services.AlchemyAPI.v1.EmotionData::.ctor()</Name>
              <SequencePoints />
              <BranchPoints />
              <MethodPoint vc="3" uspid="9703" ordinal="0" offset="0" />
            </Method>
          </Methods>
        </Class>
        <Class>
          <Summary numSequencePoints="0" visitedSequencePoints="0" numBranchPoints="0" visitedBranchPoints="0" sequenceCoverage="0" branchCoverage="0" maxCyclomaticComplexity="1" minCyclomaticComplexity="1" visitedClasses="0" numClasses="0" visitedMethods="0" numMethods="0" />
          <FullName>IBM.Watson.DeveloperCloud.Services.AlchemyAPI.v1.DocEmotions</FullName>
          <Methods>
            <Method visited="true" cyclomaticComplexity="1" nPathComplexity="0" sequenceCoverage="0" branchCoverage="0" isConstructor="true" isStatic="false" isGetter="false" isSetter="false">
              <Summary numSequencePoints="0" visitedSequencePoints="0" numBranchPoints="0" visitedBranchPoints="0" sequenceCoverage="0" branchCoverage="0" maxCyclomaticComplexity="1" minCyclomaticComplexity="1" visitedClasses="0" numClasses="0" visitedMethods="0" numMethods="0" />
              <MetadataToken>100665509</MetadataToken>
              <Name>System.Void IBM.Watson.DeveloperCloud.Services.AlchemyAPI.v1.DocEmotions::.ctor()</Name>
              <SequencePoints />
              <BranchPoints />
              <MethodPoint vc="3" uspid="9704" ordinal="0" offset="0" />
            </Method>
          </Methods>
        </Class>
        <Class>
          <Summary numSequencePoints="0" visitedSequencePoints="0" numBranchPoints="0" visitedBranchPoints="0" sequenceCoverage="0" branchCoverage="0" maxCyclomaticComplexity="1" minCyclomaticComplexity="1" visitedClasses="0" numClasses="0" visitedMethods="0" numMethods="0" />
          <FullName>IBM.Watson.DeveloperCloud.Services.AlchemyAPI.v1.EntityData</FullName>
          <Methods>
            <Method visited="true" cyclomaticComplexity="1" nPathComplexity="0" sequenceCoverage="0" branchCoverage="0" isConstructor="true" isStatic="false" isGetter="false" isSetter="false">
              <Summary numSequencePoints="0" visitedSequencePoints="0" numBranchPoints="0" visitedBranchPoints="0" sequenceCoverage="0" branchCoverage="0" maxCyclomaticComplexity="1" minCyclomaticComplexity="1" visitedClasses="0" numClasses="0" visitedMethods="0" numMethods="0" />
              <MetadataToken>100665524</MetadataToken>
              <Name>System.Void IBM.Watson.DeveloperCloud.Services.AlchemyAPI.v1.EntityData::.ctor()</Name>
              <SequencePoints />
              <BranchPoints />
              <MethodPoint vc="3" uspid="9705" ordinal="0" offset="0" />
            </Method>
          </Methods>
        </Class>
        <Class>
          <Summary numSequencePoints="0" visitedSequencePoints="0" numBranchPoints="0" visitedBranchPoints="0" sequenceCoverage="0" branchCoverage="0" maxCyclomaticComplexity="1" minCyclomaticComplexity="1" visitedClasses="0" numClasses="0" visitedMethods="0" numMethods="0" />
          <FullName>IBM.Watson.DeveloperCloud.Services.AlchemyAPI.v1.FeedData</FullName>
          <Methods>
            <Method visited="true" cyclomaticComplexity="1" nPathComplexity="0" sequenceCoverage="0" branchCoverage="0" isConstructor="true" isStatic="false" isGetter="false" isSetter="false">
              <Summary numSequencePoints="0" visitedSequencePoints="0" numBranchPoints="0" visitedBranchPoints="0" sequenceCoverage="0" branchCoverage="0" maxCyclomaticComplexity="1" minCyclomaticComplexity="1" visitedClasses="0" numClasses="0" visitedMethods="0" numMethods="0" />
              <MetadataToken>100665557</MetadataToken>
              <Name>System.Void IBM.Watson.DeveloperCloud.Services.AlchemyAPI.v1.FeedData::.ctor()</Name>
              <SequencePoints />
              <BranchPoints />
              <MethodPoint vc="1" uspid="9706" ordinal="0" offset="0" />
            </Method>
          </Methods>
        </Class>
        <Class>
          <Summary numSequencePoints="0" visitedSequencePoints="0" numBranchPoints="0" visitedBranchPoints="0" sequenceCoverage="0" branchCoverage="0" maxCyclomaticComplexity="1" minCyclomaticComplexity="1" visitedClasses="0" numClasses="0" visitedMethods="0" numMethods="0" />
          <FullName>IBM.Watson.DeveloperCloud.Services.AlchemyAPI.v1.Feed</FullName>
          <Methods>
            <Method visited="true" cyclomaticComplexity="1" nPathComplexity="0" sequenceCoverage="0" branchCoverage="0" isConstructor="true" isStatic="false" isGetter="false" isSetter="false">
              <Summary numSequencePoints="0" visitedSequencePoints="0" numBranchPoints="0" visitedBranchPoints="0" sequenceCoverage="0" branchCoverage="0" maxCyclomaticComplexity="1" minCyclomaticComplexity="1" visitedClasses="0" numClasses="0" visitedMethods="0" numMethods="0" />
              <MetadataToken>100665560</MetadataToken>
              <Name>System.Void IBM.Watson.DeveloperCloud.Services.AlchemyAPI.v1.Feed::.ctor()</Name>
              <SequencePoints />
              <BranchPoints />
              <MethodPoint vc="32" uspid="9707" ordinal="0" offset="0" />
            </Method>
          </Methods>
        </Class>
        <Class>
          <Summary numSequencePoints="0" visitedSequencePoints="0" numBranchPoints="0" visitedBranchPoints="0" sequenceCoverage="0" branchCoverage="0" maxCyclomaticComplexity="1" minCyclomaticComplexity="1" visitedClasses="0" numClasses="0" visitedMethods="0" numMethods="0" />
          <FullName>IBM.Watson.DeveloperCloud.Services.AlchemyAPI.v1.KeywordData</FullName>
          <Methods>
            <Method visited="true" cyclomaticComplexity="1" nPathComplexity="0" sequenceCoverage="0" branchCoverage="0" isConstructor="true" isStatic="false" isGetter="false" isSetter="false">
              <Summary numSequencePoints="0" visitedSequencePoints="0" numBranchPoints="0" visitedBranchPoints="0" sequenceCoverage="0" branchCoverage="0" maxCyclomaticComplexity="1" minCyclomaticComplexity="1" visitedClasses="0" numClasses="0" visitedMethods="0" numMethods="0" />
              <MetadataToken>100665573</MetadataToken>
              <Name>System.Void IBM.Watson.DeveloperCloud.Services.AlchemyAPI.v1.KeywordData::.ctor()</Name>
              <SequencePoints />
              <BranchPoints />
              <MethodPoint vc="3" uspid="9708" ordinal="0" offset="0" />
            </Method>
          </Methods>
        </Class>
        <Class>
          <Summary numSequencePoints="0" visitedSequencePoints="0" numBranchPoints="0" visitedBranchPoints="0" sequenceCoverage="0" branchCoverage="0" maxCyclomaticComplexity="1" minCyclomaticComplexity="1" visitedClasses="0" numClasses="0" visitedMethods="0" numMethods="0" />
          <FullName>IBM.Watson.DeveloperCloud.Services.AlchemyAPI.v1.Keyword</FullName>
          <Methods>
            <Method visited="true" cyclomaticComplexity="1" nPathComplexity="0" sequenceCoverage="0" branchCoverage="0" isConstructor="true" isStatic="false" isGetter="false" isSetter="false">
              <Summary numSequencePoints="0" visitedSequencePoints="0" numBranchPoints="0" visitedBranchPoints="0" sequenceCoverage="0" branchCoverage="0" maxCyclomaticComplexity="1" minCyclomaticComplexity="1" visitedClasses="0" numClasses="0" visitedMethods="0" numMethods="0" />
              <MetadataToken>100665582</MetadataToken>
              <Name>System.Void IBM.Watson.DeveloperCloud.Services.AlchemyAPI.v1.Keyword::.ctor()</Name>
              <SequencePoints />
              <BranchPoints />
              <MethodPoint vc="1043" uspid="9709" ordinal="0" offset="0" />
            </Method>
          </Methods>
        </Class>
        <Class>
          <Summary numSequencePoints="0" visitedSequencePoints="0" numBranchPoints="0" visitedBranchPoints="0" sequenceCoverage="0" branchCoverage="0" maxCyclomaticComplexity="1" minCyclomaticComplexity="1" visitedClasses="0" numClasses="0" visitedMethods="0" numMethods="0" />
          <FullName>IBM.Watson.DeveloperCloud.Services.AlchemyAPI.v1.LanguageData</FullName>
          <Methods>
            <Method visited="true" cyclomaticComplexity="1" nPathComplexity="0" sequenceCoverage="0" branchCoverage="0" isConstructor="true" isStatic="false" isGetter="false" isSetter="false">
              <Summary numSequencePoints="0" visitedSequencePoints="0" numBranchPoints="0" visitedBranchPoints="0" sequenceCoverage="0" branchCoverage="0" maxCyclomaticComplexity="1" minCyclomaticComplexity="1" visitedClasses="0" numClasses="0" visitedMethods="0" numMethods="0" />
              <MetadataToken>100665601</MetadataToken>
              <Name>System.Void IBM.Watson.DeveloperCloud.Services.AlchemyAPI.v1.LanguageData::.ctor()</Name>
              <SequencePoints />
              <BranchPoints />
              <MethodPoint vc="3" uspid="9710" ordinal="0" offset="0" />
            </Method>
          </Methods>
        </Class>
        <Class>
          <Summary numSequencePoints="0" visitedSequencePoints="0" numBranchPoints="0" visitedBranchPoints="0" sequenceCoverage="0" branchCoverage="0" maxCyclomaticComplexity="1" minCyclomaticComplexity="1" visitedClasses="0" numClasses="0" visitedMethods="0" numMethods="0" />
          <FullName>IBM.Watson.DeveloperCloud.Services.AlchemyAPI.v1.MicroformatData</FullName>
          <Methods>
            <Method visited="true" cyclomaticComplexity="1" nPathComplexity="0" sequenceCoverage="0" branchCoverage="0" isConstructor="true" isStatic="false" isGetter="false" isSetter="false">
              <Summary numSequencePoints="0" visitedSequencePoints="0" numBranchPoints="0" visitedBranchPoints="0" sequenceCoverage="0" branchCoverage="0" maxCyclomaticComplexity="1" minCyclomaticComplexity="1" visitedClasses="0" numClasses="0" visitedMethods="0" numMethods="0" />
              <MetadataToken>100665608</MetadataToken>
              <Name>System.Void IBM.Watson.DeveloperCloud.Services.AlchemyAPI.v1.MicroformatData::.ctor()</Name>
              <SequencePoints />
              <BranchPoints />
              <MethodPoint vc="1" uspid="9711" ordinal="0" offset="0" />
            </Method>
          </Methods>
        </Class>
        <Class>
          <Summary numSequencePoints="0" visitedSequencePoints="0" numBranchPoints="0" visitedBranchPoints="0" sequenceCoverage="0" branchCoverage="0" maxCyclomaticComplexity="1" minCyclomaticComplexity="1" visitedClasses="0" numClasses="0" visitedMethods="0" numMethods="0" />
          <FullName>IBM.Watson.DeveloperCloud.Services.AlchemyAPI.v1.Microformat</FullName>
          <Methods>
            <Method visited="true" cyclomaticComplexity="1" nPathComplexity="0" sequenceCoverage="0" branchCoverage="0" isConstructor="true" isStatic="false" isGetter="false" isSetter="false">
              <Summary numSequencePoints="0" visitedSequencePoints="0" numBranchPoints="0" visitedBranchPoints="0" sequenceCoverage="0" branchCoverage="0" maxCyclomaticComplexity="1" minCyclomaticComplexity="1" visitedClasses="0" numClasses="0" visitedMethods="0" numMethods="0" />
              <MetadataToken>100665613</MetadataToken>
              <Name>System.Void IBM.Watson.DeveloperCloud.Services.AlchemyAPI.v1.Microformat::.ctor()</Name>
              <SequencePoints />
              <BranchPoints />
              <MethodPoint vc="7" uspid="9712" ordinal="0" offset="0" />
            </Method>
          </Methods>
        </Class>
        <Class>
          <Summary numSequencePoints="0" visitedSequencePoints="0" numBranchPoints="0" visitedBranchPoints="0" sequenceCoverage="0" branchCoverage="0" maxCyclomaticComplexity="1" minCyclomaticComplexity="1" visitedClasses="0" numClasses="0" visitedMethods="0" numMethods="0" />
          <FullName>IBM.Watson.DeveloperCloud.Services.AlchemyAPI.v1.PubDateData</FullName>
          <Methods>
            <Method visited="true" cyclomaticComplexity="1" nPathComplexity="0" sequenceCoverage="0" branchCoverage="0" isConstructor="true" isStatic="false" isGetter="false" isSetter="false">
              <Summary numSequencePoints="0" visitedSequencePoints="0" numBranchPoints="0" visitedBranchPoints="0" sequenceCoverage="0" branchCoverage="0" maxCyclomaticComplexity="1" minCyclomaticComplexity="1" visitedClasses="0" numClasses="0" visitedMethods="0" numMethods="0" />
              <MetadataToken>100665622</MetadataToken>
              <Name>System.Void IBM.Watson.DeveloperCloud.Services.AlchemyAPI.v1.PubDateData::.ctor()</Name>
              <SequencePoints />
              <BranchPoints />
              <MethodPoint vc="2" uspid="9713" ordinal="0" offset="0" />
            </Method>
          </Methods>
        </Class>
        <Class>
          <Summary numSequencePoints="0" visitedSequencePoints="0" numBranchPoints="0" visitedBranchPoints="0" sequenceCoverage="0" branchCoverage="0" maxCyclomaticComplexity="1" minCyclomaticComplexity="1" visitedClasses="0" numClasses="0" visitedMethods="0" numMethods="0" />
          <FullName>IBM.Watson.DeveloperCloud.Services.AlchemyAPI.v1.RelationsData</FullName>
          <Methods>
            <Method visited="true" cyclomaticComplexity="1" nPathComplexity="0" sequenceCoverage="0" branchCoverage="0" isConstructor="true" isStatic="false" isGetter="false" isSetter="false">
              <Summary numSequencePoints="0" visitedSequencePoints="0" numBranchPoints="0" visitedBranchPoints="0" sequenceCoverage="0" branchCoverage="0" maxCyclomaticComplexity="1" minCyclomaticComplexity="1" visitedClasses="0" numClasses="0" visitedMethods="0" numMethods="0" />
              <MetadataToken>100665633</MetadataToken>
              <Name>System.Void IBM.Watson.DeveloperCloud.Services.AlchemyAPI.v1.RelationsData::.ctor()</Name>
              <SequencePoints />
              <BranchPoints />
              <MethodPoint vc="3" uspid="9714" ordinal="0" offset="0" />
            </Method>
          </Methods>
        </Class>
        <Class>
          <Summary numSequencePoints="0" visitedSequencePoints="0" numBranchPoints="0" visitedBranchPoints="0" sequenceCoverage="0" branchCoverage="0" maxCyclomaticComplexity="1" minCyclomaticComplexity="1" visitedClasses="0" numClasses="0" visitedMethods="0" numMethods="0" />
          <FullName>IBM.Watson.DeveloperCloud.Services.AlchemyAPI.v1.SentimentData</FullName>
          <Methods>
            <Method visited="true" cyclomaticComplexity="1" nPathComplexity="0" sequenceCoverage="0" branchCoverage="0" isConstructor="true" isStatic="false" isGetter="false" isSetter="false">
              <Summary numSequencePoints="0" visitedSequencePoints="0" numBranchPoints="0" visitedBranchPoints="0" sequenceCoverage="0" branchCoverage="0" maxCyclomaticComplexity="1" minCyclomaticComplexity="1" visitedClasses="0" numClasses="0" visitedMethods="0" numMethods="0" />
              <MetadataToken>100665644</MetadataToken>
              <Name>System.Void IBM.Watson.DeveloperCloud.Services.AlchemyAPI.v1.SentimentData::.ctor()</Name>
              <SequencePoints />
              <BranchPoints />
              <MethodPoint vc="3" uspid="9715" ordinal="0" offset="0" />
            </Method>
          </Methods>
        </Class>
        <Class>
          <Summary numSequencePoints="0" visitedSequencePoints="0" numBranchPoints="0" visitedBranchPoints="0" sequenceCoverage="0" branchCoverage="0" maxCyclomaticComplexity="1" minCyclomaticComplexity="1" visitedClasses="0" numClasses="0" visitedMethods="0" numMethods="0" />
          <FullName>IBM.Watson.DeveloperCloud.Services.AlchemyAPI.v1.TargetedSentimentData</FullName>
          <Methods>
            <Method visited="true" cyclomaticComplexity="1" nPathComplexity="0" sequenceCoverage="0" branchCoverage="0" isConstructor="true" isStatic="false" isGetter="false" isSetter="false">
              <Summary numSequencePoints="0" visitedSequencePoints="0" numBranchPoints="0" visitedBranchPoints="0" sequenceCoverage="0" branchCoverage="0" maxCyclomaticComplexity="1" minCyclomaticComplexity="1" visitedClasses="0" numClasses="0" visitedMethods="0" numMethods="0" />
              <MetadataToken>100665655</MetadataToken>
              <Name>System.Void IBM.Watson.DeveloperCloud.Services.AlchemyAPI.v1.TargetedSentimentData::.ctor()</Name>
              <SequencePoints />
              <BranchPoints />
              <MethodPoint vc="3" uspid="9716" ordinal="0" offset="0" />
            </Method>
          </Methods>
        </Class>
        <Class>
          <Summary numSequencePoints="0" visitedSequencePoints="0" numBranchPoints="0" visitedBranchPoints="0" sequenceCoverage="0" branchCoverage="0" maxCyclomaticComplexity="1" minCyclomaticComplexity="1" visitedClasses="0" numClasses="0" visitedMethods="0" numMethods="0" />
          <FullName>IBM.Watson.DeveloperCloud.Services.AlchemyAPI.v1.TargetedSentiment</FullName>
          <Methods>
            <Method visited="true" cyclomaticComplexity="1" nPathComplexity="0" sequenceCoverage="0" branchCoverage="0" isConstructor="true" isStatic="false" isGetter="false" isSetter="false">
              <Summary numSequencePoints="0" visitedSequencePoints="0" numBranchPoints="0" visitedBranchPoints="0" sequenceCoverage="0" branchCoverage="0" maxCyclomaticComplexity="1" minCyclomaticComplexity="1" visitedClasses="0" numClasses="0" visitedMethods="0" numMethods="0" />
              <MetadataToken>100665660</MetadataToken>
              <Name>System.Void IBM.Watson.DeveloperCloud.Services.AlchemyAPI.v1.TargetedSentiment::.ctor()</Name>
              <SequencePoints />
              <BranchPoints />
              <MethodPoint vc="9" uspid="9717" ordinal="0" offset="0" />
            </Method>
          </Methods>
        </Class>
        <Class>
          <Summary numSequencePoints="0" visitedSequencePoints="0" numBranchPoints="0" visitedBranchPoints="0" sequenceCoverage="0" branchCoverage="0" maxCyclomaticComplexity="1" minCyclomaticComplexity="1" visitedClasses="0" numClasses="0" visitedMethods="0" numMethods="0" />
          <FullName>IBM.Watson.DeveloperCloud.Services.AlchemyAPI.v1.TaxonomyData</FullName>
          <Methods>
            <Method visited="true" cyclomaticComplexity="1" nPathComplexity="0" sequenceCoverage="0" branchCoverage="0" isConstructor="true" isStatic="false" isGetter="false" isSetter="false">
              <Summary numSequencePoints="0" visitedSequencePoints="0" numBranchPoints="0" visitedBranchPoints="0" sequenceCoverage="0" branchCoverage="0" maxCyclomaticComplexity="1" minCyclomaticComplexity="1" visitedClasses="0" numClasses="0" visitedMethods="0" numMethods="0" />
              <MetadataToken>100665671</MetadataToken>
              <Name>System.Void IBM.Watson.DeveloperCloud.Services.AlchemyAPI.v1.TaxonomyData::.ctor()</Name>
              <SequencePoints />
              <BranchPoints />
              <MethodPoint vc="3" uspid="9718" ordinal="0" offset="0" />
            </Method>
          </Methods>
        </Class>
        <Class>
          <Summary numSequencePoints="0" visitedSequencePoints="0" numBranchPoints="0" visitedBranchPoints="0" sequenceCoverage="0" branchCoverage="0" maxCyclomaticComplexity="1" minCyclomaticComplexity="1" visitedClasses="0" numClasses="0" visitedMethods="0" numMethods="0" />
          <FullName>IBM.Watson.DeveloperCloud.Services.AlchemyAPI.v1.TextData</FullName>
          <Methods>
            <Method visited="true" cyclomaticComplexity="1" nPathComplexity="0" sequenceCoverage="0" branchCoverage="0" isConstructor="true" isStatic="false" isGetter="false" isSetter="false">
              <Summary numSequencePoints="0" visitedSequencePoints="0" numBranchPoints="0" visitedBranchPoints="0" sequenceCoverage="0" branchCoverage="0" maxCyclomaticComplexity="1" minCyclomaticComplexity="1" visitedClasses="0" numClasses="0" visitedMethods="0" numMethods="0" />
              <MetadataToken>100665680</MetadataToken>
              <Name>System.Void IBM.Watson.DeveloperCloud.Services.AlchemyAPI.v1.TextData::.ctor()</Name>
              <SequencePoints />
              <BranchPoints />
              <MethodPoint vc="4" uspid="9719" ordinal="0" offset="0" />
            </Method>
          </Methods>
        </Class>
        <Class>
          <Summary numSequencePoints="0" visitedSequencePoints="0" numBranchPoints="0" visitedBranchPoints="0" sequenceCoverage="0" branchCoverage="0" maxCyclomaticComplexity="1" minCyclomaticComplexity="1" visitedClasses="0" numClasses="0" visitedMethods="0" numMethods="0" />
          <FullName>IBM.Watson.DeveloperCloud.Services.AlchemyAPI.v1.Title</FullName>
          <Methods>
            <Method visited="true" cyclomaticComplexity="1" nPathComplexity="0" sequenceCoverage="0" branchCoverage="0" isConstructor="true" isStatic="false" isGetter="false" isSetter="false">
              <Summary numSequencePoints="0" visitedSequencePoints="0" numBranchPoints="0" visitedBranchPoints="0" sequenceCoverage="0" branchCoverage="0" maxCyclomaticComplexity="1" minCyclomaticComplexity="1" visitedClasses="0" numClasses="0" visitedMethods="0" numMethods="0" />
              <MetadataToken>100665687</MetadataToken>
              <Name>System.Void IBM.Watson.DeveloperCloud.Services.AlchemyAPI.v1.Title::.ctor()</Name>
              <SequencePoints />
              <BranchPoints />
              <MethodPoint vc="2" uspid="9720" ordinal="0" offset="0" />
            </Method>
          </Methods>
        </Class>
        <Class>
          <Summary numSequencePoints="0" visitedSequencePoints="0" numBranchPoints="0" visitedBranchPoints="0" sequenceCoverage="0" branchCoverage="0" maxCyclomaticComplexity="1" minCyclomaticComplexity="1" visitedClasses="0" numClasses="0" visitedMethods="0" numMethods="0" />
          <FullName>IBM.Watson.DeveloperCloud.Services.AlchemyAPI.v1.KnowledgeGraph</FullName>
          <Methods>
            <Method visited="true" cyclomaticComplexity="1" nPathComplexity="0" sequenceCoverage="0" branchCoverage="0" isConstructor="true" isStatic="false" isGetter="false" isSetter="false">
              <Summary numSequencePoints="0" visitedSequencePoints="0" numBranchPoints="0" visitedBranchPoints="0" sequenceCoverage="0" branchCoverage="0" maxCyclomaticComplexity="1" minCyclomaticComplexity="1" visitedClasses="0" numClasses="0" visitedMethods="0" numMethods="0" />
              <MetadataToken>100665691</MetadataToken>
              <Name>System.Void IBM.Watson.DeveloperCloud.Services.AlchemyAPI.v1.KnowledgeGraph::.ctor()</Name>
              <SequencePoints />
              <BranchPoints />
              <MethodPoint vc="1053" uspid="9721" ordinal="0" offset="0" />
            </Method>
          </Methods>
        </Class>
        <Class>
          <Summary numSequencePoints="0" visitedSequencePoints="0" numBranchPoints="0" visitedBranchPoints="0" sequenceCoverage="0" branchCoverage="0" maxCyclomaticComplexity="1" minCyclomaticComplexity="1" visitedClasses="0" numClasses="0" visitedMethods="0" numMethods="0" />
          <FullName>IBM.Watson.DeveloperCloud.Services.AlchemyAPI.v1.Disambiguated</FullName>
          <Methods>
            <Method visited="true" cyclomaticComplexity="1" nPathComplexity="0" sequenceCoverage="0" branchCoverage="0" isConstructor="true" isStatic="false" isGetter="false" isSetter="false">
              <Summary numSequencePoints="0" visitedSequencePoints="0" numBranchPoints="0" visitedBranchPoints="0" sequenceCoverage="0" branchCoverage="0" maxCyclomaticComplexity="1" minCyclomaticComplexity="1" visitedClasses="0" numClasses="0" visitedMethods="0" numMethods="0" />
              <MetadataToken>100665721</MetadataToken>
              <Name>System.Void IBM.Watson.DeveloperCloud.Services.AlchemyAPI.v1.Disambiguated::.ctor()</Name>
              <SequencePoints />
              <BranchPoints />
              <MethodPoint vc="262" uspid="9722" ordinal="0" offset="0" />
            </Method>
          </Methods>
        </Class>
        <Class>
          <Summary numSequencePoints="0" visitedSequencePoints="0" numBranchPoints="0" visitedBranchPoints="0" sequenceCoverage="0" branchCoverage="0" maxCyclomaticComplexity="1" minCyclomaticComplexity="1" visitedClasses="0" numClasses="0" visitedMethods="0" numMethods="0" />
          <FullName>IBM.Watson.DeveloperCloud.Services.AlchemyAPI.v1.Quotation</FullName>
          <Methods>
            <Method visited="true" cyclomaticComplexity="1" nPathComplexity="0" sequenceCoverage="0" branchCoverage="0" isConstructor="true" isStatic="false" isGetter="false" isSetter="false">
              <Summary numSequencePoints="0" visitedSequencePoints="0" numBranchPoints="0" visitedBranchPoints="0" sequenceCoverage="0" branchCoverage="0" maxCyclomaticComplexity="1" minCyclomaticComplexity="1" visitedClasses="0" numClasses="0" visitedMethods="0" numMethods="0" />
              <MetadataToken>100665725</MetadataToken>
              <Name>System.Void IBM.Watson.DeveloperCloud.Services.AlchemyAPI.v1.Quotation::.ctor()</Name>
              <SequencePoints />
              <BranchPoints />
              <MethodPoint vc="25" uspid="9723" ordinal="0" offset="0" />
            </Method>
          </Methods>
        </Class>
        <Class>
          <Summary numSequencePoints="0" visitedSequencePoints="0" numBranchPoints="0" visitedBranchPoints="0" sequenceCoverage="0" branchCoverage="0" maxCyclomaticComplexity="1" minCyclomaticComplexity="1" visitedClasses="0" numClasses="0" visitedMethods="0" numMethods="0" />
          <FullName>IBM.Watson.DeveloperCloud.Services.AlchemyAPI.v1.DocSentiment</FullName>
          <Methods>
            <Method visited="true" cyclomaticComplexity="1" nPathComplexity="0" sequenceCoverage="0" branchCoverage="0" isConstructor="true" isStatic="false" isGetter="false" isSetter="false">
              <Summary numSequencePoints="0" visitedSequencePoints="0" numBranchPoints="0" visitedBranchPoints="0" sequenceCoverage="0" branchCoverage="0" maxCyclomaticComplexity="1" minCyclomaticComplexity="1" visitedClasses="0" numClasses="0" visitedMethods="0" numMethods="0" />
              <MetadataToken>100665734</MetadataToken>
              <Name>System.Void IBM.Watson.DeveloperCloud.Services.AlchemyAPI.v1.DocSentiment::.ctor()</Name>
              <SequencePoints />
              <BranchPoints />
              <MethodPoint vc="1158" uspid="9724" ordinal="0" offset="0" />
            </Method>
          </Methods>
        </Class>
        <Class>
          <Summary numSequencePoints="0" visitedSequencePoints="0" numBranchPoints="0" visitedBranchPoints="0" sequenceCoverage="0" branchCoverage="0" maxCyclomaticComplexity="1" minCyclomaticComplexity="1" visitedClasses="0" numClasses="0" visitedMethods="0" numMethods="0" />
          <FullName>IBM.Watson.DeveloperCloud.Services.AlchemyAPI.v1.PublicationDate</FullName>
          <Methods>
            <Method visited="true" cyclomaticComplexity="1" nPathComplexity="0" sequenceCoverage="0" branchCoverage="0" isConstructor="true" isStatic="false" isGetter="false" isSetter="false">
              <Summary numSequencePoints="0" visitedSequencePoints="0" numBranchPoints="0" visitedBranchPoints="0" sequenceCoverage="0" branchCoverage="0" maxCyclomaticComplexity="1" minCyclomaticComplexity="1" visitedClasses="0" numClasses="0" visitedMethods="0" numMethods="0" />
              <MetadataToken>100665739</MetadataToken>
              <Name>System.Void IBM.Watson.DeveloperCloud.Services.AlchemyAPI.v1.PublicationDate::.ctor()</Name>
              <SequencePoints />
              <BranchPoints />
              <MethodPoint vc="4" uspid="9725" ordinal="0" offset="0" />
            </Method>
          </Methods>
        </Class>
        <Class>
          <Summary numSequencePoints="0" visitedSequencePoints="0" numBranchPoints="0" visitedBranchPoints="0" sequenceCoverage="0" branchCoverage="0" maxCyclomaticComplexity="1" minCyclomaticComplexity="1" visitedClasses="0" numClasses="0" visitedMethods="0" numMethods="0" />
          <FullName>IBM.Watson.DeveloperCloud.Services.AlchemyAPI.v1.Relation</FullName>
          <Methods>
            <Method visited="true" cyclomaticComplexity="1" nPathComplexity="0" sequenceCoverage="0" branchCoverage="0" isConstructor="true" isStatic="false" isGetter="false" isSetter="false">
              <Summary numSequencePoints="0" visitedSequencePoints="0" numBranchPoints="0" visitedBranchPoints="0" sequenceCoverage="0" branchCoverage="0" maxCyclomaticComplexity="1" minCyclomaticComplexity="1" visitedClasses="0" numClasses="0" visitedMethods="0" numMethods="0" />
              <MetadataToken>100665752</MetadataToken>
              <Name>System.Void IBM.Watson.DeveloperCloud.Services.AlchemyAPI.v1.Relation::.ctor()</Name>
              <SequencePoints />
              <BranchPoints />
              <MethodPoint vc="228" uspid="9726" ordinal="0" offset="0" />
            </Method>
          </Methods>
        </Class>
        <Class>
          <Summary numSequencePoints="0" visitedSequencePoints="0" numBranchPoints="0" visitedBranchPoints="0" sequenceCoverage="0" branchCoverage="0" maxCyclomaticComplexity="1" minCyclomaticComplexity="1" visitedClasses="0" numClasses="0" visitedMethods="0" numMethods="0" />
          <FullName>IBM.Watson.DeveloperCloud.Services.AlchemyAPI.v1.Subject</FullName>
          <Methods>
            <Method visited="true" cyclomaticComplexity="1" nPathComplexity="0" sequenceCoverage="0" branchCoverage="0" isConstructor="true" isStatic="false" isGetter="false" isSetter="false">
              <Summary numSequencePoints="0" visitedSequencePoints="0" numBranchPoints="0" visitedBranchPoints="0" sequenceCoverage="0" branchCoverage="0" maxCyclomaticComplexity="1" minCyclomaticComplexity="1" visitedClasses="0" numClasses="0" visitedMethods="0" numMethods="0" />
              <MetadataToken>100665761</MetadataToken>
              <Name>System.Void IBM.Watson.DeveloperCloud.Services.AlchemyAPI.v1.Subject::.ctor()</Name>
              <SequencePoints />
              <BranchPoints />
              <MethodPoint vc="228" uspid="9727" ordinal="0" offset="0" />
            </Method>
          </Methods>
        </Class>
        <Class>
          <Summary numSequencePoints="0" visitedSequencePoints="0" numBranchPoints="0" visitedBranchPoints="0" sequenceCoverage="0" branchCoverage="0" maxCyclomaticComplexity="1" minCyclomaticComplexity="1" visitedClasses="0" numClasses="0" visitedMethods="0" numMethods="0" />
          <FullName>IBM.Watson.DeveloperCloud.Services.AlchemyAPI.v1.Action</FullName>
          <Methods>
            <Method visited="true" cyclomaticComplexity="1" nPathComplexity="0" sequenceCoverage="0" branchCoverage="0" isConstructor="true" isStatic="false" isGetter="false" isSetter="false">
              <Summary numSequencePoints="0" visitedSequencePoints="0" numBranchPoints="0" visitedBranchPoints="0" sequenceCoverage="0" branchCoverage="0" maxCyclomaticComplexity="1" minCyclomaticComplexity="1" visitedClasses="0" numClasses="0" visitedMethods="0" numMethods="0" />
              <MetadataToken>100665768</MetadataToken>
              <Name>System.Void IBM.Watson.DeveloperCloud.Services.AlchemyAPI.v1.Action::.ctor()</Name>
              <SequencePoints />
              <BranchPoints />
              <MethodPoint vc="228" uspid="9728" ordinal="0" offset="0" />
            </Method>
          </Methods>
        </Class>
        <Class>
          <Summary numSequencePoints="0" visitedSequencePoints="0" numBranchPoints="0" visitedBranchPoints="0" sequenceCoverage="0" branchCoverage="0" maxCyclomaticComplexity="1" minCyclomaticComplexity="1" visitedClasses="0" numClasses="0" visitedMethods="0" numMethods="0" />
          <FullName>IBM.Watson.DeveloperCloud.Services.AlchemyAPI.v1.ObjectData</FullName>
          <Methods>
            <Method visited="true" cyclomaticComplexity="1" nPathComplexity="0" sequenceCoverage="0" branchCoverage="0" isConstructor="true" isStatic="false" isGetter="false" isSetter="false">
              <Summary numSequencePoints="0" visitedSequencePoints="0" numBranchPoints="0" visitedBranchPoints="0" sequenceCoverage="0" branchCoverage="0" maxCyclomaticComplexity="1" minCyclomaticComplexity="1" visitedClasses="0" numClasses="0" visitedMethods="0" numMethods="0" />
              <MetadataToken>100665777</MetadataToken>
              <Name>System.Void IBM.Watson.DeveloperCloud.Services.AlchemyAPI.v1.ObjectData::.ctor()</Name>
              <SequencePoints />
              <BranchPoints />
              <MethodPoint vc="175" uspid="9729" ordinal="0" offset="0" />
            </Method>
          </Methods>
        </Class>
        <Class>
          <Summary numSequencePoints="0" visitedSequencePoints="0" numBranchPoints="0" visitedBranchPoints="0" sequenceCoverage="0" branchCoverage="0" maxCyclomaticComplexity="1" minCyclomaticComplexity="1" visitedClasses="0" numClasses="0" visitedMethods="0" numMethods="0" />
          <FullName>IBM.Watson.DeveloperCloud.Services.AlchemyAPI.v1.Verb</FullName>
          <Methods>
            <Method visited="true" cyclomaticComplexity="1" nPathComplexity="0" sequenceCoverage="0" branchCoverage="0" isConstructor="true" isStatic="false" isGetter="false" isSetter="false">
              <Summary numSequencePoints="0" visitedSequencePoints="0" numBranchPoints="0" visitedBranchPoints="0" sequenceCoverage="0" branchCoverage="0" maxCyclomaticComplexity="1" minCyclomaticComplexity="1" visitedClasses="0" numClasses="0" visitedMethods="0" numMethods="0" />
              <MetadataToken>100665784</MetadataToken>
              <Name>System.Void IBM.Watson.DeveloperCloud.Services.AlchemyAPI.v1.Verb::.ctor()</Name>
              <SequencePoints />
              <BranchPoints />
              <MethodPoint vc="228" uspid="9730" ordinal="0" offset="0" />
            </Method>
          </Methods>
        </Class>
        <Class>
          <Summary numSequencePoints="0" visitedSequencePoints="0" numBranchPoints="0" visitedBranchPoints="0" sequenceCoverage="0" branchCoverage="0" maxCyclomaticComplexity="1" minCyclomaticComplexity="1" visitedClasses="0" numClasses="0" visitedMethods="0" numMethods="0" />
          <FullName>IBM.Watson.DeveloperCloud.Services.AlchemyAPI.v1.Taxonomy</FullName>
          <Methods>
            <Method visited="true" cyclomaticComplexity="1" nPathComplexity="0" sequenceCoverage="0" branchCoverage="0" isConstructor="true" isStatic="false" isGetter="false" isSetter="false">
              <Summary numSequencePoints="0" visitedSequencePoints="0" numBranchPoints="0" visitedBranchPoints="0" sequenceCoverage="0" branchCoverage="0" maxCyclomaticComplexity="1" minCyclomaticComplexity="1" visitedClasses="0" numClasses="0" visitedMethods="0" numMethods="0" />
              <MetadataToken>100665791</MetadataToken>
              <Name>System.Void IBM.Watson.DeveloperCloud.Services.AlchemyAPI.v1.Taxonomy::.ctor()</Name>
              <SequencePoints />
              <BranchPoints />
              <MethodPoint vc="18" uspid="9731" ordinal="0" offset="0" />
            </Method>
          </Methods>
        </Class>
        <Class>
          <Summary numSequencePoints="0" visitedSequencePoints="0" numBranchPoints="0" visitedBranchPoints="0" sequenceCoverage="0" branchCoverage="0" maxCyclomaticComplexity="1" minCyclomaticComplexity="1" visitedClasses="0" numClasses="0" visitedMethods="0" numMethods="0" />
          <FullName>IBM.Watson.DeveloperCloud.Services.AlchemyAPI.v1.Location</FullName>
          <Methods>
            <Method visited="true" cyclomaticComplexity="1" nPathComplexity="0" sequenceCoverage="0" branchCoverage="0" isConstructor="true" isStatic="false" isGetter="false" isSetter="false">
              <Summary numSequencePoints="0" visitedSequencePoints="0" numBranchPoints="0" visitedBranchPoints="0" sequenceCoverage="0" branchCoverage="0" maxCyclomaticComplexity="1" minCyclomaticComplexity="1" visitedClasses="0" numClasses="0" visitedMethods="0" numMethods="0" />
              <MetadataToken>100665796</MetadataToken>
              <Name>System.Void IBM.Watson.DeveloperCloud.Services.AlchemyAPI.v1.Location::.ctor()</Name>
              <SequencePoints />
              <BranchPoints />
              <MethodPoint vc="44" uspid="9732" ordinal="0" offset="0" />
            </Method>
          </Methods>
        </Class>
        <Class>
          <Summary numSequencePoints="0" visitedSequencePoints="0" numBranchPoints="0" visitedBranchPoints="0" sequenceCoverage="0" branchCoverage="0" maxCyclomaticComplexity="1" minCyclomaticComplexity="1" visitedClasses="0" numClasses="0" visitedMethods="0" numMethods="0" />
          <FullName>IBM.Watson.DeveloperCloud.Services.AlchemyAPI.v1.Temporal</FullName>
          <Methods>
            <Method visited="false" cyclomaticComplexity="1" nPathComplexity="0" sequenceCoverage="0" branchCoverage="0" isConstructor="true" isStatic="false" isGetter="false" isSetter="false">
              <Summary numSequencePoints="0" visitedSequencePoints="0" numBranchPoints="0" visitedBranchPoints="0" sequenceCoverage="0" branchCoverage="0" maxCyclomaticComplexity="1" minCyclomaticComplexity="1" visitedClasses="0" numClasses="0" visitedMethods="0" numMethods="0" />
              <MetadataToken>100665801</MetadataToken>
              <Name>System.Void IBM.Watson.DeveloperCloud.Services.AlchemyAPI.v1.Temporal::.ctor()</Name>
              <SequencePoints />
              <BranchPoints />
              <MethodPoint vc="0" uspid="9733" ordinal="0" offset="0" />
            </Method>
          </Methods>
        </Class>
        <Class>
          <Summary numSequencePoints="0" visitedSequencePoints="0" numBranchPoints="0" visitedBranchPoints="0" sequenceCoverage="0" branchCoverage="0" maxCyclomaticComplexity="1" minCyclomaticComplexity="1" visitedClasses="0" numClasses="0" visitedMethods="0" numMethods="0" />
          <FullName>IBM.Watson.DeveloperCloud.Services.AlchemyAPI.v1.Decoded</FullName>
          <Methods>
            <Method visited="false" cyclomaticComplexity="1" nPathComplexity="0" sequenceCoverage="0" branchCoverage="0" isConstructor="true" isStatic="false" isGetter="false" isSetter="false">
              <Summary numSequencePoints="0" visitedSequencePoints="0" numBranchPoints="0" visitedBranchPoints="0" sequenceCoverage="0" branchCoverage="0" maxCyclomaticComplexity="1" minCyclomaticComplexity="1" visitedClasses="0" numClasses="0" visitedMethods="0" numMethods="0" />
              <MetadataToken>100665810</MetadataToken>
              <Name>System.Void IBM.Watson.DeveloperCloud.Services.AlchemyAPI.v1.Decoded::.ctor()</Name>
              <SequencePoints />
              <BranchPoints />
              <MethodPoint vc="0" uspid="9734" ordinal="0" offset="0" />
            </Method>
          </Methods>
        </Class>
        <Class>
          <Summary numSequencePoints="0" visitedSequencePoints="0" numBranchPoints="0" visitedBranchPoints="0" sequenceCoverage="0" branchCoverage="0" maxCyclomaticComplexity="1" minCyclomaticComplexity="1" visitedClasses="0" numClasses="0" visitedMethods="0" numMethods="0" />
          <FullName>IBM.Watson.DeveloperCloud.Services.AlchemyAPI.v1.NewsResponse</FullName>
          <Methods>
            <Method visited="true" cyclomaticComplexity="1" nPathComplexity="0" sequenceCoverage="0" branchCoverage="0" isConstructor="true" isStatic="false" isGetter="false" isSetter="false">
              <Summary numSequencePoints="0" visitedSequencePoints="0" numBranchPoints="0" visitedBranchPoints="0" sequenceCoverage="0" branchCoverage="0" maxCyclomaticComplexity="1" minCyclomaticComplexity="1" visitedClasses="0" numClasses="0" visitedMethods="0" numMethods="0" />
              <MetadataToken>100665815</MetadataToken>
              <Name>System.Void IBM.Watson.DeveloperCloud.Services.AlchemyAPI.v1.NewsResponse::.ctor()</Name>
              <SequencePoints />
              <BranchPoints />
              <MethodPoint vc="1" uspid="9735" ordinal="0" offset="0" />
            </Method>
          </Methods>
        </Class>
        <Class>
          <Summary numSequencePoints="0" visitedSequencePoints="0" numBranchPoints="0" visitedBranchPoints="0" sequenceCoverage="0" branchCoverage="0" maxCyclomaticComplexity="1" minCyclomaticComplexity="1" visitedClasses="0" numClasses="0" visitedMethods="0" numMethods="0" />
          <FullName>IBM.Watson.DeveloperCloud.Services.AlchemyAPI.v1.Result</FullName>
          <Methods>
            <Method visited="true" cyclomaticComplexity="1" nPathComplexity="0" sequenceCoverage="0" branchCoverage="0" isConstructor="true" isStatic="false" isGetter="false" isSetter="false">
              <Summary numSequencePoints="0" visitedSequencePoints="0" numBranchPoints="0" visitedBranchPoints="0" sequenceCoverage="0" branchCoverage="0" maxCyclomaticComplexity="1" minCyclomaticComplexity="1" visitedClasses="0" numClasses="0" visitedMethods="0" numMethods="0" />
              <MetadataToken>100665822</MetadataToken>
              <Name>System.Void IBM.Watson.DeveloperCloud.Services.AlchemyAPI.v1.Result::.ctor()</Name>
              <SequencePoints />
              <BranchPoints />
              <MethodPoint vc="1" uspid="9736" ordinal="0" offset="0" />
            </Method>
          </Methods>
        </Class>
        <Class>
          <Summary numSequencePoints="0" visitedSequencePoints="0" numBranchPoints="0" visitedBranchPoints="0" sequenceCoverage="0" branchCoverage="0" maxCyclomaticComplexity="1" minCyclomaticComplexity="1" visitedClasses="0" numClasses="0" visitedMethods="0" numMethods="0" />
          <FullName>IBM.Watson.DeveloperCloud.Services.AlchemyAPI.v1.Docs</FullName>
          <Methods>
            <Method visited="true" cyclomaticComplexity="1" nPathComplexity="0" sequenceCoverage="0" branchCoverage="0" isConstructor="true" isStatic="false" isGetter="false" isSetter="false">
              <Summary numSequencePoints="0" visitedSequencePoints="0" numBranchPoints="0" visitedBranchPoints="0" sequenceCoverage="0" branchCoverage="0" maxCyclomaticComplexity="1" minCyclomaticComplexity="1" visitedClasses="0" numClasses="0" visitedMethods="0" numMethods="0" />
              <MetadataToken>100665829</MetadataToken>
              <Name>System.Void IBM.Watson.DeveloperCloud.Services.AlchemyAPI.v1.Docs::.ctor()</Name>
              <SequencePoints />
              <BranchPoints />
              <MethodPoint vc="10" uspid="9737" ordinal="0" offset="0" />
            </Method>
          </Methods>
        </Class>
        <Class>
          <Summary numSequencePoints="0" visitedSequencePoints="0" numBranchPoints="0" visitedBranchPoints="0" sequenceCoverage="0" branchCoverage="0" maxCyclomaticComplexity="1" minCyclomaticComplexity="1" visitedClasses="0" numClasses="0" visitedMethods="0" numMethods="0" />
          <FullName>IBM.Watson.DeveloperCloud.Services.AlchemyAPI.v1.Source</FullName>
          <Methods>
            <Method visited="true" cyclomaticComplexity="1" nPathComplexity="0" sequenceCoverage="0" branchCoverage="0" isConstructor="true" isStatic="false" isGetter="false" isSetter="false">
              <Summary numSequencePoints="0" visitedSequencePoints="0" numBranchPoints="0" visitedBranchPoints="0" sequenceCoverage="0" branchCoverage="0" maxCyclomaticComplexity="1" minCyclomaticComplexity="1" visitedClasses="0" numClasses="0" visitedMethods="0" numMethods="0" />
              <MetadataToken>100665834</MetadataToken>
              <Name>System.Void IBM.Watson.DeveloperCloud.Services.AlchemyAPI.v1.Source::.ctor()</Name>
              <SequencePoints />
              <BranchPoints />
              <MethodPoint vc="10" uspid="9738" ordinal="0" offset="0" />
            </Method>
          </Methods>
        </Class>
        <Class>
          <Summary numSequencePoints="0" visitedSequencePoints="0" numBranchPoints="0" visitedBranchPoints="0" sequenceCoverage="0" branchCoverage="0" maxCyclomaticComplexity="1" minCyclomaticComplexity="1" visitedClasses="0" numClasses="0" visitedMethods="0" numMethods="0" />
          <FullName>IBM.Watson.DeveloperCloud.Services.AlchemyAPI.v1.Original</FullName>
          <Methods>
            <Method visited="false" cyclomaticComplexity="1" nPathComplexity="0" sequenceCoverage="0" branchCoverage="0" isConstructor="true" isStatic="false" isGetter="false" isSetter="false">
              <Summary numSequencePoints="0" visitedSequencePoints="0" numBranchPoints="0" visitedBranchPoints="0" sequenceCoverage="0" branchCoverage="0" maxCyclomaticComplexity="1" minCyclomaticComplexity="1" visitedClasses="0" numClasses="0" visitedMethods="0" numMethods="0" />
              <MetadataToken>100665837</MetadataToken>
              <Name>System.Void IBM.Watson.DeveloperCloud.Services.AlchemyAPI.v1.Original::.ctor()</Name>
              <SequencePoints />
              <BranchPoints />
              <MethodPoint vc="0" uspid="9739" ordinal="0" offset="0" />
            </Method>
          </Methods>
        </Class>
        <Class>
          <Summary numSequencePoints="0" visitedSequencePoints="0" numBranchPoints="0" visitedBranchPoints="0" sequenceCoverage="0" branchCoverage="0" maxCyclomaticComplexity="1" minCyclomaticComplexity="1" visitedClasses="0" numClasses="0" visitedMethods="0" numMethods="0" />
          <FullName>IBM.Watson.DeveloperCloud.Services.AlchemyAPI.v1.Enriched</FullName>
          <Methods>
            <Method visited="true" cyclomaticComplexity="1" nPathComplexity="0" sequenceCoverage="0" branchCoverage="0" isConstructor="true" isStatic="false" isGetter="false" isSetter="false">
              <Summary numSequencePoints="0" visitedSequencePoints="0" numBranchPoints="0" visitedBranchPoints="0" sequenceCoverage="0" branchCoverage="0" maxCyclomaticComplexity="1" minCyclomaticComplexity="1" visitedClasses="0" numClasses="0" visitedMethods="0" numMethods="0" />
              <MetadataToken>100665840</MetadataToken>
              <Name>System.Void IBM.Watson.DeveloperCloud.Services.AlchemyAPI.v1.Enriched::.ctor()</Name>
              <SequencePoints />
              <BranchPoints />
              <MethodPoint vc="10" uspid="9740" ordinal="0" offset="0" />
            </Method>
          </Methods>
        </Class>
        <Class>
          <Summary numSequencePoints="0" visitedSequencePoints="0" numBranchPoints="0" visitedBranchPoints="0" sequenceCoverage="0" branchCoverage="0" maxCyclomaticComplexity="1" minCyclomaticComplexity="1" visitedClasses="0" numClasses="0" visitedMethods="0" numMethods="0" />
          <FullName>IBM.Watson.DeveloperCloud.Services.AlchemyAPI.v1.URL</FullName>
          <Methods>
            <Method visited="true" cyclomaticComplexity="1" nPathComplexity="0" sequenceCoverage="0" branchCoverage="0" isConstructor="true" isStatic="false" isGetter="false" isSetter="false">
              <Summary numSequencePoints="0" visitedSequencePoints="0" numBranchPoints="0" visitedBranchPoints="0" sequenceCoverage="0" branchCoverage="0" maxCyclomaticComplexity="1" minCyclomaticComplexity="1" visitedClasses="0" numClasses="0" visitedMethods="0" numMethods="0" />
              <MetadataToken>100665875</MetadataToken>
              <Name>System.Void IBM.Watson.DeveloperCloud.Services.AlchemyAPI.v1.URL::.ctor()</Name>
              <SequencePoints />
              <BranchPoints />
              <MethodPoint vc="10" uspid="9741" ordinal="0" offset="0" />
            </Method>
          </Methods>
        </Class>
        <Class>
          <Summary numSequencePoints="0" visitedSequencePoints="0" numBranchPoints="0" visitedBranchPoints="0" sequenceCoverage="0" branchCoverage="0" maxCyclomaticComplexity="1" minCyclomaticComplexity="1" visitedClasses="0" numClasses="0" visitedMethods="0" numMethods="0" />
          <FullName>IBM.Watson.DeveloperCloud.Services.AlchemyAPI.v1.EnrichedTitle</FullName>
          <Methods>
            <Method visited="false" cyclomaticComplexity="1" nPathComplexity="0" sequenceCoverage="0" branchCoverage="0" isConstructor="true" isStatic="false" isGetter="false" isSetter="false">
              <Summary numSequencePoints="0" visitedSequencePoints="0" numBranchPoints="0" visitedBranchPoints="0" sequenceCoverage="0" branchCoverage="0" maxCyclomaticComplexity="1" minCyclomaticComplexity="1" visitedClasses="0" numClasses="0" visitedMethods="0" numMethods="0" />
              <MetadataToken>100665888</MetadataToken>
              <Name>System.Void IBM.Watson.DeveloperCloud.Services.AlchemyAPI.v1.EnrichedTitle::.ctor()</Name>
              <SequencePoints />
              <BranchPoints />
              <MethodPoint vc="0" uspid="9742" ordinal="0" offset="0" />
            </Method>
          </Methods>
        </Class>
        <Class>
          <Summary numSequencePoints="0" visitedSequencePoints="0" numBranchPoints="0" visitedBranchPoints="0" sequenceCoverage="0" branchCoverage="0" maxCyclomaticComplexity="1" minCyclomaticComplexity="1" visitedClasses="0" numClasses="0" visitedMethods="0" numMethods="0" />
          <FullName>IBM.Watson.DeveloperCloud.Services.AlchemyAPI.v1.Fields</FullName>
          <Methods>
            <Method visited="false" cyclomaticComplexity="1" nPathComplexity="0" sequenceCoverage="0" branchCoverage="0" isConstructor="true" isStatic="false" isGetter="false" isSetter="false">
              <Summary numSequencePoints="0" visitedSequencePoints="0" numBranchPoints="0" visitedBranchPoints="0" sequenceCoverage="0" branchCoverage="0" maxCyclomaticComplexity="1" minCyclomaticComplexity="1" visitedClasses="0" numClasses="0" visitedMethods="0" numMethods="0" />
              <MetadataToken>100665889</MetadataToken>
              <Name>System.Void IBM.Watson.DeveloperCloud.Services.AlchemyAPI.v1.Fields::.ctor()</Name>
              <SequencePoints />
              <BranchPoints />
              <MethodPoint vc="0" uspid="9743" ordinal="0" offset="0" />
            </Method>
          </Methods>
        </Class>
        <Class>
          <Summary numSequencePoints="29" visitedSequencePoints="0" numBranchPoints="22" visitedBranchPoints="0" sequenceCoverage="0" branchCoverage="0" maxCyclomaticComplexity="4" minCyclomaticComplexity="1" visitedClasses="0" numClasses="1" visitedMethods="0" numMethods="12" />
          <FullName>IBM.Watson.DeveloperCloud.Logging.FileReactor</FullName>
          <Methods>
            <Method visited="false" cyclomaticComplexity="1" nPathComplexity="0" sequenceCoverage="0" branchCoverage="0" isConstructor="false" isStatic="false" isGetter="true" isSetter="false">
              <Summary numSequencePoints="1" visitedSequencePoints="0" numBranchPoints="1" visitedBranchPoints="0" sequenceCoverage="0" branchCoverage="0" maxCyclomaticComplexity="1" minCyclomaticComplexity="1" visitedClasses="0" numClasses="0" visitedMethods="0" numMethods="1" />
              <MetadataToken>100665890</MetadataToken>
              <Name>System.String IBM.Watson.DeveloperCloud.Logging.FileReactor::get_LogFile()</Name>
              <FileRef uid="364" />
              <SequencePoints>
                <SequencePoint vc="0" uspid="9744" ordinal="0" offset="0" sl="33" sc="29" el="33" ec="33" bec="0" bev="0" fileid="364" />
              </SequencePoints>
              <BranchPoints />
              <MethodPoint xsi:type="SequencePoint" vc="0" uspid="9744" ordinal="0" offset="0" sl="33" sc="29" el="33" ec="33" bec="0" bev="0" fileid="364" />
            </Method>
            <Method visited="false" cyclomaticComplexity="1" nPathComplexity="0" sequenceCoverage="0" branchCoverage="0" isConstructor="false" isStatic="false" isGetter="false" isSetter="true">
              <Summary numSequencePoints="1" visitedSequencePoints="0" numBranchPoints="1" visitedBranchPoints="0" sequenceCoverage="0" branchCoverage="0" maxCyclomaticComplexity="1" minCyclomaticComplexity="1" visitedClasses="0" numClasses="0" visitedMethods="0" numMethods="1" />
              <MetadataToken>100665891</MetadataToken>
              <Name>System.Void IBM.Watson.DeveloperCloud.Logging.FileReactor::set_LogFile(System.String)</Name>
              <FileRef uid="364" />
              <SequencePoints>
                <SequencePoint vc="0" uspid="9745" ordinal="0" offset="0" sl="33" sc="34" el="33" ec="38" bec="0" bev="0" fileid="364" />
              </SequencePoints>
              <BranchPoints />
              <MethodPoint xsi:type="SequencePoint" vc="0" uspid="9745" ordinal="0" offset="0" sl="33" sc="34" el="33" ec="38" bec="0" bev="0" fileid="364" />
            </Method>
            <Method visited="false" cyclomaticComplexity="1" nPathComplexity="0" sequenceCoverage="0" branchCoverage="0" isConstructor="false" isStatic="false" isGetter="true" isSetter="false">
              <Summary numSequencePoints="1" visitedSequencePoints="0" numBranchPoints="1" visitedBranchPoints="0" sequenceCoverage="0" branchCoverage="0" maxCyclomaticComplexity="1" minCyclomaticComplexity="1" visitedClasses="0" numClasses="0" visitedMethods="0" numMethods="1" />
              <MetadataToken>100665892</MetadataToken>
              <Name>IBM.Watson.DeveloperCloud.Logging.LogLevel IBM.Watson.DeveloperCloud.Logging.FileReactor::get_Level()</Name>
              <FileRef uid="364" />
              <SequencePoints>
                <SequencePoint vc="0" uspid="9746" ordinal="0" offset="0" sl="37" sc="29" el="37" ec="33" bec="0" bev="0" fileid="364" />
              </SequencePoints>
              <BranchPoints />
              <MethodPoint xsi:type="SequencePoint" vc="0" uspid="9746" ordinal="0" offset="0" sl="37" sc="29" el="37" ec="33" bec="0" bev="0" fileid="364" />
            </Method>
            <Method visited="false" cyclomaticComplexity="1" nPathComplexity="0" sequenceCoverage="0" branchCoverage="0" isConstructor="false" isStatic="false" isGetter="false" isSetter="true">
              <Summary numSequencePoints="1" visitedSequencePoints="0" numBranchPoints="1" visitedBranchPoints="0" sequenceCoverage="0" branchCoverage="0" maxCyclomaticComplexity="1" minCyclomaticComplexity="1" visitedClasses="0" numClasses="0" visitedMethods="0" numMethods="1" />
              <MetadataToken>100665893</MetadataToken>
              <Name>System.Void IBM.Watson.DeveloperCloud.Logging.FileReactor::set_Level(IBM.Watson.DeveloperCloud.Logging.LogLevel)</Name>
              <FileRef uid="364" />
              <SequencePoints>
                <SequencePoint vc="0" uspid="9747" ordinal="0" offset="0" sl="37" sc="34" el="37" ec="38" bec="0" bev="0" fileid="364" />
              </SequencePoints>
              <BranchPoints />
              <MethodPoint xsi:type="SequencePoint" vc="0" uspid="9747" ordinal="0" offset="0" sl="37" sc="34" el="37" ec="38" bec="0" bev="0" fileid="364" />
            </Method>
            <Method visited="false" cyclomaticComplexity="1" nPathComplexity="0" sequenceCoverage="0" branchCoverage="0" isConstructor="false" isStatic="false" isGetter="true" isSetter="false">
              <Summary numSequencePoints="1" visitedSequencePoints="0" numBranchPoints="1" visitedBranchPoints="0" sequenceCoverage="0" branchCoverage="0" maxCyclomaticComplexity="1" minCyclomaticComplexity="1" visitedClasses="0" numClasses="0" visitedMethods="0" numMethods="1" />
              <MetadataToken>100665894</MetadataToken>
              <Name>System.Int32 IBM.Watson.DeveloperCloud.Logging.FileReactor::get_LogHistory()</Name>
              <FileRef uid="364" />
              <SequencePoints>
                <SequencePoint vc="0" uspid="9748" ordinal="0" offset="0" sl="42" sc="29" el="42" ec="33" bec="0" bev="0" fileid="364" />
              </SequencePoints>
              <BranchPoints />
              <MethodPoint xsi:type="SequencePoint" vc="0" uspid="9748" ordinal="0" offset="0" sl="42" sc="29" el="42" ec="33" bec="0" bev="0" fileid="364" />
            </Method>
            <Method visited="false" cyclomaticComplexity="1" nPathComplexity="0" sequenceCoverage="0" branchCoverage="0" isConstructor="false" isStatic="false" isGetter="false" isSetter="true">
              <Summary numSequencePoints="1" visitedSequencePoints="0" numBranchPoints="1" visitedBranchPoints="0" sequenceCoverage="0" branchCoverage="0" maxCyclomaticComplexity="1" minCyclomaticComplexity="1" visitedClasses="0" numClasses="0" visitedMethods="0" numMethods="1" />
              <MetadataToken>100665895</MetadataToken>
              <Name>System.Void IBM.Watson.DeveloperCloud.Logging.FileReactor::set_LogHistory(System.Int32)</Name>
              <FileRef uid="364" />
              <SequencePoints>
                <SequencePoint vc="0" uspid="9749" ordinal="0" offset="0" sl="42" sc="34" el="42" ec="38" bec="0" bev="0" fileid="364" />
              </SequencePoints>
              <BranchPoints />
              <MethodPoint xsi:type="SequencePoint" vc="0" uspid="9749" ordinal="0" offset="0" sl="42" sc="34" el="42" ec="38" bec="0" bev="0" fileid="364" />
            </Method>
            <Method visited="false" cyclomaticComplexity="1" nPathComplexity="0" sequenceCoverage="0" branchCoverage="0" isConstructor="false" isStatic="false" isGetter="true" isSetter="false">
              <Summary numSequencePoints="1" visitedSequencePoints="0" numBranchPoints="1" visitedBranchPoints="0" sequenceCoverage="0" branchCoverage="0" maxCyclomaticComplexity="1" minCyclomaticComplexity="1" visitedClasses="0" numClasses="0" visitedMethods="0" numMethods="1" />
              <MetadataToken>100665896</MetadataToken>
              <Name>System.Int32 IBM.Watson.DeveloperCloud.Logging.FileReactor::get_MaxLogSize()</Name>
              <FileRef uid="364" />
              <SequencePoints>
                <SequencePoint vc="0" uspid="9750" ordinal="0" offset="0" sl="47" sc="29" el="47" ec="33" bec="0" bev="0" fileid="364" />
              </SequencePoints>
              <BranchPoints />
              <MethodPoint xsi:type="SequencePoint" vc="0" uspid="9750" ordinal="0" offset="0" sl="47" sc="29" el="47" ec="33" bec="0" bev="0" fileid="364" />
            </Method>
            <Method visited="false" cyclomaticComplexity="1" nPathComplexity="0" sequenceCoverage="0" branchCoverage="0" isConstructor="false" isStatic="false" isGetter="false" isSetter="true">
              <Summary numSequencePoints="1" visitedSequencePoints="0" numBranchPoints="1" visitedBranchPoints="0" sequenceCoverage="0" branchCoverage="0" maxCyclomaticComplexity="1" minCyclomaticComplexity="1" visitedClasses="0" numClasses="0" visitedMethods="0" numMethods="1" />
              <MetadataToken>100665897</MetadataToken>
              <Name>System.Void IBM.Watson.DeveloperCloud.Logging.FileReactor::set_MaxLogSize(System.Int32)</Name>
              <FileRef uid="364" />
              <SequencePoints>
                <SequencePoint vc="0" uspid="9751" ordinal="0" offset="0" sl="47" sc="34" el="47" ec="38" bec="0" bev="0" fileid="364" />
              </SequencePoints>
              <BranchPoints />
              <MethodPoint xsi:type="SequencePoint" vc="0" uspid="9751" ordinal="0" offset="0" sl="47" sc="34" el="47" ec="38" bec="0" bev="0" fileid="364" />
            </Method>
            <Method visited="false" cyclomaticComplexity="1" nPathComplexity="0" sequenceCoverage="0" branchCoverage="0" isConstructor="false" isStatic="false" isGetter="true" isSetter="false">
              <Summary numSequencePoints="1" visitedSequencePoints="0" numBranchPoints="1" visitedBranchPoints="0" sequenceCoverage="0" branchCoverage="0" maxCyclomaticComplexity="1" minCyclomaticComplexity="1" visitedClasses="0" numClasses="0" visitedMethods="0" numMethods="1" />
              <MetadataToken>100665898</MetadataToken>
              <Name>System.String IBM.Watson.DeveloperCloud.Logging.FileReactor::get_LogTextWritten()</Name>
              <FileRef uid="364" />
              <SequencePoints>
                <SequencePoint vc="0" uspid="9752" ordinal="0" offset="0" sl="57" sc="9" el="57" ec="42" bec="0" bev="0" fileid="364" />
              </SequencePoints>
              <BranchPoints />
              <MethodPoint xsi:type="SequencePoint" vc="0" uspid="9752" ordinal="0" offset="0" sl="57" sc="9" el="57" ec="42" bec="0" bev="0" fileid="364" />
            </Method>
            <Method visited="false" cyclomaticComplexity="1" nPathComplexity="0" sequenceCoverage="0" branchCoverage="0" isConstructor="true" isStatic="false" isGetter="false" isSetter="false">
              <Summary numSequencePoints="6" visitedSequencePoints="0" numBranchPoints="1" visitedBranchPoints="0" sequenceCoverage="0" branchCoverage="0" maxCyclomaticComplexity="1" minCyclomaticComplexity="1" visitedClasses="0" numClasses="0" visitedMethods="0" numMethods="1" />
              <MetadataToken>100665899</MetadataToken>
              <Name>System.Void IBM.Watson.DeveloperCloud.Logging.FileReactor::.ctor(System.String,IBM.Watson.DeveloperCloud.Logging.LogLevel,System.Int32,System.Int32)</Name>
              <FileRef uid="364" />
              <SequencePoints>
                <SequencePoint vc="0" uspid="9753" ordinal="0" offset="0" sl="69" sc="5" el="69" ec="122" bec="0" bev="0" fileid="364" />
                <SequencePoint vc="0" uspid="9754" ordinal="1" offset="6" sl="71" sc="7" el="71" ec="25" bec="0" bev="0" fileid="364" />
                <SequencePoint vc="0" uspid="9755" ordinal="2" offset="13" sl="72" sc="7" el="72" ec="21" bec="0" bev="0" fileid="364" />
                <SequencePoint vc="0" uspid="9756" ordinal="3" offset="20" sl="73" sc="7" el="73" ec="31" bec="0" bev="0" fileid="364" />
                <SequencePoint vc="0" uspid="9757" ordinal="4" offset="27" sl="74" sc="7" el="74" ec="31" bec="0" bev="0" fileid="364" />
                <SequencePoint vc="0" uspid="9758" ordinal="5" offset="35" sl="75" sc="5" el="75" ec="6" bec="0" bev="0" fileid="364" />
              </SequencePoints>
              <BranchPoints />
              <MethodPoint xsi:type="SequencePoint" vc="0" uspid="9753" ordinal="0" offset="0" sl="69" sc="5" el="69" ec="122" bec="0" bev="0" fileid="364" />
            </Method>
            <Method visited="false" cyclomaticComplexity="4" nPathComplexity="8" sequenceCoverage="0" branchCoverage="0" isConstructor="false" isStatic="false" isGetter="false" isSetter="false">
              <Summary numSequencePoints="9" visitedSequencePoints="0" numBranchPoints="7" visitedBranchPoints="0" sequenceCoverage="0" branchCoverage="0" maxCyclomaticComplexity="4" minCyclomaticComplexity="4" visitedClasses="0" numClasses="0" visitedMethods="0" numMethods="1" />
              <MetadataToken>100665900</MetadataToken>
              <Name>System.Void IBM.Watson.DeveloperCloud.Logging.FileReactor::RotateLogs()</Name>
              <FileRef uid="364" />
              <SequencePoints>
                <SequencePoint vc="0" uspid="9759" ordinal="0" offset="0" sl="80" sc="12" el="80" ec="30" bec="0" bev="0" fileid="364" />
                <SequencePoint vc="0" uspid="9760" ordinal="1" offset="9" sl="82" sc="9" el="82" ec="69" bec="2" bev="0" fileid="364" />
                <SequencePoint vc="0" uspid="9761" ordinal="2" offset="45" sl="83" sc="9" el="83" ec="30" bec="2" bev="0" fileid="364" />
                <SequencePoint vc="0" uspid="9762" ordinal="3" offset="53" sl="85" sc="11" el="85" ec="59" bec="0" bev="0" fileid="364" />
                <SequencePoint vc="0" uspid="9763" ordinal="4" offset="81" sl="86" sc="11" el="86" ec="37" bec="0" bev="0" fileid="364" />
                <SequencePoint vc="0" uspid="9764" ordinal="5" offset="89" sl="80" sc="40" el="80" ec="43" bec="0" bev="0" fileid="364" />
                <SequencePoint vc="0" uspid="9765" ordinal="6" offset="93" sl="80" sc="32" el="80" ec="38" bec="2" bev="0" fileid="364" />
                <SequencePoint vc="0" uspid="9766" ordinal="7" offset="97" sl="89" sc="7" el="89" ec="127" bec="0" bev="0" fileid="364" />
                <SequencePoint vc="0" uspid="9767" ordinal="8" offset="137" sl="90" sc="5" el="90" ec="6" bec="0" bev="0" fileid="364" />
              </SequencePoints>
              <BranchPoints>
                <BranchPoint vc="0" uspid="9768" ordinal="0" offset="11" sl="82" path="0" offsetend="13" fileid="364" />
                <BranchPoint vc="0" uspid="9769" ordinal="1" offset="11" sl="82" path="1" offsetend="21" fileid="364" />
                <BranchPoint vc="0" uspid="9770" ordinal="2" offset="51" sl="83" path="0" offsetend="53" fileid="364" />
                <BranchPoint vc="0" uspid="9771" ordinal="3" offset="51" sl="83" path="1" offsetend="89" fileid="364" />
                <BranchPoint vc="0" uspid="9772" ordinal="4" offset="95" sl="80" path="0" offsetend="97" fileid="364" />
                <BranchPoint vc="0" uspid="9773" ordinal="5" offset="95" sl="80" path="1" offsetend="9" fileid="364" />
              </BranchPoints>
              <MethodPoint xsi:type="SequencePoint" vc="0" uspid="9759" ordinal="0" offset="0" sl="80" sc="12" el="80" ec="30" bec="0" bev="0" fileid="364" />
            </Method>
            <Method visited="false" cyclomaticComplexity="3" nPathComplexity="4" sequenceCoverage="0" branchCoverage="0" isConstructor="false" isStatic="false" isGetter="false" isSetter="false">
              <Summary numSequencePoints="5" visitedSequencePoints="0" numBranchPoints="5" visitedBranchPoints="0" sequenceCoverage="0" branchCoverage="0" maxCyclomaticComplexity="3" minCyclomaticComplexity="3" visitedClasses="0" numClasses="0" visitedMethods="0" numMethods="1" />
              <MetadataToken>100665901</MetadataToken>
              <Name>System.Void IBM.Watson.DeveloperCloud.Logging.FileReactor::ProcessLog(IBM.Watson.DeveloperCloud.Logging.LogRecord)</Name>
              <FileRef uid="364" />
              <SequencePoints>
                <SequencePoint vc="0" uspid="9774" ordinal="0" offset="0" sl="101" sc="7" el="101" ec="32" bec="2" bev="0" fileid="364" />
                <SequencePoint vc="0" uspid="9775" ordinal="1" offset="14" sl="103" sc="9" el="105" ec="70" bec="0" bev="0" fileid="364" />
                <SequencePoint vc="0" uspid="9776" ordinal="2" offset="98" sl="108" sc="9" el="108" ec="55" bec="2" bev="0" fileid="364" />
                <SequencePoint vc="0" uspid="9777" ordinal="3" offset="123" sl="109" sc="11" el="109" ec="24" bec="0" bev="0" fileid="364" />
                <SequencePoint vc="0" uspid="9778" ordinal="4" offset="129" sl="111" sc="5" el="111" ec="6" bec="0" bev="0" fileid="364" />
              </SequencePoints>
              <BranchPoints>
                <BranchPoint vc="0" uspid="9779" ordinal="0" offset="12" sl="101" path="0" offsetend="14" fileid="364" />
                <BranchPoint vc="0" uspid="9780" ordinal="1" offset="12" sl="101" path="1" offsetend="129" fileid="364" />
                <BranchPoint vc="0" uspid="9781" ordinal="2" offset="121" sl="108" path="0" offsetend="123" fileid="364" />
                <BranchPoint vc="0" uspid="9782" ordinal="3" offset="121" sl="108" path="1" offsetend="129" fileid="364" />
              </BranchPoints>
              <MethodPoint xsi:type="SequencePoint" vc="0" uspid="9774" ordinal="0" offset="0" sl="101" sc="7" el="101" ec="32" bec="2" bev="0" fileid="364" />
            </Method>
          </Methods>
        </Class>
        <Class>
          <Summary numSequencePoints="8" visitedSequencePoints="7" numBranchPoints="2" visitedBranchPoints="1" sequenceCoverage="87.5" branchCoverage="50" maxCyclomaticComplexity="1" minCyclomaticComplexity="1" visitedClasses="1" numClasses="1" visitedMethods="1" numMethods="2" />
          <FullName>IBM.Watson.DeveloperCloud.Logging.LogRecord</FullName>
          <Methods>
            <Method visited="true" cyclomaticComplexity="1" nPathComplexity="0" sequenceCoverage="100" branchCoverage="100" isConstructor="true" isStatic="false" isGetter="false" isSetter="false">
              <Summary numSequencePoints="7" visitedSequencePoints="7" numBranchPoints="1" visitedBranchPoints="1" sequenceCoverage="100" branchCoverage="100" maxCyclomaticComplexity="1" minCyclomaticComplexity="1" visitedClasses="0" numClasses="0" visitedMethods="1" numMethods="1" />
              <MetadataToken>100665903</MetadataToken>
              <Name>System.Void IBM.Watson.DeveloperCloud.Logging.LogRecord::.ctor(IBM.Watson.DeveloperCloud.Logging.LogLevel,System.String,System.String,System.Object[])</Name>
              <FileRef uid="365" />
              <SequencePoints>
                <SequencePoint vc="102" uspid="9783" ordinal="0" offset="0" sl="64" sc="5" el="64" ec="51" bec="0" bev="0" fileid="365" />
                <SequencePoint vc="102" uspid="9784" ordinal="1" offset="11" sl="68" sc="5" el="68" ec="47" bec="0" bev="0" fileid="365" />
                <SequencePoint vc="102" uspid="9785" ordinal="2" offset="18" sl="85" sc="5" el="85" ec="96" bec="0" bev="0" fileid="365" />
                <SequencePoint vc="102" uspid="9786" ordinal="3" offset="24" sl="87" sc="7" el="87" ec="23" bec="0" bev="0" fileid="365" />
                <SequencePoint vc="102" uspid="9787" ordinal="4" offset="31" sl="88" sc="7" el="88" ec="31" bec="0" bev="0" fileid="365" />
                <SequencePoint vc="102" uspid="9788" ordinal="5" offset="38" sl="89" sc="7" el="89" ec="51" bec="0" bev="0" fileid="365" />
                <SequencePoint vc="102" uspid="9789" ordinal="6" offset="52" sl="90" sc="5" el="90" ec="6" bec="0" bev="0" fileid="365" />
              </SequencePoints>
              <BranchPoints />
              <MethodPoint xsi:type="SequencePoint" vc="102" uspid="9783" ordinal="0" offset="0" sl="64" sc="5" el="64" ec="51" bec="0" bev="0" fileid="365" />
            </Method>
            <Method visited="false" cyclomaticComplexity="1" nPathComplexity="0" sequenceCoverage="0" branchCoverage="0" isConstructor="false" isStatic="false" isGetter="false" isSetter="false">
              <Summary numSequencePoints="1" visitedSequencePoints="0" numBranchPoints="1" visitedBranchPoints="0" sequenceCoverage="0" branchCoverage="0" maxCyclomaticComplexity="1" minCyclomaticComplexity="1" visitedClasses="0" numClasses="0" visitedMethods="0" numMethods="1" />
              <MetadataToken>100665904</MetadataToken>
              <Name>System.String IBM.Watson.DeveloperCloud.Logging.LogRecord::ToString()</Name>
              <FileRef uid="365" />
              <SequencePoints>
                <SequencePoint vc="0" uspid="9790" ordinal="0" offset="0" sl="98" sc="7" el="98" ec="140" bec="0" bev="0" fileid="365" />
              </SequencePoints>
              <BranchPoints />
              <MethodPoint xsi:type="SequencePoint" vc="0" uspid="9790" ordinal="0" offset="0" sl="98" sc="7" el="98" ec="140" bec="0" bev="0" fileid="365" />
            </Method>
          </Methods>
        </Class>
        <Class>
          <Summary numSequencePoints="23" visitedSequencePoints="6" numBranchPoints="13" visitedBranchPoints="3" sequenceCoverage="26.09" branchCoverage="23.08" maxCyclomaticComplexity="4" minCyclomaticComplexity="1" visitedClasses="1" numClasses="1" visitedMethods="3" numMethods="7" />
          <FullName>IBM.Watson.DeveloperCloud.Logging.LogSystem</FullName>
          <Methods>
            <Method visited="true" cyclomaticComplexity="1" nPathComplexity="0" sequenceCoverage="100" branchCoverage="100" isConstructor="false" isStatic="true" isGetter="true" isSetter="false">
              <Summary numSequencePoints="1" visitedSequencePoints="1" numBranchPoints="1" visitedBranchPoints="1" sequenceCoverage="100" branchCoverage="100" maxCyclomaticComplexity="1" minCyclomaticComplexity="1" visitedClasses="0" numClasses="0" visitedMethods="1" numMethods="1" />
              <MetadataToken>100665905</MetadataToken>
              <Name>IBM.Watson.DeveloperCloud.Logging.LogSystem IBM.Watson.DeveloperCloud.Logging.LogSystem::get_Instance()</Name>
              <FileRef uid="365" />
              <SequencePoints>
                <SequencePoint vc="102" uspid="9791" ordinal="0" offset="0" sl="113" sc="46" el="113" ec="83" bec="0" bev="0" fileid="365" />
              </SequencePoints>
              <BranchPoints />
              <MethodPoint xsi:type="SequencePoint" vc="102" uspid="9791" ordinal="0" offset="0" sl="113" sc="46" el="113" ec="83" bec="0" bev="0" fileid="365" />
            </Method>
            <Method visited="false" cyclomaticComplexity="1" nPathComplexity="0" sequenceCoverage="0" branchCoverage="0" isConstructor="false" isStatic="true" isGetter="true" isSetter="false">
              <Summary numSequencePoints="1" visitedSequencePoints="0" numBranchPoints="1" visitedBranchPoints="0" sequenceCoverage="0" branchCoverage="0" maxCyclomaticComplexity="1" minCyclomaticComplexity="1" visitedClasses="0" numClasses="0" visitedMethods="0" numMethods="1" />
              <MetadataToken>100665906</MetadataToken>
              <Name>System.Collections.Generic.List`1&lt;IBM.Watson.DeveloperCloud.Logging.ILogReactor&gt; IBM.Watson.DeveloperCloud.Logging.LogSystem::get_ReactorsInstalled()</Name>
              <FileRef uid="365" />
              <SequencePoints>
                <SequencePoint vc="0" uspid="9792" ordinal="0" offset="0" sl="126" sc="9" el="126" ec="46" bec="0" bev="0" fileid="365" />
              </SequencePoints>
              <BranchPoints />
              <MethodPoint xsi:type="SequencePoint" vc="0" uspid="9792" ordinal="0" offset="0" sl="126" sc="9" el="126" ec="46" bec="0" bev="0" fileid="365" />
            </Method>
            <Method visited="false" cyclomaticComplexity="4" nPathComplexity="8" sequenceCoverage="0" branchCoverage="0" isConstructor="false" isStatic="true" isGetter="false" isSetter="false">
              <Summary numSequencePoints="6" visitedSequencePoints="0" numBranchPoints="7" visitedBranchPoints="0" sequenceCoverage="0" branchCoverage="0" maxCyclomaticComplexity="4" minCyclomaticComplexity="4" visitedClasses="0" numClasses="0" visitedMethods="0" numMethods="1" />
              <MetadataToken>100665907</MetadataToken>
              <Name>System.Void IBM.Watson.DeveloperCloud.Logging.LogSystem::InstallDefaultReactors(System.Int32,IBM.Watson.DeveloperCloud.Logging.LogLevel)</Name>
              <FileRef uid="365" />
              <SequencePoints>
                <SequencePoint vc="0" uspid="9793" ordinal="0" offset="0" sl="135" sc="7" el="135" ec="41" bec="2" bev="0" fileid="365" />
                <SequencePoint vc="0" uspid="9794" ordinal="1" offset="7" sl="138" sc="9" el="138" ec="45" bec="0" bev="0" fileid="365" />
                <SequencePoint vc="0" uspid="9795" ordinal="2" offset="13" sl="140" sc="9" el="140" ec="120" bec="3" bev="0" fileid="365" />
                <SequencePoint vc="0" uspid="9796" ordinal="3" offset="37" sl="141" sc="11" el="141" ec="74" bec="0" bev="0" fileid="365" />
                <SequencePoint vc="0" uspid="9797" ordinal="4" offset="48" sl="143" sc="9" el="143" ec="135" bec="0" bev="0" fileid="365" />
                <SequencePoint vc="0" uspid="9798" ordinal="5" offset="85" sl="145" sc="5" el="145" ec="6" bec="0" bev="0" fileid="365" />
              </SequencePoints>
              <BranchPoints>
                <BranchPoint vc="0" uspid="9799" ordinal="0" offset="5" sl="135" path="0" offsetend="7" fileid="365" />
                <BranchPoint vc="0" uspid="9800" ordinal="1" offset="5" sl="135" path="1" offsetend="85" fileid="365" />
                <BranchPoint vc="0" uspid="9801" ordinal="2" offset="23" sl="140" path="0" offsetend="25" fileid="365" />
                <BranchPoint vc="0" uspid="9802" ordinal="3" offset="23" sl="140" path="1" offsetend="48" fileid="365" />
                <BranchPoint vc="0" uspid="9803" ordinal="4" offset="35" sl="140" path="0" offsetend="37" fileid="365" />
                <BranchPoint vc="0" uspid="9804" ordinal="5" offset="35" sl="140" path="1" offsetend="48" fileid="365" />
              </BranchPoints>
              <MethodPoint xsi:type="SequencePoint" vc="0" uspid="9793" ordinal="0" offset="0" sl="135" sc="7" el="135" ec="41" bec="2" bev="0" fileid="365" />
            </Method>
            <Method visited="false" cyclomaticComplexity="2" nPathComplexity="0" sequenceCoverage="0" branchCoverage="0" isConstructor="false" isStatic="false" isGetter="false" isSetter="false">
              <Summary numSequencePoints="5" visitedSequencePoints="0" numBranchPoints="1" visitedBranchPoints="0" sequenceCoverage="0" branchCoverage="0" maxCyclomaticComplexity="2" minCyclomaticComplexity="2" visitedClasses="0" numClasses="0" visitedMethods="0" numMethods="1" />
              <MetadataToken>100665908</MetadataToken>
              <Name>System.Void IBM.Watson.DeveloperCloud.Logging.LogSystem::InstallReactor(IBM.Watson.DeveloperCloud.Logging.ILogReactor)</Name>
              <FileRef uid="365" />
              <SequencePoints>
                <SequencePoint vc="0" uspid="9805" ordinal="0" offset="0" sl="153" sc="7" el="153" ec="24" bec="0" bev="0" fileid="365" />
                <SequencePoint vc="0" uspid="9806" ordinal="1" offset="17" sl="155" sc="9" el="155" ec="33" bec="0" bev="0" fileid="365" />
                <SequencePoint vc="0" uspid="9807" ordinal="2" offset="29" sl="156" sc="7" el="156" ec="8" bec="0" bev="0" fileid="365" />
                <SequencePoint vc="0" uspid="9808" ordinal="3" offset="41" sl="158" sc="7" el="158" ec="43" bec="0" bev="0" fileid="365" />
                <SequencePoint vc="0" uspid="9809" ordinal="4" offset="47" sl="159" sc="5" el="159" ec="6" bec="0" bev="0" fileid="365" />
              </SequencePoints>
              <BranchPoints />
              <MethodPoint xsi:type="SequencePoint" vc="0" uspid="9805" ordinal="0" offset="0" sl="153" sc="7" el="153" ec="24" bec="0" bev="0" fileid="365" />
            </Method>
            <Method visited="false" cyclomaticComplexity="2" nPathComplexity="0" sequenceCoverage="0" branchCoverage="0" isConstructor="false" isStatic="false" isGetter="false" isSetter="false">
              <Summary numSequencePoints="3" visitedSequencePoints="0" numBranchPoints="1" visitedBranchPoints="0" sequenceCoverage="0" branchCoverage="0" maxCyclomaticComplexity="2" minCyclomaticComplexity="2" visitedClasses="0" numClasses="0" visitedMethods="0" numMethods="1" />
              <MetadataToken>100665909</MetadataToken>
              <Name>System.Boolean IBM.Watson.DeveloperCloud.Logging.LogSystem::RemoveReactor(IBM.Watson.DeveloperCloud.Logging.ILogReactor)</Name>
              <FileRef uid="365" />
              <SequencePoints>
                <SequencePoint vc="0" uspid="9810" ordinal="0" offset="0" sl="168" sc="7" el="168" ec="24" bec="0" bev="0" fileid="365" />
                <SequencePoint vc="0" uspid="9811" ordinal="1" offset="17" sl="170" sc="9" el="170" ec="43" bec="0" bev="0" fileid="365" />
                <SequencePoint vc="0" uspid="9812" ordinal="2" offset="42" sl="172" sc="5" el="172" ec="6" bec="0" bev="0" fileid="365" />
              </SequencePoints>
              <BranchPoints />
              <MethodPoint xsi:type="SequencePoint" vc="0" uspid="9810" ordinal="0" offset="0" sl="168" sc="7" el="168" ec="24" bec="0" bev="0" fileid="365" />
            </Method>
            <Method visited="true" cyclomaticComplexity="3" nPathComplexity="0" sequenceCoverage="66.67" branchCoverage="100" isConstructor="false" isStatic="false" isGetter="false" isSetter="false">
              <Summary numSequencePoints="6" visitedSequencePoints="4" numBranchPoints="1" visitedBranchPoints="1" sequenceCoverage="66.67" branchCoverage="100" maxCyclomaticComplexity="3" minCyclomaticComplexity="3" visitedClasses="0" numClasses="0" visitedMethods="1" numMethods="1" />
              <MetadataToken>100665910</MetadataToken>
              <Name>System.Void IBM.Watson.DeveloperCloud.Logging.LogSystem::ProcessLog(IBM.Watson.DeveloperCloud.Logging.LogRecord)</Name>
              <FileRef uid="365" />
              <SequencePoints>
                <SequencePoint vc="102" uspid="9813" ordinal="0" offset="0" sl="180" sc="7" el="180" ec="24" bec="0" bev="0" fileid="365" />
                <SequencePoint vc="102" uspid="9814" ordinal="1" offset="17" sl="182" sc="33" el="182" ec="43" bec="0" bev="0" fileid="365" />
                <SequencePoint vc="0" uspid="9815" ordinal="2" offset="31" sl="182" sc="18" el="182" ec="29" bec="0" bev="0" fileid="365" />
                <SequencePoint vc="0" uspid="9816" ordinal="3" offset="38" sl="183" sc="11" el="183" ec="35" bec="0" bev="0" fileid="365" />
                <SequencePoint vc="102" uspid="9817" ordinal="4" offset="44" sl="182" sc="30" el="182" ec="32" bec="0" bev="0" fileid="365" />
                <SequencePoint vc="102" uspid="9818" ordinal="5" offset="79" sl="185" sc="5" el="185" ec="6" bec="0" bev="0" fileid="365" />
              </SequencePoints>
              <BranchPoints />
              <MethodPoint xsi:type="SequencePoint" vc="102" uspid="9813" ordinal="0" offset="0" sl="180" sc="7" el="180" ec="24" bec="0" bev="0" fileid="365" />
            </Method>
            <Method visited="true" cyclomaticComplexity="1" nPathComplexity="0" sequenceCoverage="100" branchCoverage="100" isConstructor="true" isStatic="false" isGetter="false" isSetter="false">
              <Summary numSequencePoints="1" visitedSequencePoints="1" numBranchPoints="1" visitedBranchPoints="1" sequenceCoverage="100" branchCoverage="100" maxCyclomaticComplexity="1" minCyclomaticComplexity="1" visitedClasses="0" numClasses="0" visitedMethods="1" numMethods="1" />
              <MetadataToken>100665911</MetadataToken>
              <Name>System.Void IBM.Watson.DeveloperCloud.Logging.LogSystem::.ctor()</Name>
              <FileRef uid="365" />
              <SequencePoints>
                <SequencePoint vc="1" uspid="9821" ordinal="0" offset="0" sl="118" sc="5" el="118" ec="60" bec="0" bev="0" fileid="365" />
              </SequencePoints>
              <BranchPoints />
              <MethodPoint xsi:type="SequencePoint" vc="1" uspid="9821" ordinal="0" offset="0" sl="118" sc="5" el="118" ec="60" bec="0" bev="0" fileid="365" />
            </Method>
            <Method visited="true" cyclomaticComplexity="1" nPathComplexity="0" sequenceCoverage="0" branchCoverage="0" isConstructor="true" isStatic="true" isGetter="false" isSetter="false">
              <Summary numSequencePoints="0" visitedSequencePoints="0" numBranchPoints="0" visitedBranchPoints="0" sequenceCoverage="0" branchCoverage="0" maxCyclomaticComplexity="1" minCyclomaticComplexity="1" visitedClasses="0" numClasses="0" visitedMethods="0" numMethods="0" />
              <MetadataToken>100665912</MetadataToken>
              <Name>System.Void IBM.Watson.DeveloperCloud.Logging.LogSystem::.cctor()</Name>
              <SequencePoints />
              <BranchPoints />
              <MethodPoint vc="1" uspid="9822" ordinal="0" offset="0" />
            </Method>
          </Methods>
        </Class>
        <Class>
          <Summary numSequencePoints="15" visitedSequencePoints="9" numBranchPoints="5" visitedBranchPoints="3" sequenceCoverage="60" branchCoverage="60" maxCyclomaticComplexity="1" minCyclomaticComplexity="1" visitedClasses="1" numClasses="1" visitedMethods="3" numMethods="5" />
          <FullName>IBM.Watson.DeveloperCloud.Logging.Log</FullName>
          <Methods>
            <Method visited="true" cyclomaticComplexity="1" nPathComplexity="0" sequenceCoverage="100" branchCoverage="100" isConstructor="false" isStatic="true" isGetter="false" isSetter="false">
              <Summary numSequencePoints="3" visitedSequencePoints="3" numBranchPoints="1" visitedBranchPoints="1" sequenceCoverage="100" branchCoverage="100" maxCyclomaticComplexity="1" minCyclomaticComplexity="1" visitedClasses="0" numClasses="0" visitedMethods="1" numMethods="1" />
              <MetadataToken>100665913</MetadataToken>
              <Name>System.Void IBM.Watson.DeveloperCloud.Logging.Log::Debug(System.String,System.String,System.Object[])</Name>
              <FileRef uid="365" />
              <SequencePoints>
                <SequencePoint vc="99" uspid="9823" ordinal="0" offset="0" sl="202" sc="7" el="202" ec="97" bec="0" bev="0" fileid="365" />
                <SequencePoint vc="99" uspid="9824" ordinal="1" offset="19" sl="203" sc="7" el="203" ec="111" bec="0" bev="0" fileid="365" />
                <SequencePoint vc="99" uspid="9825" ordinal="2" offset="43" sl="204" sc="5" el="204" ec="6" bec="0" bev="0" fileid="365" />
              </SequencePoints>
              <BranchPoints />
              <MethodPoint xsi:type="SequencePoint" vc="99" uspid="9823" ordinal="0" offset="0" sl="202" sc="7" el="202" ec="97" bec="0" bev="0" fileid="365" />
            </Method>
            <Method visited="true" cyclomaticComplexity="1" nPathComplexity="0" sequenceCoverage="100" branchCoverage="100" isConstructor="false" isStatic="true" isGetter="false" isSetter="false">
              <Summary numSequencePoints="3" visitedSequencePoints="3" numBranchPoints="1" visitedBranchPoints="1" sequenceCoverage="100" branchCoverage="100" maxCyclomaticComplexity="1" minCyclomaticComplexity="1" visitedClasses="0" numClasses="0" visitedMethods="1" numMethods="1" />
              <MetadataToken>100665914</MetadataToken>
              <Name>System.Void IBM.Watson.DeveloperCloud.Logging.Log::Status(System.String,System.String,System.Object[])</Name>
              <FileRef uid="365" />
              <SequencePoints>
                <SequencePoint vc="2" uspid="9826" ordinal="0" offset="0" sl="214" sc="7" el="214" ec="98" bec="0" bev="0" fileid="365" />
                <SequencePoint vc="2" uspid="9827" ordinal="1" offset="19" sl="215" sc="7" el="215" ec="112" bec="0" bev="0" fileid="365" />
                <SequencePoint vc="2" uspid="9828" ordinal="2" offset="43" sl="216" sc="5" el="216" ec="6" bec="0" bev="0" fileid="365" />
              </SequencePoints>
              <BranchPoints />
              <MethodPoint xsi:type="SequencePoint" vc="2" uspid="9826" ordinal="0" offset="0" sl="214" sc="7" el="214" ec="98" bec="0" bev="0" fileid="365" />
            </Method>
            <Method visited="false" cyclomaticComplexity="1" nPathComplexity="0" sequenceCoverage="0" branchCoverage="0" isConstructor="false" isStatic="true" isGetter="false" isSetter="false">
              <Summary numSequencePoints="3" visitedSequencePoints="0" numBranchPoints="1" visitedBranchPoints="0" sequenceCoverage="0" branchCoverage="0" maxCyclomaticComplexity="1" minCyclomaticComplexity="1" visitedClasses="0" numClasses="0" visitedMethods="0" numMethods="1" />
              <MetadataToken>100665915</MetadataToken>
              <Name>System.Void IBM.Watson.DeveloperCloud.Logging.Log::Warning(System.String,System.String,System.Object[])</Name>
              <FileRef uid="365" />
              <SequencePoints>
                <SequencePoint vc="0" uspid="9829" ordinal="0" offset="0" sl="225" sc="7" el="225" ec="99" bec="0" bev="0" fileid="365" />
                <SequencePoint vc="0" uspid="9830" ordinal="1" offset="19" sl="226" sc="7" el="226" ec="113" bec="0" bev="0" fileid="365" />
                <SequencePoint vc="0" uspid="9831" ordinal="2" offset="43" sl="227" sc="5" el="227" ec="6" bec="0" bev="0" fileid="365" />
              </SequencePoints>
              <BranchPoints />
              <MethodPoint xsi:type="SequencePoint" vc="0" uspid="9829" ordinal="0" offset="0" sl="225" sc="7" el="225" ec="99" bec="0" bev="0" fileid="365" />
            </Method>
            <Method visited="true" cyclomaticComplexity="1" nPathComplexity="0" sequenceCoverage="100" branchCoverage="100" isConstructor="false" isStatic="true" isGetter="false" isSetter="false">
              <Summary numSequencePoints="3" visitedSequencePoints="3" numBranchPoints="1" visitedBranchPoints="1" sequenceCoverage="100" branchCoverage="100" maxCyclomaticComplexity="1" minCyclomaticComplexity="1" visitedClasses="0" numClasses="0" visitedMethods="1" numMethods="1" />
              <MetadataToken>100665916</MetadataToken>
              <Name>System.Void IBM.Watson.DeveloperCloud.Logging.Log::Error(System.String,System.String,System.Object[])</Name>
              <FileRef uid="365" />
              <SequencePoints>
                <SequencePoint vc="1" uspid="9832" ordinal="0" offset="0" sl="236" sc="7" el="236" ec="97" bec="0" bev="0" fileid="365" />
                <SequencePoint vc="1" uspid="9833" ordinal="1" offset="19" sl="237" sc="7" el="237" ec="111" bec="0" bev="0" fileid="365" />
                <SequencePoint vc="1" uspid="9834" ordinal="2" offset="43" sl="238" sc="5" el="238" ec="6" bec="0" bev="0" fileid="365" />
              </SequencePoints>
              <BranchPoints />
              <MethodPoint xsi:type="SequencePoint" vc="1" uspid="9832" ordinal="0" offset="0" sl="236" sc="7" el="236" ec="97" bec="0" bev="0" fileid="365" />
            </Method>
            <Method visited="false" cyclomaticComplexity="1" nPathComplexity="0" sequenceCoverage="0" branchCoverage="0" isConstructor="false" isStatic="true" isGetter="false" isSetter="false">
              <Summary numSequencePoints="3" visitedSequencePoints="0" numBranchPoints="1" visitedBranchPoints="0" sequenceCoverage="0" branchCoverage="0" maxCyclomaticComplexity="1" minCyclomaticComplexity="1" visitedClasses="0" numClasses="0" visitedMethods="0" numMethods="1" />
              <MetadataToken>100665917</MetadataToken>
              <Name>System.Void IBM.Watson.DeveloperCloud.Logging.Log::Critical(System.String,System.String,System.Object[])</Name>
              <FileRef uid="365" />
              <SequencePoints>
                <SequencePoint vc="0" uspid="9835" ordinal="0" offset="0" sl="247" sc="7" el="247" ec="100" bec="0" bev="0" fileid="365" />
                <SequencePoint vc="0" uspid="9836" ordinal="1" offset="19" sl="248" sc="7" el="248" ec="114" bec="0" bev="0" fileid="365" />
                <SequencePoint vc="0" uspid="9837" ordinal="2" offset="43" sl="249" sc="5" el="249" ec="6" bec="0" bev="0" fileid="365" />
              </SequencePoints>
              <BranchPoints />
              <MethodPoint xsi:type="SequencePoint" vc="0" uspid="9835" ordinal="0" offset="0" sl="247" sc="7" el="247" ec="100" bec="0" bev="0" fileid="365" />
            </Method>
          </Methods>
        </Class>
        <Class>
          <Summary numSequencePoints="116" visitedSequencePoints="94" numBranchPoints="81" visitedBranchPoints="59" sequenceCoverage="81.03" branchCoverage="72.84" maxCyclomaticComplexity="30" minCyclomaticComplexity="1" visitedClasses="1" numClasses="1" visitedMethods="11" numMethods="13" />
          <FullName>IBM.Watson.DeveloperCloud.Connection.RESTConnector</FullName>
          <Methods>
            <Method visited="true" cyclomaticComplexity="1" nPathComplexity="0" sequenceCoverage="100" branchCoverage="100" isConstructor="false" isStatic="false" isGetter="true" isSetter="false">
              <Summary numSequencePoints="1" visitedSequencePoints="1" numBranchPoints="1" visitedBranchPoints="1" sequenceCoverage="100" branchCoverage="100" maxCyclomaticComplexity="1" minCyclomaticComplexity="1" visitedClasses="0" numClasses="0" visitedMethods="1" numMethods="1" />
              <MetadataToken>100665918</MetadataToken>
              <Name>System.String IBM.Watson.DeveloperCloud.Connection.RESTConnector::get_URL()</Name>
              <FileRef uid="368" />
              <SequencePoints>
                <SequencePoint vc="144" uspid="9838" ordinal="0" offset="0" sl="227" sc="25" el="227" ec="29" bec="0" bev="0" fileid="368" />
              </SequencePoints>
              <BranchPoints />
              <MethodPoint xsi:type="SequencePoint" vc="144" uspid="9838" ordinal="0" offset="0" sl="227" sc="25" el="227" ec="29" bec="0" bev="0" fileid="368" />
            </Method>
            <Method visited="true" cyclomaticComplexity="1" nPathComplexity="0" sequenceCoverage="100" branchCoverage="100" isConstructor="false" isStatic="false" isGetter="false" isSetter="true">
              <Summary numSequencePoints="1" visitedSequencePoints="1" numBranchPoints="1" visitedBranchPoints="1" sequenceCoverage="100" branchCoverage="100" maxCyclomaticComplexity="1" minCyclomaticComplexity="1" visitedClasses="0" numClasses="0" visitedMethods="1" numMethods="1" />
              <MetadataToken>100665919</MetadataToken>
              <Name>System.Void IBM.Watson.DeveloperCloud.Connection.RESTConnector::set_URL(System.String)</Name>
              <FileRef uid="368" />
              <SequencePoints>
                <SequencePoint vc="100" uspid="9839" ordinal="0" offset="0" sl="227" sc="30" el="227" ec="34" bec="0" bev="0" fileid="368" />
              </SequencePoints>
              <BranchPoints />
              <MethodPoint xsi:type="SequencePoint" vc="100" uspid="9839" ordinal="0" offset="0" sl="227" sc="30" el="227" ec="34" bec="0" bev="0" fileid="368" />
            </Method>
            <Method visited="true" cyclomaticComplexity="1" nPathComplexity="0" sequenceCoverage="100" branchCoverage="100" isConstructor="false" isStatic="false" isGetter="true" isSetter="false">
              <Summary numSequencePoints="1" visitedSequencePoints="1" numBranchPoints="1" visitedBranchPoints="1" sequenceCoverage="100" branchCoverage="100" maxCyclomaticComplexity="1" minCyclomaticComplexity="1" visitedClasses="0" numClasses="0" visitedMethods="1" numMethods="1" />
              <MetadataToken>100665920</MetadataToken>
              <Name>IBM.Watson.DeveloperCloud.Utilities.Credentials IBM.Watson.DeveloperCloud.Connection.RESTConnector::get_Authentication()</Name>
              <FileRef uid="368" />
              <SequencePoints>
                <SequencePoint vc="218" uspid="9840" ordinal="0" offset="0" sl="231" sc="41" el="231" ec="45" bec="0" bev="0" fileid="368" />
              </SequencePoints>
              <BranchPoints />
              <MethodPoint xsi:type="SequencePoint" vc="218" uspid="9840" ordinal="0" offset="0" sl="231" sc="41" el="231" ec="45" bec="0" bev="0" fileid="368" />
            </Method>
            <Method visited="true" cyclomaticComplexity="1" nPathComplexity="0" sequenceCoverage="100" branchCoverage="100" isConstructor="false" isStatic="false" isGetter="false" isSetter="true">
              <Summary numSequencePoints="1" visitedSequencePoints="1" numBranchPoints="1" visitedBranchPoints="1" sequenceCoverage="100" branchCoverage="100" maxCyclomaticComplexity="1" minCyclomaticComplexity="1" visitedClasses="0" numClasses="0" visitedMethods="1" numMethods="1" />
              <MetadataToken>100665921</MetadataToken>
              <Name>System.Void IBM.Watson.DeveloperCloud.Connection.RESTConnector::set_Authentication(IBM.Watson.DeveloperCloud.Utilities.Credentials)</Name>
              <FileRef uid="368" />
              <SequencePoints>
                <SequencePoint vc="44" uspid="9841" ordinal="0" offset="0" sl="231" sc="46" el="231" ec="50" bec="0" bev="0" fileid="368" />
              </SequencePoints>
              <BranchPoints />
              <MethodPoint xsi:type="SequencePoint" vc="44" uspid="9841" ordinal="0" offset="0" sl="231" sc="46" el="231" ec="50" bec="0" bev="0" fileid="368" />
            </Method>
            <Method visited="true" cyclomaticComplexity="1" nPathComplexity="0" sequenceCoverage="100" branchCoverage="100" isConstructor="false" isStatic="false" isGetter="true" isSetter="false">
              <Summary numSequencePoints="1" visitedSequencePoints="1" numBranchPoints="1" visitedBranchPoints="1" sequenceCoverage="100" branchCoverage="100" maxCyclomaticComplexity="1" minCyclomaticComplexity="1" visitedClasses="0" numClasses="0" visitedMethods="1" numMethods="1" />
              <MetadataToken>100665922</MetadataToken>
              <Name>System.Collections.Generic.Dictionary`2&lt;System.String,System.String&gt; IBM.Watson.DeveloperCloud.Connection.RESTConnector::get_Headers()</Name>
              <FileRef uid="368" />
              <SequencePoints>
                <SequencePoint vc="144" uspid="9842" ordinal="0" offset="0" sl="235" sc="49" el="235" ec="53" bec="0" bev="0" fileid="368" />
              </SequencePoints>
              <BranchPoints />
              <MethodPoint xsi:type="SequencePoint" vc="144" uspid="9842" ordinal="0" offset="0" sl="235" sc="49" el="235" ec="53" bec="0" bev="0" fileid="368" />
            </Method>
            <Method visited="false" cyclomaticComplexity="1" nPathComplexity="0" sequenceCoverage="0" branchCoverage="0" isConstructor="false" isStatic="false" isGetter="false" isSetter="true">
              <Summary numSequencePoints="1" visitedSequencePoints="0" numBranchPoints="1" visitedBranchPoints="0" sequenceCoverage="0" branchCoverage="0" maxCyclomaticComplexity="1" minCyclomaticComplexity="1" visitedClasses="0" numClasses="0" visitedMethods="0" numMethods="1" />
              <MetadataToken>100665923</MetadataToken>
              <Name>System.Void IBM.Watson.DeveloperCloud.Connection.RESTConnector::set_Headers(System.Collections.Generic.Dictionary`2&lt;System.String,System.String&gt;)</Name>
              <FileRef uid="368" />
              <SequencePoints>
                <SequencePoint vc="0" uspid="9843" ordinal="0" offset="0" sl="235" sc="54" el="235" ec="58" bec="0" bev="0" fileid="368" />
              </SequencePoints>
              <BranchPoints />
              <MethodPoint xsi:type="SequencePoint" vc="0" uspid="9843" ordinal="0" offset="0" sl="235" sc="54" el="235" ec="58" bec="0" bev="0" fileid="368" />
            </Method>
            <Method visited="true" cyclomaticComplexity="6" nPathComplexity="32" sequenceCoverage="87.5" branchCoverage="90.91" isConstructor="false" isStatic="true" isGetter="false" isSetter="false">
              <Summary numSequencePoints="16" visitedSequencePoints="14" numBranchPoints="11" visitedBranchPoints="10" sequenceCoverage="87.5" branchCoverage="90.91" maxCyclomaticComplexity="6" minCyclomaticComplexity="6" visitedClasses="0" numClasses="0" visitedMethods="1" numMethods="1" />
              <MetadataToken>100665924</MetadataToken>
              <Name>IBM.Watson.DeveloperCloud.Connection.RESTConnector IBM.Watson.DeveloperCloud.Connection.RESTConnector::GetConnector(System.String,System.String,System.Boolean)</Name>
              <FileRef uid="368" />
              <SequencePoints>
                <SequencePoint vc="144" uspid="9844" ordinal="0" offset="0" sl="257" sc="7" el="257" ec="38" bec="0" bev="0" fileid="368" />
                <SequencePoint vc="144" uspid="9845" ordinal="1" offset="2" sl="259" sc="7" el="259" ec="49" bec="0" bev="0" fileid="368" />
                <SequencePoint vc="144" uspid="9846" ordinal="2" offset="10" sl="260" sc="7" el="260" ec="77" bec="3" bev="3" fileid="368" />
                <SequencePoint vc="44" uspid="9847" ordinal="3" offset="28" sl="261" sc="9" el="261" ec="26" bec="0" bev="0" fileid="368" />
                <SequencePoint vc="100" uspid="9848" ordinal="4" offset="30" sl="263" sc="7" el="263" ec="36" bec="0" bev="0" fileid="368" />
                <SequencePoint vc="100" uspid="9849" ordinal="5" offset="35" sl="264" sc="7" el="264" ec="67" bec="0" bev="0" fileid="368" />
                <SequencePoint vc="100" uspid="9850" ordinal="6" offset="42" sl="265" sc="7" el="265" ec="24" bec="2" bev="1" fileid="368" />
                <SequencePoint vc="0" uspid="9851" ordinal="7" offset="45" sl="267" sc="9" el="267" ec="87" bec="0" bev="0" fileid="368" />
                <SequencePoint vc="0" uspid="9852" ordinal="8" offset="70" sl="268" sc="9" el="268" ec="21" bec="0" bev="0" fileid="368" />
                <SequencePoint vc="100" uspid="9853" ordinal="9" offset="72" sl="271" sc="7" el="271" ec="39" bec="0" bev="0" fileid="368" />
                <SequencePoint vc="100" uspid="9854" ordinal="10" offset="78" sl="272" sc="7" el="272" ec="45" bec="0" bev="0" fileid="368" />
                <SequencePoint vc="100" uspid="9855" ordinal="11" offset="96" sl="273" sc="7" el="273" ec="33" bec="2" bev="2" fileid="368" />
                <SequencePoint vc="44" uspid="9856" ordinal="12" offset="104" sl="274" sc="9" el="274" ec="82" bec="0" bev="0" fileid="368" />
                <SequencePoint vc="100" uspid="9857" ordinal="13" offset="127" sl="275" sc="7" el="275" ec="20" bec="2" bev="2" fileid="368" />
                <SequencePoint vc="98" uspid="9858" ordinal="14" offset="130" sl="276" sc="9" el="276" ec="48" bec="0" bev="0" fileid="368" />
                <SequencePoint vc="100" uspid="9859" ordinal="15" offset="142" sl="278" sc="7" el="278" ec="24" bec="0" bev="0" fileid="368" />
              </SequencePoints>
              <BranchPoints>
                <BranchPoint vc="142" uspid="9860" ordinal="0" offset="11" sl="260" path="0" offsetend="13" fileid="368" />
                <BranchPoint vc="2" uspid="9861" ordinal="1" offset="11" sl="260" path="1" offsetend="30" fileid="368" />
                <BranchPoint vc="44" uspid="9862" ordinal="2" offset="26" sl="260" path="0" offsetend="28" fileid="368" />
                <BranchPoint vc="100" uspid="9863" ordinal="3" offset="26" sl="260" path="1" offsetend="30" fileid="368" />
                <BranchPoint vc="0" uspid="9864" ordinal="4" offset="43" sl="265" path="0" offsetend="45" fileid="368" />
                <BranchPoint vc="100" uspid="9865" ordinal="5" offset="43" sl="265" path="1" offsetend="72" fileid="368" />
                <BranchPoint vc="44" uspid="9866" ordinal="6" offset="102" sl="273" path="0" offsetend="104" fileid="368" />
                <BranchPoint vc="56" uspid="9867" ordinal="7" offset="102" sl="273" path="1" offsetend="127" fileid="368" />
                <BranchPoint vc="98" uspid="9868" ordinal="8" offset="128" sl="275" path="0" offsetend="130" fileid="368" />
                <BranchPoint vc="2" uspid="9869" ordinal="9" offset="128" sl="275" path="1" offsetend="142" fileid="368" />
              </BranchPoints>
              <MethodPoint xsi:type="SequencePoint" vc="144" uspid="9844" ordinal="0" offset="0" sl="257" sc="7" el="257" ec="38" bec="0" bev="0" fileid="368" />
            </Method>
            <Method visited="false" cyclomaticComplexity="1" nPathComplexity="0" sequenceCoverage="0" branchCoverage="0" isConstructor="false" isStatic="true" isGetter="false" isSetter="false">
              <Summary numSequencePoints="2" visitedSequencePoints="0" numBranchPoints="1" visitedBranchPoints="0" sequenceCoverage="0" branchCoverage="0" maxCyclomaticComplexity="1" minCyclomaticComplexity="1" visitedClasses="0" numClasses="0" visitedMethods="0" numMethods="1" />
              <MetadataToken>100665925</MetadataToken>
              <Name>System.Void IBM.Watson.DeveloperCloud.Connection.RESTConnector::FlushConnectors()</Name>
              <FileRef uid="368" />
              <SequencePoints>
                <SequencePoint vc="0" uspid="9870" ordinal="0" offset="0" sl="286" sc="7" el="286" ec="29" bec="0" bev="0" fileid="368" />
                <SequencePoint vc="0" uspid="9871" ordinal="1" offset="10" sl="287" sc="5" el="287" ec="6" bec="0" bev="0" fileid="368" />
              </SequencePoints>
              <BranchPoints />
              <MethodPoint xsi:type="SequencePoint" vc="0" uspid="9870" ordinal="0" offset="0" sl="286" sc="7" el="286" ec="29" bec="0" bev="0" fileid="368" />
            </Method>
            <Method visited="true" cyclomaticComplexity="3" nPathComplexity="4" sequenceCoverage="83.33" branchCoverage="60" isConstructor="false" isStatic="false" isGetter="false" isSetter="false">
              <Summary numSequencePoints="6" visitedSequencePoints="5" numBranchPoints="5" visitedBranchPoints="3" sequenceCoverage="83.33" branchCoverage="60" maxCyclomaticComplexity="3" minCyclomaticComplexity="3" visitedClasses="0" numClasses="0" visitedMethods="1" numMethods="1" />
              <MetadataToken>100665926</MetadataToken>
              <Name>System.Boolean IBM.Watson.DeveloperCloud.Connection.RESTConnector::Send(IBM.Watson.DeveloperCloud.Connection.RESTConnector/Request)</Name>
              <FileRef uid="368" />
              <SequencePoints>
                <SequencePoint vc="144" uspid="9872" ordinal="0" offset="0" sl="300" sc="7" el="300" ec="27" bec="2" bev="1" fileid="368" />
                <SequencePoint vc="0" uspid="9873" ordinal="1" offset="3" sl="301" sc="9" el="301" ec="52" bec="0" bev="0" fileid="368" />
                <SequencePoint vc="144" uspid="9874" ordinal="2" offset="14" sl="303" sc="7" el="303" ec="35" bec="0" bev="0" fileid="368" />
                <SequencePoint vc="144" uspid="9875" ordinal="3" offset="26" sl="305" sc="7" el="305" ec="68" bec="2" bev="1" fileid="368" />
                <SequencePoint vc="144" uspid="9876" ordinal="4" offset="44" sl="306" sc="9" el="306" ec="31" bec="0" bev="0" fileid="368" />
                <SequencePoint vc="144" uspid="9877" ordinal="5" offset="50" sl="308" sc="7" el="308" ec="19" bec="0" bev="0" fileid="368" />
              </SequencePoints>
              <BranchPoints>
                <BranchPoint vc="0" uspid="9878" ordinal="0" offset="1" sl="300" path="0" offsetend="3" fileid="368" />
                <BranchPoint vc="144" uspid="9879" ordinal="1" offset="1" sl="300" path="1" offsetend="14" fileid="368" />
                <BranchPoint vc="144" uspid="9880" ordinal="2" offset="42" sl="305" path="0" offsetend="44" fileid="368" />
                <BranchPoint vc="0" uspid="9881" ordinal="3" offset="42" sl="305" path="1" offsetend="50" fileid="368" />
              </BranchPoints>
              <MethodPoint xsi:type="SequencePoint" vc="144" uspid="9872" ordinal="0" offset="0" sl="300" sc="7" el="300" ec="27" bec="2" bev="1" fileid="368" />
            </Method>
            <Method visited="true" cyclomaticComplexity="5" nPathComplexity="8" sequenceCoverage="54.55" branchCoverage="71.43" isConstructor="false" isStatic="false" isGetter="false" isSetter="false">
              <Summary numSequencePoints="11" visitedSequencePoints="6" numBranchPoints="7" visitedBranchPoints="5" sequenceCoverage="54.55" branchCoverage="71.43" maxCyclomaticComplexity="5" minCyclomaticComplexity="5" visitedClasses="0" numClasses="0" visitedMethods="1" numMethods="1" />
              <MetadataToken>100665927</MetadataToken>
              <Name>System.Void IBM.Watson.DeveloperCloud.Connection.RESTConnector::AddHeaders(System.Collections.Generic.Dictionary`2&lt;System.String,System.String&gt;)</Name>
              <FileRef uid="368" />
              <SequencePoints>
                <SequencePoint vc="144" uspid="9882" ordinal="0" offset="0" sl="315" sc="7" el="315" ec="34" bec="2" bev="2" fileid="368" />
                <SequencePoint vc="74" uspid="9883" ordinal="1" offset="8" sl="317" sc="9" el="317" ec="29" bec="2" bev="1" fileid="368" />
                <SequencePoint vc="0" uspid="9884" ordinal="2" offset="11" sl="318" sc="11" el="318" ec="54" bec="0" bev="0" fileid="368" />
                <SequencePoint vc="74" uspid="9885" ordinal="3" offset="22" sl="319" sc="9" el="319" ec="76" bec="0" bev="0" fileid="368" />
                <SequencePoint vc="144" uspid="9886" ordinal="4" offset="44" sl="322" sc="7" el="322" ec="27" bec="2" bev="1" fileid="368" />
                <SequencePoint vc="0" uspid="9887" ordinal="5" offset="52" sl="324" sc="28" el="324" ec="35" bec="0" bev="0" fileid="368" />
                <SequencePoint vc="0" uspid="9888" ordinal="6" offset="66" sl="324" sc="18" el="324" ec="24" bec="0" bev="0" fileid="368" />
                <SequencePoint vc="0" uspid="9889" ordinal="7" offset="74" sl="325" sc="11" el="325" ec="38" bec="0" bev="0" fileid="368" />
                <SequencePoint vc="0" uspid="9890" ordinal="8" offset="94" sl="324" sc="25" el="324" ec="27" bec="0" bev="0" fileid="368" />
                <SequencePoint vc="144" uspid="9891" ordinal="9" offset="119" sl="328" sc="7" el="328" ec="59" bec="0" bev="0" fileid="368" />
                <SequencePoint vc="144" uspid="9892" ordinal="10" offset="135" sl="329" sc="5" el="329" ec="6" bec="0" bev="0" fileid="368" />
              </SequencePoints>
              <BranchPoints>
                <BranchPoint vc="74" uspid="9893" ordinal="0" offset="6" sl="315" path="0" offsetend="8" fileid="368" />
                <BranchPoint vc="70" uspid="9894" ordinal="1" offset="6" sl="315" path="1" offsetend="44" fileid="368" />
                <BranchPoint vc="0" uspid="9895" ordinal="2" offset="9" sl="317" path="0" offsetend="11" fileid="368" />
                <BranchPoint vc="74" uspid="9896" ordinal="3" offset="9" sl="317" path="1" offsetend="22" fileid="368" />
                <BranchPoint vc="0" uspid="9897" ordinal="4" offset="50" sl="322" path="0" offsetend="52" fileid="368" />
                <BranchPoint vc="144" uspid="9898" ordinal="5" offset="50" sl="322" path="1" offsetend="119" fileid="368" />
              </BranchPoints>
              <MethodPoint xsi:type="SequencePoint" vc="144" uspid="9882" ordinal="0" offset="0" sl="315" sc="7" el="315" ec="34" bec="2" bev="2" fileid="368" />
            </Method>
            <Method visited="true" cyclomaticComplexity="30" nPathComplexity="16777216" sequenceCoverage="84.51" branchCoverage="69.39" isConstructor="false" isStatic="false" isGetter="false" isSetter="false">
              <Summary numSequencePoints="71" visitedSequencePoints="60" numBranchPoints="49" visitedBranchPoints="34" sequenceCoverage="84.51" branchCoverage="69.39" maxCyclomaticComplexity="30" minCyclomaticComplexity="30" visitedClasses="0" numClasses="0" visitedMethods="1" numMethods="1" />
              <MetadataToken>100665928</MetadataToken>
              <Name>System.Void IBM.Watson.DeveloperCloud.Connection.RESTConnector::ProcessRequestQueue()</Name>
              <FileRef uid="368" />
              <SequencePoints>
                <SequencePoint vc="144" uspid="9901" ordinal="0" offset="0" sl="335" sc="7" el="335" ec="32" bec="0" bev="0" fileid="368" />
                <SequencePoint vc="144" uspid="9902" ordinal="1" offset="25" sl="339" sc="9" el="339" ec="34" bec="2" bev="1" fileid="368" />
                <SequencePoint vc="0" uspid="9903" ordinal="2" offset="33" sl="340" sc="11" el="340" ec="61" bec="0" bev="0" fileid="368" />
                <SequencePoint vc="144" uspid="9904" ordinal="3" offset="44" sl="342" sc="9" el="342" ec="44" bec="0" bev="0" fileid="368" />
                <SequencePoint vc="144" uspid="9905" ordinal="4" offset="61" sl="344" sc="9" el="344" ec="24" bec="2" bev="1" fileid="368" />
                <SequencePoint vc="144" uspid="9906" ordinal="5" offset="77" sl="347" sc="9" el="347" ec="26" bec="0" bev="0" fileid="368" />
                <SequencePoint vc="144" uspid="9907" ordinal="6" offset="84" sl="348" sc="9" el="348" ec="49" bec="2" bev="2" fileid="368" />
                <SequencePoint vc="4" uspid="9908" ordinal="7" offset="102" sl="349" sc="11" el="349" ec="31" bec="0" bev="0" fileid="368" />
                <SequencePoint vc="144" uspid="9909" ordinal="8" offset="120" sl="351" sc="9" el="351" ec="45" bec="0" bev="0" fileid="368" />
                <SequencePoint vc="144" uspid="9910" ordinal="9" offset="137" sl="352" sc="9" el="352" ec="59" bec="0" bev="0" fileid="368" />
                <SequencePoint vc="144" uspid="9911" ordinal="10" offset="153" sl="354" sc="9" el="354" ec="53" bec="0" bev="0" fileid="368" />
                <SequencePoint vc="144" uspid="9912" ordinal="11" offset="159" sl="356" sc="28" el="356" ec="42" bec="0" bev="0" fileid="368" />
                <SequencePoint vc="322" uspid="9913" ordinal="12" offset="182" sl="356" sc="18" el="356" ec="24" bec="0" bev="0" fileid="368" />
                <SequencePoint vc="322" uspid="9914" ordinal="13" offset="191" sl="358" sc="11" el="358" ec="28" bec="0" bev="0" fileid="368" />
                <SequencePoint vc="322" uspid="9915" ordinal="14" offset="200" sl="359" sc="11" el="359" ec="32" bec="0" bev="0" fileid="368" />
                <SequencePoint vc="322" uspid="9916" ordinal="15" offset="209" sl="360" sc="11" el="360" ec="30" bec="0" bev="0" fileid="368" />
                <SequencePoint vc="322" uspid="9917" ordinal="16" offset="216" sl="362" sc="11" el="362" ec="31" bec="2" bev="2" fileid="368" />
                <SequencePoint vc="317" uspid="9918" ordinal="17" offset="225" sl="363" sc="13" el="363" ec="57" bec="0" bev="0" fileid="368" />
                <SequencePoint vc="5" uspid="9919" ordinal="18" offset="244" sl="364" sc="16" el="364" ec="36" bec="2" bev="1" fileid="368" />
                <SequencePoint vc="0" uspid="9920" ordinal="19" offset="253" sl="365" sc="13" el="365" ec="60" bec="0" bev="0" fileid="368" />
                <SequencePoint vc="5" uspid="9921" ordinal="20" offset="269" sl="366" sc="16" el="366" ec="91" bec="5" bev="5" fileid="368" />
                <SequencePoint vc="4" uspid="9922" ordinal="21" offset="305" sl="367" sc="13" el="367" ec="39" bec="0" bev="0" fileid="368" />
                <SequencePoint vc="1" uspid="9923" ordinal="22" offset="316" sl="368" sc="16" el="368" ec="34" bec="2" bev="1" fileid="368" />
                <SequencePoint vc="0" uspid="9924" ordinal="23" offset="320" sl="369" sc="13" el="369" ec="104" bec="0" bev="0" fileid="368" />
                <SequencePoint vc="1" uspid="9925" ordinal="24" offset="358" sl="371" sc="13" el="371" ec="76" bec="0" bev="0" fileid="368" />
                <SequencePoint vc="322" uspid="9926" ordinal="25" offset="384" sl="373" sc="11" el="373" ec="44" bec="2" bev="2" fileid="368" />
                <SequencePoint vc="321" uspid="9927" ordinal="26" offset="393" sl="374" sc="13" el="374" ec="56" bec="0" bev="0" fileid="368" />
                <SequencePoint vc="466" uspid="9928" ordinal="27" offset="404" sl="356" sc="25" el="356" ec="27" bec="0" bev="0" fileid="368" />
                <SequencePoint vc="144" uspid="9929" ordinal="28" offset="432" sl="377" sc="9" el="377" ec="33" bec="0" bev="0" fileid="368" />
                <SequencePoint vc="144" uspid="9930" ordinal="29" offset="449" sl="379" sc="53" el="379" ec="64" bec="0" bev="0" fileid="368" />
                <SequencePoint vc="316" uspid="9931" ordinal="30" offset="469" sl="379" sc="18" el="379" ec="49" bec="0" bev="0" fileid="368" />
                <SequencePoint vc="316" uspid="9932" ordinal="31" offset="478" sl="380" sc="11" el="380" ec="51" bec="0" bev="0" fileid="368" />
                <SequencePoint vc="460" uspid="9933" ordinal="32" offset="499" sl="379" sc="50" el="379" ec="52" bec="0" bev="0" fileid="368" />
                <SequencePoint vc="144" uspid="9934" ordinal="33" offset="524" sl="382" sc="9" el="382" ec="40" bec="0" bev="0" fileid="368" />
                <SequencePoint vc="144" uspid="9935" ordinal="34" offset="535" sl="384" sc="9" el="384" ec="43" bec="0" bev="0" fileid="368" />
                <SequencePoint vc="144" uspid="9936" ordinal="35" offset="541" sl="385" sc="9" el="385" ec="25" bec="2" bev="2" fileid="368" />
                <SequencePoint vc="131" uspid="9937" ordinal="36" offset="557" sl="387" sc="11" el="387" ec="33" bec="2" bev="2" fileid="368" />
                <SequencePoint vc="61" uspid="9938" ordinal="37" offset="573" sl="389" sc="13" el="389" ec="69" bec="2" bev="1" fileid="368" />
                <SequencePoint vc="61" uspid="9939" ordinal="38" offset="596" sl="391" sc="13" el="391" ec="34" bec="2" bev="1" fileid="368" />
                <SequencePoint vc="0" uspid="9940" ordinal="39" offset="609" sl="392" sc="15" el="392" ec="103" bec="0" bev="0" fileid="368" />
                <SequencePoint vc="61" uspid="9941" ordinal="40" offset="631" sl="396" sc="40" el="396" ec="49" bec="0" bev="0" fileid="368" />
                <SequencePoint vc="77" uspid="9942" ordinal="41" offset="654" sl="396" sc="24" el="396" ec="36" bec="0" bev="0" fileid="368" />
                <SequencePoint vc="77" uspid="9943" ordinal="42" offset="663" sl="398" sc="17" el="398" ec="45" bec="2" bev="2" fileid="368" />
                <SequencePoint vc="17" uspid="9944" ordinal="43" offset="677" sl="399" sc="19" el="399" ec="133" bec="0" bev="0" fileid="368" />
                <SequencePoint vc="60" uspid="9945" ordinal="44" offset="732" sl="400" sc="22" el="400" ec="63" bec="2" bev="1" fileid="368" />
                <SequencePoint vc="60" uspid="9946" ordinal="45" offset="751" sl="401" sc="19" el="401" ec="111" bec="0" bev="0" fileid="368" />
                <SequencePoint vc="0" uspid="9947" ordinal="46" offset="780" sl="402" sc="22" el="402" ec="60" bec="2" bev="0" fileid="368" />
                <SequencePoint vc="0" uspid="9948" ordinal="47" offset="799" sl="403" sc="19" el="403" ec="111" bec="0" bev="0" fileid="368" />
                <SequencePoint vc="0" uspid="9949" ordinal="48" offset="828" sl="404" sc="22" el="404" ec="61" bec="2" bev="0" fileid="368" />
                <SequencePoint vc="0" uspid="9950" ordinal="49" offset="842" sl="405" sc="19" el="405" ec="132" bec="0" bev="0" fileid="368" />
                <SequencePoint vc="138" uspid="9951" ordinal="50" offset="888" sl="396" sc="37" el="396" ec="39" bec="0" bev="0" fileid="368" />
                <SequencePoint vc="61" uspid="9952" ordinal="51" offset="916" sl="407" sc="13" el="407" ec="14" bec="0" bev="0" fileid="368" />
                <SequencePoint vc="0" uspid="9953" ordinal="52" offset="918" sl="408" sc="13" el="408" ec="32" bec="0" bev="0" fileid="368" />
                <SequencePoint vc="0" uspid="9954" ordinal="53" offset="920" sl="410" sc="15" el="410" ec="97" bec="0" bev="0" fileid="368" />
                <SequencePoint vc="0" uspid="9955" ordinal="54" offset="951" sl="411" sc="13" el="411" ec="14" bec="0" bev="0" fileid="368" />
                <SequencePoint vc="70" uspid="9956" ordinal="55" offset="953" sl="413" sc="16" el="413" ec="37" bec="2" bev="2" fileid="368" />
                <SequencePoint vc="49" uspid="9957" ordinal="56" offset="966" sl="415" sc="13" el="415" ec="45" bec="0" bev="0" fileid="368" />
                <SequencePoint vc="49" uspid="9958" ordinal="57" offset="973" sl="416" sc="11" el="416" ec="12" bec="0" bev="0" fileid="368" />
                <SequencePoint vc="21" uspid="9959" ordinal="58" offset="975" sl="419" sc="13" el="419" ec="69" bec="2" bev="2" fileid="368" />
                <SequencePoint vc="21" uspid="9960" ordinal="59" offset="998" sl="420" sc="13" el="420" ec="104" bec="0" bev="0" fileid="368" />
                <SequencePoint vc="131" uspid="9961" ordinal="60" offset="1038" sl="428" sc="11" el="433" ec="14" bec="0" bev="0" fileid="368" />
                <SequencePoint vc="131" uspid="9962" ordinal="61" offset="1063" sl="436" sc="11" el="436" ec="74" bec="0" bev="0" fileid="368" />
                <SequencePoint vc="131" uspid="9963" ordinal="62" offset="1090" sl="452" sc="11" el="452" ec="26" bec="2" bev="1" fileid="368" />
                <SequencePoint vc="131" uspid="9964" ordinal="63" offset="1103" sl="509" sc="11" el="509" ec="77" bec="0" bev="0" fileid="368" />
                <SequencePoint vc="131" uspid="9965" ordinal="64" offset="1135" sl="519" sc="9" el="519" ec="10" bec="0" bev="0" fileid="368" />
                <SequencePoint vc="13" uspid="9966" ordinal="65" offset="1137" sl="520" sc="14" el="520" ec="28" bec="2" bev="1" fileid="368" />
                <SequencePoint vc="13" uspid="9967" ordinal="66" offset="1150" sl="550" sc="11" el="550" ec="46" bec="0" bev="0" fileid="368" />
                <SequencePoint vc="13" uspid="9968" ordinal="67" offset="1157" sl="552" sc="11" el="557" ec="14" bec="0" bev="0" fileid="368" />
                <SequencePoint vc="13" uspid="9969" ordinal="68" offset="1182" sl="559" sc="11" el="559" ec="77" bec="0" bev="0" fileid="368" />
                <SequencePoint vc="288" uspid="9970" ordinal="69" offset="1214" sl="337" sc="7" el="337" ec="35" bec="2" bev="2" fileid="368" />
                <SequencePoint vc="144" uspid="9971" ordinal="70" offset="1231" sl="575" sc="5" el="575" ec="6" bec="0" bev="0" fileid="368" />
              </SequencePoints>
              <BranchPoints>
                <BranchPoint vc="0" uspid="9972" ordinal="0" offset="31" sl="339" path="0" offsetend="33" fileid="368" />
                <BranchPoint vc="144" uspid="9973" ordinal="1" offset="31" sl="339" path="1" offsetend="44" fileid="368" />
                <BranchPoint vc="144" uspid="9974" ordinal="2" offset="72" sl="344" path="0" offsetend="77" fileid="368" />
                <BranchPoint vc="0" uspid="9975" ordinal="3" offset="72" sl="344" path="1" offsetend="1214" fileid="368" />
                <BranchPoint vc="4" uspid="9976" ordinal="4" offset="100" sl="348" path="0" offsetend="102" fileid="368" />
                <BranchPoint vc="140" uspid="9977" ordinal="5" offset="100" sl="348" path="1" offsetend="120" fileid="368" />
                <BranchPoint vc="317" uspid="9978" ordinal="6" offset="223" sl="362" path="0" offsetend="225" fileid="368" />
                <BranchPoint vc="5" uspid="9979" ordinal="7" offset="223" sl="362" path="1" offsetend="244" fileid="368" />
                <BranchPoint vc="0" uspid="9980" ordinal="8" offset="251" sl="364" path="0" offsetend="253" fileid="368" />
                <BranchPoint vc="5" uspid="9981" ordinal="9" offset="251" sl="364" path="1" offsetend="269" fileid="368" />
                <BranchPoint vc="1" uspid="9982" ordinal="10" offset="276" sl="366" path="0" offsetend="278" fileid="368" />
                <BranchPoint vc="4" uspid="9983" ordinal="11" offset="276" sl="366" path="1" offsetend="305" fileid="368" />
                <BranchPoint vc="1" uspid="9984" ordinal="12" offset="285" sl="366" path="0" offsetend="287" fileid="368" />
                <BranchPoint vc="0" uspid="9985" ordinal="13" offset="285" sl="366" path="1" offsetend="305" fileid="368" />
                <BranchPoint vc="1" uspid="9986" ordinal="14" offset="294" sl="366" path="0" offsetend="296" fileid="368" />
                <BranchPoint vc="0" uspid="9987" ordinal="15" offset="294" sl="366" path="1" offsetend="305" fileid="368" />
                <BranchPoint vc="4" uspid="9988" ordinal="16" offset="303" sl="366" path="0" offsetend="305" fileid="368" />
                <BranchPoint vc="1" uspid="9989" ordinal="17" offset="303" sl="366" path="1" offsetend="316" fileid="368" />
                <BranchPoint vc="0" uspid="9990" ordinal="18" offset="318" sl="368" path="0" offsetend="320" fileid="368" />
                <BranchPoint vc="1" uspid="9991" ordinal="19" offset="318" sl="368" path="1" offsetend="358" fileid="368" />
                <BranchPoint vc="321" uspid="9992" ordinal="20" offset="391" sl="373" path="0" offsetend="393" fileid="368" />
                <BranchPoint vc="1" uspid="9993" ordinal="21" offset="391" sl="373" path="1" offsetend="404" fileid="368" />
                <BranchPoint vc="131" uspid="9998" ordinal="26" offset="552" sl="385" path="0" offsetend="557" fileid="368" />
                <BranchPoint vc="13" uspid="9999" ordinal="27" offset="552" sl="385" path="1" offsetend="1137" fileid="368" />
                <BranchPoint vc="61" uspid="10000" ordinal="28" offset="568" sl="387" path="0" offsetend="573" fileid="368" />
                <BranchPoint vc="70" uspid="10001" ordinal="29" offset="568" sl="387" path="1" offsetend="953" fileid="368" />
                <BranchPoint vc="61" uspid="10002" ordinal="30" offset="585" sl="389" path="0" offsetend="587" fileid="368" />
                <BranchPoint vc="0" uspid="10003" ordinal="31" offset="585" sl="389" path="1" offsetend="590" fileid="368" />
                <BranchPoint vc="0" uspid="10004" ordinal="32" offset="607" sl="391" path="0" offsetend="609" fileid="368" />
                <BranchPoint vc="61" uspid="10005" ordinal="33" offset="607" sl="391" path="1" offsetend="630" fileid="368" />
                <BranchPoint vc="17" uspid="10006" ordinal="34" offset="675" sl="398" path="0" offsetend="677" fileid="368" />
                <BranchPoint vc="60" uspid="10007" ordinal="35" offset="675" sl="398" path="1" offsetend="732" fileid="368" />
                <BranchPoint vc="60" uspid="10008" ordinal="36" offset="749" sl="400" path="0" offsetend="751" fileid="368" />
                <BranchPoint vc="0" uspid="10009" ordinal="37" offset="749" sl="400" path="1" offsetend="780" fileid="368" />
                <BranchPoint vc="0" uspid="10010" ordinal="38" offset="797" sl="402" path="0" offsetend="799" fileid="368" />
                <BranchPoint vc="0" uspid="10011" ordinal="39" offset="797" sl="402" path="1" offsetend="828" fileid="368" />
                <BranchPoint vc="0" uspid="10012" ordinal="40" offset="840" sl="404" path="0" offsetend="842" fileid="368" />
                <BranchPoint vc="0" uspid="10013" ordinal="41" offset="840" sl="404" path="1" offsetend="888" fileid="368" />
                <BranchPoint vc="49" uspid="10016" ordinal="44" offset="964" sl="413" path="0" offsetend="966" fileid="368" />
                <BranchPoint vc="21" uspid="10017" ordinal="45" offset="964" sl="413" path="1" offsetend="975" fileid="368" />
                <BranchPoint vc="20" uspid="10018" ordinal="46" offset="987" sl="419" path="0" offsetend="989" fileid="368" />
                <BranchPoint vc="1" uspid="10019" ordinal="47" offset="987" sl="419" path="1" offsetend="992" fileid="368" />
                <BranchPoint vc="131" uspid="10020" ordinal="48" offset="1101" sl="452" path="0" offsetend="1103" fileid="368" />
                <BranchPoint vc="0" uspid="10021" ordinal="49" offset="1101" sl="452" path="1" offsetend="1214" fileid="368" />
                <BranchPoint vc="13" uspid="10022" ordinal="50" offset="1148" sl="520" path="0" offsetend="1150" fileid="368" />
                <BranchPoint vc="0" uspid="10023" ordinal="51" offset="1148" sl="520" path="1" offsetend="1214" fileid="368" />
                <BranchPoint vc="144" uspid="10024" ordinal="52" offset="1226" sl="337" path="0" offsetend="1231" fileid="368" />
                <BranchPoint vc="144" uspid="10025" ordinal="53" offset="1226" sl="337" path="1" offsetend="19" fileid="368" />
              </BranchPoints>
              <MethodPoint xsi:type="SequencePoint" vc="144" uspid="9901" ordinal="0" offset="0" sl="335" sc="7" el="335" ec="32" bec="0" bev="0" fileid="368" />
            </Method>
            <Method visited="true" cyclomaticComplexity="1" nPathComplexity="0" sequenceCoverage="100" branchCoverage="100" isConstructor="true" isStatic="false" isGetter="false" isSetter="false">
              <Summary numSequencePoints="2" visitedSequencePoints="2" numBranchPoints="1" visitedBranchPoints="1" sequenceCoverage="100" branchCoverage="100" maxCyclomaticComplexity="1" minCyclomaticComplexity="1" visitedClasses="0" numClasses="0" visitedMethods="1" numMethods="1" />
              <MetadataToken>100665929</MetadataToken>
              <Name>System.Void IBM.Watson.DeveloperCloud.Connection.RESTConnector::.ctor()</Name>
              <FileRef uid="368" />
              <SequencePoints>
                <SequencePoint vc="100" uspid="10026" ordinal="0" offset="0" sl="242" sc="5" el="242" ec="62" bec="0" bev="0" fileid="368" />
                <SequencePoint vc="100" uspid="10027" ordinal="1" offset="11" sl="243" sc="5" el="243" ec="56" bec="0" bev="0" fileid="368" />
              </SequencePoints>
              <BranchPoints />
              <MethodPoint xsi:type="SequencePoint" vc="100" uspid="10026" ordinal="0" offset="0" sl="242" sc="5" el="242" ec="62" bec="0" bev="0" fileid="368" />
            </Method>
            <Method visited="true" cyclomaticComplexity="1" nPathComplexity="0" sequenceCoverage="100" branchCoverage="100" isConstructor="true" isStatic="true" isGetter="false" isSetter="false">
              <Summary numSequencePoints="2" visitedSequencePoints="2" numBranchPoints="1" visitedBranchPoints="1" sequenceCoverage="100" branchCoverage="100" maxCyclomaticComplexity="1" minCyclomaticComplexity="1" visitedClasses="0" numClasses="0" visitedMethods="1" numMethods="1" />
              <MetadataToken>100665930</MetadataToken>
              <Name>System.Void IBM.Watson.DeveloperCloud.Connection.RESTConnector::.cctor()</Name>
              <FileRef uid="368" />
              <SequencePoints>
                <SequencePoint vc="1" uspid="10028" ordinal="0" offset="0" sl="240" sc="5" el="240" ec="110" bec="0" bev="0" fileid="368" />
                <SequencePoint vc="1" uspid="10029" ordinal="1" offset="10" sl="244" sc="5" el="244" ec="68" bec="0" bev="0" fileid="368" />
              </SequencePoints>
              <BranchPoints />
              <MethodPoint xsi:type="SequencePoint" vc="1" uspid="10028" ordinal="0" offset="0" sl="240" sc="5" el="240" ec="110" bec="0" bev="0" fileid="368" />
            </Method>
          </Methods>
        </Class>
        <Class>
          <Summary numSequencePoints="0" visitedSequencePoints="0" numBranchPoints="0" visitedBranchPoints="0" sequenceCoverage="0" branchCoverage="0" maxCyclomaticComplexity="0" minCyclomaticComplexity="0" visitedClasses="0" numClasses="0" visitedMethods="0" numMethods="0" />
          <FullName>IBM.Watson.DeveloperCloud.Connection.RESTConnector/ResponseEvent</FullName>
          <Methods>
            <Method skippedDueTo="Unknown" visited="false" cyclomaticComplexity="0" nPathComplexity="0" sequenceCoverage="0" branchCoverage="0" isConstructor="true" isStatic="false" isGetter="false" isSetter="false">
              <MetadataToken>100667254</MetadataToken>
              <Name>System.Void IBM.Watson.DeveloperCloud.Connection.RESTConnector/ResponseEvent::.ctor(System.Object,System.IntPtr)</Name>
              <SequencePoints />
              <BranchPoints />
            </Method>
            <Method skippedDueTo="Unknown" visited="false" cyclomaticComplexity="0" nPathComplexity="0" sequenceCoverage="0" branchCoverage="0" isConstructor="false" isStatic="false" isGetter="false" isSetter="false">
              <MetadataToken>100667255</MetadataToken>
              <Name>System.Void IBM.Watson.DeveloperCloud.Connection.RESTConnector/ResponseEvent::Invoke(IBM.Watson.DeveloperCloud.Connection.RESTConnector/Request,IBM.Watson.DeveloperCloud.Connection.RESTConnector/Response)</Name>
              <SequencePoints />
              <BranchPoints />
            </Method>
            <Method skippedDueTo="Unknown" visited="false" cyclomaticComplexity="0" nPathComplexity="0" sequenceCoverage="0" branchCoverage="0" isConstructor="false" isStatic="false" isGetter="false" isSetter="false">
              <MetadataToken>100667256</MetadataToken>
              <Name>System.IAsyncResult IBM.Watson.DeveloperCloud.Connection.RESTConnector/ResponseEvent::BeginInvoke(IBM.Watson.DeveloperCloud.Connection.RESTConnector/Request,IBM.Watson.DeveloperCloud.Connection.RESTConnector/Response,System.AsyncCallback,System.Object)</Name>
              <SequencePoints />
              <BranchPoints />
            </Method>
            <Method skippedDueTo="Unknown" visited="false" cyclomaticComplexity="0" nPathComplexity="0" sequenceCoverage="0" branchCoverage="0" isConstructor="false" isStatic="false" isGetter="false" isSetter="false">
              <MetadataToken>100667257</MetadataToken>
              <Name>System.Void IBM.Watson.DeveloperCloud.Connection.RESTConnector/ResponseEvent::EndInvoke(System.IAsyncResult)</Name>
              <SequencePoints />
              <BranchPoints />
            </Method>
          </Methods>
        </Class>
        <Class>
          <Summary numSequencePoints="0" visitedSequencePoints="0" numBranchPoints="0" visitedBranchPoints="0" sequenceCoverage="0" branchCoverage="0" maxCyclomaticComplexity="0" minCyclomaticComplexity="0" visitedClasses="0" numClasses="0" visitedMethods="0" numMethods="0" />
          <FullName>IBM.Watson.DeveloperCloud.Connection.RESTConnector/ProgressEvent</FullName>
          <Methods>
            <Method skippedDueTo="Unknown" visited="false" cyclomaticComplexity="0" nPathComplexity="0" sequenceCoverage="0" branchCoverage="0" isConstructor="true" isStatic="false" isGetter="false" isSetter="false">
              <MetadataToken>100667258</MetadataToken>
              <Name>System.Void IBM.Watson.DeveloperCloud.Connection.RESTConnector/ProgressEvent::.ctor(System.Object,System.IntPtr)</Name>
              <SequencePoints />
              <BranchPoints />
            </Method>
            <Method skippedDueTo="Unknown" visited="false" cyclomaticComplexity="0" nPathComplexity="0" sequenceCoverage="0" branchCoverage="0" isConstructor="false" isStatic="false" isGetter="false" isSetter="false">
              <MetadataToken>100667259</MetadataToken>
              <Name>System.Void IBM.Watson.DeveloperCloud.Connection.RESTConnector/ProgressEvent::Invoke(System.Single)</Name>
              <SequencePoints />
              <BranchPoints />
            </Method>
            <Method skippedDueTo="Unknown" visited="false" cyclomaticComplexity="0" nPathComplexity="0" sequenceCoverage="0" branchCoverage="0" isConstructor="false" isStatic="false" isGetter="false" isSetter="false">
              <MetadataToken>100667260</MetadataToken>
              <Name>System.IAsyncResult IBM.Watson.DeveloperCloud.Connection.RESTConnector/ProgressEvent::BeginInvoke(System.Single,System.AsyncCallback,System.Object)</Name>
              <SequencePoints />
              <BranchPoints />
            </Method>
            <Method skippedDueTo="Unknown" visited="false" cyclomaticComplexity="0" nPathComplexity="0" sequenceCoverage="0" branchCoverage="0" isConstructor="false" isStatic="false" isGetter="false" isSetter="false">
              <MetadataToken>100667261</MetadataToken>
              <Name>System.Void IBM.Watson.DeveloperCloud.Connection.RESTConnector/ProgressEvent::EndInvoke(System.IAsyncResult)</Name>
              <SequencePoints />
              <BranchPoints />
            </Method>
          </Methods>
        </Class>
        <Class>
          <Summary numSequencePoints="8" visitedSequencePoints="6" numBranchPoints="8" visitedBranchPoints="6" sequenceCoverage="75" branchCoverage="75" maxCyclomaticComplexity="1" minCyclomaticComplexity="1" visitedClasses="1" numClasses="1" visitedMethods="6" numMethods="8" />
          <FullName>IBM.Watson.DeveloperCloud.Connection.RESTConnector/Response</FullName>
          <Methods>
            <Method visited="true" cyclomaticComplexity="1" nPathComplexity="0" sequenceCoverage="100" branchCoverage="100" isConstructor="false" isStatic="false" isGetter="true" isSetter="false">
              <Summary numSequencePoints="1" visitedSequencePoints="1" numBranchPoints="1" visitedBranchPoints="1" sequenceCoverage="100" branchCoverage="100" maxCyclomaticComplexity="1" minCyclomaticComplexity="1" visitedClasses="0" numClasses="0" visitedMethods="1" numMethods="1" />
              <MetadataToken>100667262</MetadataToken>
              <Name>System.Boolean IBM.Watson.DeveloperCloud.Connection.RESTConnector/Response::get_Success()</Name>
              <FileRef uid="368" />
              <SequencePoints>
                <SequencePoint vc="263" uspid="10030" ordinal="0" offset="0" sl="70" sc="29" el="70" ec="33" bec="0" bev="0" fileid="368" />
              </SequencePoints>
              <BranchPoints />
              <MethodPoint xsi:type="SequencePoint" vc="263" uspid="10030" ordinal="0" offset="0" sl="70" sc="29" el="70" ec="33" bec="0" bev="0" fileid="368" />
            </Method>
            <Method visited="true" cyclomaticComplexity="1" nPathComplexity="0" sequenceCoverage="100" branchCoverage="100" isConstructor="false" isStatic="false" isGetter="false" isSetter="true">
              <Summary numSequencePoints="1" visitedSequencePoints="1" numBranchPoints="1" visitedBranchPoints="1" sequenceCoverage="100" branchCoverage="100" maxCyclomaticComplexity="1" minCyclomaticComplexity="1" visitedClasses="0" numClasses="0" visitedMethods="1" numMethods="1" />
              <MetadataToken>100667263</MetadataToken>
              <Name>System.Void IBM.Watson.DeveloperCloud.Connection.RESTConnector/Response::set_Success(System.Boolean)</Name>
              <FileRef uid="368" />
              <SequencePoints>
                <SequencePoint vc="144" uspid="10031" ordinal="0" offset="0" sl="70" sc="34" el="70" ec="38" bec="0" bev="0" fileid="368" />
              </SequencePoints>
              <BranchPoints />
              <MethodPoint xsi:type="SequencePoint" vc="144" uspid="10031" ordinal="0" offset="0" sl="70" sc="34" el="70" ec="38" bec="0" bev="0" fileid="368" />
            </Method>
            <Method visited="false" cyclomaticComplexity="1" nPathComplexity="0" sequenceCoverage="0" branchCoverage="0" isConstructor="false" isStatic="false" isGetter="true" isSetter="false">
              <Summary numSequencePoints="1" visitedSequencePoints="0" numBranchPoints="1" visitedBranchPoints="0" sequenceCoverage="0" branchCoverage="0" maxCyclomaticComplexity="1" minCyclomaticComplexity="1" visitedClasses="0" numClasses="0" visitedMethods="0" numMethods="1" />
              <MetadataToken>100667264</MetadataToken>
              <Name>System.String IBM.Watson.DeveloperCloud.Connection.RESTConnector/Response::get_Error()</Name>
              <FileRef uid="368" />
              <SequencePoints>
                <SequencePoint vc="0" uspid="10032" ordinal="0" offset="0" sl="74" sc="29" el="74" ec="33" bec="0" bev="0" fileid="368" />
              </SequencePoints>
              <BranchPoints />
              <MethodPoint xsi:type="SequencePoint" vc="0" uspid="10032" ordinal="0" offset="0" sl="74" sc="29" el="74" ec="33" bec="0" bev="0" fileid="368" />
            </Method>
            <Method visited="false" cyclomaticComplexity="1" nPathComplexity="0" sequenceCoverage="0" branchCoverage="0" isConstructor="false" isStatic="false" isGetter="false" isSetter="true">
              <Summary numSequencePoints="1" visitedSequencePoints="0" numBranchPoints="1" visitedBranchPoints="0" sequenceCoverage="0" branchCoverage="0" maxCyclomaticComplexity="1" minCyclomaticComplexity="1" visitedClasses="0" numClasses="0" visitedMethods="0" numMethods="1" />
              <MetadataToken>100667265</MetadataToken>
              <Name>System.Void IBM.Watson.DeveloperCloud.Connection.RESTConnector/Response::set_Error(System.String)</Name>
              <FileRef uid="368" />
              <SequencePoints>
                <SequencePoint vc="0" uspid="10033" ordinal="0" offset="0" sl="74" sc="34" el="74" ec="38" bec="0" bev="0" fileid="368" />
              </SequencePoints>
              <BranchPoints />
              <MethodPoint xsi:type="SequencePoint" vc="0" uspid="10033" ordinal="0" offset="0" sl="74" sc="34" el="74" ec="38" bec="0" bev="0" fileid="368" />
            </Method>
            <Method visited="true" cyclomaticComplexity="1" nPathComplexity="0" sequenceCoverage="100" branchCoverage="100" isConstructor="false" isStatic="false" isGetter="true" isSetter="false">
              <Summary numSequencePoints="1" visitedSequencePoints="1" numBranchPoints="1" visitedBranchPoints="1" sequenceCoverage="100" branchCoverage="100" maxCyclomaticComplexity="1" minCyclomaticComplexity="1" visitedClasses="0" numClasses="0" visitedMethods="1" numMethods="1" />
              <MetadataToken>100667266</MetadataToken>
              <Name>System.Byte[] IBM.Watson.DeveloperCloud.Connection.RESTConnector/Response::get_Data()</Name>
              <FileRef uid="368" />
              <SequencePoints>
                <SequencePoint vc="123" uspid="10034" ordinal="0" offset="0" sl="78" sc="28" el="78" ec="32" bec="0" bev="0" fileid="368" />
              </SequencePoints>
              <BranchPoints />
              <MethodPoint xsi:type="SequencePoint" vc="123" uspid="10034" ordinal="0" offset="0" sl="78" sc="28" el="78" ec="32" bec="0" bev="0" fileid="368" />
            </Method>
            <Method visited="true" cyclomaticComplexity="1" nPathComplexity="0" sequenceCoverage="100" branchCoverage="100" isConstructor="false" isStatic="false" isGetter="false" isSetter="true">
              <Summary numSequencePoints="1" visitedSequencePoints="1" numBranchPoints="1" visitedBranchPoints="1" sequenceCoverage="100" branchCoverage="100" maxCyclomaticComplexity="1" minCyclomaticComplexity="1" visitedClasses="0" numClasses="0" visitedMethods="1" numMethods="1" />
              <MetadataToken>100667267</MetadataToken>
              <Name>System.Void IBM.Watson.DeveloperCloud.Connection.RESTConnector/Response::set_Data(System.Byte[])</Name>
              <FileRef uid="368" />
              <SequencePoints>
                <SequencePoint vc="144" uspid="10035" ordinal="0" offset="0" sl="78" sc="33" el="78" ec="37" bec="0" bev="0" fileid="368" />
              </SequencePoints>
              <BranchPoints />
              <MethodPoint xsi:type="SequencePoint" vc="144" uspid="10035" ordinal="0" offset="0" sl="78" sc="33" el="78" ec="37" bec="0" bev="0" fileid="368" />
            </Method>
            <Method visited="true" cyclomaticComplexity="1" nPathComplexity="0" sequenceCoverage="100" branchCoverage="100" isConstructor="false" isStatic="false" isGetter="true" isSetter="false">
              <Summary numSequencePoints="1" visitedSequencePoints="1" numBranchPoints="1" visitedBranchPoints="1" sequenceCoverage="100" branchCoverage="100" maxCyclomaticComplexity="1" minCyclomaticComplexity="1" visitedClasses="0" numClasses="0" visitedMethods="1" numMethods="1" />
              <MetadataToken>100667268</MetadataToken>
              <Name>System.Single IBM.Watson.DeveloperCloud.Connection.RESTConnector/Response::get_ElapsedTime()</Name>
              <FileRef uid="368" />
              <SequencePoints>
                <SequencePoint vc="1" uspid="10036" ordinal="0" offset="0" sl="82" sc="34" el="82" ec="38" bec="0" bev="0" fileid="368" />
              </SequencePoints>
              <BranchPoints />
              <MethodPoint xsi:type="SequencePoint" vc="1" uspid="10036" ordinal="0" offset="0" sl="82" sc="34" el="82" ec="38" bec="0" bev="0" fileid="368" />
            </Method>
            <Method visited="true" cyclomaticComplexity="1" nPathComplexity="0" sequenceCoverage="100" branchCoverage="100" isConstructor="false" isStatic="false" isGetter="false" isSetter="true">
              <Summary numSequencePoints="1" visitedSequencePoints="1" numBranchPoints="1" visitedBranchPoints="1" sequenceCoverage="100" branchCoverage="100" maxCyclomaticComplexity="1" minCyclomaticComplexity="1" visitedClasses="0" numClasses="0" visitedMethods="1" numMethods="1" />
              <MetadataToken>100667269</MetadataToken>
              <Name>System.Void IBM.Watson.DeveloperCloud.Connection.RESTConnector/Response::set_ElapsedTime(System.Single)</Name>
              <FileRef uid="368" />
              <SequencePoints>
                <SequencePoint vc="144" uspid="10037" ordinal="0" offset="0" sl="82" sc="39" el="82" ec="43" bec="0" bev="0" fileid="368" />
              </SequencePoints>
              <BranchPoints />
              <MethodPoint xsi:type="SequencePoint" vc="144" uspid="10037" ordinal="0" offset="0" sl="82" sc="39" el="82" ec="43" bec="0" bev="0" fileid="368" />
            </Method>
            <Method visited="true" cyclomaticComplexity="1" nPathComplexity="0" sequenceCoverage="0" branchCoverage="0" isConstructor="true" isStatic="false" isGetter="false" isSetter="false">
              <Summary numSequencePoints="0" visitedSequencePoints="0" numBranchPoints="0" visitedBranchPoints="0" sequenceCoverage="0" branchCoverage="0" maxCyclomaticComplexity="1" minCyclomaticComplexity="1" visitedClasses="0" numClasses="0" visitedMethods="0" numMethods="0" />
              <MetadataToken>100667270</MetadataToken>
              <Name>System.Void IBM.Watson.DeveloperCloud.Connection.RESTConnector/Response::.ctor()</Name>
              <SequencePoints />
              <BranchPoints />
              <MethodPoint vc="144" uspid="10038" ordinal="0" offset="0" />
            </Method>
          </Methods>
        </Class>
        <Class>
          <Summary numSequencePoints="24" visitedSequencePoints="20" numBranchPoints="13" visitedBranchPoints="12" sequenceCoverage="83.33" branchCoverage="92.31" maxCyclomaticComplexity="1" minCyclomaticComplexity="1" visitedClasses="1" numClasses="1" visitedMethods="12" numMethods="13" />
          <FullName>IBM.Watson.DeveloperCloud.Connection.RESTConnector/Form</FullName>
          <Methods>
            <Method visited="true" cyclomaticComplexity="1" nPathComplexity="0" sequenceCoverage="100" branchCoverage="100" isConstructor="false" isStatic="false" isGetter="true" isSetter="false">
              <Summary numSequencePoints="1" visitedSequencePoints="1" numBranchPoints="1" visitedBranchPoints="1" sequenceCoverage="100" branchCoverage="100" maxCyclomaticComplexity="1" minCyclomaticComplexity="1" visitedClasses="0" numClasses="0" visitedMethods="1" numMethods="1" />
              <MetadataToken>100667274</MetadataToken>
              <Name>System.Boolean IBM.Watson.DeveloperCloud.Connection.RESTConnector/Form::get_IsBinary()</Name>
              <FileRef uid="368" />
              <SequencePoints>
                <SequencePoint vc="77" uspid="10039" ordinal="0" offset="0" sl="129" sc="30" el="129" ec="34" bec="0" bev="0" fileid="368" />
              </SequencePoints>
              <BranchPoints />
              <MethodPoint xsi:type="SequencePoint" vc="77" uspid="10039" ordinal="0" offset="0" sl="129" sc="30" el="129" ec="34" bec="0" bev="0" fileid="368" />
            </Method>
            <Method visited="true" cyclomaticComplexity="1" nPathComplexity="0" sequenceCoverage="100" branchCoverage="100" isConstructor="false" isStatic="false" isGetter="false" isSetter="true">
              <Summary numSequencePoints="1" visitedSequencePoints="1" numBranchPoints="1" visitedBranchPoints="1" sequenceCoverage="100" branchCoverage="100" maxCyclomaticComplexity="1" minCyclomaticComplexity="1" visitedClasses="0" numClasses="0" visitedMethods="1" numMethods="1" />
              <MetadataToken>100667275</MetadataToken>
              <Name>System.Void IBM.Watson.DeveloperCloud.Connection.RESTConnector/Form::set_IsBinary(System.Boolean)</Name>
              <FileRef uid="368" />
              <SequencePoints>
                <SequencePoint vc="77" uspid="10040" ordinal="0" offset="0" sl="129" sc="35" el="129" ec="39" bec="0" bev="0" fileid="368" />
              </SequencePoints>
              <BranchPoints />
              <MethodPoint xsi:type="SequencePoint" vc="77" uspid="10040" ordinal="0" offset="0" sl="129" sc="35" el="129" ec="39" bec="0" bev="0" fileid="368" />
            </Method>
            <Method visited="true" cyclomaticComplexity="1" nPathComplexity="0" sequenceCoverage="100" branchCoverage="100" isConstructor="false" isStatic="false" isGetter="true" isSetter="false">
              <Summary numSequencePoints="1" visitedSequencePoints="1" numBranchPoints="1" visitedBranchPoints="1" sequenceCoverage="100" branchCoverage="100" maxCyclomaticComplexity="1" minCyclomaticComplexity="1" visitedClasses="0" numClasses="0" visitedMethods="1" numMethods="1" />
              <MetadataToken>100667276</MetadataToken>
              <Name>System.Object IBM.Watson.DeveloperCloud.Connection.RESTConnector/Form::get_BoxedObject()</Name>
              <FileRef uid="368" />
              <SequencePoints>
                <SequencePoint vc="120" uspid="10041" ordinal="0" offset="0" sl="133" sc="35" el="133" ec="39" bec="0" bev="0" fileid="368" />
              </SequencePoints>
              <BranchPoints />
              <MethodPoint xsi:type="SequencePoint" vc="120" uspid="10041" ordinal="0" offset="0" sl="133" sc="35" el="133" ec="39" bec="0" bev="0" fileid="368" />
            </Method>
            <Method visited="true" cyclomaticComplexity="1" nPathComplexity="0" sequenceCoverage="100" branchCoverage="100" isConstructor="false" isStatic="false" isGetter="false" isSetter="true">
              <Summary numSequencePoints="1" visitedSequencePoints="1" numBranchPoints="1" visitedBranchPoints="1" sequenceCoverage="100" branchCoverage="100" maxCyclomaticComplexity="1" minCyclomaticComplexity="1" visitedClasses="0" numClasses="0" visitedMethods="1" numMethods="1" />
              <MetadataToken>100667277</MetadataToken>
              <Name>System.Void IBM.Watson.DeveloperCloud.Connection.RESTConnector/Form::set_BoxedObject(System.Object)</Name>
              <FileRef uid="368" />
              <SequencePoints>
                <SequencePoint vc="60" uspid="10042" ordinal="0" offset="0" sl="133" sc="40" el="133" ec="44" bec="0" bev="0" fileid="368" />
              </SequencePoints>
              <BranchPoints />
              <MethodPoint xsi:type="SequencePoint" vc="60" uspid="10042" ordinal="0" offset="0" sl="133" sc="40" el="133" ec="44" bec="0" bev="0" fileid="368" />
            </Method>
            <Method visited="true" cyclomaticComplexity="1" nPathComplexity="0" sequenceCoverage="100" branchCoverage="100" isConstructor="false" isStatic="false" isGetter="true" isSetter="false">
              <Summary numSequencePoints="1" visitedSequencePoints="1" numBranchPoints="1" visitedBranchPoints="1" sequenceCoverage="100" branchCoverage="100" maxCyclomaticComplexity="1" minCyclomaticComplexity="1" visitedClasses="0" numClasses="0" visitedMethods="1" numMethods="1" />
              <MetadataToken>100667278</MetadataToken>
              <Name>System.Byte[] IBM.Watson.DeveloperCloud.Connection.RESTConnector/Form::get_Contents()</Name>
              <FileRef uid="368" />
              <SequencePoints>
                <SequencePoint vc="17" uspid="10043" ordinal="0" offset="0" sl="137" sc="32" el="137" ec="36" bec="0" bev="0" fileid="368" />
              </SequencePoints>
              <BranchPoints />
              <MethodPoint xsi:type="SequencePoint" vc="17" uspid="10043" ordinal="0" offset="0" sl="137" sc="32" el="137" ec="36" bec="0" bev="0" fileid="368" />
            </Method>
            <Method visited="true" cyclomaticComplexity="1" nPathComplexity="0" sequenceCoverage="100" branchCoverage="100" isConstructor="false" isStatic="false" isGetter="false" isSetter="true">
              <Summary numSequencePoints="1" visitedSequencePoints="1" numBranchPoints="1" visitedBranchPoints="1" sequenceCoverage="100" branchCoverage="100" maxCyclomaticComplexity="1" minCyclomaticComplexity="1" visitedClasses="0" numClasses="0" visitedMethods="1" numMethods="1" />
              <MetadataToken>100667279</MetadataToken>
              <Name>System.Void IBM.Watson.DeveloperCloud.Connection.RESTConnector/Form::set_Contents(System.Byte[])</Name>
              <FileRef uid="368" />
              <SequencePoints>
                <SequencePoint vc="17" uspid="10044" ordinal="0" offset="0" sl="137" sc="37" el="137" ec="41" bec="0" bev="0" fileid="368" />
              </SequencePoints>
              <BranchPoints />
              <MethodPoint xsi:type="SequencePoint" vc="17" uspid="10044" ordinal="0" offset="0" sl="137" sc="37" el="137" ec="41" bec="0" bev="0" fileid="368" />
            </Method>
            <Method visited="true" cyclomaticComplexity="1" nPathComplexity="0" sequenceCoverage="100" branchCoverage="100" isConstructor="false" isStatic="false" isGetter="true" isSetter="false">
              <Summary numSequencePoints="1" visitedSequencePoints="1" numBranchPoints="1" visitedBranchPoints="1" sequenceCoverage="100" branchCoverage="100" maxCyclomaticComplexity="1" minCyclomaticComplexity="1" visitedClasses="0" numClasses="0" visitedMethods="1" numMethods="1" />
              <MetadataToken>100667280</MetadataToken>
              <Name>System.String IBM.Watson.DeveloperCloud.Connection.RESTConnector/Form::get_FileName()</Name>
              <FileRef uid="368" />
              <SequencePoints>
                <SequencePoint vc="17" uspid="10045" ordinal="0" offset="0" sl="141" sc="32" el="141" ec="36" bec="0" bev="0" fileid="368" />
              </SequencePoints>
              <BranchPoints />
              <MethodPoint xsi:type="SequencePoint" vc="17" uspid="10045" ordinal="0" offset="0" sl="141" sc="32" el="141" ec="36" bec="0" bev="0" fileid="368" />
            </Method>
            <Method visited="true" cyclomaticComplexity="1" nPathComplexity="0" sequenceCoverage="100" branchCoverage="100" isConstructor="false" isStatic="false" isGetter="false" isSetter="true">
              <Summary numSequencePoints="1" visitedSequencePoints="1" numBranchPoints="1" visitedBranchPoints="1" sequenceCoverage="100" branchCoverage="100" maxCyclomaticComplexity="1" minCyclomaticComplexity="1" visitedClasses="0" numClasses="0" visitedMethods="1" numMethods="1" />
              <MetadataToken>100667281</MetadataToken>
              <Name>System.Void IBM.Watson.DeveloperCloud.Connection.RESTConnector/Form::set_FileName(System.String)</Name>
              <FileRef uid="368" />
              <SequencePoints>
                <SequencePoint vc="17" uspid="10046" ordinal="0" offset="0" sl="141" sc="37" el="141" ec="41" bec="0" bev="0" fileid="368" />
              </SequencePoints>
              <BranchPoints />
              <MethodPoint xsi:type="SequencePoint" vc="17" uspid="10046" ordinal="0" offset="0" sl="141" sc="37" el="141" ec="41" bec="0" bev="0" fileid="368" />
            </Method>
            <Method visited="true" cyclomaticComplexity="1" nPathComplexity="0" sequenceCoverage="100" branchCoverage="100" isConstructor="false" isStatic="false" isGetter="true" isSetter="false">
              <Summary numSequencePoints="1" visitedSequencePoints="1" numBranchPoints="1" visitedBranchPoints="1" sequenceCoverage="100" branchCoverage="100" maxCyclomaticComplexity="1" minCyclomaticComplexity="1" visitedClasses="0" numClasses="0" visitedMethods="1" numMethods="1" />
              <MetadataToken>100667282</MetadataToken>
              <Name>System.String IBM.Watson.DeveloperCloud.Connection.RESTConnector/Form::get_MimeType()</Name>
              <FileRef uid="368" />
              <SequencePoints>
                <SequencePoint vc="17" uspid="10047" ordinal="0" offset="0" sl="145" sc="32" el="145" ec="36" bec="0" bev="0" fileid="368" />
              </SequencePoints>
              <BranchPoints />
              <MethodPoint xsi:type="SequencePoint" vc="17" uspid="10047" ordinal="0" offset="0" sl="145" sc="32" el="145" ec="36" bec="0" bev="0" fileid="368" />
            </Method>
            <Method visited="true" cyclomaticComplexity="1" nPathComplexity="0" sequenceCoverage="100" branchCoverage="100" isConstructor="false" isStatic="false" isGetter="false" isSetter="true">
              <Summary numSequencePoints="1" visitedSequencePoints="1" numBranchPoints="1" visitedBranchPoints="1" sequenceCoverage="100" branchCoverage="100" maxCyclomaticComplexity="1" minCyclomaticComplexity="1" visitedClasses="0" numClasses="0" visitedMethods="1" numMethods="1" />
              <MetadataToken>100667283</MetadataToken>
              <Name>System.Void IBM.Watson.DeveloperCloud.Connection.RESTConnector/Form::set_MimeType(System.String)</Name>
              <FileRef uid="368" />
              <SequencePoints>
                <SequencePoint vc="17" uspid="10048" ordinal="0" offset="0" sl="145" sc="37" el="145" ec="41" bec="0" bev="0" fileid="368" />
              </SequencePoints>
              <BranchPoints />
              <MethodPoint xsi:type="SequencePoint" vc="17" uspid="10048" ordinal="0" offset="0" sl="145" sc="37" el="145" ec="41" bec="0" bev="0" fileid="368" />
            </Method>
            <Method visited="true" cyclomaticComplexity="1" nPathComplexity="0" sequenceCoverage="100" branchCoverage="100" isConstructor="true" isStatic="false" isGetter="false" isSetter="false">
              <Summary numSequencePoints="4" visitedSequencePoints="4" numBranchPoints="1" visitedBranchPoints="1" sequenceCoverage="100" branchCoverage="100" maxCyclomaticComplexity="1" minCyclomaticComplexity="1" visitedClasses="0" numClasses="0" visitedMethods="1" numMethods="1" />
              <MetadataToken>100667271</MetadataToken>
              <Name>System.Void IBM.Watson.DeveloperCloud.Connection.RESTConnector/Form::.ctor(System.String)</Name>
              <FileRef uid="368" />
              <SequencePoints>
                <SequencePoint vc="60" uspid="10049" ordinal="0" offset="0" sl="97" sc="7" el="97" ec="28" bec="0" bev="0" fileid="368" />
                <SequencePoint vc="60" uspid="10050" ordinal="1" offset="6" sl="99" sc="9" el="99" ec="26" bec="0" bev="0" fileid="368" />
                <SequencePoint vc="60" uspid="10051" ordinal="2" offset="13" sl="100" sc="9" el="100" ec="25" bec="0" bev="0" fileid="368" />
                <SequencePoint vc="60" uspid="10052" ordinal="3" offset="20" sl="101" sc="7" el="101" ec="8" bec="0" bev="0" fileid="368" />
              </SequencePoints>
              <BranchPoints />
              <MethodPoint xsi:type="SequencePoint" vc="60" uspid="10049" ordinal="0" offset="0" sl="97" sc="7" el="97" ec="28" bec="0" bev="0" fileid="368" />
            </Method>
            <Method visited="false" cyclomaticComplexity="1" nPathComplexity="0" sequenceCoverage="0" branchCoverage="0" isConstructor="true" isStatic="false" isGetter="false" isSetter="false">
              <Summary numSequencePoints="4" visitedSequencePoints="0" numBranchPoints="1" visitedBranchPoints="0" sequenceCoverage="0" branchCoverage="0" maxCyclomaticComplexity="1" minCyclomaticComplexity="1" visitedClasses="0" numClasses="0" visitedMethods="0" numMethods="1" />
              <MetadataToken>100667272</MetadataToken>
              <Name>System.Void IBM.Watson.DeveloperCloud.Connection.RESTConnector/Form::.ctor(System.Int32)</Name>
              <FileRef uid="368" />
              <SequencePoints>
                <SequencePoint vc="0" uspid="10053" ordinal="0" offset="0" sl="106" sc="7" el="106" ec="25" bec="0" bev="0" fileid="368" />
                <SequencePoint vc="0" uspid="10054" ordinal="1" offset="6" sl="108" sc="9" el="108" ec="26" bec="0" bev="0" fileid="368" />
                <SequencePoint vc="0" uspid="10055" ordinal="2" offset="13" sl="109" sc="9" el="109" ec="25" bec="0" bev="0" fileid="368" />
                <SequencePoint vc="0" uspid="10056" ordinal="3" offset="25" sl="110" sc="7" el="110" ec="8" bec="0" bev="0" fileid="368" />
              </SequencePoints>
              <BranchPoints />
              <MethodPoint xsi:type="SequencePoint" vc="0" uspid="10053" ordinal="0" offset="0" sl="106" sc="7" el="106" ec="25" bec="0" bev="0" fileid="368" />
            </Method>
            <Method visited="true" cyclomaticComplexity="1" nPathComplexity="0" sequenceCoverage="100" branchCoverage="100" isConstructor="true" isStatic="false" isGetter="false" isSetter="false">
              <Summary numSequencePoints="6" visitedSequencePoints="6" numBranchPoints="1" visitedBranchPoints="1" sequenceCoverage="100" branchCoverage="100" maxCyclomaticComplexity="1" minCyclomaticComplexity="1" visitedClasses="0" numClasses="0" visitedMethods="1" numMethods="1" />
              <MetadataToken>100667273</MetadataToken>
              <Name>System.Void IBM.Watson.DeveloperCloud.Connection.RESTConnector/Form::.ctor(System.Byte[],System.String,System.String)</Name>
              <FileRef uid="368" />
              <SequencePoints>
                <SequencePoint vc="17" uspid="10057" ordinal="0" offset="0" sl="118" sc="7" el="118" ec="83" bec="0" bev="0" fileid="368" />
                <SequencePoint vc="17" uspid="10058" ordinal="1" offset="6" sl="120" sc="9" el="120" ec="25" bec="0" bev="0" fileid="368" />
                <SequencePoint vc="17" uspid="10059" ordinal="2" offset="13" sl="121" sc="9" el="121" ec="29" bec="0" bev="0" fileid="368" />
                <SequencePoint vc="17" uspid="10060" ordinal="3" offset="20" sl="122" sc="9" el="122" ec="29" bec="0" bev="0" fileid="368" />
                <SequencePoint vc="17" uspid="10061" ordinal="4" offset="27" sl="123" sc="9" el="123" ec="29" bec="0" bev="0" fileid="368" />
                <SequencePoint vc="17" uspid="10062" ordinal="5" offset="34" sl="124" sc="7" el="124" ec="8" bec="0" bev="0" fileid="368" />
              </SequencePoints>
              <BranchPoints />
              <MethodPoint xsi:type="SequencePoint" vc="17" uspid="10057" ordinal="0" offset="0" sl="118" sc="7" el="118" ec="83" bec="0" bev="0" fileid="368" />
            </Method>
          </Methods>
        </Class>
        <Class>
          <Summary numSequencePoints="32" visitedSequencePoints="24" numBranchPoints="28" visitedBranchPoints="21" sequenceCoverage="75" branchCoverage="75" maxCyclomaticComplexity="1" minCyclomaticComplexity="1" visitedClasses="1" numClasses="1" visitedMethods="21" numMethods="28" />
          <FullName>IBM.Watson.DeveloperCloud.Connection.RESTConnector/Request</FullName>
          <Methods>
            <Method visited="false" cyclomaticComplexity="1" nPathComplexity="0" sequenceCoverage="0" branchCoverage="0" isConstructor="false" isStatic="true" isGetter="true" isSetter="false">
              <Summary numSequencePoints="1" visitedSequencePoints="0" numBranchPoints="1" visitedBranchPoints="0" sequenceCoverage="0" branchCoverage="0" maxCyclomaticComplexity="1" minCyclomaticComplexity="1" visitedClasses="0" numClasses="0" visitedMethods="0" numMethods="1" />
              <MetadataToken>100667285</MetadataToken>
              <Name>System.Single IBM.Watson.DeveloperCloud.Connection.RESTConnector/Request::get_LogResponseTime()</Name>
              <FileRef uid="368" />
              <SequencePoints>
                <SequencePoint vc="0" uspid="10063" ordinal="0" offset="0" sl="169" sc="51" el="169" ec="77" bec="0" bev="0" fileid="368" />
              </SequencePoints>
              <BranchPoints />
              <MethodPoint xsi:type="SequencePoint" vc="0" uspid="10063" ordinal="0" offset="0" sl="169" sc="51" el="169" ec="77" bec="0" bev="0" fileid="368" />
            </Method>
            <Method visited="false" cyclomaticComplexity="1" nPathComplexity="0" sequenceCoverage="0" branchCoverage="0" isConstructor="false" isStatic="true" isGetter="false" isSetter="true">
              <Summary numSequencePoints="2" visitedSequencePoints="0" numBranchPoints="1" visitedBranchPoints="0" sequenceCoverage="0" branchCoverage="0" maxCyclomaticComplexity="1" minCyclomaticComplexity="1" visitedClasses="0" numClasses="0" visitedMethods="0" numMethods="1" />
              <MetadataToken>100667286</MetadataToken>
              <Name>System.Void IBM.Watson.DeveloperCloud.Connection.RESTConnector/Request::set_LogResponseTime(System.Single)</Name>
              <FileRef uid="368" />
              <SequencePoints>
                <SequencePoint vc="0" uspid="10064" ordinal="0" offset="0" sl="169" sc="86" el="169" ec="113" bec="0" bev="0" fileid="368" />
                <SequencePoint vc="0" uspid="10065" ordinal="1" offset="6" sl="169" sc="114" el="169" ec="115" bec="0" bev="0" fileid="368" />
              </SequencePoints>
              <BranchPoints />
              <MethodPoint xsi:type="SequencePoint" vc="0" uspid="10064" ordinal="0" offset="0" sl="169" sc="86" el="169" ec="113" bec="0" bev="0" fileid="368" />
            </Method>
            <Method visited="true" cyclomaticComplexity="1" nPathComplexity="0" sequenceCoverage="100" branchCoverage="100" isConstructor="false" isStatic="false" isGetter="true" isSetter="false">
              <Summary numSequencePoints="1" visitedSequencePoints="1" numBranchPoints="1" visitedBranchPoints="1" sequenceCoverage="100" branchCoverage="100" maxCyclomaticComplexity="1" minCyclomaticComplexity="1" visitedClasses="0" numClasses="0" visitedMethods="1" numMethods="1" />
              <MetadataToken>100667287</MetadataToken>
              <Name>System.Single IBM.Watson.DeveloperCloud.Connection.RESTConnector/Request::get_Timeout()</Name>
              <FileRef uid="368" />
              <SequencePoints>
                <SequencePoint vc="131" uspid="10066" ordinal="0" offset="0" sl="173" sc="30" el="173" ec="34" bec="0" bev="0" fileid="368" />
              </SequencePoints>
              <BranchPoints />
              <MethodPoint xsi:type="SequencePoint" vc="131" uspid="10066" ordinal="0" offset="0" sl="173" sc="30" el="173" ec="34" bec="0" bev="0" fileid="368" />
            </Method>
            <Method visited="true" cyclomaticComplexity="1" nPathComplexity="0" sequenceCoverage="100" branchCoverage="100" isConstructor="false" isStatic="false" isGetter="false" isSetter="true">
              <Summary numSequencePoints="1" visitedSequencePoints="1" numBranchPoints="1" visitedBranchPoints="1" sequenceCoverage="100" branchCoverage="100" maxCyclomaticComplexity="1" minCyclomaticComplexity="1" visitedClasses="0" numClasses="0" visitedMethods="1" numMethods="1" />
              <MetadataToken>100667288</MetadataToken>
              <Name>System.Void IBM.Watson.DeveloperCloud.Connection.RESTConnector/Request::set_Timeout(System.Single)</Name>
              <FileRef uid="368" />
              <SequencePoints>
                <SequencePoint vc="47" uspid="10067" ordinal="0" offset="0" sl="173" sc="35" el="173" ec="39" bec="0" bev="0" fileid="368" />
              </SequencePoints>
              <BranchPoints />
              <MethodPoint xsi:type="SequencePoint" vc="47" uspid="10067" ordinal="0" offset="0" sl="173" sc="35" el="173" ec="39" bec="0" bev="0" fileid="368" />
            </Method>
            <Method visited="true" cyclomaticComplexity="1" nPathComplexity="0" sequenceCoverage="100" branchCoverage="100" isConstructor="false" isStatic="false" isGetter="true" isSetter="false">
              <Summary numSequencePoints="1" visitedSequencePoints="1" numBranchPoints="1" visitedBranchPoints="1" sequenceCoverage="100" branchCoverage="100" maxCyclomaticComplexity="1" minCyclomaticComplexity="1" visitedClasses="0" numClasses="0" visitedMethods="1" numMethods="1" />
              <MetadataToken>100667289</MetadataToken>
              <Name>System.Boolean IBM.Watson.DeveloperCloud.Connection.RESTConnector/Request::get_Cancel()</Name>
              <FileRef uid="368" />
              <SequencePoints>
                <SequencePoint vc="275" uspid="10068" ordinal="0" offset="0" sl="177" sc="28" el="177" ec="32" bec="0" bev="0" fileid="368" />
              </SequencePoints>
              <BranchPoints />
              <MethodPoint xsi:type="SequencePoint" vc="275" uspid="10068" ordinal="0" offset="0" sl="177" sc="28" el="177" ec="32" bec="0" bev="0" fileid="368" />
            </Method>
            <Method visited="false" cyclomaticComplexity="1" nPathComplexity="0" sequenceCoverage="0" branchCoverage="0" isConstructor="false" isStatic="false" isGetter="false" isSetter="true">
              <Summary numSequencePoints="1" visitedSequencePoints="0" numBranchPoints="1" visitedBranchPoints="0" sequenceCoverage="0" branchCoverage="0" maxCyclomaticComplexity="1" minCyclomaticComplexity="1" visitedClasses="0" numClasses="0" visitedMethods="0" numMethods="1" />
              <MetadataToken>100667290</MetadataToken>
              <Name>System.Void IBM.Watson.DeveloperCloud.Connection.RESTConnector/Request::set_Cancel(System.Boolean)</Name>
              <FileRef uid="368" />
              <SequencePoints>
                <SequencePoint vc="0" uspid="10069" ordinal="0" offset="0" sl="177" sc="33" el="177" ec="37" bec="0" bev="0" fileid="368" />
              </SequencePoints>
              <BranchPoints />
              <MethodPoint xsi:type="SequencePoint" vc="0" uspid="10069" ordinal="0" offset="0" sl="177" sc="33" el="177" ec="37" bec="0" bev="0" fileid="368" />
            </Method>
            <Method visited="true" cyclomaticComplexity="1" nPathComplexity="0" sequenceCoverage="100" branchCoverage="100" isConstructor="false" isStatic="false" isGetter="true" isSetter="false">
              <Summary numSequencePoints="1" visitedSequencePoints="1" numBranchPoints="1" visitedBranchPoints="1" sequenceCoverage="100" branchCoverage="100" maxCyclomaticComplexity="1" minCyclomaticComplexity="1" visitedClasses="0" numClasses="0" visitedMethods="1" numMethods="1" />
              <MetadataToken>100667291</MetadataToken>
              <Name>System.Boolean IBM.Watson.DeveloperCloud.Connection.RESTConnector/Request::get_Delete()</Name>
              <FileRef uid="368" />
              <SequencePoints>
                <SequencePoint vc="157" uspid="10070" ordinal="0" offset="0" sl="181" sc="28" el="181" ec="32" bec="0" bev="0" fileid="368" />
              </SequencePoints>
              <BranchPoints />
              <MethodPoint xsi:type="SequencePoint" vc="157" uspid="10070" ordinal="0" offset="0" sl="181" sc="28" el="181" ec="32" bec="0" bev="0" fileid="368" />
            </Method>
            <Method visited="true" cyclomaticComplexity="1" nPathComplexity="0" sequenceCoverage="100" branchCoverage="100" isConstructor="false" isStatic="false" isGetter="false" isSetter="true">
              <Summary numSequencePoints="1" visitedSequencePoints="1" numBranchPoints="1" visitedBranchPoints="1" sequenceCoverage="100" branchCoverage="100" maxCyclomaticComplexity="1" minCyclomaticComplexity="1" visitedClasses="0" numClasses="0" visitedMethods="1" numMethods="1" />
              <MetadataToken>100667292</MetadataToken>
              <Name>System.Void IBM.Watson.DeveloperCloud.Connection.RESTConnector/Request::set_Delete(System.Boolean)</Name>
              <FileRef uid="368" />
              <SequencePoints>
                <SequencePoint vc="13" uspid="10071" ordinal="0" offset="0" sl="181" sc="33" el="181" ec="37" bec="0" bev="0" fileid="368" />
              </SequencePoints>
              <BranchPoints />
              <MethodPoint xsi:type="SequencePoint" vc="13" uspid="10071" ordinal="0" offset="0" sl="181" sc="33" el="181" ec="37" bec="0" bev="0" fileid="368" />
            </Method>
            <Method visited="true" cyclomaticComplexity="1" nPathComplexity="0" sequenceCoverage="100" branchCoverage="100" isConstructor="false" isStatic="false" isGetter="true" isSetter="false">
              <Summary numSequencePoints="1" visitedSequencePoints="1" numBranchPoints="1" visitedBranchPoints="1" sequenceCoverage="100" branchCoverage="100" maxCyclomaticComplexity="1" minCyclomaticComplexity="1" visitedClasses="0" numClasses="0" visitedMethods="1" numMethods="1" />
              <MetadataToken>100667293</MetadataToken>
              <Name>System.Boolean IBM.Watson.DeveloperCloud.Connection.RESTConnector/Request::get_Put()</Name>
              <FileRef uid="368" />
              <SequencePoints>
                <SequencePoint vc="82" uspid="10072" ordinal="0" offset="0" sl="185" sc="25" el="185" ec="29" bec="0" bev="0" fileid="368" />
              </SequencePoints>
              <BranchPoints />
              <MethodPoint xsi:type="SequencePoint" vc="82" uspid="10072" ordinal="0" offset="0" sl="185" sc="25" el="185" ec="29" bec="0" bev="0" fileid="368" />
            </Method>
            <Method visited="true" cyclomaticComplexity="1" nPathComplexity="0" sequenceCoverage="100" branchCoverage="100" isConstructor="false" isStatic="false" isGetter="false" isSetter="true">
              <Summary numSequencePoints="1" visitedSequencePoints="1" numBranchPoints="1" visitedBranchPoints="1" sequenceCoverage="100" branchCoverage="100" maxCyclomaticComplexity="1" minCyclomaticComplexity="1" visitedClasses="0" numClasses="0" visitedMethods="1" numMethods="1" />
              <MetadataToken>100667294</MetadataToken>
              <Name>System.Void IBM.Watson.DeveloperCloud.Connection.RESTConnector/Request::set_Put(System.Boolean)</Name>
              <FileRef uid="368" />
              <SequencePoints>
                <SequencePoint vc="1" uspid="10073" ordinal="0" offset="0" sl="185" sc="30" el="185" ec="34" bec="0" bev="0" fileid="368" />
              </SequencePoints>
              <BranchPoints />
              <MethodPoint xsi:type="SequencePoint" vc="1" uspid="10073" ordinal="0" offset="0" sl="185" sc="30" el="185" ec="34" bec="0" bev="0" fileid="368" />
            </Method>
            <Method visited="true" cyclomaticComplexity="1" nPathComplexity="0" sequenceCoverage="100" branchCoverage="100" isConstructor="false" isStatic="false" isGetter="true" isSetter="false">
              <Summary numSequencePoints="1" visitedSequencePoints="1" numBranchPoints="1" visitedBranchPoints="1" sequenceCoverage="100" branchCoverage="100" maxCyclomaticComplexity="1" minCyclomaticComplexity="1" visitedClasses="0" numClasses="0" visitedMethods="1" numMethods="1" />
              <MetadataToken>100667295</MetadataToken>
              <Name>System.String IBM.Watson.DeveloperCloud.Connection.RESTConnector/Request::get_Function()</Name>
              <FileRef uid="368" />
              <SequencePoints>
                <SequencePoint vc="148" uspid="10074" ordinal="0" offset="0" sl="189" sc="32" el="189" ec="36" bec="0" bev="0" fileid="368" />
              </SequencePoints>
              <BranchPoints />
              <MethodPoint xsi:type="SequencePoint" vc="148" uspid="10074" ordinal="0" offset="0" sl="189" sc="32" el="189" ec="36" bec="0" bev="0" fileid="368" />
            </Method>
            <Method visited="true" cyclomaticComplexity="1" nPathComplexity="0" sequenceCoverage="100" branchCoverage="100" isConstructor="false" isStatic="false" isGetter="false" isSetter="true">
              <Summary numSequencePoints="1" visitedSequencePoints="1" numBranchPoints="1" visitedBranchPoints="1" sequenceCoverage="100" branchCoverage="100" maxCyclomaticComplexity="1" minCyclomaticComplexity="1" visitedClasses="0" numClasses="0" visitedMethods="1" numMethods="1" />
              <MetadataToken>100667296</MetadataToken>
              <Name>System.Void IBM.Watson.DeveloperCloud.Connection.RESTConnector/Request::set_Function(System.String)</Name>
              <FileRef uid="368" />
              <SequencePoints>
                <SequencePoint vc="4" uspid="10075" ordinal="0" offset="0" sl="189" sc="37" el="189" ec="41" bec="0" bev="0" fileid="368" />
              </SequencePoints>
              <BranchPoints />
              <MethodPoint xsi:type="SequencePoint" vc="4" uspid="10075" ordinal="0" offset="0" sl="189" sc="37" el="189" ec="41" bec="0" bev="0" fileid="368" />
            </Method>
            <Method visited="true" cyclomaticComplexity="1" nPathComplexity="0" sequenceCoverage="100" branchCoverage="100" isConstructor="false" isStatic="false" isGetter="true" isSetter="false">
              <Summary numSequencePoints="1" visitedSequencePoints="1" numBranchPoints="1" visitedBranchPoints="1" sequenceCoverage="100" branchCoverage="100" maxCyclomaticComplexity="1" minCyclomaticComplexity="1" visitedClasses="0" numClasses="0" visitedMethods="1" numMethods="1" />
              <MetadataToken>100667297</MetadataToken>
              <Name>System.Collections.Generic.Dictionary`2&lt;System.String,System.Object&gt; IBM.Watson.DeveloperCloud.Connection.RESTConnector/Request::get_Parameters()</Name>
              <FileRef uid="368" />
              <SequencePoints>
                <SequencePoint vc="466" uspid="10076" ordinal="0" offset="0" sl="193" sc="54" el="193" ec="58" bec="0" bev="0" fileid="368" />
              </SequencePoints>
              <BranchPoints />
              <MethodPoint xsi:type="SequencePoint" vc="466" uspid="10076" ordinal="0" offset="0" sl="193" sc="54" el="193" ec="58" bec="0" bev="0" fileid="368" />
            </Method>
            <Method visited="true" cyclomaticComplexity="1" nPathComplexity="0" sequenceCoverage="100" branchCoverage="100" isConstructor="false" isStatic="false" isGetter="false" isSetter="true">
              <Summary numSequencePoints="1" visitedSequencePoints="1" numBranchPoints="1" visitedBranchPoints="1" sequenceCoverage="100" branchCoverage="100" maxCyclomaticComplexity="1" minCyclomaticComplexity="1" visitedClasses="0" numClasses="0" visitedMethods="1" numMethods="1" />
              <MetadataToken>100667298</MetadataToken>
              <Name>System.Void IBM.Watson.DeveloperCloud.Connection.RESTConnector/Request::set_Parameters(System.Collections.Generic.Dictionary`2&lt;System.String,System.Object&gt;)</Name>
              <FileRef uid="368" />
              <SequencePoints>
                <SequencePoint vc="144" uspid="10077" ordinal="0" offset="0" sl="193" sc="59" el="193" ec="63" bec="0" bev="0" fileid="368" />
              </SequencePoints>
              <BranchPoints />
              <MethodPoint xsi:type="SequencePoint" vc="144" uspid="10077" ordinal="0" offset="0" sl="193" sc="59" el="193" ec="63" bec="0" bev="0" fileid="368" />
            </Method>
            <Method visited="true" cyclomaticComplexity="1" nPathComplexity="0" sequenceCoverage="100" branchCoverage="100" isConstructor="false" isStatic="false" isGetter="true" isSetter="false">
              <Summary numSequencePoints="1" visitedSequencePoints="1" numBranchPoints="1" visitedBranchPoints="1" sequenceCoverage="100" branchCoverage="100" maxCyclomaticComplexity="1" minCyclomaticComplexity="1" visitedClasses="0" numClasses="0" visitedMethods="1" numMethods="1" />
              <MetadataToken>100667299</MetadataToken>
              <Name>System.Collections.Generic.Dictionary`2&lt;System.String,System.String&gt; IBM.Watson.DeveloperCloud.Connection.RESTConnector/Request::get_Headers()</Name>
              <FileRef uid="368" />
              <SequencePoints>
                <SequencePoint vc="407" uspid="10078" ordinal="0" offset="0" sl="197" sc="51" el="197" ec="55" bec="0" bev="0" fileid="368" />
              </SequencePoints>
              <BranchPoints />
              <MethodPoint xsi:type="SequencePoint" vc="407" uspid="10078" ordinal="0" offset="0" sl="197" sc="51" el="197" ec="55" bec="0" bev="0" fileid="368" />
            </Method>
            <Method visited="true" cyclomaticComplexity="1" nPathComplexity="0" sequenceCoverage="100" branchCoverage="100" isConstructor="false" isStatic="false" isGetter="false" isSetter="true">
              <Summary numSequencePoints="1" visitedSequencePoints="1" numBranchPoints="1" visitedBranchPoints="1" sequenceCoverage="100" branchCoverage="100" maxCyclomaticComplexity="1" minCyclomaticComplexity="1" visitedClasses="0" numClasses="0" visitedMethods="1" numMethods="1" />
              <MetadataToken>100667300</MetadataToken>
              <Name>System.Void IBM.Watson.DeveloperCloud.Connection.RESTConnector/Request::set_Headers(System.Collections.Generic.Dictionary`2&lt;System.String,System.String&gt;)</Name>
              <FileRef uid="368" />
              <SequencePoints>
                <SequencePoint vc="144" uspid="10079" ordinal="0" offset="0" sl="197" sc="56" el="197" ec="60" bec="0" bev="0" fileid="368" />
              </SequencePoints>
              <BranchPoints />
              <MethodPoint xsi:type="SequencePoint" vc="144" uspid="10079" ordinal="0" offset="0" sl="197" sc="56" el="197" ec="60" bec="0" bev="0" fileid="368" />
            </Method>
            <Method visited="true" cyclomaticComplexity="1" nPathComplexity="0" sequenceCoverage="100" branchCoverage="100" isConstructor="false" isStatic="false" isGetter="true" isSetter="false">
              <Summary numSequencePoints="1" visitedSequencePoints="1" numBranchPoints="1" visitedBranchPoints="1" sequenceCoverage="100" branchCoverage="100" maxCyclomaticComplexity="1" minCyclomaticComplexity="1" visitedClasses="0" numClasses="0" visitedMethods="1" numMethods="1" />
              <MetadataToken>100667301</MetadataToken>
              <Name>System.Byte[] IBM.Watson.DeveloperCloud.Connection.RESTConnector/Request::get_Send()</Name>
              <FileRef uid="368" />
              <SequencePoints>
                <SequencePoint vc="153" uspid="10080" ordinal="0" offset="0" sl="201" sc="28" el="201" ec="32" bec="0" bev="0" fileid="368" />
              </SequencePoints>
              <BranchPoints />
              <MethodPoint xsi:type="SequencePoint" vc="153" uspid="10080" ordinal="0" offset="0" sl="201" sc="28" el="201" ec="32" bec="0" bev="0" fileid="368" />
            </Method>
            <Method visited="true" cyclomaticComplexity="1" nPathComplexity="0" sequenceCoverage="100" branchCoverage="100" isConstructor="false" isStatic="false" isGetter="false" isSetter="true">
              <Summary numSequencePoints="1" visitedSequencePoints="1" numBranchPoints="1" visitedBranchPoints="1" sequenceCoverage="100" branchCoverage="100" maxCyclomaticComplexity="1" minCyclomaticComplexity="1" visitedClasses="0" numClasses="0" visitedMethods="1" numMethods="1" />
              <MetadataToken>100667302</MetadataToken>
              <Name>System.Void IBM.Watson.DeveloperCloud.Connection.RESTConnector/Request::set_Send(System.Byte[])</Name>
              <FileRef uid="368" />
              <SequencePoints>
                <SequencePoint vc="21" uspid="10081" ordinal="0" offset="0" sl="201" sc="33" el="201" ec="37" bec="0" bev="0" fileid="368" />
              </SequencePoints>
              <BranchPoints />
              <MethodPoint xsi:type="SequencePoint" vc="21" uspid="10081" ordinal="0" offset="0" sl="201" sc="33" el="201" ec="37" bec="0" bev="0" fileid="368" />
            </Method>
            <Method visited="true" cyclomaticComplexity="1" nPathComplexity="0" sequenceCoverage="100" branchCoverage="100" isConstructor="false" isStatic="false" isGetter="true" isSetter="false">
              <Summary numSequencePoints="1" visitedSequencePoints="1" numBranchPoints="1" visitedBranchPoints="1" sequenceCoverage="100" branchCoverage="100" maxCyclomaticComplexity="1" minCyclomaticComplexity="1" visitedClasses="0" numClasses="0" visitedMethods="1" numMethods="1" />
              <MetadataToken>100667303</MetadataToken>
              <Name>System.Collections.Generic.Dictionary`2&lt;System.String,IBM.Watson.DeveloperCloud.Connection.RESTConnector/Form&gt; IBM.Watson.DeveloperCloud.Connection.RESTConnector/Request::get_Forms()</Name>
              <FileRef uid="368" />
              <SequencePoints>
                <SequencePoint vc="269" uspid="10082" ordinal="0" offset="0" sl="205" sc="47" el="205" ec="51" bec="0" bev="0" fileid="368" />
              </SequencePoints>
              <BranchPoints />
              <MethodPoint xsi:type="SequencePoint" vc="269" uspid="10082" ordinal="0" offset="0" sl="205" sc="47" el="205" ec="51" bec="0" bev="0" fileid="368" />
            </Method>
            <Method visited="true" cyclomaticComplexity="1" nPathComplexity="0" sequenceCoverage="100" branchCoverage="100" isConstructor="false" isStatic="false" isGetter="false" isSetter="true">
              <Summary numSequencePoints="1" visitedSequencePoints="1" numBranchPoints="1" visitedBranchPoints="1" sequenceCoverage="100" branchCoverage="100" maxCyclomaticComplexity="1" minCyclomaticComplexity="1" visitedClasses="0" numClasses="0" visitedMethods="1" numMethods="1" />
              <MetadataToken>100667304</MetadataToken>
              <Name>System.Void IBM.Watson.DeveloperCloud.Connection.RESTConnector/Request::set_Forms(System.Collections.Generic.Dictionary`2&lt;System.String,IBM.Watson.DeveloperCloud.Connection.RESTConnector/Form&gt;)</Name>
              <FileRef uid="368" />
              <SequencePoints>
                <SequencePoint vc="61" uspid="10083" ordinal="0" offset="0" sl="205" sc="52" el="205" ec="56" bec="0" bev="0" fileid="368" />
              </SequencePoints>
              <BranchPoints />
              <MethodPoint xsi:type="SequencePoint" vc="61" uspid="10083" ordinal="0" offset="0" sl="205" sc="52" el="205" ec="56" bec="0" bev="0" fileid="368" />
            </Method>
            <Method visited="true" cyclomaticComplexity="1" nPathComplexity="0" sequenceCoverage="100" branchCoverage="100" isConstructor="false" isStatic="false" isGetter="true" isSetter="false">
              <Summary numSequencePoints="1" visitedSequencePoints="1" numBranchPoints="1" visitedBranchPoints="1" sequenceCoverage="100" branchCoverage="100" maxCyclomaticComplexity="1" minCyclomaticComplexity="1" visitedClasses="0" numClasses="0" visitedMethods="1" numMethods="1" />
              <MetadataToken>100667305</MetadataToken>
              <Name>IBM.Watson.DeveloperCloud.Connection.RESTConnector/ResponseEvent IBM.Watson.DeveloperCloud.Connection.RESTConnector/Request::get_OnResponse()</Name>
              <FileRef uid="368" />
              <SequencePoints>
                <SequencePoint vc="144" uspid="10084" ordinal="0" offset="0" sl="209" sc="41" el="209" ec="45" bec="0" bev="0" fileid="368" />
              </SequencePoints>
              <BranchPoints />
              <MethodPoint xsi:type="SequencePoint" vc="144" uspid="10084" ordinal="0" offset="0" sl="209" sc="41" el="209" ec="45" bec="0" bev="0" fileid="368" />
            </Method>
            <Method visited="true" cyclomaticComplexity="1" nPathComplexity="0" sequenceCoverage="100" branchCoverage="100" isConstructor="false" isStatic="false" isGetter="false" isSetter="true">
              <Summary numSequencePoints="1" visitedSequencePoints="1" numBranchPoints="1" visitedBranchPoints="1" sequenceCoverage="100" branchCoverage="100" maxCyclomaticComplexity="1" minCyclomaticComplexity="1" visitedClasses="0" numClasses="0" visitedMethods="1" numMethods="1" />
              <MetadataToken>100667306</MetadataToken>
              <Name>System.Void IBM.Watson.DeveloperCloud.Connection.RESTConnector/Request::set_OnResponse(IBM.Watson.DeveloperCloud.Connection.RESTConnector/ResponseEvent)</Name>
              <FileRef uid="368" />
              <SequencePoints>
                <SequencePoint vc="144" uspid="10085" ordinal="0" offset="0" sl="209" sc="46" el="209" ec="50" bec="0" bev="0" fileid="368" />
              </SequencePoints>
              <BranchPoints />
              <MethodPoint xsi:type="SequencePoint" vc="144" uspid="10085" ordinal="0" offset="0" sl="209" sc="46" el="209" ec="50" bec="0" bev="0" fileid="368" />
            </Method>
            <Method visited="false" cyclomaticComplexity="1" nPathComplexity="0" sequenceCoverage="0" branchCoverage="0" isConstructor="false" isStatic="false" isGetter="true" isSetter="false">
              <Summary numSequencePoints="1" visitedSequencePoints="0" numBranchPoints="1" visitedBranchPoints="0" sequenceCoverage="0" branchCoverage="0" maxCyclomaticComplexity="1" minCyclomaticComplexity="1" visitedClasses="0" numClasses="0" visitedMethods="0" numMethods="1" />
              <MetadataToken>100667307</MetadataToken>
              <Name>IBM.Watson.DeveloperCloud.Connection.RESTConnector/ProgressEvent IBM.Watson.DeveloperCloud.Connection.RESTConnector/Request::get_OnDownloadProgress()</Name>
              <FileRef uid="368" />
              <SequencePoints>
                <SequencePoint vc="0" uspid="10086" ordinal="0" offset="0" sl="213" sc="49" el="213" ec="53" bec="0" bev="0" fileid="368" />
              </SequencePoints>
              <BranchPoints />
              <MethodPoint xsi:type="SequencePoint" vc="0" uspid="10086" ordinal="0" offset="0" sl="213" sc="49" el="213" ec="53" bec="0" bev="0" fileid="368" />
            </Method>
            <Method visited="false" cyclomaticComplexity="1" nPathComplexity="0" sequenceCoverage="0" branchCoverage="0" isConstructor="false" isStatic="false" isGetter="false" isSetter="true">
              <Summary numSequencePoints="1" visitedSequencePoints="0" numBranchPoints="1" visitedBranchPoints="0" sequenceCoverage="0" branchCoverage="0" maxCyclomaticComplexity="1" minCyclomaticComplexity="1" visitedClasses="0" numClasses="0" visitedMethods="0" numMethods="1" />
              <MetadataToken>100667308</MetadataToken>
              <Name>System.Void IBM.Watson.DeveloperCloud.Connection.RESTConnector/Request::set_OnDownloadProgress(IBM.Watson.DeveloperCloud.Connection.RESTConnector/ProgressEvent)</Name>
              <FileRef uid="368" />
              <SequencePoints>
                <SequencePoint vc="0" uspid="10087" ordinal="0" offset="0" sl="213" sc="54" el="213" ec="58" bec="0" bev="0" fileid="368" />
              </SequencePoints>
              <BranchPoints />
              <MethodPoint xsi:type="SequencePoint" vc="0" uspid="10087" ordinal="0" offset="0" sl="213" sc="54" el="213" ec="58" bec="0" bev="0" fileid="368" />
            </Method>
            <Method visited="false" cyclomaticComplexity="1" nPathComplexity="0" sequenceCoverage="0" branchCoverage="0" isConstructor="false" isStatic="false" isGetter="true" isSetter="false">
              <Summary numSequencePoints="1" visitedSequencePoints="0" numBranchPoints="1" visitedBranchPoints="0" sequenceCoverage="0" branchCoverage="0" maxCyclomaticComplexity="1" minCyclomaticComplexity="1" visitedClasses="0" numClasses="0" visitedMethods="0" numMethods="1" />
              <MetadataToken>100667309</MetadataToken>
              <Name>IBM.Watson.DeveloperCloud.Connection.RESTConnector/ProgressEvent IBM.Watson.DeveloperCloud.Connection.RESTConnector/Request::get_OnUploadProgress()</Name>
              <FileRef uid="368" />
              <SequencePoints>
                <SequencePoint vc="0" uspid="10088" ordinal="0" offset="0" sl="217" sc="47" el="217" ec="51" bec="0" bev="0" fileid="368" />
              </SequencePoints>
              <BranchPoints />
              <MethodPoint xsi:type="SequencePoint" vc="0" uspid="10088" ordinal="0" offset="0" sl="217" sc="47" el="217" ec="51" bec="0" bev="0" fileid="368" />
            </Method>
            <Method visited="false" cyclomaticComplexity="1" nPathComplexity="0" sequenceCoverage="0" branchCoverage="0" isConstructor="false" isStatic="false" isGetter="false" isSetter="true">
              <Summary numSequencePoints="1" visitedSequencePoints="0" numBranchPoints="1" visitedBranchPoints="0" sequenceCoverage="0" branchCoverage="0" maxCyclomaticComplexity="1" minCyclomaticComplexity="1" visitedClasses="0" numClasses="0" visitedMethods="0" numMethods="1" />
              <MetadataToken>100667310</MetadataToken>
              <Name>System.Void IBM.Watson.DeveloperCloud.Connection.RESTConnector/Request::set_OnUploadProgress(IBM.Watson.DeveloperCloud.Connection.RESTConnector/ProgressEvent)</Name>
              <FileRef uid="368" />
              <SequencePoints>
                <SequencePoint vc="0" uspid="10089" ordinal="0" offset="0" sl="217" sc="52" el="217" ec="56" bec="0" bev="0" fileid="368" />
              </SequencePoints>
              <BranchPoints />
              <MethodPoint xsi:type="SequencePoint" vc="0" uspid="10089" ordinal="0" offset="0" sl="217" sc="52" el="217" ec="56" bec="0" bev="0" fileid="368" />
            </Method>
            <Method visited="true" cyclomaticComplexity="1" nPathComplexity="0" sequenceCoverage="100" branchCoverage="100" isConstructor="true" isStatic="false" isGetter="false" isSetter="false">
              <Summary numSequencePoints="4" visitedSequencePoints="4" numBranchPoints="1" visitedBranchPoints="1" sequenceCoverage="100" branchCoverage="100" maxCyclomaticComplexity="1" minCyclomaticComplexity="1" visitedClasses="0" numClasses="0" visitedMethods="1" numMethods="1" />
              <MetadataToken>100667284</MetadataToken>
              <Name>System.Void IBM.Watson.DeveloperCloud.Connection.RESTConnector/Request::.ctor()</Name>
              <FileRef uid="368" />
              <SequencePoints>
                <SequencePoint vc="144" uspid="10090" ordinal="0" offset="0" sl="158" sc="7" el="158" ec="23" bec="0" bev="0" fileid="368" />
                <SequencePoint vc="144" uspid="10091" ordinal="1" offset="6" sl="160" sc="9" el="160" ec="55" bec="0" bev="0" fileid="368" />
                <SequencePoint vc="144" uspid="10092" ordinal="2" offset="17" sl="161" sc="9" el="161" ec="52" bec="0" bev="0" fileid="368" />
                <SequencePoint vc="144" uspid="10093" ordinal="3" offset="28" sl="162" sc="7" el="162" ec="8" bec="0" bev="0" fileid="368" />
              </SequencePoints>
              <BranchPoints />
              <MethodPoint xsi:type="SequencePoint" vc="144" uspid="10090" ordinal="0" offset="0" sl="158" sc="7" el="158" ec="23" bec="0" bev="0" fileid="368" />
            </Method>
            <Method visited="true" cyclomaticComplexity="1" nPathComplexity="0" sequenceCoverage="100" branchCoverage="100" isConstructor="true" isStatic="true" isGetter="false" isSetter="false">
              <Summary numSequencePoints="1" visitedSequencePoints="1" numBranchPoints="1" visitedBranchPoints="1" sequenceCoverage="100" branchCoverage="100" maxCyclomaticComplexity="1" minCyclomaticComplexity="1" visitedClasses="0" numClasses="0" visitedMethods="1" numMethods="1" />
              <MetadataToken>100667311</MetadataToken>
              <Name>System.Void IBM.Watson.DeveloperCloud.Connection.RESTConnector/Request::.cctor()</Name>
              <FileRef uid="368" />
              <SequencePoints>
                <SequencePoint vc="1" uspid="10094" ordinal="0" offset="0" sl="165" sc="7" el="165" ec="54" bec="0" bev="0" fileid="368" />
              </SequencePoints>
              <BranchPoints />
              <MethodPoint xsi:type="SequencePoint" vc="1" uspid="10094" ordinal="0" offset="0" sl="165" sc="7" el="165" ec="54" bec="0" bev="0" fileid="368" />
            </Method>
          </Methods>
        </Class>
        <Class>
          <Summary numSequencePoints="8" visitedSequencePoints="8" numBranchPoints="6" visitedBranchPoints="4" sequenceCoverage="100" branchCoverage="66.67" maxCyclomaticComplexity="2" minCyclomaticComplexity="1" visitedClasses="1" numClasses="1" visitedMethods="2" numMethods="2" />
          <FullName>IBM.Watson.DeveloperCloud.Connection.RESTConnector/&lt;&gt;c__DisplayClass26_0</FullName>
          <Methods>
            <Method visited="true" cyclomaticComplexity="1" nPathComplexity="0" sequenceCoverage="0" branchCoverage="0" isConstructor="true" isStatic="false" isGetter="false" isSetter="false">
              <Summary numSequencePoints="0" visitedSequencePoints="0" numBranchPoints="0" visitedBranchPoints="0" sequenceCoverage="0" branchCoverage="0" maxCyclomaticComplexity="1" minCyclomaticComplexity="1" visitedClasses="0" numClasses="0" visitedMethods="0" numMethods="0" />
              <MetadataToken>100667312</MetadataToken>
              <Name>System.Void IBM.Watson.DeveloperCloud.Connection.RESTConnector/&lt;&gt;c__DisplayClass26_0::.ctor()</Name>
              <SequencePoints />
              <BranchPoints />
              <MethodPoint vc="144" uspid="10095" ordinal="0" offset="0" />
            </Method>
            <Method visited="true" cyclomaticComplexity="2" nPathComplexity="2" sequenceCoverage="100" branchCoverage="66.67" isConstructor="false" isStatic="false" isGetter="false" isSetter="false">
              <Summary numSequencePoints="4" visitedSequencePoints="4" numBranchPoints="3" visitedBranchPoints="2" sequenceCoverage="100" branchCoverage="66.67" maxCyclomaticComplexity="2" minCyclomaticComplexity="2" visitedClasses="0" numClasses="0" visitedMethods="1" numMethods="1" />
              <MetadataToken>100667313</MetadataToken>
              <Name>System.Void IBM.Watson.DeveloperCloud.Connection.RESTConnector/&lt;&gt;c__DisplayClass26_0::&lt;ProcessRequestQueue&gt;b__0(RestSharp.IRestResponse)</Name>
              <FileRef uid="368" />
              <SequencePoints>
                <SequencePoint vc="131" uspid="10096" ordinal="0" offset="0" sl="430" sc="13" el="430" ec="33" bec="0" bev="0" fileid="368" />
                <SequencePoint vc="131" uspid="10097" ordinal="1" offset="12" sl="431" sc="13" el="431" ec="43" bec="0" bev="0" fileid="368" />
                <SequencePoint vc="131" uspid="10098" ordinal="2" offset="29" sl="432" sc="13" el="432" ec="47" bec="2" bev="1" fileid="368" />
                <SequencePoint vc="131" uspid="10099" ordinal="3" offset="62" sl="433" sc="11" el="433" ec="12" bec="0" bev="0" fileid="368" />
              </SequencePoints>
              <BranchPoints>
                <BranchPoint vc="0" uspid="10100" ordinal="0" offset="41" sl="432" path="0" offsetend="43" fileid="368" />
                <BranchPoint vc="131" uspid="10101" ordinal="1" offset="41" sl="432" path="1" offsetend="45" fileid="368" />
              </BranchPoints>
              <MethodPoint xsi:type="SequencePoint" vc="131" uspid="10096" ordinal="0" offset="0" sl="430" sc="13" el="430" ec="33" bec="0" bev="0" fileid="368" />
            </Method>
            <Method visited="true" cyclomaticComplexity="2" nPathComplexity="2" sequenceCoverage="100" branchCoverage="66.67" isConstructor="false" isStatic="false" isGetter="false" isSetter="false">
              <Summary numSequencePoints="4" visitedSequencePoints="4" numBranchPoints="3" visitedBranchPoints="2" sequenceCoverage="100" branchCoverage="66.67" maxCyclomaticComplexity="2" minCyclomaticComplexity="2" visitedClasses="0" numClasses="0" visitedMethods="1" numMethods="1" />
              <MetadataToken>100667314</MetadataToken>
              <Name>System.Void IBM.Watson.DeveloperCloud.Connection.RESTConnector/&lt;&gt;c__DisplayClass26_0::&lt;ProcessRequestQueue&gt;b__1(RestSharp.IRestResponse)</Name>
              <FileRef uid="368" />
              <SequencePoints>
                <SequencePoint vc="13" uspid="10102" ordinal="0" offset="0" sl="554" sc="13" el="554" ec="33" bec="0" bev="0" fileid="368" />
                <SequencePoint vc="13" uspid="10103" ordinal="1" offset="12" sl="555" sc="13" el="555" ec="43" bec="0" bev="0" fileid="368" />
                <SequencePoint vc="13" uspid="10104" ordinal="2" offset="29" sl="556" sc="13" el="556" ec="47" bec="2" bev="1" fileid="368" />
                <SequencePoint vc="13" uspid="10105" ordinal="3" offset="62" sl="557" sc="11" el="557" ec="12" bec="0" bev="0" fileid="368" />
              </SequencePoints>
              <BranchPoints>
                <BranchPoint vc="0" uspid="10106" ordinal="0" offset="41" sl="556" path="0" offsetend="43" fileid="368" />
                <BranchPoint vc="13" uspid="10107" ordinal="1" offset="41" sl="556" path="1" offsetend="45" fileid="368" />
              </BranchPoints>
              <MethodPoint xsi:type="SequencePoint" vc="13" uspid="10102" ordinal="0" offset="0" sl="554" sc="13" el="554" ec="33" bec="0" bev="0" fileid="368" />
            </Method>
          </Methods>
        </Class>
        <Class>
          <Summary numSequencePoints="89" visitedSequencePoints="0" numBranchPoints="54" visitedBranchPoints="0" sequenceCoverage="0" branchCoverage="0" maxCyclomaticComplexity="8" minCyclomaticComplexity="1" visitedClasses="0" numClasses="1" visitedMethods="0" numMethods="22" />
          <FullName>IBM.Watson.DeveloperCloud.Connection.WSConnector</FullName>
          <Methods>
            <Method visited="false" cyclomaticComplexity="1" nPathComplexity="0" sequenceCoverage="0" branchCoverage="0" isConstructor="false" isStatic="false" isGetter="true" isSetter="false">
              <Summary numSequencePoints="1" visitedSequencePoints="0" numBranchPoints="1" visitedBranchPoints="0" sequenceCoverage="0" branchCoverage="0" maxCyclomaticComplexity="1" minCyclomaticComplexity="1" visitedClasses="0" numClasses="0" visitedMethods="0" numMethods="1" />
              <MetadataToken>100665931</MetadataToken>
              <Name>IBM.Watson.DeveloperCloud.Connection.WSConnector/ConnectorEvent IBM.Watson.DeveloperCloud.Connection.WSConnector::get_OnClose()</Name>
              <FileRef uid="373" />
              <SequencePoints>
                <SequencePoint vc="0" uspid="10108" ordinal="0" offset="0" sl="126" sc="37" el="126" ec="41" bec="0" bev="0" fileid="373" />
              </SequencePoints>
              <BranchPoints />
              <MethodPoint xsi:type="SequencePoint" vc="0" uspid="10108" ordinal="0" offset="0" sl="126" sc="37" el="126" ec="41" bec="0" bev="0" fileid="373" />
            </Method>
            <Method visited="false" cyclomaticComplexity="1" nPathComplexity="0" sequenceCoverage="0" branchCoverage="0" isConstructor="false" isStatic="false" isGetter="false" isSetter="true">
              <Summary numSequencePoints="1" visitedSequencePoints="0" numBranchPoints="1" visitedBranchPoints="0" sequenceCoverage="0" branchCoverage="0" maxCyclomaticComplexity="1" minCyclomaticComplexity="1" visitedClasses="0" numClasses="0" visitedMethods="0" numMethods="1" />
              <MetadataToken>100665932</MetadataToken>
              <Name>System.Void IBM.Watson.DeveloperCloud.Connection.WSConnector::set_OnClose(IBM.Watson.DeveloperCloud.Connection.WSConnector/ConnectorEvent)</Name>
              <FileRef uid="373" />
              <SequencePoints>
                <SequencePoint vc="0" uspid="10109" ordinal="0" offset="0" sl="126" sc="42" el="126" ec="46" bec="0" bev="0" fileid="373" />
              </SequencePoints>
              <BranchPoints />
              <MethodPoint xsi:type="SequencePoint" vc="0" uspid="10109" ordinal="0" offset="0" sl="126" sc="42" el="126" ec="46" bec="0" bev="0" fileid="373" />
            </Method>
            <Method visited="false" cyclomaticComplexity="1" nPathComplexity="0" sequenceCoverage="0" branchCoverage="0" isConstructor="false" isStatic="false" isGetter="true" isSetter="false">
              <Summary numSequencePoints="1" visitedSequencePoints="0" numBranchPoints="1" visitedBranchPoints="0" sequenceCoverage="0" branchCoverage="0" maxCyclomaticComplexity="1" minCyclomaticComplexity="1" visitedClasses="0" numClasses="0" visitedMethods="0" numMethods="1" />
              <MetadataToken>100665933</MetadataToken>
              <Name>IBM.Watson.DeveloperCloud.Connection.WSConnector/MessageEvent IBM.Watson.DeveloperCloud.Connection.WSConnector::get_OnMessage()</Name>
              <FileRef uid="373" />
              <SequencePoints>
                <SequencePoint vc="0" uspid="10110" ordinal="0" offset="0" sl="130" sc="37" el="130" ec="41" bec="0" bev="0" fileid="373" />
              </SequencePoints>
              <BranchPoints />
              <MethodPoint xsi:type="SequencePoint" vc="0" uspid="10110" ordinal="0" offset="0" sl="130" sc="37" el="130" ec="41" bec="0" bev="0" fileid="373" />
            </Method>
            <Method visited="false" cyclomaticComplexity="1" nPathComplexity="0" sequenceCoverage="0" branchCoverage="0" isConstructor="false" isStatic="false" isGetter="false" isSetter="true">
              <Summary numSequencePoints="1" visitedSequencePoints="0" numBranchPoints="1" visitedBranchPoints="0" sequenceCoverage="0" branchCoverage="0" maxCyclomaticComplexity="1" minCyclomaticComplexity="1" visitedClasses="0" numClasses="0" visitedMethods="0" numMethods="1" />
              <MetadataToken>100665934</MetadataToken>
              <Name>System.Void IBM.Watson.DeveloperCloud.Connection.WSConnector::set_OnMessage(IBM.Watson.DeveloperCloud.Connection.WSConnector/MessageEvent)</Name>
              <FileRef uid="373" />
              <SequencePoints>
                <SequencePoint vc="0" uspid="10111" ordinal="0" offset="0" sl="130" sc="42" el="130" ec="46" bec="0" bev="0" fileid="373" />
              </SequencePoints>
              <BranchPoints />
              <MethodPoint xsi:type="SequencePoint" vc="0" uspid="10111" ordinal="0" offset="0" sl="130" sc="42" el="130" ec="46" bec="0" bev="0" fileid="373" />
            </Method>
            <Method visited="false" cyclomaticComplexity="1" nPathComplexity="0" sequenceCoverage="0" branchCoverage="0" isConstructor="false" isStatic="false" isGetter="true" isSetter="false">
              <Summary numSequencePoints="1" visitedSequencePoints="0" numBranchPoints="1" visitedBranchPoints="0" sequenceCoverage="0" branchCoverage="0" maxCyclomaticComplexity="1" minCyclomaticComplexity="1" visitedClasses="0" numClasses="0" visitedMethods="0" numMethods="1" />
              <MetadataToken>100665935</MetadataToken>
              <Name>System.String IBM.Watson.DeveloperCloud.Connection.WSConnector::get_URL()</Name>
              <FileRef uid="373" />
              <SequencePoints>
                <SequencePoint vc="0" uspid="10112" ordinal="0" offset="0" sl="134" sc="25" el="134" ec="29" bec="0" bev="0" fileid="373" />
              </SequencePoints>
              <BranchPoints />
              <MethodPoint xsi:type="SequencePoint" vc="0" uspid="10112" ordinal="0" offset="0" sl="134" sc="25" el="134" ec="29" bec="0" bev="0" fileid="373" />
            </Method>
            <Method visited="false" cyclomaticComplexity="1" nPathComplexity="0" sequenceCoverage="0" branchCoverage="0" isConstructor="false" isStatic="false" isGetter="false" isSetter="true">
              <Summary numSequencePoints="1" visitedSequencePoints="0" numBranchPoints="1" visitedBranchPoints="0" sequenceCoverage="0" branchCoverage="0" maxCyclomaticComplexity="1" minCyclomaticComplexity="1" visitedClasses="0" numClasses="0" visitedMethods="0" numMethods="1" />
              <MetadataToken>100665936</MetadataToken>
              <Name>System.Void IBM.Watson.DeveloperCloud.Connection.WSConnector::set_URL(System.String)</Name>
              <FileRef uid="373" />
              <SequencePoints>
                <SequencePoint vc="0" uspid="10113" ordinal="0" offset="0" sl="134" sc="30" el="134" ec="34" bec="0" bev="0" fileid="373" />
              </SequencePoints>
              <BranchPoints />
              <MethodPoint xsi:type="SequencePoint" vc="0" uspid="10113" ordinal="0" offset="0" sl="134" sc="30" el="134" ec="34" bec="0" bev="0" fileid="373" />
            </Method>
            <Method visited="false" cyclomaticComplexity="1" nPathComplexity="0" sequenceCoverage="0" branchCoverage="0" isConstructor="false" isStatic="false" isGetter="true" isSetter="false">
              <Summary numSequencePoints="1" visitedSequencePoints="0" numBranchPoints="1" visitedBranchPoints="0" sequenceCoverage="0" branchCoverage="0" maxCyclomaticComplexity="1" minCyclomaticComplexity="1" visitedClasses="0" numClasses="0" visitedMethods="0" numMethods="1" />
              <MetadataToken>100665937</MetadataToken>
              <Name>System.Collections.Generic.Dictionary`2&lt;System.String,System.String&gt; IBM.Watson.DeveloperCloud.Connection.WSConnector::get_Headers()</Name>
              <FileRef uid="373" />
              <SequencePoints>
                <SequencePoint vc="0" uspid="10114" ordinal="0" offset="0" sl="138" sc="49" el="138" ec="53" bec="0" bev="0" fileid="373" />
              </SequencePoints>
              <BranchPoints />
              <MethodPoint xsi:type="SequencePoint" vc="0" uspid="10114" ordinal="0" offset="0" sl="138" sc="49" el="138" ec="53" bec="0" bev="0" fileid="373" />
            </Method>
            <Method visited="false" cyclomaticComplexity="1" nPathComplexity="0" sequenceCoverage="0" branchCoverage="0" isConstructor="false" isStatic="false" isGetter="false" isSetter="true">
              <Summary numSequencePoints="1" visitedSequencePoints="0" numBranchPoints="1" visitedBranchPoints="0" sequenceCoverage="0" branchCoverage="0" maxCyclomaticComplexity="1" minCyclomaticComplexity="1" visitedClasses="0" numClasses="0" visitedMethods="0" numMethods="1" />
              <MetadataToken>100665938</MetadataToken>
              <Name>System.Void IBM.Watson.DeveloperCloud.Connection.WSConnector::set_Headers(System.Collections.Generic.Dictionary`2&lt;System.String,System.String&gt;)</Name>
              <FileRef uid="373" />
              <SequencePoints>
                <SequencePoint vc="0" uspid="10115" ordinal="0" offset="0" sl="138" sc="54" el="138" ec="58" bec="0" bev="0" fileid="373" />
              </SequencePoints>
              <BranchPoints />
              <MethodPoint xsi:type="SequencePoint" vc="0" uspid="10115" ordinal="0" offset="0" sl="138" sc="54" el="138" ec="58" bec="0" bev="0" fileid="373" />
            </Method>
            <Method visited="false" cyclomaticComplexity="1" nPathComplexity="0" sequenceCoverage="0" branchCoverage="0" isConstructor="false" isStatic="false" isGetter="true" isSetter="false">
              <Summary numSequencePoints="1" visitedSequencePoints="0" numBranchPoints="1" visitedBranchPoints="0" sequenceCoverage="0" branchCoverage="0" maxCyclomaticComplexity="1" minCyclomaticComplexity="1" visitedClasses="0" numClasses="0" visitedMethods="0" numMethods="1" />
              <MetadataToken>100665939</MetadataToken>
              <Name>IBM.Watson.DeveloperCloud.Utilities.Credentials IBM.Watson.DeveloperCloud.Connection.WSConnector::get_Authentication()</Name>
              <FileRef uid="373" />
              <SequencePoints>
                <SequencePoint vc="0" uspid="10116" ordinal="0" offset="0" sl="142" sc="41" el="142" ec="45" bec="0" bev="0" fileid="373" />
              </SequencePoints>
              <BranchPoints />
              <MethodPoint xsi:type="SequencePoint" vc="0" uspid="10116" ordinal="0" offset="0" sl="142" sc="41" el="142" ec="45" bec="0" bev="0" fileid="373" />
            </Method>
            <Method visited="false" cyclomaticComplexity="1" nPathComplexity="0" sequenceCoverage="0" branchCoverage="0" isConstructor="false" isStatic="false" isGetter="false" isSetter="true">
              <Summary numSequencePoints="1" visitedSequencePoints="0" numBranchPoints="1" visitedBranchPoints="0" sequenceCoverage="0" branchCoverage="0" maxCyclomaticComplexity="1" minCyclomaticComplexity="1" visitedClasses="0" numClasses="0" visitedMethods="0" numMethods="1" />
              <MetadataToken>100665940</MetadataToken>
              <Name>System.Void IBM.Watson.DeveloperCloud.Connection.WSConnector::set_Authentication(IBM.Watson.DeveloperCloud.Utilities.Credentials)</Name>
              <FileRef uid="373" />
              <SequencePoints>
                <SequencePoint vc="0" uspid="10117" ordinal="0" offset="0" sl="142" sc="46" el="142" ec="50" bec="0" bev="0" fileid="373" />
              </SequencePoints>
              <BranchPoints />
              <MethodPoint xsi:type="SequencePoint" vc="0" uspid="10117" ordinal="0" offset="0" sl="142" sc="46" el="142" ec="50" bec="0" bev="0" fileid="373" />
            </Method>
            <Method visited="false" cyclomaticComplexity="1" nPathComplexity="0" sequenceCoverage="0" branchCoverage="0" isConstructor="false" isStatic="false" isGetter="true" isSetter="false">
              <Summary numSequencePoints="1" visitedSequencePoints="0" numBranchPoints="1" visitedBranchPoints="0" sequenceCoverage="0" branchCoverage="0" maxCyclomaticComplexity="1" minCyclomaticComplexity="1" visitedClasses="0" numClasses="0" visitedMethods="0" numMethods="1" />
              <MetadataToken>100665941</MetadataToken>
              <Name>IBM.Watson.DeveloperCloud.Connection.WSConnector/ConnectionState IBM.Watson.DeveloperCloud.Connection.WSConnector::get_State()</Name>
              <FileRef uid="373" />
              <SequencePoints>
                <SequencePoint vc="0" uspid="10118" ordinal="0" offset="0" sl="146" sc="42" el="146" ec="67" bec="0" bev="0" fileid="373" />
              </SequencePoints>
              <BranchPoints />
              <MethodPoint xsi:type="SequencePoint" vc="0" uspid="10118" ordinal="0" offset="0" sl="146" sc="42" el="146" ec="67" bec="0" bev="0" fileid="373" />
            </Method>
            <Method visited="false" cyclomaticComplexity="1" nPathComplexity="0" sequenceCoverage="0" branchCoverage="0" isConstructor="false" isStatic="false" isGetter="false" isSetter="true">
              <Summary numSequencePoints="2" visitedSequencePoints="0" numBranchPoints="1" visitedBranchPoints="0" sequenceCoverage="0" branchCoverage="0" maxCyclomaticComplexity="1" minCyclomaticComplexity="1" visitedClasses="0" numClasses="0" visitedMethods="0" numMethods="1" />
              <MetadataToken>100665942</MetadataToken>
              <Name>System.Void IBM.Watson.DeveloperCloud.Connection.WSConnector::set_State(IBM.Watson.DeveloperCloud.Connection.WSConnector/ConnectionState)</Name>
              <FileRef uid="373" />
              <SequencePoints>
                <SequencePoint vc="0" uspid="10119" ordinal="0" offset="0" sl="146" sc="76" el="146" ec="102" bec="0" bev="0" fileid="373" />
                <SequencePoint vc="0" uspid="10120" ordinal="1" offset="7" sl="146" sc="103" el="146" ec="104" bec="0" bev="0" fileid="373" />
              </SequencePoints>
              <BranchPoints />
              <MethodPoint xsi:type="SequencePoint" vc="0" uspid="10119" ordinal="0" offset="0" sl="146" sc="76" el="146" ec="102" bec="0" bev="0" fileid="373" />
            </Method>
            <Method visited="false" cyclomaticComplexity="3" nPathComplexity="4" sequenceCoverage="0" branchCoverage="0" isConstructor="false" isStatic="true" isGetter="false" isSetter="false">
              <Summary numSequencePoints="5" visitedSequencePoints="0" numBranchPoints="5" visitedBranchPoints="0" sequenceCoverage="0" branchCoverage="0" maxCyclomaticComplexity="3" minCyclomaticComplexity="3" visitedClasses="0" numClasses="0" visitedMethods="0" numMethods="1" />
              <MetadataToken>100665943</MetadataToken>
              <Name>System.String IBM.Watson.DeveloperCloud.Connection.WSConnector::FixupURL(System.String)</Name>
              <FileRef uid="373" />
              <SequencePoints>
                <SequencePoint vc="0" uspid="10121" ordinal="0" offset="0" sl="166" sc="7" el="166" ec="37" bec="2" bev="0" fileid="373" />
                <SequencePoint vc="0" uspid="10122" ordinal="1" offset="13" sl="167" sc="9" el="167" ec="47" bec="0" bev="0" fileid="373" />
                <SequencePoint vc="0" uspid="10123" ordinal="2" offset="33" sl="168" sc="12" el="168" ec="43" bec="2" bev="0" fileid="373" />
                <SequencePoint vc="0" uspid="10124" ordinal="3" offset="46" sl="169" sc="9" el="169" ec="49" bec="0" bev="0" fileid="373" />
                <SequencePoint vc="0" uspid="10125" ordinal="4" offset="64" sl="171" sc="7" el="171" ec="18" bec="0" bev="0" fileid="373" />
              </SequencePoints>
              <BranchPoints>
                <BranchPoint vc="0" uspid="10126" ordinal="0" offset="11" sl="166" path="0" offsetend="13" fileid="373" />
                <BranchPoint vc="0" uspid="10127" ordinal="1" offset="11" sl="166" path="1" offsetend="33" fileid="373" />
                <BranchPoint vc="0" uspid="10128" ordinal="2" offset="44" sl="168" path="0" offsetend="46" fileid="373" />
                <BranchPoint vc="0" uspid="10129" ordinal="3" offset="44" sl="168" path="1" offsetend="64" fileid="373" />
              </BranchPoints>
              <MethodPoint xsi:type="SequencePoint" vc="0" uspid="10121" ordinal="0" offset="0" sl="166" sc="7" el="166" ec="37" bec="2" bev="0" fileid="373" />
            </Method>
            <Method visited="false" cyclomaticComplexity="2" nPathComplexity="2" sequenceCoverage="0" branchCoverage="0" isConstructor="false" isStatic="true" isGetter="false" isSetter="false">
              <Summary numSequencePoints="9" visitedSequencePoints="0" numBranchPoints="3" visitedBranchPoints="0" sequenceCoverage="0" branchCoverage="0" maxCyclomaticComplexity="2" minCyclomaticComplexity="2" visitedClasses="0" numClasses="0" visitedMethods="0" numMethods="1" />
              <MetadataToken>100665944</MetadataToken>
              <Name>IBM.Watson.DeveloperCloud.Connection.WSConnector IBM.Watson.DeveloperCloud.Connection.WSConnector::CreateConnector(System.String,System.String,System.String)</Name>
              <FileRef uid="373" />
              <SequencePoints>
                <SequencePoint vc="0" uspid="10130" ordinal="0" offset="0" sl="184" sc="7" el="184" ec="36" bec="0" bev="0" fileid="373" />
                <SequencePoint vc="0" uspid="10131" ordinal="1" offset="5" sl="185" sc="7" el="185" ec="67" bec="0" bev="0" fileid="373" />
                <SequencePoint vc="0" uspid="10132" ordinal="2" offset="12" sl="186" sc="7" el="186" ec="24" bec="2" bev="0" fileid="373" />
                <SequencePoint vc="0" uspid="10133" ordinal="3" offset="15" sl="188" sc="9" el="188" ec="95" bec="0" bev="0" fileid="373" />
                <SequencePoint vc="0" uspid="10134" ordinal="4" offset="40" sl="189" sc="9" el="189" ec="21" bec="0" bev="0" fileid="373" />
                <SequencePoint vc="0" uspid="10135" ordinal="5" offset="42" sl="192" sc="7" el="192" ec="37" bec="0" bev="0" fileid="373" />
                <SequencePoint vc="0" uspid="10136" ordinal="6" offset="47" sl="193" sc="7" el="193" ec="62" bec="0" bev="0" fileid="373" />
                <SequencePoint vc="0" uspid="10137" ordinal="7" offset="71" sl="194" sc="7" el="194" ec="80" bec="0" bev="0" fileid="373" />
                <SequencePoint vc="0" uspid="10138" ordinal="8" offset="94" sl="196" sc="7" el="196" ec="24" bec="0" bev="0" fileid="373" />
              </SequencePoints>
              <BranchPoints>
                <BranchPoint vc="0" uspid="10139" ordinal="0" offset="13" sl="186" path="0" offsetend="15" fileid="373" />
                <BranchPoint vc="0" uspid="10140" ordinal="1" offset="13" sl="186" path="1" offsetend="42" fileid="373" />
              </BranchPoints>
              <MethodPoint xsi:type="SequencePoint" vc="0" uspid="10130" ordinal="0" offset="0" sl="184" sc="7" el="184" ec="36" bec="0" bev="0" fileid="373" />
            </Method>
            <Method visited="false" cyclomaticComplexity="6" nPathComplexity="16" sequenceCoverage="0" branchCoverage="0" isConstructor="false" isStatic="false" isGetter="false" isSetter="false">
              <Summary numSequencePoints="12" visitedSequencePoints="0" numBranchPoints="9" visitedBranchPoints="0" sequenceCoverage="0" branchCoverage="0" maxCyclomaticComplexity="6" minCyclomaticComplexity="6" visitedClasses="0" numClasses="0" visitedMethods="0" numMethods="1" />
              <MetadataToken>100665945</MetadataToken>
              <Name>System.Void IBM.Watson.DeveloperCloud.Connection.WSConnector::Send(IBM.Watson.DeveloperCloud.Connection.WSConnector/Message,System.Boolean)</Name>
              <FileRef uid="373" />
              <SequencePoints>
                <SequencePoint vc="0" uspid="10141" ordinal="0" offset="0" sl="212" sc="7" el="212" ec="25" bec="0" bev="0" fileid="373" />
                <SequencePoint vc="0" uspid="10142" ordinal="1" offset="17" sl="214" sc="9" el="214" ec="34" bec="0" bev="0" fileid="373" />
                <SequencePoint vc="0" uspid="10143" ordinal="2" offset="29" sl="215" sc="9" el="215" ec="20" bec="2" bev="0" fileid="373" />
                <SequencePoint vc="0" uspid="10144" ordinal="3" offset="32" sl="216" sc="11" el="216" ec="29" bec="0" bev="0" fileid="373" />
                <SequencePoint vc="0" uspid="10145" ordinal="4" offset="44" sl="217" sc="7" el="217" ec="8" bec="0" bev="0" fileid="373" />
                <SequencePoint vc="0" uspid="10146" ordinal="5" offset="56" sl="219" sc="7" el="219" ec="42" bec="3" bev="0" fileid="373" />
                <SequencePoint vc="0" uspid="10147" ordinal="6" offset="67" sl="221" sc="9" el="221" ec="56" bec="0" bev="0" fileid="373" />
                <SequencePoint vc="0" uspid="10148" ordinal="7" offset="74" sl="225" sc="9" el="225" ec="49" bec="0" bev="0" fileid="373" />
                <SequencePoint vc="0" uspid="10149" ordinal="8" offset="97" sl="226" sc="9" el="226" ec="30" bec="0" bev="0" fileid="373" />
                <SequencePoint vc="0" uspid="10150" ordinal="9" offset="108" sl="231" sc="7" el="231" ec="34" bec="2" bev="0" fileid="373" />
                <SequencePoint vc="0" uspid="10151" ordinal="10" offset="116" sl="232" sc="9" el="232" ec="65" bec="0" bev="0" fileid="373" />
                <SequencePoint vc="0" uspid="10152" ordinal="11" offset="133" sl="233" sc="5" el="233" ec="6" bec="0" bev="0" fileid="373" />
              </SequencePoints>
              <BranchPoints>
                <BranchPoint vc="0" uspid="10153" ordinal="0" offset="30" sl="215" path="0" offsetend="32" fileid="373" />
                <BranchPoint vc="0" uspid="10154" ordinal="1" offset="30" sl="215" path="1" offsetend="44" fileid="373" />
                <BranchPoint vc="0" uspid="10155" ordinal="2" offset="57" sl="219" path="0" offsetend="59" fileid="373" />
                <BranchPoint vc="0" uspid="10156" ordinal="3" offset="57" sl="219" path="1" offsetend="108" fileid="373" />
                <BranchPoint vc="0" uspid="10157" ordinal="4" offset="65" sl="219" path="0" offsetend="67" fileid="373" />
                <BranchPoint vc="0" uspid="10158" ordinal="5" offset="65" sl="219" path="1" offsetend="108" fileid="373" />
                <BranchPoint vc="0" uspid="10159" ordinal="6" offset="114" sl="231" path="0" offsetend="116" fileid="373" />
                <BranchPoint vc="0" uspid="10160" ordinal="7" offset="114" sl="231" path="1" offsetend="133" fileid="373" />
              </BranchPoints>
              <MethodPoint xsi:type="SequencePoint" vc="0" uspid="10141" ordinal="0" offset="0" sl="212" sc="7" el="212" ec="25" bec="0" bev="0" fileid="373" />
            </Method>
            <Method visited="false" cyclomaticComplexity="1" nPathComplexity="0" sequenceCoverage="0" branchCoverage="0" isConstructor="false" isStatic="false" isGetter="false" isSetter="false">
              <Summary numSequencePoints="2" visitedSequencePoints="0" numBranchPoints="1" visitedBranchPoints="0" sequenceCoverage="0" branchCoverage="0" maxCyclomaticComplexity="1" minCyclomaticComplexity="1" visitedClasses="0" numClasses="0" visitedMethods="0" numMethods="1" />
              <MetadataToken>100665946</MetadataToken>
              <Name>System.Void IBM.Watson.DeveloperCloud.Connection.WSConnector::Close()</Name>
              <FileRef uid="373" />
              <SequencePoints>
                <SequencePoint vc="0" uspid="10161" ordinal="0" offset="0" sl="241" sc="7" el="241" ec="50" bec="0" bev="0" fileid="373" />
                <SequencePoint vc="0" uspid="10162" ordinal="1" offset="7" sl="242" sc="5" el="242" ec="6" bec="0" bev="0" fileid="373" />
              </SequencePoints>
              <BranchPoints />
              <MethodPoint xsi:type="SequencePoint" vc="0" uspid="10161" ordinal="0" offset="0" sl="241" sc="7" el="241" ec="50" bec="0" bev="0" fileid="373" />
            </Method>
            <Method visited="false" cyclomaticComplexity="1" nPathComplexity="0" sequenceCoverage="0" branchCoverage="0" isConstructor="false" isStatic="false" isGetter="false" isSetter="false">
              <Summary numSequencePoints="0" visitedSequencePoints="0" numBranchPoints="0" visitedBranchPoints="0" sequenceCoverage="0" branchCoverage="0" maxCyclomaticComplexity="1" minCyclomaticComplexity="1" visitedClasses="0" numClasses="0" visitedMethods="0" numMethods="0" />
              <MetadataToken>100665947</MetadataToken>
              <Name>System.Collections.IEnumerator IBM.Watson.DeveloperCloud.Connection.WSConnector::ProcessReceiveQueue()</Name>
              <SequencePoints />
              <BranchPoints />
              <MethodPoint vc="0" uspid="10163" ordinal="0" offset="0" />
            </Method>
            <Method visited="false" cyclomaticComplexity="8" nPathComplexity="64" sequenceCoverage="0" branchCoverage="0" isConstructor="false" isStatic="false" isGetter="false" isSetter="false">
              <Summary numSequencePoints="28" visitedSequencePoints="0" numBranchPoints="13" visitedBranchPoints="0" sequenceCoverage="0" branchCoverage="0" maxCyclomaticComplexity="8" minCyclomaticComplexity="8" visitedClasses="0" numClasses="0" visitedMethods="0" numMethods="1" />
              <MetadataToken>100665948</MetadataToken>
              <Name>System.Void IBM.Watson.DeveloperCloud.Connection.WSConnector::SendMessages()</Name>
              <FileRef uid="373" />
              <SequencePoints>
                <SequencePoint vc="0" uspid="10164" ordinal="0" offset="0" sl="284" sc="9" el="284" ec="29" bec="0" bev="0" fileid="373" />
                <SequencePoint vc="0" uspid="10165" ordinal="1" offset="2" sl="286" sc="9" el="286" ec="33" bec="0" bev="0" fileid="373" />
                <SequencePoint vc="0" uspid="10166" ordinal="2" offset="20" sl="289" sc="9" el="289" ec="36" bec="2" bev="0" fileid="373" />
                <SequencePoint vc="0" uspid="10167" ordinal="3" offset="28" sl="290" sc="11" el="290" ec="81" bec="0" bev="0" fileid="373" />
                <SequencePoint vc="0" uspid="10168" ordinal="4" offset="57" sl="291" sc="9" el="291" ec="31" bec="0" bev="0" fileid="373" />
                <SequencePoint vc="0" uspid="10169" ordinal="5" offset="75" sl="292" sc="9" el="292" ec="33" bec="0" bev="0" fileid="373" />
                <SequencePoint vc="0" uspid="10170" ordinal="6" offset="93" sl="293" sc="9" el="293" ec="33" bec="0" bev="0" fileid="373" />
                <SequencePoint vc="0" uspid="10171" ordinal="7" offset="111" sl="294" sc="9" el="294" ec="37" bec="0" bev="0" fileid="373" />
                <SequencePoint vc="0" uspid="10172" ordinal="8" offset="129" sl="295" sc="9" el="295" ec="22" bec="0" bev="0" fileid="373" />
                <SequencePoint vc="0" uspid="10173" ordinal="9" offset="140" sl="299" sc="11" el="299" ec="36" bec="0" bev="0" fileid="373" />
                <SequencePoint vc="0" uspid="10174" ordinal="10" offset="157" sl="301" sc="11" el="301" ec="30" bec="0" bev="0" fileid="373" />
                <SequencePoint vc="0" uspid="10175" ordinal="11" offset="159" sl="302" sc="11" el="302" ec="29" bec="0" bev="0" fileid="373" />
                <SequencePoint vc="0" uspid="10176" ordinal="12" offset="176" sl="304" sc="13" el="304" ec="39" bec="2" bev="0" fileid="373" />
                <SequencePoint vc="0" uspid="10177" ordinal="13" offset="190" sl="305" sc="15" el="305" ec="43" bec="0" bev="0" fileid="373" />
                <SequencePoint vc="0" uspid="10178" ordinal="14" offset="202" sl="306" sc="11" el="306" ec="12" bec="0" bev="0" fileid="373" />
                <SequencePoint vc="0" uspid="10179" ordinal="15" offset="214" sl="308" sc="11" el="308" ec="27" bec="2" bev="0" fileid="373" />
                <SequencePoint vc="0" uspid="10180" ordinal="16" offset="217" sl="311" sc="11" el="311" ec="34" bec="2" bev="0" fileid="373" />
                <SequencePoint vc="0" uspid="10181" ordinal="17" offset="225" sl="312" sc="13" el="312" ec="46" bec="0" bev="0" fileid="373" />
                <SequencePoint vc="0" uspid="10182" ordinal="18" offset="244" sl="313" sc="16" el="313" ec="41" bec="2" bev="0" fileid="373" />
                <SequencePoint vc="0" uspid="10183" ordinal="19" offset="252" sl="314" sc="13" el="314" ec="48" bec="0" bev="0" fileid="373" />
                <SequencePoint vc="0" uspid="10184" ordinal="20" offset="269" sl="297" sc="9" el="297" ec="63" bec="2" bev="0" fileid="373" />
                <SequencePoint vc="0" uspid="10185" ordinal="21" offset="281" sl="317" sc="9" el="317" ec="20" bec="0" bev="0" fileid="373" />
                <SequencePoint vc="0" uspid="10186" ordinal="22" offset="287" sl="318" sc="7" el="318" ec="8" bec="0" bev="0" fileid="373" />
                <SequencePoint vc="0" uspid="10187" ordinal="23" offset="289" sl="319" sc="7" el="319" ec="33" bec="0" bev="0" fileid="373" />
                <SequencePoint vc="0" uspid="10188" ordinal="24" offset="291" sl="321" sc="9" el="321" ec="58" bec="0" bev="0" fileid="373" />
                <SequencePoint vc="0" uspid="10189" ordinal="25" offset="298" sl="322" sc="9" el="322" ec="83" bec="0" bev="0" fileid="373" />
                <SequencePoint vc="0" uspid="10190" ordinal="26" offset="329" sl="323" sc="7" el="323" ec="8" bec="0" bev="0" fileid="373" />
                <SequencePoint vc="0" uspid="10191" ordinal="27" offset="331" sl="324" sc="5" el="324" ec="6" bec="0" bev="0" fileid="373" />
              </SequencePoints>
              <BranchPoints>
                <BranchPoint vc="0" uspid="10192" ordinal="0" offset="26" sl="289" path="0" offsetend="28" fileid="373" />
                <BranchPoint vc="0" uspid="10193" ordinal="1" offset="26" sl="289" path="1" offsetend="57" fileid="373" />
                <BranchPoint vc="0" uspid="10194" ordinal="2" offset="188" sl="304" path="0" offsetend="190" fileid="373" />
                <BranchPoint vc="0" uspid="10195" ordinal="3" offset="188" sl="304" path="1" offsetend="202" fileid="373" />
                <BranchPoint vc="0" uspid="10196" ordinal="4" offset="215" sl="308" path="0" offsetend="217" fileid="373" />
                <BranchPoint vc="0" uspid="10197" ordinal="5" offset="215" sl="308" path="1" offsetend="269" fileid="373" />
                <BranchPoint vc="0" uspid="10198" ordinal="6" offset="223" sl="311" path="0" offsetend="225" fileid="373" />
                <BranchPoint vc="0" uspid="10199" ordinal="7" offset="223" sl="311" path="1" offsetend="244" fileid="373" />
                <BranchPoint vc="0" uspid="10200" ordinal="8" offset="250" sl="313" path="0" offsetend="252" fileid="373" />
                <BranchPoint vc="0" uspid="10201" ordinal="9" offset="250" sl="313" path="1" offsetend="269" fileid="373" />
                <BranchPoint vc="0" uspid="10202" ordinal="10" offset="276" sl="297" path="0" offsetend="281" fileid="373" />
                <BranchPoint vc="0" uspid="10203" ordinal="11" offset="276" sl="297" path="1" offsetend="140" fileid="373" />
              </BranchPoints>
              <MethodPoint xsi:type="SequencePoint" vc="0" uspid="10164" ordinal="0" offset="0" sl="284" sc="9" el="284" ec="29" bec="0" bev="0" fileid="373" />
            </Method>
            <Method visited="false" cyclomaticComplexity="1" nPathComplexity="0" sequenceCoverage="0" branchCoverage="0" isConstructor="false" isStatic="false" isGetter="false" isSetter="false">
              <Summary numSequencePoints="2" visitedSequencePoints="0" numBranchPoints="1" visitedBranchPoints="0" sequenceCoverage="0" branchCoverage="0" maxCyclomaticComplexity="1" minCyclomaticComplexity="1" visitedClasses="0" numClasses="0" visitedMethods="0" numMethods="1" />
              <MetadataToken>100665949</MetadataToken>
              <Name>System.Void IBM.Watson.DeveloperCloud.Connection.WSConnector::OnWSOpen(System.Object,System.EventArgs)</Name>
              <FileRef uid="373" />
              <SequencePoints>
                <SequencePoint vc="0" uspid="10204" ordinal="0" offset="0" sl="328" sc="7" el="328" ec="53" bec="0" bev="0" fileid="373" />
                <SequencePoint vc="0" uspid="10205" ordinal="1" offset="7" sl="329" sc="5" el="329" ec="6" bec="0" bev="0" fileid="373" />
              </SequencePoints>
              <BranchPoints />
              <MethodPoint xsi:type="SequencePoint" vc="0" uspid="10204" ordinal="0" offset="0" sl="328" sc="7" el="328" ec="53" bec="0" bev="0" fileid="373" />
            </Method>
            <Method visited="false" cyclomaticComplexity="3" nPathComplexity="2" sequenceCoverage="0" branchCoverage="0" isConstructor="false" isStatic="false" isGetter="false" isSetter="false">
              <Summary numSequencePoints="2" visitedSequencePoints="0" numBranchPoints="3" visitedBranchPoints="0" sequenceCoverage="0" branchCoverage="0" maxCyclomaticComplexity="3" minCyclomaticComplexity="3" visitedClasses="0" numClasses="0" visitedMethods="0" numMethods="1" />
              <MetadataToken>100665950</MetadataToken>
              <Name>System.Void IBM.Watson.DeveloperCloud.Connection.WSConnector::OnWSClose(System.Object,WebSocketSharp.CloseEventArgs)</Name>
              <FileRef uid="373" />
              <SequencePoints>
                <SequencePoint vc="0" uspid="10206" ordinal="0" offset="0" sl="333" sc="7" el="333" ec="94" bec="2" bev="0" fileid="373" />
                <SequencePoint vc="0" uspid="10207" ordinal="1" offset="18" sl="334" sc="5" el="334" ec="6" bec="0" bev="0" fileid="373" />
              </SequencePoints>
              <BranchPoints>
                <BranchPoint vc="0" uspid="10208" ordinal="0" offset="7" sl="333" path="0" offsetend="9" fileid="373" />
                <BranchPoint vc="0" uspid="10209" ordinal="1" offset="7" sl="333" path="1" offsetend="12" fileid="373" />
              </BranchPoints>
              <MethodPoint xsi:type="SequencePoint" vc="0" uspid="10206" ordinal="0" offset="0" sl="333" sc="7" el="333" ec="94" bec="2" bev="0" fileid="373" />
            </Method>
            <Method visited="false" cyclomaticComplexity="4" nPathComplexity="4" sequenceCoverage="0" branchCoverage="0" isConstructor="false" isStatic="false" isGetter="false" isSetter="false">
              <Summary numSequencePoints="9" visitedSequencePoints="0" numBranchPoints="5" visitedBranchPoints="0" sequenceCoverage="0" branchCoverage="0" maxCyclomaticComplexity="4" minCyclomaticComplexity="4" visitedClasses="0" numClasses="0" visitedMethods="0" numMethods="1" />
              <MetadataToken>100665951</MetadataToken>
              <Name>System.Void IBM.Watson.DeveloperCloud.Connection.WSConnector::OnWSMessage(System.Object,WebSocketSharp.MessageEventArgs)</Name>
              <FileRef uid="373" />
              <SequencePoints>
                <SequencePoint vc="0" uspid="10210" ordinal="0" offset="0" sl="338" sc="7" el="338" ec="26" bec="0" bev="0" fileid="373" />
                <SequencePoint vc="0" uspid="10211" ordinal="1" offset="2" sl="339" sc="7" el="339" ec="33" bec="2" bev="0" fileid="373" />
                <SequencePoint vc="0" uspid="10212" ordinal="2" offset="11" sl="340" sc="9" el="340" ec="39" bec="0" bev="0" fileid="373" />
                <SequencePoint vc="0" uspid="10213" ordinal="3" offset="25" sl="341" sc="12" el="341" ec="40" bec="2" bev="0" fileid="373" />
                <SequencePoint vc="0" uspid="10214" ordinal="4" offset="34" sl="342" sc="9" el="342" ec="44" bec="0" bev="0" fileid="373" />
                <SequencePoint vc="0" uspid="10215" ordinal="5" offset="46" sl="344" sc="7" el="344" ec="28" bec="0" bev="0" fileid="373" />
                <SequencePoint vc="0" uspid="10216" ordinal="6" offset="63" sl="345" sc="9" el="345" ec="37" bec="0" bev="0" fileid="373" />
                <SequencePoint vc="0" uspid="10217" ordinal="7" offset="87" sl="346" sc="7" el="346" ec="28" bec="0" bev="0" fileid="373" />
                <SequencePoint vc="0" uspid="10218" ordinal="8" offset="99" sl="347" sc="5" el="347" ec="6" bec="0" bev="0" fileid="373" />
              </SequencePoints>
              <BranchPoints>
                <BranchPoint vc="0" uspid="10219" ordinal="0" offset="9" sl="339" path="0" offsetend="11" fileid="373" />
                <BranchPoint vc="0" uspid="10220" ordinal="1" offset="9" sl="339" path="1" offsetend="25" fileid="373" />
                <BranchPoint vc="0" uspid="10221" ordinal="2" offset="32" sl="341" path="0" offsetend="34" fileid="373" />
                <BranchPoint vc="0" uspid="10222" ordinal="3" offset="32" sl="341" path="1" offsetend="46" fileid="373" />
              </BranchPoints>
              <MethodPoint xsi:type="SequencePoint" vc="0" uspid="10210" ordinal="0" offset="0" sl="338" sc="7" el="338" ec="26" bec="0" bev="0" fileid="373" />
            </Method>
            <Method visited="false" cyclomaticComplexity="1" nPathComplexity="0" sequenceCoverage="0" branchCoverage="0" isConstructor="false" isStatic="false" isGetter="false" isSetter="false">
              <Summary numSequencePoints="2" visitedSequencePoints="0" numBranchPoints="1" visitedBranchPoints="0" sequenceCoverage="0" branchCoverage="0" maxCyclomaticComplexity="1" minCyclomaticComplexity="1" visitedClasses="0" numClasses="0" visitedMethods="0" numMethods="1" />
              <MetadataToken>100665952</MetadataToken>
              <Name>System.Void IBM.Watson.DeveloperCloud.Connection.WSConnector::OnWSError(System.Object,WebSocketSharp.ErrorEventArgs)</Name>
              <FileRef uid="373" />
              <SequencePoints>
                <SequencePoint vc="0" uspid="10223" ordinal="0" offset="0" sl="351" sc="7" el="351" ec="56" bec="0" bev="0" fileid="373" />
                <SequencePoint vc="0" uspid="10224" ordinal="1" offset="7" sl="352" sc="5" el="352" ec="6" bec="0" bev="0" fileid="373" />
              </SequencePoints>
              <BranchPoints />
              <MethodPoint xsi:type="SequencePoint" vc="0" uspid="10223" ordinal="0" offset="0" sl="351" sc="7" el="351" ec="56" bec="0" bev="0" fileid="373" />
            </Method>
            <Method visited="false" cyclomaticComplexity="1" nPathComplexity="0" sequenceCoverage="0" branchCoverage="0" isConstructor="true" isStatic="false" isGetter="false" isSetter="false">
              <Summary numSequencePoints="5" visitedSequencePoints="0" numBranchPoints="1" visitedBranchPoints="0" sequenceCoverage="0" branchCoverage="0" maxCyclomaticComplexity="1" minCyclomaticComplexity="1" visitedClasses="0" numClasses="0" visitedMethods="0" numMethods="1" />
              <MetadataToken>100665953</MetadataToken>
              <Name>System.Void IBM.Watson.DeveloperCloud.Connection.WSConnector::.ctor()</Name>
              <FileRef uid="373" />
              <SequencePoints>
                <SequencePoint vc="0" uspid="10225" ordinal="0" offset="0" sl="150" sc="5" el="150" ec="72" bec="0" bev="0" fileid="373" />
                <SequencePoint vc="0" uspid="10226" ordinal="1" offset="7" sl="152" sc="5" el="152" ec="68" bec="0" bev="0" fileid="373" />
                <SequencePoint vc="0" uspid="10227" ordinal="2" offset="19" sl="153" sc="5" el="153" ec="63" bec="0" bev="0" fileid="373" />
                <SequencePoint vc="0" uspid="10228" ordinal="3" offset="30" sl="154" sc="5" el="154" ec="71" bec="0" bev="0" fileid="373" />
                <SequencePoint vc="0" uspid="10229" ordinal="4" offset="42" sl="155" sc="5" el="155" ec="66" bec="0" bev="0" fileid="373" />
              </SequencePoints>
              <BranchPoints />
              <MethodPoint xsi:type="SequencePoint" vc="0" uspid="10225" ordinal="0" offset="0" sl="150" sc="5" el="150" ec="72" bec="0" bev="0" fileid="373" />
            </Method>
          </Methods>
        </Class>
        <Class>
          <Summary numSequencePoints="0" visitedSequencePoints="0" numBranchPoints="0" visitedBranchPoints="0" sequenceCoverage="0" branchCoverage="0" maxCyclomaticComplexity="0" minCyclomaticComplexity="0" visitedClasses="0" numClasses="0" visitedMethods="0" numMethods="0" />
          <FullName>IBM.Watson.DeveloperCloud.Connection.WSConnector/ConnectorEvent</FullName>
          <Methods>
            <Method skippedDueTo="Unknown" visited="false" cyclomaticComplexity="0" nPathComplexity="0" sequenceCoverage="0" branchCoverage="0" isConstructor="true" isStatic="false" isGetter="false" isSetter="false">
              <MetadataToken>100667315</MetadataToken>
              <Name>System.Void IBM.Watson.DeveloperCloud.Connection.WSConnector/ConnectorEvent::.ctor(System.Object,System.IntPtr)</Name>
              <SequencePoints />
              <BranchPoints />
            </Method>
            <Method skippedDueTo="Unknown" visited="false" cyclomaticComplexity="0" nPathComplexity="0" sequenceCoverage="0" branchCoverage="0" isConstructor="false" isStatic="false" isGetter="false" isSetter="false">
              <MetadataToken>100667316</MetadataToken>
              <Name>System.Void IBM.Watson.DeveloperCloud.Connection.WSConnector/ConnectorEvent::Invoke(IBM.Watson.DeveloperCloud.Connection.WSConnector)</Name>
              <SequencePoints />
              <BranchPoints />
            </Method>
            <Method skippedDueTo="Unknown" visited="false" cyclomaticComplexity="0" nPathComplexity="0" sequenceCoverage="0" branchCoverage="0" isConstructor="false" isStatic="false" isGetter="false" isSetter="false">
              <MetadataToken>100667317</MetadataToken>
              <Name>System.IAsyncResult IBM.Watson.DeveloperCloud.Connection.WSConnector/ConnectorEvent::BeginInvoke(IBM.Watson.DeveloperCloud.Connection.WSConnector,System.AsyncCallback,System.Object)</Name>
              <SequencePoints />
              <BranchPoints />
            </Method>
            <Method skippedDueTo="Unknown" visited="false" cyclomaticComplexity="0" nPathComplexity="0" sequenceCoverage="0" branchCoverage="0" isConstructor="false" isStatic="false" isGetter="false" isSetter="false">
              <MetadataToken>100667318</MetadataToken>
              <Name>System.Void IBM.Watson.DeveloperCloud.Connection.WSConnector/ConnectorEvent::EndInvoke(System.IAsyncResult)</Name>
              <SequencePoints />
              <BranchPoints />
            </Method>
          </Methods>
        </Class>
        <Class>
          <Summary numSequencePoints="0" visitedSequencePoints="0" numBranchPoints="0" visitedBranchPoints="0" sequenceCoverage="0" branchCoverage="0" maxCyclomaticComplexity="0" minCyclomaticComplexity="0" visitedClasses="0" numClasses="0" visitedMethods="0" numMethods="0" />
          <FullName>IBM.Watson.DeveloperCloud.Connection.WSConnector/MessageEvent</FullName>
          <Methods>
            <Method skippedDueTo="Unknown" visited="false" cyclomaticComplexity="0" nPathComplexity="0" sequenceCoverage="0" branchCoverage="0" isConstructor="true" isStatic="false" isGetter="false" isSetter="false">
              <MetadataToken>100667319</MetadataToken>
              <Name>System.Void IBM.Watson.DeveloperCloud.Connection.WSConnector/MessageEvent::.ctor(System.Object,System.IntPtr)</Name>
              <SequencePoints />
              <BranchPoints />
            </Method>
            <Method skippedDueTo="Unknown" visited="false" cyclomaticComplexity="0" nPathComplexity="0" sequenceCoverage="0" branchCoverage="0" isConstructor="false" isStatic="false" isGetter="false" isSetter="false">
              <MetadataToken>100667320</MetadataToken>
              <Name>System.Void IBM.Watson.DeveloperCloud.Connection.WSConnector/MessageEvent::Invoke(IBM.Watson.DeveloperCloud.Connection.WSConnector/Message)</Name>
              <SequencePoints />
              <BranchPoints />
            </Method>
            <Method skippedDueTo="Unknown" visited="false" cyclomaticComplexity="0" nPathComplexity="0" sequenceCoverage="0" branchCoverage="0" isConstructor="false" isStatic="false" isGetter="false" isSetter="false">
              <MetadataToken>100667321</MetadataToken>
              <Name>System.IAsyncResult IBM.Watson.DeveloperCloud.Connection.WSConnector/MessageEvent::BeginInvoke(IBM.Watson.DeveloperCloud.Connection.WSConnector/Message,System.AsyncCallback,System.Object)</Name>
              <SequencePoints />
              <BranchPoints />
            </Method>
            <Method skippedDueTo="Unknown" visited="false" cyclomaticComplexity="0" nPathComplexity="0" sequenceCoverage="0" branchCoverage="0" isConstructor="false" isStatic="false" isGetter="false" isSetter="false">
              <MetadataToken>100667322</MetadataToken>
              <Name>System.Void IBM.Watson.DeveloperCloud.Connection.WSConnector/MessageEvent::EndInvoke(System.IAsyncResult)</Name>
              <SequencePoints />
              <BranchPoints />
            </Method>
          </Methods>
        </Class>
        <Class>
          <Summary numSequencePoints="0" visitedSequencePoints="0" numBranchPoints="0" visitedBranchPoints="0" sequenceCoverage="0" branchCoverage="0" maxCyclomaticComplexity="1" minCyclomaticComplexity="1" visitedClasses="0" numClasses="0" visitedMethods="0" numMethods="0" />
          <FullName>IBM.Watson.DeveloperCloud.Connection.WSConnector/Message</FullName>
          <Methods>
            <Method visited="false" cyclomaticComplexity="1" nPathComplexity="0" sequenceCoverage="0" branchCoverage="0" isConstructor="true" isStatic="false" isGetter="false" isSetter="false">
              <Summary numSequencePoints="0" visitedSequencePoints="0" numBranchPoints="0" visitedBranchPoints="0" sequenceCoverage="0" branchCoverage="0" maxCyclomaticComplexity="1" minCyclomaticComplexity="1" visitedClasses="0" numClasses="0" visitedMethods="0" numMethods="0" />
              <MetadataToken>100667323</MetadataToken>
              <Name>System.Void IBM.Watson.DeveloperCloud.Connection.WSConnector/Message::.ctor()</Name>
              <SequencePoints />
              <BranchPoints />
              <MethodPoint vc="0" uspid="10230" ordinal="0" offset="0" />
            </Method>
          </Methods>
        </Class>
        <Class>
          <Summary numSequencePoints="5" visitedSequencePoints="0" numBranchPoints="3" visitedBranchPoints="0" sequenceCoverage="0" branchCoverage="0" maxCyclomaticComplexity="1" minCyclomaticComplexity="1" visitedClasses="0" numClasses="1" visitedMethods="0" numMethods="3" />
          <FullName>IBM.Watson.DeveloperCloud.Connection.WSConnector/BinaryMessage</FullName>
          <Methods>
            <Method visited="false" cyclomaticComplexity="1" nPathComplexity="0" sequenceCoverage="0" branchCoverage="0" isConstructor="false" isStatic="false" isGetter="true" isSetter="false">
              <Summary numSequencePoints="1" visitedSequencePoints="0" numBranchPoints="1" visitedBranchPoints="0" sequenceCoverage="0" branchCoverage="0" maxCyclomaticComplexity="1" minCyclomaticComplexity="1" visitedClasses="0" numClasses="0" visitedMethods="0" numMethods="1" />
              <MetadataToken>100667325</MetadataToken>
              <Name>System.Byte[] IBM.Watson.DeveloperCloud.Connection.WSConnector/BinaryMessage::get_Data()</Name>
              <FileRef uid="373" />
              <SequencePoints>
                <SequencePoint vc="0" uspid="10231" ordinal="0" offset="0" sl="96" sc="28" el="96" ec="32" bec="0" bev="0" fileid="373" />
              </SequencePoints>
              <BranchPoints />
              <MethodPoint xsi:type="SequencePoint" vc="0" uspid="10231" ordinal="0" offset="0" sl="96" sc="28" el="96" ec="32" bec="0" bev="0" fileid="373" />
            </Method>
            <Method visited="false" cyclomaticComplexity="1" nPathComplexity="0" sequenceCoverage="0" branchCoverage="0" isConstructor="false" isStatic="false" isGetter="false" isSetter="true">
              <Summary numSequencePoints="1" visitedSequencePoints="0" numBranchPoints="1" visitedBranchPoints="0" sequenceCoverage="0" branchCoverage="0" maxCyclomaticComplexity="1" minCyclomaticComplexity="1" visitedClasses="0" numClasses="0" visitedMethods="0" numMethods="1" />
              <MetadataToken>100667326</MetadataToken>
              <Name>System.Void IBM.Watson.DeveloperCloud.Connection.WSConnector/BinaryMessage::set_Data(System.Byte[])</Name>
              <FileRef uid="373" />
              <SequencePoints>
                <SequencePoint vc="0" uspid="10232" ordinal="0" offset="0" sl="96" sc="33" el="96" ec="37" bec="0" bev="0" fileid="373" />
              </SequencePoints>
              <BranchPoints />
              <MethodPoint xsi:type="SequencePoint" vc="0" uspid="10232" ordinal="0" offset="0" sl="96" sc="33" el="96" ec="37" bec="0" bev="0" fileid="373" />
            </Method>
            <Method visited="false" cyclomaticComplexity="1" nPathComplexity="0" sequenceCoverage="0" branchCoverage="0" isConstructor="true" isStatic="false" isGetter="false" isSetter="false">
              <Summary numSequencePoints="3" visitedSequencePoints="0" numBranchPoints="1" visitedBranchPoints="0" sequenceCoverage="0" branchCoverage="0" maxCyclomaticComplexity="1" minCyclomaticComplexity="1" visitedClasses="0" numClasses="0" visitedMethods="0" numMethods="1" />
              <MetadataToken>100667324</MetadataToken>
              <Name>System.Void IBM.Watson.DeveloperCloud.Connection.WSConnector/BinaryMessage::.ctor(System.Byte[])</Name>
              <FileRef uid="373" />
              <SequencePoints>
                <SequencePoint vc="0" uspid="10233" ordinal="0" offset="0" sl="87" sc="7" el="87" ec="40" bec="0" bev="0" fileid="373" />
                <SequencePoint vc="0" uspid="10234" ordinal="1" offset="6" sl="89" sc="9" el="89" ec="21" bec="0" bev="0" fileid="373" />
                <SequencePoint vc="0" uspid="10235" ordinal="2" offset="13" sl="90" sc="7" el="90" ec="8" bec="0" bev="0" fileid="373" />
              </SequencePoints>
              <BranchPoints />
              <MethodPoint xsi:type="SequencePoint" vc="0" uspid="10233" ordinal="0" offset="0" sl="87" sc="7" el="87" ec="40" bec="0" bev="0" fileid="373" />
            </Method>
          </Methods>
        </Class>
        <Class>
          <Summary numSequencePoints="5" visitedSequencePoints="0" numBranchPoints="3" visitedBranchPoints="0" sequenceCoverage="0" branchCoverage="0" maxCyclomaticComplexity="1" minCyclomaticComplexity="1" visitedClasses="0" numClasses="1" visitedMethods="0" numMethods="3" />
          <FullName>IBM.Watson.DeveloperCloud.Connection.WSConnector/TextMessage</FullName>
          <Methods>
            <Method visited="false" cyclomaticComplexity="1" nPathComplexity="0" sequenceCoverage="0" branchCoverage="0" isConstructor="false" isStatic="false" isGetter="true" isSetter="false">
              <Summary numSequencePoints="1" visitedSequencePoints="0" numBranchPoints="1" visitedBranchPoints="0" sequenceCoverage="0" branchCoverage="0" maxCyclomaticComplexity="1" minCyclomaticComplexity="1" visitedClasses="0" numClasses="0" visitedMethods="0" numMethods="1" />
              <MetadataToken>100667328</MetadataToken>
              <Name>System.String IBM.Watson.DeveloperCloud.Connection.WSConnector/TextMessage::get_Text()</Name>
              <FileRef uid="373" />
              <SequencePoints>
                <SequencePoint vc="0" uspid="10236" ordinal="0" offset="0" sl="117" sc="28" el="117" ec="32" bec="0" bev="0" fileid="373" />
              </SequencePoints>
              <BranchPoints />
              <MethodPoint xsi:type="SequencePoint" vc="0" uspid="10236" ordinal="0" offset="0" sl="117" sc="28" el="117" ec="32" bec="0" bev="0" fileid="373" />
            </Method>
            <Method visited="false" cyclomaticComplexity="1" nPathComplexity="0" sequenceCoverage="0" branchCoverage="0" isConstructor="false" isStatic="false" isGetter="false" isSetter="true">
              <Summary numSequencePoints="1" visitedSequencePoints="0" numBranchPoints="1" visitedBranchPoints="0" sequenceCoverage="0" branchCoverage="0" maxCyclomaticComplexity="1" minCyclomaticComplexity="1" visitedClasses="0" numClasses="0" visitedMethods="0" numMethods="1" />
              <MetadataToken>100667329</MetadataToken>
              <Name>System.Void IBM.Watson.DeveloperCloud.Connection.WSConnector/TextMessage::set_Text(System.String)</Name>
              <FileRef uid="373" />
              <SequencePoints>
                <SequencePoint vc="0" uspid="10237" ordinal="0" offset="0" sl="117" sc="33" el="117" ec="37" bec="0" bev="0" fileid="373" />
              </SequencePoints>
              <BranchPoints />
              <MethodPoint xsi:type="SequencePoint" vc="0" uspid="10237" ordinal="0" offset="0" sl="117" sc="33" el="117" ec="37" bec="0" bev="0" fileid="373" />
            </Method>
            <Method visited="false" cyclomaticComplexity="1" nPathComplexity="0" sequenceCoverage="0" branchCoverage="0" isConstructor="true" isStatic="false" isGetter="false" isSetter="false">
              <Summary numSequencePoints="3" visitedSequencePoints="0" numBranchPoints="1" visitedBranchPoints="0" sequenceCoverage="0" branchCoverage="0" maxCyclomaticComplexity="1" minCyclomaticComplexity="1" visitedClasses="0" numClasses="0" visitedMethods="0" numMethods="1" />
              <MetadataToken>100667327</MetadataToken>
              <Name>System.Void IBM.Watson.DeveloperCloud.Connection.WSConnector/TextMessage::.ctor(System.String)</Name>
              <FileRef uid="373" />
              <SequencePoints>
                <SequencePoint vc="0" uspid="10238" ordinal="0" offset="0" sl="108" sc="7" el="108" ec="38" bec="0" bev="0" fileid="373" />
                <SequencePoint vc="0" uspid="10239" ordinal="1" offset="6" sl="110" sc="9" el="110" ec="21" bec="0" bev="0" fileid="373" />
                <SequencePoint vc="0" uspid="10240" ordinal="2" offset="13" sl="111" sc="7" el="111" ec="8" bec="0" bev="0" fileid="373" />
              </SequencePoints>
              <BranchPoints />
              <MethodPoint xsi:type="SequencePoint" vc="0" uspid="10238" ordinal="0" offset="0" sl="108" sc="7" el="108" ec="38" bec="0" bev="0" fileid="373" />
            </Method>
          </Methods>
        </Class>
        <Class>
          <Summary numSequencePoints="10" visitedSequencePoints="0" numBranchPoints="13" visitedBranchPoints="0" sequenceCoverage="0" branchCoverage="0" maxCyclomaticComplexity="10" minCyclomaticComplexity="1" visitedClasses="0" numClasses="1" visitedMethods="0" numMethods="1" />
          <FullName>IBM.Watson.DeveloperCloud.Connection.WSConnector/&lt;ProcessReceiveQueue&gt;d__40</FullName>
          <Methods>
            <Method visited="false" cyclomaticComplexity="1" nPathComplexity="0" sequenceCoverage="0" branchCoverage="0" isConstructor="false" isStatic="false" isGetter="true" isSetter="false">
              <Summary numSequencePoints="0" visitedSequencePoints="0" numBranchPoints="0" visitedBranchPoints="0" sequenceCoverage="0" branchCoverage="0" maxCyclomaticComplexity="1" minCyclomaticComplexity="1" visitedClasses="0" numClasses="0" visitedMethods="0" numMethods="0" />
              <MetadataToken>100667333</MetadataToken>
              <Name>System.Object IBM.Watson.DeveloperCloud.Connection.WSConnector/&lt;ProcessReceiveQueue&gt;d__40::System.Collections.Generic.IEnumerator&lt;System.Object&gt;.get_Current()</Name>
              <SequencePoints />
              <BranchPoints />
              <MethodPoint vc="0" uspid="10241" ordinal="0" offset="0" />
            </Method>
            <Method visited="false" cyclomaticComplexity="1" nPathComplexity="0" sequenceCoverage="0" branchCoverage="0" isConstructor="false" isStatic="false" isGetter="true" isSetter="false">
              <Summary numSequencePoints="0" visitedSequencePoints="0" numBranchPoints="0" visitedBranchPoints="0" sequenceCoverage="0" branchCoverage="0" maxCyclomaticComplexity="1" minCyclomaticComplexity="1" visitedClasses="0" numClasses="0" visitedMethods="0" numMethods="0" />
              <MetadataToken>100667335</MetadataToken>
              <Name>System.Object IBM.Watson.DeveloperCloud.Connection.WSConnector/&lt;ProcessReceiveQueue&gt;d__40::System.Collections.IEnumerator.get_Current()</Name>
              <SequencePoints />
              <BranchPoints />
              <MethodPoint vc="0" uspid="10242" ordinal="0" offset="0" />
            </Method>
            <Method visited="false" cyclomaticComplexity="1" nPathComplexity="0" sequenceCoverage="0" branchCoverage="0" isConstructor="true" isStatic="false" isGetter="false" isSetter="false">
              <Summary numSequencePoints="0" visitedSequencePoints="0" numBranchPoints="0" visitedBranchPoints="0" sequenceCoverage="0" branchCoverage="0" maxCyclomaticComplexity="1" minCyclomaticComplexity="1" visitedClasses="0" numClasses="0" visitedMethods="0" numMethods="0" />
              <MetadataToken>100667330</MetadataToken>
              <Name>System.Void IBM.Watson.DeveloperCloud.Connection.WSConnector/&lt;ProcessReceiveQueue&gt;d__40::.ctor(System.Int32)</Name>
              <SequencePoints />
              <BranchPoints />
              <MethodPoint vc="0" uspid="10243" ordinal="0" offset="0" />
            </Method>
            <Method visited="false" cyclomaticComplexity="1" nPathComplexity="0" sequenceCoverage="0" branchCoverage="0" isConstructor="false" isStatic="false" isGetter="false" isSetter="false">
              <Summary numSequencePoints="0" visitedSequencePoints="0" numBranchPoints="0" visitedBranchPoints="0" sequenceCoverage="0" branchCoverage="0" maxCyclomaticComplexity="1" minCyclomaticComplexity="1" visitedClasses="0" numClasses="0" visitedMethods="0" numMethods="0" />
              <MetadataToken>100667331</MetadataToken>
              <Name>System.Void IBM.Watson.DeveloperCloud.Connection.WSConnector/&lt;ProcessReceiveQueue&gt;d__40::System.IDisposable.Dispose()</Name>
              <SequencePoints />
              <BranchPoints />
              <MethodPoint vc="0" uspid="10244" ordinal="0" offset="0" />
            </Method>
            <Method visited="false" cyclomaticComplexity="10" nPathComplexity="64" sequenceCoverage="0" branchCoverage="0" isConstructor="false" isStatic="false" isGetter="false" isSetter="false">
              <Summary numSequencePoints="10" visitedSequencePoints="0" numBranchPoints="13" visitedBranchPoints="0" sequenceCoverage="0" branchCoverage="0" maxCyclomaticComplexity="10" minCyclomaticComplexity="10" visitedClasses="0" numClasses="0" visitedMethods="0" numMethods="1" />
              <MetadataToken>100667332</MetadataToken>
              <Name>System.Boolean IBM.Watson.DeveloperCloud.Connection.WSConnector/&lt;ProcessReceiveQueue&gt;d__40::MoveNext()</Name>
              <FileRef uid="373" />
              <SequencePoints>
                <SequencePoint vc="0" uspid="10245" ordinal="0" offset="28" sl="251" sc="9" el="251" ec="27" bec="0" bev="0" fileid="373" />
                <SequencePoint vc="0" uspid="10246" ordinal="1" offset="51" sl="255" sc="9" el="255" ec="39" bec="2" bev="0" fileid="373" />
                <SequencePoint vc="0" uspid="10247" ordinal="2" offset="70" sl="257" sc="11" el="257" ec="32" bec="0" bev="0" fileid="373" />
                <SequencePoint vc="0" uspid="10248" ordinal="3" offset="94" sl="261" sc="15" el="261" ec="54" bec="0" bev="0" fileid="373" />
                <SequencePoint vc="0" uspid="10249" ordinal="4" offset="111" sl="267" sc="15" el="267" ec="37" bec="2" bev="0" fileid="373" />
                <SequencePoint vc="0" uspid="10250" ordinal="5" offset="124" sl="268" sc="17" el="268" ec="32" bec="0" bev="0" fileid="373" />
                <SequencePoint vc="0" uspid="10251" ordinal="6" offset="141" sl="259" sc="13" el="259" ec="45" bec="2" bev="0" fileid="373" />
                <SequencePoint vc="0" uspid="10253" ordinal="8" offset="172" sl="248" sc="7" el="249" ec="62" bec="3" bev="0" fileid="373" />
                <SequencePoint vc="0" uspid="10254" ordinal="9" offset="205" sl="273" sc="7" el="273" ec="27" bec="2" bev="0" fileid="373" />
                <SequencePoint vc="0" uspid="10255" ordinal="10" offset="218" sl="274" sc="9" el="274" ec="23" bec="0" bev="0" fileid="373" />
              </SequencePoints>
              <BranchPoints>
                <BranchPoint vc="0" uspid="10259" ordinal="2" offset="68" sl="255" path="0" offsetend="70" fileid="373" />
                <BranchPoint vc="0" uspid="10260" ordinal="3" offset="68" sl="255" path="1" offsetend="172" fileid="373" />
                <BranchPoint vc="0" uspid="10261" ordinal="4" offset="122" sl="267" path="0" offsetend="124" fileid="373" />
                <BranchPoint vc="0" uspid="10262" ordinal="5" offset="122" sl="267" path="1" offsetend="141" fileid="373" />
                <BranchPoint vc="0" uspid="10263" ordinal="6" offset="158" sl="259" path="0" offsetend="160" fileid="373" />
                <BranchPoint vc="0" uspid="10264" ordinal="7" offset="158" sl="259" path="1" offsetend="94" fileid="373" />
                <BranchPoint vc="0" uspid="10265" ordinal="8" offset="184" sl="248" path="0" offsetend="189" fileid="373" />
                <BranchPoint vc="0" uspid="10266" ordinal="9" offset="184" sl="248" path="1" offsetend="28" fileid="373" />
                <BranchPoint vc="0" uspid="10267" ordinal="10" offset="200" sl="248" path="0" offsetend="205" fileid="373" />
                <BranchPoint vc="0" uspid="10268" ordinal="11" offset="200" sl="248" path="1" offsetend="28" fileid="373" />
                <BranchPoint vc="0" uspid="10269" ordinal="12" offset="216" sl="273" path="0" offsetend="218" fileid="373" />
                <BranchPoint vc="0" uspid="10270" ordinal="13" offset="216" sl="273" path="1" offsetend="240" fileid="373" />
              </BranchPoints>
              <MethodPoint vc="0" uspid="10271" ordinal="0" offset="0" />
            </Method>
            <Method visited="false" cyclomaticComplexity="1" nPathComplexity="0" sequenceCoverage="0" branchCoverage="0" isConstructor="false" isStatic="false" isGetter="false" isSetter="false">
              <Summary numSequencePoints="0" visitedSequencePoints="0" numBranchPoints="0" visitedBranchPoints="0" sequenceCoverage="0" branchCoverage="0" maxCyclomaticComplexity="1" minCyclomaticComplexity="1" visitedClasses="0" numClasses="0" visitedMethods="0" numMethods="0" />
              <MetadataToken>100667334</MetadataToken>
              <Name>System.Void IBM.Watson.DeveloperCloud.Connection.WSConnector/&lt;ProcessReceiveQueue&gt;d__40::System.Collections.IEnumerator.Reset()</Name>
              <SequencePoints />
              <BranchPoints />
              <MethodPoint vc="0" uspid="10272" ordinal="0" offset="0" />
            </Method>
          </Methods>
        </Class>
      </Classes>
    </Module>
  </Modules>
</CoverageSession>